================================================================================
[run-pim][debug] Using cost_model_pim_backend._get_pim_latency_via_trace
[run-pim][debug] shard_policy='fine' shards=2
[run-pim][debug] model: dim=4096 ffn_dim=11008 n_heads=32 n_kv_heads=auto->n_heads
[run-pim][debug] lengths: prefill_len=128 decode_stride=12 decode_context_lens_len=12
[run-pim][debug] pim_config=/lustre/home/2501111916/workspace/XPUPIM_0226_gpupim_parameter/TriForm/algorithms/aim_simulator/PIM_AiM.json (from pim_hw_json_path)
[run-pim][debug] ramulator_config=/lustre/home/2501111916/workspace/XPUPIM_0226_gpupim_parameter/TriForm/algorithms/aim_simulator/example.yaml
[run-pim][debug] ramulator_bin=/lustre/home/2501111916/workspace/XPUPIM_0226_gpupim_parameter/TriForm/algorithms/ramulator2 (exported as env RAMULATOR2_BIN)
[run-pim][debug] ramulator_timeout_s=3000
[run-pim][debug] cache_enabled=False
[run-pim][debug] schedule cfg.pim_freq_ghz=1.0
[run-pim][debug] cost_model config.PIM_FREQ_GHZ=1.0
================================================================================
========================================================================================
[pim-debug] segment_key=pim|decode|0|583a2f400a32ef30361deb25375d6d1d
[pim-debug] sig: device_type=pim phase=decode step=0 (count_hint=32)
[pim-debug] ops_repr: QK:1,Softmax:1,SV:1
[pim-debug] cfg: shard_policy='fine' shards=2 dim=4096 ffn_dim=11008 n_heads=32 n_kv_heads=auto->n_heads
[pim-debug] pim_config=/lustre/home/2501111916/workspace/XPUPIM_0226_gpupim_parameter/TriForm/algorithms/aim_simulator/PIM_AiM.json
[pim-debug] ramulator_config=/lustre/home/2501111916/workspace/XPUPIM_0226_gpupim_parameter/TriForm/algorithms/aim_simulator/example.yaml
[pim-debug] cost_model config.PIM_FREQ_GHZ=1.0
[pim-debug] op plan (logical shapes inferred from schedule cfg):
  - op#00  op=QK       shard=1   q=[16x1x128] + k=[16x128x129]  ->  y=[16x1x129]  (T=1, K=129)
  - op#01  op=Softmax  shard=1   scores=[16x1x129]  ->  y=[16x1x129]  (T=1, K=129)
  - op#02  op=SV       shard=1   p=[16x1x129] + v=[16x129x128]  ->  y=[16x1x128]  (T=1, K=129)
[pim-debug] NOTE: CENT(AiM) trace backend internally uses x shape (1,1,dim) and handles prefill by repeating ops;
           the table below shows the *effective parameters* passed into cost_model_pim_backend for each op.
[pim-debug] op#00 op=QK       norm=score      sh=1  dim=4096  heads=16  hd=128 q_dim=2048  kv_heads=16  kv_dim=2048  o_dim=2048  ffn_dim=5504   seqlen=129    qlen=1   cache=N lat=    0.002ms cycles≈1808
[pim-debug] op#01 op=Softmax  norm=softmax    sh=1  dim=4096  heads=16  hd=128 q_dim=2048  kv_heads=16  kv_dim=2048  o_dim=2048  ffn_dim=5504   seqlen=129    qlen=1   cache=N lat=    0.001ms cycles≈547
[pim-debug] op#02 op=SV       norm=output     sh=1  dim=4096  heads=16  hd=128 q_dim=2048  kv_heads=16  kv_dim=2048  o_dim=2048  ffn_dim=5504   seqlen=129    qlen=1   cache=N lat=    0.001ms cycles≈1426
[pim-debug] segment total latency: 0.004 ms
========================================================================================
[pim-debug] segment_key=pim|decode|0|8d3c4a27f3148da54f43fbe5a8786c55
[pim-debug] sig: device_type=pim phase=decode step=0 (count_hint=32)
[pim-debug] ops_repr: QK:0,Softmax:0,SV:0
[pim-debug] cfg: shard_policy='fine' shards=2 dim=4096 ffn_dim=11008 n_heads=32 n_kv_heads=auto->n_heads
[pim-debug] pim_config=/lustre/home/2501111916/workspace/XPUPIM_0226_gpupim_parameter/TriForm/algorithms/aim_simulator/PIM_AiM.json
[pim-debug] ramulator_config=/lustre/home/2501111916/workspace/XPUPIM_0226_gpupim_parameter/TriForm/algorithms/aim_simulator/example.yaml
[pim-debug] cost_model config.PIM_FREQ_GHZ=1.0
[pim-debug] op plan (logical shapes inferred from schedule cfg):
  - op#00  op=QK       shard=0   q=[16x1x128] + k=[16x128x129]  ->  y=[16x1x129]  (T=1, K=129)
  - op#01  op=Softmax  shard=0   scores=[16x1x129]  ->  y=[16x1x129]  (T=1, K=129)
  - op#02  op=SV       shard=0   p=[16x1x129] + v=[16x129x128]  ->  y=[16x1x128]  (T=1, K=129)
[pim-debug] NOTE: CENT(AiM) trace backend internally uses x shape (1,1,dim) and handles prefill by repeating ops;
           the table below shows the *effective parameters* passed into cost_model_pim_backend for each op.
[pim-debug] op#00 op=QK       norm=score      sh=0  dim=4096  heads=16  hd=128 q_dim=2048  kv_heads=16  kv_dim=2048  o_dim=2048  ffn_dim=5504   seqlen=129    qlen=1   cache=N lat=    0.002ms cycles≈1808
[pim-debug] op#01 op=Softmax  norm=softmax    sh=0  dim=4096  heads=16  hd=128 q_dim=2048  kv_heads=16  kv_dim=2048  o_dim=2048  ffn_dim=5504   seqlen=129    qlen=1   cache=N lat=    0.001ms cycles≈547
[pim-debug] op#02 op=SV       norm=output     sh=0  dim=4096  heads=16  hd=128 q_dim=2048  kv_heads=16  kv_dim=2048  o_dim=2048  ffn_dim=5504   seqlen=129    qlen=1   cache=N lat=    0.001ms cycles≈1426
[pim-debug] segment total latency: 0.004 ms
========================================================================================
[pim-debug] segment_key=pim|decode|10|583a2f400a32ef30361deb25375d6d1d
[pim-debug] sig: device_type=pim phase=decode step=10 (count_hint=32)
[pim-debug] ops_repr: QK:1,Softmax:1,SV:1
[pim-debug] cfg: shard_policy='fine' shards=2 dim=4096 ffn_dim=11008 n_heads=32 n_kv_heads=auto->n_heads
[pim-debug] pim_config=/lustre/home/2501111916/workspace/XPUPIM_0226_gpupim_parameter/TriForm/algorithms/aim_simulator/PIM_AiM.json
[pim-debug] ramulator_config=/lustre/home/2501111916/workspace/XPUPIM_0226_gpupim_parameter/TriForm/algorithms/aim_simulator/example.yaml
[pim-debug] cost_model config.PIM_FREQ_GHZ=1.0
[pim-debug] op plan (logical shapes inferred from schedule cfg):
  - op#00  op=QK       shard=1   q=[16x1x128] + k=[16x128x236]  ->  y=[16x1x236]  (T=1, K=236)
  - op#01  op=Softmax  shard=1   scores=[16x1x236]  ->  y=[16x1x236]  (T=1, K=236)
  - op#02  op=SV       shard=1   p=[16x1x236] + v=[16x236x128]  ->  y=[16x1x128]  (T=1, K=236)
[pim-debug] NOTE: CENT(AiM) trace backend internally uses x shape (1,1,dim) and handles prefill by repeating ops;
           the table below shows the *effective parameters* passed into cost_model_pim_backend for each op.
[pim-debug] op#00 op=QK       norm=score      sh=1  dim=4096  heads=16  hd=128 q_dim=2048  kv_heads=16  kv_dim=2048  o_dim=2048  ffn_dim=5504   seqlen=236    qlen=1   cache=N lat=    0.002ms cycles≈1808
[pim-debug] op#01 op=Softmax  norm=softmax    sh=1  dim=4096  heads=16  hd=128 q_dim=2048  kv_heads=16  kv_dim=2048  o_dim=2048  ffn_dim=5504   seqlen=236    qlen=1   cache=N lat=    0.001ms cycles≈859
[pim-debug] op#02 op=SV       norm=output     sh=1  dim=4096  heads=16  hd=128 q_dim=2048  kv_heads=16  kv_dim=2048  o_dim=2048  ffn_dim=5504   seqlen=236    qlen=1   cache=N lat=    0.002ms cycles≈1534
[pim-debug] segment total latency: 0.004 ms
========================================================================================
[pim-debug] segment_key=pim|decode|10|8d3c4a27f3148da54f43fbe5a8786c55
[pim-debug] sig: device_type=pim phase=decode step=10 (count_hint=32)
[pim-debug] ops_repr: QK:0,Softmax:0,SV:0
[pim-debug] cfg: shard_policy='fine' shards=2 dim=4096 ffn_dim=11008 n_heads=32 n_kv_heads=auto->n_heads
[pim-debug] pim_config=/lustre/home/2501111916/workspace/XPUPIM_0226_gpupim_parameter/TriForm/algorithms/aim_simulator/PIM_AiM.json
[pim-debug] ramulator_config=/lustre/home/2501111916/workspace/XPUPIM_0226_gpupim_parameter/TriForm/algorithms/aim_simulator/example.yaml
[pim-debug] cost_model config.PIM_FREQ_GHZ=1.0
[pim-debug] op plan (logical shapes inferred from schedule cfg):
  - op#00  op=QK       shard=0   q=[16x1x128] + k=[16x128x236]  ->  y=[16x1x236]  (T=1, K=236)
  - op#01  op=Softmax  shard=0   scores=[16x1x236]  ->  y=[16x1x236]  (T=1, K=236)
  - op#02  op=SV       shard=0   p=[16x1x236] + v=[16x236x128]  ->  y=[16x1x128]  (T=1, K=236)
[pim-debug] NOTE: CENT(AiM) trace backend internally uses x shape (1,1,dim) and handles prefill by repeating ops;
           the table below shows the *effective parameters* passed into cost_model_pim_backend for each op.
[pim-debug] op#00 op=QK       norm=score      sh=0  dim=4096  heads=16  hd=128 q_dim=2048  kv_heads=16  kv_dim=2048  o_dim=2048  ffn_dim=5504   seqlen=236    qlen=1   cache=N lat=    0.002ms cycles≈1808
[pim-debug] op#01 op=Softmax  norm=softmax    sh=0  dim=4096  heads=16  hd=128 q_dim=2048  kv_heads=16  kv_dim=2048  o_dim=2048  ffn_dim=5504   seqlen=236    qlen=1   cache=N lat=    0.001ms cycles≈859
[pim-debug] op#02 op=SV       norm=output     sh=0  dim=4096  heads=16  hd=128 q_dim=2048  kv_heads=16  kv_dim=2048  o_dim=2048  ffn_dim=5504   seqlen=236    qlen=1   cache=N lat=    0.002ms cycles≈1534
[pim-debug] segment total latency: 0.004 ms
========================================================================================
[pim-debug] segment_key=pim|decode|11|583a2f400a32ef30361deb25375d6d1d
[pim-debug] sig: device_type=pim phase=decode step=11 (count_hint=32)
[pim-debug] ops_repr: QK:1,Softmax:1,SV:1
[pim-debug] cfg: shard_policy='fine' shards=2 dim=4096 ffn_dim=11008 n_heads=32 n_kv_heads=auto->n_heads
[pim-debug] pim_config=/lustre/home/2501111916/workspace/XPUPIM_0226_gpupim_parameter/TriForm/algorithms/aim_simulator/PIM_AiM.json
[pim-debug] ramulator_config=/lustre/home/2501111916/workspace/XPUPIM_0226_gpupim_parameter/TriForm/algorithms/aim_simulator/example.yaml
[pim-debug] cost_model config.PIM_FREQ_GHZ=1.0
[pim-debug] op plan (logical shapes inferred from schedule cfg):
  - op#00  op=QK       shard=1   q=[16x1x128] + k=[16x128x248]  ->  y=[16x1x248]  (T=1, K=248)
  - op#01  op=Softmax  shard=1   scores=[16x1x248]  ->  y=[16x1x248]  (T=1, K=248)
  - op#02  op=SV       shard=1   p=[16x1x248] + v=[16x248x128]  ->  y=[16x1x128]  (T=1, K=248)
[pim-debug] NOTE: CENT(AiM) trace backend internally uses x shape (1,1,dim) and handles prefill by repeating ops;
           the table below shows the *effective parameters* passed into cost_model_pim_backend for each op.
[pim-debug] op#00 op=QK       norm=score      sh=1  dim=4096  heads=16  hd=128 q_dim=2048  kv_heads=16  kv_dim=2048  o_dim=2048  ffn_dim=5504   seqlen=248    qlen=1   cache=N lat=    0.002ms cycles≈1808
[pim-debug] op#01 op=Softmax  norm=softmax    sh=1  dim=4096  heads=16  hd=128 q_dim=2048  kv_heads=16  kv_dim=2048  o_dim=2048  ffn_dim=5504   seqlen=248    qlen=1   cache=N lat=    0.001ms cycles≈911
[pim-debug] op#02 op=SV       norm=output     sh=1  dim=4096  heads=16  hd=128 q_dim=2048  kv_heads=16  kv_dim=2048  o_dim=2048  ffn_dim=5504   seqlen=248    qlen=1   cache=N lat=    0.002ms cycles≈1552
[pim-debug] segment total latency: 0.004 ms
========================================================================================
[pim-debug] segment_key=pim|decode|11|8d3c4a27f3148da54f43fbe5a8786c55
[pim-debug] sig: device_type=pim phase=decode step=11 (count_hint=32)
[pim-debug] ops_repr: QK:0,Softmax:0,SV:0
[pim-debug] cfg: shard_policy='fine' shards=2 dim=4096 ffn_dim=11008 n_heads=32 n_kv_heads=auto->n_heads
[pim-debug] pim_config=/lustre/home/2501111916/workspace/XPUPIM_0226_gpupim_parameter/TriForm/algorithms/aim_simulator/PIM_AiM.json
[pim-debug] ramulator_config=/lustre/home/2501111916/workspace/XPUPIM_0226_gpupim_parameter/TriForm/algorithms/aim_simulator/example.yaml
[pim-debug] cost_model config.PIM_FREQ_GHZ=1.0
[pim-debug] op plan (logical shapes inferred from schedule cfg):
  - op#00  op=QK       shard=0   q=[16x1x128] + k=[16x128x248]  ->  y=[16x1x248]  (T=1, K=248)
  - op#01  op=Softmax  shard=0   scores=[16x1x248]  ->  y=[16x1x248]  (T=1, K=248)
  - op#02  op=SV       shard=0   p=[16x1x248] + v=[16x248x128]  ->  y=[16x1x128]  (T=1, K=248)
[pim-debug] NOTE: CENT(AiM) trace backend internally uses x shape (1,1,dim) and handles prefill by repeating ops;
           the table below shows the *effective parameters* passed into cost_model_pim_backend for each op.
[pim-debug] op#00 op=QK       norm=score      sh=0  dim=4096  heads=16  hd=128 q_dim=2048  kv_heads=16  kv_dim=2048  o_dim=2048  ffn_dim=5504   seqlen=248    qlen=1   cache=N lat=    0.002ms cycles≈1808
[pim-debug] op#01 op=Softmax  norm=softmax    sh=0  dim=4096  heads=16  hd=128 q_dim=2048  kv_heads=16  kv_dim=2048  o_dim=2048  ffn_dim=5504   seqlen=248    qlen=1   cache=N lat=    0.001ms cycles≈911
[pim-debug] op#02 op=SV       norm=output     sh=0  dim=4096  heads=16  hd=128 q_dim=2048  kv_heads=16  kv_dim=2048  o_dim=2048  ffn_dim=5504   seqlen=248    qlen=1   cache=N lat=    0.002ms cycles≈1552
[pim-debug] segment total latency: 0.004 ms
========================================================================================
[pim-debug] segment_key=pim|decode|1|583a2f400a32ef30361deb25375d6d1d
[pim-debug] sig: device_type=pim phase=decode step=1 (count_hint=32)
[pim-debug] ops_repr: QK:1,Softmax:1,SV:1
[pim-debug] cfg: shard_policy='fine' shards=2 dim=4096 ffn_dim=11008 n_heads=32 n_kv_heads=auto->n_heads
[pim-debug] pim_config=/lustre/home/2501111916/workspace/XPUPIM_0226_gpupim_parameter/TriForm/algorithms/aim_simulator/PIM_AiM.json
[pim-debug] ramulator_config=/lustre/home/2501111916/workspace/XPUPIM_0226_gpupim_parameter/TriForm/algorithms/aim_simulator/example.yaml
[pim-debug] cost_model config.PIM_FREQ_GHZ=1.0
[pim-debug] op plan (logical shapes inferred from schedule cfg):
  - op#00  op=QK       shard=1   q=[16x1x128] + k=[16x128x130]  ->  y=[16x1x130]  (T=1, K=130)
  - op#01  op=Softmax  shard=1   scores=[16x1x130]  ->  y=[16x1x130]  (T=1, K=130)
  - op#02  op=SV       shard=1   p=[16x1x130] + v=[16x130x128]  ->  y=[16x1x128]  (T=1, K=130)
[pim-debug] NOTE: CENT(AiM) trace backend internally uses x shape (1,1,dim) and handles prefill by repeating ops;
           the table below shows the *effective parameters* passed into cost_model_pim_backend for each op.
[pim-debug] op#00 op=QK       norm=score      sh=1  dim=4096  heads=16  hd=128 q_dim=2048  kv_heads=16  kv_dim=2048  o_dim=2048  ffn_dim=5504   seqlen=130    qlen=1   cache=N lat=    0.002ms cycles≈1808
[pim-debug] op#01 op=Softmax  norm=softmax    sh=1  dim=4096  heads=16  hd=128 q_dim=2048  kv_heads=16  kv_dim=2048  o_dim=2048  ffn_dim=5504   seqlen=130    qlen=1   cache=N lat=    0.001ms cycles≈547
[pim-debug] op#02 op=SV       norm=output     sh=1  dim=4096  heads=16  hd=128 q_dim=2048  kv_heads=16  kv_dim=2048  o_dim=2048  ffn_dim=5504   seqlen=130    qlen=1   cache=N lat=    0.001ms cycles≈1426
[pim-debug] segment total latency: 0.004 ms
========================================================================================
[pim-debug] segment_key=pim|decode|1|8d3c4a27f3148da54f43fbe5a8786c55
[pim-debug] sig: device_type=pim phase=decode step=1 (count_hint=32)
[pim-debug] ops_repr: QK:0,Softmax:0,SV:0
[pim-debug] cfg: shard_policy='fine' shards=2 dim=4096 ffn_dim=11008 n_heads=32 n_kv_heads=auto->n_heads
[pim-debug] pim_config=/lustre/home/2501111916/workspace/XPUPIM_0226_gpupim_parameter/TriForm/algorithms/aim_simulator/PIM_AiM.json
[pim-debug] ramulator_config=/lustre/home/2501111916/workspace/XPUPIM_0226_gpupim_parameter/TriForm/algorithms/aim_simulator/example.yaml
[pim-debug] cost_model config.PIM_FREQ_GHZ=1.0
[pim-debug] op plan (logical shapes inferred from schedule cfg):
  - op#00  op=QK       shard=0   q=[16x1x128] + k=[16x128x130]  ->  y=[16x1x130]  (T=1, K=130)
  - op#01  op=Softmax  shard=0   scores=[16x1x130]  ->  y=[16x1x130]  (T=1, K=130)
  - op#02  op=SV       shard=0   p=[16x1x130] + v=[16x130x128]  ->  y=[16x1x128]  (T=1, K=130)
[pim-debug] NOTE: CENT(AiM) trace backend internally uses x shape (1,1,dim) and handles prefill by repeating ops;
           the table below shows the *effective parameters* passed into cost_model_pim_backend for each op.
[pim-debug] op#00 op=QK       norm=score      sh=0  dim=4096  heads=16  hd=128 q_dim=2048  kv_heads=16  kv_dim=2048  o_dim=2048  ffn_dim=5504   seqlen=130    qlen=1   cache=N lat=    0.002ms cycles≈1808
[pim-debug] op#01 op=Softmax  norm=softmax    sh=0  dim=4096  heads=16  hd=128 q_dim=2048  kv_heads=16  kv_dim=2048  o_dim=2048  ffn_dim=5504   seqlen=130    qlen=1   cache=N lat=    0.001ms cycles≈547
[pim-debug] op#02 op=SV       norm=output     sh=0  dim=4096  heads=16  hd=128 q_dim=2048  kv_heads=16  kv_dim=2048  o_dim=2048  ffn_dim=5504   seqlen=130    qlen=1   cache=N lat=    0.001ms cycles≈1426
[pim-debug] segment total latency: 0.004 ms
========================================================================================
[pim-debug] segment_key=pim|decode|2|583a2f400a32ef30361deb25375d6d1d
[pim-debug] sig: device_type=pim phase=decode step=2 (count_hint=32)
[pim-debug] ops_repr: QK:1,Softmax:1,SV:1
[pim-debug] cfg: shard_policy='fine' shards=2 dim=4096 ffn_dim=11008 n_heads=32 n_kv_heads=auto->n_heads
[pim-debug] pim_config=/lustre/home/2501111916/workspace/XPUPIM_0226_gpupim_parameter/TriForm/algorithms/aim_simulator/PIM_AiM.json
[pim-debug] ramulator_config=/lustre/home/2501111916/workspace/XPUPIM_0226_gpupim_parameter/TriForm/algorithms/aim_simulator/example.yaml
[pim-debug] cost_model config.PIM_FREQ_GHZ=1.0
[pim-debug] op plan (logical shapes inferred from schedule cfg):
  - op#00  op=QK       shard=1   q=[16x1x128] + k=[16x128x140]  ->  y=[16x1x140]  (T=1, K=140)
  - op#01  op=Softmax  shard=1   scores=[16x1x140]  ->  y=[16x1x140]  (T=1, K=140)
  - op#02  op=SV       shard=1   p=[16x1x140] + v=[16x140x128]  ->  y=[16x1x128]  (T=1, K=140)
[pim-debug] NOTE: CENT(AiM) trace backend internally uses x shape (1,1,dim) and handles prefill by repeating ops;
           the table below shows the *effective parameters* passed into cost_model_pim_backend for each op.
[pim-debug] op#00 op=QK       norm=score      sh=1  dim=4096  heads=16  hd=128 q_dim=2048  kv_heads=16  kv_dim=2048  o_dim=2048  ffn_dim=5504   seqlen=140    qlen=1   cache=N lat=    0.002ms cycles≈1808
[pim-debug] op#01 op=Softmax  norm=softmax    sh=1  dim=4096  heads=16  hd=128 q_dim=2048  kv_heads=16  kv_dim=2048  o_dim=2048  ffn_dim=5504   seqlen=140    qlen=1   cache=N lat=    0.001ms cycles≈547
[pim-debug] op#02 op=SV       norm=output     sh=1  dim=4096  heads=16  hd=128 q_dim=2048  kv_heads=16  kv_dim=2048  o_dim=2048  ffn_dim=5504   seqlen=140    qlen=1   cache=N lat=    0.001ms cycles≈1426
[pim-debug] segment total latency: 0.004 ms
========================================================================================
[pim-debug] segment_key=pim|decode|2|8d3c4a27f3148da54f43fbe5a8786c55
[pim-debug] sig: device_type=pim phase=decode step=2 (count_hint=32)
[pim-debug] ops_repr: QK:0,Softmax:0,SV:0
[pim-debug] cfg: shard_policy='fine' shards=2 dim=4096 ffn_dim=11008 n_heads=32 n_kv_heads=auto->n_heads
[pim-debug] pim_config=/lustre/home/2501111916/workspace/XPUPIM_0226_gpupim_parameter/TriForm/algorithms/aim_simulator/PIM_AiM.json
[pim-debug] ramulator_config=/lustre/home/2501111916/workspace/XPUPIM_0226_gpupim_parameter/TriForm/algorithms/aim_simulator/example.yaml
[pim-debug] cost_model config.PIM_FREQ_GHZ=1.0
[pim-debug] op plan (logical shapes inferred from schedule cfg):
  - op#00  op=QK       shard=0   q=[16x1x128] + k=[16x128x140]  ->  y=[16x1x140]  (T=1, K=140)
  - op#01  op=Softmax  shard=0   scores=[16x1x140]  ->  y=[16x1x140]  (T=1, K=140)
  - op#02  op=SV       shard=0   p=[16x1x140] + v=[16x140x128]  ->  y=[16x1x128]  (T=1, K=140)
[pim-debug] NOTE: CENT(AiM) trace backend internally uses x shape (1,1,dim) and handles prefill by repeating ops;
           the table below shows the *effective parameters* passed into cost_model_pim_backend for each op.
[pim-debug] op#00 op=QK       norm=score      sh=0  dim=4096  heads=16  hd=128 q_dim=2048  kv_heads=16  kv_dim=2048  o_dim=2048  ffn_dim=5504   seqlen=140    qlen=1   cache=N lat=    0.002ms cycles≈1808
[pim-debug] op#01 op=Softmax  norm=softmax    sh=0  dim=4096  heads=16  hd=128 q_dim=2048  kv_heads=16  kv_dim=2048  o_dim=2048  ffn_dim=5504   seqlen=140    qlen=1   cache=N lat=    0.001ms cycles≈547
[pim-debug] op#02 op=SV       norm=output     sh=0  dim=4096  heads=16  hd=128 q_dim=2048  kv_heads=16  kv_dim=2048  o_dim=2048  ffn_dim=5504   seqlen=140    qlen=1   cache=N lat=    0.001ms cycles≈1426
[pim-debug] segment total latency: 0.004 ms
========================================================================================
[pim-debug] segment_key=pim|decode|3|583a2f400a32ef30361deb25375d6d1d
[pim-debug] sig: device_type=pim phase=decode step=3 (count_hint=32)
[pim-debug] ops_repr: QK:1,Softmax:1,SV:1
[pim-debug] cfg: shard_policy='fine' shards=2 dim=4096 ffn_dim=11008 n_heads=32 n_kv_heads=auto->n_heads
[pim-debug] pim_config=/lustre/home/2501111916/workspace/XPUPIM_0226_gpupim_parameter/TriForm/algorithms/aim_simulator/PIM_AiM.json
[pim-debug] ramulator_config=/lustre/home/2501111916/workspace/XPUPIM_0226_gpupim_parameter/TriForm/algorithms/aim_simulator/example.yaml
[pim-debug] cost_model config.PIM_FREQ_GHZ=1.0
[pim-debug] op plan (logical shapes inferred from schedule cfg):
  - op#00  op=QK       shard=1   q=[16x1x128] + k=[16x128x152]  ->  y=[16x1x152]  (T=1, K=152)
  - op#01  op=Softmax  shard=1   scores=[16x1x152]  ->  y=[16x1x152]  (T=1, K=152)
  - op#02  op=SV       shard=1   p=[16x1x152] + v=[16x152x128]  ->  y=[16x1x128]  (T=1, K=152)
[pim-debug] NOTE: CENT(AiM) trace backend internally uses x shape (1,1,dim) and handles prefill by repeating ops;
           the table below shows the *effective parameters* passed into cost_model_pim_backend for each op.
[pim-debug] op#00 op=QK       norm=score      sh=1  dim=4096  heads=16  hd=128 q_dim=2048  kv_heads=16  kv_dim=2048  o_dim=2048  ffn_dim=5504   seqlen=152    qlen=1   cache=N lat=    0.002ms cycles≈1808
[pim-debug] op#01 op=Softmax  norm=softmax    sh=1  dim=4096  heads=16  hd=128 q_dim=2048  kv_heads=16  kv_dim=2048  o_dim=2048  ffn_dim=5504   seqlen=152    qlen=1   cache=N lat=    0.001ms cycles≈599
[pim-debug] op#02 op=SV       norm=output     sh=1  dim=4096  heads=16  hd=128 q_dim=2048  kv_heads=16  kv_dim=2048  o_dim=2048  ffn_dim=5504   seqlen=152    qlen=1   cache=N lat=    0.001ms cycles≈1444
[pim-debug] segment total latency: 0.004 ms
========================================================================================
[pim-debug] segment_key=pim|decode|3|8d3c4a27f3148da54f43fbe5a8786c55
[pim-debug] sig: device_type=pim phase=decode step=3 (count_hint=32)
[pim-debug] ops_repr: QK:0,Softmax:0,SV:0
[pim-debug] cfg: shard_policy='fine' shards=2 dim=4096 ffn_dim=11008 n_heads=32 n_kv_heads=auto->n_heads
[pim-debug] pim_config=/lustre/home/2501111916/workspace/XPUPIM_0226_gpupim_parameter/TriForm/algorithms/aim_simulator/PIM_AiM.json
[pim-debug] ramulator_config=/lustre/home/2501111916/workspace/XPUPIM_0226_gpupim_parameter/TriForm/algorithms/aim_simulator/example.yaml
[pim-debug] cost_model config.PIM_FREQ_GHZ=1.0
[pim-debug] op plan (logical shapes inferred from schedule cfg):
  - op#00  op=QK       shard=0   q=[16x1x128] + k=[16x128x152]  ->  y=[16x1x152]  (T=1, K=152)
  - op#01  op=Softmax  shard=0   scores=[16x1x152]  ->  y=[16x1x152]  (T=1, K=152)
  - op#02  op=SV       shard=0   p=[16x1x152] + v=[16x152x128]  ->  y=[16x1x128]  (T=1, K=152)
[pim-debug] NOTE: CENT(AiM) trace backend internally uses x shape (1,1,dim) and handles prefill by repeating ops;
           the table below shows the *effective parameters* passed into cost_model_pim_backend for each op.
[pim-debug] op#00 op=QK       norm=score      sh=0  dim=4096  heads=16  hd=128 q_dim=2048  kv_heads=16  kv_dim=2048  o_dim=2048  ffn_dim=5504   seqlen=152    qlen=1   cache=N lat=    0.002ms cycles≈1808
[pim-debug] op#01 op=Softmax  norm=softmax    sh=0  dim=4096  heads=16  hd=128 q_dim=2048  kv_heads=16  kv_dim=2048  o_dim=2048  ffn_dim=5504   seqlen=152    qlen=1   cache=N lat=    0.001ms cycles≈599
[pim-debug] op#02 op=SV       norm=output     sh=0  dim=4096  heads=16  hd=128 q_dim=2048  kv_heads=16  kv_dim=2048  o_dim=2048  ffn_dim=5504   seqlen=152    qlen=1   cache=N lat=    0.001ms cycles≈1444
[pim-debug] segment total latency: 0.004 ms
========================================================================================
[pim-debug] segment_key=pim|decode|4|583a2f400a32ef30361deb25375d6d1d
[pim-debug] sig: device_type=pim phase=decode step=4 (count_hint=32)
[pim-debug] ops_repr: QK:1,Softmax:1,SV:1
[pim-debug] cfg: shard_policy='fine' shards=2 dim=4096 ffn_dim=11008 n_heads=32 n_kv_heads=auto->n_heads
[pim-debug] pim_config=/lustre/home/2501111916/workspace/XPUPIM_0226_gpupim_parameter/TriForm/algorithms/aim_simulator/PIM_AiM.json
[pim-debug] ramulator_config=/lustre/home/2501111916/workspace/XPUPIM_0226_gpupim_parameter/TriForm/algorithms/aim_simulator/example.yaml
[pim-debug] cost_model config.PIM_FREQ_GHZ=1.0
[pim-debug] op plan (logical shapes inferred from schedule cfg):
  - op#00  op=QK       shard=1   q=[16x1x128] + k=[16x128x164]  ->  y=[16x1x164]  (T=1, K=164)
  - op#01  op=Softmax  shard=1   scores=[16x1x164]  ->  y=[16x1x164]  (T=1, K=164)
  - op#02  op=SV       shard=1   p=[16x1x164] + v=[16x164x128]  ->  y=[16x1x128]  (T=1, K=164)
[pim-debug] NOTE: CENT(AiM) trace backend internally uses x shape (1,1,dim) and handles prefill by repeating ops;
           the table below shows the *effective parameters* passed into cost_model_pim_backend for each op.
[pim-debug] op#00 op=QK       norm=score      sh=1  dim=4096  heads=16  hd=128 q_dim=2048  kv_heads=16  kv_dim=2048  o_dim=2048  ffn_dim=5504   seqlen=164    qlen=1   cache=N lat=    0.002ms cycles≈1808
[pim-debug] op#01 op=Softmax  norm=softmax    sh=1  dim=4096  heads=16  hd=128 q_dim=2048  kv_heads=16  kv_dim=2048  o_dim=2048  ffn_dim=5504   seqlen=164    qlen=1   cache=N lat=    0.001ms cycles≈651
[pim-debug] op#02 op=SV       norm=output     sh=1  dim=4096  heads=16  hd=128 q_dim=2048  kv_heads=16  kv_dim=2048  o_dim=2048  ffn_dim=5504   seqlen=164    qlen=1   cache=N lat=    0.001ms cycles≈1462
[pim-debug] segment total latency: 0.004 ms
========================================================================================
[pim-debug] segment_key=pim|decode|4|8d3c4a27f3148da54f43fbe5a8786c55
[pim-debug] sig: device_type=pim phase=decode step=4 (count_hint=32)
[pim-debug] ops_repr: QK:0,Softmax:0,SV:0
[pim-debug] cfg: shard_policy='fine' shards=2 dim=4096 ffn_dim=11008 n_heads=32 n_kv_heads=auto->n_heads
[pim-debug] pim_config=/lustre/home/2501111916/workspace/XPUPIM_0226_gpupim_parameter/TriForm/algorithms/aim_simulator/PIM_AiM.json
[pim-debug] ramulator_config=/lustre/home/2501111916/workspace/XPUPIM_0226_gpupim_parameter/TriForm/algorithms/aim_simulator/example.yaml
[pim-debug] cost_model config.PIM_FREQ_GHZ=1.0
[pim-debug] op plan (logical shapes inferred from schedule cfg):
  - op#00  op=QK       shard=0   q=[16x1x128] + k=[16x128x164]  ->  y=[16x1x164]  (T=1, K=164)
  - op#01  op=Softmax  shard=0   scores=[16x1x164]  ->  y=[16x1x164]  (T=1, K=164)
  - op#02  op=SV       shard=0   p=[16x1x164] + v=[16x164x128]  ->  y=[16x1x128]  (T=1, K=164)
[pim-debug] NOTE: CENT(AiM) trace backend internally uses x shape (1,1,dim) and handles prefill by repeating ops;
           the table below shows the *effective parameters* passed into cost_model_pim_backend for each op.
[pim-debug] op#00 op=QK       norm=score      sh=0  dim=4096  heads=16  hd=128 q_dim=2048  kv_heads=16  kv_dim=2048  o_dim=2048  ffn_dim=5504   seqlen=164    qlen=1   cache=N lat=    0.002ms cycles≈1808
[pim-debug] op#01 op=Softmax  norm=softmax    sh=0  dim=4096  heads=16  hd=128 q_dim=2048  kv_heads=16  kv_dim=2048  o_dim=2048  ffn_dim=5504   seqlen=164    qlen=1   cache=N lat=    0.001ms cycles≈651
[pim-debug] op#02 op=SV       norm=output     sh=0  dim=4096  heads=16  hd=128 q_dim=2048  kv_heads=16  kv_dim=2048  o_dim=2048  ffn_dim=5504   seqlen=164    qlen=1   cache=N lat=    0.001ms cycles≈1462
[pim-debug] segment total latency: 0.004 ms
========================================================================================
[pim-debug] segment_key=pim|decode|5|583a2f400a32ef30361deb25375d6d1d
[pim-debug] sig: device_type=pim phase=decode step=5 (count_hint=32)
[pim-debug] ops_repr: QK:1,Softmax:1,SV:1
[pim-debug] cfg: shard_policy='fine' shards=2 dim=4096 ffn_dim=11008 n_heads=32 n_kv_heads=auto->n_heads
[pim-debug] pim_config=/lustre/home/2501111916/workspace/XPUPIM_0226_gpupim_parameter/TriForm/algorithms/aim_simulator/PIM_AiM.json
[pim-debug] ramulator_config=/lustre/home/2501111916/workspace/XPUPIM_0226_gpupim_parameter/TriForm/algorithms/aim_simulator/example.yaml
[pim-debug] cost_model config.PIM_FREQ_GHZ=1.0
[pim-debug] op plan (logical shapes inferred from schedule cfg):
  - op#00  op=QK       shard=1   q=[16x1x128] + k=[16x128x176]  ->  y=[16x1x176]  (T=1, K=176)
  - op#01  op=Softmax  shard=1   scores=[16x1x176]  ->  y=[16x1x176]  (T=1, K=176)
  - op#02  op=SV       shard=1   p=[16x1x176] + v=[16x176x128]  ->  y=[16x1x128]  (T=1, K=176)
[pim-debug] NOTE: CENT(AiM) trace backend internally uses x shape (1,1,dim) and handles prefill by repeating ops;
           the table below shows the *effective parameters* passed into cost_model_pim_backend for each op.
[pim-debug] op#00 op=QK       norm=score      sh=1  dim=4096  heads=16  hd=128 q_dim=2048  kv_heads=16  kv_dim=2048  o_dim=2048  ffn_dim=5504   seqlen=176    qlen=1   cache=N lat=    0.002ms cycles≈1808
[pim-debug] op#01 op=Softmax  norm=softmax    sh=1  dim=4096  heads=16  hd=128 q_dim=2048  kv_heads=16  kv_dim=2048  o_dim=2048  ffn_dim=5504   seqlen=176    qlen=1   cache=N lat=    0.001ms cycles≈651
[pim-debug] op#02 op=SV       norm=output     sh=1  dim=4096  heads=16  hd=128 q_dim=2048  kv_heads=16  kv_dim=2048  o_dim=2048  ffn_dim=5504   seqlen=176    qlen=1   cache=N lat=    0.001ms cycles≈1462
[pim-debug] segment total latency: 0.004 ms
========================================================================================
[pim-debug] segment_key=pim|decode|5|8d3c4a27f3148da54f43fbe5a8786c55
[pim-debug] sig: device_type=pim phase=decode step=5 (count_hint=32)
[pim-debug] ops_repr: QK:0,Softmax:0,SV:0
[pim-debug] cfg: shard_policy='fine' shards=2 dim=4096 ffn_dim=11008 n_heads=32 n_kv_heads=auto->n_heads
[pim-debug] pim_config=/lustre/home/2501111916/workspace/XPUPIM_0226_gpupim_parameter/TriForm/algorithms/aim_simulator/PIM_AiM.json
[pim-debug] ramulator_config=/lustre/home/2501111916/workspace/XPUPIM_0226_gpupim_parameter/TriForm/algorithms/aim_simulator/example.yaml
[pim-debug] cost_model config.PIM_FREQ_GHZ=1.0
[pim-debug] op plan (logical shapes inferred from schedule cfg):
  - op#00  op=QK       shard=0   q=[16x1x128] + k=[16x128x176]  ->  y=[16x1x176]  (T=1, K=176)
  - op#01  op=Softmax  shard=0   scores=[16x1x176]  ->  y=[16x1x176]  (T=1, K=176)
  - op#02  op=SV       shard=0   p=[16x1x176] + v=[16x176x128]  ->  y=[16x1x128]  (T=1, K=176)
[pim-debug] NOTE: CENT(AiM) trace backend internally uses x shape (1,1,dim) and handles prefill by repeating ops;
           the table below shows the *effective parameters* passed into cost_model_pim_backend for each op.
[pim-debug] op#00 op=QK       norm=score      sh=0  dim=4096  heads=16  hd=128 q_dim=2048  kv_heads=16  kv_dim=2048  o_dim=2048  ffn_dim=5504   seqlen=176    qlen=1   cache=N lat=    0.002ms cycles≈1808
[pim-debug] op#01 op=Softmax  norm=softmax    sh=0  dim=4096  heads=16  hd=128 q_dim=2048  kv_heads=16  kv_dim=2048  o_dim=2048  ffn_dim=5504   seqlen=176    qlen=1   cache=N lat=    0.001ms cycles≈651
[pim-debug] op#02 op=SV       norm=output     sh=0  dim=4096  heads=16  hd=128 q_dim=2048  kv_heads=16  kv_dim=2048  o_dim=2048  ffn_dim=5504   seqlen=176    qlen=1   cache=N lat=    0.001ms cycles≈1462
[pim-debug] segment total latency: 0.004 ms
========================================================================================
[pim-debug] segment_key=pim|decode|6|583a2f400a32ef30361deb25375d6d1d
[pim-debug] sig: device_type=pim phase=decode step=6 (count_hint=32)
[pim-debug] ops_repr: QK:1,Softmax:1,SV:1
[pim-debug] cfg: shard_policy='fine' shards=2 dim=4096 ffn_dim=11008 n_heads=32 n_kv_heads=auto->n_heads
[pim-debug] pim_config=/lustre/home/2501111916/workspace/XPUPIM_0226_gpupim_parameter/TriForm/algorithms/aim_simulator/PIM_AiM.json
[pim-debug] ramulator_config=/lustre/home/2501111916/workspace/XPUPIM_0226_gpupim_parameter/TriForm/algorithms/aim_simulator/example.yaml
[pim-debug] cost_model config.PIM_FREQ_GHZ=1.0
[pim-debug] op plan (logical shapes inferred from schedule cfg):
  - op#00  op=QK       shard=1   q=[16x1x128] + k=[16x128x188]  ->  y=[16x1x188]  (T=1, K=188)
  - op#01  op=Softmax  shard=1   scores=[16x1x188]  ->  y=[16x1x188]  (T=1, K=188)
  - op#02  op=SV       shard=1   p=[16x1x188] + v=[16x188x128]  ->  y=[16x1x128]  (T=1, K=188)
[pim-debug] NOTE: CENT(AiM) trace backend internally uses x shape (1,1,dim) and handles prefill by repeating ops;
           the table below shows the *effective parameters* passed into cost_model_pim_backend for each op.
[pim-debug] op#00 op=QK       norm=score      sh=1  dim=4096  heads=16  hd=128 q_dim=2048  kv_heads=16  kv_dim=2048  o_dim=2048  ffn_dim=5504   seqlen=188    qlen=1   cache=N lat=    0.002ms cycles≈1808
[pim-debug] op#01 op=Softmax  norm=softmax    sh=1  dim=4096  heads=16  hd=128 q_dim=2048  kv_heads=16  kv_dim=2048  o_dim=2048  ffn_dim=5504   seqlen=188    qlen=1   cache=N lat=    0.001ms cycles≈703
[pim-debug] op#02 op=SV       norm=output     sh=1  dim=4096  heads=16  hd=128 q_dim=2048  kv_heads=16  kv_dim=2048  o_dim=2048  ffn_dim=5504   seqlen=188    qlen=1   cache=N lat=    0.001ms cycles≈1480
[pim-debug] segment total latency: 0.004 ms
========================================================================================
[pim-debug] segment_key=pim|decode|6|8d3c4a27f3148da54f43fbe5a8786c55
[pim-debug] sig: device_type=pim phase=decode step=6 (count_hint=32)
[pim-debug] ops_repr: QK:0,Softmax:0,SV:0
[pim-debug] cfg: shard_policy='fine' shards=2 dim=4096 ffn_dim=11008 n_heads=32 n_kv_heads=auto->n_heads
[pim-debug] pim_config=/lustre/home/2501111916/workspace/XPUPIM_0226_gpupim_parameter/TriForm/algorithms/aim_simulator/PIM_AiM.json
[pim-debug] ramulator_config=/lustre/home/2501111916/workspace/XPUPIM_0226_gpupim_parameter/TriForm/algorithms/aim_simulator/example.yaml
[pim-debug] cost_model config.PIM_FREQ_GHZ=1.0
[pim-debug] op plan (logical shapes inferred from schedule cfg):
  - op#00  op=QK       shard=0   q=[16x1x128] + k=[16x128x188]  ->  y=[16x1x188]  (T=1, K=188)
  - op#01  op=Softmax  shard=0   scores=[16x1x188]  ->  y=[16x1x188]  (T=1, K=188)
  - op#02  op=SV       shard=0   p=[16x1x188] + v=[16x188x128]  ->  y=[16x1x128]  (T=1, K=188)
[pim-debug] NOTE: CENT(AiM) trace backend internally uses x shape (1,1,dim) and handles prefill by repeating ops;
           the table below shows the *effective parameters* passed into cost_model_pim_backend for each op.
[pim-debug] op#00 op=QK       norm=score      sh=0  dim=4096  heads=16  hd=128 q_dim=2048  kv_heads=16  kv_dim=2048  o_dim=2048  ffn_dim=5504   seqlen=188    qlen=1   cache=N lat=    0.002ms cycles≈1808
[pim-debug] op#01 op=Softmax  norm=softmax    sh=0  dim=4096  heads=16  hd=128 q_dim=2048  kv_heads=16  kv_dim=2048  o_dim=2048  ffn_dim=5504   seqlen=188    qlen=1   cache=N lat=    0.001ms cycles≈703
[pim-debug] op#02 op=SV       norm=output     sh=0  dim=4096  heads=16  hd=128 q_dim=2048  kv_heads=16  kv_dim=2048  o_dim=2048  ffn_dim=5504   seqlen=188    qlen=1   cache=N lat=    0.001ms cycles≈1480
[pim-debug] segment total latency: 0.004 ms
========================================================================================
[pim-debug] segment_key=pim|decode|7|583a2f400a32ef30361deb25375d6d1d
[pim-debug] sig: device_type=pim phase=decode step=7 (count_hint=32)
[pim-debug] ops_repr: QK:1,Softmax:1,SV:1
[pim-debug] cfg: shard_policy='fine' shards=2 dim=4096 ffn_dim=11008 n_heads=32 n_kv_heads=auto->n_heads
[pim-debug] pim_config=/lustre/home/2501111916/workspace/XPUPIM_0226_gpupim_parameter/TriForm/algorithms/aim_simulator/PIM_AiM.json
[pim-debug] ramulator_config=/lustre/home/2501111916/workspace/XPUPIM_0226_gpupim_parameter/TriForm/algorithms/aim_simulator/example.yaml
[pim-debug] cost_model config.PIM_FREQ_GHZ=1.0
[pim-debug] op plan (logical shapes inferred from schedule cfg):
  - op#00  op=QK       shard=1   q=[16x1x128] + k=[16x128x200]  ->  y=[16x1x200]  (T=1, K=200)
  - op#01  op=Softmax  shard=1   scores=[16x1x200]  ->  y=[16x1x200]  (T=1, K=200)
  - op#02  op=SV       shard=1   p=[16x1x200] + v=[16x200x128]  ->  y=[16x1x128]  (T=1, K=200)
[pim-debug] NOTE: CENT(AiM) trace backend internally uses x shape (1,1,dim) and handles prefill by repeating ops;
           the table below shows the *effective parameters* passed into cost_model_pim_backend for each op.
[pim-debug] op#00 op=QK       norm=score      sh=1  dim=4096  heads=16  hd=128 q_dim=2048  kv_heads=16  kv_dim=2048  o_dim=2048  ffn_dim=5504   seqlen=200    qlen=1   cache=N lat=    0.002ms cycles≈1808
[pim-debug] op#01 op=Softmax  norm=softmax    sh=1  dim=4096  heads=16  hd=128 q_dim=2048  kv_heads=16  kv_dim=2048  o_dim=2048  ffn_dim=5504   seqlen=200    qlen=1   cache=N lat=    0.001ms cycles≈755
[pim-debug] op#02 op=SV       norm=output     sh=1  dim=4096  heads=16  hd=128 q_dim=2048  kv_heads=16  kv_dim=2048  o_dim=2048  ffn_dim=5504   seqlen=200    qlen=1   cache=N lat=    0.001ms cycles≈1498
[pim-debug] segment total latency: 0.004 ms
========================================================================================
[pim-debug] segment_key=pim|decode|7|8d3c4a27f3148da54f43fbe5a8786c55
[pim-debug] sig: device_type=pim phase=decode step=7 (count_hint=32)
[pim-debug] ops_repr: QK:0,Softmax:0,SV:0
[pim-debug] cfg: shard_policy='fine' shards=2 dim=4096 ffn_dim=11008 n_heads=32 n_kv_heads=auto->n_heads
[pim-debug] pim_config=/lustre/home/2501111916/workspace/XPUPIM_0226_gpupim_parameter/TriForm/algorithms/aim_simulator/PIM_AiM.json
[pim-debug] ramulator_config=/lustre/home/2501111916/workspace/XPUPIM_0226_gpupim_parameter/TriForm/algorithms/aim_simulator/example.yaml
[pim-debug] cost_model config.PIM_FREQ_GHZ=1.0
[pim-debug] op plan (logical shapes inferred from schedule cfg):
  - op#00  op=QK       shard=0   q=[16x1x128] + k=[16x128x200]  ->  y=[16x1x200]  (T=1, K=200)
  - op#01  op=Softmax  shard=0   scores=[16x1x200]  ->  y=[16x1x200]  (T=1, K=200)
  - op#02  op=SV       shard=0   p=[16x1x200] + v=[16x200x128]  ->  y=[16x1x128]  (T=1, K=200)
[pim-debug] NOTE: CENT(AiM) trace backend internally uses x shape (1,1,dim) and handles prefill by repeating ops;
           the table below shows the *effective parameters* passed into cost_model_pim_backend for each op.
[pim-debug] op#00 op=QK       norm=score      sh=0  dim=4096  heads=16  hd=128 q_dim=2048  kv_heads=16  kv_dim=2048  o_dim=2048  ffn_dim=5504   seqlen=200    qlen=1   cache=N lat=    0.002ms cycles≈1808
[pim-debug] op#01 op=Softmax  norm=softmax    sh=0  dim=4096  heads=16  hd=128 q_dim=2048  kv_heads=16  kv_dim=2048  o_dim=2048  ffn_dim=5504   seqlen=200    qlen=1   cache=N lat=    0.001ms cycles≈755
[pim-debug] op#02 op=SV       norm=output     sh=0  dim=4096  heads=16  hd=128 q_dim=2048  kv_heads=16  kv_dim=2048  o_dim=2048  ffn_dim=5504   seqlen=200    qlen=1   cache=N lat=    0.001ms cycles≈1498
[pim-debug] segment total latency: 0.004 ms
========================================================================================
[pim-debug] segment_key=pim|decode|8|583a2f400a32ef30361deb25375d6d1d
[pim-debug] sig: device_type=pim phase=decode step=8 (count_hint=32)
[pim-debug] ops_repr: QK:1,Softmax:1,SV:1
[pim-debug] cfg: shard_policy='fine' shards=2 dim=4096 ffn_dim=11008 n_heads=32 n_kv_heads=auto->n_heads
[pim-debug] pim_config=/lustre/home/2501111916/workspace/XPUPIM_0226_gpupim_parameter/TriForm/algorithms/aim_simulator/PIM_AiM.json
[pim-debug] ramulator_config=/lustre/home/2501111916/workspace/XPUPIM_0226_gpupim_parameter/TriForm/algorithms/aim_simulator/example.yaml
[pim-debug] cost_model config.PIM_FREQ_GHZ=1.0
[pim-debug] op plan (logical shapes inferred from schedule cfg):
  - op#00  op=QK       shard=1   q=[16x1x128] + k=[16x128x212]  ->  y=[16x1x212]  (T=1, K=212)
  - op#01  op=Softmax  shard=1   scores=[16x1x212]  ->  y=[16x1x212]  (T=1, K=212)
  - op#02  op=SV       shard=1   p=[16x1x212] + v=[16x212x128]  ->  y=[16x1x128]  (T=1, K=212)
[pim-debug] NOTE: CENT(AiM) trace backend internally uses x shape (1,1,dim) and handles prefill by repeating ops;
           the table below shows the *effective parameters* passed into cost_model_pim_backend for each op.
[pim-debug] op#00 op=QK       norm=score      sh=1  dim=4096  heads=16  hd=128 q_dim=2048  kv_heads=16  kv_dim=2048  o_dim=2048  ffn_dim=5504   seqlen=212    qlen=1   cache=N lat=    0.002ms cycles≈1808
[pim-debug] op#01 op=Softmax  norm=softmax    sh=1  dim=4096  heads=16  hd=128 q_dim=2048  kv_heads=16  kv_dim=2048  o_dim=2048  ffn_dim=5504   seqlen=212    qlen=1   cache=N lat=    0.001ms cycles≈807
[pim-debug] op#02 op=SV       norm=output     sh=1  dim=4096  heads=16  hd=128 q_dim=2048  kv_heads=16  kv_dim=2048  o_dim=2048  ffn_dim=5504   seqlen=212    qlen=1   cache=N lat=    0.002ms cycles≈1516
[pim-debug] segment total latency: 0.004 ms
========================================================================================
[pim-debug] segment_key=pim|decode|8|8d3c4a27f3148da54f43fbe5a8786c55
[pim-debug] sig: device_type=pim phase=decode step=8 (count_hint=32)
[pim-debug] ops_repr: QK:0,Softmax:0,SV:0
[pim-debug] cfg: shard_policy='fine' shards=2 dim=4096 ffn_dim=11008 n_heads=32 n_kv_heads=auto->n_heads
[pim-debug] pim_config=/lustre/home/2501111916/workspace/XPUPIM_0226_gpupim_parameter/TriForm/algorithms/aim_simulator/PIM_AiM.json
[pim-debug] ramulator_config=/lustre/home/2501111916/workspace/XPUPIM_0226_gpupim_parameter/TriForm/algorithms/aim_simulator/example.yaml
[pim-debug] cost_model config.PIM_FREQ_GHZ=1.0
[pim-debug] op plan (logical shapes inferred from schedule cfg):
  - op#00  op=QK       shard=0   q=[16x1x128] + k=[16x128x212]  ->  y=[16x1x212]  (T=1, K=212)
  - op#01  op=Softmax  shard=0   scores=[16x1x212]  ->  y=[16x1x212]  (T=1, K=212)
  - op#02  op=SV       shard=0   p=[16x1x212] + v=[16x212x128]  ->  y=[16x1x128]  (T=1, K=212)
[pim-debug] NOTE: CENT(AiM) trace backend internally uses x shape (1,1,dim) and handles prefill by repeating ops;
           the table below shows the *effective parameters* passed into cost_model_pim_backend for each op.
[pim-debug] op#00 op=QK       norm=score      sh=0  dim=4096  heads=16  hd=128 q_dim=2048  kv_heads=16  kv_dim=2048  o_dim=2048  ffn_dim=5504   seqlen=212    qlen=1   cache=N lat=    0.002ms cycles≈1808
[pim-debug] op#01 op=Softmax  norm=softmax    sh=0  dim=4096  heads=16  hd=128 q_dim=2048  kv_heads=16  kv_dim=2048  o_dim=2048  ffn_dim=5504   seqlen=212    qlen=1   cache=N lat=    0.001ms cycles≈807
[pim-debug] op#02 op=SV       norm=output     sh=0  dim=4096  heads=16  hd=128 q_dim=2048  kv_heads=16  kv_dim=2048  o_dim=2048  ffn_dim=5504   seqlen=212    qlen=1   cache=N lat=    0.002ms cycles≈1516
[pim-debug] segment total latency: 0.004 ms
========================================================================================
[pim-debug] segment_key=pim|decode|9|583a2f400a32ef30361deb25375d6d1d
[pim-debug] sig: device_type=pim phase=decode step=9 (count_hint=32)
[pim-debug] ops_repr: QK:1,Softmax:1,SV:1
[pim-debug] cfg: shard_policy='fine' shards=2 dim=4096 ffn_dim=11008 n_heads=32 n_kv_heads=auto->n_heads
[pim-debug] pim_config=/lustre/home/2501111916/workspace/XPUPIM_0226_gpupim_parameter/TriForm/algorithms/aim_simulator/PIM_AiM.json
[pim-debug] ramulator_config=/lustre/home/2501111916/workspace/XPUPIM_0226_gpupim_parameter/TriForm/algorithms/aim_simulator/example.yaml
[pim-debug] cost_model config.PIM_FREQ_GHZ=1.0
[pim-debug] op plan (logical shapes inferred from schedule cfg):
  - op#00  op=QK       shard=1   q=[16x1x128] + k=[16x128x224]  ->  y=[16x1x224]  (T=1, K=224)
  - op#01  op=Softmax  shard=1   scores=[16x1x224]  ->  y=[16x1x224]  (T=1, K=224)
  - op#02  op=SV       shard=1   p=[16x1x224] + v=[16x224x128]  ->  y=[16x1x128]  (T=1, K=224)
[pim-debug] NOTE: CENT(AiM) trace backend internally uses x shape (1,1,dim) and handles prefill by repeating ops;
           the table below shows the *effective parameters* passed into cost_model_pim_backend for each op.
[pim-debug] op#00 op=QK       norm=score      sh=1  dim=4096  heads=16  hd=128 q_dim=2048  kv_heads=16  kv_dim=2048  o_dim=2048  ffn_dim=5504   seqlen=224    qlen=1   cache=N lat=    0.002ms cycles≈1808
[pim-debug] op#01 op=Softmax  norm=softmax    sh=1  dim=4096  heads=16  hd=128 q_dim=2048  kv_heads=16  kv_dim=2048  o_dim=2048  ffn_dim=5504   seqlen=224    qlen=1   cache=N lat=    0.001ms cycles≈807
[pim-debug] op#02 op=SV       norm=output     sh=1  dim=4096  heads=16  hd=128 q_dim=2048  kv_heads=16  kv_dim=2048  o_dim=2048  ffn_dim=5504   seqlen=224    qlen=1   cache=N lat=    0.002ms cycles≈1516
[pim-debug] segment total latency: 0.004 ms
========================================================================================
[pim-debug] segment_key=pim|decode|9|8d3c4a27f3148da54f43fbe5a8786c55
[pim-debug] sig: device_type=pim phase=decode step=9 (count_hint=32)
[pim-debug] ops_repr: QK:0,Softmax:0,SV:0
[pim-debug] cfg: shard_policy='fine' shards=2 dim=4096 ffn_dim=11008 n_heads=32 n_kv_heads=auto->n_heads
[pim-debug] pim_config=/lustre/home/2501111916/workspace/XPUPIM_0226_gpupim_parameter/TriForm/algorithms/aim_simulator/PIM_AiM.json
[pim-debug] ramulator_config=/lustre/home/2501111916/workspace/XPUPIM_0226_gpupim_parameter/TriForm/algorithms/aim_simulator/example.yaml
[pim-debug] cost_model config.PIM_FREQ_GHZ=1.0
[pim-debug] op plan (logical shapes inferred from schedule cfg):
  - op#00  op=QK       shard=0   q=[16x1x128] + k=[16x128x224]  ->  y=[16x1x224]  (T=1, K=224)
  - op#01  op=Softmax  shard=0   scores=[16x1x224]  ->  y=[16x1x224]  (T=1, K=224)
  - op#02  op=SV       shard=0   p=[16x1x224] + v=[16x224x128]  ->  y=[16x1x128]  (T=1, K=224)
[pim-debug] NOTE: CENT(AiM) trace backend internally uses x shape (1,1,dim) and handles prefill by repeating ops;
           the table below shows the *effective parameters* passed into cost_model_pim_backend for each op.
[pim-debug] op#00 op=QK       norm=score      sh=0  dim=4096  heads=16  hd=128 q_dim=2048  kv_heads=16  kv_dim=2048  o_dim=2048  ffn_dim=5504   seqlen=224    qlen=1   cache=N lat=    0.002ms cycles≈1808
[pim-debug] op#01 op=Softmax  norm=softmax    sh=0  dim=4096  heads=16  hd=128 q_dim=2048  kv_heads=16  kv_dim=2048  o_dim=2048  ffn_dim=5504   seqlen=224    qlen=1   cache=N lat=    0.001ms cycles≈807
[pim-debug] op#02 op=SV       norm=output     sh=0  dim=4096  heads=16  hd=128 q_dim=2048  kv_heads=16  kv_dim=2048  o_dim=2048  ffn_dim=5504   seqlen=224    qlen=1   cache=N lat=    0.002ms cycles≈1516
[pim-debug] segment total latency: 0.004 ms
