[run-gpu] tasks=8 warmup=3 iters=10 device=cuda dtype=bf16 segment_scope=layer
[run-gpu] extra weight_load_s=0.400513s (will be added in merge)
[run-gpu] GPU[0] NVIDIA A100-PCIE-40GB; SM=108, CC=8.0
[run-gpu] nvidia-smi -L: GPU 0: NVIDIA A100-PCIE-40GB (UUID: GPU-10fd0274-d52f-ca61-05e2-aaf982e4391e)
[run-gpu] nvidia-smi query: NVIDIA A100-PCIE-40GB, GPU-10fd0274-d52f-ca61-05e2-aaf982e4391e, 560.35.03, 40960
[run-gpu][debug] torch_default_dtype=torch.float32
[run-gpu][debug] torch.backends.cuda.matmul.allow_tf32=False
[run-gpu][debug] cudnn.enabled=True benchmark=False deterministic=False allow_tf32=True
[run-gpu][debug] nvidia-smi snapshot: 0, 0, 0, 4, 40960, 33, 32.99, 250.00
========================================================================================
[gpu-debug] segment_key=npu|decode|0|f47f2b13c8c0ddb8e4ddc9de5ce41aad
[gpu-debug] sig: device_type=npu phase=decode step=0 (count_hint=32)
[gpu-debug] ops_repr: LN:-1,Q:0,K:0,V:0,Q:1,K:1,V:1,O:0,O:1,Add:-1,LN:-1,FFN_W1:0,FFN_W3:0,FFN_W1:1,FFN_W3:1,SwiGLU:0,SwiGLU:1,FFN_W2:0,FFN_W2:1,Add:-1
[gpu-debug] cfg: device=cuda dtype=torch.bfloat16 dim=4096 ffn_dim=11008 n_heads=32 shards=2
[gpu-debug] op plan (with inferred tensor shapes):
  - op#00  op=LN       shard=-1  x=[1x4096] + w=[4096]  ->  y=[1x4096]  (T=1, K=129)
  - op#01  op=Q        shard=0   x=[1x4096] + w=[2048x4096]  ->  y=[1x2048]  (T=1, K=129)
  - op#02  op=K        shard=0   x=[1x4096] + w=[2048x4096]  ->  y=[1x2048]  (T=1, K=129)
  - op#03  op=V        shard=0   x=[1x4096] + w=[2048x4096]  ->  y=[1x2048]  (T=1, K=129)
  - op#04  op=Q        shard=1   x=[1x4096] + w=[2048x4096]  ->  y=[1x2048]  (T=1, K=129)
  - op#05  op=K        shard=1   x=[1x4096] + w=[2048x4096]  ->  y=[1x2048]  (T=1, K=129)
  - op#06  op=V        shard=1   x=[1x4096] + w=[2048x4096]  ->  y=[1x2048]  (T=1, K=129)
  - op#07  op=O        shard=0   x=[1x2048] + w=[4096x2048]  ->  y=[1x4096]  (T=1, K=129)
  - op#08  op=O        shard=1   x=[1x2048] + w=[4096x2048]  ->  y=[1x4096]  (T=1, K=129)
  - op#09  op=Add      shard=-1  a=[1x4096] + b=[1x4096]  ->  y=[1x4096]  (T=1, K=129)
  - op#10  op=LN       shard=-1  x=[1x4096] + w=[4096]  ->  y=[1x4096]  (T=1, K=129)
  - op#11  op=FFN_W1   shard=0   x=[1x4096] + w=[5504x4096]  ->  y=[1x5504]  (T=1, K=129)
  - op#12  op=FFN_W3   shard=0   x=[1x4096] + w=[5504x4096]  ->  y=[1x5504]  (T=1, K=129)
  - op#13  op=FFN_W1   shard=1   x=[1x4096] + w=[5504x4096]  ->  y=[1x5504]  (T=1, K=129)
  - op#14  op=FFN_W3   shard=1   x=[1x4096] + w=[5504x4096]  ->  y=[1x5504]  (T=1, K=129)
  - op#15  op=SwiGLU   shard=0   a=[1x5504] + b=[1x5504]  ->  y=[1x5504]  (T=1, K=129)
  - op#16  op=SwiGLU   shard=1   a=[1x5504] + b=[1x5504]  ->  y=[1x5504]  (T=1, K=129)
  - op#17  op=FFN_W2   shard=0   x=[1x5504] + w=[4096x5504]  ->  y=[1x4096]  (T=1, K=129)
  - op#18  op=FFN_W2   shard=1   x=[1x5504] + w=[4096x5504]  ->  y=[1x4096]  (T=1, K=129)
  - op#19  op=Add      shard=-1  a=[1x4096] + b=[1x4096]  ->  y=[1x4096]  (T=1, K=129)
[gpu-debug] per-op timing breakdown (avg over iters):
  idx  op       sh  io                                                    time   est_flops    TFLOPs       bytes      GB/s
  ------------------------------------------------------------------------------------------------------------------------
    0  LN       -1  x[1x4096]+w[4096]->y[1x4096]                        0.070ms    20.480 K      0.00   24.00 KiB      0.35
    1  Q         0  x[1x4096]+w[2048x4096]->y[1x2048]                   0.050ms    16.777 M      0.34   16.01 MiB    338.76
    2  K         0  x[1x4096]+w[2048x4096]->y[1x2048]                   0.033ms    16.777 M      0.51   16.01 MiB    507.62
    3  V         0  x[1x4096]+w[2048x4096]->y[1x2048]                   0.033ms    16.777 M      0.50   16.01 MiB    501.41
    4  Q         1  x[1x4096]+w[2048x4096]->y[1x2048]                   0.033ms    16.777 M      0.51   16.01 MiB    506.05
    5  K         1  x[1x4096]+w[2048x4096]->y[1x2048]                   0.034ms    16.777 M      0.49   16.01 MiB    495.35
    6  V         1  x[1x4096]+w[2048x4096]->y[1x2048]                   0.034ms    16.777 M      0.50   16.01 MiB    496.85
    7  O         0  x[1x2048]+w[4096x2048]->y[1x4096]                   0.028ms    16.777 M      0.61   16.01 MiB    609.52
    8  O         1  x[1x2048]+w[4096x2048]->y[1x4096]                   0.027ms    16.777 M      0.62   16.01 MiB    618.72
    9  Add      -1  a[1x4096]+b[1x4096]->y[1x4096]                      0.010ms     4.096 K      0.00   24.00 KiB      2.40
   10  LN       -1  x[1x4096]+w[4096]->y[1x4096]                        0.041ms    20.480 K      0.00   24.00 KiB      0.60
   11  FFN_W1    0  x[1x4096]+w[5504x4096]->y[1x5504]                   0.050ms    45.089 M      0.90   43.02 MiB    898.99
   12  FFN_W3    0  x[1x4096]+w[5504x4096]->y[1x5504]                   0.048ms    45.089 M      0.95   43.02 MiB    949.37
   13  FFN_W1    1  x[1x4096]+w[5504x4096]->y[1x5504]                   0.047ms    45.089 M      0.95   43.02 MiB    953.48
   14  FFN_W3    1  x[1x4096]+w[5504x4096]->y[1x5504]                   0.046ms    45.089 M      0.97   43.02 MiB    970.28
   15  SwiGLU    0  a[1x5504]+b[1x5504]->y[1x5504]                      0.016ms    33.024 K      0.00   32.25 KiB      2.05
   16  SwiGLU    1  a[1x5504]+b[1x5504]->y[1x5504]                      0.015ms    33.024 K      0.00   32.25 KiB      2.26
   17  FFN_W2    0  x[1x5504]+w[4096x5504]->y[1x4096]                   0.050ms    45.089 M      0.90   43.02 MiB    904.53
   18  FFN_W2    1  x[1x5504]+w[4096x5504]->y[1x4096]                   0.051ms    45.089 M      0.89   43.02 MiB    891.72
   19  Add      -1  a[1x4096]+b[1x4096]->y[1x4096]                      0.009ms     4.096 K      0.00   24.00 KiB      2.76
[gpu-debug] segment avg latency (cuda_events): 0.599 ms
[gpu-debug] sum(per-op)               : 0.725 ms (ratio=1.210)
[gpu-debug] NOTE: sum(per-op) may differ from segment latency due to Python overhead, event/launch overhead, and allocator/cache effects.
[gpu-debug] cuda mem before warmup: alloc=0 B reserved=0 B
[gpu-debug] cuda mem after warmup : alloc=400.16 MiB reserved=414.00 MiB
[gpu-debug] cuda mem peak (this segment): max_alloc=400.18 MiB max_reserved=414.00 MiB
========================================================================================
[gpu-debug] segment_key=npu|decode|1|f47f2b13c8c0ddb8e4ddc9de5ce41aad
[gpu-debug] sig: device_type=npu phase=decode step=1 (count_hint=32)
[gpu-debug] ops_repr: LN:-1,Q:0,K:0,V:0,Q:1,K:1,V:1,O:0,O:1,Add:-1,LN:-1,FFN_W1:0,FFN_W3:0,FFN_W1:1,FFN_W3:1,SwiGLU:0,SwiGLU:1,FFN_W2:0,FFN_W2:1,Add:-1
[gpu-debug] cfg: device=cuda dtype=torch.bfloat16 dim=4096 ffn_dim=11008 n_heads=32 shards=2
[gpu-debug] op plan (with inferred tensor shapes):
  - op#00  op=LN       shard=-1  x=[1x4096] + w=[4096]  ->  y=[1x4096]  (T=1, K=130)
  - op#01  op=Q        shard=0   x=[1x4096] + w=[2048x4096]  ->  y=[1x2048]  (T=1, K=130)
  - op#02  op=K        shard=0   x=[1x4096] + w=[2048x4096]  ->  y=[1x2048]  (T=1, K=130)
  - op#03  op=V        shard=0   x=[1x4096] + w=[2048x4096]  ->  y=[1x2048]  (T=1, K=130)
  - op#04  op=Q        shard=1   x=[1x4096] + w=[2048x4096]  ->  y=[1x2048]  (T=1, K=130)
  - op#05  op=K        shard=1   x=[1x4096] + w=[2048x4096]  ->  y=[1x2048]  (T=1, K=130)
  - op#06  op=V        shard=1   x=[1x4096] + w=[2048x4096]  ->  y=[1x2048]  (T=1, K=130)
  - op#07  op=O        shard=0   x=[1x2048] + w=[4096x2048]  ->  y=[1x4096]  (T=1, K=130)
  - op#08  op=O        shard=1   x=[1x2048] + w=[4096x2048]  ->  y=[1x4096]  (T=1, K=130)
  - op#09  op=Add      shard=-1  a=[1x4096] + b=[1x4096]  ->  y=[1x4096]  (T=1, K=130)
  - op#10  op=LN       shard=-1  x=[1x4096] + w=[4096]  ->  y=[1x4096]  (T=1, K=130)
  - op#11  op=FFN_W1   shard=0   x=[1x4096] + w=[5504x4096]  ->  y=[1x5504]  (T=1, K=130)
  - op#12  op=FFN_W3   shard=0   x=[1x4096] + w=[5504x4096]  ->  y=[1x5504]  (T=1, K=130)
  - op#13  op=FFN_W1   shard=1   x=[1x4096] + w=[5504x4096]  ->  y=[1x5504]  (T=1, K=130)
  - op#14  op=FFN_W3   shard=1   x=[1x4096] + w=[5504x4096]  ->  y=[1x5504]  (T=1, K=130)
  - op#15  op=SwiGLU   shard=0   a=[1x5504] + b=[1x5504]  ->  y=[1x5504]  (T=1, K=130)
  - op#16  op=SwiGLU   shard=1   a=[1x5504] + b=[1x5504]  ->  y=[1x5504]  (T=1, K=130)
  - op#17  op=FFN_W2   shard=0   x=[1x5504] + w=[4096x5504]  ->  y=[1x4096]  (T=1, K=130)
  - op#18  op=FFN_W2   shard=1   x=[1x5504] + w=[4096x5504]  ->  y=[1x4096]  (T=1, K=130)
  - op#19  op=Add      shard=-1  a=[1x4096] + b=[1x4096]  ->  y=[1x4096]  (T=1, K=130)
[gpu-debug] per-op timing breakdown (avg over iters):
  idx  op       sh  io                                                    time   est_flops    TFLOPs       bytes      GB/s
  ------------------------------------------------------------------------------------------------------------------------
    0  LN       -1  x[1x4096]+w[4096]->y[1x4096]                        0.069ms    20.480 K      0.00   24.00 KiB      0.36
    1  Q         0  x[1x4096]+w[2048x4096]->y[1x2048]                   0.049ms    16.777 M      0.34   16.01 MiB    340.87
    2  K         0  x[1x4096]+w[2048x4096]->y[1x2048]                   0.033ms    16.777 M      0.50   16.01 MiB    501.41
    3  V         0  x[1x4096]+w[2048x4096]->y[1x2048]                   0.033ms    16.777 M      0.51   16.01 MiB    506.05
    4  Q         1  x[1x4096]+w[2048x4096]->y[1x2048]                   0.033ms    16.777 M      0.51   16.01 MiB    506.05
    5  K         1  x[1x4096]+w[2048x4096]->y[1x2048]                   0.034ms    16.777 M      0.49   16.01 MiB    489.43
    6  V         1  x[1x4096]+w[2048x4096]->y[1x2048]                   0.034ms    16.777 M      0.50   16.01 MiB    499.88
    7  O         0  x[1x2048]+w[4096x2048]->y[1x4096]                   0.027ms    16.777 M      0.61   16.01 MiB    614.08
    8  O         1  x[1x2048]+w[4096x2048]->y[1x4096]                   0.027ms    16.777 M      0.61   16.01 MiB    614.08
    9  Add      -1  a[1x4096]+b[1x4096]->y[1x4096]                      0.010ms     4.096 K      0.00   24.00 KiB      2.53
   10  LN       -1  x[1x4096]+w[4096]->y[1x4096]                        0.039ms    20.480 K      0.00   24.00 KiB      0.64
   11  FFN_W1    0  x[1x4096]+w[5504x4096]->y[1x5504]                   0.049ms    45.089 M      0.93   43.02 MiB    927.38
   12  FFN_W3    0  x[1x4096]+w[5504x4096]->y[1x5504]                   0.048ms    45.089 M      0.94   43.02 MiB    939.25
   13  FFN_W1    1  x[1x4096]+w[5504x4096]->y[1x5504]                   0.048ms    45.089 M      0.95   43.02 MiB    947.33
   14  FFN_W3    1  x[1x4096]+w[5504x4096]->y[1x5504]                   0.046ms    45.089 M      0.97   43.02 MiB    970.28
   15  SwiGLU    0  a[1x5504]+b[1x5504]->y[1x5504]                      0.016ms    33.024 K      0.00   32.25 KiB      2.05
   16  SwiGLU    1  a[1x5504]+b[1x5504]->y[1x5504]                      0.015ms    33.024 K      0.00   32.25 KiB      2.22
   17  FFN_W2    0  x[1x5504]+w[4096x5504]->y[1x4096]                   0.050ms    45.089 M      0.90   43.02 MiB    902.68
   18  FFN_W2    1  x[1x5504]+w[4096x5504]->y[1x4096]                   0.051ms    45.089 M      0.89   43.02 MiB    888.12
   19  Add      -1  a[1x4096]+b[1x4096]->y[1x4096]                      0.009ms     4.096 K      0.00   24.00 KiB      2.76
[gpu-debug] segment avg latency (cuda_events): 0.596 ms
[gpu-debug] sum(per-op)               : 0.720 ms (ratio=1.208)
[gpu-debug] NOTE: sum(per-op) may differ from segment latency due to Python overhead, event/launch overhead, and allocator/cache effects.
[gpu-debug] cuda mem before warmup: alloc=400.16 MiB reserved=414.00 MiB
[gpu-debug] cuda mem after warmup : alloc=400.16 MiB reserved=414.00 MiB
[gpu-debug] cuda mem peak (this segment): max_alloc=400.18 MiB max_reserved=414.00 MiB
========================================================================================
[gpu-debug] segment_key=npu|decode|2|f47f2b13c8c0ddb8e4ddc9de5ce41aad
[gpu-debug] sig: device_type=npu phase=decode step=2 (count_hint=32)
[gpu-debug] ops_repr: LN:-1,Q:0,K:0,V:0,Q:1,K:1,V:1,O:0,O:1,Add:-1,LN:-1,FFN_W1:0,FFN_W3:0,FFN_W1:1,FFN_W3:1,SwiGLU:0,SwiGLU:1,FFN_W2:0,FFN_W2:1,Add:-1
[gpu-debug] cfg: device=cuda dtype=torch.bfloat16 dim=4096 ffn_dim=11008 n_heads=32 shards=2
[gpu-debug] op plan (with inferred tensor shapes):
  - op#00  op=LN       shard=-1  x=[1x4096] + w=[4096]  ->  y=[1x4096]  (T=1, K=140)
  - op#01  op=Q        shard=0   x=[1x4096] + w=[2048x4096]  ->  y=[1x2048]  (T=1, K=140)
  - op#02  op=K        shard=0   x=[1x4096] + w=[2048x4096]  ->  y=[1x2048]  (T=1, K=140)
  - op#03  op=V        shard=0   x=[1x4096] + w=[2048x4096]  ->  y=[1x2048]  (T=1, K=140)
  - op#04  op=Q        shard=1   x=[1x4096] + w=[2048x4096]  ->  y=[1x2048]  (T=1, K=140)
  - op#05  op=K        shard=1   x=[1x4096] + w=[2048x4096]  ->  y=[1x2048]  (T=1, K=140)
  - op#06  op=V        shard=1   x=[1x4096] + w=[2048x4096]  ->  y=[1x2048]  (T=1, K=140)
  - op#07  op=O        shard=0   x=[1x2048] + w=[4096x2048]  ->  y=[1x4096]  (T=1, K=140)
  - op#08  op=O        shard=1   x=[1x2048] + w=[4096x2048]  ->  y=[1x4096]  (T=1, K=140)
  - op#09  op=Add      shard=-1  a=[1x4096] + b=[1x4096]  ->  y=[1x4096]  (T=1, K=140)
  - op#10  op=LN       shard=-1  x=[1x4096] + w=[4096]  ->  y=[1x4096]  (T=1, K=140)
  - op#11  op=FFN_W1   shard=0   x=[1x4096] + w=[5504x4096]  ->  y=[1x5504]  (T=1, K=140)
  - op#12  op=FFN_W3   shard=0   x=[1x4096] + w=[5504x4096]  ->  y=[1x5504]  (T=1, K=140)
  - op#13  op=FFN_W1   shard=1   x=[1x4096] + w=[5504x4096]  ->  y=[1x5504]  (T=1, K=140)
  - op#14  op=FFN_W3   shard=1   x=[1x4096] + w=[5504x4096]  ->  y=[1x5504]  (T=1, K=140)
  - op#15  op=SwiGLU   shard=0   a=[1x5504] + b=[1x5504]  ->  y=[1x5504]  (T=1, K=140)
  - op#16  op=SwiGLU   shard=1   a=[1x5504] + b=[1x5504]  ->  y=[1x5504]  (T=1, K=140)
  - op#17  op=FFN_W2   shard=0   x=[1x5504] + w=[4096x5504]  ->  y=[1x4096]  (T=1, K=140)
  - op#18  op=FFN_W2   shard=1   x=[1x5504] + w=[4096x5504]  ->  y=[1x4096]  (T=1, K=140)
  - op#19  op=Add      shard=-1  a=[1x4096] + b=[1x4096]  ->  y=[1x4096]  (T=1, K=140)
[gpu-debug] per-op timing breakdown (avg over iters):
  idx  op       sh  io                                                    time   est_flops    TFLOPs       bytes      GB/s
  ------------------------------------------------------------------------------------------------------------------------
    0  LN       -1  x[1x4096]+w[4096]->y[1x4096]                        0.069ms    20.480 K      0.00   24.00 KiB      0.36
    1  Q         0  x[1x4096]+w[2048x4096]->y[1x2048]                   0.049ms    16.777 M      0.34   16.01 MiB    342.30
    2  K         0  x[1x4096]+w[2048x4096]->y[1x2048]                   0.033ms    16.777 M      0.51   16.01 MiB    507.62
    3  V         0  x[1x4096]+w[2048x4096]->y[1x2048]                   0.033ms    16.777 M      0.50   16.01 MiB    504.49
    4  Q         1  x[1x4096]+w[2048x4096]->y[1x2048]                   0.033ms    16.777 M      0.51   16.01 MiB    506.05
    5  K         1  x[1x4096]+w[2048x4096]->y[1x2048]                   0.034ms    16.777 M      0.49   16.01 MiB    492.37
    6  V         1  x[1x4096]+w[2048x4096]->y[1x2048]                   0.034ms    16.777 M      0.49   16.01 MiB    495.35
    7  O         0  x[1x2048]+w[4096x2048]->y[1x4096]                   0.028ms    16.777 M      0.61   16.01 MiB    607.26
    8  O         1  x[1x2048]+w[4096x2048]->y[1x4096]                   0.027ms    16.777 M      0.62   16.01 MiB    616.39
    9  Add      -1  a[1x4096]+b[1x4096]->y[1x4096]                      0.010ms     4.096 K      0.00   24.00 KiB      2.47
   10  LN       -1  x[1x4096]+w[4096]->y[1x4096]                        0.039ms    20.480 K      0.00   24.00 KiB      0.63
   11  FFN_W1    0  x[1x4096]+w[5504x4096]->y[1x5504]                   0.049ms    45.089 M      0.93   43.02 MiB    927.38
   12  FFN_W3    0  x[1x4096]+w[5504x4096]->y[1x5504]                   0.048ms    45.089 M      0.94   43.02 MiB    941.26
   13  FFN_W1    1  x[1x4096]+w[5504x4096]->y[1x5504]                   0.047ms    45.089 M      0.95   43.02 MiB    951.42
   14  FFN_W3    1  x[1x4096]+w[5504x4096]->y[1x5504]                   0.047ms    45.089 M      0.97   43.02 MiB    968.15
   15  SwiGLU    0  a[1x5504]+b[1x5504]->y[1x5504]                      0.016ms    33.024 K      0.00   32.25 KiB      2.07
   16  SwiGLU    1  a[1x5504]+b[1x5504]->y[1x5504]                      0.015ms    33.024 K      0.00   32.25 KiB      2.24
   17  FFN_W2    0  x[1x5504]+w[4096x5504]->y[1x4096]                   0.050ms    45.089 M      0.90   43.02 MiB    902.68
   18  FFN_W2    1  x[1x5504]+w[4096x5504]->y[1x4096]                   0.050ms    45.089 M      0.89   43.02 MiB    893.52
   19  Add      -1  a[1x4096]+b[1x4096]->y[1x4096]                      0.009ms     4.096 K      0.00   24.00 KiB      2.67
[gpu-debug] segment avg latency (cuda_events): 0.596 ms
[gpu-debug] sum(per-op)               : 0.720 ms (ratio=1.210)
[gpu-debug] NOTE: sum(per-op) may differ from segment latency due to Python overhead, event/launch overhead, and allocator/cache effects.
[gpu-debug] cuda mem before warmup: alloc=400.16 MiB reserved=414.00 MiB
[gpu-debug] cuda mem after warmup : alloc=400.16 MiB reserved=414.00 MiB
[gpu-debug] cuda mem peak (this segment): max_alloc=400.18 MiB max_reserved=414.00 MiB
========================================================================================
[gpu-debug] segment_key=npu|decode|3|f47f2b13c8c0ddb8e4ddc9de5ce41aad
[gpu-debug] sig: device_type=npu phase=decode step=3 (count_hint=32)
[gpu-debug] ops_repr: LN:-1,Q:0,K:0,V:0,Q:1,K:1,V:1,O:0,O:1,Add:-1,LN:-1,FFN_W1:0,FFN_W3:0,FFN_W1:1,FFN_W3:1,SwiGLU:0,SwiGLU:1,FFN_W2:0,FFN_W2:1,Add:-1
[gpu-debug] cfg: device=cuda dtype=torch.bfloat16 dim=4096 ffn_dim=11008 n_heads=32 shards=2
[gpu-debug] op plan (with inferred tensor shapes):
  - op#00  op=LN       shard=-1  x=[1x4096] + w=[4096]  ->  y=[1x4096]  (T=1, K=152)
  - op#01  op=Q        shard=0   x=[1x4096] + w=[2048x4096]  ->  y=[1x2048]  (T=1, K=152)
  - op#02  op=K        shard=0   x=[1x4096] + w=[2048x4096]  ->  y=[1x2048]  (T=1, K=152)
  - op#03  op=V        shard=0   x=[1x4096] + w=[2048x4096]  ->  y=[1x2048]  (T=1, K=152)
  - op#04  op=Q        shard=1   x=[1x4096] + w=[2048x4096]  ->  y=[1x2048]  (T=1, K=152)
  - op#05  op=K        shard=1   x=[1x4096] + w=[2048x4096]  ->  y=[1x2048]  (T=1, K=152)
  - op#06  op=V        shard=1   x=[1x4096] + w=[2048x4096]  ->  y=[1x2048]  (T=1, K=152)
  - op#07  op=O        shard=0   x=[1x2048] + w=[4096x2048]  ->  y=[1x4096]  (T=1, K=152)
  - op#08  op=O        shard=1   x=[1x2048] + w=[4096x2048]  ->  y=[1x4096]  (T=1, K=152)
  - op#09  op=Add      shard=-1  a=[1x4096] + b=[1x4096]  ->  y=[1x4096]  (T=1, K=152)
  - op#10  op=LN       shard=-1  x=[1x4096] + w=[4096]  ->  y=[1x4096]  (T=1, K=152)
  - op#11  op=FFN_W1   shard=0   x=[1x4096] + w=[5504x4096]  ->  y=[1x5504]  (T=1, K=152)
  - op#12  op=FFN_W3   shard=0   x=[1x4096] + w=[5504x4096]  ->  y=[1x5504]  (T=1, K=152)
  - op#13  op=FFN_W1   shard=1   x=[1x4096] + w=[5504x4096]  ->  y=[1x5504]  (T=1, K=152)
  - op#14  op=FFN_W3   shard=1   x=[1x4096] + w=[5504x4096]  ->  y=[1x5504]  (T=1, K=152)
  - op#15  op=SwiGLU   shard=0   a=[1x5504] + b=[1x5504]  ->  y=[1x5504]  (T=1, K=152)
  - op#16  op=SwiGLU   shard=1   a=[1x5504] + b=[1x5504]  ->  y=[1x5504]  (T=1, K=152)
  - op#17  op=FFN_W2   shard=0   x=[1x5504] + w=[4096x5504]  ->  y=[1x4096]  (T=1, K=152)
  - op#18  op=FFN_W2   shard=1   x=[1x5504] + w=[4096x5504]  ->  y=[1x4096]  (T=1, K=152)
  - op#19  op=Add      shard=-1  a=[1x4096] + b=[1x4096]  ->  y=[1x4096]  (T=1, K=152)
[gpu-debug] per-op timing breakdown (avg over iters):
  idx  op       sh  io                                                    time   est_flops    TFLOPs       bytes      GB/s
  ------------------------------------------------------------------------------------------------------------------------
    0  LN       -1  x[1x4096]+w[4096]->y[1x4096]                        0.068ms    20.480 K      0.00   24.00 KiB      0.36
    1  Q         0  x[1x4096]+w[2048x4096]->y[1x2048]                   0.049ms    16.777 M      0.34   16.01 MiB    343.01
    2  K         0  x[1x4096]+w[2048x4096]->y[1x2048]                   0.033ms    16.777 M      0.51   16.01 MiB    507.62
    3  V         0  x[1x4096]+w[2048x4096]->y[1x2048]                   0.033ms    16.777 M      0.52   16.01 MiB    515.60
    4  Q         1  x[1x4096]+w[2048x4096]->y[1x2048]                   0.033ms    16.777 M      0.51   16.01 MiB    506.05
    5  K         1  x[1x4096]+w[2048x4096]->y[1x2048]                   0.034ms    16.777 M      0.49   16.01 MiB    492.37
    6  V         1  x[1x4096]+w[2048x4096]->y[1x2048]                   0.033ms    16.777 M      0.50   16.01 MiB    504.49
    7  O         0  x[1x2048]+w[4096x2048]->y[1x4096]                   0.028ms    16.777 M      0.61   16.01 MiB    609.52
    8  O         1  x[1x2048]+w[4096x2048]->y[1x4096]                   0.027ms    16.777 M      0.61   16.01 MiB    611.79
    9  Add      -1  a[1x4096]+b[1x4096]->y[1x4096]                      0.010ms     4.096 K      0.00   24.00 KiB      2.53
   10  LN       -1  x[1x4096]+w[4096]->y[1x4096]                        0.038ms    20.480 K      0.00   24.00 KiB      0.64
   11  FFN_W1    0  x[1x4096]+w[5504x4096]->y[1x5504]                   0.049ms    45.089 M      0.93   43.02 MiB    927.38
   12  FFN_W3    0  x[1x4096]+w[5504x4096]->y[1x5504]                   0.048ms    45.089 M      0.94   43.02 MiB    941.26
   13  FFN_W1    1  x[1x4096]+w[5504x4096]->y[1x5504]                   0.047ms    45.089 M      0.96   43.02 MiB    959.71
   14  FFN_W3    1  x[1x4096]+w[5504x4096]->y[1x5504]                   0.046ms    45.089 M      0.97   43.02 MiB    970.28
   15  SwiGLU    0  a[1x5504]+b[1x5504]->y[1x5504]                      0.016ms    33.024 K      0.00   32.25 KiB      2.07
   16  SwiGLU    1  a[1x5504]+b[1x5504]->y[1x5504]                      0.015ms    33.024 K      0.00   32.25 KiB      2.24
   17  FFN_W2    0  x[1x5504]+w[4096x5504]->y[1x4096]                   0.050ms    45.089 M      0.90   43.02 MiB    900.83
   18  FFN_W2    1  x[1x5504]+w[4096x5504]->y[1x4096]                   0.051ms    45.089 M      0.89   43.02 MiB    889.91
   19  Add      -1  a[1x4096]+b[1x4096]->y[1x4096]                      0.009ms     4.096 K      0.00   24.00 KiB      2.70
[gpu-debug] segment avg latency (cuda_events): 0.594 ms
[gpu-debug] sum(per-op)               : 0.717 ms (ratio=1.206)
[gpu-debug] NOTE: sum(per-op) may differ from segment latency due to Python overhead, event/launch overhead, and allocator/cache effects.
[gpu-debug] cuda mem before warmup: alloc=400.16 MiB reserved=414.00 MiB
[gpu-debug] cuda mem after warmup : alloc=400.16 MiB reserved=414.00 MiB
[gpu-debug] cuda mem peak (this segment): max_alloc=400.18 MiB max_reserved=414.00 MiB
========================================================================================
[gpu-debug] segment_key=npu|decode|4|f47f2b13c8c0ddb8e4ddc9de5ce41aad
[gpu-debug] sig: device_type=npu phase=decode step=4 (count_hint=32)
[gpu-debug] ops_repr: LN:-1,Q:0,K:0,V:0,Q:1,K:1,V:1,O:0,O:1,Add:-1,LN:-1,FFN_W1:0,FFN_W3:0,FFN_W1:1,FFN_W3:1,SwiGLU:0,SwiGLU:1,FFN_W2:0,FFN_W2:1,Add:-1
[gpu-debug] cfg: device=cuda dtype=torch.bfloat16 dim=4096 ffn_dim=11008 n_heads=32 shards=2
[gpu-debug] op plan (with inferred tensor shapes):
  - op#00  op=LN       shard=-1  x=[1x4096] + w=[4096]  ->  y=[1x4096]  (T=1, K=164)
  - op#01  op=Q        shard=0   x=[1x4096] + w=[2048x4096]  ->  y=[1x2048]  (T=1, K=164)
  - op#02  op=K        shard=0   x=[1x4096] + w=[2048x4096]  ->  y=[1x2048]  (T=1, K=164)
  - op#03  op=V        shard=0   x=[1x4096] + w=[2048x4096]  ->  y=[1x2048]  (T=1, K=164)
  - op#04  op=Q        shard=1   x=[1x4096] + w=[2048x4096]  ->  y=[1x2048]  (T=1, K=164)
  - op#05  op=K        shard=1   x=[1x4096] + w=[2048x4096]  ->  y=[1x2048]  (T=1, K=164)
  - op#06  op=V        shard=1   x=[1x4096] + w=[2048x4096]  ->  y=[1x2048]  (T=1, K=164)
  - op#07  op=O        shard=0   x=[1x2048] + w=[4096x2048]  ->  y=[1x4096]  (T=1, K=164)
  - op#08  op=O        shard=1   x=[1x2048] + w=[4096x2048]  ->  y=[1x4096]  (T=1, K=164)
  - op#09  op=Add      shard=-1  a=[1x4096] + b=[1x4096]  ->  y=[1x4096]  (T=1, K=164)
  - op#10  op=LN       shard=-1  x=[1x4096] + w=[4096]  ->  y=[1x4096]  (T=1, K=164)
  - op#11  op=FFN_W1   shard=0   x=[1x4096] + w=[5504x4096]  ->  y=[1x5504]  (T=1, K=164)
  - op#12  op=FFN_W3   shard=0   x=[1x4096] + w=[5504x4096]  ->  y=[1x5504]  (T=1, K=164)
  - op#13  op=FFN_W1   shard=1   x=[1x4096] + w=[5504x4096]  ->  y=[1x5504]  (T=1, K=164)
  - op#14  op=FFN_W3   shard=1   x=[1x4096] + w=[5504x4096]  ->  y=[1x5504]  (T=1, K=164)
  - op#15  op=SwiGLU   shard=0   a=[1x5504] + b=[1x5504]  ->  y=[1x5504]  (T=1, K=164)
  - op#16  op=SwiGLU   shard=1   a=[1x5504] + b=[1x5504]  ->  y=[1x5504]  (T=1, K=164)
  - op#17  op=FFN_W2   shard=0   x=[1x5504] + w=[4096x5504]  ->  y=[1x4096]  (T=1, K=164)
  - op#18  op=FFN_W2   shard=1   x=[1x5504] + w=[4096x5504]  ->  y=[1x4096]  (T=1, K=164)
  - op#19  op=Add      shard=-1  a=[1x4096] + b=[1x4096]  ->  y=[1x4096]  (T=1, K=164)
[gpu-debug] per-op timing breakdown (avg over iters):
  idx  op       sh  io                                                    time   est_flops    TFLOPs       bytes      GB/s
  ------------------------------------------------------------------------------------------------------------------------
    0  LN       -1  x[1x4096]+w[4096]->y[1x4096]                        0.069ms    20.480 K      0.00   24.00 KiB      0.36
    1  Q         0  x[1x4096]+w[2048x4096]->y[1x2048]                   0.049ms    16.777 M      0.34   16.01 MiB    340.17
    2  K         0  x[1x4096]+w[2048x4096]->y[1x2048]                   0.034ms    16.777 M      0.50   16.01 MiB    498.36
    3  V         0  x[1x4096]+w[2048x4096]->y[1x2048]                   0.033ms    16.777 M      0.51   16.01 MiB    507.62
    4  Q         1  x[1x4096]+w[2048x4096]->y[1x2048]                   0.033ms    16.777 M      0.50   16.01 MiB    502.94
    5  K         1  x[1x4096]+w[2048x4096]->y[1x2048]                   0.034ms    16.777 M      0.49   16.01 MiB    487.98
    6  V         1  x[1x4096]+w[2048x4096]->y[1x2048]                   0.033ms    16.777 M      0.50   16.01 MiB    504.49
    7  O         0  x[1x2048]+w[4096x2048]->y[1x4096]                   0.027ms    16.777 M      0.62   16.01 MiB    616.39
    8  O         1  x[1x2048]+w[4096x2048]->y[1x4096]                   0.028ms    16.777 M      0.61   16.01 MiB    609.52
    9  Add      -1  a[1x4096]+b[1x4096]->y[1x4096]                      0.010ms     4.096 K      0.00   24.00 KiB      2.50
   10  LN       -1  x[1x4096]+w[4096]->y[1x4096]                        0.039ms    20.480 K      0.00   24.00 KiB      0.64
   11  FFN_W1    0  x[1x4096]+w[5504x4096]->y[1x5504]                   0.049ms    45.089 M      0.93   43.02 MiB    925.44
   12  FFN_W3    0  x[1x4096]+w[5504x4096]->y[1x5504]                   0.048ms    45.089 M      0.94   43.02 MiB    943.27
   13  FFN_W1    1  x[1x4096]+w[5504x4096]->y[1x5504]                   0.048ms    45.089 M      0.94   43.02 MiB    945.30
   14  FFN_W3    1  x[1x4096]+w[5504x4096]->y[1x5504]                   0.047ms    45.089 M      0.97   43.02 MiB    966.03
   15  SwiGLU    0  a[1x5504]+b[1x5504]->y[1x5504]                      0.015ms    33.024 K      0.00   32.25 KiB      2.14
   16  SwiGLU    1  a[1x5504]+b[1x5504]->y[1x5504]                      0.015ms    33.024 K      0.00   32.25 KiB      2.26
   17  FFN_W2    0  x[1x5504]+w[4096x5504]->y[1x4096]                   0.050ms    45.089 M      0.90   43.02 MiB    902.68
   18  FFN_W2    1  x[1x5504]+w[4096x5504]->y[1x4096]                   0.050ms    45.089 M      0.89   43.02 MiB    893.52
   19  Add      -1  a[1x4096]+b[1x4096]->y[1x4096]                      0.009ms     4.096 K      0.00   24.00 KiB      2.67
[gpu-debug] segment avg latency (cuda_events): 0.596 ms
[gpu-debug] sum(per-op)               : 0.720 ms (ratio=1.207)
[gpu-debug] NOTE: sum(per-op) may differ from segment latency due to Python overhead, event/launch overhead, and allocator/cache effects.
[gpu-debug] cuda mem before warmup: alloc=400.16 MiB reserved=414.00 MiB
[gpu-debug] cuda mem after warmup : alloc=400.16 MiB reserved=414.00 MiB
[gpu-debug] cuda mem peak (this segment): max_alloc=400.18 MiB max_reserved=414.00 MiB
========================================================================================
[gpu-debug] segment_key=npu|decode|5|f47f2b13c8c0ddb8e4ddc9de5ce41aad
[gpu-debug] sig: device_type=npu phase=decode step=5 (count_hint=32)
[gpu-debug] ops_repr: LN:-1,Q:0,K:0,V:0,Q:1,K:1,V:1,O:0,O:1,Add:-1,LN:-1,FFN_W1:0,FFN_W3:0,FFN_W1:1,FFN_W3:1,SwiGLU:0,SwiGLU:1,FFN_W2:0,FFN_W2:1,Add:-1
[gpu-debug] cfg: device=cuda dtype=torch.bfloat16 dim=4096 ffn_dim=11008 n_heads=32 shards=2
[gpu-debug] op plan (with inferred tensor shapes):
  - op#00  op=LN       shard=-1  x=[1x4096] + w=[4096]  ->  y=[1x4096]  (T=1, K=176)
  - op#01  op=Q        shard=0   x=[1x4096] + w=[2048x4096]  ->  y=[1x2048]  (T=1, K=176)
  - op#02  op=K        shard=0   x=[1x4096] + w=[2048x4096]  ->  y=[1x2048]  (T=1, K=176)
  - op#03  op=V        shard=0   x=[1x4096] + w=[2048x4096]  ->  y=[1x2048]  (T=1, K=176)
  - op#04  op=Q        shard=1   x=[1x4096] + w=[2048x4096]  ->  y=[1x2048]  (T=1, K=176)
  - op#05  op=K        shard=1   x=[1x4096] + w=[2048x4096]  ->  y=[1x2048]  (T=1, K=176)
  - op#06  op=V        shard=1   x=[1x4096] + w=[2048x4096]  ->  y=[1x2048]  (T=1, K=176)
  - op#07  op=O        shard=0   x=[1x2048] + w=[4096x2048]  ->  y=[1x4096]  (T=1, K=176)
  - op#08  op=O        shard=1   x=[1x2048] + w=[4096x2048]  ->  y=[1x4096]  (T=1, K=176)
  - op#09  op=Add      shard=-1  a=[1x4096] + b=[1x4096]  ->  y=[1x4096]  (T=1, K=176)
  - op#10  op=LN       shard=-1  x=[1x4096] + w=[4096]  ->  y=[1x4096]  (T=1, K=176)
  - op#11  op=FFN_W1   shard=0   x=[1x4096] + w=[5504x4096]  ->  y=[1x5504]  (T=1, K=176)
  - op#12  op=FFN_W3   shard=0   x=[1x4096] + w=[5504x4096]  ->  y=[1x5504]  (T=1, K=176)
  - op#13  op=FFN_W1   shard=1   x=[1x4096] + w=[5504x4096]  ->  y=[1x5504]  (T=1, K=176)
  - op#14  op=FFN_W3   shard=1   x=[1x4096] + w=[5504x4096]  ->  y=[1x5504]  (T=1, K=176)
  - op#15  op=SwiGLU   shard=0   a=[1x5504] + b=[1x5504]  ->  y=[1x5504]  (T=1, K=176)
  - op#16  op=SwiGLU   shard=1   a=[1x5504] + b=[1x5504]  ->  y=[1x5504]  (T=1, K=176)
  - op#17  op=FFN_W2   shard=0   x=[1x5504] + w=[4096x5504]  ->  y=[1x4096]  (T=1, K=176)
  - op#18  op=FFN_W2   shard=1   x=[1x5504] + w=[4096x5504]  ->  y=[1x4096]  (T=1, K=176)
  - op#19  op=Add      shard=-1  a=[1x4096] + b=[1x4096]  ->  y=[1x4096]  (T=1, K=176)
[gpu-debug] per-op timing breakdown (avg over iters):
  idx  op       sh  io                                                    time   est_flops    TFLOPs       bytes      GB/s
  ------------------------------------------------------------------------------------------------------------------------
    0  LN       -1  x[1x4096]+w[4096]->y[1x4096]                        0.068ms    20.480 K      0.00   24.00 KiB      0.36
    1  Q         0  x[1x4096]+w[2048x4096]->y[1x2048]                   0.049ms    16.777 M      0.34   16.01 MiB    343.01
    2  K         0  x[1x4096]+w[2048x4096]->y[1x2048]                   0.034ms    16.777 M      0.50   16.01 MiB    499.88
    3  V         0  x[1x4096]+w[2048x4096]->y[1x2048]                   0.033ms    16.777 M      0.51   16.01 MiB    512.38
    4  Q         1  x[1x4096]+w[2048x4096]->y[1x2048]                   0.033ms    16.777 M      0.51   16.01 MiB    507.62
    5  K         1  x[1x4096]+w[2048x4096]->y[1x2048]                   0.034ms    16.777 M      0.49   16.01 MiB    493.86
    6  V         1  x[1x4096]+w[2048x4096]->y[1x2048]                   0.033ms    16.777 M      0.50   16.01 MiB    501.41
    7  O         0  x[1x2048]+w[4096x2048]->y[1x4096]                   0.027ms    16.777 M      0.61   16.01 MiB    611.79
    8  O         1  x[1x2048]+w[4096x2048]->y[1x4096]                   0.027ms    16.777 M      0.61   16.01 MiB    614.08
    9  Add      -1  a[1x4096]+b[1x4096]->y[1x4096]                      0.010ms     4.096 K      0.00   24.00 KiB      2.40
   10  LN       -1  x[1x4096]+w[4096]->y[1x4096]                        0.039ms    20.480 K      0.00   24.00 KiB      0.63
   11  FFN_W1    0  x[1x4096]+w[5504x4096]->y[1x5504]                   0.049ms    45.089 M      0.92   43.02 MiB    923.50
   12  FFN_W3    0  x[1x4096]+w[5504x4096]->y[1x5504]                   0.047ms    45.089 M      0.95   43.02 MiB    951.42
   13  FFN_W1    1  x[1x4096]+w[5504x4096]->y[1x5504]                   0.047ms    45.089 M      0.95   43.02 MiB    953.48
   14  FFN_W3    1  x[1x4096]+w[5504x4096]->y[1x5504]                   0.047ms    45.089 M      0.96   43.02 MiB    963.91
   15  SwiGLU    0  a[1x5504]+b[1x5504]->y[1x5504]                      0.016ms    33.024 K      0.00   32.25 KiB      2.11
   16  SwiGLU    1  a[1x5504]+b[1x5504]->y[1x5504]                      0.015ms    33.024 K      0.00   32.25 KiB      2.24
   17  FFN_W2    0  x[1x5504]+w[4096x5504]->y[1x4096]                   0.050ms    45.089 M      0.90   43.02 MiB    898.99
   18  FFN_W2    1  x[1x5504]+w[4096x5504]->y[1x4096]                   0.050ms    45.089 M      0.89   43.02 MiB    895.34
   19  Add      -1  a[1x4096]+b[1x4096]->y[1x4096]                      0.009ms     4.096 K      0.00   24.00 KiB      2.76
[gpu-debug] segment avg latency (cuda_events): 0.595 ms
[gpu-debug] sum(per-op)               : 0.718 ms (ratio=1.207)
[gpu-debug] NOTE: sum(per-op) may differ from segment latency due to Python overhead, event/launch overhead, and allocator/cache effects.
[gpu-debug] cuda mem before warmup: alloc=400.16 MiB reserved=414.00 MiB
[gpu-debug] cuda mem after warmup : alloc=400.16 MiB reserved=414.00 MiB
[gpu-debug] cuda mem peak (this segment): max_alloc=400.18 MiB max_reserved=414.00 MiB
========================================================================================
[gpu-debug] segment_key=npu|decode|6|f47f2b13c8c0ddb8e4ddc9de5ce41aad
[gpu-debug] sig: device_type=npu phase=decode step=6 (count_hint=32)
[gpu-debug] ops_repr: LN:-1,Q:0,K:0,V:0,Q:1,K:1,V:1,O:0,O:1,Add:-1,LN:-1,FFN_W1:0,FFN_W3:0,FFN_W1:1,FFN_W3:1,SwiGLU:0,SwiGLU:1,FFN_W2:0,FFN_W2:1,Add:-1
[gpu-debug] cfg: device=cuda dtype=torch.bfloat16 dim=4096 ffn_dim=11008 n_heads=32 shards=2
[gpu-debug] op plan (with inferred tensor shapes):
  - op#00  op=LN       shard=-1  x=[1x4096] + w=[4096]  ->  y=[1x4096]  (T=1, K=188)
  - op#01  op=Q        shard=0   x=[1x4096] + w=[2048x4096]  ->  y=[1x2048]  (T=1, K=188)
  - op#02  op=K        shard=0   x=[1x4096] + w=[2048x4096]  ->  y=[1x2048]  (T=1, K=188)
  - op#03  op=V        shard=0   x=[1x4096] + w=[2048x4096]  ->  y=[1x2048]  (T=1, K=188)
  - op#04  op=Q        shard=1   x=[1x4096] + w=[2048x4096]  ->  y=[1x2048]  (T=1, K=188)
  - op#05  op=K        shard=1   x=[1x4096] + w=[2048x4096]  ->  y=[1x2048]  (T=1, K=188)
  - op#06  op=V        shard=1   x=[1x4096] + w=[2048x4096]  ->  y=[1x2048]  (T=1, K=188)
  - op#07  op=O        shard=0   x=[1x2048] + w=[4096x2048]  ->  y=[1x4096]  (T=1, K=188)
  - op#08  op=O        shard=1   x=[1x2048] + w=[4096x2048]  ->  y=[1x4096]  (T=1, K=188)
  - op#09  op=Add      shard=-1  a=[1x4096] + b=[1x4096]  ->  y=[1x4096]  (T=1, K=188)
  - op#10  op=LN       shard=-1  x=[1x4096] + w=[4096]  ->  y=[1x4096]  (T=1, K=188)
  - op#11  op=FFN_W1   shard=0   x=[1x4096] + w=[5504x4096]  ->  y=[1x5504]  (T=1, K=188)
  - op#12  op=FFN_W3   shard=0   x=[1x4096] + w=[5504x4096]  ->  y=[1x5504]  (T=1, K=188)
  - op#13  op=FFN_W1   shard=1   x=[1x4096] + w=[5504x4096]  ->  y=[1x5504]  (T=1, K=188)
  - op#14  op=FFN_W3   shard=1   x=[1x4096] + w=[5504x4096]  ->  y=[1x5504]  (T=1, K=188)
  - op#15  op=SwiGLU   shard=0   a=[1x5504] + b=[1x5504]  ->  y=[1x5504]  (T=1, K=188)
  - op#16  op=SwiGLU   shard=1   a=[1x5504] + b=[1x5504]  ->  y=[1x5504]  (T=1, K=188)
  - op#17  op=FFN_W2   shard=0   x=[1x5504] + w=[4096x5504]  ->  y=[1x4096]  (T=1, K=188)
  - op#18  op=FFN_W2   shard=1   x=[1x5504] + w=[4096x5504]  ->  y=[1x4096]  (T=1, K=188)
  - op#19  op=Add      shard=-1  a=[1x4096] + b=[1x4096]  ->  y=[1x4096]  (T=1, K=188)
[gpu-debug] per-op timing breakdown (avg over iters):
  idx  op       sh  io                                                    time   est_flops    TFLOPs       bytes      GB/s
  ------------------------------------------------------------------------------------------------------------------------
    0  LN       -1  x[1x4096]+w[4096]->y[1x4096]                        0.068ms    20.480 K      0.00   24.00 KiB      0.36
    1  Q         0  x[1x4096]+w[2048x4096]->y[1x2048]                   0.049ms    16.777 M      0.34   16.01 MiB    343.01
    2  K         0  x[1x4096]+w[2048x4096]->y[1x2048]                   0.033ms    16.777 M      0.50   16.01 MiB    504.49
    3  V         0  x[1x4096]+w[2048x4096]->y[1x2048]                   0.033ms    16.777 M      0.51   16.01 MiB    509.19
    4  Q         1  x[1x4096]+w[2048x4096]->y[1x2048]                   0.033ms    16.777 M      0.50   16.01 MiB    504.49
    5  K         1  x[1x4096]+w[2048x4096]->y[1x2048]                   0.034ms    16.777 M      0.49   16.01 MiB    492.37
    6  V         1  x[1x4096]+w[2048x4096]->y[1x2048]                   0.033ms    16.777 M      0.50   16.01 MiB    501.41
    7  O         0  x[1x2048]+w[4096x2048]->y[1x4096]                   0.028ms    16.777 M      0.61   16.01 MiB    609.52
    8  O         1  x[1x2048]+w[4096x2048]->y[1x4096]                   0.027ms    16.777 M      0.61   16.01 MiB    614.08
    9  Add      -1  a[1x4096]+b[1x4096]->y[1x4096]                      0.010ms     4.096 K      0.00   24.00 KiB      2.47
   10  LN       -1  x[1x4096]+w[4096]->y[1x4096]                        0.039ms    20.480 K      0.00   24.00 KiB      0.64
   11  FFN_W1    0  x[1x4096]+w[5504x4096]->y[1x5504]                   0.049ms    45.089 M      0.92   43.02 MiB    923.50
   12  FFN_W3    0  x[1x4096]+w[5504x4096]->y[1x5504]                   0.048ms    45.089 M      0.95   43.02 MiB    947.33
   13  FFN_W1    1  x[1x4096]+w[5504x4096]->y[1x5504]                   0.047ms    45.089 M      0.96   43.02 MiB    955.55
   14  FFN_W3    1  x[1x4096]+w[5504x4096]->y[1x5504]                   0.046ms    45.089 M      0.97   43.02 MiB    970.28
   15  SwiGLU    0  a[1x5504]+b[1x5504]->y[1x5504]                      0.016ms    33.024 K      0.00   32.25 KiB      2.04
   16  SwiGLU    1  a[1x5504]+b[1x5504]->y[1x5504]                      0.014ms    33.024 K      0.00   32.25 KiB      2.30
   17  FFN_W2    0  x[1x5504]+w[4096x5504]->y[1x4096]                   0.050ms    45.089 M      0.89   43.02 MiB    895.34
   18  FFN_W2    1  x[1x5504]+w[4096x5504]->y[1x4096]                   0.050ms    45.089 M      0.90   43.02 MiB    897.16
   19  Add      -1  a[1x4096]+b[1x4096]->y[1x4096]                      0.009ms     4.096 K      0.00   24.00 KiB      2.67
[gpu-debug] segment avg latency (cuda_events): 0.595 ms
[gpu-debug] sum(per-op)               : 0.718 ms (ratio=1.208)
[gpu-debug] NOTE: sum(per-op) may differ from segment latency due to Python overhead, event/launch overhead, and allocator/cache effects.
[gpu-debug] cuda mem before warmup: alloc=400.16 MiB reserved=414.00 MiB
[gpu-debug] cuda mem after warmup : alloc=400.16 MiB reserved=414.00 MiB
[gpu-debug] cuda mem peak (this segment): max_alloc=400.18 MiB max_reserved=414.00 MiB
========================================================================================
[gpu-debug] segment_key=npu|prefill|-1|7f370cc7d97df3530a56c775d62964d4
[gpu-debug] sig: device_type=npu phase=prefill step=-1 (count_hint=32)
[gpu-debug] ops_repr: LN:-1,Q:0,K:0,V:0,Q:1,K:1,V:1,QK:0,QK:1,Softmax:0,Softmax:1,SV:0,SV:1,O:0,O:1,Add:-1,LN:-1,FFN_W1:0,FFN_W3:0,FFN_W1:1,FFN_W3:1,SwiGLU:0,SwiGLU:1,FFN_W2:0,FFN_W2:1,Add:-1
[gpu-debug] cfg: device=cuda dtype=torch.bfloat16 dim=4096 ffn_dim=11008 n_heads=32 shards=2
[gpu-debug] op plan (with inferred tensor shapes):
  - op#00  op=LN       shard=-1  x=[128x4096] + w=[4096]  ->  y=[128x4096]  (T=128, K=128)
  - op#01  op=Q        shard=0   x=[128x4096] + w=[2048x4096]  ->  y=[128x2048]  (T=128, K=128)
  - op#02  op=K        shard=0   x=[128x4096] + w=[2048x4096]  ->  y=[128x2048]  (T=128, K=128)
  - op#03  op=V        shard=0   x=[128x4096] + w=[2048x4096]  ->  y=[128x2048]  (T=128, K=128)
  - op#04  op=Q        shard=1   x=[128x4096] + w=[2048x4096]  ->  y=[128x2048]  (T=128, K=128)
  - op#05  op=K        shard=1   x=[128x4096] + w=[2048x4096]  ->  y=[128x2048]  (T=128, K=128)
  - op#06  op=V        shard=1   x=[128x4096] + w=[2048x4096]  ->  y=[128x2048]  (T=128, K=128)
  - op#07  op=QK       shard=0   q=[16x128x128] + k=[16x128x128]  ->  y=[16x128x128]  (T=128, K=128)
  - op#08  op=QK       shard=1   q=[16x128x128] + k=[16x128x128]  ->  y=[16x128x128]  (T=128, K=128)
  - op#09  op=Softmax  shard=0   scores=[16x128x128]  ->  y=[16x128x128]  (T=128, K=128)
  - op#10  op=Softmax  shard=1   scores=[16x128x128]  ->  y=[16x128x128]  (T=128, K=128)
  - op#11  op=SV       shard=0   p=[16x128x128] + v=[16x128x128]  ->  y=[16x128x128]  (T=128, K=128)
  - op#12  op=SV       shard=1   p=[16x128x128] + v=[16x128x128]  ->  y=[16x128x128]  (T=128, K=128)
  - op#13  op=O        shard=0   x=[128x2048] + w=[4096x2048]  ->  y=[128x4096]  (T=128, K=128)
  - op#14  op=O        shard=1   x=[128x2048] + w=[4096x2048]  ->  y=[128x4096]  (T=128, K=128)
  - op#15  op=Add      shard=-1  a=[128x4096] + b=[128x4096]  ->  y=[128x4096]  (T=128, K=128)
  - op#16  op=LN       shard=-1  x=[128x4096] + w=[4096]  ->  y=[128x4096]  (T=128, K=128)
  - op#17  op=FFN_W1   shard=0   x=[128x4096] + w=[5504x4096]  ->  y=[128x5504]  (T=128, K=128)
  - op#18  op=FFN_W3   shard=0   x=[128x4096] + w=[5504x4096]  ->  y=[128x5504]  (T=128, K=128)
  - op#19  op=FFN_W1   shard=1   x=[128x4096] + w=[5504x4096]  ->  y=[128x5504]  (T=128, K=128)
  - op#20  op=FFN_W3   shard=1   x=[128x4096] + w=[5504x4096]  ->  y=[128x5504]  (T=128, K=128)
  - op#21  op=SwiGLU   shard=0   a=[128x5504] + b=[128x5504]  ->  y=[128x5504]  (T=128, K=128)
  - op#22  op=SwiGLU   shard=1   a=[128x5504] + b=[128x5504]  ->  y=[128x5504]  (T=128, K=128)
  - op#23  op=FFN_W2   shard=0   x=[128x5504] + w=[4096x5504]  ->  y=[128x4096]  (T=128, K=128)
  - op#24  op=FFN_W2   shard=1   x=[128x5504] + w=[4096x5504]  ->  y=[128x4096]  (T=128, K=128)
  - op#25  op=Add      shard=-1  a=[128x4096] + b=[128x4096]  ->  y=[128x4096]  (T=128, K=128)
[gpu-debug] per-op timing breakdown (avg over iters):
  idx  op       sh  io                                                    time   est_flops    TFLOPs       bytes      GB/s
  ------------------------------------------------------------------------------------------------------------------------
    0  LN       -1  x[128x4096]+w[4096]->y[128x4096]                    0.072ms     2.621 M      0.04    2.01 MiB     29.33
    1  Q         0  x[128x4096]+w[2048x4096]->y[128x2048]               0.054ms     2.147 G     40.02   17.50 MiB    341.98
    2  K         0  x[128x4096]+w[2048x4096]->y[128x2048]               0.037ms     2.147 G     58.58   17.50 MiB    500.56
    3  V         0  x[128x4096]+w[2048x4096]->y[128x2048]               0.035ms     2.147 G     61.50   17.50 MiB    525.51
    4  Q         1  x[128x4096]+w[2048x4096]->y[128x2048]               0.035ms     2.147 G     61.50   17.50 MiB    525.51
    5  K         1  x[128x4096]+w[2048x4096]->y[128x2048]               0.035ms     2.147 G     61.32   17.50 MiB    523.98
    6  V         1  x[128x4096]+w[2048x4096]->y[128x2048]               0.035ms     2.147 G     61.50   17.50 MiB    525.51
    7  QK        0  q[16x128x128]+k[16x128x128]->y[16x128x128]          0.019ms    67.109 M      3.52    1.50 MiB     82.58
    8  QK        1  q[16x128x128]+k[16x128x128]->y[16x128x128]          0.043ms    67.109 M      1.57    1.50 MiB     36.83
    9  Softmax   0  scores[16x128x128]->y[16x128x128]                   0.020ms     1.311 M      0.07    1.00 MiB     52.51
   10  Softmax   1  scores[16x128x128]->y[16x128x128]                   0.016ms     1.311 M      0.08    1.00 MiB     65.22
   11  SV        0  p[16x128x128]+v[16x128x128]->y[16x128x128]          0.031ms    67.109 M      2.17    1.50 MiB     50.86
   12  SV        1  p[16x128x128]+v[16x128x128]->y[16x128x128]          0.028ms    67.109 M      2.36    1.50 MiB     55.25
   13  O         0  x[128x2048]+w[4096x2048]->y[128x4096]               0.045ms     2.147 G     48.21   17.50 MiB    411.95
   14  O         1  x[128x2048]+w[4096x2048]->y[128x4096]               0.031ms     2.147 G     69.67   17.50 MiB    595.35
   15  Add      -1  a[128x4096]+b[128x4096]->y[128x4096]                0.009ms   524.288 K      0.06    3.00 MiB    353.10
   16  LN       -1  x[128x4096]+w[4096]->y[128x4096]                    0.069ms     2.621 M      0.04    2.01 MiB     30.69
   17  FFN_W1    0  x[128x4096]+w[5504x4096]->y[128x5504]               0.078ms     5.771 G     73.58   45.34 MiB    606.16
   18  FFN_W3    0  x[128x4096]+w[5504x4096]->y[128x5504]               0.061ms     5.771 G     94.88   45.34 MiB    781.68
   19  FFN_W1    1  x[128x4096]+w[5504x4096]->y[128x5504]               0.061ms     5.771 G     94.25   45.34 MiB    776.45
   20  FFN_W3    1  x[128x4096]+w[5504x4096]->y[128x5504]               0.061ms     5.771 G     94.09   45.34 MiB    775.16
   21  SwiGLU    0  a[128x5504]+b[128x5504]->y[128x5504]                0.015ms     4.227 M      0.28    4.03 MiB    277.05
   22  SwiGLU    1  a[128x5504]+b[128x5504]->y[128x5504]                0.015ms     4.227 M      0.27    4.03 MiB    273.38
   23  FFN_W2    0  x[128x5504]+w[4096x5504]->y[128x4096]               0.063ms     5.771 G     91.79   45.34 MiB    756.22
   24  FFN_W2    1  x[128x5504]+w[4096x5504]->y[128x4096]               0.064ms     5.771 G     89.60   45.34 MiB    738.19
   25  Add      -1  a[128x4096]+b[128x4096]->y[128x4096]                0.008ms   524.288 K      0.06    3.00 MiB    374.63
[gpu-debug] segment avg latency (cuda_events): 0.784 ms
[gpu-debug] sum(per-op)               : 1.040 ms (ratio=1.327)
[gpu-debug] NOTE: sum(per-op) may differ from segment latency due to Python overhead, event/launch overhead, and allocator/cache effects.
[gpu-debug] cuda mem before warmup: alloc=400.16 MiB reserved=414.00 MiB
[gpu-debug] cuda mem after warmup : alloc=403.50 MiB reserved=418.00 MiB
[gpu-debug] cuda mem peak (this segment): max_alloc=406.19 MiB max_reserved=418.00 MiB
  progress 8/8
