[run-gpu] tasks=13 warmup=3 iters=10 device=cuda dtype=bf16 segment_scope=layer
[run-gpu] extra weight_load_s=0.267700s (will be added in merge)
[run-gpu] GPU[0] NVIDIA A100-PCIE-40GB; SM=108, CC=8.0
[run-gpu] nvidia-smi -L: GPU 0: NVIDIA A100-PCIE-40GB (UUID: GPU-6d440a5b-63f1-384a-e57b-cc3200e8df52)
[run-gpu] nvidia-smi query: NVIDIA A100-PCIE-40GB, GPU-6d440a5b-63f1-384a-e57b-cc3200e8df52, 560.35.03, 40960
[run-gpu][debug] torch_default_dtype=torch.float32
[run-gpu][debug] torch.backends.cuda.matmul.allow_tf32=False
[run-gpu][debug] cudnn.enabled=True benchmark=False deterministic=False allow_tf32=True
[run-gpu][debug] nvidia-smi snapshot: 0, 0, 0, 4, 40960, 30, 35.83, 250.00
========================================================================================
[gpu-debug] segment_key=npu|decode|0|2ef4409498d14c672a4fbbfe6786cce6
[gpu-debug] sig: device_type=npu phase=decode step=0 (count_hint=32)
[gpu-debug] ops_repr: LN:-1,Add:-1,LN:-1,FFN_W1:0,FFN_W3:0,FFN_W1:1,FFN_W3:1,SwiGLU:0,SwiGLU:1,FFN_W2:0,FFN_W2:1,Add:-1
[gpu-debug] cfg: device=cuda dtype=torch.bfloat16 dim=4096 ffn_dim=11008 n_heads=32 shards=2
[gpu-debug] op plan (with inferred tensor shapes):
  - op#00  op=LN       shard=-1  x=[1x4096] + w=[4096]  ->  y=[1x4096]  (T=1, K=263)
  - op#01  op=Add      shard=-1  a=[1x4096] + b=[1x4096]  ->  y=[1x4096]  (T=1, K=263)
  - op#02  op=LN       shard=-1  x=[1x4096] + w=[4096]  ->  y=[1x4096]  (T=1, K=263)
  - op#03  op=FFN_W1   shard=0   x=[1x4096] + w=[5504x4096]  ->  y=[1x5504]  (T=1, K=263)
  - op#04  op=FFN_W3   shard=0   x=[1x4096] + w=[5504x4096]  ->  y=[1x5504]  (T=1, K=263)
  - op#05  op=FFN_W1   shard=1   x=[1x4096] + w=[5504x4096]  ->  y=[1x5504]  (T=1, K=263)
  - op#06  op=FFN_W3   shard=1   x=[1x4096] + w=[5504x4096]  ->  y=[1x5504]  (T=1, K=263)
  - op#07  op=SwiGLU   shard=0   a=[1x5504] + b=[1x5504]  ->  y=[1x5504]  (T=1, K=263)
  - op#08  op=SwiGLU   shard=1   a=[1x5504] + b=[1x5504]  ->  y=[1x5504]  (T=1, K=263)
  - op#09  op=FFN_W2   shard=0   x=[1x5504] + w=[4096x5504]  ->  y=[1x4096]  (T=1, K=263)
  - op#10  op=FFN_W2   shard=1   x=[1x5504] + w=[4096x5504]  ->  y=[1x4096]  (T=1, K=263)
  - op#11  op=Add      shard=-1  a=[1x4096] + b=[1x4096]  ->  y=[1x4096]  (T=1, K=263)
[gpu-debug] per-op timing breakdown (avg over iters):
  idx  op       sh  io                                                    time   est_flops    TFLOPs       bytes      GB/s
  ------------------------------------------------------------------------------------------------------------------------
    0  LN       -1  x[1x4096]+w[4096]->y[1x4096]                        0.069ms    20.480 K      0.00   24.00 KiB      0.36
    1  Add      -1  a[1x4096]+b[1x4096]->y[1x4096]                      0.017ms     4.096 K      0.00   24.00 KiB      1.43
    2  LN       -1  x[1x4096]+w[4096]->y[1x4096]                        0.058ms    20.480 K      0.00   24.00 KiB      0.42
    3  FFN_W1    0  x[1x4096]+w[5504x4096]->y[1x5504]                   0.062ms    45.089 M      0.73   43.02 MiB    731.74
    4  FFN_W3    0  x[1x4096]+w[5504x4096]->y[1x5504]                   0.044ms    45.089 M      1.01   43.02 MiB   1014.99
    5  FFN_W1    1  x[1x4096]+w[5504x4096]->y[1x5504]                   0.044ms    45.089 M      1.02   43.02 MiB   1017.34
    6  FFN_W3    1  x[1x4096]+w[5504x4096]->y[1x5504]                   0.044ms    45.089 M      1.03   43.02 MiB   1034.06
    7  SwiGLU    0  a[1x5504]+b[1x5504]->y[1x5504]                      0.013ms    33.024 K      0.00   32.25 KiB      2.54
    8  SwiGLU    1  a[1x5504]+b[1x5504]->y[1x5504]                      0.012ms    33.024 K      0.00   32.25 KiB      2.69
    9  FFN_W2    0  x[1x5504]+w[4096x5504]->y[1x4096]                   0.047ms    45.089 M      0.96   43.02 MiB    961.81
   10  FFN_W2    1  x[1x5504]+w[4096x5504]->y[1x4096]                   0.046ms    45.089 M      0.97   43.02 MiB    974.57
   11  Add      -1  a[1x4096]+b[1x4096]->y[1x4096]                      0.008ms     4.096 K      0.00   24.00 KiB      2.93
[gpu-debug] segment avg latency (cuda_events): 0.350 ms
[gpu-debug] sum(per-op)               : 0.465 ms (ratio=1.331)
[gpu-debug] NOTE: sum(per-op) may differ from segment latency due to Python overhead, event/launch overhead, and allocator/cache effects.
[gpu-debug] cuda mem before warmup: alloc=0 B reserved=0 B
[gpu-debug] cuda mem after warmup : alloc=272.15 MiB reserved=286.00 MiB
[gpu-debug] cuda mem peak (this segment): max_alloc=272.17 MiB max_reserved=286.00 MiB
========================================================================================
[gpu-debug] segment_key=npu|decode|10|2ef4409498d14c672a4fbbfe6786cce6
[gpu-debug] sig: device_type=npu phase=decode step=10 (count_hint=32)
[gpu-debug] ops_repr: LN:-1,Add:-1,LN:-1,FFN_W1:0,FFN_W3:0,FFN_W1:1,FFN_W3:1,SwiGLU:0,SwiGLU:1,FFN_W2:0,FFN_W2:1,Add:-1
[gpu-debug] cfg: device=cuda dtype=torch.bfloat16 dim=4096 ffn_dim=11008 n_heads=32 shards=2
[gpu-debug] op plan (with inferred tensor shapes):
  - op#00  op=LN       shard=-1  x=[1x4096] + w=[4096]  ->  y=[1x4096]  (T=1, K=370)
  - op#01  op=Add      shard=-1  a=[1x4096] + b=[1x4096]  ->  y=[1x4096]  (T=1, K=370)
  - op#02  op=LN       shard=-1  x=[1x4096] + w=[4096]  ->  y=[1x4096]  (T=1, K=370)
  - op#03  op=FFN_W1   shard=0   x=[1x4096] + w=[5504x4096]  ->  y=[1x5504]  (T=1, K=370)
  - op#04  op=FFN_W3   shard=0   x=[1x4096] + w=[5504x4096]  ->  y=[1x5504]  (T=1, K=370)
  - op#05  op=FFN_W1   shard=1   x=[1x4096] + w=[5504x4096]  ->  y=[1x5504]  (T=1, K=370)
  - op#06  op=FFN_W3   shard=1   x=[1x4096] + w=[5504x4096]  ->  y=[1x5504]  (T=1, K=370)
  - op#07  op=SwiGLU   shard=0   a=[1x5504] + b=[1x5504]  ->  y=[1x5504]  (T=1, K=370)
  - op#08  op=SwiGLU   shard=1   a=[1x5504] + b=[1x5504]  ->  y=[1x5504]  (T=1, K=370)
  - op#09  op=FFN_W2   shard=0   x=[1x5504] + w=[4096x5504]  ->  y=[1x4096]  (T=1, K=370)
  - op#10  op=FFN_W2   shard=1   x=[1x5504] + w=[4096x5504]  ->  y=[1x4096]  (T=1, K=370)
  - op#11  op=Add      shard=-1  a=[1x4096] + b=[1x4096]  ->  y=[1x4096]  (T=1, K=370)
[gpu-debug] per-op timing breakdown (avg over iters):
  idx  op       sh  io                                                    time   est_flops    TFLOPs       bytes      GB/s
  ------------------------------------------------------------------------------------------------------------------------
    0  LN       -1  x[1x4096]+w[4096]->y[1x4096]                        0.068ms    20.480 K      0.00   24.00 KiB      0.36
    1  Add      -1  a[1x4096]+b[1x4096]->y[1x4096]                      0.017ms     4.096 K      0.00   24.00 KiB      1.47
    2  LN       -1  x[1x4096]+w[4096]->y[1x4096]                        0.058ms    20.480 K      0.00   24.00 KiB      0.42
    3  FFN_W1    0  x[1x4096]+w[5504x4096]->y[1x5504]                   0.061ms    45.089 M      0.74   43.02 MiB    736.63
    4  FFN_W3    0  x[1x4096]+w[5504x4096]->y[1x5504]                   0.045ms    45.089 M      1.01   43.02 MiB   1010.34
    5  FFN_W1    1  x[1x4096]+w[5504x4096]->y[1x5504]                   0.045ms    45.089 M      1.01   43.02 MiB   1005.72
    6  FFN_W3    1  x[1x4096]+w[5504x4096]->y[1x5504]                   0.044ms    45.089 M      1.03   43.02 MiB   1034.06
    7  SwiGLU    0  a[1x5504]+b[1x5504]->y[1x5504]                      0.013ms    33.024 K      0.00   32.25 KiB      2.58
    8  SwiGLU    1  a[1x5504]+b[1x5504]->y[1x5504]                      0.013ms    33.024 K      0.00   32.25 KiB      2.62
    9  FFN_W2    0  x[1x5504]+w[4096x5504]->y[1x4096]                   0.047ms    45.089 M      0.96   43.02 MiB    961.81
   10  FFN_W2    1  x[1x5504]+w[4096x5504]->y[1x4096]                   0.046ms    45.089 M      0.98   43.02 MiB    976.74
   11  Add      -1  a[1x4096]+b[1x4096]->y[1x4096]                      0.009ms     4.096 K      0.00   24.00 KiB      2.76
[gpu-debug] segment avg latency (cuda_events): 0.346 ms
[gpu-debug] sum(per-op)               : 0.464 ms (ratio=1.343)
[gpu-debug] NOTE: sum(per-op) may differ from segment latency due to Python overhead, event/launch overhead, and allocator/cache effects.
[gpu-debug] cuda mem before warmup: alloc=272.15 MiB reserved=286.00 MiB
[gpu-debug] cuda mem after warmup : alloc=272.15 MiB reserved=286.00 MiB
[gpu-debug] cuda mem peak (this segment): max_alloc=272.17 MiB max_reserved=286.00 MiB
========================================================================================
[gpu-debug] segment_key=npu|decode|11|2ef4409498d14c672a4fbbfe6786cce6
[gpu-debug] sig: device_type=npu phase=decode step=11 (count_hint=32)
[gpu-debug] ops_repr: LN:-1,Add:-1,LN:-1,FFN_W1:0,FFN_W3:0,FFN_W1:1,FFN_W3:1,SwiGLU:0,SwiGLU:1,FFN_W2:0,FFN_W2:1,Add:-1
[gpu-debug] cfg: device=cuda dtype=torch.bfloat16 dim=4096 ffn_dim=11008 n_heads=32 shards=2
[gpu-debug] op plan (with inferred tensor shapes):
  - op#00  op=LN       shard=-1  x=[1x4096] + w=[4096]  ->  y=[1x4096]  (T=1, K=382)
  - op#01  op=Add      shard=-1  a=[1x4096] + b=[1x4096]  ->  y=[1x4096]  (T=1, K=382)
  - op#02  op=LN       shard=-1  x=[1x4096] + w=[4096]  ->  y=[1x4096]  (T=1, K=382)
  - op#03  op=FFN_W1   shard=0   x=[1x4096] + w=[5504x4096]  ->  y=[1x5504]  (T=1, K=382)
  - op#04  op=FFN_W3   shard=0   x=[1x4096] + w=[5504x4096]  ->  y=[1x5504]  (T=1, K=382)
  - op#05  op=FFN_W1   shard=1   x=[1x4096] + w=[5504x4096]  ->  y=[1x5504]  (T=1, K=382)
  - op#06  op=FFN_W3   shard=1   x=[1x4096] + w=[5504x4096]  ->  y=[1x5504]  (T=1, K=382)
  - op#07  op=SwiGLU   shard=0   a=[1x5504] + b=[1x5504]  ->  y=[1x5504]  (T=1, K=382)
  - op#08  op=SwiGLU   shard=1   a=[1x5504] + b=[1x5504]  ->  y=[1x5504]  (T=1, K=382)
  - op#09  op=FFN_W2   shard=0   x=[1x5504] + w=[4096x5504]  ->  y=[1x4096]  (T=1, K=382)
  - op#10  op=FFN_W2   shard=1   x=[1x5504] + w=[4096x5504]  ->  y=[1x4096]  (T=1, K=382)
  - op#11  op=Add      shard=-1  a=[1x4096] + b=[1x4096]  ->  y=[1x4096]  (T=1, K=382)
[gpu-debug] per-op timing breakdown (avg over iters):
  idx  op       sh  io                                                    time   est_flops    TFLOPs       bytes      GB/s
  ------------------------------------------------------------------------------------------------------------------------
    0  LN       -1  x[1x4096]+w[4096]->y[1x4096]                        0.067ms    20.480 K      0.00   24.00 KiB      0.37
    1  Add      -1  a[1x4096]+b[1x4096]->y[1x4096]                      0.016ms     4.096 K      0.00   24.00 KiB      1.50
    2  LN       -1  x[1x4096]+w[4096]->y[1x4096]                        0.057ms    20.480 K      0.00   24.00 KiB      0.43
    3  FFN_W1    0  x[1x4096]+w[5504x4096]->y[1x5504]                   0.062ms    45.089 M      0.73   43.02 MiB    732.96
    4  FFN_W3    0  x[1x4096]+w[5504x4096]->y[1x5504]                   0.044ms    45.089 M      1.01   43.02 MiB   1014.99
    5  FFN_W1    1  x[1x4096]+w[5504x4096]->y[1x5504]                   0.044ms    45.089 M      1.02   43.02 MiB   1017.34
    6  FFN_W3    1  x[1x4096]+w[5504x4096]->y[1x5504]                   0.044ms    45.089 M      1.02   43.02 MiB   1019.69
    7  SwiGLU    0  a[1x5504]+b[1x5504]->y[1x5504]                      0.013ms    33.024 K      0.00   32.25 KiB      2.60
    8  SwiGLU    1  a[1x5504]+b[1x5504]->y[1x5504]                      0.012ms    33.024 K      0.00   32.25 KiB      2.69
    9  FFN_W2    0  x[1x5504]+w[4096x5504]->y[1x4096]                   0.047ms    45.089 M      0.96   43.02 MiB    959.71
   10  FFN_W2    1  x[1x5504]+w[4096x5504]->y[1x4096]                   0.046ms    45.089 M      0.97   43.02 MiB    974.57
   11  Add      -1  a[1x4096]+b[1x4096]->y[1x4096]                      0.008ms     4.096 K      0.00   24.00 KiB      2.89
[gpu-debug] segment avg latency (cuda_events): 0.343 ms
[gpu-debug] sum(per-op)               : 0.462 ms (ratio=1.345)
[gpu-debug] NOTE: sum(per-op) may differ from segment latency due to Python overhead, event/launch overhead, and allocator/cache effects.
[gpu-debug] cuda mem before warmup: alloc=272.15 MiB reserved=286.00 MiB
[gpu-debug] cuda mem after warmup : alloc=272.15 MiB reserved=286.00 MiB
[gpu-debug] cuda mem peak (this segment): max_alloc=272.17 MiB max_reserved=286.00 MiB
========================================================================================
[gpu-debug] segment_key=npu|decode|1|2ef4409498d14c672a4fbbfe6786cce6
[gpu-debug] sig: device_type=npu phase=decode step=1 (count_hint=32)
[gpu-debug] ops_repr: LN:-1,Add:-1,LN:-1,FFN_W1:0,FFN_W3:0,FFN_W1:1,FFN_W3:1,SwiGLU:0,SwiGLU:1,FFN_W2:0,FFN_W2:1,Add:-1
[gpu-debug] cfg: device=cuda dtype=torch.bfloat16 dim=4096 ffn_dim=11008 n_heads=32 shards=2
[gpu-debug] op plan (with inferred tensor shapes):
  - op#00  op=LN       shard=-1  x=[1x4096] + w=[4096]  ->  y=[1x4096]  (T=1, K=264)
  - op#01  op=Add      shard=-1  a=[1x4096] + b=[1x4096]  ->  y=[1x4096]  (T=1, K=264)
  - op#02  op=LN       shard=-1  x=[1x4096] + w=[4096]  ->  y=[1x4096]  (T=1, K=264)
  - op#03  op=FFN_W1   shard=0   x=[1x4096] + w=[5504x4096]  ->  y=[1x5504]  (T=1, K=264)
  - op#04  op=FFN_W3   shard=0   x=[1x4096] + w=[5504x4096]  ->  y=[1x5504]  (T=1, K=264)
  - op#05  op=FFN_W1   shard=1   x=[1x4096] + w=[5504x4096]  ->  y=[1x5504]  (T=1, K=264)
  - op#06  op=FFN_W3   shard=1   x=[1x4096] + w=[5504x4096]  ->  y=[1x5504]  (T=1, K=264)
  - op#07  op=SwiGLU   shard=0   a=[1x5504] + b=[1x5504]  ->  y=[1x5504]  (T=1, K=264)
  - op#08  op=SwiGLU   shard=1   a=[1x5504] + b=[1x5504]  ->  y=[1x5504]  (T=1, K=264)
  - op#09  op=FFN_W2   shard=0   x=[1x5504] + w=[4096x5504]  ->  y=[1x4096]  (T=1, K=264)
  - op#10  op=FFN_W2   shard=1   x=[1x5504] + w=[4096x5504]  ->  y=[1x4096]  (T=1, K=264)
  - op#11  op=Add      shard=-1  a=[1x4096] + b=[1x4096]  ->  y=[1x4096]  (T=1, K=264)
[gpu-debug] per-op timing breakdown (avg over iters):
  idx  op       sh  io                                                    time   est_flops    TFLOPs       bytes      GB/s
  ------------------------------------------------------------------------------------------------------------------------
    0  LN       -1  x[1x4096]+w[4096]->y[1x4096]                        0.066ms    20.480 K      0.00   24.00 KiB      0.37
    1  Add      -1  a[1x4096]+b[1x4096]->y[1x4096]                      0.016ms     4.096 K      0.00   24.00 KiB      1.49
    2  LN       -1  x[1x4096]+w[4096]->y[1x4096]                        0.057ms    20.480 K      0.00   24.00 KiB      0.43
    3  FFN_W1    0  x[1x4096]+w[5504x4096]->y[1x5504]                   0.061ms    45.089 M      0.74   43.02 MiB    737.87
    4  FFN_W3    0  x[1x4096]+w[5504x4096]->y[1x5504]                   0.045ms    45.089 M      1.01   43.02 MiB   1010.34
    5  FFN_W1    1  x[1x4096]+w[5504x4096]->y[1x5504]                   0.045ms    45.089 M      1.01   43.02 MiB   1008.03
    6  FFN_W3    1  x[1x4096]+w[5504x4096]->y[1x5504]                   0.044ms    45.089 M      1.02   43.02 MiB   1024.44
    7  SwiGLU    0  a[1x5504]+b[1x5504]->y[1x5504]                      0.013ms    33.024 K      0.00   32.25 KiB      2.56
    8  SwiGLU    1  a[1x5504]+b[1x5504]->y[1x5504]                      0.012ms    33.024 K      0.00   32.25 KiB      2.69
    9  FFN_W2    0  x[1x5504]+w[4096x5504]->y[1x4096]                   0.047ms    45.089 M      0.96   43.02 MiB    961.81
   10  FFN_W2    1  x[1x5504]+w[4096x5504]->y[1x4096]                   0.046ms    45.089 M      0.97   43.02 MiB    974.57
   11  Add      -1  a[1x4096]+b[1x4096]->y[1x4096]                      0.009ms     4.096 K      0.00   24.00 KiB      2.76
[gpu-debug] segment avg latency (cuda_events): 0.344 ms
[gpu-debug] sum(per-op)               : 0.462 ms (ratio=1.345)
[gpu-debug] NOTE: sum(per-op) may differ from segment latency due to Python overhead, event/launch overhead, and allocator/cache effects.
[gpu-debug] cuda mem before warmup: alloc=272.15 MiB reserved=286.00 MiB
[gpu-debug] cuda mem after warmup : alloc=272.15 MiB reserved=286.00 MiB
[gpu-debug] cuda mem peak (this segment): max_alloc=272.17 MiB max_reserved=286.00 MiB
========================================================================================
[gpu-debug] segment_key=npu|decode|2|2ef4409498d14c672a4fbbfe6786cce6
[gpu-debug] sig: device_type=npu phase=decode step=2 (count_hint=32)
[gpu-debug] ops_repr: LN:-1,Add:-1,LN:-1,FFN_W1:0,FFN_W3:0,FFN_W1:1,FFN_W3:1,SwiGLU:0,SwiGLU:1,FFN_W2:0,FFN_W2:1,Add:-1
[gpu-debug] cfg: device=cuda dtype=torch.bfloat16 dim=4096 ffn_dim=11008 n_heads=32 shards=2
[gpu-debug] op plan (with inferred tensor shapes):
  - op#00  op=LN       shard=-1  x=[1x4096] + w=[4096]  ->  y=[1x4096]  (T=1, K=274)
  - op#01  op=Add      shard=-1  a=[1x4096] + b=[1x4096]  ->  y=[1x4096]  (T=1, K=274)
  - op#02  op=LN       shard=-1  x=[1x4096] + w=[4096]  ->  y=[1x4096]  (T=1, K=274)
  - op#03  op=FFN_W1   shard=0   x=[1x4096] + w=[5504x4096]  ->  y=[1x5504]  (T=1, K=274)
  - op#04  op=FFN_W3   shard=0   x=[1x4096] + w=[5504x4096]  ->  y=[1x5504]  (T=1, K=274)
  - op#05  op=FFN_W1   shard=1   x=[1x4096] + w=[5504x4096]  ->  y=[1x5504]  (T=1, K=274)
  - op#06  op=FFN_W3   shard=1   x=[1x4096] + w=[5504x4096]  ->  y=[1x5504]  (T=1, K=274)
  - op#07  op=SwiGLU   shard=0   a=[1x5504] + b=[1x5504]  ->  y=[1x5504]  (T=1, K=274)
  - op#08  op=SwiGLU   shard=1   a=[1x5504] + b=[1x5504]  ->  y=[1x5504]  (T=1, K=274)
  - op#09  op=FFN_W2   shard=0   x=[1x5504] + w=[4096x5504]  ->  y=[1x4096]  (T=1, K=274)
  - op#10  op=FFN_W2   shard=1   x=[1x5504] + w=[4096x5504]  ->  y=[1x4096]  (T=1, K=274)
  - op#11  op=Add      shard=-1  a=[1x4096] + b=[1x4096]  ->  y=[1x4096]  (T=1, K=274)
[gpu-debug] per-op timing breakdown (avg over iters):
  idx  op       sh  io                                                    time   est_flops    TFLOPs       bytes      GB/s
  ------------------------------------------------------------------------------------------------------------------------
    0  LN       -1  x[1x4096]+w[4096]->y[1x4096]                        0.067ms    20.480 K      0.00   24.00 KiB      0.37
    1  Add      -1  a[1x4096]+b[1x4096]->y[1x4096]                      0.016ms     4.096 K      0.00   24.00 KiB      1.52
    2  LN       -1  x[1x4096]+w[4096]->y[1x4096]                        0.057ms    20.480 K      0.00   24.00 KiB      0.43
    3  FFN_W1    0  x[1x4096]+w[5504x4096]->y[1x5504]                   0.061ms    45.089 M      0.74   43.02 MiB    740.35
    4  FFN_W3    0  x[1x4096]+w[5504x4096]->y[1x5504]                   0.045ms    45.089 M      1.01   43.02 MiB   1010.34
    5  FFN_W1    1  x[1x4096]+w[5504x4096]->y[1x5504]                   0.044ms    45.089 M      1.01   43.02 MiB   1014.99
    6  FFN_W3    1  x[1x4096]+w[5504x4096]->y[1x5504]                   0.044ms    45.089 M      1.03   43.02 MiB   1026.82
    7  SwiGLU    0  a[1x5504]+b[1x5504]->y[1x5504]                      0.013ms    33.024 K      0.00   32.25 KiB      2.56
    8  SwiGLU    1  a[1x5504]+b[1x5504]->y[1x5504]                      0.012ms    33.024 K      0.00   32.25 KiB      2.64
    9  FFN_W2    0  x[1x5504]+w[4096x5504]->y[1x4096]                   0.047ms    45.089 M      0.96   43.02 MiB    961.81
   10  FFN_W2    1  x[1x5504]+w[4096x5504]->y[1x4096]                   0.046ms    45.089 M      0.98   43.02 MiB    976.74
   11  Add      -1  a[1x4096]+b[1x4096]->y[1x4096]                      0.008ms     4.096 K      0.00   24.00 KiB      2.93
[gpu-debug] segment avg latency (cuda_events): 0.343 ms
[gpu-debug] sum(per-op)               : 0.462 ms (ratio=1.346)
[gpu-debug] NOTE: sum(per-op) may differ from segment latency due to Python overhead, event/launch overhead, and allocator/cache effects.
[gpu-debug] cuda mem before warmup: alloc=272.15 MiB reserved=286.00 MiB
[gpu-debug] cuda mem after warmup : alloc=272.15 MiB reserved=286.00 MiB
[gpu-debug] cuda mem peak (this segment): max_alloc=272.17 MiB max_reserved=286.00 MiB
========================================================================================
[gpu-debug] segment_key=npu|decode|3|2ef4409498d14c672a4fbbfe6786cce6
[gpu-debug] sig: device_type=npu phase=decode step=3 (count_hint=32)
[gpu-debug] ops_repr: LN:-1,Add:-1,LN:-1,FFN_W1:0,FFN_W3:0,FFN_W1:1,FFN_W3:1,SwiGLU:0,SwiGLU:1,FFN_W2:0,FFN_W2:1,Add:-1
[gpu-debug] cfg: device=cuda dtype=torch.bfloat16 dim=4096 ffn_dim=11008 n_heads=32 shards=2
[gpu-debug] op plan (with inferred tensor shapes):
  - op#00  op=LN       shard=-1  x=[1x4096] + w=[4096]  ->  y=[1x4096]  (T=1, K=286)
  - op#01  op=Add      shard=-1  a=[1x4096] + b=[1x4096]  ->  y=[1x4096]  (T=1, K=286)
  - op#02  op=LN       shard=-1  x=[1x4096] + w=[4096]  ->  y=[1x4096]  (T=1, K=286)
  - op#03  op=FFN_W1   shard=0   x=[1x4096] + w=[5504x4096]  ->  y=[1x5504]  (T=1, K=286)
  - op#04  op=FFN_W3   shard=0   x=[1x4096] + w=[5504x4096]  ->  y=[1x5504]  (T=1, K=286)
  - op#05  op=FFN_W1   shard=1   x=[1x4096] + w=[5504x4096]  ->  y=[1x5504]  (T=1, K=286)
  - op#06  op=FFN_W3   shard=1   x=[1x4096] + w=[5504x4096]  ->  y=[1x5504]  (T=1, K=286)
  - op#07  op=SwiGLU   shard=0   a=[1x5504] + b=[1x5504]  ->  y=[1x5504]  (T=1, K=286)
  - op#08  op=SwiGLU   shard=1   a=[1x5504] + b=[1x5504]  ->  y=[1x5504]  (T=1, K=286)
  - op#09  op=FFN_W2   shard=0   x=[1x5504] + w=[4096x5504]  ->  y=[1x4096]  (T=1, K=286)
  - op#10  op=FFN_W2   shard=1   x=[1x5504] + w=[4096x5504]  ->  y=[1x4096]  (T=1, K=286)
  - op#11  op=Add      shard=-1  a=[1x4096] + b=[1x4096]  ->  y=[1x4096]  (T=1, K=286)
[gpu-debug] per-op timing breakdown (avg over iters):
  idx  op       sh  io                                                    time   est_flops    TFLOPs       bytes      GB/s
  ------------------------------------------------------------------------------------------------------------------------
    0  LN       -1  x[1x4096]+w[4096]->y[1x4096]                        0.067ms    20.480 K      0.00   24.00 KiB      0.37
    1  Add      -1  a[1x4096]+b[1x4096]->y[1x4096]                      0.016ms     4.096 K      0.00   24.00 KiB      1.50
    2  LN       -1  x[1x4096]+w[4096]->y[1x4096]                        0.057ms    20.480 K      0.00   24.00 KiB      0.43
    3  FFN_W1    0  x[1x4096]+w[5504x4096]->y[1x5504]                   0.061ms    45.089 M      0.74   43.02 MiB    740.35
    4  FFN_W3    0  x[1x4096]+w[5504x4096]->y[1x5504]                   0.044ms    45.089 M      1.02   43.02 MiB   1017.34
    5  FFN_W1    1  x[1x4096]+w[5504x4096]->y[1x5504]                   0.045ms    45.089 M      1.01   43.02 MiB   1010.34
    6  FFN_W3    1  x[1x4096]+w[5504x4096]->y[1x5504]                   0.044ms    45.089 M      1.03   43.02 MiB   1026.82
    7  SwiGLU    0  a[1x5504]+b[1x5504]->y[1x5504]                      0.013ms    33.024 K      0.00   32.25 KiB      2.58
    8  SwiGLU    1  a[1x5504]+b[1x5504]->y[1x5504]                      0.012ms    33.024 K      0.00   32.25 KiB      2.67
    9  FFN_W2    0  x[1x5504]+w[4096x5504]->y[1x4096]                   0.047ms    45.089 M      0.96   43.02 MiB    961.81
   10  FFN_W2    1  x[1x5504]+w[4096x5504]->y[1x4096]                   0.046ms    45.089 M      0.97   43.02 MiB    970.28
   11  Add      -1  a[1x4096]+b[1x4096]->y[1x4096]                      0.009ms     4.096 K      0.00   24.00 KiB      2.79
[gpu-debug] segment avg latency (cuda_events): 0.344 ms
[gpu-debug] sum(per-op)               : 0.461 ms (ratio=1.342)
[gpu-debug] NOTE: sum(per-op) may differ from segment latency due to Python overhead, event/launch overhead, and allocator/cache effects.
[gpu-debug] cuda mem before warmup: alloc=272.15 MiB reserved=286.00 MiB
[gpu-debug] cuda mem after warmup : alloc=272.15 MiB reserved=286.00 MiB
[gpu-debug] cuda mem peak (this segment): max_alloc=272.17 MiB max_reserved=286.00 MiB
========================================================================================
[gpu-debug] segment_key=npu|decode|4|2ef4409498d14c672a4fbbfe6786cce6
[gpu-debug] sig: device_type=npu phase=decode step=4 (count_hint=32)
[gpu-debug] ops_repr: LN:-1,Add:-1,LN:-1,FFN_W1:0,FFN_W3:0,FFN_W1:1,FFN_W3:1,SwiGLU:0,SwiGLU:1,FFN_W2:0,FFN_W2:1,Add:-1
[gpu-debug] cfg: device=cuda dtype=torch.bfloat16 dim=4096 ffn_dim=11008 n_heads=32 shards=2
[gpu-debug] op plan (with inferred tensor shapes):
  - op#00  op=LN       shard=-1  x=[1x4096] + w=[4096]  ->  y=[1x4096]  (T=1, K=298)
  - op#01  op=Add      shard=-1  a=[1x4096] + b=[1x4096]  ->  y=[1x4096]  (T=1, K=298)
  - op#02  op=LN       shard=-1  x=[1x4096] + w=[4096]  ->  y=[1x4096]  (T=1, K=298)
  - op#03  op=FFN_W1   shard=0   x=[1x4096] + w=[5504x4096]  ->  y=[1x5504]  (T=1, K=298)
  - op#04  op=FFN_W3   shard=0   x=[1x4096] + w=[5504x4096]  ->  y=[1x5504]  (T=1, K=298)
  - op#05  op=FFN_W1   shard=1   x=[1x4096] + w=[5504x4096]  ->  y=[1x5504]  (T=1, K=298)
  - op#06  op=FFN_W3   shard=1   x=[1x4096] + w=[5504x4096]  ->  y=[1x5504]  (T=1, K=298)
  - op#07  op=SwiGLU   shard=0   a=[1x5504] + b=[1x5504]  ->  y=[1x5504]  (T=1, K=298)
  - op#08  op=SwiGLU   shard=1   a=[1x5504] + b=[1x5504]  ->  y=[1x5504]  (T=1, K=298)
  - op#09  op=FFN_W2   shard=0   x=[1x5504] + w=[4096x5504]  ->  y=[1x4096]  (T=1, K=298)
  - op#10  op=FFN_W2   shard=1   x=[1x5504] + w=[4096x5504]  ->  y=[1x4096]  (T=1, K=298)
  - op#11  op=Add      shard=-1  a=[1x4096] + b=[1x4096]  ->  y=[1x4096]  (T=1, K=298)
[gpu-debug] per-op timing breakdown (avg over iters):
  idx  op       sh  io                                                    time   est_flops    TFLOPs       bytes      GB/s
  ------------------------------------------------------------------------------------------------------------------------
    0  LN       -1  x[1x4096]+w[4096]->y[1x4096]                        0.067ms    20.480 K      0.00   24.00 KiB      0.37
    1  Add      -1  a[1x4096]+b[1x4096]->y[1x4096]                      0.016ms     4.096 K      0.00   24.00 KiB      1.53
    2  LN       -1  x[1x4096]+w[4096]->y[1x4096]                        0.056ms    20.480 K      0.00   24.00 KiB      0.44
    3  FFN_W1    0  x[1x4096]+w[5504x4096]->y[1x5504]                   0.060ms    45.089 M      0.75   43.02 MiB    747.89
    4  FFN_W3    0  x[1x4096]+w[5504x4096]->y[1x5504]                   0.044ms    45.089 M      1.01   43.02 MiB   1014.99
    5  FFN_W1    1  x[1x4096]+w[5504x4096]->y[1x5504]                   0.045ms    45.089 M      1.01   43.02 MiB   1008.03
    6  FFN_W3    1  x[1x4096]+w[5504x4096]->y[1x5504]                   0.044ms    45.089 M      1.03   43.02 MiB   1031.63
    7  SwiGLU    0  a[1x5504]+b[1x5504]->y[1x5504]                      0.013ms    33.024 K      0.00   32.25 KiB      2.58
    8  SwiGLU    1  a[1x5504]+b[1x5504]->y[1x5504]                      0.012ms    33.024 K      0.00   32.25 KiB      2.67
    9  FFN_W2    0  x[1x5504]+w[4096x5504]->y[1x4096]                   0.047ms    45.089 M      0.97   43.02 MiB    966.03
   10  FFN_W2    1  x[1x5504]+w[4096x5504]->y[1x4096]                   0.046ms    45.089 M      0.97   43.02 MiB    972.42
   11  Add      -1  a[1x4096]+b[1x4096]->y[1x4096]                      0.009ms     4.096 K      0.00   24.00 KiB      2.86
[gpu-debug] segment avg latency (cuda_events): 0.344 ms
[gpu-debug] sum(per-op)               : 0.459 ms (ratio=1.337)
[gpu-debug] NOTE: sum(per-op) may differ from segment latency due to Python overhead, event/launch overhead, and allocator/cache effects.
[gpu-debug] cuda mem before warmup: alloc=272.15 MiB reserved=286.00 MiB
[gpu-debug] cuda mem after warmup : alloc=272.15 MiB reserved=286.00 MiB
[gpu-debug] cuda mem peak (this segment): max_alloc=272.17 MiB max_reserved=286.00 MiB
========================================================================================
[gpu-debug] segment_key=npu|decode|5|2ef4409498d14c672a4fbbfe6786cce6
[gpu-debug] sig: device_type=npu phase=decode step=5 (count_hint=32)
[gpu-debug] ops_repr: LN:-1,Add:-1,LN:-1,FFN_W1:0,FFN_W3:0,FFN_W1:1,FFN_W3:1,SwiGLU:0,SwiGLU:1,FFN_W2:0,FFN_W2:1,Add:-1
[gpu-debug] cfg: device=cuda dtype=torch.bfloat16 dim=4096 ffn_dim=11008 n_heads=32 shards=2
[gpu-debug] op plan (with inferred tensor shapes):
  - op#00  op=LN       shard=-1  x=[1x4096] + w=[4096]  ->  y=[1x4096]  (T=1, K=310)
  - op#01  op=Add      shard=-1  a=[1x4096] + b=[1x4096]  ->  y=[1x4096]  (T=1, K=310)
  - op#02  op=LN       shard=-1  x=[1x4096] + w=[4096]  ->  y=[1x4096]  (T=1, K=310)
  - op#03  op=FFN_W1   shard=0   x=[1x4096] + w=[5504x4096]  ->  y=[1x5504]  (T=1, K=310)
  - op#04  op=FFN_W3   shard=0   x=[1x4096] + w=[5504x4096]  ->  y=[1x5504]  (T=1, K=310)
  - op#05  op=FFN_W1   shard=1   x=[1x4096] + w=[5504x4096]  ->  y=[1x5504]  (T=1, K=310)
  - op#06  op=FFN_W3   shard=1   x=[1x4096] + w=[5504x4096]  ->  y=[1x5504]  (T=1, K=310)
  - op#07  op=SwiGLU   shard=0   a=[1x5504] + b=[1x5504]  ->  y=[1x5504]  (T=1, K=310)
  - op#08  op=SwiGLU   shard=1   a=[1x5504] + b=[1x5504]  ->  y=[1x5504]  (T=1, K=310)
  - op#09  op=FFN_W2   shard=0   x=[1x5504] + w=[4096x5504]  ->  y=[1x4096]  (T=1, K=310)
  - op#10  op=FFN_W2   shard=1   x=[1x5504] + w=[4096x5504]  ->  y=[1x4096]  (T=1, K=310)
  - op#11  op=Add      shard=-1  a=[1x4096] + b=[1x4096]  ->  y=[1x4096]  (T=1, K=310)
[gpu-debug] per-op timing breakdown (avg over iters):
  idx  op       sh  io                                                    time   est_flops    TFLOPs       bytes      GB/s
  ------------------------------------------------------------------------------------------------------------------------
    0  LN       -1  x[1x4096]+w[4096]->y[1x4096]                        0.066ms    20.480 K      0.00   24.00 KiB      0.37
    1  Add      -1  a[1x4096]+b[1x4096]->y[1x4096]                      0.016ms     4.096 K      0.00   24.00 KiB      1.53
    2  LN       -1  x[1x4096]+w[4096]->y[1x4096]                        0.057ms    20.480 K      0.00   24.00 KiB      0.43
    3  FFN_W1    0  x[1x4096]+w[5504x4096]->y[1x5504]                   0.061ms    45.089 M      0.74   43.02 MiB    739.11
    4  FFN_W3    0  x[1x4096]+w[5504x4096]->y[1x5504]                   0.045ms    45.089 M      1.01   43.02 MiB   1010.34
    5  FFN_W1    1  x[1x4096]+w[5504x4096]->y[1x5504]                   0.045ms    45.089 M      1.01   43.02 MiB   1012.66
    6  FFN_W3    1  x[1x4096]+w[5504x4096]->y[1x5504]                   0.044ms    45.089 M      1.03   43.02 MiB   1026.82
    7  SwiGLU    0  a[1x5504]+b[1x5504]->y[1x5504]                      0.013ms    33.024 K      0.00   32.25 KiB      2.62
    8  SwiGLU    1  a[1x5504]+b[1x5504]->y[1x5504]                      0.012ms    33.024 K      0.00   32.25 KiB      2.64
    9  FFN_W2    0  x[1x5504]+w[4096x5504]->y[1x4096]                   0.047ms    45.089 M      0.97   43.02 MiB    966.03
   10  FFN_W2    1  x[1x5504]+w[4096x5504]->y[1x4096]                   0.046ms    45.089 M      0.97   43.02 MiB    972.42
   11  Add      -1  a[1x4096]+b[1x4096]->y[1x4096]                      0.009ms     4.096 K      0.00   24.00 KiB      2.86
[gpu-debug] segment avg latency (cuda_events): 0.343 ms
[gpu-debug] sum(per-op)               : 0.460 ms (ratio=1.342)
[gpu-debug] NOTE: sum(per-op) may differ from segment latency due to Python overhead, event/launch overhead, and allocator/cache effects.
[gpu-debug] cuda mem before warmup: alloc=272.15 MiB reserved=286.00 MiB
[gpu-debug] cuda mem after warmup : alloc=272.15 MiB reserved=286.00 MiB
[gpu-debug] cuda mem peak (this segment): max_alloc=272.17 MiB max_reserved=286.00 MiB
========================================================================================
[gpu-debug] segment_key=npu|decode|6|2ef4409498d14c672a4fbbfe6786cce6
[gpu-debug] sig: device_type=npu phase=decode step=6 (count_hint=32)
[gpu-debug] ops_repr: LN:-1,Add:-1,LN:-1,FFN_W1:0,FFN_W3:0,FFN_W1:1,FFN_W3:1,SwiGLU:0,SwiGLU:1,FFN_W2:0,FFN_W2:1,Add:-1
[gpu-debug] cfg: device=cuda dtype=torch.bfloat16 dim=4096 ffn_dim=11008 n_heads=32 shards=2
[gpu-debug] op plan (with inferred tensor shapes):
  - op#00  op=LN       shard=-1  x=[1x4096] + w=[4096]  ->  y=[1x4096]  (T=1, K=322)
  - op#01  op=Add      shard=-1  a=[1x4096] + b=[1x4096]  ->  y=[1x4096]  (T=1, K=322)
  - op#02  op=LN       shard=-1  x=[1x4096] + w=[4096]  ->  y=[1x4096]  (T=1, K=322)
  - op#03  op=FFN_W1   shard=0   x=[1x4096] + w=[5504x4096]  ->  y=[1x5504]  (T=1, K=322)
  - op#04  op=FFN_W3   shard=0   x=[1x4096] + w=[5504x4096]  ->  y=[1x5504]  (T=1, K=322)
  - op#05  op=FFN_W1   shard=1   x=[1x4096] + w=[5504x4096]  ->  y=[1x5504]  (T=1, K=322)
  - op#06  op=FFN_W3   shard=1   x=[1x4096] + w=[5504x4096]  ->  y=[1x5504]  (T=1, K=322)
  - op#07  op=SwiGLU   shard=0   a=[1x5504] + b=[1x5504]  ->  y=[1x5504]  (T=1, K=322)
  - op#08  op=SwiGLU   shard=1   a=[1x5504] + b=[1x5504]  ->  y=[1x5504]  (T=1, K=322)
  - op#09  op=FFN_W2   shard=0   x=[1x5504] + w=[4096x5504]  ->  y=[1x4096]  (T=1, K=322)
  - op#10  op=FFN_W2   shard=1   x=[1x5504] + w=[4096x5504]  ->  y=[1x4096]  (T=1, K=322)
  - op#11  op=Add      shard=-1  a=[1x4096] + b=[1x4096]  ->  y=[1x4096]  (T=1, K=322)
[gpu-debug] per-op timing breakdown (avg over iters):
  idx  op       sh  io                                                    time   est_flops    TFLOPs       bytes      GB/s
  ------------------------------------------------------------------------------------------------------------------------
    0  LN       -1  x[1x4096]+w[4096]->y[1x4096]                        0.067ms    20.480 K      0.00   24.00 KiB      0.37
    1  Add      -1  a[1x4096]+b[1x4096]->y[1x4096]                      0.016ms     4.096 K      0.00   24.00 KiB      1.50
    2  LN       -1  x[1x4096]+w[4096]->y[1x4096]                        0.057ms    20.480 K      0.00   24.00 KiB      0.43
    3  FFN_W1    0  x[1x4096]+w[5504x4096]->y[1x5504]                   0.061ms    45.089 M      0.74   43.02 MiB    741.60
    4  FFN_W3    0  x[1x4096]+w[5504x4096]->y[1x5504]                   0.044ms    45.089 M      1.02   43.02 MiB   1022.06
    5  FFN_W1    1  x[1x4096]+w[5504x4096]->y[1x5504]                   0.045ms    45.089 M      1.01   43.02 MiB   1012.66
    6  FFN_W3    1  x[1x4096]+w[5504x4096]->y[1x5504]                   0.044ms    45.089 M      1.03   43.02 MiB   1026.82
    7  SwiGLU    0  a[1x5504]+b[1x5504]->y[1x5504]                      0.013ms    33.024 K      0.00   32.25 KiB      2.54
    8  SwiGLU    1  a[1x5504]+b[1x5504]->y[1x5504]                      0.012ms    33.024 K      0.00   32.25 KiB      2.67
    9  FFN_W2    0  x[1x5504]+w[4096x5504]->y[1x4096]                   0.047ms    45.089 M      0.96   43.02 MiB    963.91
   10  FFN_W2    1  x[1x5504]+w[4096x5504]->y[1x4096]                   0.046ms    45.089 M      0.97   43.02 MiB    972.42
   11  Add      -1  a[1x4096]+b[1x4096]->y[1x4096]                      0.009ms     4.096 K      0.00   24.00 KiB      2.82
[gpu-debug] segment avg latency (cuda_events): 0.344 ms
[gpu-debug] sum(per-op)               : 0.461 ms (ratio=1.339)
[gpu-debug] NOTE: sum(per-op) may differ from segment latency due to Python overhead, event/launch overhead, and allocator/cache effects.
[gpu-debug] cuda mem before warmup: alloc=272.15 MiB reserved=286.00 MiB
[gpu-debug] cuda mem after warmup : alloc=272.15 MiB reserved=286.00 MiB
[gpu-debug] cuda mem peak (this segment): max_alloc=272.17 MiB max_reserved=286.00 MiB
========================================================================================
[gpu-debug] segment_key=npu|decode|7|2ef4409498d14c672a4fbbfe6786cce6
[gpu-debug] sig: device_type=npu phase=decode step=7 (count_hint=32)
[gpu-debug] ops_repr: LN:-1,Add:-1,LN:-1,FFN_W1:0,FFN_W3:0,FFN_W1:1,FFN_W3:1,SwiGLU:0,SwiGLU:1,FFN_W2:0,FFN_W2:1,Add:-1
[gpu-debug] cfg: device=cuda dtype=torch.bfloat16 dim=4096 ffn_dim=11008 n_heads=32 shards=2
[gpu-debug] op plan (with inferred tensor shapes):
  - op#00  op=LN       shard=-1  x=[1x4096] + w=[4096]  ->  y=[1x4096]  (T=1, K=334)
  - op#01  op=Add      shard=-1  a=[1x4096] + b=[1x4096]  ->  y=[1x4096]  (T=1, K=334)
  - op#02  op=LN       shard=-1  x=[1x4096] + w=[4096]  ->  y=[1x4096]  (T=1, K=334)
  - op#03  op=FFN_W1   shard=0   x=[1x4096] + w=[5504x4096]  ->  y=[1x5504]  (T=1, K=334)
  - op#04  op=FFN_W3   shard=0   x=[1x4096] + w=[5504x4096]  ->  y=[1x5504]  (T=1, K=334)
  - op#05  op=FFN_W1   shard=1   x=[1x4096] + w=[5504x4096]  ->  y=[1x5504]  (T=1, K=334)
  - op#06  op=FFN_W3   shard=1   x=[1x4096] + w=[5504x4096]  ->  y=[1x5504]  (T=1, K=334)
  - op#07  op=SwiGLU   shard=0   a=[1x5504] + b=[1x5504]  ->  y=[1x5504]  (T=1, K=334)
  - op#08  op=SwiGLU   shard=1   a=[1x5504] + b=[1x5504]  ->  y=[1x5504]  (T=1, K=334)
  - op#09  op=FFN_W2   shard=0   x=[1x5504] + w=[4096x5504]  ->  y=[1x4096]  (T=1, K=334)
  - op#10  op=FFN_W2   shard=1   x=[1x5504] + w=[4096x5504]  ->  y=[1x4096]  (T=1, K=334)
  - op#11  op=Add      shard=-1  a=[1x4096] + b=[1x4096]  ->  y=[1x4096]  (T=1, K=334)
[gpu-debug] per-op timing breakdown (avg over iters):
  idx  op       sh  io                                                    time   est_flops    TFLOPs       bytes      GB/s
  ------------------------------------------------------------------------------------------------------------------------
    0  LN       -1  x[1x4096]+w[4096]->y[1x4096]                        0.067ms    20.480 K      0.00   24.00 KiB      0.37
    1  Add      -1  a[1x4096]+b[1x4096]->y[1x4096]                      0.016ms     4.096 K      0.00   24.00 KiB      1.51
    2  LN       -1  x[1x4096]+w[4096]->y[1x4096]                        0.058ms    20.480 K      0.00   24.00 KiB      0.43
    3  FFN_W1    0  x[1x4096]+w[5504x4096]->y[1x5504]                   0.061ms    45.089 M      0.74   43.02 MiB    744.10
    4  FFN_W3    0  x[1x4096]+w[5504x4096]->y[1x5504]                   0.044ms    45.089 M      1.01   43.02 MiB   1014.99
    5  FFN_W1    1  x[1x4096]+w[5504x4096]->y[1x5504]                   0.044ms    45.089 M      1.01   43.02 MiB   1014.99
    6  FFN_W3    1  x[1x4096]+w[5504x4096]->y[1x5504]                   0.044ms    45.089 M      1.03   43.02 MiB   1031.63
    7  SwiGLU    0  a[1x5504]+b[1x5504]->y[1x5504]                      0.013ms    33.024 K      0.00   32.25 KiB      2.60
    8  SwiGLU    1  a[1x5504]+b[1x5504]->y[1x5504]                      0.013ms    33.024 K      0.00   32.25 KiB      2.62
    9  FFN_W2    0  x[1x5504]+w[4096x5504]->y[1x4096]                   0.047ms    45.089 M      0.96   43.02 MiB    955.55
   10  FFN_W2    1  x[1x5504]+w[4096x5504]->y[1x4096]                   0.046ms    45.089 M      0.97   43.02 MiB    972.42
   11  Add      -1  a[1x4096]+b[1x4096]->y[1x4096]                      0.008ms     4.096 K      0.00   24.00 KiB      2.89
[gpu-debug] segment avg latency (cuda_events): 0.345 ms
[gpu-debug] sum(per-op)               : 0.462 ms (ratio=1.336)
[gpu-debug] NOTE: sum(per-op) may differ from segment latency due to Python overhead, event/launch overhead, and allocator/cache effects.
[gpu-debug] cuda mem before warmup: alloc=272.15 MiB reserved=286.00 MiB
[gpu-debug] cuda mem after warmup : alloc=272.15 MiB reserved=286.00 MiB
[gpu-debug] cuda mem peak (this segment): max_alloc=272.17 MiB max_reserved=286.00 MiB
========================================================================================
[gpu-debug] segment_key=npu|decode|8|2ef4409498d14c672a4fbbfe6786cce6
[gpu-debug] sig: device_type=npu phase=decode step=8 (count_hint=32)
[gpu-debug] ops_repr: LN:-1,Add:-1,LN:-1,FFN_W1:0,FFN_W3:0,FFN_W1:1,FFN_W3:1,SwiGLU:0,SwiGLU:1,FFN_W2:0,FFN_W2:1,Add:-1
[gpu-debug] cfg: device=cuda dtype=torch.bfloat16 dim=4096 ffn_dim=11008 n_heads=32 shards=2
[gpu-debug] op plan (with inferred tensor shapes):
  - op#00  op=LN       shard=-1  x=[1x4096] + w=[4096]  ->  y=[1x4096]  (T=1, K=346)
  - op#01  op=Add      shard=-1  a=[1x4096] + b=[1x4096]  ->  y=[1x4096]  (T=1, K=346)
  - op#02  op=LN       shard=-1  x=[1x4096] + w=[4096]  ->  y=[1x4096]  (T=1, K=346)
  - op#03  op=FFN_W1   shard=0   x=[1x4096] + w=[5504x4096]  ->  y=[1x5504]  (T=1, K=346)
  - op#04  op=FFN_W3   shard=0   x=[1x4096] + w=[5504x4096]  ->  y=[1x5504]  (T=1, K=346)
  - op#05  op=FFN_W1   shard=1   x=[1x4096] + w=[5504x4096]  ->  y=[1x5504]  (T=1, K=346)
  - op#06  op=FFN_W3   shard=1   x=[1x4096] + w=[5504x4096]  ->  y=[1x5504]  (T=1, K=346)
  - op#07  op=SwiGLU   shard=0   a=[1x5504] + b=[1x5504]  ->  y=[1x5504]  (T=1, K=346)
  - op#08  op=SwiGLU   shard=1   a=[1x5504] + b=[1x5504]  ->  y=[1x5504]  (T=1, K=346)
  - op#09  op=FFN_W2   shard=0   x=[1x5504] + w=[4096x5504]  ->  y=[1x4096]  (T=1, K=346)
  - op#10  op=FFN_W2   shard=1   x=[1x5504] + w=[4096x5504]  ->  y=[1x4096]  (T=1, K=346)
  - op#11  op=Add      shard=-1  a=[1x4096] + b=[1x4096]  ->  y=[1x4096]  (T=1, K=346)
[gpu-debug] per-op timing breakdown (avg over iters):
  idx  op       sh  io                                                    time   est_flops    TFLOPs       bytes      GB/s
  ------------------------------------------------------------------------------------------------------------------------
    0  LN       -1  x[1x4096]+w[4096]->y[1x4096]                        0.067ms    20.480 K      0.00   24.00 KiB      0.37
    1  Add      -1  a[1x4096]+b[1x4096]->y[1x4096]                      0.016ms     4.096 K      0.00   24.00 KiB      1.52
    2  LN       -1  x[1x4096]+w[4096]->y[1x4096]                        0.057ms    20.480 K      0.00   24.00 KiB      0.43
    3  FFN_W1    0  x[1x4096]+w[5504x4096]->y[1x5504]                   0.061ms    45.089 M      0.74   43.02 MiB    744.10
    4  FFN_W3    0  x[1x4096]+w[5504x4096]->y[1x5504]                   0.045ms    45.089 M      1.01   43.02 MiB   1012.66
    5  FFN_W1    1  x[1x4096]+w[5504x4096]->y[1x5504]                   0.045ms    45.089 M      1.01   43.02 MiB   1008.03
    6  FFN_W3    1  x[1x4096]+w[5504x4096]->y[1x5504]                   0.044ms    45.089 M      1.03   43.02 MiB   1026.82
    7  SwiGLU    0  a[1x5504]+b[1x5504]->y[1x5504]                      0.013ms    33.024 K      0.00   32.25 KiB      2.52
    8  SwiGLU    1  a[1x5504]+b[1x5504]->y[1x5504]                      0.012ms    33.024 K      0.00   32.25 KiB      2.67
    9  FFN_W2    0  x[1x5504]+w[4096x5504]->y[1x4096]                   0.047ms    45.089 M      0.97   43.02 MiB    966.03
   10  FFN_W2    1  x[1x5504]+w[4096x5504]->y[1x4096]                   0.046ms    45.089 M      0.97   43.02 MiB    974.57
   11  Add      -1  a[1x4096]+b[1x4096]->y[1x4096]                      0.009ms     4.096 K      0.00   24.00 KiB      2.79
[gpu-debug] segment avg latency (cuda_events): 0.343 ms
[gpu-debug] sum(per-op)               : 0.462 ms (ratio=1.348)
[gpu-debug] NOTE: sum(per-op) may differ from segment latency due to Python overhead, event/launch overhead, and allocator/cache effects.
[gpu-debug] cuda mem before warmup: alloc=272.15 MiB reserved=286.00 MiB
[gpu-debug] cuda mem after warmup : alloc=272.15 MiB reserved=286.00 MiB
[gpu-debug] cuda mem peak (this segment): max_alloc=272.17 MiB max_reserved=286.00 MiB
========================================================================================
[gpu-debug] segment_key=npu|decode|9|2ef4409498d14c672a4fbbfe6786cce6
[gpu-debug] sig: device_type=npu phase=decode step=9 (count_hint=32)
[gpu-debug] ops_repr: LN:-1,Add:-1,LN:-1,FFN_W1:0,FFN_W3:0,FFN_W1:1,FFN_W3:1,SwiGLU:0,SwiGLU:1,FFN_W2:0,FFN_W2:1,Add:-1
[gpu-debug] cfg: device=cuda dtype=torch.bfloat16 dim=4096 ffn_dim=11008 n_heads=32 shards=2
[gpu-debug] op plan (with inferred tensor shapes):
  - op#00  op=LN       shard=-1  x=[1x4096] + w=[4096]  ->  y=[1x4096]  (T=1, K=358)
  - op#01  op=Add      shard=-1  a=[1x4096] + b=[1x4096]  ->  y=[1x4096]  (T=1, K=358)
  - op#02  op=LN       shard=-1  x=[1x4096] + w=[4096]  ->  y=[1x4096]  (T=1, K=358)
  - op#03  op=FFN_W1   shard=0   x=[1x4096] + w=[5504x4096]  ->  y=[1x5504]  (T=1, K=358)
  - op#04  op=FFN_W3   shard=0   x=[1x4096] + w=[5504x4096]  ->  y=[1x5504]  (T=1, K=358)
  - op#05  op=FFN_W1   shard=1   x=[1x4096] + w=[5504x4096]  ->  y=[1x5504]  (T=1, K=358)
  - op#06  op=FFN_W3   shard=1   x=[1x4096] + w=[5504x4096]  ->  y=[1x5504]  (T=1, K=358)
  - op#07  op=SwiGLU   shard=0   a=[1x5504] + b=[1x5504]  ->  y=[1x5504]  (T=1, K=358)
  - op#08  op=SwiGLU   shard=1   a=[1x5504] + b=[1x5504]  ->  y=[1x5504]  (T=1, K=358)
  - op#09  op=FFN_W2   shard=0   x=[1x5504] + w=[4096x5504]  ->  y=[1x4096]  (T=1, K=358)
  - op#10  op=FFN_W2   shard=1   x=[1x5504] + w=[4096x5504]  ->  y=[1x4096]  (T=1, K=358)
  - op#11  op=Add      shard=-1  a=[1x4096] + b=[1x4096]  ->  y=[1x4096]  (T=1, K=358)
[gpu-debug] per-op timing breakdown (avg over iters):
  idx  op       sh  io                                                    time   est_flops    TFLOPs       bytes      GB/s
  ------------------------------------------------------------------------------------------------------------------------
    0  LN       -1  x[1x4096]+w[4096]->y[1x4096]                        0.067ms    20.480 K      0.00   24.00 KiB      0.37
    1  Add      -1  a[1x4096]+b[1x4096]->y[1x4096]                      0.016ms     4.096 K      0.00   24.00 KiB      1.55
    2  LN       -1  x[1x4096]+w[4096]->y[1x4096]                        0.058ms    20.480 K      0.00   24.00 KiB      0.43
    3  FFN_W1    0  x[1x4096]+w[5504x4096]->y[1x5504]                   0.061ms    45.089 M      0.74   43.02 MiB    737.87
    4  FFN_W3    0  x[1x4096]+w[5504x4096]->y[1x5504]                   0.045ms    45.089 M      1.01   43.02 MiB   1012.66
    5  FFN_W1    1  x[1x4096]+w[5504x4096]->y[1x5504]                   0.045ms    45.089 M      1.01   43.02 MiB   1012.66
    6  FFN_W3    1  x[1x4096]+w[5504x4096]->y[1x5504]                   0.044ms    45.089 M      1.03   43.02 MiB   1029.22
    7  SwiGLU    0  a[1x5504]+b[1x5504]->y[1x5504]                      0.013ms    33.024 K      0.00   32.25 KiB      2.56
    8  SwiGLU    1  a[1x5504]+b[1x5504]->y[1x5504]                      0.012ms    33.024 K      0.00   32.25 KiB      2.67
    9  FFN_W2    0  x[1x5504]+w[4096x5504]->y[1x4096]                   0.047ms    45.089 M      0.96   43.02 MiB    961.81
   10  FFN_W2    1  x[1x5504]+w[4096x5504]->y[1x4096]                   0.046ms    45.089 M      0.97   43.02 MiB    974.57
   11  Add      -1  a[1x4096]+b[1x4096]->y[1x4096]                      0.008ms     4.096 K      0.00   24.00 KiB      2.89
[gpu-debug] segment avg latency (cuda_events): 0.343 ms
[gpu-debug] sum(per-op)               : 0.461 ms (ratio=1.343)
[gpu-debug] NOTE: sum(per-op) may differ from segment latency due to Python overhead, event/launch overhead, and allocator/cache effects.
[gpu-debug] cuda mem before warmup: alloc=272.15 MiB reserved=286.00 MiB
[gpu-debug] cuda mem after warmup : alloc=272.15 MiB reserved=286.00 MiB
[gpu-debug] cuda mem peak (this segment): max_alloc=272.17 MiB max_reserved=286.00 MiB
========================================================================================
[gpu-debug] segment_key=npu|prefill|-1|2ef4409498d14c672a4fbbfe6786cce6
[gpu-debug] sig: device_type=npu phase=prefill step=-1 (count_hint=32)
[gpu-debug] ops_repr: LN:-1,Add:-1,LN:-1,FFN_W1:0,FFN_W3:0,FFN_W1:1,FFN_W3:1,SwiGLU:0,SwiGLU:1,FFN_W2:0,FFN_W2:1,Add:-1
[gpu-debug] cfg: device=cuda dtype=torch.bfloat16 dim=4096 ffn_dim=11008 n_heads=32 shards=2
[gpu-debug] op plan (with inferred tensor shapes):
  - op#00  op=LN       shard=-1  x=[262x4096] + w=[4096]  ->  y=[262x4096]  (T=262, K=262)
  - op#01  op=Add      shard=-1  a=[262x4096] + b=[262x4096]  ->  y=[262x4096]  (T=262, K=262)
  - op#02  op=LN       shard=-1  x=[262x4096] + w=[4096]  ->  y=[262x4096]  (T=262, K=262)
  - op#03  op=FFN_W1   shard=0   x=[262x4096] + w=[5504x4096]  ->  y=[262x5504]  (T=262, K=262)
  - op#04  op=FFN_W3   shard=0   x=[262x4096] + w=[5504x4096]  ->  y=[262x5504]  (T=262, K=262)
  - op#05  op=FFN_W1   shard=1   x=[262x4096] + w=[5504x4096]  ->  y=[262x5504]  (T=262, K=262)
  - op#06  op=FFN_W3   shard=1   x=[262x4096] + w=[5504x4096]  ->  y=[262x5504]  (T=262, K=262)
  - op#07  op=SwiGLU   shard=0   a=[262x5504] + b=[262x5504]  ->  y=[262x5504]  (T=262, K=262)
  - op#08  op=SwiGLU   shard=1   a=[262x5504] + b=[262x5504]  ->  y=[262x5504]  (T=262, K=262)
  - op#09  op=FFN_W2   shard=0   x=[262x5504] + w=[4096x5504]  ->  y=[262x4096]  (T=262, K=262)
  - op#10  op=FFN_W2   shard=1   x=[262x5504] + w=[4096x5504]  ->  y=[262x4096]  (T=262, K=262)
  - op#11  op=Add      shard=-1  a=[262x4096] + b=[262x4096]  ->  y=[262x4096]  (T=262, K=262)
[gpu-debug] per-op timing breakdown (avg over iters):
  idx  op       sh  io                                                    time   est_flops    TFLOPs       bytes      GB/s
  ------------------------------------------------------------------------------------------------------------------------
    0  LN       -1  x[262x4096]+w[4096]->y[262x4096]                    0.075ms     5.366 M      0.07    4.10 MiB     56.99
    1  Add      -1  a[262x4096]+b[262x4096]->y[262x4096]                0.013ms     1.073 M      0.08    6.14 MiB    480.00
    2  LN       -1  x[262x4096]+w[4096]->y[262x4096]                    0.069ms     5.366 M      0.08    4.10 MiB     62.31
    3  FFN_W1    0  x[262x4096]+w[5504x4096]->y[262x5504]               0.151ms    11.813 G     78.37   47.80 MiB    332.50
    4  FFN_W3    0  x[262x4096]+w[5504x4096]->y[262x5504]               0.138ms    11.813 G     85.52   47.80 MiB    362.82
    5  FFN_W1    1  x[262x4096]+w[5504x4096]->y[262x5504]               0.138ms    11.813 G     85.33   47.80 MiB    362.02
    6  FFN_W3    1  x[262x4096]+w[5504x4096]->y[262x5504]               0.138ms    11.813 G     85.33   47.80 MiB    362.02
    7  SwiGLU    0  a[262x5504]+b[262x5504]->y[262x5504]                0.021ms     8.652 M      0.41    8.25 MiB    414.19
    8  SwiGLU    1  a[262x5504]+b[262x5504]->y[262x5504]                0.019ms     8.652 M      0.45    8.25 MiB    451.84
    9  FFN_W2    0  x[262x5504]+w[4096x5504]->y[262x4096]               0.114ms    11.813 G    103.56   47.80 MiB    439.36
   10  FFN_W2    1  x[262x5504]+w[4096x5504]->y[262x4096]               0.113ms    11.813 G    104.59   47.80 MiB    443.74
   11  Add      -1  a[262x4096]+b[262x4096]->y[262x4096]                0.011ms     1.073 M      0.10    6.14 MiB    604.62
[gpu-debug] segment avg latency (cuda_events): 0.926 ms
[gpu-debug] sum(per-op)               : 1.001 ms (ratio=1.081)
[gpu-debug] NOTE: sum(per-op) may differ from segment latency due to Python overhead, event/launch overhead, and allocator/cache effects.
[gpu-debug] cuda mem before warmup: alloc=272.15 MiB reserved=286.00 MiB
[gpu-debug] cuda mem after warmup : alloc=276.95 MiB reserved=286.00 MiB
[gpu-debug] cuda mem peak (this segment): max_alloc=282.45 MiB max_reserved=286.00 MiB
  progress 13/13
