[run-gpu] tasks=8 warmup=3 iters=10 device=cuda dtype=bf16 segment_scope=layer
[run-gpu] extra weight_load_s=0.400513s (will be added in merge)
[run-gpu] GPU[0] NVIDIA A100-PCIE-40GB; SM=108, CC=8.0
[run-gpu] nvidia-smi -L: GPU 0: NVIDIA A100-PCIE-40GB (UUID: GPU-10fd0274-d52f-ca61-05e2-aaf982e4391e)
[run-gpu] nvidia-smi query: NVIDIA A100-PCIE-40GB, GPU-10fd0274-d52f-ca61-05e2-aaf982e4391e, 560.35.03, 40960
[run-gpu][debug] torch_default_dtype=torch.float32
[run-gpu][debug] torch.backends.cuda.matmul.allow_tf32=False
[run-gpu][debug] cudnn.enabled=True benchmark=False deterministic=False allow_tf32=True
[run-gpu][debug] nvidia-smi snapshot: 0, 0, 0, 4, 40960, 35, 33.42, 250.00
========================================================================================
[gpu-debug] segment_key=npu|decode|0|ff6dcf33668f3ebc9cf61e7eb43c6a84
[gpu-debug] sig: device_type=npu phase=decode step=0 (count_hint=32)
[gpu-debug] ops_repr: LN:-1,Add:-1,LN:-1,FFN_W3:0,FFN_W3:1,SwiGLU:0,SwiGLU:1,Add:-1
[gpu-debug] cfg: device=cuda dtype=torch.bfloat16 dim=4096 ffn_dim=11008 n_heads=32 shards=2
[gpu-debug] op plan (with inferred tensor shapes):
  - op#00  op=LN       shard=-1  x=[1x4096] + w=[4096]  ->  y=[1x4096]  (T=1, K=263)
  - op#01  op=Add      shard=-1  a=[1x4096] + b=[1x4096]  ->  y=[1x4096]  (T=1, K=263)
  - op#02  op=LN       shard=-1  x=[1x4096] + w=[4096]  ->  y=[1x4096]  (T=1, K=263)
  - op#03  op=FFN_W3   shard=0   x=[1x4096] + w=[5504x4096]  ->  y=[1x5504]  (T=1, K=263)
  - op#04  op=FFN_W3   shard=1   x=[1x4096] + w=[5504x4096]  ->  y=[1x5504]  (T=1, K=263)
  - op#05  op=SwiGLU   shard=0   a=[1x5504] + b=[1x5504]  ->  y=[1x5504]  (T=1, K=263)
  - op#06  op=SwiGLU   shard=1   a=[1x5504] + b=[1x5504]  ->  y=[1x5504]  (T=1, K=263)
  - op#07  op=Add      shard=-1  a=[1x4096] + b=[1x4096]  ->  y=[1x4096]  (T=1, K=263)
[gpu-debug] per-op timing breakdown (avg over iters):
  idx  op       sh  io                                                    time   est_flops    TFLOPs       bytes      GB/s
  ------------------------------------------------------------------------------------------------------------------------
    0  LN       -1  x[1x4096]+w[4096]->y[1x4096]                        0.068ms    20.480 K      0.00   24.00 KiB      0.36
    1  Add      -1  a[1x4096]+b[1x4096]->y[1x4096]                      0.017ms     4.096 K      0.00   24.00 KiB      1.46
    2  LN       -1  x[1x4096]+w[4096]->y[1x4096]                        0.058ms    20.480 K      0.00   24.00 KiB      0.43
    3  FFN_W3    0  x[1x4096]+w[5504x4096]->y[1x5504]                   0.063ms    45.089 M      0.72   43.02 MiB    719.78
    4  FFN_W3    1  x[1x4096]+w[5504x4096]->y[1x5504]                   0.046ms    45.089 M      0.98   43.02 MiB    981.09
    5  SwiGLU    0  a[1x5504]+b[1x5504]->y[1x5504]                      0.014ms    33.024 K      0.00   32.25 KiB      2.32
    6  SwiGLU    1  a[1x5504]+b[1x5504]->y[1x5504]                      0.014ms    33.024 K      0.00   32.25 KiB      2.32
    7  Add      -1  a[1x4096]+b[1x4096]->y[1x4096]                      0.010ms     4.096 K      0.00   24.00 KiB      2.47
[gpu-debug] segment avg latency (cuda_events): 0.195 ms
[gpu-debug] sum(per-op)               : 0.289 ms (ratio=1.481)
[gpu-debug] NOTE: sum(per-op) may differ from segment latency due to Python overhead, event/launch overhead, and allocator/cache effects.
[gpu-debug] cuda mem before warmup: alloc=0 B reserved=0 B
[gpu-debug] cuda mem after warmup : alloc=96.15 MiB reserved=110.00 MiB
[gpu-debug] cuda mem peak (this segment): max_alloc=96.17 MiB max_reserved=110.00 MiB
========================================================================================
[gpu-debug] segment_key=npu|decode|1|ff6dcf33668f3ebc9cf61e7eb43c6a84
[gpu-debug] sig: device_type=npu phase=decode step=1 (count_hint=32)
[gpu-debug] ops_repr: LN:-1,Add:-1,LN:-1,FFN_W3:0,FFN_W3:1,SwiGLU:0,SwiGLU:1,Add:-1
[gpu-debug] cfg: device=cuda dtype=torch.bfloat16 dim=4096 ffn_dim=11008 n_heads=32 shards=2
[gpu-debug] op plan (with inferred tensor shapes):
  - op#00  op=LN       shard=-1  x=[1x4096] + w=[4096]  ->  y=[1x4096]  (T=1, K=264)
  - op#01  op=Add      shard=-1  a=[1x4096] + b=[1x4096]  ->  y=[1x4096]  (T=1, K=264)
  - op#02  op=LN       shard=-1  x=[1x4096] + w=[4096]  ->  y=[1x4096]  (T=1, K=264)
  - op#03  op=FFN_W3   shard=0   x=[1x4096] + w=[5504x4096]  ->  y=[1x5504]  (T=1, K=264)
  - op#04  op=FFN_W3   shard=1   x=[1x4096] + w=[5504x4096]  ->  y=[1x5504]  (T=1, K=264)
  - op#05  op=SwiGLU   shard=0   a=[1x5504] + b=[1x5504]  ->  y=[1x5504]  (T=1, K=264)
  - op#06  op=SwiGLU   shard=1   a=[1x5504] + b=[1x5504]  ->  y=[1x5504]  (T=1, K=264)
  - op#07  op=Add      shard=-1  a=[1x4096] + b=[1x4096]  ->  y=[1x4096]  (T=1, K=264)
[gpu-debug] per-op timing breakdown (avg over iters):
  idx  op       sh  io                                                    time   est_flops    TFLOPs       bytes      GB/s
  ------------------------------------------------------------------------------------------------------------------------
    0  LN       -1  x[1x4096]+w[4096]->y[1x4096]                        0.066ms    20.480 K      0.00   24.00 KiB      0.37
    1  Add      -1  a[1x4096]+b[1x4096]->y[1x4096]                      0.016ms     4.096 K      0.00   24.00 KiB      1.49
    2  LN       -1  x[1x4096]+w[4096]->y[1x4096]                        0.058ms    20.480 K      0.00   24.00 KiB      0.43
    3  FFN_W3    0  x[1x4096]+w[5504x4096]->y[1x5504]                   0.062ms    45.089 M      0.72   43.02 MiB    722.14
    4  FFN_W3    1  x[1x4096]+w[5504x4096]->y[1x5504]                   0.046ms    45.089 M      0.99   43.02 MiB    989.90
    5  SwiGLU    0  a[1x5504]+b[1x5504]->y[1x5504]                      0.014ms    33.024 K      0.00   32.25 KiB      2.32
    6  SwiGLU    1  a[1x5504]+b[1x5504]->y[1x5504]                      0.013ms    33.024 K      0.00   32.25 KiB      2.46
    7  Add      -1  a[1x4096]+b[1x4096]->y[1x4096]                      0.009ms     4.096 K      0.00   24.00 KiB      2.82
[gpu-debug] segment avg latency (cuda_events): 0.189 ms
[gpu-debug] sum(per-op)               : 0.285 ms (ratio=1.504)
[gpu-debug] NOTE: sum(per-op) may differ from segment latency due to Python overhead, event/launch overhead, and allocator/cache effects.
[gpu-debug] cuda mem before warmup: alloc=96.15 MiB reserved=110.00 MiB
[gpu-debug] cuda mem after warmup : alloc=96.15 MiB reserved=110.00 MiB
[gpu-debug] cuda mem peak (this segment): max_alloc=96.17 MiB max_reserved=110.00 MiB
========================================================================================
[gpu-debug] segment_key=npu|decode|2|ff6dcf33668f3ebc9cf61e7eb43c6a84
[gpu-debug] sig: device_type=npu phase=decode step=2 (count_hint=32)
[gpu-debug] ops_repr: LN:-1,Add:-1,LN:-1,FFN_W3:0,FFN_W3:1,SwiGLU:0,SwiGLU:1,Add:-1
[gpu-debug] cfg: device=cuda dtype=torch.bfloat16 dim=4096 ffn_dim=11008 n_heads=32 shards=2
[gpu-debug] op plan (with inferred tensor shapes):
  - op#00  op=LN       shard=-1  x=[1x4096] + w=[4096]  ->  y=[1x4096]  (T=1, K=274)
  - op#01  op=Add      shard=-1  a=[1x4096] + b=[1x4096]  ->  y=[1x4096]  (T=1, K=274)
  - op#02  op=LN       shard=-1  x=[1x4096] + w=[4096]  ->  y=[1x4096]  (T=1, K=274)
  - op#03  op=FFN_W3   shard=0   x=[1x4096] + w=[5504x4096]  ->  y=[1x5504]  (T=1, K=274)
  - op#04  op=FFN_W3   shard=1   x=[1x4096] + w=[5504x4096]  ->  y=[1x5504]  (T=1, K=274)
  - op#05  op=SwiGLU   shard=0   a=[1x5504] + b=[1x5504]  ->  y=[1x5504]  (T=1, K=274)
  - op#06  op=SwiGLU   shard=1   a=[1x5504] + b=[1x5504]  ->  y=[1x5504]  (T=1, K=274)
  - op#07  op=Add      shard=-1  a=[1x4096] + b=[1x4096]  ->  y=[1x4096]  (T=1, K=274)
[gpu-debug] per-op timing breakdown (avg over iters):
  idx  op       sh  io                                                    time   est_flops    TFLOPs       bytes      GB/s
  ------------------------------------------------------------------------------------------------------------------------
    0  LN       -1  x[1x4096]+w[4096]->y[1x4096]                        0.066ms    20.480 K      0.00   24.00 KiB      0.37
    1  Add      -1  a[1x4096]+b[1x4096]->y[1x4096]                      0.016ms     4.096 K      0.00   24.00 KiB      1.51
    2  LN       -1  x[1x4096]+w[4096]->y[1x4096]                        0.058ms    20.480 K      0.00   24.00 KiB      0.43
    3  FFN_W3    0  x[1x4096]+w[5504x4096]->y[1x5504]                   0.062ms    45.089 M      0.73   43.02 MiB    729.32
    4  FFN_W3    1  x[1x4096]+w[5504x4096]->y[1x5504]                   0.046ms    45.089 M      0.99   43.02 MiB    989.90
    5  SwiGLU    0  a[1x5504]+b[1x5504]->y[1x5504]                      0.014ms    33.024 K      0.00   32.25 KiB      2.34
    6  SwiGLU    1  a[1x5504]+b[1x5504]->y[1x5504]                      0.014ms    33.024 K      0.00   32.25 KiB      2.42
    7  Add      -1  a[1x4096]+b[1x4096]->y[1x4096]                      0.009ms     4.096 K      0.00   24.00 KiB      2.86
[gpu-debug] segment avg latency (cuda_events): 0.187 ms
[gpu-debug] sum(per-op)               : 0.284 ms (ratio=1.516)
[gpu-debug] NOTE: sum(per-op) may differ from segment latency due to Python overhead, event/launch overhead, and allocator/cache effects.
[gpu-debug] cuda mem before warmup: alloc=96.15 MiB reserved=110.00 MiB
[gpu-debug] cuda mem after warmup : alloc=96.15 MiB reserved=110.00 MiB
[gpu-debug] cuda mem peak (this segment): max_alloc=96.17 MiB max_reserved=110.00 MiB
========================================================================================
[gpu-debug] segment_key=npu|decode|3|ff6dcf33668f3ebc9cf61e7eb43c6a84
[gpu-debug] sig: device_type=npu phase=decode step=3 (count_hint=32)
[gpu-debug] ops_repr: LN:-1,Add:-1,LN:-1,FFN_W3:0,FFN_W3:1,SwiGLU:0,SwiGLU:1,Add:-1
[gpu-debug] cfg: device=cuda dtype=torch.bfloat16 dim=4096 ffn_dim=11008 n_heads=32 shards=2
[gpu-debug] op plan (with inferred tensor shapes):
  - op#00  op=LN       shard=-1  x=[1x4096] + w=[4096]  ->  y=[1x4096]  (T=1, K=286)
  - op#01  op=Add      shard=-1  a=[1x4096] + b=[1x4096]  ->  y=[1x4096]  (T=1, K=286)
  - op#02  op=LN       shard=-1  x=[1x4096] + w=[4096]  ->  y=[1x4096]  (T=1, K=286)
  - op#03  op=FFN_W3   shard=0   x=[1x4096] + w=[5504x4096]  ->  y=[1x5504]  (T=1, K=286)
  - op#04  op=FFN_W3   shard=1   x=[1x4096] + w=[5504x4096]  ->  y=[1x5504]  (T=1, K=286)
  - op#05  op=SwiGLU   shard=0   a=[1x5504] + b=[1x5504]  ->  y=[1x5504]  (T=1, K=286)
  - op#06  op=SwiGLU   shard=1   a=[1x5504] + b=[1x5504]  ->  y=[1x5504]  (T=1, K=286)
  - op#07  op=Add      shard=-1  a=[1x4096] + b=[1x4096]  ->  y=[1x4096]  (T=1, K=286)
[gpu-debug] per-op timing breakdown (avg over iters):
  idx  op       sh  io                                                    time   est_flops    TFLOPs       bytes      GB/s
  ------------------------------------------------------------------------------------------------------------------------
    0  LN       -1  x[1x4096]+w[4096]->y[1x4096]                        0.065ms    20.480 K      0.00   24.00 KiB      0.38
    1  Add      -1  a[1x4096]+b[1x4096]->y[1x4096]                      0.016ms     4.096 K      0.00   24.00 KiB      1.53
    2  LN       -1  x[1x4096]+w[4096]->y[1x4096]                        0.057ms    20.480 K      0.00   24.00 KiB      0.43
    3  FFN_W3    0  x[1x4096]+w[5504x4096]->y[1x5504]                   0.062ms    45.089 M      0.73   43.02 MiB    725.71
    4  FFN_W3    1  x[1x4096]+w[5504x4096]->y[1x5504]                   0.046ms    45.089 M      0.98   43.02 MiB    978.91
    5  SwiGLU    0  a[1x5504]+b[1x5504]->y[1x5504]                      0.014ms    33.024 K      0.00   32.25 KiB      2.34
    6  SwiGLU    1  a[1x5504]+b[1x5504]->y[1x5504]                      0.014ms    33.024 K      0.00   32.25 KiB      2.37
    7  Add      -1  a[1x4096]+b[1x4096]->y[1x4096]                      0.009ms     4.096 K      0.00   24.00 KiB      2.82
[gpu-debug] segment avg latency (cuda_events): 0.187 ms
[gpu-debug] sum(per-op)               : 0.283 ms (ratio=1.513)
[gpu-debug] NOTE: sum(per-op) may differ from segment latency due to Python overhead, event/launch overhead, and allocator/cache effects.
[gpu-debug] cuda mem before warmup: alloc=96.15 MiB reserved=110.00 MiB
[gpu-debug] cuda mem after warmup : alloc=96.15 MiB reserved=110.00 MiB
[gpu-debug] cuda mem peak (this segment): max_alloc=96.17 MiB max_reserved=110.00 MiB
========================================================================================
[gpu-debug] segment_key=npu|decode|4|ff6dcf33668f3ebc9cf61e7eb43c6a84
[gpu-debug] sig: device_type=npu phase=decode step=4 (count_hint=32)
[gpu-debug] ops_repr: LN:-1,Add:-1,LN:-1,FFN_W3:0,FFN_W3:1,SwiGLU:0,SwiGLU:1,Add:-1
[gpu-debug] cfg: device=cuda dtype=torch.bfloat16 dim=4096 ffn_dim=11008 n_heads=32 shards=2
[gpu-debug] op plan (with inferred tensor shapes):
  - op#00  op=LN       shard=-1  x=[1x4096] + w=[4096]  ->  y=[1x4096]  (T=1, K=298)
  - op#01  op=Add      shard=-1  a=[1x4096] + b=[1x4096]  ->  y=[1x4096]  (T=1, K=298)
  - op#02  op=LN       shard=-1  x=[1x4096] + w=[4096]  ->  y=[1x4096]  (T=1, K=298)
  - op#03  op=FFN_W3   shard=0   x=[1x4096] + w=[5504x4096]  ->  y=[1x5504]  (T=1, K=298)
  - op#04  op=FFN_W3   shard=1   x=[1x4096] + w=[5504x4096]  ->  y=[1x5504]  (T=1, K=298)
  - op#05  op=SwiGLU   shard=0   a=[1x5504] + b=[1x5504]  ->  y=[1x5504]  (T=1, K=298)
  - op#06  op=SwiGLU   shard=1   a=[1x5504] + b=[1x5504]  ->  y=[1x5504]  (T=1, K=298)
  - op#07  op=Add      shard=-1  a=[1x4096] + b=[1x4096]  ->  y=[1x4096]  (T=1, K=298)
[gpu-debug] per-op timing breakdown (avg over iters):
  idx  op       sh  io                                                    time   est_flops    TFLOPs       bytes      GB/s
  ------------------------------------------------------------------------------------------------------------------------
    0  LN       -1  x[1x4096]+w[4096]->y[1x4096]                        0.066ms    20.480 K      0.00   24.00 KiB      0.38
    1  Add      -1  a[1x4096]+b[1x4096]->y[1x4096]                      0.016ms     4.096 K      0.00   24.00 KiB      1.51
    2  LN       -1  x[1x4096]+w[4096]->y[1x4096]                        0.057ms    20.480 K      0.00   24.00 KiB      0.43
    3  FFN_W3    0  x[1x4096]+w[5504x4096]->y[1x5504]                   0.062ms    45.089 M      0.73   43.02 MiB    726.91
    4  FFN_W3    1  x[1x4096]+w[5504x4096]->y[1x5504]                   0.046ms    45.089 M      0.99   43.02 MiB    987.68
    5  SwiGLU    0  a[1x5504]+b[1x5504]->y[1x5504]                      0.014ms    33.024 K      0.00   32.25 KiB      2.37
    6  SwiGLU    1  a[1x5504]+b[1x5504]->y[1x5504]                      0.014ms    33.024 K      0.00   32.25 KiB      2.41
    7  Add      -1  a[1x4096]+b[1x4096]->y[1x4096]                      0.009ms     4.096 K      0.00   24.00 KiB      2.86
[gpu-debug] segment avg latency (cuda_events): 0.186 ms
[gpu-debug] sum(per-op)               : 0.283 ms (ratio=1.523)
[gpu-debug] NOTE: sum(per-op) may differ from segment latency due to Python overhead, event/launch overhead, and allocator/cache effects.
[gpu-debug] cuda mem before warmup: alloc=96.15 MiB reserved=110.00 MiB
[gpu-debug] cuda mem after warmup : alloc=96.15 MiB reserved=110.00 MiB
[gpu-debug] cuda mem peak (this segment): max_alloc=96.17 MiB max_reserved=110.00 MiB
========================================================================================
[gpu-debug] segment_key=npu|decode|5|ff6dcf33668f3ebc9cf61e7eb43c6a84
[gpu-debug] sig: device_type=npu phase=decode step=5 (count_hint=32)
[gpu-debug] ops_repr: LN:-1,Add:-1,LN:-1,FFN_W3:0,FFN_W3:1,SwiGLU:0,SwiGLU:1,Add:-1
[gpu-debug] cfg: device=cuda dtype=torch.bfloat16 dim=4096 ffn_dim=11008 n_heads=32 shards=2
[gpu-debug] op plan (with inferred tensor shapes):
  - op#00  op=LN       shard=-1  x=[1x4096] + w=[4096]  ->  y=[1x4096]  (T=1, K=310)
  - op#01  op=Add      shard=-1  a=[1x4096] + b=[1x4096]  ->  y=[1x4096]  (T=1, K=310)
  - op#02  op=LN       shard=-1  x=[1x4096] + w=[4096]  ->  y=[1x4096]  (T=1, K=310)
  - op#03  op=FFN_W3   shard=0   x=[1x4096] + w=[5504x4096]  ->  y=[1x5504]  (T=1, K=310)
  - op#04  op=FFN_W3   shard=1   x=[1x4096] + w=[5504x4096]  ->  y=[1x5504]  (T=1, K=310)
  - op#05  op=SwiGLU   shard=0   a=[1x5504] + b=[1x5504]  ->  y=[1x5504]  (T=1, K=310)
  - op#06  op=SwiGLU   shard=1   a=[1x5504] + b=[1x5504]  ->  y=[1x5504]  (T=1, K=310)
  - op#07  op=Add      shard=-1  a=[1x4096] + b=[1x4096]  ->  y=[1x4096]  (T=1, K=310)
[gpu-debug] per-op timing breakdown (avg over iters):
  idx  op       sh  io                                                    time   est_flops    TFLOPs       bytes      GB/s
  ------------------------------------------------------------------------------------------------------------------------
    0  LN       -1  x[1x4096]+w[4096]->y[1x4096]                        0.064ms    20.480 K      0.00   24.00 KiB      0.38
    1  Add      -1  a[1x4096]+b[1x4096]->y[1x4096]                      0.017ms     4.096 K      0.00   24.00 KiB      1.45
    2  LN       -1  x[1x4096]+w[4096]->y[1x4096]                        0.057ms    20.480 K      0.00   24.00 KiB      0.43
    3  FFN_W3    0  x[1x4096]+w[5504x4096]->y[1x5504]                   0.062ms    45.089 M      0.72   43.02 MiB    722.14
    4  FFN_W3    1  x[1x4096]+w[5504x4096]->y[1x5504]                   0.046ms    45.089 M      0.98   43.02 MiB    983.28
    5  SwiGLU    0  a[1x5504]+b[1x5504]->y[1x5504]                      0.014ms    33.024 K      0.00   32.25 KiB      2.32
    6  SwiGLU    1  a[1x5504]+b[1x5504]->y[1x5504]                      0.014ms    33.024 K      0.00   32.25 KiB      2.42
    7  Add      -1  a[1x4096]+b[1x4096]->y[1x4096]                      0.009ms     4.096 K      0.00   24.00 KiB      2.73
[gpu-debug] segment avg latency (cuda_events): 0.189 ms
[gpu-debug] sum(per-op)               : 0.284 ms (ratio=1.504)
[gpu-debug] NOTE: sum(per-op) may differ from segment latency due to Python overhead, event/launch overhead, and allocator/cache effects.
[gpu-debug] cuda mem before warmup: alloc=96.15 MiB reserved=110.00 MiB
[gpu-debug] cuda mem after warmup : alloc=96.15 MiB reserved=110.00 MiB
[gpu-debug] cuda mem peak (this segment): max_alloc=96.17 MiB max_reserved=110.00 MiB
========================================================================================
[gpu-debug] segment_key=npu|decode|6|ff6dcf33668f3ebc9cf61e7eb43c6a84
[gpu-debug] sig: device_type=npu phase=decode step=6 (count_hint=32)
[gpu-debug] ops_repr: LN:-1,Add:-1,LN:-1,FFN_W3:0,FFN_W3:1,SwiGLU:0,SwiGLU:1,Add:-1
[gpu-debug] cfg: device=cuda dtype=torch.bfloat16 dim=4096 ffn_dim=11008 n_heads=32 shards=2
[gpu-debug] op plan (with inferred tensor shapes):
  - op#00  op=LN       shard=-1  x=[1x4096] + w=[4096]  ->  y=[1x4096]  (T=1, K=322)
  - op#01  op=Add      shard=-1  a=[1x4096] + b=[1x4096]  ->  y=[1x4096]  (T=1, K=322)
  - op#02  op=LN       shard=-1  x=[1x4096] + w=[4096]  ->  y=[1x4096]  (T=1, K=322)
  - op#03  op=FFN_W3   shard=0   x=[1x4096] + w=[5504x4096]  ->  y=[1x5504]  (T=1, K=322)
  - op#04  op=FFN_W3   shard=1   x=[1x4096] + w=[5504x4096]  ->  y=[1x5504]  (T=1, K=322)
  - op#05  op=SwiGLU   shard=0   a=[1x5504] + b=[1x5504]  ->  y=[1x5504]  (T=1, K=322)
  - op#06  op=SwiGLU   shard=1   a=[1x5504] + b=[1x5504]  ->  y=[1x5504]  (T=1, K=322)
  - op#07  op=Add      shard=-1  a=[1x4096] + b=[1x4096]  ->  y=[1x4096]  (T=1, K=322)
[gpu-debug] per-op timing breakdown (avg over iters):
  idx  op       sh  io                                                    time   est_flops    TFLOPs       bytes      GB/s
  ------------------------------------------------------------------------------------------------------------------------
    0  LN       -1  x[1x4096]+w[4096]->y[1x4096]                        0.065ms    20.480 K      0.00   24.00 KiB      0.38
    1  Add      -1  a[1x4096]+b[1x4096]->y[1x4096]                      0.016ms     4.096 K      0.00   24.00 KiB      1.53
    2  LN       -1  x[1x4096]+w[4096]->y[1x4096]                        0.057ms    20.480 K      0.00   24.00 KiB      0.43
    3  FFN_W3    0  x[1x4096]+w[5504x4096]->y[1x5504]                   0.061ms    45.089 M      0.74   43.02 MiB    735.40
    4  FFN_W3    1  x[1x4096]+w[5504x4096]->y[1x5504]                   0.046ms    45.089 M      0.99   43.02 MiB    985.48
    5  SwiGLU    0  a[1x5504]+b[1x5504]->y[1x5504]                      0.014ms    33.024 K      0.00   32.25 KiB      2.35
    6  SwiGLU    1  a[1x5504]+b[1x5504]->y[1x5504]                      0.014ms    33.024 K      0.00   32.25 KiB      2.34
    7  Add      -1  a[1x4096]+b[1x4096]->y[1x4096]                      0.009ms     4.096 K      0.00   24.00 KiB      2.61
[gpu-debug] segment avg latency (cuda_events): 0.187 ms
[gpu-debug] sum(per-op)               : 0.282 ms (ratio=1.507)
[gpu-debug] NOTE: sum(per-op) may differ from segment latency due to Python overhead, event/launch overhead, and allocator/cache effects.
[gpu-debug] cuda mem before warmup: alloc=96.15 MiB reserved=110.00 MiB
[gpu-debug] cuda mem after warmup : alloc=96.15 MiB reserved=110.00 MiB
[gpu-debug] cuda mem peak (this segment): max_alloc=96.17 MiB max_reserved=110.00 MiB
========================================================================================
[gpu-debug] segment_key=npu|prefill|-1|7f370cc7d97df3530a56c775d62964d4
[gpu-debug] sig: device_type=npu phase=prefill step=-1 (count_hint=32)
[gpu-debug] ops_repr: LN:-1,Q:0,K:0,V:0,Q:1,K:1,V:1,QK:0,QK:1,Softmax:0,Softmax:1,SV:0,SV:1,O:0,O:1,Add:-1,LN:-1,FFN_W1:0,FFN_W3:0,FFN_W1:1,FFN_W3:1,SwiGLU:0,SwiGLU:1,FFN_W2:0,FFN_W2:1,Add:-1
[gpu-debug] cfg: device=cuda dtype=torch.bfloat16 dim=4096 ffn_dim=11008 n_heads=32 shards=2
[gpu-debug] op plan (with inferred tensor shapes):
  - op#00  op=LN       shard=-1  x=[262x4096] + w=[4096]  ->  y=[262x4096]  (T=262, K=262)
  - op#01  op=Q        shard=0   x=[262x4096] + w=[2048x4096]  ->  y=[262x2048]  (T=262, K=262)
  - op#02  op=K        shard=0   x=[262x4096] + w=[2048x4096]  ->  y=[262x2048]  (T=262, K=262)
  - op#03  op=V        shard=0   x=[262x4096] + w=[2048x4096]  ->  y=[262x2048]  (T=262, K=262)
  - op#04  op=Q        shard=1   x=[262x4096] + w=[2048x4096]  ->  y=[262x2048]  (T=262, K=262)
  - op#05  op=K        shard=1   x=[262x4096] + w=[2048x4096]  ->  y=[262x2048]  (T=262, K=262)
  - op#06  op=V        shard=1   x=[262x4096] + w=[2048x4096]  ->  y=[262x2048]  (T=262, K=262)
  - op#07  op=QK       shard=0   q=[16x262x128] + k=[16x128x262]  ->  y=[16x262x262]  (T=262, K=262)
  - op#08  op=QK       shard=1   q=[16x262x128] + k=[16x128x262]  ->  y=[16x262x262]  (T=262, K=262)
  - op#09  op=Softmax  shard=0   scores=[16x262x262]  ->  y=[16x262x262]  (T=262, K=262)
  - op#10  op=Softmax  shard=1   scores=[16x262x262]  ->  y=[16x262x262]  (T=262, K=262)
  - op#11  op=SV       shard=0   p=[16x262x262] + v=[16x262x128]  ->  y=[16x262x128]  (T=262, K=262)
  - op#12  op=SV       shard=1   p=[16x262x262] + v=[16x262x128]  ->  y=[16x262x128]  (T=262, K=262)
  - op#13  op=O        shard=0   x=[262x2048] + w=[4096x2048]  ->  y=[262x4096]  (T=262, K=262)
  - op#14  op=O        shard=1   x=[262x2048] + w=[4096x2048]  ->  y=[262x4096]  (T=262, K=262)
  - op#15  op=Add      shard=-1  a=[262x4096] + b=[262x4096]  ->  y=[262x4096]  (T=262, K=262)
  - op#16  op=LN       shard=-1  x=[262x4096] + w=[4096]  ->  y=[262x4096]  (T=262, K=262)
  - op#17  op=FFN_W1   shard=0   x=[262x4096] + w=[5504x4096]  ->  y=[262x5504]  (T=262, K=262)
  - op#18  op=FFN_W3   shard=0   x=[262x4096] + w=[5504x4096]  ->  y=[262x5504]  (T=262, K=262)
  - op#19  op=FFN_W1   shard=1   x=[262x4096] + w=[5504x4096]  ->  y=[262x5504]  (T=262, K=262)
  - op#20  op=FFN_W3   shard=1   x=[262x4096] + w=[5504x4096]  ->  y=[262x5504]  (T=262, K=262)
  - op#21  op=SwiGLU   shard=0   a=[262x5504] + b=[262x5504]  ->  y=[262x5504]  (T=262, K=262)
  - op#22  op=SwiGLU   shard=1   a=[262x5504] + b=[262x5504]  ->  y=[262x5504]  (T=262, K=262)
  - op#23  op=FFN_W2   shard=0   x=[262x5504] + w=[4096x5504]  ->  y=[262x4096]  (T=262, K=262)
  - op#24  op=FFN_W2   shard=1   x=[262x5504] + w=[4096x5504]  ->  y=[262x4096]  (T=262, K=262)
  - op#25  op=Add      shard=-1  a=[262x4096] + b=[262x4096]  ->  y=[262x4096]  (T=262, K=262)
[gpu-debug] per-op timing breakdown (avg over iters):
  idx  op       sh  io                                                    time   est_flops    TFLOPs       bytes      GB/s
  ------------------------------------------------------------------------------------------------------------------------
    0  LN       -1  x[262x4096]+w[4096]->y[262x4096]                    0.084ms     5.366 M      0.06    4.10 MiB     51.47
    1  Q         0  x[262x4096]+w[2048x4096]->y[262x2048]               0.070ms     4.396 G     63.13   19.07 MiB    287.18
    2  K         0  x[262x4096]+w[2048x4096]->y[262x2048]               0.061ms     4.396 G     72.27   19.07 MiB    328.75
    3  V         0  x[262x4096]+w[2048x4096]->y[262x2048]               0.061ms     4.396 G     72.27   19.07 MiB    328.75
    4  Q         1  x[262x4096]+w[2048x4096]->y[262x2048]               0.061ms     4.396 G     71.66   19.07 MiB    326.01
    5  K         1  x[262x4096]+w[2048x4096]->y[262x2048]               0.059ms     4.396 G     74.14   19.07 MiB    337.27
    6  V         1  x[262x4096]+w[2048x4096]->y[262x2048]               0.062ms     4.396 G     71.42   19.07 MiB    324.93
    7  QK        0  q[16x262x128]+k[16x128x262]->y[16x262x262]          0.035ms   281.166 M      8.12    4.14 MiB    125.48
    8  QK        1  q[16x262x128]+k[16x128x262]->y[16x262x262]          0.033ms   281.166 M      8.63    4.14 MiB    133.37
    9  Softmax   0  scores[16x262x262]->y[16x262x262]                   0.018ms     5.492 M      0.31    4.19 MiB    245.16
   10  Softmax   1  scores[16x262x262]->y[16x262x262]                   0.018ms     5.492 M      0.31    4.19 MiB    247.99
   11  SV        0  p[16x262x262]+v[16x262x128]->y[16x262x128]          0.023ms   281.166 M     12.48    4.14 MiB    192.78
   12  SV        1  p[16x262x262]+v[16x262x128]->y[16x262x128]          0.021ms   281.166 M     13.26    4.14 MiB    204.89
   13  O         0  x[262x2048]+w[4096x2048]->y[262x4096]               0.056ms     4.396 G     78.33   19.07 MiB    356.35
   14  O         1  x[262x2048]+w[4096x2048]->y[262x4096]               0.056ms     4.396 G     78.05   19.07 MiB    355.05
   15  Add      -1  a[262x4096]+b[262x4096]->y[262x4096]                0.012ms     1.073 M      0.09    6.14 MiB    542.07
   16  LN       -1  x[262x4096]+w[4096]->y[262x4096]                    0.069ms     5.366 M      0.08    4.10 MiB     62.31
   17  FFN_W1    0  x[262x4096]+w[5504x4096]->y[262x5504]               0.151ms    11.813 G     78.11   47.80 MiB    331.38
   18  FFN_W3    0  x[262x4096]+w[5504x4096]->y[262x5504]               0.150ms    11.813 G     78.64   47.80 MiB    333.64
   19  FFN_W1    1  x[262x4096]+w[5504x4096]->y[262x5504]               0.150ms    11.813 G     78.64   47.80 MiB    333.64
   20  FFN_W3    1  x[262x4096]+w[5504x4096]->y[262x5504]               0.150ms    11.813 G     78.59   47.80 MiB    333.41
   21  SwiGLU    0  a[262x5504]+b[262x5504]->y[262x5504]                0.023ms     8.652 M      0.38    8.25 MiB    380.61
   22  SwiGLU    1  a[262x5504]+b[262x5504]->y[262x5504]                0.021ms     8.652 M      0.42    8.25 MiB    416.23
   23  FFN_W2    0  x[262x5504]+w[4096x5504]->y[262x4096]               0.124ms    11.813 G     95.50   47.80 MiB    405.17
   24  FFN_W2    1  x[262x5504]+w[4096x5504]->y[262x4096]               0.123ms    11.813 G     96.30   47.80 MiB    408.55
   25  Add      -1  a[262x4096]+b[262x4096]->y[262x4096]                0.012ms     1.073 M      0.09    6.14 MiB    537.44
[gpu-debug] segment avg latency (cuda_events): 1.580 ms
[gpu-debug] sum(per-op)               : 1.701 ms (ratio=1.076)
[gpu-debug] NOTE: sum(per-op) may differ from segment latency due to Python overhead, event/launch overhead, and allocator/cache effects.
[gpu-debug] cuda mem before warmup: alloc=96.15 MiB reserved=110.00 MiB
[gpu-debug] cuda mem after warmup : alloc=410.11 MiB reserved=434.00 MiB
[gpu-debug] cuda mem peak (this segment): max_alloc=415.62 MiB max_reserved=434.00 MiB
  progress 8/8
