[run-gpu] tasks=46 warmup=3 iters=10 device=cuda dtype=bf16 segment_scope=layer
[run-gpu] GPU[0] NVIDIA A100-PCIE-40GB; SM=108, CC=8.0
[run-gpu] nvidia-smi -L: GPU 0: NVIDIA A100-PCIE-40GB (UUID: GPU-10fd0274-d52f-ca61-05e2-aaf982e4391e)
[run-gpu] nvidia-smi query: NVIDIA A100-PCIE-40GB, GPU-10fd0274-d52f-ca61-05e2-aaf982e4391e, 560.35.03, 40960
[run-gpu][debug] torch_default_dtype=torch.float32
[run-gpu][debug] torch.backends.cuda.matmul.allow_tf32=False
[run-gpu][debug] cudnn.enabled=True benchmark=False deterministic=False allow_tf32=True
[run-gpu][debug] nvidia-smi snapshot: 0, 0, 0, 4, 40960, 33, 32.99, 250.00
========================================================================================
[gpu-debug] segment_key=npu|decode|0|6e4eed79a7a597c6844e1e8a97d0ac5d
[gpu-debug] sig: device_type=npu phase=decode step=0 (count_hint=9)
[gpu-debug] ops_repr: Softmax:0
[gpu-debug] cfg: device=cuda dtype=torch.bfloat16 dim=4096 ffn_dim=11008 n_heads=32 shards=2
[gpu-debug] op plan (with inferred tensor shapes):
  - op#00  op=Softmax  shard=0   scores=[16x1x129]  ->  y=[16x1x129]  (T=1, K=129)
[gpu-debug] per-op timing breakdown (avg over iters):
  idx  op       sh  io                                                    time   est_flops    TFLOPs       bytes      GB/s
  ------------------------------------------------------------------------------------------------------------------------
    0  Softmax   0  scores[16x1x129]->y[16x1x129]                       0.017ms    10.320 K      0.00    8.06 KiB      0.49
[gpu-debug] segment avg latency (cuda_events): 0.017 ms
[gpu-debug] sum(per-op)               : 0.017 ms (ratio=1.000)
[gpu-debug] NOTE: sum(per-op) may differ from segment latency due to Python overhead, event/launch overhead, and allocator/cache effects.
[gpu-debug] cuda mem before warmup: alloc=0 B reserved=0 B
[gpu-debug] cuda mem after warmup : alloc=4.50 KiB reserved=2.00 MiB
[gpu-debug] cuda mem peak (this segment): max_alloc=9.00 KiB max_reserved=2.00 MiB
========================================================================================
[gpu-debug] segment_key=npu|decode|10|307a197e3ce88b480cf4c5382b3cb30c
[gpu-debug] sig: device_type=npu phase=decode step=10 (count_hint=6)
[gpu-debug] ops_repr: Softmax:1
[gpu-debug] cfg: device=cuda dtype=torch.bfloat16 dim=4096 ffn_dim=11008 n_heads=32 shards=2
[gpu-debug] op plan (with inferred tensor shapes):
  - op#00  op=Softmax  shard=1   scores=[16x1x236]  ->  y=[16x1x236]  (T=1, K=236)
[gpu-debug] per-op timing breakdown (avg over iters):
  idx  op       sh  io                                                    time   est_flops    TFLOPs       bytes      GB/s
  ------------------------------------------------------------------------------------------------------------------------
    0  Softmax   1  scores[16x1x236]->y[16x1x236]                       0.017ms    18.880 K      0.00   14.75 KiB      0.91
[gpu-debug] segment avg latency (cuda_events): 0.013 ms
[gpu-debug] sum(per-op)               : 0.017 ms (ratio=1.246)
[gpu-debug] NOTE: sum(per-op) may differ from segment latency due to Python overhead, event/launch overhead, and allocator/cache effects.
[gpu-debug] cuda mem before warmup: alloc=4.50 KiB reserved=2.00 MiB
[gpu-debug] cuda mem after warmup : alloc=12.00 KiB reserved=2.00 MiB
[gpu-debug] cuda mem peak (this segment): max_alloc=19.50 KiB max_reserved=2.00 MiB
========================================================================================
[gpu-debug] segment_key=npu|decode|10|6e4eed79a7a597c6844e1e8a97d0ac5d
[gpu-debug] sig: device_type=npu phase=decode step=10 (count_hint=9)
[gpu-debug] ops_repr: Softmax:0
[gpu-debug] cfg: device=cuda dtype=torch.bfloat16 dim=4096 ffn_dim=11008 n_heads=32 shards=2
[gpu-debug] op plan (with inferred tensor shapes):
  - op#00  op=Softmax  shard=0   scores=[16x1x236]  ->  y=[16x1x236]  (T=1, K=236)
[gpu-debug] per-op timing breakdown (avg over iters):
  idx  op       sh  io                                                    time   est_flops    TFLOPs       bytes      GB/s
  ------------------------------------------------------------------------------------------------------------------------
    0  Softmax   0  scores[16x1x236]->y[16x1x236]                       0.017ms    18.880 K      0.00   14.75 KiB      0.91
[gpu-debug] segment avg latency (cuda_events): 0.011 ms
[gpu-debug] sum(per-op)               : 0.017 ms (ratio=1.486)
[gpu-debug] NOTE: sum(per-op) may differ from segment latency due to Python overhead, event/launch overhead, and allocator/cache effects.
[gpu-debug] cuda mem before warmup: alloc=12.00 KiB reserved=2.00 MiB
[gpu-debug] cuda mem after warmup : alloc=12.00 KiB reserved=2.00 MiB
[gpu-debug] cuda mem peak (this segment): max_alloc=19.50 KiB max_reserved=2.00 MiB
========================================================================================
[gpu-debug] segment_key=npu|decode|11|307a197e3ce88b480cf4c5382b3cb30c
[gpu-debug] sig: device_type=npu phase=decode step=11 (count_hint=6)
[gpu-debug] ops_repr: Softmax:1
[gpu-debug] cfg: device=cuda dtype=torch.bfloat16 dim=4096 ffn_dim=11008 n_heads=32 shards=2
[gpu-debug] op plan (with inferred tensor shapes):
  - op#00  op=Softmax  shard=1   scores=[16x1x248]  ->  y=[16x1x248]  (T=1, K=248)
[gpu-debug] per-op timing breakdown (avg over iters):
  idx  op       sh  io                                                    time   est_flops    TFLOPs       bytes      GB/s
  ------------------------------------------------------------------------------------------------------------------------
    0  Softmax   1  scores[16x1x248]->y[16x1x248]                       0.016ms    19.840 K      0.00   15.50 KiB      0.99
[gpu-debug] segment avg latency (cuda_events): 0.011 ms
[gpu-debug] sum(per-op)               : 0.016 ms (ratio=1.467)
[gpu-debug] NOTE: sum(per-op) may differ from segment latency due to Python overhead, event/launch overhead, and allocator/cache effects.
[gpu-debug] cuda mem before warmup: alloc=12.00 KiB reserved=2.00 MiB
[gpu-debug] cuda mem after warmup : alloc=20.00 KiB reserved=2.00 MiB
[gpu-debug] cuda mem peak (this segment): max_alloc=28.00 KiB max_reserved=2.00 MiB
========================================================================================
[gpu-debug] segment_key=npu|decode|11|6e4eed79a7a597c6844e1e8a97d0ac5d
[gpu-debug] sig: device_type=npu phase=decode step=11 (count_hint=9)
[gpu-debug] ops_repr: Softmax:0
[gpu-debug] cfg: device=cuda dtype=torch.bfloat16 dim=4096 ffn_dim=11008 n_heads=32 shards=2
[gpu-debug] op plan (with inferred tensor shapes):
  - op#00  op=Softmax  shard=0   scores=[16x1x248]  ->  y=[16x1x248]  (T=1, K=248)
[gpu-debug] per-op timing breakdown (avg over iters):
  idx  op       sh  io                                                    time   est_flops    TFLOPs       bytes      GB/s
  ------------------------------------------------------------------------------------------------------------------------
    0  Softmax   0  scores[16x1x248]->y[16x1x248]                       0.016ms    19.840 K      0.00   15.50 KiB      0.99
[gpu-debug] segment avg latency (cuda_events): 0.011 ms
[gpu-debug] sum(per-op)               : 0.016 ms (ratio=1.495)
[gpu-debug] NOTE: sum(per-op) may differ from segment latency due to Python overhead, event/launch overhead, and allocator/cache effects.
[gpu-debug] cuda mem before warmup: alloc=20.00 KiB reserved=2.00 MiB
[gpu-debug] cuda mem after warmup : alloc=20.00 KiB reserved=2.00 MiB
[gpu-debug] cuda mem peak (this segment): max_alloc=28.00 KiB max_reserved=2.00 MiB
========================================================================================
[gpu-debug] segment_key=npu|decode|12|307a197e3ce88b480cf4c5382b3cb30c
[gpu-debug] sig: device_type=npu phase=decode step=12 (count_hint=6)
[gpu-debug] ops_repr: Softmax:1
[gpu-debug] cfg: device=cuda dtype=torch.bfloat16 dim=4096 ffn_dim=11008 n_heads=32 shards=2
[gpu-debug] op plan (with inferred tensor shapes):
  - op#00  op=Softmax  shard=1   scores=[16x1x260]  ->  y=[16x1x260]  (T=1, K=260)
[gpu-debug] per-op timing breakdown (avg over iters):
  idx  op       sh  io                                                    time   est_flops    TFLOPs       bytes      GB/s
  ------------------------------------------------------------------------------------------------------------------------
    0  Softmax   1  scores[16x1x260]->y[16x1x260]                       0.016ms    20.800 K      0.00   16.25 KiB      1.02
[gpu-debug] segment avg latency (cuda_events): 0.012 ms
[gpu-debug] sum(per-op)               : 0.016 ms (ratio=1.356)
[gpu-debug] NOTE: sum(per-op) may differ from segment latency due to Python overhead, event/launch overhead, and allocator/cache effects.
[gpu-debug] cuda mem before warmup: alloc=20.00 KiB reserved=2.00 MiB
[gpu-debug] cuda mem after warmup : alloc=28.50 KiB reserved=2.00 MiB
[gpu-debug] cuda mem peak (this segment): max_alloc=37.00 KiB max_reserved=2.00 MiB
========================================================================================
[gpu-debug] segment_key=npu|decode|12|6e4eed79a7a597c6844e1e8a97d0ac5d
[gpu-debug] sig: device_type=npu phase=decode step=12 (count_hint=9)
[gpu-debug] ops_repr: Softmax:0
[gpu-debug] cfg: device=cuda dtype=torch.bfloat16 dim=4096 ffn_dim=11008 n_heads=32 shards=2
[gpu-debug] op plan (with inferred tensor shapes):
  - op#00  op=Softmax  shard=0   scores=[16x1x260]  ->  y=[16x1x260]  (T=1, K=260)
[gpu-debug] per-op timing breakdown (avg over iters):
  idx  op       sh  io                                                    time   est_flops    TFLOPs       bytes      GB/s
  ------------------------------------------------------------------------------------------------------------------------
    0  Softmax   0  scores[16x1x260]->y[16x1x260]                       0.016ms    20.800 K      0.00   16.25 KiB      1.05
[gpu-debug] segment avg latency (cuda_events): 0.011 ms
[gpu-debug] sum(per-op)               : 0.016 ms (ratio=1.462)
[gpu-debug] NOTE: sum(per-op) may differ from segment latency due to Python overhead, event/launch overhead, and allocator/cache effects.
[gpu-debug] cuda mem before warmup: alloc=28.50 KiB reserved=2.00 MiB
[gpu-debug] cuda mem after warmup : alloc=28.50 KiB reserved=2.00 MiB
[gpu-debug] cuda mem peak (this segment): max_alloc=37.00 KiB max_reserved=2.00 MiB
========================================================================================
[gpu-debug] segment_key=npu|decode|13|307a197e3ce88b480cf4c5382b3cb30c
[gpu-debug] sig: device_type=npu phase=decode step=13 (count_hint=6)
[gpu-debug] ops_repr: Softmax:1
[gpu-debug] cfg: device=cuda dtype=torch.bfloat16 dim=4096 ffn_dim=11008 n_heads=32 shards=2
[gpu-debug] op plan (with inferred tensor shapes):
  - op#00  op=Softmax  shard=1   scores=[16x1x272]  ->  y=[16x1x272]  (T=1, K=272)
[gpu-debug] per-op timing breakdown (avg over iters):
  idx  op       sh  io                                                    time   est_flops    TFLOPs       bytes      GB/s
  ------------------------------------------------------------------------------------------------------------------------
    0  Softmax   1  scores[16x1x272]->y[16x1x272]                       0.016ms    21.760 K      0.00   17.00 KiB      1.10
[gpu-debug] segment avg latency (cuda_events): 0.011 ms
[gpu-debug] sum(per-op)               : 0.016 ms (ratio=1.439)
[gpu-debug] NOTE: sum(per-op) may differ from segment latency due to Python overhead, event/launch overhead, and allocator/cache effects.
[gpu-debug] cuda mem before warmup: alloc=28.50 KiB reserved=2.00 MiB
[gpu-debug] cuda mem after warmup : alloc=37.00 KiB reserved=2.00 MiB
[gpu-debug] cuda mem peak (this segment): max_alloc=45.50 KiB max_reserved=2.00 MiB
========================================================================================
[gpu-debug] segment_key=npu|decode|13|6e4eed79a7a597c6844e1e8a97d0ac5d
[gpu-debug] sig: device_type=npu phase=decode step=13 (count_hint=9)
[gpu-debug] ops_repr: Softmax:0
[gpu-debug] cfg: device=cuda dtype=torch.bfloat16 dim=4096 ffn_dim=11008 n_heads=32 shards=2
[gpu-debug] op plan (with inferred tensor shapes):
  - op#00  op=Softmax  shard=0   scores=[16x1x272]  ->  y=[16x1x272]  (T=1, K=272)
[gpu-debug] per-op timing breakdown (avg over iters):
  idx  op       sh  io                                                    time   est_flops    TFLOPs       bytes      GB/s
  ------------------------------------------------------------------------------------------------------------------------
    0  Softmax   0  scores[16x1x272]->y[16x1x272]                       0.016ms    21.760 K      0.00   17.00 KiB      1.10
[gpu-debug] segment avg latency (cuda_events): 0.011 ms
[gpu-debug] sum(per-op)               : 0.016 ms (ratio=1.481)
[gpu-debug] NOTE: sum(per-op) may differ from segment latency due to Python overhead, event/launch overhead, and allocator/cache effects.
[gpu-debug] cuda mem before warmup: alloc=37.00 KiB reserved=2.00 MiB
[gpu-debug] cuda mem after warmup : alloc=37.00 KiB reserved=2.00 MiB
[gpu-debug] cuda mem peak (this segment): max_alloc=45.50 KiB max_reserved=2.00 MiB
========================================================================================
[gpu-debug] segment_key=npu|decode|14|307a197e3ce88b480cf4c5382b3cb30c
[gpu-debug] sig: device_type=npu phase=decode step=14 (count_hint=6)
[gpu-debug] ops_repr: Softmax:1
[gpu-debug] cfg: device=cuda dtype=torch.bfloat16 dim=4096 ffn_dim=11008 n_heads=32 shards=2
[gpu-debug] op plan (with inferred tensor shapes):
  - op#00  op=Softmax  shard=1   scores=[16x1x284]  ->  y=[16x1x284]  (T=1, K=284)
[gpu-debug] per-op timing breakdown (avg over iters):
  idx  op       sh  io                                                    time   est_flops    TFLOPs       bytes      GB/s
  ------------------------------------------------------------------------------------------------------------------------
    0  Softmax   1  scores[16x1x284]->y[16x1x284]                       0.016ms    22.720 K      0.00   17.75 KiB      1.10
[gpu-debug] segment avg latency (cuda_events): 0.011 ms
[gpu-debug] sum(per-op)               : 0.016 ms (ratio=1.519)
[gpu-debug] NOTE: sum(per-op) may differ from segment latency due to Python overhead, event/launch overhead, and allocator/cache effects.
[gpu-debug] cuda mem before warmup: alloc=37.00 KiB reserved=2.00 MiB
[gpu-debug] cuda mem after warmup : alloc=46.00 KiB reserved=2.00 MiB
[gpu-debug] cuda mem peak (this segment): max_alloc=55.00 KiB max_reserved=2.00 MiB
========================================================================================
[gpu-debug] segment_key=npu|decode|14|6e4eed79a7a597c6844e1e8a97d0ac5d
[gpu-debug] sig: device_type=npu phase=decode step=14 (count_hint=9)
[gpu-debug] ops_repr: Softmax:0
[gpu-debug] cfg: device=cuda dtype=torch.bfloat16 dim=4096 ffn_dim=11008 n_heads=32 shards=2
[gpu-debug] op plan (with inferred tensor shapes):
  - op#00  op=Softmax  shard=0   scores=[16x1x284]  ->  y=[16x1x284]  (T=1, K=284)
[gpu-debug] per-op timing breakdown (avg over iters):
  idx  op       sh  io                                                    time   est_flops    TFLOPs       bytes      GB/s
  ------------------------------------------------------------------------------------------------------------------------
    0  Softmax   0  scores[16x1x284]->y[16x1x284]                       0.017ms    22.720 K      0.00   17.75 KiB      1.08
[gpu-debug] segment avg latency (cuda_events): 0.011 ms
[gpu-debug] sum(per-op)               : 0.017 ms (ratio=1.577)
[gpu-debug] NOTE: sum(per-op) may differ from segment latency due to Python overhead, event/launch overhead, and allocator/cache effects.
[gpu-debug] cuda mem before warmup: alloc=46.00 KiB reserved=2.00 MiB
[gpu-debug] cuda mem after warmup : alloc=46.00 KiB reserved=2.00 MiB
[gpu-debug] cuda mem peak (this segment): max_alloc=55.00 KiB max_reserved=2.00 MiB
========================================================================================
[gpu-debug] segment_key=npu|decode|15|307a197e3ce88b480cf4c5382b3cb30c
[gpu-debug] sig: device_type=npu phase=decode step=15 (count_hint=6)
[gpu-debug] ops_repr: Softmax:1
[gpu-debug] cfg: device=cuda dtype=torch.bfloat16 dim=4096 ffn_dim=11008 n_heads=32 shards=2
[gpu-debug] op plan (with inferred tensor shapes):
  - op#00  op=Softmax  shard=1   scores=[16x1x296]  ->  y=[16x1x296]  (T=1, K=296)
[gpu-debug] per-op timing breakdown (avg over iters):
  idx  op       sh  io                                                    time   est_flops    TFLOPs       bytes      GB/s
  ------------------------------------------------------------------------------------------------------------------------
    0  Softmax   1  scores[16x1x296]->y[16x1x296]                       0.016ms    23.680 K      0.00   18.50 KiB      1.19
[gpu-debug] segment avg latency (cuda_events): 0.011 ms
[gpu-debug] sum(per-op)               : 0.016 ms (ratio=1.472)
[gpu-debug] NOTE: sum(per-op) may differ from segment latency due to Python overhead, event/launch overhead, and allocator/cache effects.
[gpu-debug] cuda mem before warmup: alloc=46.00 KiB reserved=2.00 MiB
[gpu-debug] cuda mem after warmup : alloc=55.50 KiB reserved=2.00 MiB
[gpu-debug] cuda mem peak (this segment): max_alloc=65.00 KiB max_reserved=2.00 MiB
========================================================================================
[gpu-debug] segment_key=npu|decode|15|6e4eed79a7a597c6844e1e8a97d0ac5d
[gpu-debug] sig: device_type=npu phase=decode step=15 (count_hint=9)
[gpu-debug] ops_repr: Softmax:0
[gpu-debug] cfg: device=cuda dtype=torch.bfloat16 dim=4096 ffn_dim=11008 n_heads=32 shards=2
[gpu-debug] op plan (with inferred tensor shapes):
  - op#00  op=Softmax  shard=0   scores=[16x1x296]  ->  y=[16x1x296]  (T=1, K=296)
[gpu-debug] per-op timing breakdown (avg over iters):
  idx  op       sh  io                                                    time   est_flops    TFLOPs       bytes      GB/s
  ------------------------------------------------------------------------------------------------------------------------
    0  Softmax   0  scores[16x1x296]->y[16x1x296]                       0.016ms    23.680 K      0.00   18.50 KiB      1.21
[gpu-debug] segment avg latency (cuda_events): 0.011 ms
[gpu-debug] sum(per-op)               : 0.016 ms (ratio=1.457)
[gpu-debug] NOTE: sum(per-op) may differ from segment latency due to Python overhead, event/launch overhead, and allocator/cache effects.
[gpu-debug] cuda mem before warmup: alloc=55.50 KiB reserved=2.00 MiB
[gpu-debug] cuda mem after warmup : alloc=55.50 KiB reserved=2.00 MiB
[gpu-debug] cuda mem peak (this segment): max_alloc=65.00 KiB max_reserved=2.00 MiB
========================================================================================
[gpu-debug] segment_key=npu|decode|16|307a197e3ce88b480cf4c5382b3cb30c
[gpu-debug] sig: device_type=npu phase=decode step=16 (count_hint=6)
[gpu-debug] ops_repr: Softmax:1
[gpu-debug] cfg: device=cuda dtype=torch.bfloat16 dim=4096 ffn_dim=11008 n_heads=32 shards=2
[gpu-debug] op plan (with inferred tensor shapes):
  - op#00  op=Softmax  shard=1   scores=[16x1x308]  ->  y=[16x1x308]  (T=1, K=308)
[gpu-debug] per-op timing breakdown (avg over iters):
  idx  op       sh  io                                                    time   est_flops    TFLOPs       bytes      GB/s
  ------------------------------------------------------------------------------------------------------------------------
    0  Softmax   1  scores[16x1x308]->y[16x1x308]                       0.016ms    24.640 K      0.00   19.25 KiB      1.25
[gpu-debug] segment avg latency (cuda_events): 0.011 ms
[gpu-debug] sum(per-op)               : 0.016 ms (ratio=1.467)
[gpu-debug] NOTE: sum(per-op) may differ from segment latency due to Python overhead, event/launch overhead, and allocator/cache effects.
[gpu-debug] cuda mem before warmup: alloc=55.50 KiB reserved=2.00 MiB
[gpu-debug] cuda mem after warmup : alloc=65.50 KiB reserved=2.00 MiB
[gpu-debug] cuda mem peak (this segment): max_alloc=75.50 KiB max_reserved=2.00 MiB
========================================================================================
[gpu-debug] segment_key=npu|decode|16|6e4eed79a7a597c6844e1e8a97d0ac5d
[gpu-debug] sig: device_type=npu phase=decode step=16 (count_hint=9)
[gpu-debug] ops_repr: Softmax:0
[gpu-debug] cfg: device=cuda dtype=torch.bfloat16 dim=4096 ffn_dim=11008 n_heads=32 shards=2
[gpu-debug] op plan (with inferred tensor shapes):
  - op#00  op=Softmax  shard=0   scores=[16x1x308]  ->  y=[16x1x308]  (T=1, K=308)
[gpu-debug] per-op timing breakdown (avg over iters):
  idx  op       sh  io                                                    time   est_flops    TFLOPs       bytes      GB/s
  ------------------------------------------------------------------------------------------------------------------------
    0  Softmax   0  scores[16x1x308]->y[16x1x308]                       0.016ms    24.640 K      0.00   19.25 KiB      1.22
[gpu-debug] segment avg latency (cuda_events): 0.011 ms
[gpu-debug] sum(per-op)               : 0.016 ms (ratio=1.491)
[gpu-debug] NOTE: sum(per-op) may differ from segment latency due to Python overhead, event/launch overhead, and allocator/cache effects.
[gpu-debug] cuda mem before warmup: alloc=65.50 KiB reserved=2.00 MiB
[gpu-debug] cuda mem after warmup : alloc=65.50 KiB reserved=2.00 MiB
[gpu-debug] cuda mem peak (this segment): max_alloc=75.50 KiB max_reserved=2.00 MiB
========================================================================================
[gpu-debug] segment_key=npu|decode|17|307a197e3ce88b480cf4c5382b3cb30c
[gpu-debug] sig: device_type=npu phase=decode step=17 (count_hint=6)
[gpu-debug] ops_repr: Softmax:1
[gpu-debug] cfg: device=cuda dtype=torch.bfloat16 dim=4096 ffn_dim=11008 n_heads=32 shards=2
[gpu-debug] op plan (with inferred tensor shapes):
  - op#00  op=Softmax  shard=1   scores=[16x1x320]  ->  y=[16x1x320]  (T=1, K=320)
[gpu-debug] per-op timing breakdown (avg over iters):
  idx  op       sh  io                                                    time   est_flops    TFLOPs       bytes      GB/s
  ------------------------------------------------------------------------------------------------------------------------
    0  Softmax   1  scores[16x1x320]->y[16x1x320]                       0.016ms    25.600 K      0.00   20.00 KiB      1.24
[gpu-debug] segment avg latency (cuda_events): 0.011 ms
[gpu-debug] sum(per-op)               : 0.016 ms (ratio=1.505)
[gpu-debug] NOTE: sum(per-op) may differ from segment latency due to Python overhead, event/launch overhead, and allocator/cache effects.
[gpu-debug] cuda mem before warmup: alloc=65.50 KiB reserved=2.00 MiB
[gpu-debug] cuda mem after warmup : alloc=75.50 KiB reserved=2.00 MiB
[gpu-debug] cuda mem peak (this segment): max_alloc=85.50 KiB max_reserved=2.00 MiB
========================================================================================
[gpu-debug] segment_key=npu|decode|17|6e4eed79a7a597c6844e1e8a97d0ac5d
[gpu-debug] sig: device_type=npu phase=decode step=17 (count_hint=9)
[gpu-debug] ops_repr: Softmax:0
[gpu-debug] cfg: device=cuda dtype=torch.bfloat16 dim=4096 ffn_dim=11008 n_heads=32 shards=2
[gpu-debug] op plan (with inferred tensor shapes):
  - op#00  op=Softmax  shard=0   scores=[16x1x320]  ->  y=[16x1x320]  (T=1, K=320)
[gpu-debug] per-op timing breakdown (avg over iters):
  idx  op       sh  io                                                    time   est_flops    TFLOPs       bytes      GB/s
  ------------------------------------------------------------------------------------------------------------------------
    0  Softmax   0  scores[16x1x320]->y[16x1x320]                       0.016ms    25.600 K      0.00   20.00 KiB      1.25
[gpu-debug] segment avg latency (cuda_events): 0.011 ms
[gpu-debug] sum(per-op)               : 0.016 ms (ratio=1.509)
[gpu-debug] NOTE: sum(per-op) may differ from segment latency due to Python overhead, event/launch overhead, and allocator/cache effects.
[gpu-debug] cuda mem before warmup: alloc=75.50 KiB reserved=2.00 MiB
[gpu-debug] cuda mem after warmup : alloc=75.50 KiB reserved=2.00 MiB
[gpu-debug] cuda mem peak (this segment): max_alloc=85.50 KiB max_reserved=2.00 MiB
========================================================================================
[gpu-debug] segment_key=npu|decode|18|307a197e3ce88b480cf4c5382b3cb30c
[gpu-debug] sig: device_type=npu phase=decode step=18 (count_hint=6)
[gpu-debug] ops_repr: Softmax:1
[gpu-debug] cfg: device=cuda dtype=torch.bfloat16 dim=4096 ffn_dim=11008 n_heads=32 shards=2
[gpu-debug] op plan (with inferred tensor shapes):
  - op#00  op=Softmax  shard=1   scores=[16x1x332]  ->  y=[16x1x332]  (T=1, K=332)
[gpu-debug] per-op timing breakdown (avg over iters):
  idx  op       sh  io                                                    time   est_flops    TFLOPs       bytes      GB/s
  ------------------------------------------------------------------------------------------------------------------------
    0  Softmax   1  scores[16x1x332]->y[16x1x332]                       0.016ms    26.560 K      0.00   20.75 KiB      1.32
[gpu-debug] segment avg latency (cuda_events): 0.011 ms
[gpu-debug] sum(per-op)               : 0.016 ms (ratio=1.481)
[gpu-debug] NOTE: sum(per-op) may differ from segment latency due to Python overhead, event/launch overhead, and allocator/cache effects.
[gpu-debug] cuda mem before warmup: alloc=75.50 KiB reserved=2.00 MiB
[gpu-debug] cuda mem after warmup : alloc=86.00 KiB reserved=2.00 MiB
[gpu-debug] cuda mem peak (this segment): max_alloc=96.50 KiB max_reserved=2.00 MiB
========================================================================================
[gpu-debug] segment_key=npu|decode|18|6e4eed79a7a597c6844e1e8a97d0ac5d
[gpu-debug] sig: device_type=npu phase=decode step=18 (count_hint=9)
[gpu-debug] ops_repr: Softmax:0
[gpu-debug] cfg: device=cuda dtype=torch.bfloat16 dim=4096 ffn_dim=11008 n_heads=32 shards=2
[gpu-debug] op plan (with inferred tensor shapes):
  - op#00  op=Softmax  shard=0   scores=[16x1x332]  ->  y=[16x1x332]  (T=1, K=332)
[gpu-debug] per-op timing breakdown (avg over iters):
  idx  op       sh  io                                                    time   est_flops    TFLOPs       bytes      GB/s
  ------------------------------------------------------------------------------------------------------------------------
    0  Softmax   0  scores[16x1x332]->y[16x1x332]                       0.016ms    26.560 K      0.00   20.75 KiB      1.33
[gpu-debug] segment avg latency (cuda_events): 0.011 ms
[gpu-debug] sum(per-op)               : 0.016 ms (ratio=1.500)
[gpu-debug] NOTE: sum(per-op) may differ from segment latency due to Python overhead, event/launch overhead, and allocator/cache effects.
[gpu-debug] cuda mem before warmup: alloc=86.00 KiB reserved=2.00 MiB
[gpu-debug] cuda mem after warmup : alloc=86.00 KiB reserved=2.00 MiB
[gpu-debug] cuda mem peak (this segment): max_alloc=96.50 KiB max_reserved=2.00 MiB
========================================================================================
[gpu-debug] segment_key=npu|decode|19|307a197e3ce88b480cf4c5382b3cb30c
[gpu-debug] sig: device_type=npu phase=decode step=19 (count_hint=6)
[gpu-debug] ops_repr: Softmax:1
[gpu-debug] cfg: device=cuda dtype=torch.bfloat16 dim=4096 ffn_dim=11008 n_heads=32 shards=2
[gpu-debug] op plan (with inferred tensor shapes):
  - op#00  op=Softmax  shard=1   scores=[16x1x344]  ->  y=[16x1x344]  (T=1, K=344)
[gpu-debug] per-op timing breakdown (avg over iters):
  idx  op       sh  io                                                    time   est_flops    TFLOPs       bytes      GB/s
  ------------------------------------------------------------------------------------------------------------------------
    0  Softmax   1  scores[16x1x344]->y[16x1x344]                       0.016ms    27.520 K      0.00   21.50 KiB      1.40
[gpu-debug] segment avg latency (cuda_events): 0.011 ms
[gpu-debug] sum(per-op)               : 0.016 ms (ratio=1.413)
[gpu-debug] NOTE: sum(per-op) may differ from segment latency due to Python overhead, event/launch overhead, and allocator/cache effects.
[gpu-debug] cuda mem before warmup: alloc=86.00 KiB reserved=2.00 MiB
[gpu-debug] cuda mem after warmup : alloc=97.00 KiB reserved=2.00 MiB
[gpu-debug] cuda mem peak (this segment): max_alloc=108.00 KiB max_reserved=2.00 MiB
  progress 20/46
========================================================================================
[gpu-debug] segment_key=npu|decode|19|6e4eed79a7a597c6844e1e8a97d0ac5d
[gpu-debug] sig: device_type=npu phase=decode step=19 (count_hint=9)
[gpu-debug] ops_repr: Softmax:0
[gpu-debug] cfg: device=cuda dtype=torch.bfloat16 dim=4096 ffn_dim=11008 n_heads=32 shards=2
[gpu-debug] op plan (with inferred tensor shapes):
  - op#00  op=Softmax  shard=0   scores=[16x1x344]  ->  y=[16x1x344]  (T=1, K=344)
[gpu-debug] per-op timing breakdown (avg over iters):
  idx  op       sh  io                                                    time   est_flops    TFLOPs       bytes      GB/s
  ------------------------------------------------------------------------------------------------------------------------
    0  Softmax   0  scores[16x1x344]->y[16x1x344]                       0.016ms    27.520 K      0.00   21.50 KiB      1.34
[gpu-debug] segment avg latency (cuda_events): 0.011 ms
[gpu-debug] sum(per-op)               : 0.016 ms (ratio=1.538)
[gpu-debug] NOTE: sum(per-op) may differ from segment latency due to Python overhead, event/launch overhead, and allocator/cache effects.
[gpu-debug] cuda mem before warmup: alloc=97.00 KiB reserved=2.00 MiB
[gpu-debug] cuda mem after warmup : alloc=97.00 KiB reserved=2.00 MiB
[gpu-debug] cuda mem peak (this segment): max_alloc=108.00 KiB max_reserved=2.00 MiB
========================================================================================
[gpu-debug] segment_key=npu|decode|1|307a197e3ce88b480cf4c5382b3cb30c
[gpu-debug] sig: device_type=npu phase=decode step=1 (count_hint=6)
[gpu-debug] ops_repr: Softmax:1
[gpu-debug] cfg: device=cuda dtype=torch.bfloat16 dim=4096 ffn_dim=11008 n_heads=32 shards=2
[gpu-debug] op plan (with inferred tensor shapes):
  - op#00  op=Softmax  shard=1   scores=[16x1x130]  ->  y=[16x1x130]  (T=1, K=130)
[gpu-debug] per-op timing breakdown (avg over iters):
  idx  op       sh  io                                                    time   est_flops    TFLOPs       bytes      GB/s
  ------------------------------------------------------------------------------------------------------------------------
    0  Softmax   1  scores[16x1x130]->y[16x1x130]                       0.016ms    10.400 K      0.00    8.12 KiB      0.52
[gpu-debug] segment avg latency (cuda_events): 0.011 ms
[gpu-debug] sum(per-op)               : 0.016 ms (ratio=1.422)
[gpu-debug] NOTE: sum(per-op) may differ from segment latency due to Python overhead, event/launch overhead, and allocator/cache effects.
[gpu-debug] cuda mem before warmup: alloc=97.00 KiB reserved=2.00 MiB
[gpu-debug] cuda mem after warmup : alloc=101.50 KiB reserved=2.00 MiB
[gpu-debug] cuda mem peak (this segment): max_alloc=106.00 KiB max_reserved=2.00 MiB
========================================================================================
[gpu-debug] segment_key=npu|decode|1|6e4eed79a7a597c6844e1e8a97d0ac5d
[gpu-debug] sig: device_type=npu phase=decode step=1 (count_hint=9)
[gpu-debug] ops_repr: Softmax:0
[gpu-debug] cfg: device=cuda dtype=torch.bfloat16 dim=4096 ffn_dim=11008 n_heads=32 shards=2
[gpu-debug] op plan (with inferred tensor shapes):
  - op#00  op=Softmax  shard=0   scores=[16x1x130]  ->  y=[16x1x130]  (T=1, K=130)
[gpu-debug] per-op timing breakdown (avg over iters):
  idx  op       sh  io                                                    time   est_flops    TFLOPs       bytes      GB/s
  ------------------------------------------------------------------------------------------------------------------------
    0  Softmax   0  scores[16x1x130]->y[16x1x130]                       0.016ms    10.400 K      0.00    8.12 KiB      0.52
[gpu-debug] segment avg latency (cuda_events): 0.011 ms
[gpu-debug] sum(per-op)               : 0.016 ms (ratio=1.515)
[gpu-debug] NOTE: sum(per-op) may differ from segment latency due to Python overhead, event/launch overhead, and allocator/cache effects.
[gpu-debug] cuda mem before warmup: alloc=101.50 KiB reserved=2.00 MiB
[gpu-debug] cuda mem after warmup : alloc=101.50 KiB reserved=2.00 MiB
[gpu-debug] cuda mem peak (this segment): max_alloc=106.00 KiB max_reserved=2.00 MiB
========================================================================================
[gpu-debug] segment_key=npu|decode|20|307a197e3ce88b480cf4c5382b3cb30c
[gpu-debug] sig: device_type=npu phase=decode step=20 (count_hint=6)
[gpu-debug] ops_repr: Softmax:1
[gpu-debug] cfg: device=cuda dtype=torch.bfloat16 dim=4096 ffn_dim=11008 n_heads=32 shards=2
[gpu-debug] op plan (with inferred tensor shapes):
  - op#00  op=Softmax  shard=1   scores=[16x1x356]  ->  y=[16x1x356]  (T=1, K=356)
[gpu-debug] per-op timing breakdown (avg over iters):
  idx  op       sh  io                                                    time   est_flops    TFLOPs       bytes      GB/s
  ------------------------------------------------------------------------------------------------------------------------
    0  Softmax   1  scores[16x1x356]->y[16x1x356]                       0.016ms    28.480 K      0.00   22.25 KiB      1.42
[gpu-debug] segment avg latency (cuda_events): 0.011 ms
[gpu-debug] sum(per-op)               : 0.016 ms (ratio=1.495)
[gpu-debug] NOTE: sum(per-op) may differ from segment latency due to Python overhead, event/launch overhead, and allocator/cache effects.
[gpu-debug] cuda mem before warmup: alloc=101.50 KiB reserved=2.00 MiB
[gpu-debug] cuda mem after warmup : alloc=113.00 KiB reserved=2.00 MiB
[gpu-debug] cuda mem peak (this segment): max_alloc=124.50 KiB max_reserved=2.00 MiB
========================================================================================
[gpu-debug] segment_key=npu|decode|20|6e4eed79a7a597c6844e1e8a97d0ac5d
[gpu-debug] sig: device_type=npu phase=decode step=20 (count_hint=9)
[gpu-debug] ops_repr: Softmax:0
[gpu-debug] cfg: device=cuda dtype=torch.bfloat16 dim=4096 ffn_dim=11008 n_heads=32 shards=2
[gpu-debug] op plan (with inferred tensor shapes):
  - op#00  op=Softmax  shard=0   scores=[16x1x356]  ->  y=[16x1x356]  (T=1, K=356)
[gpu-debug] per-op timing breakdown (avg over iters):
  idx  op       sh  io                                                    time   est_flops    TFLOPs       bytes      GB/s
  ------------------------------------------------------------------------------------------------------------------------
    0  Softmax   0  scores[16x1x356]->y[16x1x356]                       0.016ms    28.480 K      0.00   22.25 KiB      1.43
[gpu-debug] segment avg latency (cuda_events): 0.010 ms
[gpu-debug] sum(per-op)               : 0.016 ms (ratio=1.529)
[gpu-debug] NOTE: sum(per-op) may differ from segment latency due to Python overhead, event/launch overhead, and allocator/cache effects.
[gpu-debug] cuda mem before warmup: alloc=113.00 KiB reserved=2.00 MiB
[gpu-debug] cuda mem after warmup : alloc=113.00 KiB reserved=2.00 MiB
[gpu-debug] cuda mem peak (this segment): max_alloc=124.50 KiB max_reserved=2.00 MiB
========================================================================================
[gpu-debug] segment_key=npu|decode|21|307a197e3ce88b480cf4c5382b3cb30c
[gpu-debug] sig: device_type=npu phase=decode step=21 (count_hint=6)
[gpu-debug] ops_repr: Softmax:1
[gpu-debug] cfg: device=cuda dtype=torch.bfloat16 dim=4096 ffn_dim=11008 n_heads=32 shards=2
[gpu-debug] op plan (with inferred tensor shapes):
  - op#00  op=Softmax  shard=1   scores=[16x1x368]  ->  y=[16x1x368]  (T=1, K=368)
[gpu-debug] per-op timing breakdown (avg over iters):
  idx  op       sh  io                                                    time   est_flops    TFLOPs       bytes      GB/s
  ------------------------------------------------------------------------------------------------------------------------
    0  Softmax   1  scores[16x1x368]->y[16x1x368]                       0.016ms    29.440 K      0.00   23.00 KiB      1.47
[gpu-debug] segment avg latency (cuda_events): 0.011 ms
[gpu-debug] sum(per-op)               : 0.016 ms (ratio=1.500)
[gpu-debug] NOTE: sum(per-op) may differ from segment latency due to Python overhead, event/launch overhead, and allocator/cache effects.
[gpu-debug] cuda mem before warmup: alloc=113.00 KiB reserved=2.00 MiB
[gpu-debug] cuda mem after warmup : alloc=124.50 KiB reserved=2.00 MiB
[gpu-debug] cuda mem peak (this segment): max_alloc=136.00 KiB max_reserved=2.00 MiB
========================================================================================
[gpu-debug] segment_key=npu|decode|21|6e4eed79a7a597c6844e1e8a97d0ac5d
[gpu-debug] sig: device_type=npu phase=decode step=21 (count_hint=9)
[gpu-debug] ops_repr: Softmax:0
[gpu-debug] cfg: device=cuda dtype=torch.bfloat16 dim=4096 ffn_dim=11008 n_heads=32 shards=2
[gpu-debug] op plan (with inferred tensor shapes):
  - op#00  op=Softmax  shard=0   scores=[16x1x368]  ->  y=[16x1x368]  (T=1, K=368)
[gpu-debug] per-op timing breakdown (avg over iters):
  idx  op       sh  io                                                    time   est_flops    TFLOPs       bytes      GB/s
  ------------------------------------------------------------------------------------------------------------------------
    0  Softmax   0  scores[16x1x368]->y[16x1x368]                       0.016ms    29.440 K      0.00   23.00 KiB      1.46
[gpu-debug] segment avg latency (cuda_events): 0.013 ms
[gpu-debug] sum(per-op)               : 0.016 ms (ratio=1.227)
[gpu-debug] NOTE: sum(per-op) may differ from segment latency due to Python overhead, event/launch overhead, and allocator/cache effects.
[gpu-debug] cuda mem before warmup: alloc=124.50 KiB reserved=2.00 MiB
[gpu-debug] cuda mem after warmup : alloc=124.50 KiB reserved=2.00 MiB
[gpu-debug] cuda mem peak (this segment): max_alloc=136.00 KiB max_reserved=2.00 MiB
========================================================================================
[gpu-debug] segment_key=npu|decode|22|307a197e3ce88b480cf4c5382b3cb30c
[gpu-debug] sig: device_type=npu phase=decode step=22 (count_hint=6)
[gpu-debug] ops_repr: Softmax:1
[gpu-debug] cfg: device=cuda dtype=torch.bfloat16 dim=4096 ffn_dim=11008 n_heads=32 shards=2
[gpu-debug] op plan (with inferred tensor shapes):
  - op#00  op=Softmax  shard=1   scores=[16x1x380]  ->  y=[16x1x380]  (T=1, K=380)
[gpu-debug] per-op timing breakdown (avg over iters):
  idx  op       sh  io                                                    time   est_flops    TFLOPs       bytes      GB/s
  ------------------------------------------------------------------------------------------------------------------------
    0  Softmax   1  scores[16x1x380]->y[16x1x380]                       0.016ms    30.400 K      0.00   23.75 KiB      1.54
[gpu-debug] segment avg latency (cuda_events): 0.011 ms
[gpu-debug] sum(per-op)               : 0.016 ms (ratio=1.467)
[gpu-debug] NOTE: sum(per-op) may differ from segment latency due to Python overhead, event/launch overhead, and allocator/cache effects.
[gpu-debug] cuda mem before warmup: alloc=124.50 KiB reserved=2.00 MiB
[gpu-debug] cuda mem after warmup : alloc=136.50 KiB reserved=2.00 MiB
[gpu-debug] cuda mem peak (this segment): max_alloc=148.50 KiB max_reserved=2.00 MiB
========================================================================================
[gpu-debug] segment_key=npu|decode|22|6e4eed79a7a597c6844e1e8a97d0ac5d
[gpu-debug] sig: device_type=npu phase=decode step=22 (count_hint=9)
[gpu-debug] ops_repr: Softmax:0
[gpu-debug] cfg: device=cuda dtype=torch.bfloat16 dim=4096 ffn_dim=11008 n_heads=32 shards=2
[gpu-debug] op plan (with inferred tensor shapes):
  - op#00  op=Softmax  shard=0   scores=[16x1x380]  ->  y=[16x1x380]  (T=1, K=380)
[gpu-debug] per-op timing breakdown (avg over iters):
  idx  op       sh  io                                                    time   est_flops    TFLOPs       bytes      GB/s
  ------------------------------------------------------------------------------------------------------------------------
    0  Softmax   0  scores[16x1x380]->y[16x1x380]                       0.016ms    30.400 K      0.00   23.75 KiB      1.54
[gpu-debug] segment avg latency (cuda_events): 0.011 ms
[gpu-debug] sum(per-op)               : 0.016 ms (ratio=1.481)
[gpu-debug] NOTE: sum(per-op) may differ from segment latency due to Python overhead, event/launch overhead, and allocator/cache effects.
[gpu-debug] cuda mem before warmup: alloc=136.50 KiB reserved=2.00 MiB
[gpu-debug] cuda mem after warmup : alloc=136.50 KiB reserved=2.00 MiB
[gpu-debug] cuda mem peak (this segment): max_alloc=148.50 KiB max_reserved=2.00 MiB
========================================================================================
[gpu-debug] segment_key=npu|decode|2|307a197e3ce88b480cf4c5382b3cb30c
[gpu-debug] sig: device_type=npu phase=decode step=2 (count_hint=6)
[gpu-debug] ops_repr: Softmax:1
[gpu-debug] cfg: device=cuda dtype=torch.bfloat16 dim=4096 ffn_dim=11008 n_heads=32 shards=2
[gpu-debug] op plan (with inferred tensor shapes):
  - op#00  op=Softmax  shard=1   scores=[16x1x140]  ->  y=[16x1x140]  (T=1, K=140)
[gpu-debug] per-op timing breakdown (avg over iters):
  idx  op       sh  io                                                    time   est_flops    TFLOPs       bytes      GB/s
  ------------------------------------------------------------------------------------------------------------------------
    0  Softmax   1  scores[16x1x140]->y[16x1x140]                       0.016ms    11.200 K      0.00    8.75 KiB      0.56
[gpu-debug] segment avg latency (cuda_events): 0.011 ms
[gpu-debug] sum(per-op)               : 0.016 ms (ratio=1.500)
[gpu-debug] NOTE: sum(per-op) may differ from segment latency due to Python overhead, event/launch overhead, and allocator/cache effects.
[gpu-debug] cuda mem before warmup: alloc=136.50 KiB reserved=2.00 MiB
[gpu-debug] cuda mem after warmup : alloc=141.00 KiB reserved=2.00 MiB
[gpu-debug] cuda mem peak (this segment): max_alloc=145.50 KiB max_reserved=2.00 MiB
========================================================================================
[gpu-debug] segment_key=npu|decode|2|6e4eed79a7a597c6844e1e8a97d0ac5d
[gpu-debug] sig: device_type=npu phase=decode step=2 (count_hint=9)
[gpu-debug] ops_repr: Softmax:0
[gpu-debug] cfg: device=cuda dtype=torch.bfloat16 dim=4096 ffn_dim=11008 n_heads=32 shards=2
[gpu-debug] op plan (with inferred tensor shapes):
  - op#00  op=Softmax  shard=0   scores=[16x1x140]  ->  y=[16x1x140]  (T=1, K=140)
[gpu-debug] per-op timing breakdown (avg over iters):
  idx  op       sh  io                                                    time   est_flops    TFLOPs       bytes      GB/s
  ------------------------------------------------------------------------------------------------------------------------
    0  Softmax   0  scores[16x1x140]->y[16x1x140]                       0.016ms    11.200 K      0.00    8.75 KiB      0.57
[gpu-debug] segment avg latency (cuda_events): 0.011 ms
[gpu-debug] sum(per-op)               : 0.016 ms (ratio=1.453)
[gpu-debug] NOTE: sum(per-op) may differ from segment latency due to Python overhead, event/launch overhead, and allocator/cache effects.
[gpu-debug] cuda mem before warmup: alloc=141.00 KiB reserved=2.00 MiB
[gpu-debug] cuda mem after warmup : alloc=141.00 KiB reserved=2.00 MiB
[gpu-debug] cuda mem peak (this segment): max_alloc=145.50 KiB max_reserved=2.00 MiB
========================================================================================
[gpu-debug] segment_key=npu|decode|3|307a197e3ce88b480cf4c5382b3cb30c
[gpu-debug] sig: device_type=npu phase=decode step=3 (count_hint=6)
[gpu-debug] ops_repr: Softmax:1
[gpu-debug] cfg: device=cuda dtype=torch.bfloat16 dim=4096 ffn_dim=11008 n_heads=32 shards=2
[gpu-debug] op plan (with inferred tensor shapes):
  - op#00  op=Softmax  shard=1   scores=[16x1x152]  ->  y=[16x1x152]  (T=1, K=152)
[gpu-debug] per-op timing breakdown (avg over iters):
  idx  op       sh  io                                                    time   est_flops    TFLOPs       bytes      GB/s
  ------------------------------------------------------------------------------------------------------------------------
    0  Softmax   1  scores[16x1x152]->y[16x1x152]                       0.016ms    12.160 K      0.00    9.50 KiB      0.61
[gpu-debug] segment avg latency (cuda_events): 0.011 ms
[gpu-debug] sum(per-op)               : 0.016 ms (ratio=1.486)
[gpu-debug] NOTE: sum(per-op) may differ from segment latency due to Python overhead, event/launch overhead, and allocator/cache effects.
[gpu-debug] cuda mem before warmup: alloc=141.00 KiB reserved=2.00 MiB
[gpu-debug] cuda mem after warmup : alloc=146.00 KiB reserved=2.00 MiB
[gpu-debug] cuda mem peak (this segment): max_alloc=151.00 KiB max_reserved=2.00 MiB
========================================================================================
[gpu-debug] segment_key=npu|decode|3|6e4eed79a7a597c6844e1e8a97d0ac5d
[gpu-debug] sig: device_type=npu phase=decode step=3 (count_hint=9)
[gpu-debug] ops_repr: Softmax:0
[gpu-debug] cfg: device=cuda dtype=torch.bfloat16 dim=4096 ffn_dim=11008 n_heads=32 shards=2
[gpu-debug] op plan (with inferred tensor shapes):
  - op#00  op=Softmax  shard=0   scores=[16x1x152]  ->  y=[16x1x152]  (T=1, K=152)
[gpu-debug] per-op timing breakdown (avg over iters):
  idx  op       sh  io                                                    time   est_flops    TFLOPs       bytes      GB/s
  ------------------------------------------------------------------------------------------------------------------------
    0  Softmax   0  scores[16x1x152]->y[16x1x152]                       0.017ms    12.160 K      0.00    9.50 KiB      0.58
[gpu-debug] segment avg latency (cuda_events): 0.012 ms
[gpu-debug] sum(per-op)               : 0.017 ms (ratio=1.460)
[gpu-debug] NOTE: sum(per-op) may differ from segment latency due to Python overhead, event/launch overhead, and allocator/cache effects.
[gpu-debug] cuda mem before warmup: alloc=146.00 KiB reserved=2.00 MiB
[gpu-debug] cuda mem after warmup : alloc=146.00 KiB reserved=2.00 MiB
[gpu-debug] cuda mem peak (this segment): max_alloc=151.00 KiB max_reserved=2.00 MiB
========================================================================================
[gpu-debug] segment_key=npu|decode|4|307a197e3ce88b480cf4c5382b3cb30c
[gpu-debug] sig: device_type=npu phase=decode step=4 (count_hint=6)
[gpu-debug] ops_repr: Softmax:1
[gpu-debug] cfg: device=cuda dtype=torch.bfloat16 dim=4096 ffn_dim=11008 n_heads=32 shards=2
[gpu-debug] op plan (with inferred tensor shapes):
  - op#00  op=Softmax  shard=1   scores=[16x1x164]  ->  y=[16x1x164]  (T=1, K=164)
[gpu-debug] per-op timing breakdown (avg over iters):
  idx  op       sh  io                                                    time   est_flops    TFLOPs       bytes      GB/s
  ------------------------------------------------------------------------------------------------------------------------
    0  Softmax   1  scores[16x1x164]->y[16x1x164]                       0.017ms    13.120 K      0.00   10.25 KiB      0.63
[gpu-debug] segment avg latency (cuda_events): 0.011 ms
[gpu-debug] sum(per-op)               : 0.017 ms (ratio=1.500)
[gpu-debug] NOTE: sum(per-op) may differ from segment latency due to Python overhead, event/launch overhead, and allocator/cache effects.
[gpu-debug] cuda mem before warmup: alloc=146.00 KiB reserved=2.00 MiB
[gpu-debug] cuda mem after warmup : alloc=151.50 KiB reserved=2.00 MiB
[gpu-debug] cuda mem peak (this segment): max_alloc=157.00 KiB max_reserved=2.00 MiB
========================================================================================
[gpu-debug] segment_key=npu|decode|4|6e4eed79a7a597c6844e1e8a97d0ac5d
[gpu-debug] sig: device_type=npu phase=decode step=4 (count_hint=9)
[gpu-debug] ops_repr: Softmax:0
[gpu-debug] cfg: device=cuda dtype=torch.bfloat16 dim=4096 ffn_dim=11008 n_heads=32 shards=2
[gpu-debug] op plan (with inferred tensor shapes):
  - op#00  op=Softmax  shard=0   scores=[16x1x164]  ->  y=[16x1x164]  (T=1, K=164)
[gpu-debug] per-op timing breakdown (avg over iters):
  idx  op       sh  io                                                    time   est_flops    TFLOPs       bytes      GB/s
  ------------------------------------------------------------------------------------------------------------------------
    0  Softmax   0  scores[16x1x164]->y[16x1x164]                       0.017ms    13.120 K      0.00   10.25 KiB      0.62
[gpu-debug] segment avg latency (cuda_events): 0.011 ms
[gpu-debug] sum(per-op)               : 0.017 ms (ratio=1.514)
[gpu-debug] NOTE: sum(per-op) may differ from segment latency due to Python overhead, event/launch overhead, and allocator/cache effects.
[gpu-debug] cuda mem before warmup: alloc=151.50 KiB reserved=2.00 MiB
[gpu-debug] cuda mem after warmup : alloc=151.50 KiB reserved=2.00 MiB
[gpu-debug] cuda mem peak (this segment): max_alloc=157.00 KiB max_reserved=2.00 MiB
========================================================================================
[gpu-debug] segment_key=npu|decode|5|307a197e3ce88b480cf4c5382b3cb30c
[gpu-debug] sig: device_type=npu phase=decode step=5 (count_hint=6)
[gpu-debug] ops_repr: Softmax:1
[gpu-debug] cfg: device=cuda dtype=torch.bfloat16 dim=4096 ffn_dim=11008 n_heads=32 shards=2
[gpu-debug] op plan (with inferred tensor shapes):
  - op#00  op=Softmax  shard=1   scores=[16x1x176]  ->  y=[16x1x176]  (T=1, K=176)
[gpu-debug] per-op timing breakdown (avg over iters):
  idx  op       sh  io                                                    time   est_flops    TFLOPs       bytes      GB/s
  ------------------------------------------------------------------------------------------------------------------------
    0  Softmax   1  scores[16x1x176]->y[16x1x176]                       0.017ms    14.080 K      0.00   11.00 KiB      0.68
[gpu-debug] segment avg latency (cuda_events): 0.011 ms
[gpu-debug] sum(per-op)               : 0.017 ms (ratio=1.500)
[gpu-debug] NOTE: sum(per-op) may differ from segment latency due to Python overhead, event/launch overhead, and allocator/cache effects.
[gpu-debug] cuda mem before warmup: alloc=151.50 KiB reserved=2.00 MiB
[gpu-debug] cuda mem after warmup : alloc=157.00 KiB reserved=2.00 MiB
[gpu-debug] cuda mem peak (this segment): max_alloc=162.50 KiB max_reserved=2.00 MiB
========================================================================================
[gpu-debug] segment_key=npu|decode|5|6e4eed79a7a597c6844e1e8a97d0ac5d
[gpu-debug] sig: device_type=npu phase=decode step=5 (count_hint=9)
[gpu-debug] ops_repr: Softmax:0
[gpu-debug] cfg: device=cuda dtype=torch.bfloat16 dim=4096 ffn_dim=11008 n_heads=32 shards=2
[gpu-debug] op plan (with inferred tensor shapes):
  - op#00  op=Softmax  shard=0   scores=[16x1x176]  ->  y=[16x1x176]  (T=1, K=176)
[gpu-debug] per-op timing breakdown (avg over iters):
  idx  op       sh  io                                                    time   est_flops    TFLOPs       bytes      GB/s
  ------------------------------------------------------------------------------------------------------------------------
    0  Softmax   0  scores[16x1x176]->y[16x1x176]                       0.016ms    14.080 K      0.00   11.00 KiB      0.71
[gpu-debug] segment avg latency (cuda_events): 0.011 ms
[gpu-debug] sum(per-op)               : 0.016 ms (ratio=1.387)
[gpu-debug] NOTE: sum(per-op) may differ from segment latency due to Python overhead, event/launch overhead, and allocator/cache effects.
[gpu-debug] cuda mem before warmup: alloc=157.00 KiB reserved=2.00 MiB
[gpu-debug] cuda mem after warmup : alloc=157.00 KiB reserved=2.00 MiB
[gpu-debug] cuda mem peak (this segment): max_alloc=162.50 KiB max_reserved=2.00 MiB
========================================================================================
[gpu-debug] segment_key=npu|decode|6|307a197e3ce88b480cf4c5382b3cb30c
[gpu-debug] sig: device_type=npu phase=decode step=6 (count_hint=6)
[gpu-debug] ops_repr: Softmax:1
[gpu-debug] cfg: device=cuda dtype=torch.bfloat16 dim=4096 ffn_dim=11008 n_heads=32 shards=2
[gpu-debug] op plan (with inferred tensor shapes):
  - op#00  op=Softmax  shard=1   scores=[16x1x188]  ->  y=[16x1x188]  (T=1, K=188)
[gpu-debug] per-op timing breakdown (avg over iters):
  idx  op       sh  io                                                    time   est_flops    TFLOPs       bytes      GB/s
  ------------------------------------------------------------------------------------------------------------------------
    0  Softmax   1  scores[16x1x188]->y[16x1x188]                       0.016ms    15.040 K      0.00   11.75 KiB      0.76
[gpu-debug] segment avg latency (cuda_events): 0.011 ms
[gpu-debug] sum(per-op)               : 0.016 ms (ratio=1.481)
[gpu-debug] NOTE: sum(per-op) may differ from segment latency due to Python overhead, event/launch overhead, and allocator/cache effects.
[gpu-debug] cuda mem before warmup: alloc=157.00 KiB reserved=2.00 MiB
[gpu-debug] cuda mem after warmup : alloc=163.00 KiB reserved=2.00 MiB
[gpu-debug] cuda mem peak (this segment): max_alloc=169.00 KiB max_reserved=2.00 MiB
========================================================================================
[gpu-debug] segment_key=npu|decode|6|6e4eed79a7a597c6844e1e8a97d0ac5d
[gpu-debug] sig: device_type=npu phase=decode step=6 (count_hint=9)
[gpu-debug] ops_repr: Softmax:0
[gpu-debug] cfg: device=cuda dtype=torch.bfloat16 dim=4096 ffn_dim=11008 n_heads=32 shards=2
[gpu-debug] op plan (with inferred tensor shapes):
  - op#00  op=Softmax  shard=0   scores=[16x1x188]  ->  y=[16x1x188]  (T=1, K=188)
[gpu-debug] per-op timing breakdown (avg over iters):
  idx  op       sh  io                                                    time   est_flops    TFLOPs       bytes      GB/s
  ------------------------------------------------------------------------------------------------------------------------
    0  Softmax   0  scores[16x1x188]->y[16x1x188]                       0.016ms    15.040 K      0.00   11.75 KiB      0.76
[gpu-debug] segment avg latency (cuda_events): 0.011 ms
[gpu-debug] sum(per-op)               : 0.016 ms (ratio=1.481)
[gpu-debug] NOTE: sum(per-op) may differ from segment latency due to Python overhead, event/launch overhead, and allocator/cache effects.
[gpu-debug] cuda mem before warmup: alloc=163.00 KiB reserved=2.00 MiB
[gpu-debug] cuda mem after warmup : alloc=163.00 KiB reserved=2.00 MiB
[gpu-debug] cuda mem peak (this segment): max_alloc=169.00 KiB max_reserved=2.00 MiB
========================================================================================
[gpu-debug] segment_key=npu|decode|7|307a197e3ce88b480cf4c5382b3cb30c
[gpu-debug] sig: device_type=npu phase=decode step=7 (count_hint=6)
[gpu-debug] ops_repr: Softmax:1
[gpu-debug] cfg: device=cuda dtype=torch.bfloat16 dim=4096 ffn_dim=11008 n_heads=32 shards=2
[gpu-debug] op plan (with inferred tensor shapes):
  - op#00  op=Softmax  shard=1   scores=[16x1x200]  ->  y=[16x1x200]  (T=1, K=200)
[gpu-debug] per-op timing breakdown (avg over iters):
  idx  op       sh  io                                                    time   est_flops    TFLOPs       bytes      GB/s
  ------------------------------------------------------------------------------------------------------------------------
    0  Softmax   1  scores[16x1x200]->y[16x1x200]                       0.016ms    16.000 K      0.00   12.50 KiB      0.80
[gpu-debug] segment avg latency (cuda_events): 0.011 ms
[gpu-debug] sum(per-op)               : 0.016 ms (ratio=1.486)
[gpu-debug] NOTE: sum(per-op) may differ from segment latency due to Python overhead, event/launch overhead, and allocator/cache effects.
[gpu-debug] cuda mem before warmup: alloc=163.00 KiB reserved=2.00 MiB
[gpu-debug] cuda mem after warmup : alloc=169.50 KiB reserved=2.00 MiB
[gpu-debug] cuda mem peak (this segment): max_alloc=176.00 KiB max_reserved=2.00 MiB
  progress 40/46
========================================================================================
[gpu-debug] segment_key=npu|decode|7|6e4eed79a7a597c6844e1e8a97d0ac5d
[gpu-debug] sig: device_type=npu phase=decode step=7 (count_hint=9)
[gpu-debug] ops_repr: Softmax:0
[gpu-debug] cfg: device=cuda dtype=torch.bfloat16 dim=4096 ffn_dim=11008 n_heads=32 shards=2
[gpu-debug] op plan (with inferred tensor shapes):
  - op#00  op=Softmax  shard=0   scores=[16x1x200]  ->  y=[16x1x200]  (T=1, K=200)
[gpu-debug] per-op timing breakdown (avg over iters):
  idx  op       sh  io                                                    time   est_flops    TFLOPs       bytes      GB/s
  ------------------------------------------------------------------------------------------------------------------------
    0  Softmax   0  scores[16x1x200]->y[16x1x200]                       0.016ms    16.000 K      0.00   12.50 KiB      0.79
[gpu-debug] segment avg latency (cuda_events): 0.011 ms
[gpu-debug] sum(per-op)               : 0.016 ms (ratio=1.544)
[gpu-debug] NOTE: sum(per-op) may differ from segment latency due to Python overhead, event/launch overhead, and allocator/cache effects.
[gpu-debug] cuda mem before warmup: alloc=169.50 KiB reserved=2.00 MiB
[gpu-debug] cuda mem after warmup : alloc=169.50 KiB reserved=2.00 MiB
[gpu-debug] cuda mem peak (this segment): max_alloc=176.00 KiB max_reserved=2.00 MiB
========================================================================================
[gpu-debug] segment_key=npu|decode|8|307a197e3ce88b480cf4c5382b3cb30c
[gpu-debug] sig: device_type=npu phase=decode step=8 (count_hint=6)
[gpu-debug] ops_repr: Softmax:1
[gpu-debug] cfg: device=cuda dtype=torch.bfloat16 dim=4096 ffn_dim=11008 n_heads=32 shards=2
[gpu-debug] op plan (with inferred tensor shapes):
  - op#00  op=Softmax  shard=1   scores=[16x1x212]  ->  y=[16x1x212]  (T=1, K=212)
[gpu-debug] per-op timing breakdown (avg over iters):
  idx  op       sh  io                                                    time   est_flops    TFLOPs       bytes      GB/s
  ------------------------------------------------------------------------------------------------------------------------
    0  Softmax   1  scores[16x1x212]->y[16x1x212]                       0.016ms    16.960 K      0.00   13.25 KiB      0.85
[gpu-debug] segment avg latency (cuda_events): 0.011 ms
[gpu-debug] sum(per-op)               : 0.016 ms (ratio=1.472)
[gpu-debug] NOTE: sum(per-op) may differ from segment latency due to Python overhead, event/launch overhead, and allocator/cache effects.
[gpu-debug] cuda mem before warmup: alloc=169.50 KiB reserved=2.00 MiB
[gpu-debug] cuda mem after warmup : alloc=176.50 KiB reserved=2.00 MiB
[gpu-debug] cuda mem peak (this segment): max_alloc=183.50 KiB max_reserved=2.00 MiB
========================================================================================
[gpu-debug] segment_key=npu|decode|8|6e4eed79a7a597c6844e1e8a97d0ac5d
[gpu-debug] sig: device_type=npu phase=decode step=8 (count_hint=9)
[gpu-debug] ops_repr: Softmax:0
[gpu-debug] cfg: device=cuda dtype=torch.bfloat16 dim=4096 ffn_dim=11008 n_heads=32 shards=2
[gpu-debug] op plan (with inferred tensor shapes):
  - op#00  op=Softmax  shard=0   scores=[16x1x212]  ->  y=[16x1x212]  (T=1, K=212)
[gpu-debug] per-op timing breakdown (avg over iters):
  idx  op       sh  io                                                    time   est_flops    TFLOPs       bytes      GB/s
  ------------------------------------------------------------------------------------------------------------------------
    0  Softmax   0  scores[16x1x212]->y[16x1x212]                       0.016ms    16.960 K      0.00   13.25 KiB      0.84
[gpu-debug] segment avg latency (cuda_events): 0.011 ms
[gpu-debug] sum(per-op)               : 0.016 ms (ratio=1.481)
[gpu-debug] NOTE: sum(per-op) may differ from segment latency due to Python overhead, event/launch overhead, and allocator/cache effects.
[gpu-debug] cuda mem before warmup: alloc=176.50 KiB reserved=2.00 MiB
[gpu-debug] cuda mem after warmup : alloc=176.50 KiB reserved=2.00 MiB
[gpu-debug] cuda mem peak (this segment): max_alloc=183.50 KiB max_reserved=2.00 MiB
========================================================================================
[gpu-debug] segment_key=npu|decode|9|307a197e3ce88b480cf4c5382b3cb30c
[gpu-debug] sig: device_type=npu phase=decode step=9 (count_hint=6)
[gpu-debug] ops_repr: Softmax:1
[gpu-debug] cfg: device=cuda dtype=torch.bfloat16 dim=4096 ffn_dim=11008 n_heads=32 shards=2
[gpu-debug] op plan (with inferred tensor shapes):
  - op#00  op=Softmax  shard=1   scores=[16x1x224]  ->  y=[16x1x224]  (T=1, K=224)
[gpu-debug] per-op timing breakdown (avg over iters):
  idx  op       sh  io                                                    time   est_flops    TFLOPs       bytes      GB/s
  ------------------------------------------------------------------------------------------------------------------------
    0  Softmax   1  scores[16x1x224]->y[16x1x224]                       0.016ms    17.920 K      0.00   14.00 KiB      0.89
[gpu-debug] segment avg latency (cuda_events): 0.011 ms
[gpu-debug] sum(per-op)               : 0.016 ms (ratio=1.519)
[gpu-debug] NOTE: sum(per-op) may differ from segment latency due to Python overhead, event/launch overhead, and allocator/cache effects.
[gpu-debug] cuda mem before warmup: alloc=176.50 KiB reserved=2.00 MiB
[gpu-debug] cuda mem after warmup : alloc=183.50 KiB reserved=2.00 MiB
[gpu-debug] cuda mem peak (this segment): max_alloc=190.50 KiB max_reserved=2.00 MiB
========================================================================================
[gpu-debug] segment_key=npu|decode|9|6e4eed79a7a597c6844e1e8a97d0ac5d
[gpu-debug] sig: device_type=npu phase=decode step=9 (count_hint=9)
[gpu-debug] ops_repr: Softmax:0
[gpu-debug] cfg: device=cuda dtype=torch.bfloat16 dim=4096 ffn_dim=11008 n_heads=32 shards=2
[gpu-debug] op plan (with inferred tensor shapes):
  - op#00  op=Softmax  shard=0   scores=[16x1x224]  ->  y=[16x1x224]  (T=1, K=224)
[gpu-debug] per-op timing breakdown (avg over iters):
  idx  op       sh  io                                                    time   est_flops    TFLOPs       bytes      GB/s
  ------------------------------------------------------------------------------------------------------------------------
    0  Softmax   0  scores[16x1x224]->y[16x1x224]                       0.016ms    17.920 K      0.00   14.00 KiB      0.90
[gpu-debug] segment avg latency (cuda_events): 0.010 ms
[gpu-debug] sum(per-op)               : 0.016 ms (ratio=1.529)
[gpu-debug] NOTE: sum(per-op) may differ from segment latency due to Python overhead, event/launch overhead, and allocator/cache effects.
[gpu-debug] cuda mem before warmup: alloc=183.50 KiB reserved=2.00 MiB
[gpu-debug] cuda mem after warmup : alloc=183.50 KiB reserved=2.00 MiB
[gpu-debug] cuda mem peak (this segment): max_alloc=190.50 KiB max_reserved=2.00 MiB
========================================================================================
[gpu-debug] segment_key=npu|prefill|-1|484c97cbafe846cd6cda66e063d38e2a
[gpu-debug] sig: device_type=npu phase=prefill step=-1 (count_hint=32)
[gpu-debug] ops_repr: LN:-1,QK:0,QK:1,Softmax:0,Softmax:1,SV:0,SV:1,LN:-1
[gpu-debug] cfg: device=cuda dtype=torch.bfloat16 dim=4096 ffn_dim=11008 n_heads=32 shards=2
[gpu-debug] op plan (with inferred tensor shapes):
  - op#00  op=LN       shard=-1  x=[128x4096] + w=[4096]  ->  y=[128x4096]  (T=128, K=128)
  - op#01  op=QK       shard=0   q=[16x128x128] + k=[16x128x128]  ->  y=[16x128x128]  (T=128, K=128)
  - op#02  op=QK       shard=1   q=[16x128x128] + k=[16x128x128]  ->  y=[16x128x128]  (T=128, K=128)
  - op#03  op=Softmax  shard=0   scores=[16x128x128]  ->  y=[16x128x128]  (T=128, K=128)
  - op#04  op=Softmax  shard=1   scores=[16x128x128]  ->  y=[16x128x128]  (T=128, K=128)
  - op#05  op=SV       shard=0   p=[16x128x128] + v=[16x128x128]  ->  y=[16x128x128]  (T=128, K=128)
  - op#06  op=SV       shard=1   p=[16x128x128] + v=[16x128x128]  ->  y=[16x128x128]  (T=128, K=128)
  - op#07  op=LN       shard=-1  x=[128x4096] + w=[4096]  ->  y=[128x4096]  (T=128, K=128)
[gpu-debug] per-op timing breakdown (avg over iters):
  idx  op       sh  io                                                    time   est_flops    TFLOPs       bytes      GB/s
  ------------------------------------------------------------------------------------------------------------------------
    0  LN       -1  x[128x4096]+w[4096]->y[128x4096]                    0.073ms     2.621 M      0.04    2.01 MiB     28.72
    1  QK        0  q[16x128x128]+k[16x128x128]->y[16x128x128]          0.043ms    67.109 M      1.55    1.50 MiB     36.31
    2  QK        1  q[16x128x128]+k[16x128x128]->y[16x128x128]          0.043ms    67.109 M      1.55    1.50 MiB     36.31
    3  Softmax   0  scores[16x128x128]->y[16x128x128]                   0.019ms     1.311 M      0.07    1.00 MiB     54.18
    4  Softmax   1  scores[16x128x128]->y[16x128x128]                   0.016ms     1.311 M      0.08    1.00 MiB     66.49
    5  SV        0  p[16x128x128]+v[16x128x128]->y[16x128x128]          0.031ms    67.109 M      2.16    1.50 MiB     50.53
    6  SV        1  p[16x128x128]+v[16x128x128]->y[16x128x128]          0.028ms    67.109 M      2.37    1.50 MiB     55.65
    7  LN       -1  x[128x4096]+w[4096]->y[128x4096]                    0.075ms     2.621 M      0.04    2.01 MiB     28.20
[gpu-debug] segment avg latency (cuda_events): 0.224 ms
[gpu-debug] sum(per-op)               : 0.329 ms (ratio=1.472)
[gpu-debug] NOTE: sum(per-op) may differ from segment latency due to Python overhead, event/launch overhead, and allocator/cache effects.
[gpu-debug] cuda mem before warmup: alloc=183.50 KiB reserved=2.00 MiB
[gpu-debug] cuda mem after warmup : alloc=9.81 MiB reserved=24.00 MiB
[gpu-debug] cuda mem peak (this segment): max_alloc=11.81 MiB max_reserved=24.00 MiB
  progress 46/46
