[run-gpu] tasks=15 warmup=3 iters=10 device=cuda dtype=bf16 segment_scope=layer
[run-gpu] extra weight_load_s=0.400513s (will be added in merge)
[run-gpu] GPU[0] NVIDIA A100-PCIE-40GB; SM=108, CC=8.0
[run-gpu] nvidia-smi -L: GPU 0: NVIDIA A100-PCIE-40GB (UUID: GPU-6d440a5b-63f1-384a-e57b-cc3200e8df52)
[run-gpu] nvidia-smi query: NVIDIA A100-PCIE-40GB, GPU-6d440a5b-63f1-384a-e57b-cc3200e8df52, 560.35.03, 40960
[run-gpu][debug] torch_default_dtype=torch.float32
[run-gpu][debug] torch.backends.cuda.matmul.allow_tf32=False
[run-gpu][debug] cudnn.enabled=True benchmark=False deterministic=False allow_tf32=True
[run-gpu][debug] nvidia-smi snapshot: 0, 0, 0, 4, 40960, 29, 35.52, 250.00
========================================================================================
[gpu-debug] segment_key=npu|decode|0|2a5538c8f9df4db4add3d84eaac8c78a
[gpu-debug] sig: device_type=npu phase=decode step=0 (count_hint=1)
[gpu-debug] ops_repr: LN:-1,Q:0,K:0,Q:1,K:1,QK:0,QK:1,Softmax:0,Softmax:1,O:0,Add:-1,FFN_W3:0,FFN_W3:1,SwiGLU:0,Add:-1
[gpu-debug] cfg: device=cuda dtype=torch.bfloat16 dim=4096 ffn_dim=11008 n_heads=32 shards=2
[gpu-debug] op plan (with inferred tensor shapes):
  - op#00  op=LN       shard=-1  x=[1x4096] + w=[4096]  ->  y=[1x4096]  (T=1, K=263)
  - op#01  op=Q        shard=0   x=[1x4096] + w=[2048x4096]  ->  y=[1x2048]  (T=1, K=263)
  - op#02  op=K        shard=0   x=[1x4096] + w=[2048x4096]  ->  y=[1x2048]  (T=1, K=263)
  - op#03  op=Q        shard=1   x=[1x4096] + w=[2048x4096]  ->  y=[1x2048]  (T=1, K=263)
  - op#04  op=K        shard=1   x=[1x4096] + w=[2048x4096]  ->  y=[1x2048]  (T=1, K=263)
  - op#05  op=QK       shard=0   q=[16x1x128] + k=[16x128x263]  ->  y=[16x1x263]  (T=1, K=263)
  - op#06  op=QK       shard=1   q=[16x1x128] + k=[16x128x263]  ->  y=[16x1x263]  (T=1, K=263)
  - op#07  op=Softmax  shard=0   scores=[16x1x263]  ->  y=[16x1x263]  (T=1, K=263)
  - op#08  op=Softmax  shard=1   scores=[16x1x263]  ->  y=[16x1x263]  (T=1, K=263)
  - op#09  op=O        shard=0   x=[1x2048] + w=[4096x2048]  ->  y=[1x4096]  (T=1, K=263)
  - op#10  op=Add      shard=-1  a=[1x4096] + b=[1x4096]  ->  y=[1x4096]  (T=1, K=263)
  - op#11  op=FFN_W3   shard=0   x=[1x4096] + w=[5504x4096]  ->  y=[1x5504]  (T=1, K=263)
  - op#12  op=FFN_W3   shard=1   x=[1x4096] + w=[5504x4096]  ->  y=[1x5504]  (T=1, K=263)
  - op#13  op=SwiGLU   shard=0   a=[1x5504] + b=[1x5504]  ->  y=[1x5504]  (T=1, K=263)
  - op#14  op=Add      shard=-1  a=[1x4096] + b=[1x4096]  ->  y=[1x4096]  (T=1, K=263)
[gpu-debug] per-op timing breakdown (avg over iters):
  idx  op       sh  io                                                    time   est_flops    TFLOPs       bytes      GB/s
  ------------------------------------------------------------------------------------------------------------------------
    0  LN       -1  x[1x4096]+w[4096]->y[1x4096]                        0.074ms    20.480 K      0.00   24.00 KiB      0.33
    1  Q         0  x[1x4096]+w[2048x4096]->y[1x2048]                   0.053ms    16.777 M      0.32   16.01 MiB    319.61
    2  K         0  x[1x4096]+w[2048x4096]->y[1x2048]                   0.035ms    16.777 M      0.48   16.01 MiB    478.02
    3  Q         1  x[1x4096]+w[2048x4096]->y[1x2048]                   0.034ms    16.777 M      0.49   16.01 MiB    492.37
    4  K         1  x[1x4096]+w[2048x4096]->y[1x2048]                   0.035ms    16.777 M      0.48   16.01 MiB    485.09
    5  QK        0  q[16x1x128]+k[16x128x263]->y[16x1x263]              0.020ms     1.077 M      0.05    1.04 MiB     53.21
    6  QK        1  q[16x1x128]+k[16x128x263]->y[16x1x263]              0.035ms     1.077 M      0.03    1.04 MiB     30.76
    7  Softmax   0  scores[16x1x263]->y[16x1x263]                       0.019ms    21.040 K      0.00   16.44 KiB      0.87
    8  Softmax   1  scores[16x1x263]->y[16x1x263]                       0.016ms    21.040 K      0.00   16.44 KiB      1.07
    9  O         0  x[1x2048]+w[4096x2048]->y[1x4096]                   0.040ms    16.777 M      0.42   16.01 MiB    420.41
   10  Add      -1  a[1x4096]+b[1x4096]->y[1x4096]                      0.011ms     4.096 K      0.00   24.00 KiB      2.26
   11  FFN_W3    0  x[1x4096]+w[5504x4096]->y[1x5504]                   0.058ms    45.089 M      0.77   43.02 MiB    772.82
   12  FFN_W3    1  x[1x4096]+w[5504x4096]->y[1x5504]                   0.049ms    45.089 M      0.93   43.02 MiB    929.34
   13  SwiGLU    0  a[1x5504]+b[1x5504]->y[1x5504]                      0.016ms    33.024 K      0.00   32.25 KiB      2.05
   14  Add      -1  a[1x4096]+b[1x4096]->y[1x4096]                      0.009ms     4.096 K      0.00   24.00 KiB      2.61
[gpu-debug] segment avg latency (cuda_events): 0.348 ms
[gpu-debug] sum(per-op)               : 0.504 ms (ratio=1.451)
[gpu-debug] NOTE: sum(per-op) may differ from segment latency due to Python overhead, event/launch overhead, and allocator/cache effects.
[gpu-debug] cuda mem before warmup: alloc=0 B reserved=0 B
[gpu-debug] cuda mem after warmup : alloc=177.19 MiB reserved=190.00 MiB
[gpu-debug] cuda mem peak (this segment): max_alloc=177.22 MiB max_reserved=190.00 MiB
========================================================================================
[gpu-debug] segment_key=npu|decode|0|671eabfb3c980b3de830460630434eeb
[gpu-debug] sig: device_type=npu phase=decode step=0 (count_hint=31)
[gpu-debug] ops_repr: Q:0,K:0,Q:1,K:1,QK:0,QK:1,Softmax:0,Softmax:1,O:0,Add:-1,FFN_W3:0,FFN_W3:1,SwiGLU:0,Add:-1
[gpu-debug] cfg: device=cuda dtype=torch.bfloat16 dim=4096 ffn_dim=11008 n_heads=32 shards=2
[gpu-debug] op plan (with inferred tensor shapes):
  - op#00  op=Q        shard=0   x=[1x4096] + w=[2048x4096]  ->  y=[1x2048]  (T=1, K=263)
  - op#01  op=K        shard=0   x=[1x4096] + w=[2048x4096]  ->  y=[1x2048]  (T=1, K=263)
  - op#02  op=Q        shard=1   x=[1x4096] + w=[2048x4096]  ->  y=[1x2048]  (T=1, K=263)
  - op#03  op=K        shard=1   x=[1x4096] + w=[2048x4096]  ->  y=[1x2048]  (T=1, K=263)
  - op#04  op=QK       shard=0   q=[16x1x128] + k=[16x128x263]  ->  y=[16x1x263]  (T=1, K=263)
  - op#05  op=QK       shard=1   q=[16x1x128] + k=[16x128x263]  ->  y=[16x1x263]  (T=1, K=263)
  - op#06  op=Softmax  shard=0   scores=[16x1x263]  ->  y=[16x1x263]  (T=1, K=263)
  - op#07  op=Softmax  shard=1   scores=[16x1x263]  ->  y=[16x1x263]  (T=1, K=263)
  - op#08  op=O        shard=0   x=[1x2048] + w=[4096x2048]  ->  y=[1x4096]  (T=1, K=263)
  - op#09  op=Add      shard=-1  a=[1x4096] + b=[1x4096]  ->  y=[1x4096]  (T=1, K=263)
  - op#10  op=FFN_W3   shard=0   x=[1x4096] + w=[5504x4096]  ->  y=[1x5504]  (T=1, K=263)
  - op#11  op=FFN_W3   shard=1   x=[1x4096] + w=[5504x4096]  ->  y=[1x5504]  (T=1, K=263)
  - op#12  op=SwiGLU   shard=0   a=[1x5504] + b=[1x5504]  ->  y=[1x5504]  (T=1, K=263)
  - op#13  op=Add      shard=-1  a=[1x4096] + b=[1x4096]  ->  y=[1x4096]  (T=1, K=263)
[gpu-debug] per-op timing breakdown (avg over iters):
  idx  op       sh  io                                                    time   est_flops    TFLOPs       bytes      GB/s
  ------------------------------------------------------------------------------------------------------------------------
    0  Q         0  x[1x4096]+w[2048x4096]->y[1x2048]                   0.048ms    16.777 M      0.35   16.01 MiB    350.34
    1  K         0  x[1x4096]+w[2048x4096]->y[1x2048]                   0.035ms    16.777 M      0.48   16.01 MiB    482.24
    2  Q         1  x[1x4096]+w[2048x4096]->y[1x2048]                   0.034ms    16.777 M      0.49   16.01 MiB    487.98
    3  K         1  x[1x4096]+w[2048x4096]->y[1x2048]                   0.034ms    16.777 M      0.49   16.01 MiB    487.98
    4  QK        0  q[16x1x128]+k[16x128x263]->y[16x1x263]              0.020ms     1.077 M      0.05    1.04 MiB     54.58
    5  QK        1  q[16x1x128]+k[16x128x263]->y[16x1x263]              0.033ms     1.077 M      0.03    1.04 MiB     32.85
    6  Softmax   0  scores[16x1x263]->y[16x1x263]                       0.019ms    21.040 K      0.00   16.44 KiB      0.88
    7  Softmax   1  scores[16x1x263]->y[16x1x263]                       0.016ms    21.040 K      0.00   16.44 KiB      1.07
    8  O         0  x[1x2048]+w[4096x2048]->y[1x4096]                   0.041ms    16.777 M      0.41   16.01 MiB    414.04
    9  Add      -1  a[1x4096]+b[1x4096]->y[1x4096]                      0.010ms     4.096 K      0.00   24.00 KiB      2.35
   10  FFN_W3    0  x[1x4096]+w[5504x4096]->y[1x5504]                   0.058ms    45.089 M      0.77   43.02 MiB    771.47
   11  FFN_W3    1  x[1x4096]+w[5504x4096]->y[1x5504]                   0.048ms    45.089 M      0.93   43.02 MiB    931.31
   12  SwiGLU    0  a[1x5504]+b[1x5504]->y[1x5504]                      0.016ms    33.024 K      0.00   32.25 KiB      2.03
   13  Add      -1  a[1x4096]+b[1x4096]->y[1x4096]                      0.010ms     4.096 K      0.00   24.00 KiB      2.53
[gpu-debug] segment avg latency (cuda_events): 0.303 ms
[gpu-debug] sum(per-op)               : 0.423 ms (ratio=1.397)
[gpu-debug] NOTE: sum(per-op) may differ from segment latency due to Python overhead, event/launch overhead, and allocator/cache effects.
[gpu-debug] cuda mem before warmup: alloc=177.19 MiB reserved=190.00 MiB
[gpu-debug] cuda mem after warmup : alloc=177.19 MiB reserved=190.00 MiB
[gpu-debug] cuda mem peak (this segment): max_alloc=177.22 MiB max_reserved=190.00 MiB
========================================================================================
[gpu-debug] segment_key=npu|decode|1|306225b6c1ce23ab6c915712037d7ab7
[gpu-debug] sig: device_type=npu phase=decode step=1 (count_hint=1)
[gpu-debug] ops_repr: LN:-1,Q:0,K:0,Q:1,K:1,QK:0,QK:1,Softmax:0,Softmax:1,O:0,Add:-1,FFN_W3:0,SwiGLU:1,Add:-1
[gpu-debug] cfg: device=cuda dtype=torch.bfloat16 dim=4096 ffn_dim=11008 n_heads=32 shards=2
[gpu-debug] op plan (with inferred tensor shapes):
  - op#00  op=LN       shard=-1  x=[1x4096] + w=[4096]  ->  y=[1x4096]  (T=1, K=264)
  - op#01  op=Q        shard=0   x=[1x4096] + w=[2048x4096]  ->  y=[1x2048]  (T=1, K=264)
  - op#02  op=K        shard=0   x=[1x4096] + w=[2048x4096]  ->  y=[1x2048]  (T=1, K=264)
  - op#03  op=Q        shard=1   x=[1x4096] + w=[2048x4096]  ->  y=[1x2048]  (T=1, K=264)
  - op#04  op=K        shard=1   x=[1x4096] + w=[2048x4096]  ->  y=[1x2048]  (T=1, K=264)
  - op#05  op=QK       shard=0   q=[16x1x128] + k=[16x128x264]  ->  y=[16x1x264]  (T=1, K=264)
  - op#06  op=QK       shard=1   q=[16x1x128] + k=[16x128x264]  ->  y=[16x1x264]  (T=1, K=264)
  - op#07  op=Softmax  shard=0   scores=[16x1x264]  ->  y=[16x1x264]  (T=1, K=264)
  - op#08  op=Softmax  shard=1   scores=[16x1x264]  ->  y=[16x1x264]  (T=1, K=264)
  - op#09  op=O        shard=0   x=[1x2048] + w=[4096x2048]  ->  y=[1x4096]  (T=1, K=264)
  - op#10  op=Add      shard=-1  a=[1x4096] + b=[1x4096]  ->  y=[1x4096]  (T=1, K=264)
  - op#11  op=FFN_W3   shard=0   x=[1x4096] + w=[5504x4096]  ->  y=[1x5504]  (T=1, K=264)
  - op#12  op=SwiGLU   shard=1   a=[1x5504] + b=[1x5504]  ->  y=[1x5504]  (T=1, K=264)
  - op#13  op=Add      shard=-1  a=[1x4096] + b=[1x4096]  ->  y=[1x4096]  (T=1, K=264)
[gpu-debug] per-op timing breakdown (avg over iters):
  idx  op       sh  io                                                    time   est_flops    TFLOPs       bytes      GB/s
  ------------------------------------------------------------------------------------------------------------------------
    0  LN       -1  x[1x4096]+w[4096]->y[1x4096]                        0.073ms    20.480 K      0.00   24.00 KiB      0.34
    1  Q         0  x[1x4096]+w[2048x4096]->y[1x2048]                   0.052ms    16.777 M      0.32   16.01 MiB    322.76
    2  K         0  x[1x4096]+w[2048x4096]->y[1x2048]                   0.035ms    16.777 M      0.48   16.01 MiB    480.82
    3  Q         1  x[1x4096]+w[2048x4096]->y[1x2048]                   0.034ms    16.777 M      0.49   16.01 MiB    492.37
    4  K         1  x[1x4096]+w[2048x4096]->y[1x2048]                   0.035ms    16.777 M      0.48   16.01 MiB    485.09
    5  QK        0  q[16x1x128]+k[16x128x264]->y[16x1x264]              0.022ms     1.081 M      0.05    1.04 MiB     49.69
    6  QK        1  q[16x1x128]+k[16x128x264]->y[16x1x264]              0.038ms     1.081 M      0.03    1.04 MiB     28.49
    7  Softmax   0  scores[16x1x264]->y[16x1x264]                       0.019ms    21.120 K      0.00   16.50 KiB      0.87
    8  Softmax   1  scores[16x1x264]->y[16x1x264]                       0.016ms    21.120 K      0.00   16.50 KiB      1.03
    9  O         0  x[1x2048]+w[4096x2048]->y[1x4096]                   0.041ms    16.777 M      0.41   16.01 MiB    405.84
   10  Add      -1  a[1x4096]+b[1x4096]->y[1x4096]                      0.010ms     4.096 K      0.00   24.00 KiB      2.42
   11  FFN_W3    0  x[1x4096]+w[5504x4096]->y[1x5504]                   0.059ms    45.089 M      0.76   43.02 MiB    762.12
   12  SwiGLU    1  a[1x5504]+b[1x5504]->y[1x5504]                      0.016ms    33.024 K      0.00   32.25 KiB      2.05
   13  Add      -1  a[1x4096]+b[1x4096]->y[1x4096]                      0.010ms     4.096 K      0.00   24.00 KiB      2.53
[gpu-debug] segment avg latency (cuda_events): 0.302 ms
[gpu-debug] sum(per-op)               : 0.461 ms (ratio=1.525)
[gpu-debug] NOTE: sum(per-op) may differ from segment latency due to Python overhead, event/launch overhead, and allocator/cache effects.
[gpu-debug] cuda mem before warmup: alloc=177.19 MiB reserved=190.00 MiB
[gpu-debug] cuda mem after warmup : alloc=178.23 MiB reserved=190.00 MiB
[gpu-debug] cuda mem peak (this segment): max_alloc=178.26 MiB max_reserved=190.00 MiB
========================================================================================
[gpu-debug] segment_key=npu|decode|1|d06fca3464dd4b0d50891de375916443
[gpu-debug] sig: device_type=npu phase=decode step=1 (count_hint=31)
[gpu-debug] ops_repr: Q:0,K:0,Q:1,K:1,QK:0,QK:1,Softmax:0,Softmax:1,O:0,Add:-1,FFN_W3:0,SwiGLU:1,Add:-1
[gpu-debug] cfg: device=cuda dtype=torch.bfloat16 dim=4096 ffn_dim=11008 n_heads=32 shards=2
[gpu-debug] op plan (with inferred tensor shapes):
  - op#00  op=Q        shard=0   x=[1x4096] + w=[2048x4096]  ->  y=[1x2048]  (T=1, K=264)
  - op#01  op=K        shard=0   x=[1x4096] + w=[2048x4096]  ->  y=[1x2048]  (T=1, K=264)
  - op#02  op=Q        shard=1   x=[1x4096] + w=[2048x4096]  ->  y=[1x2048]  (T=1, K=264)
  - op#03  op=K        shard=1   x=[1x4096] + w=[2048x4096]  ->  y=[1x2048]  (T=1, K=264)
  - op#04  op=QK       shard=0   q=[16x1x128] + k=[16x128x264]  ->  y=[16x1x264]  (T=1, K=264)
  - op#05  op=QK       shard=1   q=[16x1x128] + k=[16x128x264]  ->  y=[16x1x264]  (T=1, K=264)
  - op#06  op=Softmax  shard=0   scores=[16x1x264]  ->  y=[16x1x264]  (T=1, K=264)
  - op#07  op=Softmax  shard=1   scores=[16x1x264]  ->  y=[16x1x264]  (T=1, K=264)
  - op#08  op=O        shard=0   x=[1x2048] + w=[4096x2048]  ->  y=[1x4096]  (T=1, K=264)
  - op#09  op=Add      shard=-1  a=[1x4096] + b=[1x4096]  ->  y=[1x4096]  (T=1, K=264)
  - op#10  op=FFN_W3   shard=0   x=[1x4096] + w=[5504x4096]  ->  y=[1x5504]  (T=1, K=264)
  - op#11  op=SwiGLU   shard=1   a=[1x5504] + b=[1x5504]  ->  y=[1x5504]  (T=1, K=264)
  - op#12  op=Add      shard=-1  a=[1x4096] + b=[1x4096]  ->  y=[1x4096]  (T=1, K=264)
[gpu-debug] per-op timing breakdown (avg over iters):
  idx  op       sh  io                                                    time   est_flops    TFLOPs       bytes      GB/s
  ------------------------------------------------------------------------------------------------------------------------
    0  Q         0  x[1x4096]+w[2048x4096]->y[1x2048]                   0.048ms    16.777 M      0.35   16.01 MiB    348.85
    1  K         0  x[1x4096]+w[2048x4096]->y[1x2048]                   0.035ms    16.777 M      0.48   16.01 MiB    483.66
    2  Q         1  x[1x4096]+w[2048x4096]->y[1x2048]                   0.034ms    16.777 M      0.49   16.01 MiB    487.98
    3  K         1  x[1x4096]+w[2048x4096]->y[1x2048]                   0.035ms    16.777 M      0.49   16.01 MiB    486.53
    4  QK        0  q[16x1x128]+k[16x128x264]->y[16x1x264]              0.022ms     1.081 M      0.05    1.04 MiB     50.63
    5  QK        1  q[16x1x128]+k[16x128x264]->y[16x1x264]              0.037ms     1.081 M      0.03    1.04 MiB     29.27
    6  Softmax   0  scores[16x1x264]->y[16x1x264]                       0.019ms    21.120 K      0.00   16.50 KiB      0.90
    7  Softmax   1  scores[16x1x264]->y[16x1x264]                       0.016ms    21.120 K      0.00   16.50 KiB      1.04
    8  O         0  x[1x2048]+w[4096x2048]->y[1x4096]                   0.041ms    16.777 M      0.41   16.01 MiB    411.96
    9  Add      -1  a[1x4096]+b[1x4096]->y[1x4096]                      0.011ms     4.096 K      0.00   24.00 KiB      2.33
   10  FFN_W3    0  x[1x4096]+w[5504x4096]->y[1x5504]                   0.058ms    45.089 M      0.77   43.02 MiB    774.18
   11  SwiGLU    1  a[1x5504]+b[1x5504]->y[1x5504]                      0.017ms    33.024 K      0.00   32.25 KiB      1.99
   12  Add      -1  a[1x4096]+b[1x4096]->y[1x4096]                      0.010ms     4.096 K      0.00   24.00 KiB      2.55
[gpu-debug] segment avg latency (cuda_events): 0.262 ms
[gpu-debug] sum(per-op)               : 0.382 ms (ratio=1.459)
[gpu-debug] NOTE: sum(per-op) may differ from segment latency due to Python overhead, event/launch overhead, and allocator/cache effects.
[gpu-debug] cuda mem before warmup: alloc=178.23 MiB reserved=190.00 MiB
[gpu-debug] cuda mem after warmup : alloc=178.23 MiB reserved=190.00 MiB
[gpu-debug] cuda mem peak (this segment): max_alloc=178.26 MiB max_reserved=190.00 MiB
========================================================================================
[gpu-debug] segment_key=npu|decode|2|640d8d104afb310d48bef041f7a6f0e0
[gpu-debug] sig: device_type=npu phase=decode step=2 (count_hint=31)
[gpu-debug] ops_repr: Q:0,K:0,Q:1,K:1,QK:0,QK:1,Softmax:0,Softmax:1,O:0,Add:-1,FFN_W3:0,FFN_W2:1,Add:-1
[gpu-debug] cfg: device=cuda dtype=torch.bfloat16 dim=4096 ffn_dim=11008 n_heads=32 shards=2
[gpu-debug] op plan (with inferred tensor shapes):
  - op#00  op=Q        shard=0   x=[1x4096] + w=[2048x4096]  ->  y=[1x2048]  (T=1, K=274)
  - op#01  op=K        shard=0   x=[1x4096] + w=[2048x4096]  ->  y=[1x2048]  (T=1, K=274)
  - op#02  op=Q        shard=1   x=[1x4096] + w=[2048x4096]  ->  y=[1x2048]  (T=1, K=274)
  - op#03  op=K        shard=1   x=[1x4096] + w=[2048x4096]  ->  y=[1x2048]  (T=1, K=274)
  - op#04  op=QK       shard=0   q=[16x1x128] + k=[16x128x274]  ->  y=[16x1x274]  (T=1, K=274)
  - op#05  op=QK       shard=1   q=[16x1x128] + k=[16x128x274]  ->  y=[16x1x274]  (T=1, K=274)
  - op#06  op=Softmax  shard=0   scores=[16x1x274]  ->  y=[16x1x274]  (T=1, K=274)
  - op#07  op=Softmax  shard=1   scores=[16x1x274]  ->  y=[16x1x274]  (T=1, K=274)
  - op#08  op=O        shard=0   x=[1x2048] + w=[4096x2048]  ->  y=[1x4096]  (T=1, K=274)
  - op#09  op=Add      shard=-1  a=[1x4096] + b=[1x4096]  ->  y=[1x4096]  (T=1, K=274)
  - op#10  op=FFN_W3   shard=0   x=[1x4096] + w=[5504x4096]  ->  y=[1x5504]  (T=1, K=274)
  - op#11  op=FFN_W2   shard=1   x=[1x5504] + w=[4096x5504]  ->  y=[1x4096]  (T=1, K=274)
  - op#12  op=Add      shard=-1  a=[1x4096] + b=[1x4096]  ->  y=[1x4096]  (T=1, K=274)
[gpu-debug] per-op timing breakdown (avg over iters):
  idx  op       sh  io                                                    time   est_flops    TFLOPs       bytes      GB/s
  ------------------------------------------------------------------------------------------------------------------------
    0  Q         0  x[1x4096]+w[2048x4096]->y[1x2048]                   0.047ms    16.777 M      0.36   16.01 MiB    357.99
    1  K         0  x[1x4096]+w[2048x4096]->y[1x2048]                   0.035ms    16.777 M      0.49   16.01 MiB    486.53
    2  Q         1  x[1x4096]+w[2048x4096]->y[1x2048]                   0.034ms    16.777 M      0.49   16.01 MiB    493.86
    3  K         1  x[1x4096]+w[2048x4096]->y[1x2048]                   0.034ms    16.777 M      0.49   16.01 MiB    490.90
    4  QK        0  q[16x1x128]+k[16x128x274]->y[16x1x274]              0.020ms     1.122 M      0.06    1.08 MiB     57.14
    5  QK        1  q[16x1x128]+k[16x128x274]->y[16x1x274]              0.033ms     1.122 M      0.03    1.08 MiB     34.53
    6  Softmax   0  scores[16x1x274]->y[16x1x274]                       0.019ms    21.920 K      0.00   17.12 KiB      0.94
    7  Softmax   1  scores[16x1x274]->y[16x1x274]                       0.016ms    21.920 K      0.00   17.12 KiB      1.10
    8  O         0  x[1x2048]+w[4096x2048]->y[1x4096]                   0.040ms    16.777 M      0.42   16.01 MiB    422.58
    9  Add      -1  a[1x4096]+b[1x4096]->y[1x4096]                      0.010ms     4.096 K      0.00   24.00 KiB      2.53
   10  FFN_W3    0  x[1x4096]+w[5504x4096]->y[1x5504]                   0.058ms    45.089 M      0.78   43.02 MiB    776.91
   11  FFN_W2    1  x[1x5504]+w[4096x5504]->y[1x4096]                   0.052ms    45.089 M      0.87   43.02 MiB    870.57
   12  Add      -1  a[1x4096]+b[1x4096]->y[1x4096]                      0.010ms     4.096 K      0.00   24.00 KiB      2.58
[gpu-debug] segment avg latency (cuda_events): 0.296 ms
[gpu-debug] sum(per-op)               : 0.406 ms (ratio=1.372)
[gpu-debug] NOTE: sum(per-op) may differ from segment latency due to Python overhead, event/launch overhead, and allocator/cache effects.
[gpu-debug] cuda mem before warmup: alloc=178.23 MiB reserved=190.00 MiB
[gpu-debug] cuda mem after warmup : alloc=223.31 MiB reserved=234.00 MiB
[gpu-debug] cuda mem peak (this segment): max_alloc=223.33 MiB max_reserved=234.00 MiB
========================================================================================
[gpu-debug] segment_key=npu|decode|2|b9bb60d957286896489e50322b6f73a4
[gpu-debug] sig: device_type=npu phase=decode step=2 (count_hint=1)
[gpu-debug] ops_repr: LN:-1,Q:0,K:0,Q:1,K:1,QK:0,QK:1,Softmax:0,Softmax:1,O:0,Add:-1,FFN_W3:0,FFN_W2:1,Add:-1
[gpu-debug] cfg: device=cuda dtype=torch.bfloat16 dim=4096 ffn_dim=11008 n_heads=32 shards=2
[gpu-debug] op plan (with inferred tensor shapes):
  - op#00  op=LN       shard=-1  x=[1x4096] + w=[4096]  ->  y=[1x4096]  (T=1, K=274)
  - op#01  op=Q        shard=0   x=[1x4096] + w=[2048x4096]  ->  y=[1x2048]  (T=1, K=274)
  - op#02  op=K        shard=0   x=[1x4096] + w=[2048x4096]  ->  y=[1x2048]  (T=1, K=274)
  - op#03  op=Q        shard=1   x=[1x4096] + w=[2048x4096]  ->  y=[1x2048]  (T=1, K=274)
  - op#04  op=K        shard=1   x=[1x4096] + w=[2048x4096]  ->  y=[1x2048]  (T=1, K=274)
  - op#05  op=QK       shard=0   q=[16x1x128] + k=[16x128x274]  ->  y=[16x1x274]  (T=1, K=274)
  - op#06  op=QK       shard=1   q=[16x1x128] + k=[16x128x274]  ->  y=[16x1x274]  (T=1, K=274)
  - op#07  op=Softmax  shard=0   scores=[16x1x274]  ->  y=[16x1x274]  (T=1, K=274)
  - op#08  op=Softmax  shard=1   scores=[16x1x274]  ->  y=[16x1x274]  (T=1, K=274)
  - op#09  op=O        shard=0   x=[1x2048] + w=[4096x2048]  ->  y=[1x4096]  (T=1, K=274)
  - op#10  op=Add      shard=-1  a=[1x4096] + b=[1x4096]  ->  y=[1x4096]  (T=1, K=274)
  - op#11  op=FFN_W3   shard=0   x=[1x4096] + w=[5504x4096]  ->  y=[1x5504]  (T=1, K=274)
  - op#12  op=FFN_W2   shard=1   x=[1x5504] + w=[4096x5504]  ->  y=[1x4096]  (T=1, K=274)
  - op#13  op=Add      shard=-1  a=[1x4096] + b=[1x4096]  ->  y=[1x4096]  (T=1, K=274)
[gpu-debug] per-op timing breakdown (avg over iters):
  idx  op       sh  io                                                    time   est_flops    TFLOPs       bytes      GB/s
  ------------------------------------------------------------------------------------------------------------------------
    0  LN       -1  x[1x4096]+w[4096]->y[1x4096]                        0.071ms    20.480 K      0.00   24.00 KiB      0.34
    1  Q         0  x[1x4096]+w[2048x4096]->y[1x2048]                   0.050ms    16.777 M      0.33   16.01 MiB    332.58
    2  K         0  x[1x4096]+w[2048x4096]->y[1x2048]                   0.034ms    16.777 M      0.49   16.01 MiB    487.98
    3  Q         1  x[1x4096]+w[2048x4096]->y[1x2048]                   0.035ms    16.777 M      0.49   16.01 MiB    486.53
    4  K         1  x[1x4096]+w[2048x4096]->y[1x2048]                   0.035ms    16.777 M      0.48   16.01 MiB    483.66
    5  QK        0  q[16x1x128]+k[16x128x274]->y[16x1x274]              0.020ms     1.122 M      0.06    1.08 MiB     56.85
    6  QK        1  q[16x1x128]+k[16x128x274]->y[16x1x274]              0.033ms     1.122 M      0.03    1.08 MiB     34.86
    7  Softmax   0  scores[16x1x274]->y[16x1x274]                       0.020ms    21.920 K      0.00   17.12 KiB      0.88
    8  Softmax   1  scores[16x1x274]->y[16x1x274]                       0.015ms    21.920 K      0.00   17.12 KiB      1.13
    9  O         0  x[1x2048]+w[4096x2048]->y[1x4096]                   0.040ms    16.777 M      0.42   16.01 MiB    419.34
   10  Add      -1  a[1x4096]+b[1x4096]->y[1x4096]                      0.011ms     4.096 K      0.00   24.00 KiB      2.31
   11  FFN_W3    0  x[1x4096]+w[5504x4096]->y[1x5504]                   0.059ms    45.089 M      0.77   43.02 MiB    768.77
   12  FFN_W2    1  x[1x5504]+w[4096x5504]->y[1x4096]                   0.052ms    45.089 M      0.88   43.02 MiB    875.76
   13  Add      -1  a[1x4096]+b[1x4096]->y[1x4096]                      0.010ms     4.096 K      0.00   24.00 KiB      2.55
[gpu-debug] segment avg latency (cuda_events): 0.336 ms
[gpu-debug] sum(per-op)               : 0.484 ms (ratio=1.442)
[gpu-debug] NOTE: sum(per-op) may differ from segment latency due to Python overhead, event/launch overhead, and allocator/cache effects.
[gpu-debug] cuda mem before warmup: alloc=223.31 MiB reserved=234.00 MiB
[gpu-debug] cuda mem after warmup : alloc=223.31 MiB reserved=234.00 MiB
[gpu-debug] cuda mem peak (this segment): max_alloc=223.33 MiB max_reserved=234.00 MiB
========================================================================================
[gpu-debug] segment_key=npu|decode|3|640d8d104afb310d48bef041f7a6f0e0
[gpu-debug] sig: device_type=npu phase=decode step=3 (count_hint=31)
[gpu-debug] ops_repr: Q:0,K:0,Q:1,K:1,QK:0,QK:1,Softmax:0,Softmax:1,O:0,Add:-1,FFN_W3:0,FFN_W2:1,Add:-1
[gpu-debug] cfg: device=cuda dtype=torch.bfloat16 dim=4096 ffn_dim=11008 n_heads=32 shards=2
[gpu-debug] op plan (with inferred tensor shapes):
  - op#00  op=Q        shard=0   x=[1x4096] + w=[2048x4096]  ->  y=[1x2048]  (T=1, K=286)
  - op#01  op=K        shard=0   x=[1x4096] + w=[2048x4096]  ->  y=[1x2048]  (T=1, K=286)
  - op#02  op=Q        shard=1   x=[1x4096] + w=[2048x4096]  ->  y=[1x2048]  (T=1, K=286)
  - op#03  op=K        shard=1   x=[1x4096] + w=[2048x4096]  ->  y=[1x2048]  (T=1, K=286)
  - op#04  op=QK       shard=0   q=[16x1x128] + k=[16x128x286]  ->  y=[16x1x286]  (T=1, K=286)
  - op#05  op=QK       shard=1   q=[16x1x128] + k=[16x128x286]  ->  y=[16x1x286]  (T=1, K=286)
  - op#06  op=Softmax  shard=0   scores=[16x1x286]  ->  y=[16x1x286]  (T=1, K=286)
  - op#07  op=Softmax  shard=1   scores=[16x1x286]  ->  y=[16x1x286]  (T=1, K=286)
  - op#08  op=O        shard=0   x=[1x2048] + w=[4096x2048]  ->  y=[1x4096]  (T=1, K=286)
  - op#09  op=Add      shard=-1  a=[1x4096] + b=[1x4096]  ->  y=[1x4096]  (T=1, K=286)
  - op#10  op=FFN_W3   shard=0   x=[1x4096] + w=[5504x4096]  ->  y=[1x5504]  (T=1, K=286)
  - op#11  op=FFN_W2   shard=1   x=[1x5504] + w=[4096x5504]  ->  y=[1x4096]  (T=1, K=286)
  - op#12  op=Add      shard=-1  a=[1x4096] + b=[1x4096]  ->  y=[1x4096]  (T=1, K=286)
[gpu-debug] per-op timing breakdown (avg over iters):
  idx  op       sh  io                                                    time   est_flops    TFLOPs       bytes      GB/s
  ------------------------------------------------------------------------------------------------------------------------
    0  Q         0  x[1x4096]+w[2048x4096]->y[1x2048]                   0.046ms    16.777 M      0.36   16.01 MiB    361.15
    1  K         0  x[1x4096]+w[2048x4096]->y[1x2048]                   0.035ms    16.777 M      0.49   16.01 MiB    486.53
    2  Q         1  x[1x4096]+w[2048x4096]->y[1x2048]                   0.034ms    16.777 M      0.49   16.01 MiB    490.90
    3  K         1  x[1x4096]+w[2048x4096]->y[1x2048]                   0.034ms    16.777 M      0.49   16.01 MiB    489.43
    4  QK        0  q[16x1x128]+k[16x128x286]->y[16x1x286]              0.019ms     1.171 M      0.06    1.13 MiB     62.20
    5  QK        1  q[16x1x128]+k[16x128x286]->y[16x1x286]              0.033ms     1.171 M      0.04    1.13 MiB     35.49
    6  Softmax   0  scores[16x1x286]->y[16x1x286]                       0.019ms    22.880 K      0.00   17.88 KiB      0.96
    7  Softmax   1  scores[16x1x286]->y[16x1x286]                       0.016ms    22.880 K      0.00   17.88 KiB      1.16
    8  O         0  x[1x2048]+w[4096x2048]->y[1x4096]                   0.039ms    16.777 M      0.43   16.01 MiB    426.98
    9  Add      -1  a[1x4096]+b[1x4096]->y[1x4096]                      0.011ms     4.096 K      0.00   24.00 KiB      2.33
   10  FFN_W3    0  x[1x4096]+w[5504x4096]->y[1x5504]                   0.058ms    45.089 M      0.78   43.02 MiB    775.54
   11  FFN_W2    1  x[1x5504]+w[4096x5504]->y[1x4096]                   0.052ms    45.089 M      0.87   43.02 MiB    870.57
   12  Add      -1  a[1x4096]+b[1x4096]->y[1x4096]                      0.009ms     4.096 K      0.00   24.00 KiB      2.61
[gpu-debug] segment avg latency (cuda_events): 0.294 ms
[gpu-debug] sum(per-op)               : 0.406 ms (ratio=1.382)
[gpu-debug] NOTE: sum(per-op) may differ from segment latency due to Python overhead, event/launch overhead, and allocator/cache effects.
[gpu-debug] cuda mem before warmup: alloc=223.31 MiB reserved=234.00 MiB
[gpu-debug] cuda mem after warmup : alloc=224.44 MiB reserved=234.00 MiB
[gpu-debug] cuda mem peak (this segment): max_alloc=224.46 MiB max_reserved=234.00 MiB
========================================================================================
[gpu-debug] segment_key=npu|decode|3|b9bb60d957286896489e50322b6f73a4
[gpu-debug] sig: device_type=npu phase=decode step=3 (count_hint=1)
[gpu-debug] ops_repr: LN:-1,Q:0,K:0,Q:1,K:1,QK:0,QK:1,Softmax:0,Softmax:1,O:0,Add:-1,FFN_W3:0,FFN_W2:1,Add:-1
[gpu-debug] cfg: device=cuda dtype=torch.bfloat16 dim=4096 ffn_dim=11008 n_heads=32 shards=2
[gpu-debug] op plan (with inferred tensor shapes):
  - op#00  op=LN       shard=-1  x=[1x4096] + w=[4096]  ->  y=[1x4096]  (T=1, K=286)
  - op#01  op=Q        shard=0   x=[1x4096] + w=[2048x4096]  ->  y=[1x2048]  (T=1, K=286)
  - op#02  op=K        shard=0   x=[1x4096] + w=[2048x4096]  ->  y=[1x2048]  (T=1, K=286)
  - op#03  op=Q        shard=1   x=[1x4096] + w=[2048x4096]  ->  y=[1x2048]  (T=1, K=286)
  - op#04  op=K        shard=1   x=[1x4096] + w=[2048x4096]  ->  y=[1x2048]  (T=1, K=286)
  - op#05  op=QK       shard=0   q=[16x1x128] + k=[16x128x286]  ->  y=[16x1x286]  (T=1, K=286)
  - op#06  op=QK       shard=1   q=[16x1x128] + k=[16x128x286]  ->  y=[16x1x286]  (T=1, K=286)
  - op#07  op=Softmax  shard=0   scores=[16x1x286]  ->  y=[16x1x286]  (T=1, K=286)
  - op#08  op=Softmax  shard=1   scores=[16x1x286]  ->  y=[16x1x286]  (T=1, K=286)
  - op#09  op=O        shard=0   x=[1x2048] + w=[4096x2048]  ->  y=[1x4096]  (T=1, K=286)
  - op#10  op=Add      shard=-1  a=[1x4096] + b=[1x4096]  ->  y=[1x4096]  (T=1, K=286)
  - op#11  op=FFN_W3   shard=0   x=[1x4096] + w=[5504x4096]  ->  y=[1x5504]  (T=1, K=286)
  - op#12  op=FFN_W2   shard=1   x=[1x5504] + w=[4096x5504]  ->  y=[1x4096]  (T=1, K=286)
  - op#13  op=Add      shard=-1  a=[1x4096] + b=[1x4096]  ->  y=[1x4096]  (T=1, K=286)
[gpu-debug] per-op timing breakdown (avg over iters):
  idx  op       sh  io                                                    time   est_flops    TFLOPs       bytes      GB/s
  ------------------------------------------------------------------------------------------------------------------------
    0  LN       -1  x[1x4096]+w[4096]->y[1x4096]                        0.073ms    20.480 K      0.00   24.00 KiB      0.34
    1  Q         0  x[1x4096]+w[2048x4096]->y[1x2048]                   0.051ms    16.777 M      0.33   16.01 MiB    329.90
    2  K         0  x[1x4096]+w[2048x4096]->y[1x2048]                   0.034ms    16.777 M      0.49   16.01 MiB    489.43
    3  Q         1  x[1x4096]+w[2048x4096]->y[1x2048]                   0.034ms    16.777 M      0.49   16.01 MiB    490.90
    4  K         1  x[1x4096]+w[2048x4096]->y[1x2048]                   0.035ms    16.777 M      0.48   16.01 MiB    483.66
    5  QK        0  q[16x1x128]+k[16x128x286]->y[16x1x286]              0.019ms     1.171 M      0.06    1.13 MiB     60.89
    6  QK        1  q[16x1x128]+k[16x128x286]->y[16x1x286]              0.035ms     1.171 M      0.03    1.13 MiB     33.83
    7  Softmax   0  scores[16x1x286]->y[16x1x286]                       0.020ms    22.880 K      0.00   17.88 KiB      0.93
    8  Softmax   1  scores[16x1x286]->y[16x1x286]                       0.016ms    22.880 K      0.00   17.88 KiB      1.18
    9  O         0  x[1x2048]+w[4096x2048]->y[1x4096]                   0.040ms    16.777 M      0.42   16.01 MiB    419.34
   10  Add      -1  a[1x4096]+b[1x4096]->y[1x4096]                      0.011ms     4.096 K      0.00   24.00 KiB      2.26
   11  FFN_W3    0  x[1x4096]+w[5504x4096]->y[1x5504]                   0.059ms    45.089 M      0.77   43.02 MiB    768.77
   12  FFN_W2    1  x[1x5504]+w[4096x5504]->y[1x4096]                   0.052ms    45.089 M      0.87   43.02 MiB    868.85
   13  Add      -1  a[1x4096]+b[1x4096]->y[1x4096]                      0.010ms     4.096 K      0.00   24.00 KiB      2.58
[gpu-debug] segment avg latency (cuda_events): 0.334 ms
[gpu-debug] sum(per-op)               : 0.488 ms (ratio=1.460)
[gpu-debug] NOTE: sum(per-op) may differ from segment latency due to Python overhead, event/launch overhead, and allocator/cache effects.
[gpu-debug] cuda mem before warmup: alloc=224.44 MiB reserved=234.00 MiB
[gpu-debug] cuda mem after warmup : alloc=224.44 MiB reserved=234.00 MiB
[gpu-debug] cuda mem peak (this segment): max_alloc=224.46 MiB max_reserved=234.00 MiB
========================================================================================
[gpu-debug] segment_key=npu|decode|4|640d8d104afb310d48bef041f7a6f0e0
[gpu-debug] sig: device_type=npu phase=decode step=4 (count_hint=31)
[gpu-debug] ops_repr: Q:0,K:0,Q:1,K:1,QK:0,QK:1,Softmax:0,Softmax:1,O:0,Add:-1,FFN_W3:0,FFN_W2:1,Add:-1
[gpu-debug] cfg: device=cuda dtype=torch.bfloat16 dim=4096 ffn_dim=11008 n_heads=32 shards=2
[gpu-debug] op plan (with inferred tensor shapes):
  - op#00  op=Q        shard=0   x=[1x4096] + w=[2048x4096]  ->  y=[1x2048]  (T=1, K=298)
  - op#01  op=K        shard=0   x=[1x4096] + w=[2048x4096]  ->  y=[1x2048]  (T=1, K=298)
  - op#02  op=Q        shard=1   x=[1x4096] + w=[2048x4096]  ->  y=[1x2048]  (T=1, K=298)
  - op#03  op=K        shard=1   x=[1x4096] + w=[2048x4096]  ->  y=[1x2048]  (T=1, K=298)
  - op#04  op=QK       shard=0   q=[16x1x128] + k=[16x128x298]  ->  y=[16x1x298]  (T=1, K=298)
  - op#05  op=QK       shard=1   q=[16x1x128] + k=[16x128x298]  ->  y=[16x1x298]  (T=1, K=298)
  - op#06  op=Softmax  shard=0   scores=[16x1x298]  ->  y=[16x1x298]  (T=1, K=298)
  - op#07  op=Softmax  shard=1   scores=[16x1x298]  ->  y=[16x1x298]  (T=1, K=298)
  - op#08  op=O        shard=0   x=[1x2048] + w=[4096x2048]  ->  y=[1x4096]  (T=1, K=298)
  - op#09  op=Add      shard=-1  a=[1x4096] + b=[1x4096]  ->  y=[1x4096]  (T=1, K=298)
  - op#10  op=FFN_W3   shard=0   x=[1x4096] + w=[5504x4096]  ->  y=[1x5504]  (T=1, K=298)
  - op#11  op=FFN_W2   shard=1   x=[1x5504] + w=[4096x5504]  ->  y=[1x4096]  (T=1, K=298)
  - op#12  op=Add      shard=-1  a=[1x4096] + b=[1x4096]  ->  y=[1x4096]  (T=1, K=298)
[gpu-debug] per-op timing breakdown (avg over iters):
  idx  op       sh  io                                                    time   est_flops    TFLOPs       bytes      GB/s
  ------------------------------------------------------------------------------------------------------------------------
    0  Q         0  x[1x4096]+w[2048x4096]->y[1x2048]                   0.047ms    16.777 M      0.36   16.01 MiB    356.43
    1  K         0  x[1x4096]+w[2048x4096]->y[1x2048]                   0.035ms    16.777 M      0.48   16.01 MiB    479.42
    2  Q         1  x[1x4096]+w[2048x4096]->y[1x2048]                   0.034ms    16.777 M      0.49   16.01 MiB    490.90
    3  K         1  x[1x4096]+w[2048x4096]->y[1x2048]                   0.034ms    16.777 M      0.49   16.01 MiB    490.90
    4  QK        0  q[16x1x128]+k[16x128x298]->y[16x1x298]              0.020ms     1.221 M      0.06    1.18 MiB     61.81
    5  QK        1  q[16x1x128]+k[16x128x298]->y[16x1x298]              0.030ms     1.221 M      0.04    1.18 MiB     40.86
    6  Softmax   0  scores[16x1x298]->y[16x1x298]                       0.019ms    23.840 K      0.00   18.62 KiB      1.02
    7  Softmax   1  scores[16x1x298]->y[16x1x298]                       0.016ms    23.840 K      0.00   18.62 KiB      1.22
    8  O         0  x[1x2048]+w[4096x2048]->y[1x4096]                   0.040ms    16.777 M      0.42   16.01 MiB    421.49
    9  Add      -1  a[1x4096]+b[1x4096]->y[1x4096]                      0.010ms     4.096 K      0.00   24.00 KiB      2.45
   10  FFN_W3    0  x[1x4096]+w[5504x4096]->y[1x5504]                   0.058ms    45.089 M      0.77   43.02 MiB    771.47
   11  FFN_W2    1  x[1x5504]+w[4096x5504]->y[1x4096]                   0.052ms    45.089 M      0.87   43.02 MiB    872.29
   12  Add      -1  a[1x4096]+b[1x4096]->y[1x4096]                      0.009ms     4.096 K      0.00   24.00 KiB      2.61
[gpu-debug] segment avg latency (cuda_events): 0.294 ms
[gpu-debug] sum(per-op)               : 0.405 ms (ratio=1.375)
[gpu-debug] NOTE: sum(per-op) may differ from segment latency due to Python overhead, event/launch overhead, and allocator/cache effects.
[gpu-debug] cuda mem before warmup: alloc=224.44 MiB reserved=234.00 MiB
[gpu-debug] cuda mem after warmup : alloc=225.61 MiB reserved=234.00 MiB
[gpu-debug] cuda mem peak (this segment): max_alloc=225.63 MiB max_reserved=234.00 MiB
========================================================================================
[gpu-debug] segment_key=npu|decode|4|b9bb60d957286896489e50322b6f73a4
[gpu-debug] sig: device_type=npu phase=decode step=4 (count_hint=1)
[gpu-debug] ops_repr: LN:-1,Q:0,K:0,Q:1,K:1,QK:0,QK:1,Softmax:0,Softmax:1,O:0,Add:-1,FFN_W3:0,FFN_W2:1,Add:-1
[gpu-debug] cfg: device=cuda dtype=torch.bfloat16 dim=4096 ffn_dim=11008 n_heads=32 shards=2
[gpu-debug] op plan (with inferred tensor shapes):
  - op#00  op=LN       shard=-1  x=[1x4096] + w=[4096]  ->  y=[1x4096]  (T=1, K=298)
  - op#01  op=Q        shard=0   x=[1x4096] + w=[2048x4096]  ->  y=[1x2048]  (T=1, K=298)
  - op#02  op=K        shard=0   x=[1x4096] + w=[2048x4096]  ->  y=[1x2048]  (T=1, K=298)
  - op#03  op=Q        shard=1   x=[1x4096] + w=[2048x4096]  ->  y=[1x2048]  (T=1, K=298)
  - op#04  op=K        shard=1   x=[1x4096] + w=[2048x4096]  ->  y=[1x2048]  (T=1, K=298)
  - op#05  op=QK       shard=0   q=[16x1x128] + k=[16x128x298]  ->  y=[16x1x298]  (T=1, K=298)
  - op#06  op=QK       shard=1   q=[16x1x128] + k=[16x128x298]  ->  y=[16x1x298]  (T=1, K=298)
  - op#07  op=Softmax  shard=0   scores=[16x1x298]  ->  y=[16x1x298]  (T=1, K=298)
  - op#08  op=Softmax  shard=1   scores=[16x1x298]  ->  y=[16x1x298]  (T=1, K=298)
  - op#09  op=O        shard=0   x=[1x2048] + w=[4096x2048]  ->  y=[1x4096]  (T=1, K=298)
  - op#10  op=Add      shard=-1  a=[1x4096] + b=[1x4096]  ->  y=[1x4096]  (T=1, K=298)
  - op#11  op=FFN_W3   shard=0   x=[1x4096] + w=[5504x4096]  ->  y=[1x5504]  (T=1, K=298)
  - op#12  op=FFN_W2   shard=1   x=[1x5504] + w=[4096x5504]  ->  y=[1x4096]  (T=1, K=298)
  - op#13  op=Add      shard=-1  a=[1x4096] + b=[1x4096]  ->  y=[1x4096]  (T=1, K=298)
[gpu-debug] per-op timing breakdown (avg over iters):
  idx  op       sh  io                                                    time   est_flops    TFLOPs       bytes      GB/s
  ------------------------------------------------------------------------------------------------------------------------
    0  LN       -1  x[1x4096]+w[4096]->y[1x4096]                        0.072ms    20.480 K      0.00   24.00 KiB      0.34
    1  Q         0  x[1x4096]+w[2048x4096]->y[1x2048]                   0.051ms    16.777 M      0.33   16.01 MiB    327.27
    2  K         0  x[1x4096]+w[2048x4096]->y[1x2048]                   0.035ms    16.777 M      0.48   16.01 MiB    482.24
    3  Q         1  x[1x4096]+w[2048x4096]->y[1x2048]                   0.034ms    16.777 M      0.49   16.01 MiB    490.90
    4  K         1  x[1x4096]+w[2048x4096]->y[1x2048]                   0.035ms    16.777 M      0.48   16.01 MiB    485.09
    5  QK        0  q[16x1x128]+k[16x128x298]->y[16x1x298]              0.020ms     1.221 M      0.06    1.18 MiB     61.50
    6  QK        1  q[16x1x128]+k[16x128x298]->y[16x1x298]              0.033ms     1.221 M      0.04    1.18 MiB     37.43
    7  Softmax   0  scores[16x1x298]->y[16x1x298]                       0.020ms    23.840 K      0.00   18.62 KiB      0.98
    8  Softmax   1  scores[16x1x298]->y[16x1x298]                       0.015ms    23.840 K      0.00   18.62 KiB      1.23
    9  O         0  x[1x2048]+w[4096x2048]->y[1x4096]                   0.040ms    16.777 M      0.42   16.01 MiB    421.49
   10  Add      -1  a[1x4096]+b[1x4096]->y[1x4096]                      0.011ms     4.096 K      0.00   24.00 KiB      2.24
   11  FFN_W3    0  x[1x4096]+w[5504x4096]->y[1x5504]                   0.059ms    45.089 M      0.76   43.02 MiB    760.81
   12  FFN_W2    1  x[1x5504]+w[4096x5504]->y[1x4096]                   0.052ms    45.089 M      0.88   43.02 MiB    875.76
   13  Add      -1  a[1x4096]+b[1x4096]->y[1x4096]                      0.010ms     4.096 K      0.00   24.00 KiB      2.53
[gpu-debug] segment avg latency (cuda_events): 0.336 ms
[gpu-debug] sum(per-op)               : 0.486 ms (ratio=1.446)
[gpu-debug] NOTE: sum(per-op) may differ from segment latency due to Python overhead, event/launch overhead, and allocator/cache effects.
[gpu-debug] cuda mem before warmup: alloc=225.61 MiB reserved=234.00 MiB
[gpu-debug] cuda mem after warmup : alloc=225.61 MiB reserved=234.00 MiB
[gpu-debug] cuda mem peak (this segment): max_alloc=225.63 MiB max_reserved=234.00 MiB
========================================================================================
[gpu-debug] segment_key=npu|decode|5|640d8d104afb310d48bef041f7a6f0e0
[gpu-debug] sig: device_type=npu phase=decode step=5 (count_hint=31)
[gpu-debug] ops_repr: Q:0,K:0,Q:1,K:1,QK:0,QK:1,Softmax:0,Softmax:1,O:0,Add:-1,FFN_W3:0,FFN_W2:1,Add:-1
[gpu-debug] cfg: device=cuda dtype=torch.bfloat16 dim=4096 ffn_dim=11008 n_heads=32 shards=2
[gpu-debug] op plan (with inferred tensor shapes):
  - op#00  op=Q        shard=0   x=[1x4096] + w=[2048x4096]  ->  y=[1x2048]  (T=1, K=310)
  - op#01  op=K        shard=0   x=[1x4096] + w=[2048x4096]  ->  y=[1x2048]  (T=1, K=310)
  - op#02  op=Q        shard=1   x=[1x4096] + w=[2048x4096]  ->  y=[1x2048]  (T=1, K=310)
  - op#03  op=K        shard=1   x=[1x4096] + w=[2048x4096]  ->  y=[1x2048]  (T=1, K=310)
  - op#04  op=QK       shard=0   q=[16x1x128] + k=[16x128x310]  ->  y=[16x1x310]  (T=1, K=310)
  - op#05  op=QK       shard=1   q=[16x1x128] + k=[16x128x310]  ->  y=[16x1x310]  (T=1, K=310)
  - op#06  op=Softmax  shard=0   scores=[16x1x310]  ->  y=[16x1x310]  (T=1, K=310)
  - op#07  op=Softmax  shard=1   scores=[16x1x310]  ->  y=[16x1x310]  (T=1, K=310)
  - op#08  op=O        shard=0   x=[1x2048] + w=[4096x2048]  ->  y=[1x4096]  (T=1, K=310)
  - op#09  op=Add      shard=-1  a=[1x4096] + b=[1x4096]  ->  y=[1x4096]  (T=1, K=310)
  - op#10  op=FFN_W3   shard=0   x=[1x4096] + w=[5504x4096]  ->  y=[1x5504]  (T=1, K=310)
  - op#11  op=FFN_W2   shard=1   x=[1x5504] + w=[4096x5504]  ->  y=[1x4096]  (T=1, K=310)
  - op#12  op=Add      shard=-1  a=[1x4096] + b=[1x4096]  ->  y=[1x4096]  (T=1, K=310)
[gpu-debug] per-op timing breakdown (avg over iters):
  idx  op       sh  io                                                    time   est_flops    TFLOPs       bytes      GB/s
  ------------------------------------------------------------------------------------------------------------------------
    0  Q         0  x[1x4096]+w[2048x4096]->y[1x2048]                   0.047ms    16.777 M      0.36   16.01 MiB    360.35
    1  K         0  x[1x4096]+w[2048x4096]->y[1x2048]                   0.035ms    16.777 M      0.48   16.01 MiB    483.66
    2  Q         1  x[1x4096]+w[2048x4096]->y[1x2048]                   0.034ms    16.777 M      0.49   16.01 MiB    489.43
    3  K         1  x[1x4096]+w[2048x4096]->y[1x2048]                   0.034ms    16.777 M      0.49   16.01 MiB    487.98
    4  QK        0  q[16x1x128]+k[16x128x310]->y[16x1x310]              0.019ms     1.270 M      0.07    1.22 MiB     66.33
    5  QK        1  q[16x1x128]+k[16x128x310]->y[16x1x310]              0.031ms     1.270 M      0.04    1.22 MiB     40.97
    6  Softmax   0  scores[16x1x310]->y[16x1x310]                       0.019ms    24.800 K      0.00   19.38 KiB      1.05
    7  Softmax   1  scores[16x1x310]->y[16x1x310]                       0.016ms    24.800 K      0.00   19.38 KiB      1.27
    8  O         0  x[1x2048]+w[4096x2048]->y[1x4096]                   0.040ms    16.777 M      0.42   16.01 MiB    419.34
    9  Add      -1  a[1x4096]+b[1x4096]->y[1x4096]                      0.010ms     4.096 K      0.00   24.00 KiB      2.35
   10  FFN_W3    0  x[1x4096]+w[5504x4096]->y[1x5504]                   0.058ms    45.089 M      0.77   43.02 MiB    774.18
   11  FFN_W2    1  x[1x5504]+w[4096x5504]->y[1x4096]                   0.052ms    45.089 M      0.87   43.02 MiB    870.57
   12  Add      -1  a[1x4096]+b[1x4096]->y[1x4096]                      0.010ms     4.096 K      0.00   24.00 KiB      2.53
[gpu-debug] segment avg latency (cuda_events): 0.295 ms
[gpu-debug] sum(per-op)               : 0.406 ms (ratio=1.374)
[gpu-debug] NOTE: sum(per-op) may differ from segment latency due to Python overhead, event/launch overhead, and allocator/cache effects.
[gpu-debug] cuda mem before warmup: alloc=225.61 MiB reserved=234.00 MiB
[gpu-debug] cuda mem after warmup : alloc=226.83 MiB reserved=234.00 MiB
[gpu-debug] cuda mem peak (this segment): max_alloc=226.85 MiB max_reserved=234.00 MiB
========================================================================================
[gpu-debug] segment_key=npu|decode|5|b9bb60d957286896489e50322b6f73a4
[gpu-debug] sig: device_type=npu phase=decode step=5 (count_hint=1)
[gpu-debug] ops_repr: LN:-1,Q:0,K:0,Q:1,K:1,QK:0,QK:1,Softmax:0,Softmax:1,O:0,Add:-1,FFN_W3:0,FFN_W2:1,Add:-1
[gpu-debug] cfg: device=cuda dtype=torch.bfloat16 dim=4096 ffn_dim=11008 n_heads=32 shards=2
[gpu-debug] op plan (with inferred tensor shapes):
  - op#00  op=LN       shard=-1  x=[1x4096] + w=[4096]  ->  y=[1x4096]  (T=1, K=310)
  - op#01  op=Q        shard=0   x=[1x4096] + w=[2048x4096]  ->  y=[1x2048]  (T=1, K=310)
  - op#02  op=K        shard=0   x=[1x4096] + w=[2048x4096]  ->  y=[1x2048]  (T=1, K=310)
  - op#03  op=Q        shard=1   x=[1x4096] + w=[2048x4096]  ->  y=[1x2048]  (T=1, K=310)
  - op#04  op=K        shard=1   x=[1x4096] + w=[2048x4096]  ->  y=[1x2048]  (T=1, K=310)
  - op#05  op=QK       shard=0   q=[16x1x128] + k=[16x128x310]  ->  y=[16x1x310]  (T=1, K=310)
  - op#06  op=QK       shard=1   q=[16x1x128] + k=[16x128x310]  ->  y=[16x1x310]  (T=1, K=310)
  - op#07  op=Softmax  shard=0   scores=[16x1x310]  ->  y=[16x1x310]  (T=1, K=310)
  - op#08  op=Softmax  shard=1   scores=[16x1x310]  ->  y=[16x1x310]  (T=1, K=310)
  - op#09  op=O        shard=0   x=[1x2048] + w=[4096x2048]  ->  y=[1x4096]  (T=1, K=310)
  - op#10  op=Add      shard=-1  a=[1x4096] + b=[1x4096]  ->  y=[1x4096]  (T=1, K=310)
  - op#11  op=FFN_W3   shard=0   x=[1x4096] + w=[5504x4096]  ->  y=[1x5504]  (T=1, K=310)
  - op#12  op=FFN_W2   shard=1   x=[1x5504] + w=[4096x5504]  ->  y=[1x4096]  (T=1, K=310)
  - op#13  op=Add      shard=-1  a=[1x4096] + b=[1x4096]  ->  y=[1x4096]  (T=1, K=310)
[gpu-debug] per-op timing breakdown (avg over iters):
  idx  op       sh  io                                                    time   est_flops    TFLOPs       bytes      GB/s
  ------------------------------------------------------------------------------------------------------------------------
    0  LN       -1  x[1x4096]+w[4096]->y[1x4096]                        0.072ms    20.480 K      0.00   24.00 KiB      0.34
    1  Q         0  x[1x4096]+w[2048x4096]->y[1x2048]                   0.051ms    16.777 M      0.33   16.01 MiB    329.24
    2  K         0  x[1x4096]+w[2048x4096]->y[1x2048]                   0.034ms    16.777 M      0.49   16.01 MiB    493.86
    3  Q         1  x[1x4096]+w[2048x4096]->y[1x2048]                   0.034ms    16.777 M      0.49   16.01 MiB    492.37
    4  K         1  x[1x4096]+w[2048x4096]->y[1x2048]                   0.035ms    16.777 M      0.48   16.01 MiB    485.09
    5  QK        0  q[16x1x128]+k[16x128x310]->y[16x1x310]              0.020ms     1.270 M      0.06    1.22 MiB     64.96
    6  QK        1  q[16x1x128]+k[16x128x310]->y[16x1x310]              0.033ms     1.270 M      0.04    1.22 MiB     39.30
    7  Softmax   0  scores[16x1x310]->y[16x1x310]                       0.019ms    24.800 K      0.00   19.38 KiB      1.04
    8  Softmax   1  scores[16x1x310]->y[16x1x310]                       0.016ms    24.800 K      0.00   19.38 KiB      1.22
    9  O         0  x[1x2048]+w[4096x2048]->y[1x4096]                   0.040ms    16.777 M      0.42   16.01 MiB    419.34
   10  Add      -1  a[1x4096]+b[1x4096]->y[1x4096]                      0.010ms     4.096 K      0.00   24.00 KiB      2.35
   11  FFN_W3    0  x[1x4096]+w[5504x4096]->y[1x5504]                   0.059ms    45.089 M      0.77   43.02 MiB    768.77
   12  FFN_W2    1  x[1x5504]+w[4096x5504]->y[1x4096]                   0.052ms    45.089 M      0.87   43.02 MiB    867.14
   13  Add      -1  a[1x4096]+b[1x4096]->y[1x4096]                      0.010ms     4.096 K      0.00   24.00 KiB      2.58
[gpu-debug] segment avg latency (cuda_events): 0.336 ms
[gpu-debug] sum(per-op)               : 0.484 ms (ratio=1.439)
[gpu-debug] NOTE: sum(per-op) may differ from segment latency due to Python overhead, event/launch overhead, and allocator/cache effects.
[gpu-debug] cuda mem before warmup: alloc=226.83 MiB reserved=234.00 MiB
[gpu-debug] cuda mem after warmup : alloc=226.83 MiB reserved=234.00 MiB
[gpu-debug] cuda mem peak (this segment): max_alloc=226.85 MiB max_reserved=234.00 MiB
========================================================================================
[gpu-debug] segment_key=npu|decode|6|640d8d104afb310d48bef041f7a6f0e0
[gpu-debug] sig: device_type=npu phase=decode step=6 (count_hint=31)
[gpu-debug] ops_repr: Q:0,K:0,Q:1,K:1,QK:0,QK:1,Softmax:0,Softmax:1,O:0,Add:-1,FFN_W3:0,FFN_W2:1,Add:-1
[gpu-debug] cfg: device=cuda dtype=torch.bfloat16 dim=4096 ffn_dim=11008 n_heads=32 shards=2
[gpu-debug] op plan (with inferred tensor shapes):
  - op#00  op=Q        shard=0   x=[1x4096] + w=[2048x4096]  ->  y=[1x2048]  (T=1, K=322)
  - op#01  op=K        shard=0   x=[1x4096] + w=[2048x4096]  ->  y=[1x2048]  (T=1, K=322)
  - op#02  op=Q        shard=1   x=[1x4096] + w=[2048x4096]  ->  y=[1x2048]  (T=1, K=322)
  - op#03  op=K        shard=1   x=[1x4096] + w=[2048x4096]  ->  y=[1x2048]  (T=1, K=322)
  - op#04  op=QK       shard=0   q=[16x1x128] + k=[16x128x322]  ->  y=[16x1x322]  (T=1, K=322)
  - op#05  op=QK       shard=1   q=[16x1x128] + k=[16x128x322]  ->  y=[16x1x322]  (T=1, K=322)
  - op#06  op=Softmax  shard=0   scores=[16x1x322]  ->  y=[16x1x322]  (T=1, K=322)
  - op#07  op=Softmax  shard=1   scores=[16x1x322]  ->  y=[16x1x322]  (T=1, K=322)
  - op#08  op=O        shard=0   x=[1x2048] + w=[4096x2048]  ->  y=[1x4096]  (T=1, K=322)
  - op#09  op=Add      shard=-1  a=[1x4096] + b=[1x4096]  ->  y=[1x4096]  (T=1, K=322)
  - op#10  op=FFN_W3   shard=0   x=[1x4096] + w=[5504x4096]  ->  y=[1x5504]  (T=1, K=322)
  - op#11  op=FFN_W2   shard=1   x=[1x5504] + w=[4096x5504]  ->  y=[1x4096]  (T=1, K=322)
  - op#12  op=Add      shard=-1  a=[1x4096] + b=[1x4096]  ->  y=[1x4096]  (T=1, K=322)
[gpu-debug] per-op timing breakdown (avg over iters):
  idx  op       sh  io                                                    time   est_flops    TFLOPs       bytes      GB/s
  ------------------------------------------------------------------------------------------------------------------------
    0  Q         0  x[1x4096]+w[2048x4096]->y[1x2048]                   0.041ms    16.777 M      0.41   16.01 MiB    405.84
    1  K         0  x[1x4096]+w[2048x4096]->y[1x2048]                   0.029ms    16.777 M      0.58   16.01 MiB    581.42
    2  Q         1  x[1x4096]+w[2048x4096]->y[1x2048]                   0.028ms    16.777 M      0.59   16.01 MiB    591.91
    3  K         1  x[1x4096]+w[2048x4096]->y[1x2048]                   0.028ms    16.777 M      0.59   16.01 MiB    594.06
    4  QK        0  q[16x1x128]+k[16x128x322]->y[16x1x322]              0.031ms     1.319 M      0.04    1.27 MiB     42.55
    5  QK        1  q[16x1x128]+k[16x128x322]->y[16x1x322]              0.040ms     1.319 M      0.03    1.27 MiB     33.05
    6  Softmax   0  scores[16x1x322]->y[16x1x322]                       0.019ms    25.760 K      0.00   20.12 KiB      1.10
    7  Softmax   1  scores[16x1x322]->y[16x1x322]                       0.015ms    25.760 K      0.00   20.12 KiB      1.33
    8  O         0  x[1x2048]+w[4096x2048]->y[1x4096]                   0.037ms    16.777 M      0.46   16.01 MiB    455.44
    9  Add      -1  a[1x4096]+b[1x4096]->y[1x4096]                      0.013ms     4.096 K      0.00   24.00 KiB      1.95
   10  FFN_W3    0  x[1x4096]+w[5504x4096]->y[1x5504]                   0.055ms    45.089 M      0.82   43.02 MiB    818.79
   11  FFN_W2    1  x[1x5504]+w[4096x5504]->y[1x4096]                   0.047ms    45.089 M      0.96   43.02 MiB    961.81
   12  Add      -1  a[1x4096]+b[1x4096]->y[1x4096]                      0.008ms     4.096 K      0.00   24.00 KiB      3.08
[gpu-debug] segment avg latency (cuda_events): 0.287 ms
[gpu-debug] sum(per-op)               : 0.392 ms (ratio=1.367)
[gpu-debug] NOTE: sum(per-op) may differ from segment latency due to Python overhead, event/launch overhead, and allocator/cache effects.
[gpu-debug] cuda mem before warmup: alloc=226.83 MiB reserved=234.00 MiB
[gpu-debug] cuda mem after warmup : alloc=228.10 MiB reserved=234.00 MiB
[gpu-debug] cuda mem peak (this segment): max_alloc=228.12 MiB max_reserved=234.00 MiB
========================================================================================
[gpu-debug] segment_key=npu|decode|6|b9bb60d957286896489e50322b6f73a4
[gpu-debug] sig: device_type=npu phase=decode step=6 (count_hint=1)
[gpu-debug] ops_repr: LN:-1,Q:0,K:0,Q:1,K:1,QK:0,QK:1,Softmax:0,Softmax:1,O:0,Add:-1,FFN_W3:0,FFN_W2:1,Add:-1
[gpu-debug] cfg: device=cuda dtype=torch.bfloat16 dim=4096 ffn_dim=11008 n_heads=32 shards=2
[gpu-debug] op plan (with inferred tensor shapes):
  - op#00  op=LN       shard=-1  x=[1x4096] + w=[4096]  ->  y=[1x4096]  (T=1, K=322)
  - op#01  op=Q        shard=0   x=[1x4096] + w=[2048x4096]  ->  y=[1x2048]  (T=1, K=322)
  - op#02  op=K        shard=0   x=[1x4096] + w=[2048x4096]  ->  y=[1x2048]  (T=1, K=322)
  - op#03  op=Q        shard=1   x=[1x4096] + w=[2048x4096]  ->  y=[1x2048]  (T=1, K=322)
  - op#04  op=K        shard=1   x=[1x4096] + w=[2048x4096]  ->  y=[1x2048]  (T=1, K=322)
  - op#05  op=QK       shard=0   q=[16x1x128] + k=[16x128x322]  ->  y=[16x1x322]  (T=1, K=322)
  - op#06  op=QK       shard=1   q=[16x1x128] + k=[16x128x322]  ->  y=[16x1x322]  (T=1, K=322)
  - op#07  op=Softmax  shard=0   scores=[16x1x322]  ->  y=[16x1x322]  (T=1, K=322)
  - op#08  op=Softmax  shard=1   scores=[16x1x322]  ->  y=[16x1x322]  (T=1, K=322)
  - op#09  op=O        shard=0   x=[1x2048] + w=[4096x2048]  ->  y=[1x4096]  (T=1, K=322)
  - op#10  op=Add      shard=-1  a=[1x4096] + b=[1x4096]  ->  y=[1x4096]  (T=1, K=322)
  - op#11  op=FFN_W3   shard=0   x=[1x4096] + w=[5504x4096]  ->  y=[1x5504]  (T=1, K=322)
  - op#12  op=FFN_W2   shard=1   x=[1x5504] + w=[4096x5504]  ->  y=[1x4096]  (T=1, K=322)
  - op#13  op=Add      shard=-1  a=[1x4096] + b=[1x4096]  ->  y=[1x4096]  (T=1, K=322)
[gpu-debug] per-op timing breakdown (avg over iters):
  idx  op       sh  io                                                    time   est_flops    TFLOPs       bytes      GB/s
  ------------------------------------------------------------------------------------------------------------------------
    0  LN       -1  x[1x4096]+w[4096]->y[1x4096]                        0.073ms    20.480 K      0.00   24.00 KiB      0.34
    1  Q         0  x[1x4096]+w[2048x4096]->y[1x2048]                   0.045ms    16.777 M      0.37   16.01 MiB    373.49
    2  K         0  x[1x4096]+w[2048x4096]->y[1x2048]                   0.029ms    16.777 M      0.57   16.01 MiB    575.30
    3  Q         1  x[1x4096]+w[2048x4096]->y[1x2048]                   0.028ms    16.777 M      0.59   16.01 MiB    589.78
    4  K         1  x[1x4096]+w[2048x4096]->y[1x2048]                   0.028ms    16.777 M      0.60   16.01 MiB    600.59
    5  QK        0  q[16x1x128]+k[16x128x322]->y[16x1x322]              0.034ms     1.319 M      0.04    1.27 MiB     39.46
    6  QK        1  q[16x1x128]+k[16x128x322]->y[16x1x322]              0.041ms     1.319 M      0.03    1.27 MiB     32.63
    7  Softmax   0  scores[16x1x322]->y[16x1x322]                       0.020ms    25.760 K      0.00   20.12 KiB      1.04
    8  Softmax   1  scores[16x1x322]->y[16x1x322]                       0.016ms    25.760 K      0.00   20.12 KiB      1.32
    9  O         0  x[1x2048]+w[4096x2048]->y[1x4096]                   0.037ms    16.777 M      0.45   16.01 MiB    452.93
   10  Add      -1  a[1x4096]+b[1x4096]->y[1x4096]                      0.013ms     4.096 K      0.00   24.00 KiB      1.89
   11  FFN_W3    0  x[1x4096]+w[5504x4096]->y[1x5504]                   0.056ms    45.089 M      0.81   43.02 MiB    812.74
   12  FFN_W2    1  x[1x5504]+w[4096x5504]->y[1x4096]                   0.047ms    45.089 M      0.96   43.02 MiB    955.55
   13  Add      -1  a[1x4096]+b[1x4096]->y[1x4096]                      0.008ms     4.096 K      0.00   24.00 KiB      3.12
[gpu-debug] segment avg latency (cuda_events): 0.289 ms
[gpu-debug] sum(per-op)               : 0.474 ms (ratio=1.641)
[gpu-debug] NOTE: sum(per-op) may differ from segment latency due to Python overhead, event/launch overhead, and allocator/cache effects.
[gpu-debug] cuda mem before warmup: alloc=228.10 MiB reserved=234.00 MiB
[gpu-debug] cuda mem after warmup : alloc=228.10 MiB reserved=234.00 MiB
[gpu-debug] cuda mem peak (this segment): max_alloc=228.12 MiB max_reserved=234.00 MiB
========================================================================================
[gpu-debug] segment_key=npu|prefill|-1|7f370cc7d97df3530a56c775d62964d4
[gpu-debug] sig: device_type=npu phase=prefill step=-1 (count_hint=32)
[gpu-debug] ops_repr: LN:-1,Q:0,K:0,V:0,Q:1,K:1,V:1,QK:0,QK:1,Softmax:0,Softmax:1,SV:0,SV:1,O:0,O:1,Add:-1,LN:-1,FFN_W1:0,FFN_W3:0,FFN_W1:1,FFN_W3:1,SwiGLU:0,SwiGLU:1,FFN_W2:0,FFN_W2:1,Add:-1
[gpu-debug] cfg: device=cuda dtype=torch.bfloat16 dim=4096 ffn_dim=11008 n_heads=32 shards=2
[gpu-debug] op plan (with inferred tensor shapes):
  - op#00  op=LN       shard=-1  x=[262x4096] + w=[4096]  ->  y=[262x4096]  (T=262, K=262)
  - op#01  op=Q        shard=0   x=[262x4096] + w=[2048x4096]  ->  y=[262x2048]  (T=262, K=262)
  - op#02  op=K        shard=0   x=[262x4096] + w=[2048x4096]  ->  y=[262x2048]  (T=262, K=262)
  - op#03  op=V        shard=0   x=[262x4096] + w=[2048x4096]  ->  y=[262x2048]  (T=262, K=262)
  - op#04  op=Q        shard=1   x=[262x4096] + w=[2048x4096]  ->  y=[262x2048]  (T=262, K=262)
  - op#05  op=K        shard=1   x=[262x4096] + w=[2048x4096]  ->  y=[262x2048]  (T=262, K=262)
  - op#06  op=V        shard=1   x=[262x4096] + w=[2048x4096]  ->  y=[262x2048]  (T=262, K=262)
  - op#07  op=QK       shard=0   q=[16x262x128] + k=[16x128x262]  ->  y=[16x262x262]  (T=262, K=262)
  - op#08  op=QK       shard=1   q=[16x262x128] + k=[16x128x262]  ->  y=[16x262x262]  (T=262, K=262)
  - op#09  op=Softmax  shard=0   scores=[16x262x262]  ->  y=[16x262x262]  (T=262, K=262)
  - op#10  op=Softmax  shard=1   scores=[16x262x262]  ->  y=[16x262x262]  (T=262, K=262)
  - op#11  op=SV       shard=0   p=[16x262x262] + v=[16x262x128]  ->  y=[16x262x128]  (T=262, K=262)
  - op#12  op=SV       shard=1   p=[16x262x262] + v=[16x262x128]  ->  y=[16x262x128]  (T=262, K=262)
  - op#13  op=O        shard=0   x=[262x2048] + w=[4096x2048]  ->  y=[262x4096]  (T=262, K=262)
  - op#14  op=O        shard=1   x=[262x2048] + w=[4096x2048]  ->  y=[262x4096]  (T=262, K=262)
  - op#15  op=Add      shard=-1  a=[262x4096] + b=[262x4096]  ->  y=[262x4096]  (T=262, K=262)
  - op#16  op=LN       shard=-1  x=[262x4096] + w=[4096]  ->  y=[262x4096]  (T=262, K=262)
  - op#17  op=FFN_W1   shard=0   x=[262x4096] + w=[5504x4096]  ->  y=[262x5504]  (T=262, K=262)
  - op#18  op=FFN_W3   shard=0   x=[262x4096] + w=[5504x4096]  ->  y=[262x5504]  (T=262, K=262)
  - op#19  op=FFN_W1   shard=1   x=[262x4096] + w=[5504x4096]  ->  y=[262x5504]  (T=262, K=262)
  - op#20  op=FFN_W3   shard=1   x=[262x4096] + w=[5504x4096]  ->  y=[262x5504]  (T=262, K=262)
  - op#21  op=SwiGLU   shard=0   a=[262x5504] + b=[262x5504]  ->  y=[262x5504]  (T=262, K=262)
  - op#22  op=SwiGLU   shard=1   a=[262x5504] + b=[262x5504]  ->  y=[262x5504]  (T=262, K=262)
  - op#23  op=FFN_W2   shard=0   x=[262x5504] + w=[4096x5504]  ->  y=[262x4096]  (T=262, K=262)
  - op#24  op=FFN_W2   shard=1   x=[262x5504] + w=[4096x5504]  ->  y=[262x4096]  (T=262, K=262)
  - op#25  op=Add      shard=-1  a=[262x4096] + b=[262x4096]  ->  y=[262x4096]  (T=262, K=262)
[gpu-debug] per-op timing breakdown (avg over iters):
  idx  op       sh  io                                                    time   est_flops    TFLOPs       bytes      GB/s
  ------------------------------------------------------------------------------------------------------------------------
    0  LN       -1  x[262x4096]+w[4096]->y[262x4096]                    0.078ms     5.366 M      0.07    4.10 MiB     55.12
    1  Q         0  x[262x4096]+w[2048x4096]->y[262x2048]               0.072ms     4.396 G     61.41   19.07 MiB    279.37
    2  K         0  x[262x4096]+w[2048x4096]->y[262x2048]               0.054ms     4.396 G     80.69   19.07 MiB    367.07
    3  V         0  x[262x4096]+w[2048x4096]->y[262x2048]               0.053ms     4.396 G     82.71   19.07 MiB    376.26
    4  Q         1  x[262x4096]+w[2048x4096]->y[262x2048]               0.053ms     4.396 G     83.19   19.07 MiB    378.45
    5  K         1  x[262x4096]+w[2048x4096]->y[262x2048]               0.054ms     4.396 G     81.30   19.07 MiB    369.85
    6  V         1  x[262x4096]+w[2048x4096]->y[262x2048]               0.054ms     4.396 G     82.08   19.07 MiB    373.38
    7  QK        0  q[16x262x128]+k[16x128x262]->y[16x262x262]          0.030ms   281.166 M      9.31    4.14 MiB    143.77
    8  QK        1  q[16x262x128]+k[16x128x262]->y[16x262x262]          0.030ms   281.166 M      9.44    4.14 MiB    145.74
    9  Softmax   0  scores[16x262x262]->y[16x262x262]                   0.016ms     5.492 M      0.34    4.19 MiB    268.14
   10  Softmax   1  scores[16x262x262]->y[16x262x262]                   0.015ms     5.492 M      0.36    4.19 MiB    291.85
   11  SV        0  p[16x262x262]+v[16x262x128]->y[16x262x128]          0.020ms   281.166 M     13.94    4.14 MiB    215.29
   12  SV        1  p[16x262x262]+v[16x262x128]->y[16x262x128]          0.019ms   281.166 M     14.68    4.14 MiB    226.80
   13  O         0  x[262x2048]+w[4096x2048]->y[262x4096]               0.050ms     4.396 G     88.33   19.07 MiB    401.81
   14  O         1  x[262x2048]+w[4096x2048]->y[262x4096]               0.049ms     4.396 G     88.87   19.07 MiB    404.31
   15  Add      -1  a[262x4096]+b[262x4096]->y[262x4096]                0.011ms     1.073 M      0.10    6.14 MiB    587.66
   16  LN       -1  x[262x4096]+w[4096]->y[262x4096]                    0.062ms     5.366 M      0.09    4.10 MiB     69.65
   17  FFN_W1    0  x[262x4096]+w[5504x4096]->y[262x5504]               0.135ms    11.813 G     87.80   47.80 MiB    372.48
   18  FFN_W3    0  x[262x4096]+w[5504x4096]->y[262x5504]               0.134ms    11.813 G     88.00   47.80 MiB    373.34
   19  FFN_W1    1  x[262x4096]+w[5504x4096]->y[262x5504]               0.135ms    11.813 G     87.53   47.80 MiB    371.35
   20  FFN_W3    1  x[262x4096]+w[5504x4096]->y[262x5504]               0.133ms    11.813 G     88.54   47.80 MiB    375.63
   21  SwiGLU    0  a[262x5504]+b[262x5504]->y[262x5504]                0.020ms     8.652 M      0.43    8.25 MiB    431.10
   22  SwiGLU    1  a[262x5504]+b[262x5504]->y[262x5504]                0.019ms     8.652 M      0.46    8.25 MiB    461.72
   23  FFN_W2    0  x[262x5504]+w[4096x5504]->y[262x4096]               0.110ms    11.813 G    107.22   47.80 MiB    454.87
   24  FFN_W2    1  x[262x5504]+w[4096x5504]->y[262x4096]               0.110ms    11.813 G    107.62   47.80 MiB    456.57
   25  Add      -1  a[262x4096]+b[262x4096]->y[262x4096]                0.012ms     1.073 M      0.09    6.14 MiB    556.46
[gpu-debug] segment avg latency (cuda_events): 1.406 ms
[gpu-debug] sum(per-op)               : 1.528 ms (ratio=1.086)
[gpu-debug] NOTE: sum(per-op) may differ from segment latency due to Python overhead, event/launch overhead, and allocator/cache effects.
[gpu-debug] cuda mem before warmup: alloc=228.10 MiB reserved=234.00 MiB
[gpu-debug] cuda mem after warmup : alloc=420.10 MiB reserved=442.00 MiB
[gpu-debug] cuda mem peak (this segment): max_alloc=425.60 MiB max_reserved=442.00 MiB
  progress 15/15
