[run-gpu] tasks=1 warmup=3 iters=10 device=cuda dtype=bf16 segment_scope=layer
[run-gpu] extra weight_load_s=0.400513s (will be added in merge)
[run-gpu] GPU[0] NVIDIA A100-PCIE-40GB; SM=108, CC=8.0
[run-gpu] nvidia-smi -L: GPU 0: NVIDIA A100-PCIE-40GB (UUID: GPU-10fd0274-d52f-ca61-05e2-aaf982e4391e)
[run-gpu] nvidia-smi query: NVIDIA A100-PCIE-40GB, GPU-10fd0274-d52f-ca61-05e2-aaf982e4391e, 560.35.03, 40960
[run-gpu][debug] torch_default_dtype=torch.float32
[run-gpu][debug] torch.backends.cuda.matmul.allow_tf32=False
[run-gpu][debug] cudnn.enabled=True benchmark=False deterministic=False allow_tf32=True
[run-gpu][debug] nvidia-smi snapshot: 0, 0, 0, 4, 40960, 31, 32.41, 250.00
========================================================================================
[gpu-debug] segment_key=npu|prefill|-1|7f370cc7d97df3530a56c775d62964d4
[gpu-debug] sig: device_type=npu phase=prefill step=-1 (count_hint=32)
[gpu-debug] ops_repr: LN:-1,Q:0,K:0,V:0,Q:1,K:1,V:1,QK:0,QK:1,Softmax:0,Softmax:1,SV:0,SV:1,O:0,O:1,Add:-1,LN:-1,FFN_W1:0,FFN_W3:0,FFN_W1:1,FFN_W3:1,SwiGLU:0,SwiGLU:1,FFN_W2:0,FFN_W2:1,Add:-1
[gpu-debug] cfg: device=cuda dtype=torch.bfloat16 dim=4096 ffn_dim=11008 n_heads=32 shards=2
[gpu-debug] op plan (with inferred tensor shapes):
  - op#00  op=LN       shard=-1  x=[128x4096] + w=[4096]  ->  y=[128x4096]  (T=128, K=128)
  - op#01  op=Q        shard=0   x=[128x4096] + w=[2048x4096]  ->  y=[128x2048]  (T=128, K=128)
  - op#02  op=K        shard=0   x=[128x4096] + w=[2048x4096]  ->  y=[128x2048]  (T=128, K=128)
  - op#03  op=V        shard=0   x=[128x4096] + w=[2048x4096]  ->  y=[128x2048]  (T=128, K=128)
  - op#04  op=Q        shard=1   x=[128x4096] + w=[2048x4096]  ->  y=[128x2048]  (T=128, K=128)
  - op#05  op=K        shard=1   x=[128x4096] + w=[2048x4096]  ->  y=[128x2048]  (T=128, K=128)
  - op#06  op=V        shard=1   x=[128x4096] + w=[2048x4096]  ->  y=[128x2048]  (T=128, K=128)
  - op#07  op=QK       shard=0   q=[16x128x128] + k=[16x128x128]  ->  y=[16x128x128]  (T=128, K=128)
  - op#08  op=QK       shard=1   q=[16x128x128] + k=[16x128x128]  ->  y=[16x128x128]  (T=128, K=128)
  - op#09  op=Softmax  shard=0   scores=[16x128x128]  ->  y=[16x128x128]  (T=128, K=128)
  - op#10  op=Softmax  shard=1   scores=[16x128x128]  ->  y=[16x128x128]  (T=128, K=128)
  - op#11  op=SV       shard=0   p=[16x128x128] + v=[16x128x128]  ->  y=[16x128x128]  (T=128, K=128)
  - op#12  op=SV       shard=1   p=[16x128x128] + v=[16x128x128]  ->  y=[16x128x128]  (T=128, K=128)
  - op#13  op=O        shard=0   x=[128x2048] + w=[4096x2048]  ->  y=[128x4096]  (T=128, K=128)
  - op#14  op=O        shard=1   x=[128x2048] + w=[4096x2048]  ->  y=[128x4096]  (T=128, K=128)
  - op#15  op=Add      shard=-1  a=[128x4096] + b=[128x4096]  ->  y=[128x4096]  (T=128, K=128)
  - op#16  op=LN       shard=-1  x=[128x4096] + w=[4096]  ->  y=[128x4096]  (T=128, K=128)
  - op#17  op=FFN_W1   shard=0   x=[128x4096] + w=[5504x4096]  ->  y=[128x5504]  (T=128, K=128)
  - op#18  op=FFN_W3   shard=0   x=[128x4096] + w=[5504x4096]  ->  y=[128x5504]  (T=128, K=128)
  - op#19  op=FFN_W1   shard=1   x=[128x4096] + w=[5504x4096]  ->  y=[128x5504]  (T=128, K=128)
  - op#20  op=FFN_W3   shard=1   x=[128x4096] + w=[5504x4096]  ->  y=[128x5504]  (T=128, K=128)
  - op#21  op=SwiGLU   shard=0   a=[128x5504] + b=[128x5504]  ->  y=[128x5504]  (T=128, K=128)
  - op#22  op=SwiGLU   shard=1   a=[128x5504] + b=[128x5504]  ->  y=[128x5504]  (T=128, K=128)
  - op#23  op=FFN_W2   shard=0   x=[128x5504] + w=[4096x5504]  ->  y=[128x4096]  (T=128, K=128)
  - op#24  op=FFN_W2   shard=1   x=[128x5504] + w=[4096x5504]  ->  y=[128x4096]  (T=128, K=128)
  - op#25  op=Add      shard=-1  a=[128x4096] + b=[128x4096]  ->  y=[128x4096]  (T=128, K=128)
[gpu-debug] per-op timing breakdown (avg over iters):
  idx  op       sh  io                                                    time   est_flops    TFLOPs       bytes      GB/s
  ------------------------------------------------------------------------------------------------------------------------
    0  LN       -1  x[128x4096]+w[4096]->y[128x4096]                    0.080ms     2.621 M      0.03    2.01 MiB     26.26
    1  Q         0  x[128x4096]+w[2048x4096]->y[128x2048]               0.058ms     2.147 G     36.73   17.50 MiB    313.84
    2  K         0  x[128x4096]+w[2048x4096]->y[128x2048]               0.046ms     2.147 G     46.29   17.50 MiB    395.58
    3  V         0  x[128x4096]+w[2048x4096]->y[128x2048]               0.045ms     2.147 G     47.45   17.50 MiB    405.43
    4  Q         1  x[128x4096]+w[2048x4096]->y[128x2048]               0.046ms     2.147 G     46.71   17.50 MiB    399.11
    5  K         1  x[128x4096]+w[2048x4096]->y[128x2048]               0.046ms     2.147 G     47.02   17.50 MiB    401.79
    6  V         1  x[128x4096]+w[2048x4096]->y[128x2048]               0.046ms     2.147 G     46.60   17.50 MiB    398.22
    7  QK        0  q[16x128x128]+k[16x128x128]->y[16x128x128]          0.022ms    67.109 M      3.06    1.50 MiB     71.78
    8  QK        1  q[16x128x128]+k[16x128x128]->y[16x128x128]          0.022ms    67.109 M      2.99    1.50 MiB     70.14
    9  Softmax   0  scores[16x128x128]->y[16x128x128]                   0.013ms     1.311 M      0.10    1.00 MiB     83.25
   10  Softmax   1  scores[16x128x128]->y[16x128x128]                   0.012ms     1.311 M      0.10    1.00 MiB     83.93
   11  SV        0  p[16x128x128]+v[16x128x128]->y[16x128x128]          0.018ms    67.109 M      3.72    1.50 MiB     87.27
   12  SV        1  p[16x128x128]+v[16x128x128]->y[16x128x128]          0.019ms    67.109 M      3.56    1.50 MiB     83.48
   13  O         0  x[128x2048]+w[4096x2048]->y[128x4096]               0.050ms     2.147 G     42.97   17.50 MiB    367.21
   14  O         1  x[128x2048]+w[4096x2048]->y[128x4096]               0.038ms     2.147 G     56.38   17.50 MiB    481.72
   15  Add      -1  a[128x4096]+b[128x4096]->y[128x4096]                0.011ms   524.288 K      0.05    3.00 MiB    281.83
   16  LN       -1  x[128x4096]+w[4096]->y[128x4096]                    0.066ms     2.621 M      0.04    2.01 MiB     31.93
   17  FFN_W1    0  x[128x4096]+w[5504x4096]->y[128x5504]               0.078ms     5.771 G     74.35   45.34 MiB    612.56
   18  FFN_W3    0  x[128x4096]+w[5504x4096]->y[128x5504]               0.073ms     5.771 G     78.61   45.34 MiB    647.59
   19  FFN_W1    1  x[128x4096]+w[5504x4096]->y[128x5504]               0.074ms     5.771 G     77.53   45.34 MiB    638.68
   20  FFN_W3    1  x[128x4096]+w[5504x4096]->y[128x5504]               0.074ms     5.771 G     78.39   45.34 MiB    645.79
   21  SwiGLU    0  a[128x5504]+b[128x5504]->y[128x5504]                0.020ms     4.227 M      0.21    4.03 MiB    212.78
   22  SwiGLU    1  a[128x5504]+b[128x5504]->y[128x5504]                0.019ms     4.227 M      0.23    4.03 MiB    228.07
   23  FFN_W2    0  x[128x5504]+w[4096x5504]->y[128x4096]               0.074ms     5.771 G     78.39   45.34 MiB    645.79
   24  FFN_W2    1  x[128x5504]+w[4096x5504]->y[128x4096]               0.075ms     5.771 G     77.10   45.34 MiB    635.18
   25  Add      -1  a[128x4096]+b[128x4096]->y[128x4096]                0.011ms   524.288 K      0.05    3.00 MiB    284.44
[gpu-debug] segment avg latency (cuda_events): 0.991 ms
[gpu-debug] sum(per-op)               : 1.137 ms (ratio=1.147)
[gpu-debug] NOTE: sum(per-op) may differ from segment latency due to Python overhead, event/launch overhead, and allocator/cache effects.
[gpu-debug] cuda mem before warmup: alloc=0 B reserved=0 B
[gpu-debug] cuda mem after warmup : alloc=403.48 MiB reserved=418.00 MiB
[gpu-debug] cuda mem peak (this segment): max_alloc=406.16 MiB max_reserved=418.00 MiB
  progress 1/1
