[run-gpu] tasks=1 warmup=3 iters=10 device=cuda dtype=bf16 segment_scope=layer
[run-gpu] extra weight_load_s=0.400513s (will be added in merge)
[run-gpu] GPU[0] NVIDIA A100-PCIE-40GB; SM=108, CC=8.0
[run-gpu] nvidia-smi -L: GPU 0: NVIDIA A100-PCIE-40GB (UUID: GPU-6d440a5b-63f1-384a-e57b-cc3200e8df52)
[run-gpu] nvidia-smi query: NVIDIA A100-PCIE-40GB, GPU-6d440a5b-63f1-384a-e57b-cc3200e8df52, 560.35.03, 40960
[run-gpu][debug] torch_default_dtype=torch.float32
[run-gpu][debug] torch.backends.cuda.matmul.allow_tf32=False
[run-gpu][debug] cudnn.enabled=True benchmark=False deterministic=False allow_tf32=True
[run-gpu][debug] nvidia-smi snapshot: 0, 0, 0, 4, 40960, 31, 36.10, 250.00
========================================================================================
[gpu-debug] segment_key=npu|prefill|-1|7f370cc7d97df3530a56c775d62964d4
[gpu-debug] sig: device_type=npu phase=prefill step=-1 (count_hint=32)
[gpu-debug] ops_repr: LN:-1,Q:0,K:0,V:0,Q:1,K:1,V:1,QK:0,QK:1,Softmax:0,Softmax:1,SV:0,SV:1,O:0,O:1,Add:-1,LN:-1,FFN_W1:0,FFN_W3:0,FFN_W1:1,FFN_W3:1,SwiGLU:0,SwiGLU:1,FFN_W2:0,FFN_W2:1,Add:-1
[gpu-debug] cfg: device=cuda dtype=torch.bfloat16 dim=4096 ffn_dim=11008 n_heads=32 shards=2
[gpu-debug] op plan (with inferred tensor shapes):
  - op#00  op=LN       shard=-1  x=[262x4096] + w=[4096]  ->  y=[262x4096]  (T=262, K=262)
  - op#01  op=Q        shard=0   x=[262x4096] + w=[2048x4096]  ->  y=[262x2048]  (T=262, K=262)
  - op#02  op=K        shard=0   x=[262x4096] + w=[2048x4096]  ->  y=[262x2048]  (T=262, K=262)
  - op#03  op=V        shard=0   x=[262x4096] + w=[2048x4096]  ->  y=[262x2048]  (T=262, K=262)
  - op#04  op=Q        shard=1   x=[262x4096] + w=[2048x4096]  ->  y=[262x2048]  (T=262, K=262)
  - op#05  op=K        shard=1   x=[262x4096] + w=[2048x4096]  ->  y=[262x2048]  (T=262, K=262)
  - op#06  op=V        shard=1   x=[262x4096] + w=[2048x4096]  ->  y=[262x2048]  (T=262, K=262)
  - op#07  op=QK       shard=0   q=[16x262x128] + k=[16x128x262]  ->  y=[16x262x262]  (T=262, K=262)
  - op#08  op=QK       shard=1   q=[16x262x128] + k=[16x128x262]  ->  y=[16x262x262]  (T=262, K=262)
  - op#09  op=Softmax  shard=0   scores=[16x262x262]  ->  y=[16x262x262]  (T=262, K=262)
  - op#10  op=Softmax  shard=1   scores=[16x262x262]  ->  y=[16x262x262]  (T=262, K=262)
  - op#11  op=SV       shard=0   p=[16x262x262] + v=[16x262x128]  ->  y=[16x262x128]  (T=262, K=262)
  - op#12  op=SV       shard=1   p=[16x262x262] + v=[16x262x128]  ->  y=[16x262x128]  (T=262, K=262)
  - op#13  op=O        shard=0   x=[262x2048] + w=[4096x2048]  ->  y=[262x4096]  (T=262, K=262)
  - op#14  op=O        shard=1   x=[262x2048] + w=[4096x2048]  ->  y=[262x4096]  (T=262, K=262)
  - op#15  op=Add      shard=-1  a=[262x4096] + b=[262x4096]  ->  y=[262x4096]  (T=262, K=262)
  - op#16  op=LN       shard=-1  x=[262x4096] + w=[4096]  ->  y=[262x4096]  (T=262, K=262)
  - op#17  op=FFN_W1   shard=0   x=[262x4096] + w=[5504x4096]  ->  y=[262x5504]  (T=262, K=262)
  - op#18  op=FFN_W3   shard=0   x=[262x4096] + w=[5504x4096]  ->  y=[262x5504]  (T=262, K=262)
  - op#19  op=FFN_W1   shard=1   x=[262x4096] + w=[5504x4096]  ->  y=[262x5504]  (T=262, K=262)
  - op#20  op=FFN_W3   shard=1   x=[262x4096] + w=[5504x4096]  ->  y=[262x5504]  (T=262, K=262)
  - op#21  op=SwiGLU   shard=0   a=[262x5504] + b=[262x5504]  ->  y=[262x5504]  (T=262, K=262)
  - op#22  op=SwiGLU   shard=1   a=[262x5504] + b=[262x5504]  ->  y=[262x5504]  (T=262, K=262)
  - op#23  op=FFN_W2   shard=0   x=[262x5504] + w=[4096x5504]  ->  y=[262x4096]  (T=262, K=262)
  - op#24  op=FFN_W2   shard=1   x=[262x5504] + w=[4096x5504]  ->  y=[262x4096]  (T=262, K=262)
  - op#25  op=Add      shard=-1  a=[262x4096] + b=[262x4096]  ->  y=[262x4096]  (T=262, K=262)
[gpu-debug] per-op timing breakdown (avg over iters):
  idx  op       sh  io                                                    time   est_flops    TFLOPs       bytes      GB/s
  ------------------------------------------------------------------------------------------------------------------------
    0  LN       -1  x[262x4096]+w[4096]->y[262x4096]                    0.091ms     5.366 M      0.06    4.10 MiB     47.09
    1  Q         0  x[262x4096]+w[2048x4096]->y[262x2048]               0.069ms     4.396 G     63.31   19.07 MiB    288.02
    2  K         0  x[262x4096]+w[2048x4096]->y[262x2048]               0.066ms     4.396 G     66.14   19.07 MiB    300.89
    3  V         0  x[262x4096]+w[2048x4096]->y[262x2048]               0.066ms     4.396 G     66.35   19.07 MiB    301.82
    4  Q         1  x[262x4096]+w[2048x4096]->y[262x2048]               0.067ms     4.396 G     65.34   19.07 MiB    297.23
    5  K         1  x[262x4096]+w[2048x4096]->y[262x2048]               0.067ms     4.396 G     65.64   19.07 MiB    298.59
    6  V         1  x[262x4096]+w[2048x4096]->y[262x2048]               0.067ms     4.396 G     65.44   19.07 MiB    297.68
    7  QK        0  q[16x262x128]+k[16x128x262]->y[16x262x262]          0.038ms   281.166 M      7.48    4.14 MiB    115.56
    8  QK        1  q[16x262x128]+k[16x128x262]->y[16x262x262]          0.037ms   281.166 M      7.56    4.14 MiB    116.84
    9  Softmax   0  scores[16x262x262]->y[16x262x262]                   0.020ms     5.492 M      0.28    4.19 MiB    220.01
   10  Softmax   1  scores[16x262x262]->y[16x262x262]                   0.019ms     5.492 M      0.29    4.19 MiB    234.44
   11  SV        0  p[16x262x262]+v[16x262x128]->y[16x262x128]          0.025ms   281.166 M     11.21    4.14 MiB    173.11
   12  SV        1  p[16x262x262]+v[16x262x128]->y[16x262x128]          0.024ms   281.166 M     11.59    4.14 MiB    178.95
   13  O         0  x[262x2048]+w[4096x2048]->y[262x4096]               0.062ms     4.396 G     70.37   19.07 MiB    320.13
   14  O         1  x[262x2048]+w[4096x2048]->y[262x4096]               0.062ms     4.396 G     70.95   19.07 MiB    322.78
   15  Add      -1  a[262x4096]+b[262x4096]->y[262x4096]                0.013ms     1.073 M      0.08    6.14 MiB    495.12
   16  LN       -1  x[262x4096]+w[4096]->y[262x4096]                    0.077ms     5.366 M      0.07    4.10 MiB     55.78
   17  FFN_W1    0  x[262x4096]+w[5504x4096]->y[262x5504]               0.168ms    11.813 G     70.34   47.80 MiB    298.44
   18  FFN_W3    0  x[262x4096]+w[5504x4096]->y[262x5504]               0.168ms    11.813 G     70.43   47.80 MiB    298.81
   19  FFN_W1    1  x[262x4096]+w[5504x4096]->y[262x5504]               0.168ms    11.813 G     70.22   47.80 MiB    297.90
   20  FFN_W3    1  x[262x4096]+w[5504x4096]->y[262x5504]               0.167ms    11.813 G     70.65   47.80 MiB    299.72
   21  SwiGLU    0  a[262x5504]+b[262x5504]->y[262x5504]                0.025ms     8.652 M      0.34    8.25 MiB    343.48
   22  SwiGLU    1  a[262x5504]+b[262x5504]->y[262x5504]                0.023ms     8.652 M      0.37    8.25 MiB    370.59
   23  FFN_W2    0  x[262x5504]+w[4096x5504]->y[262x4096]               0.138ms    11.813 G     85.65   47.80 MiB    363.36
   24  FFN_W2    1  x[262x5504]+w[4096x5504]->y[262x4096]               0.137ms    11.813 G     86.29   47.80 MiB    366.08
   25  Add      -1  a[262x4096]+b[262x4096]->y[262x4096]                0.014ms     1.073 M      0.08    6.14 MiB    465.78
[gpu-debug] segment avg latency (cuda_events): 1.759 ms
[gpu-debug] sum(per-op)               : 1.881 ms (ratio=1.069)
[gpu-debug] NOTE: sum(per-op) may differ from segment latency due to Python overhead, event/launch overhead, and allocator/cache effects.
[gpu-debug] cuda mem before warmup: alloc=0 B reserved=0 B
[gpu-debug] cuda mem after warmup : alloc=411.03 MiB reserved=438.00 MiB
[gpu-debug] cuda mem peak (this segment): max_alloc=416.53 MiB max_reserved=438.00 MiB
  progress 1/1
