[run-gpu] tasks=1 warmup=3 iters=10 device=cuda dtype=bf16 segment_scope=layer
[run-gpu] extra weight_load_s=0.400513s (will be added in merge)
[run-gpu] GPU[0] NVIDIA A100-PCIE-40GB; SM=108, CC=8.0
[run-gpu] nvidia-smi -L: GPU 0: NVIDIA A100-PCIE-40GB (UUID: GPU-dcf9eaa8-029f-0dfe-2aa7-d495c596ffa7)
[run-gpu] nvidia-smi query: NVIDIA A100-PCIE-40GB, GPU-dcf9eaa8-029f-0dfe-2aa7-d495c596ffa7, 560.35.03, 40960
[run-gpu][debug] torch_default_dtype=torch.float32
[run-gpu][debug] torch.backends.cuda.matmul.allow_tf32=False
[run-gpu][debug] cudnn.enabled=True benchmark=False deterministic=False allow_tf32=True
[run-gpu][debug] nvidia-smi snapshot: 0, 0, 0, 4, 40960, 30, 34.23, 250.00
========================================================================================
[gpu-debug] segment_key=npu|prefill|-1|7f370cc7d97df3530a56c775d62964d4
[gpu-debug] sig: device_type=npu phase=prefill step=-1 (count_hint=32)
[gpu-debug] ops_repr: LN:-1,Q:0,K:0,V:0,Q:1,K:1,V:1,QK:0,QK:1,Softmax:0,Softmax:1,SV:0,SV:1,O:0,O:1,Add:-1,LN:-1,FFN_W1:0,FFN_W3:0,FFN_W1:1,FFN_W3:1,SwiGLU:0,SwiGLU:1,FFN_W2:0,FFN_W2:1,Add:-1
[gpu-debug] cfg: device=cuda dtype=torch.bfloat16 dim=4096 ffn_dim=11008 n_heads=32 shards=2
[gpu-debug] op plan (with inferred tensor shapes):
  - op#00  op=LN       shard=-1  x=[262x4096] + w=[4096]  ->  y=[262x4096]  (T=262, K=262)
  - op#01  op=Q        shard=0   x=[262x4096] + w=[2048x4096]  ->  y=[262x2048]  (T=262, K=262)
  - op#02  op=K        shard=0   x=[262x4096] + w=[2048x4096]  ->  y=[262x2048]  (T=262, K=262)
  - op#03  op=V        shard=0   x=[262x4096] + w=[2048x4096]  ->  y=[262x2048]  (T=262, K=262)
  - op#04  op=Q        shard=1   x=[262x4096] + w=[2048x4096]  ->  y=[262x2048]  (T=262, K=262)
  - op#05  op=K        shard=1   x=[262x4096] + w=[2048x4096]  ->  y=[262x2048]  (T=262, K=262)
  - op#06  op=V        shard=1   x=[262x4096] + w=[2048x4096]  ->  y=[262x2048]  (T=262, K=262)
  - op#07  op=QK       shard=0   q=[16x262x128] + k=[16x128x262]  ->  y=[16x262x262]  (T=262, K=262)
  - op#08  op=QK       shard=1   q=[16x262x128] + k=[16x128x262]  ->  y=[16x262x262]  (T=262, K=262)
  - op#09  op=Softmax  shard=0   scores=[16x262x262]  ->  y=[16x262x262]  (T=262, K=262)
  - op#10  op=Softmax  shard=1   scores=[16x262x262]  ->  y=[16x262x262]  (T=262, K=262)
  - op#11  op=SV       shard=0   p=[16x262x262] + v=[16x262x128]  ->  y=[16x262x128]  (T=262, K=262)
  - op#12  op=SV       shard=1   p=[16x262x262] + v=[16x262x128]  ->  y=[16x262x128]  (T=262, K=262)
  - op#13  op=O        shard=0   x=[262x2048] + w=[4096x2048]  ->  y=[262x4096]  (T=262, K=262)
  - op#14  op=O        shard=1   x=[262x2048] + w=[4096x2048]  ->  y=[262x4096]  (T=262, K=262)
  - op#15  op=Add      shard=-1  a=[262x4096] + b=[262x4096]  ->  y=[262x4096]  (T=262, K=262)
  - op#16  op=LN       shard=-1  x=[262x4096] + w=[4096]  ->  y=[262x4096]  (T=262, K=262)
  - op#17  op=FFN_W1   shard=0   x=[262x4096] + w=[5504x4096]  ->  y=[262x5504]  (T=262, K=262)
  - op#18  op=FFN_W3   shard=0   x=[262x4096] + w=[5504x4096]  ->  y=[262x5504]  (T=262, K=262)
  - op#19  op=FFN_W1   shard=1   x=[262x4096] + w=[5504x4096]  ->  y=[262x5504]  (T=262, K=262)
  - op#20  op=FFN_W3   shard=1   x=[262x4096] + w=[5504x4096]  ->  y=[262x5504]  (T=262, K=262)
  - op#21  op=SwiGLU   shard=0   a=[262x5504] + b=[262x5504]  ->  y=[262x5504]  (T=262, K=262)
  - op#22  op=SwiGLU   shard=1   a=[262x5504] + b=[262x5504]  ->  y=[262x5504]  (T=262, K=262)
  - op#23  op=FFN_W2   shard=0   x=[262x5504] + w=[4096x5504]  ->  y=[262x4096]  (T=262, K=262)
  - op#24  op=FFN_W2   shard=1   x=[262x5504] + w=[4096x5504]  ->  y=[262x4096]  (T=262, K=262)
  - op#25  op=Add      shard=-1  a=[262x4096] + b=[262x4096]  ->  y=[262x4096]  (T=262, K=262)
[gpu-debug] per-op timing breakdown (avg over iters):
  idx  op       sh  io                                                    time   est_flops    TFLOPs       bytes      GB/s
  ------------------------------------------------------------------------------------------------------------------------
    0  LN       -1  x[262x4096]+w[4096]->y[262x4096]                    0.078ms     5.366 M      0.07    4.10 MiB     55.12
    1  Q         0  x[262x4096]+w[2048x4096]->y[262x2048]               0.070ms     4.396 G     62.39   19.07 MiB    283.84
    2  K         0  x[262x4096]+w[2048x4096]->y[262x2048]               0.054ms     4.396 G     81.76   19.07 MiB    371.96
    3  V         0  x[262x4096]+w[2048x4096]->y[262x2048]               0.054ms     4.396 G     81.15   19.07 MiB    369.15
    4  Q         1  x[262x4096]+w[2048x4096]->y[262x2048]               0.054ms     4.396 G     80.84   19.07 MiB    367.76
    5  K         1  x[262x4096]+w[2048x4096]->y[262x2048]               0.054ms     4.396 G     81.15   19.07 MiB    369.15
    6  V         1  x[262x4096]+w[2048x4096]->y[262x2048]               0.055ms     4.396 G     79.64   19.07 MiB    362.30
    7  QK        0  q[16x262x128]+k[16x128x262]->y[16x262x262]          0.031ms   281.166 M      8.97    4.14 MiB    138.60
    8  QK        1  q[16x262x128]+k[16x128x262]->y[16x262x262]          0.030ms   281.166 M      9.28    4.14 MiB    143.28
    9  Softmax   0  scores[16x262x262]->y[16x262x262]                   0.016ms     5.492 M      0.33    4.19 MiB    266.48
   10  Softmax   1  scores[16x262x262]->y[16x262x262]                   0.015ms     5.492 M      0.36    4.19 MiB    289.88
   11  SV        0  p[16x262x262]+v[16x262x128]->y[16x262x128]          0.021ms   281.166 M     13.66    4.14 MiB    211.00
   12  SV        1  p[16x262x262]+v[16x262x128]->y[16x262x128]          0.020ms   281.166 M     14.23    4.14 MiB    219.75
   13  O         0  x[262x2048]+w[4096x2048]->y[262x4096]               0.051ms     4.396 G     86.89   19.07 MiB    395.30
   14  O         1  x[262x2048]+w[4096x2048]->y[262x4096]               0.050ms     4.396 G     87.60   19.07 MiB    398.53
   15  Add      -1  a[262x4096]+b[262x4096]->y[262x4096]                0.011ms     1.073 M      0.10    6.14 MiB    610.49
   16  LN       -1  x[262x4096]+w[4096]->y[262x4096]                    0.063ms     5.366 M      0.09    4.10 MiB     68.74
   17  FFN_W1    0  x[262x4096]+w[5504x4096]->y[262x5504]               0.136ms    11.813 G     86.54   47.80 MiB    367.18
   18  FFN_W3    0  x[262x4096]+w[5504x4096]->y[262x5504]               0.137ms    11.813 G     86.35   47.80 MiB    366.35
   19  FFN_W1    1  x[262x4096]+w[5504x4096]->y[262x5504]               0.138ms    11.813 G     85.90   47.80 MiB    364.44
   20  FFN_W3    1  x[262x4096]+w[5504x4096]->y[262x5504]               0.137ms    11.813 G     86.48   47.80 MiB    366.90
   21  SwiGLU    0  a[262x5504]+b[262x5504]->y[262x5504]                0.021ms     8.652 M      0.41    8.25 MiB    412.17
   22  SwiGLU    1  a[262x5504]+b[262x5504]->y[262x5504]                0.019ms     8.652 M      0.46    8.25 MiB    459.21
   23  FFN_W2    0  x[262x5504]+w[4096x5504]->y[262x4096]               0.111ms    11.813 G    106.13   47.80 MiB    450.27
   24  FFN_W2    1  x[262x5504]+w[4096x5504]->y[262x4096]               0.111ms    11.813 G    106.42   47.80 MiB    451.52
   25  Add      -1  a[262x4096]+b[262x4096]->y[262x4096]                0.011ms     1.073 M      0.10    6.14 MiB    571.64
[gpu-debug] segment avg latency (cuda_events): 1.430 ms
[gpu-debug] sum(per-op)               : 1.548 ms (ratio=1.083)
[gpu-debug] NOTE: sum(per-op) may differ from segment latency due to Python overhead, event/launch overhead, and allocator/cache effects.
[gpu-debug] cuda mem before warmup: alloc=0 B reserved=0 B
[gpu-debug] cuda mem after warmup : alloc=411.03 MiB reserved=438.00 MiB
[gpu-debug] cuda mem peak (this segment): max_alloc=416.53 MiB max_reserved=438.00 MiB
  progress 1/1
