[run-gpu] tasks=13 warmup=3 iters=10 device=cuda dtype=bf16 segment_scope=layer
[run-gpu] GPU[0] NVIDIA A100-PCIE-40GB; SM=108, CC=8.0
[run-gpu] nvidia-smi -L: GPU 0: NVIDIA A100-PCIE-40GB (UUID: GPU-6d440a5b-63f1-384a-e57b-cc3200e8df52)
[run-gpu] nvidia-smi query: NVIDIA A100-PCIE-40GB, GPU-6d440a5b-63f1-384a-e57b-cc3200e8df52, 560.35.03, 40960
[run-gpu][debug] torch_default_dtype=torch.float32
[run-gpu][debug] torch.backends.cuda.matmul.allow_tf32=False
[run-gpu][debug] cudnn.enabled=True benchmark=False deterministic=False allow_tf32=True
[run-gpu][debug] nvidia-smi snapshot: 0, 0, 0, 4, 40960, 28, 35.09, 250.00
========================================================================================
[gpu-debug] segment_key=npu|decode|0|48322b0ab0207f84448cb08e6eac5594
[gpu-debug] sig: device_type=npu phase=decode step=0 (count_hint=32)
[gpu-debug] ops_repr: LN:-1,QK:0,QK:1,Softmax:0,Softmax:1,SV:0,SV:1,Add:-1,LN:-1,SwiGLU:0,SwiGLU:1,Add:-1
[gpu-debug] cfg: device=cuda dtype=torch.bfloat16 dim=4096 ffn_dim=11008 n_heads=32 shards=2
[gpu-debug] op plan (with inferred tensor shapes):
  - op#00  op=LN       shard=-1  x=[1x4096] + w=[4096]  ->  y=[1x4096]  (T=1, K=129)
  - op#01  op=QK       shard=0   q=[16x1x128] + k=[16x128x129]  ->  y=[16x1x129]  (T=1, K=129)
  - op#02  op=QK       shard=1   q=[16x1x128] + k=[16x128x129]  ->  y=[16x1x129]  (T=1, K=129)
  - op#03  op=Softmax  shard=0   scores=[16x1x129]  ->  y=[16x1x129]  (T=1, K=129)
  - op#04  op=Softmax  shard=1   scores=[16x1x129]  ->  y=[16x1x129]  (T=1, K=129)
  - op#05  op=SV       shard=0   p=[16x1x129] + v=[16x129x128]  ->  y=[16x1x128]  (T=1, K=129)
  - op#06  op=SV       shard=1   p=[16x1x129] + v=[16x129x128]  ->  y=[16x1x128]  (T=1, K=129)
  - op#07  op=Add      shard=-1  a=[1x4096] + b=[1x4096]  ->  y=[1x4096]  (T=1, K=129)
  - op#08  op=LN       shard=-1  x=[1x4096] + w=[4096]  ->  y=[1x4096]  (T=1, K=129)
  - op#09  op=SwiGLU   shard=0   a=[1x5504] + b=[1x5504]  ->  y=[1x5504]  (T=1, K=129)
  - op#10  op=SwiGLU   shard=1   a=[1x5504] + b=[1x5504]  ->  y=[1x5504]  (T=1, K=129)
  - op#11  op=Add      shard=-1  a=[1x4096] + b=[1x4096]  ->  y=[1x4096]  (T=1, K=129)
[gpu-debug] per-op timing breakdown (avg over iters):
  idx  op       sh  io                                                    time   est_flops    TFLOPs       bytes      GB/s
  ------------------------------------------------------------------------------------------------------------------------
    0  LN       -1  x[1x4096]+w[4096]->y[1x4096]                        0.062ms    20.480 K      0.00   24.00 KiB      0.39
    1  QK        0  q[16x1x128]+k[16x128x129]->y[16x1x129]              0.050ms   528.384 K      0.01  524.03 KiB     10.69
    2  QK        1  q[16x1x128]+k[16x128x129]->y[16x1x129]              0.040ms   528.384 K      0.01  524.03 KiB     13.30
    3  Softmax   0  scores[16x1x129]->y[16x1x129]                       0.018ms    10.320 K      0.00    8.06 KiB      0.45
    4  Softmax   1  scores[16x1x129]->y[16x1x129]                       0.015ms    10.320 K      0.00    8.06 KiB      0.54
    5  SV        0  p[16x1x129]+v[16x129x128]->y[16x1x128]              0.028ms   528.384 K      0.02  524.03 KiB     18.85
    6  SV        1  p[16x1x129]+v[16x129x128]->y[16x1x128]              0.025ms   528.384 K      0.02  524.03 KiB     21.05
    7  Add      -1  a[1x4096]+b[1x4096]->y[1x4096]                      0.018ms     4.096 K      0.00   24.00 KiB      1.36
    8  LN       -1  x[1x4096]+w[4096]->y[1x4096]                        0.064ms    20.480 K      0.00   24.00 KiB      0.38
    9  SwiGLU    0  a[1x5504]+b[1x5504]->y[1x5504]                      0.025ms    33.024 K      0.00   32.25 KiB      1.33
   10  SwiGLU    1  a[1x5504]+b[1x5504]->y[1x5504]                      0.022ms    33.024 K      0.00   32.25 KiB      1.49
   11  Add      -1  a[1x4096]+b[1x4096]->y[1x4096]                      0.016ms     4.096 K      0.00   24.00 KiB      1.57
[gpu-debug] segment avg latency (cuda_events): 0.267 ms
[gpu-debug] sum(per-op)               : 0.385 ms (ratio=1.446)
[gpu-debug] NOTE: sum(per-op) may differ from segment latency due to Python overhead, event/launch overhead, and allocator/cache effects.
[gpu-debug] cuda mem before warmup: alloc=0 B reserved=0 B
[gpu-debug] cuda mem after warmup : alloc=9.17 MiB reserved=22.00 MiB
[gpu-debug] cuda mem peak (this segment): max_alloc=9.19 MiB max_reserved=22.00 MiB
========================================================================================
[gpu-debug] segment_key=npu|decode|10|48322b0ab0207f84448cb08e6eac5594
[gpu-debug] sig: device_type=npu phase=decode step=10 (count_hint=32)
[gpu-debug] ops_repr: LN:-1,QK:0,QK:1,Softmax:0,Softmax:1,SV:0,SV:1,Add:-1,LN:-1,SwiGLU:0,SwiGLU:1,Add:-1
[gpu-debug] cfg: device=cuda dtype=torch.bfloat16 dim=4096 ffn_dim=11008 n_heads=32 shards=2
[gpu-debug] op plan (with inferred tensor shapes):
  - op#00  op=LN       shard=-1  x=[1x4096] + w=[4096]  ->  y=[1x4096]  (T=1, K=236)
  - op#01  op=QK       shard=0   q=[16x1x128] + k=[16x128x236]  ->  y=[16x1x236]  (T=1, K=236)
  - op#02  op=QK       shard=1   q=[16x1x128] + k=[16x128x236]  ->  y=[16x1x236]  (T=1, K=236)
  - op#03  op=Softmax  shard=0   scores=[16x1x236]  ->  y=[16x1x236]  (T=1, K=236)
  - op#04  op=Softmax  shard=1   scores=[16x1x236]  ->  y=[16x1x236]  (T=1, K=236)
  - op#05  op=SV       shard=0   p=[16x1x236] + v=[16x236x128]  ->  y=[16x1x128]  (T=1, K=236)
  - op#06  op=SV       shard=1   p=[16x1x236] + v=[16x236x128]  ->  y=[16x1x128]  (T=1, K=236)
  - op#07  op=Add      shard=-1  a=[1x4096] + b=[1x4096]  ->  y=[1x4096]  (T=1, K=236)
  - op#08  op=LN       shard=-1  x=[1x4096] + w=[4096]  ->  y=[1x4096]  (T=1, K=236)
  - op#09  op=SwiGLU   shard=0   a=[1x5504] + b=[1x5504]  ->  y=[1x5504]  (T=1, K=236)
  - op#10  op=SwiGLU   shard=1   a=[1x5504] + b=[1x5504]  ->  y=[1x5504]  (T=1, K=236)
  - op#11  op=Add      shard=-1  a=[1x4096] + b=[1x4096]  ->  y=[1x4096]  (T=1, K=236)
[gpu-debug] per-op timing breakdown (avg over iters):
  idx  op       sh  io                                                    time   est_flops    TFLOPs       bytes      GB/s
  ------------------------------------------------------------------------------------------------------------------------
    0  LN       -1  x[1x4096]+w[4096]->y[1x4096]                        0.062ms    20.480 K      0.00   24.00 KiB      0.40
    1  QK        0  q[16x1x128]+k[16x128x236]->y[16x1x236]              0.049ms   966.656 K      0.02  955.38 KiB     19.90
    2  QK        1  q[16x1x128]+k[16x128x236]->y[16x1x236]              0.039ms   966.656 K      0.02  955.38 KiB     24.94
    3  Softmax   0  scores[16x1x236]->y[16x1x236]                       0.018ms    18.880 K      0.00   14.75 KiB      0.84
    4  Softmax   1  scores[16x1x236]->y[16x1x236]                       0.015ms    18.880 K      0.00   14.75 KiB      1.03
    5  SV        0  p[16x1x236]+v[16x236x128]->y[16x1x128]              0.029ms   966.656 K      0.03  955.38 KiB     34.12
    6  SV        1  p[16x1x236]+v[16x236x128]->y[16x1x128]              0.026ms   966.656 K      0.04  955.38 KiB     37.61
    7  Add      -1  a[1x4096]+b[1x4096]->y[1x4096]                      0.018ms     4.096 K      0.00   24.00 KiB      1.40
    8  LN       -1  x[1x4096]+w[4096]->y[1x4096]                        0.064ms    20.480 K      0.00   24.00 KiB      0.38
    9  SwiGLU    0  a[1x5504]+b[1x5504]->y[1x5504]                      0.024ms    33.024 K      0.00   32.25 KiB      1.36
   10  SwiGLU    1  a[1x5504]+b[1x5504]->y[1x5504]                      0.022ms    33.024 K      0.00   32.25 KiB      1.49
   11  Add      -1  a[1x4096]+b[1x4096]->y[1x4096]                      0.015ms     4.096 K      0.00   24.00 KiB      1.59
[gpu-debug] segment avg latency (cuda_events): 0.259 ms
[gpu-debug] sum(per-op)               : 0.381 ms (ratio=1.469)
[gpu-debug] NOTE: sum(per-op) may differ from segment latency due to Python overhead, event/launch overhead, and allocator/cache effects.
[gpu-debug] cuda mem before warmup: alloc=9.17 MiB reserved=22.00 MiB
[gpu-debug] cuda mem after warmup : alloc=11.02 MiB reserved=24.00 MiB
[gpu-debug] cuda mem peak (this segment): max_alloc=11.04 MiB max_reserved=24.00 MiB
========================================================================================
[gpu-debug] segment_key=npu|decode|11|48322b0ab0207f84448cb08e6eac5594
[gpu-debug] sig: device_type=npu phase=decode step=11 (count_hint=32)
[gpu-debug] ops_repr: LN:-1,QK:0,QK:1,Softmax:0,Softmax:1,SV:0,SV:1,Add:-1,LN:-1,SwiGLU:0,SwiGLU:1,Add:-1
[gpu-debug] cfg: device=cuda dtype=torch.bfloat16 dim=4096 ffn_dim=11008 n_heads=32 shards=2
[gpu-debug] op plan (with inferred tensor shapes):
  - op#00  op=LN       shard=-1  x=[1x4096] + w=[4096]  ->  y=[1x4096]  (T=1, K=248)
  - op#01  op=QK       shard=0   q=[16x1x128] + k=[16x128x248]  ->  y=[16x1x248]  (T=1, K=248)
  - op#02  op=QK       shard=1   q=[16x1x128] + k=[16x128x248]  ->  y=[16x1x248]  (T=1, K=248)
  - op#03  op=Softmax  shard=0   scores=[16x1x248]  ->  y=[16x1x248]  (T=1, K=248)
  - op#04  op=Softmax  shard=1   scores=[16x1x248]  ->  y=[16x1x248]  (T=1, K=248)
  - op#05  op=SV       shard=0   p=[16x1x248] + v=[16x248x128]  ->  y=[16x1x128]  (T=1, K=248)
  - op#06  op=SV       shard=1   p=[16x1x248] + v=[16x248x128]  ->  y=[16x1x128]  (T=1, K=248)
  - op#07  op=Add      shard=-1  a=[1x4096] + b=[1x4096]  ->  y=[1x4096]  (T=1, K=248)
  - op#08  op=LN       shard=-1  x=[1x4096] + w=[4096]  ->  y=[1x4096]  (T=1, K=248)
  - op#09  op=SwiGLU   shard=0   a=[1x5504] + b=[1x5504]  ->  y=[1x5504]  (T=1, K=248)
  - op#10  op=SwiGLU   shard=1   a=[1x5504] + b=[1x5504]  ->  y=[1x5504]  (T=1, K=248)
  - op#11  op=Add      shard=-1  a=[1x4096] + b=[1x4096]  ->  y=[1x4096]  (T=1, K=248)
[gpu-debug] per-op timing breakdown (avg over iters):
  idx  op       sh  io                                                    time   est_flops    TFLOPs       bytes      GB/s
  ------------------------------------------------------------------------------------------------------------------------
    0  LN       -1  x[1x4096]+w[4096]->y[1x4096]                        0.063ms    20.480 K      0.00   24.00 KiB      0.39
    1  QK        0  q[16x1x128]+k[16x128x248]->y[16x1x248]              0.052ms     1.016 M      0.02  1003.75 KiB     19.64
    2  QK        1  q[16x1x128]+k[16x128x248]->y[16x1x248]              0.042ms     1.016 M      0.02  1003.75 KiB     24.30
    3  Softmax   0  scores[16x1x248]->y[16x1x248]                       0.019ms    19.840 K      0.00   15.50 KiB      0.84
    4  Softmax   1  scores[16x1x248]->y[16x1x248]                       0.015ms    19.840 K      0.00   15.50 KiB      1.04
    5  SV        0  p[16x1x248]+v[16x248x128]->y[16x1x128]              0.031ms     1.016 M      0.03  1003.75 KiB     33.24
    6  SV        1  p[16x1x248]+v[16x248x128]->y[16x1x128]              0.026ms     1.016 M      0.04  1003.75 KiB     39.06
    7  Add      -1  a[1x4096]+b[1x4096]->y[1x4096]                      0.018ms     4.096 K      0.00   24.00 KiB      1.36
    8  LN       -1  x[1x4096]+w[4096]->y[1x4096]                        0.064ms    20.480 K      0.00   24.00 KiB      0.38
    9  SwiGLU    0  a[1x5504]+b[1x5504]->y[1x5504]                      0.024ms    33.024 K      0.00   32.25 KiB      1.35
   10  SwiGLU    1  a[1x5504]+b[1x5504]->y[1x5504]                      0.021ms    33.024 K      0.00   32.25 KiB      1.54
   11  Add      -1  a[1x4096]+b[1x4096]->y[1x4096]                      0.016ms     4.096 K      0.00   24.00 KiB      1.56
[gpu-debug] segment avg latency (cuda_events): 0.259 ms
[gpu-debug] sum(per-op)               : 0.393 ms (ratio=1.515)
[gpu-debug] NOTE: sum(per-op) may differ from segment latency due to Python overhead, event/launch overhead, and allocator/cache effects.
[gpu-debug] cuda mem before warmup: alloc=11.02 MiB reserved=24.00 MiB
[gpu-debug] cuda mem after warmup : alloc=12.96 MiB reserved=26.00 MiB
[gpu-debug] cuda mem peak (this segment): max_alloc=12.99 MiB max_reserved=26.00 MiB
========================================================================================
[gpu-debug] segment_key=npu|decode|1|48322b0ab0207f84448cb08e6eac5594
[gpu-debug] sig: device_type=npu phase=decode step=1 (count_hint=32)
[gpu-debug] ops_repr: LN:-1,QK:0,QK:1,Softmax:0,Softmax:1,SV:0,SV:1,Add:-1,LN:-1,SwiGLU:0,SwiGLU:1,Add:-1
[gpu-debug] cfg: device=cuda dtype=torch.bfloat16 dim=4096 ffn_dim=11008 n_heads=32 shards=2
[gpu-debug] op plan (with inferred tensor shapes):
  - op#00  op=LN       shard=-1  x=[1x4096] + w=[4096]  ->  y=[1x4096]  (T=1, K=130)
  - op#01  op=QK       shard=0   q=[16x1x128] + k=[16x128x130]  ->  y=[16x1x130]  (T=1, K=130)
  - op#02  op=QK       shard=1   q=[16x1x128] + k=[16x128x130]  ->  y=[16x1x130]  (T=1, K=130)
  - op#03  op=Softmax  shard=0   scores=[16x1x130]  ->  y=[16x1x130]  (T=1, K=130)
  - op#04  op=Softmax  shard=1   scores=[16x1x130]  ->  y=[16x1x130]  (T=1, K=130)
  - op#05  op=SV       shard=0   p=[16x1x130] + v=[16x130x128]  ->  y=[16x1x128]  (T=1, K=130)
  - op#06  op=SV       shard=1   p=[16x1x130] + v=[16x130x128]  ->  y=[16x1x128]  (T=1, K=130)
  - op#07  op=Add      shard=-1  a=[1x4096] + b=[1x4096]  ->  y=[1x4096]  (T=1, K=130)
  - op#08  op=LN       shard=-1  x=[1x4096] + w=[4096]  ->  y=[1x4096]  (T=1, K=130)
  - op#09  op=SwiGLU   shard=0   a=[1x5504] + b=[1x5504]  ->  y=[1x5504]  (T=1, K=130)
  - op#10  op=SwiGLU   shard=1   a=[1x5504] + b=[1x5504]  ->  y=[1x5504]  (T=1, K=130)
  - op#11  op=Add      shard=-1  a=[1x4096] + b=[1x4096]  ->  y=[1x4096]  (T=1, K=130)
[gpu-debug] per-op timing breakdown (avg over iters):
  idx  op       sh  io                                                    time   est_flops    TFLOPs       bytes      GB/s
  ------------------------------------------------------------------------------------------------------------------------
    0  LN       -1  x[1x4096]+w[4096]->y[1x4096]                        0.061ms    20.480 K      0.00   24.00 KiB      0.40
    1  QK        0  q[16x1x128]+k[16x128x130]->y[16x1x130]              0.049ms   532.480 K      0.01  528.06 KiB     10.98
    2  QK        1  q[16x1x128]+k[16x128x130]->y[16x1x130]              0.040ms   532.480 K      0.01  528.06 KiB     13.61
    3  Softmax   0  scores[16x1x130]->y[16x1x130]                       0.018ms    10.400 K      0.00    8.12 KiB      0.47
    4  Softmax   1  scores[16x1x130]->y[16x1x130]                       0.015ms    10.400 K      0.00    8.12 KiB      0.55
    5  SV        0  p[16x1x130]+v[16x130x128]->y[16x1x128]              0.028ms   532.480 K      0.02  528.06 KiB     19.41
    6  SV        1  p[16x1x130]+v[16x130x128]->y[16x1x128]              0.025ms   532.480 K      0.02  528.06 KiB     21.21
    7  Add      -1  a[1x4096]+b[1x4096]->y[1x4096]                      0.017ms     4.096 K      0.00   24.00 KiB      1.43
    8  LN       -1  x[1x4096]+w[4096]->y[1x4096]                        0.062ms    20.480 K      0.00   24.00 KiB      0.39
    9  SwiGLU    0  a[1x5504]+b[1x5504]->y[1x5504]                      0.025ms    33.024 K      0.00   32.25 KiB      1.34
   10  SwiGLU    1  a[1x5504]+b[1x5504]->y[1x5504]                      0.021ms    33.024 K      0.00   32.25 KiB      1.57
   11  Add      -1  a[1x4096]+b[1x4096]->y[1x4096]                      0.016ms     4.096 K      0.00   24.00 KiB      1.54
[gpu-debug] segment avg latency (cuda_events): 0.253 ms
[gpu-debug] sum(per-op)               : 0.377 ms (ratio=1.489)
[gpu-debug] NOTE: sum(per-op) may differ from segment latency due to Python overhead, event/launch overhead, and allocator/cache effects.
[gpu-debug] cuda mem before warmup: alloc=12.96 MiB reserved=26.00 MiB
[gpu-debug] cuda mem after warmup : alloc=13.98 MiB reserved=26.00 MiB
[gpu-debug] cuda mem peak (this segment): max_alloc=14.01 MiB max_reserved=26.00 MiB
========================================================================================
[gpu-debug] segment_key=npu|decode|2|48322b0ab0207f84448cb08e6eac5594
[gpu-debug] sig: device_type=npu phase=decode step=2 (count_hint=32)
[gpu-debug] ops_repr: LN:-1,QK:0,QK:1,Softmax:0,Softmax:1,SV:0,SV:1,Add:-1,LN:-1,SwiGLU:0,SwiGLU:1,Add:-1
[gpu-debug] cfg: device=cuda dtype=torch.bfloat16 dim=4096 ffn_dim=11008 n_heads=32 shards=2
[gpu-debug] op plan (with inferred tensor shapes):
  - op#00  op=LN       shard=-1  x=[1x4096] + w=[4096]  ->  y=[1x4096]  (T=1, K=140)
  - op#01  op=QK       shard=0   q=[16x1x128] + k=[16x128x140]  ->  y=[16x1x140]  (T=1, K=140)
  - op#02  op=QK       shard=1   q=[16x1x128] + k=[16x128x140]  ->  y=[16x1x140]  (T=1, K=140)
  - op#03  op=Softmax  shard=0   scores=[16x1x140]  ->  y=[16x1x140]  (T=1, K=140)
  - op#04  op=Softmax  shard=1   scores=[16x1x140]  ->  y=[16x1x140]  (T=1, K=140)
  - op#05  op=SV       shard=0   p=[16x1x140] + v=[16x140x128]  ->  y=[16x1x128]  (T=1, K=140)
  - op#06  op=SV       shard=1   p=[16x1x140] + v=[16x140x128]  ->  y=[16x1x128]  (T=1, K=140)
  - op#07  op=Add      shard=-1  a=[1x4096] + b=[1x4096]  ->  y=[1x4096]  (T=1, K=140)
  - op#08  op=LN       shard=-1  x=[1x4096] + w=[4096]  ->  y=[1x4096]  (T=1, K=140)
  - op#09  op=SwiGLU   shard=0   a=[1x5504] + b=[1x5504]  ->  y=[1x5504]  (T=1, K=140)
  - op#10  op=SwiGLU   shard=1   a=[1x5504] + b=[1x5504]  ->  y=[1x5504]  (T=1, K=140)
  - op#11  op=Add      shard=-1  a=[1x4096] + b=[1x4096]  ->  y=[1x4096]  (T=1, K=140)
[gpu-debug] per-op timing breakdown (avg over iters):
  idx  op       sh  io                                                    time   est_flops    TFLOPs       bytes      GB/s
  ------------------------------------------------------------------------------------------------------------------------
    0  LN       -1  x[1x4096]+w[4096]->y[1x4096]                        0.061ms    20.480 K      0.00   24.00 KiB      0.40
    1  QK        0  q[16x1x128]+k[16x128x140]->y[16x1x140]              0.049ms   573.440 K      0.01  568.38 KiB     11.92
    2  QK        1  q[16x1x128]+k[16x128x140]->y[16x1x140]              0.039ms   573.440 K      0.01  568.38 KiB     14.92
    3  Softmax   0  scores[16x1x140]->y[16x1x140]                       0.018ms    11.200 K      0.00    8.75 KiB      0.50
    4  Softmax   1  scores[16x1x140]->y[16x1x140]                       0.015ms    11.200 K      0.00    8.75 KiB      0.59
    5  SV        0  p[16x1x140]+v[16x140x128]->y[16x1x128]              0.028ms   573.440 K      0.02  568.38 KiB     20.52
    6  SV        1  p[16x1x140]+v[16x140x128]->y[16x1x128]              0.026ms   573.440 K      0.02  568.38 KiB     22.74
    7  Add      -1  a[1x4096]+b[1x4096]->y[1x4096]                      0.017ms     4.096 K      0.00   24.00 KiB      1.42
    8  LN       -1  x[1x4096]+w[4096]->y[1x4096]                        0.063ms    20.480 K      0.00   24.00 KiB      0.39
    9  SwiGLU    0  a[1x5504]+b[1x5504]->y[1x5504]                      0.024ms    33.024 K      0.00   32.25 KiB      1.35
   10  SwiGLU    1  a[1x5504]+b[1x5504]->y[1x5504]                      0.021ms    33.024 K      0.00   32.25 KiB      1.55
   11  Add      -1  a[1x4096]+b[1x4096]->y[1x4096]                      0.016ms     4.096 K      0.00   24.00 KiB      1.58
[gpu-debug] segment avg latency (cuda_events): 0.254 ms
[gpu-debug] sum(per-op)               : 0.378 ms (ratio=1.488)
[gpu-debug] NOTE: sum(per-op) may differ from segment latency due to Python overhead, event/launch overhead, and allocator/cache effects.
[gpu-debug] cuda mem before warmup: alloc=13.98 MiB reserved=26.00 MiB
[gpu-debug] cuda mem after warmup : alloc=15.08 MiB reserved=28.00 MiB
[gpu-debug] cuda mem peak (this segment): max_alloc=15.10 MiB max_reserved=28.00 MiB
========================================================================================
[gpu-debug] segment_key=npu|decode|3|48322b0ab0207f84448cb08e6eac5594
[gpu-debug] sig: device_type=npu phase=decode step=3 (count_hint=32)
[gpu-debug] ops_repr: LN:-1,QK:0,QK:1,Softmax:0,Softmax:1,SV:0,SV:1,Add:-1,LN:-1,SwiGLU:0,SwiGLU:1,Add:-1
[gpu-debug] cfg: device=cuda dtype=torch.bfloat16 dim=4096 ffn_dim=11008 n_heads=32 shards=2
[gpu-debug] op plan (with inferred tensor shapes):
  - op#00  op=LN       shard=-1  x=[1x4096] + w=[4096]  ->  y=[1x4096]  (T=1, K=152)
  - op#01  op=QK       shard=0   q=[16x1x128] + k=[16x128x152]  ->  y=[16x1x152]  (T=1, K=152)
  - op#02  op=QK       shard=1   q=[16x1x128] + k=[16x128x152]  ->  y=[16x1x152]  (T=1, K=152)
  - op#03  op=Softmax  shard=0   scores=[16x1x152]  ->  y=[16x1x152]  (T=1, K=152)
  - op#04  op=Softmax  shard=1   scores=[16x1x152]  ->  y=[16x1x152]  (T=1, K=152)
  - op#05  op=SV       shard=0   p=[16x1x152] + v=[16x152x128]  ->  y=[16x1x128]  (T=1, K=152)
  - op#06  op=SV       shard=1   p=[16x1x152] + v=[16x152x128]  ->  y=[16x1x128]  (T=1, K=152)
  - op#07  op=Add      shard=-1  a=[1x4096] + b=[1x4096]  ->  y=[1x4096]  (T=1, K=152)
  - op#08  op=LN       shard=-1  x=[1x4096] + w=[4096]  ->  y=[1x4096]  (T=1, K=152)
  - op#09  op=SwiGLU   shard=0   a=[1x5504] + b=[1x5504]  ->  y=[1x5504]  (T=1, K=152)
  - op#10  op=SwiGLU   shard=1   a=[1x5504] + b=[1x5504]  ->  y=[1x5504]  (T=1, K=152)
  - op#11  op=Add      shard=-1  a=[1x4096] + b=[1x4096]  ->  y=[1x4096]  (T=1, K=152)
[gpu-debug] per-op timing breakdown (avg over iters):
  idx  op       sh  io                                                    time   est_flops    TFLOPs       bytes      GB/s
  ------------------------------------------------------------------------------------------------------------------------
    0  LN       -1  x[1x4096]+w[4096]->y[1x4096]                        0.062ms    20.480 K      0.00   24.00 KiB      0.40
    1  QK        0  q[16x1x128]+k[16x128x152]->y[16x1x152]              0.052ms   622.592 K      0.01  616.75 KiB     12.07
    2  QK        1  q[16x1x128]+k[16x128x152]->y[16x1x152]              0.042ms   622.592 K      0.01  616.75 KiB     15.08
    3  Softmax   0  scores[16x1x152]->y[16x1x152]                       0.018ms    12.160 K      0.00    9.50 KiB      0.54
    4  Softmax   1  scores[16x1x152]->y[16x1x152]                       0.015ms    12.160 K      0.00    9.50 KiB      0.63
    5  SV        0  p[16x1x152]+v[16x152x128]->y[16x1x128]              0.030ms   622.592 K      0.02  616.75 KiB     20.84
    6  SV        1  p[16x1x152]+v[16x152x128]->y[16x1x128]              0.028ms   622.592 K      0.02  616.75 KiB     22.93
    7  Add      -1  a[1x4096]+b[1x4096]->y[1x4096]                      0.018ms     4.096 K      0.00   24.00 KiB      1.40
    8  LN       -1  x[1x4096]+w[4096]->y[1x4096]                        0.063ms    20.480 K      0.00   24.00 KiB      0.39
    9  SwiGLU    0  a[1x5504]+b[1x5504]->y[1x5504]                      0.024ms    33.024 K      0.00   32.25 KiB      1.38
   10  SwiGLU    1  a[1x5504]+b[1x5504]->y[1x5504]                      0.022ms    33.024 K      0.00   32.25 KiB      1.54
   11  Add      -1  a[1x4096]+b[1x4096]->y[1x4096]                      0.016ms     4.096 K      0.00   24.00 KiB      1.51
[gpu-debug] segment avg latency (cuda_events): 0.261 ms
[gpu-debug] sum(per-op)               : 0.390 ms (ratio=1.491)
[gpu-debug] NOTE: sum(per-op) may differ from segment latency due to Python overhead, event/launch overhead, and allocator/cache effects.
[gpu-debug] cuda mem before warmup: alloc=15.08 MiB reserved=28.00 MiB
[gpu-debug] cuda mem after warmup : alloc=16.27 MiB reserved=30.00 MiB
[gpu-debug] cuda mem peak (this segment): max_alloc=16.30 MiB max_reserved=30.00 MiB
========================================================================================
[gpu-debug] segment_key=npu|decode|4|48322b0ab0207f84448cb08e6eac5594
[gpu-debug] sig: device_type=npu phase=decode step=4 (count_hint=32)
[gpu-debug] ops_repr: LN:-1,QK:0,QK:1,Softmax:0,Softmax:1,SV:0,SV:1,Add:-1,LN:-1,SwiGLU:0,SwiGLU:1,Add:-1
[gpu-debug] cfg: device=cuda dtype=torch.bfloat16 dim=4096 ffn_dim=11008 n_heads=32 shards=2
[gpu-debug] op plan (with inferred tensor shapes):
  - op#00  op=LN       shard=-1  x=[1x4096] + w=[4096]  ->  y=[1x4096]  (T=1, K=164)
  - op#01  op=QK       shard=0   q=[16x1x128] + k=[16x128x164]  ->  y=[16x1x164]  (T=1, K=164)
  - op#02  op=QK       shard=1   q=[16x1x128] + k=[16x128x164]  ->  y=[16x1x164]  (T=1, K=164)
  - op#03  op=Softmax  shard=0   scores=[16x1x164]  ->  y=[16x1x164]  (T=1, K=164)
  - op#04  op=Softmax  shard=1   scores=[16x1x164]  ->  y=[16x1x164]  (T=1, K=164)
  - op#05  op=SV       shard=0   p=[16x1x164] + v=[16x164x128]  ->  y=[16x1x128]  (T=1, K=164)
  - op#06  op=SV       shard=1   p=[16x1x164] + v=[16x164x128]  ->  y=[16x1x128]  (T=1, K=164)
  - op#07  op=Add      shard=-1  a=[1x4096] + b=[1x4096]  ->  y=[1x4096]  (T=1, K=164)
  - op#08  op=LN       shard=-1  x=[1x4096] + w=[4096]  ->  y=[1x4096]  (T=1, K=164)
  - op#09  op=SwiGLU   shard=0   a=[1x5504] + b=[1x5504]  ->  y=[1x5504]  (T=1, K=164)
  - op#10  op=SwiGLU   shard=1   a=[1x5504] + b=[1x5504]  ->  y=[1x5504]  (T=1, K=164)
  - op#11  op=Add      shard=-1  a=[1x4096] + b=[1x4096]  ->  y=[1x4096]  (T=1, K=164)
[gpu-debug] per-op timing breakdown (avg over iters):
  idx  op       sh  io                                                    time   est_flops    TFLOPs       bytes      GB/s
  ------------------------------------------------------------------------------------------------------------------------
    0  LN       -1  x[1x4096]+w[4096]->y[1x4096]                        0.062ms    20.480 K      0.00   24.00 KiB      0.40
    1  QK        0  q[16x1x128]+k[16x128x164]->y[16x1x164]              0.049ms   671.744 K      0.01  665.12 KiB     13.77
    2  QK        1  q[16x1x128]+k[16x128x164]->y[16x1x164]              0.040ms   671.744 K      0.02  665.12 KiB     17.19
    3  Softmax   0  scores[16x1x164]->y[16x1x164]                       0.018ms    13.120 K      0.00   10.25 KiB      0.60
    4  Softmax   1  scores[16x1x164]->y[16x1x164]                       0.015ms    13.120 K      0.00   10.25 KiB      0.68
    5  SV        0  p[16x1x164]+v[16x164x128]->y[16x1x128]              0.028ms   671.744 K      0.02  665.12 KiB     24.27
    6  SV        1  p[16x1x164]+v[16x164x128]->y[16x1x128]              0.026ms   671.744 K      0.03  665.12 KiB     26.50
    7  Add      -1  a[1x4096]+b[1x4096]->y[1x4096]                      0.017ms     4.096 K      0.00   24.00 KiB      1.43
    8  LN       -1  x[1x4096]+w[4096]->y[1x4096]                        0.063ms    20.480 K      0.00   24.00 KiB      0.39
    9  SwiGLU    0  a[1x5504]+b[1x5504]->y[1x5504]                      0.024ms    33.024 K      0.00   32.25 KiB      1.38
   10  SwiGLU    1  a[1x5504]+b[1x5504]->y[1x5504]                      0.021ms    33.024 K      0.00   32.25 KiB      1.55
   11  Add      -1  a[1x4096]+b[1x4096]->y[1x4096]                      0.016ms     4.096 K      0.00   24.00 KiB      1.53
[gpu-debug] segment avg latency (cuda_events): 0.254 ms
[gpu-debug] sum(per-op)               : 0.379 ms (ratio=1.492)
[gpu-debug] NOTE: sum(per-op) may differ from segment latency due to Python overhead, event/launch overhead, and allocator/cache effects.
[gpu-debug] cuda mem before warmup: alloc=16.27 MiB reserved=30.00 MiB
[gpu-debug] cuda mem after warmup : alloc=17.56 MiB reserved=30.00 MiB
[gpu-debug] cuda mem peak (this segment): max_alloc=17.58 MiB max_reserved=30.00 MiB
========================================================================================
[gpu-debug] segment_key=npu|decode|5|48322b0ab0207f84448cb08e6eac5594
[gpu-debug] sig: device_type=npu phase=decode step=5 (count_hint=32)
[gpu-debug] ops_repr: LN:-1,QK:0,QK:1,Softmax:0,Softmax:1,SV:0,SV:1,Add:-1,LN:-1,SwiGLU:0,SwiGLU:1,Add:-1
[gpu-debug] cfg: device=cuda dtype=torch.bfloat16 dim=4096 ffn_dim=11008 n_heads=32 shards=2
[gpu-debug] op plan (with inferred tensor shapes):
  - op#00  op=LN       shard=-1  x=[1x4096] + w=[4096]  ->  y=[1x4096]  (T=1, K=176)
  - op#01  op=QK       shard=0   q=[16x1x128] + k=[16x128x176]  ->  y=[16x1x176]  (T=1, K=176)
  - op#02  op=QK       shard=1   q=[16x1x128] + k=[16x128x176]  ->  y=[16x1x176]  (T=1, K=176)
  - op#03  op=Softmax  shard=0   scores=[16x1x176]  ->  y=[16x1x176]  (T=1, K=176)
  - op#04  op=Softmax  shard=1   scores=[16x1x176]  ->  y=[16x1x176]  (T=1, K=176)
  - op#05  op=SV       shard=0   p=[16x1x176] + v=[16x176x128]  ->  y=[16x1x128]  (T=1, K=176)
  - op#06  op=SV       shard=1   p=[16x1x176] + v=[16x176x128]  ->  y=[16x1x128]  (T=1, K=176)
  - op#07  op=Add      shard=-1  a=[1x4096] + b=[1x4096]  ->  y=[1x4096]  (T=1, K=176)
  - op#08  op=LN       shard=-1  x=[1x4096] + w=[4096]  ->  y=[1x4096]  (T=1, K=176)
  - op#09  op=SwiGLU   shard=0   a=[1x5504] + b=[1x5504]  ->  y=[1x5504]  (T=1, K=176)
  - op#10  op=SwiGLU   shard=1   a=[1x5504] + b=[1x5504]  ->  y=[1x5504]  (T=1, K=176)
  - op#11  op=Add      shard=-1  a=[1x4096] + b=[1x4096]  ->  y=[1x4096]  (T=1, K=176)
[gpu-debug] per-op timing breakdown (avg over iters):
  idx  op       sh  io                                                    time   est_flops    TFLOPs       bytes      GB/s
  ------------------------------------------------------------------------------------------------------------------------
    0  LN       -1  x[1x4096]+w[4096]->y[1x4096]                        0.062ms    20.480 K      0.00   24.00 KiB      0.40
    1  QK        0  q[16x1x128]+k[16x128x176]->y[16x1x176]              0.052ms   720.896 K      0.01  713.50 KiB     14.10
    2  QK        1  q[16x1x128]+k[16x128x176]->y[16x1x176]              0.041ms   720.896 K      0.02  713.50 KiB     17.75
    3  Softmax   0  scores[16x1x176]->y[16x1x176]                       0.018ms    14.080 K      0.00   11.00 KiB      0.61
    4  Softmax   1  scores[16x1x176]->y[16x1x176]                       0.015ms    14.080 K      0.00   11.00 KiB      0.73
    5  SV        0  p[16x1x176]+v[16x176x128]->y[16x1x128]              0.030ms   720.896 K      0.02  713.50 KiB     24.19
    6  SV        1  p[16x1x176]+v[16x176x128]->y[16x1x128]              0.027ms   720.896 K      0.03  713.50 KiB     26.62
    7  Add      -1  a[1x4096]+b[1x4096]->y[1x4096]                      0.017ms     4.096 K      0.00   24.00 KiB      1.41
    8  LN       -1  x[1x4096]+w[4096]->y[1x4096]                        0.067ms    20.480 K      0.00   24.00 KiB      0.37
    9  SwiGLU    0  a[1x5504]+b[1x5504]->y[1x5504]                      0.024ms    33.024 K      0.00   32.25 KiB      1.38
   10  SwiGLU    1  a[1x5504]+b[1x5504]->y[1x5504]                      0.021ms    33.024 K      0.00   32.25 KiB      1.54
   11  Add      -1  a[1x4096]+b[1x4096]->y[1x4096]                      0.016ms     4.096 K      0.00   24.00 KiB      1.56
[gpu-debug] segment avg latency (cuda_events): 0.262 ms
[gpu-debug] sum(per-op)               : 0.392 ms (ratio=1.497)
[gpu-debug] NOTE: sum(per-op) may differ from segment latency due to Python overhead, event/launch overhead, and allocator/cache effects.
[gpu-debug] cuda mem before warmup: alloc=17.56 MiB reserved=30.00 MiB
[gpu-debug] cuda mem after warmup : alloc=18.94 MiB reserved=32.00 MiB
[gpu-debug] cuda mem peak (this segment): max_alloc=18.96 MiB max_reserved=32.00 MiB
========================================================================================
[gpu-debug] segment_key=npu|decode|6|48322b0ab0207f84448cb08e6eac5594
[gpu-debug] sig: device_type=npu phase=decode step=6 (count_hint=32)
[gpu-debug] ops_repr: LN:-1,QK:0,QK:1,Softmax:0,Softmax:1,SV:0,SV:1,Add:-1,LN:-1,SwiGLU:0,SwiGLU:1,Add:-1
[gpu-debug] cfg: device=cuda dtype=torch.bfloat16 dim=4096 ffn_dim=11008 n_heads=32 shards=2
[gpu-debug] op plan (with inferred tensor shapes):
  - op#00  op=LN       shard=-1  x=[1x4096] + w=[4096]  ->  y=[1x4096]  (T=1, K=188)
  - op#01  op=QK       shard=0   q=[16x1x128] + k=[16x128x188]  ->  y=[16x1x188]  (T=1, K=188)
  - op#02  op=QK       shard=1   q=[16x1x128] + k=[16x128x188]  ->  y=[16x1x188]  (T=1, K=188)
  - op#03  op=Softmax  shard=0   scores=[16x1x188]  ->  y=[16x1x188]  (T=1, K=188)
  - op#04  op=Softmax  shard=1   scores=[16x1x188]  ->  y=[16x1x188]  (T=1, K=188)
  - op#05  op=SV       shard=0   p=[16x1x188] + v=[16x188x128]  ->  y=[16x1x128]  (T=1, K=188)
  - op#06  op=SV       shard=1   p=[16x1x188] + v=[16x188x128]  ->  y=[16x1x128]  (T=1, K=188)
  - op#07  op=Add      shard=-1  a=[1x4096] + b=[1x4096]  ->  y=[1x4096]  (T=1, K=188)
  - op#08  op=LN       shard=-1  x=[1x4096] + w=[4096]  ->  y=[1x4096]  (T=1, K=188)
  - op#09  op=SwiGLU   shard=0   a=[1x5504] + b=[1x5504]  ->  y=[1x5504]  (T=1, K=188)
  - op#10  op=SwiGLU   shard=1   a=[1x5504] + b=[1x5504]  ->  y=[1x5504]  (T=1, K=188)
  - op#11  op=Add      shard=-1  a=[1x4096] + b=[1x4096]  ->  y=[1x4096]  (T=1, K=188)
[gpu-debug] per-op timing breakdown (avg over iters):
  idx  op       sh  io                                                    time   est_flops    TFLOPs       bytes      GB/s
  ------------------------------------------------------------------------------------------------------------------------
    0  LN       -1  x[1x4096]+w[4096]->y[1x4096]                        0.061ms    20.480 K      0.00   24.00 KiB      0.40
    1  QK        0  q[16x1x128]+k[16x128x188]->y[16x1x188]              0.049ms   770.048 K      0.02  761.88 KiB     16.01
    2  QK        1  q[16x1x128]+k[16x128x188]->y[16x1x188]              0.040ms   770.048 K      0.02  761.88 KiB     19.74
    3  Softmax   0  scores[16x1x188]->y[16x1x188]                       0.019ms    15.040 K      0.00   11.75 KiB      0.64
    4  Softmax   1  scores[16x1x188]->y[16x1x188]                       0.015ms    15.040 K      0.00   11.75 KiB      0.78
    5  SV        0  p[16x1x188]+v[16x188x128]->y[16x1x128]              0.030ms   770.048 K      0.03  761.88 KiB     26.27
    6  SV        1  p[16x1x188]+v[16x188x128]->y[16x1x128]              0.027ms   770.048 K      0.03  761.88 KiB     29.30
    7  Add      -1  a[1x4096]+b[1x4096]->y[1x4096]                      0.018ms     4.096 K      0.00   24.00 KiB      1.40
    8  LN       -1  x[1x4096]+w[4096]->y[1x4096]                        0.063ms    20.480 K      0.00   24.00 KiB      0.39
    9  SwiGLU    0  a[1x5504]+b[1x5504]->y[1x5504]                      0.024ms    33.024 K      0.00   32.25 KiB      1.36
   10  SwiGLU    1  a[1x5504]+b[1x5504]->y[1x5504]                      0.021ms    33.024 K      0.00   32.25 KiB      1.55
   11  Add      -1  a[1x4096]+b[1x4096]->y[1x4096]                      0.015ms     4.096 K      0.00   24.00 KiB      1.60
[gpu-debug] segment avg latency (cuda_events): 0.254 ms
[gpu-debug] sum(per-op)               : 0.381 ms (ratio=1.502)
[gpu-debug] NOTE: sum(per-op) may differ from segment latency due to Python overhead, event/launch overhead, and allocator/cache effects.
[gpu-debug] cuda mem before warmup: alloc=18.94 MiB reserved=32.00 MiB
[gpu-debug] cuda mem after warmup : alloc=20.42 MiB reserved=34.00 MiB
[gpu-debug] cuda mem peak (this segment): max_alloc=20.44 MiB max_reserved=34.00 MiB
========================================================================================
[gpu-debug] segment_key=npu|decode|7|48322b0ab0207f84448cb08e6eac5594
[gpu-debug] sig: device_type=npu phase=decode step=7 (count_hint=32)
[gpu-debug] ops_repr: LN:-1,QK:0,QK:1,Softmax:0,Softmax:1,SV:0,SV:1,Add:-1,LN:-1,SwiGLU:0,SwiGLU:1,Add:-1
[gpu-debug] cfg: device=cuda dtype=torch.bfloat16 dim=4096 ffn_dim=11008 n_heads=32 shards=2
[gpu-debug] op plan (with inferred tensor shapes):
  - op#00  op=LN       shard=-1  x=[1x4096] + w=[4096]  ->  y=[1x4096]  (T=1, K=200)
  - op#01  op=QK       shard=0   q=[16x1x128] + k=[16x128x200]  ->  y=[16x1x200]  (T=1, K=200)
  - op#02  op=QK       shard=1   q=[16x1x128] + k=[16x128x200]  ->  y=[16x1x200]  (T=1, K=200)
  - op#03  op=Softmax  shard=0   scores=[16x1x200]  ->  y=[16x1x200]  (T=1, K=200)
  - op#04  op=Softmax  shard=1   scores=[16x1x200]  ->  y=[16x1x200]  (T=1, K=200)
  - op#05  op=SV       shard=0   p=[16x1x200] + v=[16x200x128]  ->  y=[16x1x128]  (T=1, K=200)
  - op#06  op=SV       shard=1   p=[16x1x200] + v=[16x200x128]  ->  y=[16x1x128]  (T=1, K=200)
  - op#07  op=Add      shard=-1  a=[1x4096] + b=[1x4096]  ->  y=[1x4096]  (T=1, K=200)
  - op#08  op=LN       shard=-1  x=[1x4096] + w=[4096]  ->  y=[1x4096]  (T=1, K=200)
  - op#09  op=SwiGLU   shard=0   a=[1x5504] + b=[1x5504]  ->  y=[1x5504]  (T=1, K=200)
  - op#10  op=SwiGLU   shard=1   a=[1x5504] + b=[1x5504]  ->  y=[1x5504]  (T=1, K=200)
  - op#11  op=Add      shard=-1  a=[1x4096] + b=[1x4096]  ->  y=[1x4096]  (T=1, K=200)
[gpu-debug] per-op timing breakdown (avg over iters):
  idx  op       sh  io                                                    time   est_flops    TFLOPs       bytes      GB/s
  ------------------------------------------------------------------------------------------------------------------------
    0  LN       -1  x[1x4096]+w[4096]->y[1x4096]                        0.061ms    20.480 K      0.00   24.00 KiB      0.40
    1  QK        0  q[16x1x128]+k[16x128x200]->y[16x1x200]              0.054ms   819.200 K      0.02  810.25 KiB     15.37
    2  QK        1  q[16x1x128]+k[16x128x200]->y[16x1x200]              0.043ms   819.200 K      0.02  810.25 KiB     19.48
    3  Softmax   0  scores[16x1x200]->y[16x1x200]                       0.018ms    16.000 K      0.00   12.50 KiB      0.71
    4  Softmax   1  scores[16x1x200]->y[16x1x200]                       0.015ms    16.000 K      0.00   12.50 KiB      0.84
    5  SV        0  p[16x1x200]+v[16x200x128]->y[16x1x128]              0.031ms   819.200 K      0.03  810.25 KiB     27.01
    6  SV        1  p[16x1x200]+v[16x200x128]->y[16x1x128]              0.028ms   819.200 K      0.03  810.25 KiB     29.90
    7  Add      -1  a[1x4096]+b[1x4096]->y[1x4096]                      0.018ms     4.096 K      0.00   24.00 KiB      1.38
    8  LN       -1  x[1x4096]+w[4096]->y[1x4096]                        0.063ms    20.480 K      0.00   24.00 KiB      0.39
    9  SwiGLU    0  a[1x5504]+b[1x5504]->y[1x5504]                      0.024ms    33.024 K      0.00   32.25 KiB      1.37
   10  SwiGLU    1  a[1x5504]+b[1x5504]->y[1x5504]                      0.021ms    33.024 K      0.00   32.25 KiB      1.54
   11  Add      -1  a[1x4096]+b[1x4096]->y[1x4096]                      0.016ms     4.096 K      0.00   24.00 KiB      1.57
[gpu-debug] segment avg latency (cuda_events): 0.265 ms
[gpu-debug] sum(per-op)               : 0.392 ms (ratio=1.479)
[gpu-debug] NOTE: sum(per-op) may differ from segment latency due to Python overhead, event/launch overhead, and allocator/cache effects.
[gpu-debug] cuda mem before warmup: alloc=20.42 MiB reserved=34.00 MiB
[gpu-debug] cuda mem after warmup : alloc=21.98 MiB reserved=36.00 MiB
[gpu-debug] cuda mem peak (this segment): max_alloc=22.01 MiB max_reserved=36.00 MiB
========================================================================================
[gpu-debug] segment_key=npu|decode|8|48322b0ab0207f84448cb08e6eac5594
[gpu-debug] sig: device_type=npu phase=decode step=8 (count_hint=32)
[gpu-debug] ops_repr: LN:-1,QK:0,QK:1,Softmax:0,Softmax:1,SV:0,SV:1,Add:-1,LN:-1,SwiGLU:0,SwiGLU:1,Add:-1
[gpu-debug] cfg: device=cuda dtype=torch.bfloat16 dim=4096 ffn_dim=11008 n_heads=32 shards=2
[gpu-debug] op plan (with inferred tensor shapes):
  - op#00  op=LN       shard=-1  x=[1x4096] + w=[4096]  ->  y=[1x4096]  (T=1, K=212)
  - op#01  op=QK       shard=0   q=[16x1x128] + k=[16x128x212]  ->  y=[16x1x212]  (T=1, K=212)
  - op#02  op=QK       shard=1   q=[16x1x128] + k=[16x128x212]  ->  y=[16x1x212]  (T=1, K=212)
  - op#03  op=Softmax  shard=0   scores=[16x1x212]  ->  y=[16x1x212]  (T=1, K=212)
  - op#04  op=Softmax  shard=1   scores=[16x1x212]  ->  y=[16x1x212]  (T=1, K=212)
  - op#05  op=SV       shard=0   p=[16x1x212] + v=[16x212x128]  ->  y=[16x1x128]  (T=1, K=212)
  - op#06  op=SV       shard=1   p=[16x1x212] + v=[16x212x128]  ->  y=[16x1x128]  (T=1, K=212)
  - op#07  op=Add      shard=-1  a=[1x4096] + b=[1x4096]  ->  y=[1x4096]  (T=1, K=212)
  - op#08  op=LN       shard=-1  x=[1x4096] + w=[4096]  ->  y=[1x4096]  (T=1, K=212)
  - op#09  op=SwiGLU   shard=0   a=[1x5504] + b=[1x5504]  ->  y=[1x5504]  (T=1, K=212)
  - op#10  op=SwiGLU   shard=1   a=[1x5504] + b=[1x5504]  ->  y=[1x5504]  (T=1, K=212)
  - op#11  op=Add      shard=-1  a=[1x4096] + b=[1x4096]  ->  y=[1x4096]  (T=1, K=212)
[gpu-debug] per-op timing breakdown (avg over iters):
  idx  op       sh  io                                                    time   est_flops    TFLOPs       bytes      GB/s
  ------------------------------------------------------------------------------------------------------------------------
    0  LN       -1  x[1x4096]+w[4096]->y[1x4096]                        0.062ms    20.480 K      0.00   24.00 KiB      0.40
    1  QK        0  q[16x1x128]+k[16x128x212]->y[16x1x212]              0.049ms   868.352 K      0.02  858.62 KiB     17.93
    2  QK        1  q[16x1x128]+k[16x128x212]->y[16x1x212]              0.040ms   868.352 K      0.02  858.62 KiB     22.19
    3  Softmax   0  scores[16x1x212]->y[16x1x212]                       0.018ms    16.960 K      0.00   13.25 KiB      0.74
    4  Softmax   1  scores[16x1x212]->y[16x1x212]                       0.015ms    16.960 K      0.00   13.25 KiB      0.88
    5  SV        0  p[16x1x212]+v[16x212x128]->y[16x1x128]              0.029ms   868.352 K      0.03  858.62 KiB     29.81
    6  SV        1  p[16x1x212]+v[16x212x128]->y[16x1x128]              0.026ms   868.352 K      0.03  858.62 KiB     33.54
    7  Add      -1  a[1x4096]+b[1x4096]->y[1x4096]                      0.017ms     4.096 K      0.00   24.00 KiB      1.42
    8  LN       -1  x[1x4096]+w[4096]->y[1x4096]                        0.062ms    20.480 K      0.00   24.00 KiB      0.40
    9  SwiGLU    0  a[1x5504]+b[1x5504]->y[1x5504]                      0.024ms    33.024 K      0.00   32.25 KiB      1.35
   10  SwiGLU    1  a[1x5504]+b[1x5504]->y[1x5504]                      0.021ms    33.024 K      0.00   32.25 KiB      1.55
   11  Add      -1  a[1x4096]+b[1x4096]->y[1x4096]                      0.016ms     4.096 K      0.00   24.00 KiB      1.52
[gpu-debug] segment avg latency (cuda_events): 0.254 ms
[gpu-debug] sum(per-op)               : 0.381 ms (ratio=1.504)
[gpu-debug] NOTE: sum(per-op) may differ from segment latency due to Python overhead, event/launch overhead, and allocator/cache effects.
[gpu-debug] cuda mem before warmup: alloc=21.98 MiB reserved=36.00 MiB
[gpu-debug] cuda mem after warmup : alloc=23.65 MiB reserved=38.00 MiB
[gpu-debug] cuda mem peak (this segment): max_alloc=23.67 MiB max_reserved=38.00 MiB
========================================================================================
[gpu-debug] segment_key=npu|decode|9|48322b0ab0207f84448cb08e6eac5594
[gpu-debug] sig: device_type=npu phase=decode step=9 (count_hint=32)
[gpu-debug] ops_repr: LN:-1,QK:0,QK:1,Softmax:0,Softmax:1,SV:0,SV:1,Add:-1,LN:-1,SwiGLU:0,SwiGLU:1,Add:-1
[gpu-debug] cfg: device=cuda dtype=torch.bfloat16 dim=4096 ffn_dim=11008 n_heads=32 shards=2
[gpu-debug] op plan (with inferred tensor shapes):
  - op#00  op=LN       shard=-1  x=[1x4096] + w=[4096]  ->  y=[1x4096]  (T=1, K=224)
  - op#01  op=QK       shard=0   q=[16x1x128] + k=[16x128x224]  ->  y=[16x1x224]  (T=1, K=224)
  - op#02  op=QK       shard=1   q=[16x1x128] + k=[16x128x224]  ->  y=[16x1x224]  (T=1, K=224)
  - op#03  op=Softmax  shard=0   scores=[16x1x224]  ->  y=[16x1x224]  (T=1, K=224)
  - op#04  op=Softmax  shard=1   scores=[16x1x224]  ->  y=[16x1x224]  (T=1, K=224)
  - op#05  op=SV       shard=0   p=[16x1x224] + v=[16x224x128]  ->  y=[16x1x128]  (T=1, K=224)
  - op#06  op=SV       shard=1   p=[16x1x224] + v=[16x224x128]  ->  y=[16x1x128]  (T=1, K=224)
  - op#07  op=Add      shard=-1  a=[1x4096] + b=[1x4096]  ->  y=[1x4096]  (T=1, K=224)
  - op#08  op=LN       shard=-1  x=[1x4096] + w=[4096]  ->  y=[1x4096]  (T=1, K=224)
  - op#09  op=SwiGLU   shard=0   a=[1x5504] + b=[1x5504]  ->  y=[1x5504]  (T=1, K=224)
  - op#10  op=SwiGLU   shard=1   a=[1x5504] + b=[1x5504]  ->  y=[1x5504]  (T=1, K=224)
  - op#11  op=Add      shard=-1  a=[1x4096] + b=[1x4096]  ->  y=[1x4096]  (T=1, K=224)
[gpu-debug] per-op timing breakdown (avg over iters):
  idx  op       sh  io                                                    time   est_flops    TFLOPs       bytes      GB/s
  ------------------------------------------------------------------------------------------------------------------------
    0  LN       -1  x[1x4096]+w[4096]->y[1x4096]                        0.060ms    20.480 K      0.00   24.00 KiB      0.41
    1  QK        0  q[16x1x128]+k[16x128x224]->y[16x1x224]              0.052ms   917.504 K      0.02  907.00 KiB     17.92
    2  QK        1  q[16x1x128]+k[16x128x224]->y[16x1x224]              0.041ms   917.504 K      0.02  907.00 KiB     22.45
    3  Softmax   0  scores[16x1x224]->y[16x1x224]                       0.018ms    17.920 K      0.00   14.00 KiB      0.79
    4  Softmax   1  scores[16x1x224]->y[16x1x224]                       0.015ms    17.920 K      0.00   14.00 KiB      0.97
    5  SV        0  p[16x1x224]+v[16x224x128]->y[16x1x128]              0.031ms   917.504 K      0.03  907.00 KiB     30.44
    6  SV        1  p[16x1x224]+v[16x224x128]->y[16x1x128]              0.027ms   917.504 K      0.03  907.00 KiB     35.02
    7  Add      -1  a[1x4096]+b[1x4096]->y[1x4096]                      0.018ms     4.096 K      0.00   24.00 KiB      1.36
    8  LN       -1  x[1x4096]+w[4096]->y[1x4096]                        0.066ms    20.480 K      0.00   24.00 KiB      0.37
    9  SwiGLU    0  a[1x5504]+b[1x5504]->y[1x5504]                      0.024ms    33.024 K      0.00   32.25 KiB      1.36
   10  SwiGLU    1  a[1x5504]+b[1x5504]->y[1x5504]                      0.021ms    33.024 K      0.00   32.25 KiB      1.57
   11  Add      -1  a[1x4096]+b[1x4096]->y[1x4096]                      0.015ms     4.096 K      0.00   24.00 KiB      1.59
[gpu-debug] segment avg latency (cuda_events): 0.263 ms
[gpu-debug] sum(per-op)               : 0.388 ms (ratio=1.479)
[gpu-debug] NOTE: sum(per-op) may differ from segment latency due to Python overhead, event/launch overhead, and allocator/cache effects.
[gpu-debug] cuda mem before warmup: alloc=23.65 MiB reserved=38.00 MiB
[gpu-debug] cuda mem after warmup : alloc=25.40 MiB reserved=40.00 MiB
[gpu-debug] cuda mem peak (this segment): max_alloc=25.43 MiB max_reserved=40.00 MiB
========================================================================================
[gpu-debug] segment_key=npu|prefill|-1|48322b0ab0207f84448cb08e6eac5594
[gpu-debug] sig: device_type=npu phase=prefill step=-1 (count_hint=32)
[gpu-debug] ops_repr: LN:-1,QK:0,QK:1,Softmax:0,Softmax:1,SV:0,SV:1,Add:-1,LN:-1,SwiGLU:0,SwiGLU:1,Add:-1
[gpu-debug] cfg: device=cuda dtype=torch.bfloat16 dim=4096 ffn_dim=11008 n_heads=32 shards=2
[gpu-debug] op plan (with inferred tensor shapes):
  - op#00  op=LN       shard=-1  x=[128x4096] + w=[4096]  ->  y=[128x4096]  (T=128, K=128)
  - op#01  op=QK       shard=0   q=[16x128x128] + k=[16x128x128]  ->  y=[16x128x128]  (T=128, K=128)
  - op#02  op=QK       shard=1   q=[16x128x128] + k=[16x128x128]  ->  y=[16x128x128]  (T=128, K=128)
  - op#03  op=Softmax  shard=0   scores=[16x128x128]  ->  y=[16x128x128]  (T=128, K=128)
  - op#04  op=Softmax  shard=1   scores=[16x128x128]  ->  y=[16x128x128]  (T=128, K=128)
  - op#05  op=SV       shard=0   p=[16x128x128] + v=[16x128x128]  ->  y=[16x128x128]  (T=128, K=128)
  - op#06  op=SV       shard=1   p=[16x128x128] + v=[16x128x128]  ->  y=[16x128x128]  (T=128, K=128)
  - op#07  op=Add      shard=-1  a=[128x4096] + b=[128x4096]  ->  y=[128x4096]  (T=128, K=128)
  - op#08  op=LN       shard=-1  x=[128x4096] + w=[4096]  ->  y=[128x4096]  (T=128, K=128)
  - op#09  op=SwiGLU   shard=0   a=[128x5504] + b=[128x5504]  ->  y=[128x5504]  (T=128, K=128)
  - op#10  op=SwiGLU   shard=1   a=[128x5504] + b=[128x5504]  ->  y=[128x5504]  (T=128, K=128)
  - op#11  op=Add      shard=-1  a=[128x4096] + b=[128x4096]  ->  y=[128x4096]  (T=128, K=128)
[gpu-debug] per-op timing breakdown (avg over iters):
  idx  op       sh  io                                                    time   est_flops    TFLOPs       bytes      GB/s
  ------------------------------------------------------------------------------------------------------------------------
    0  LN       -1  x[128x4096]+w[4096]->y[128x4096]                    0.067ms     2.621 M      0.04    2.01 MiB     31.53
    1  QK        0  q[16x128x128]+k[16x128x128]->y[16x128x128]          0.051ms    67.109 M      1.32    1.50 MiB     30.97
    2  QK        1  q[16x128x128]+k[16x128x128]->y[16x128x128]          0.042ms    67.109 M      1.60    1.50 MiB     37.46
    3  Softmax   0  scores[16x128x128]->y[16x128x128]                   0.019ms     1.311 M      0.07    1.00 MiB     56.26
    4  Softmax   1  scores[16x128x128]->y[16x128x128]                   0.015ms     1.311 M      0.09    1.00 MiB     68.27
    5  SV        0  p[16x128x128]+v[16x128x128]->y[16x128x128]          0.031ms    67.109 M      2.20    1.50 MiB     51.54
    6  SV        1  p[16x128x128]+v[16x128x128]->y[16x128x128]          0.027ms    67.109 M      2.47    1.50 MiB     57.96
    7  Add      -1  a[128x4096]+b[128x4096]->y[128x4096]                0.018ms   524.288 K      0.03    3.00 MiB    176.55
    8  LN       -1  x[128x4096]+w[4096]->y[128x4096]                    0.067ms     2.621 M      0.04    2.01 MiB     31.39
    9  SwiGLU    0  a[128x5504]+b[128x5504]->y[128x5504]                0.025ms     4.227 M      0.17    4.03 MiB    169.88
   10  SwiGLU    1  a[128x5504]+b[128x5504]->y[128x5504]                0.024ms     4.227 M      0.17    4.03 MiB    174.18
   11  Add      -1  a[128x4096]+b[128x4096]->y[128x4096]                0.016ms   524.288 K      0.03    3.00 MiB    194.43
[gpu-debug] segment avg latency (cuda_events): 0.261 ms
[gpu-debug] sum(per-op)               : 0.401 ms (ratio=1.539)
[gpu-debug] NOTE: sum(per-op) may differ from segment latency due to Python overhead, event/launch overhead, and allocator/cache effects.
[gpu-debug] cuda mem before warmup: alloc=25.40 MiB reserved=40.00 MiB
[gpu-debug] cuda mem after warmup : alloc=28.25 MiB reserved=44.00 MiB
[gpu-debug] cuda mem peak (this segment): max_alloc=30.94 MiB max_reserved=44.00 MiB
  progress 13/13
