[run-gpu] tasks=24 warmup=3 iters=10 device=cuda dtype=bf16 segment_scope=layer
[run-gpu] GPU[0] NVIDIA A100-PCIE-40GB; SM=108, CC=8.0
[run-gpu] nvidia-smi -L: GPU 0: NVIDIA A100-PCIE-40GB (UUID: GPU-10fd0274-d52f-ca61-05e2-aaf982e4391e)
[run-gpu] nvidia-smi query: NVIDIA A100-PCIE-40GB, GPU-10fd0274-d52f-ca61-05e2-aaf982e4391e, 560.35.03, 40960
[run-gpu][debug] torch_default_dtype=torch.float32
[run-gpu][debug] torch.backends.cuda.matmul.allow_tf32=False
[run-gpu][debug] cudnn.enabled=True benchmark=False deterministic=False allow_tf32=True
[run-gpu][debug] nvidia-smi snapshot: 0, 0, 0, 4, 40960, 31, 32.63, 250.00
========================================================================================
[gpu-debug] segment_key=npu|decode|0|48322b0ab0207f84448cb08e6eac5594
[gpu-debug] sig: device_type=npu phase=decode step=0 (count_hint=32)
[gpu-debug] ops_repr: LN:-1,QK:0,QK:1,Softmax:0,Softmax:1,SV:0,SV:1,Add:-1,LN:-1,SwiGLU:0,SwiGLU:1,Add:-1
[gpu-debug] cfg: device=cuda dtype=torch.bfloat16 dim=4096 ffn_dim=11008 n_heads=32 shards=2
[gpu-debug] op plan (with inferred tensor shapes):
  - op#00  op=LN       shard=-1  x=[1x4096] + w=[4096]  ->  y=[1x4096]  (T=1, K=129)
  - op#01  op=QK       shard=0   q=[16x1x128] + k=[16x128x129]  ->  y=[16x1x129]  (T=1, K=129)
  - op#02  op=QK       shard=1   q=[16x1x128] + k=[16x128x129]  ->  y=[16x1x129]  (T=1, K=129)
  - op#03  op=Softmax  shard=0   scores=[16x1x129]  ->  y=[16x1x129]  (T=1, K=129)
  - op#04  op=Softmax  shard=1   scores=[16x1x129]  ->  y=[16x1x129]  (T=1, K=129)
  - op#05  op=SV       shard=0   p=[16x1x129] + v=[16x129x128]  ->  y=[16x1x128]  (T=1, K=129)
  - op#06  op=SV       shard=1   p=[16x1x129] + v=[16x129x128]  ->  y=[16x1x128]  (T=1, K=129)
  - op#07  op=Add      shard=-1  a=[1x4096] + b=[1x4096]  ->  y=[1x4096]  (T=1, K=129)
  - op#08  op=LN       shard=-1  x=[1x4096] + w=[4096]  ->  y=[1x4096]  (T=1, K=129)
  - op#09  op=SwiGLU   shard=0   a=[1x5504] + b=[1x5504]  ->  y=[1x5504]  (T=1, K=129)
  - op#10  op=SwiGLU   shard=1   a=[1x5504] + b=[1x5504]  ->  y=[1x5504]  (T=1, K=129)
  - op#11  op=Add      shard=-1  a=[1x4096] + b=[1x4096]  ->  y=[1x4096]  (T=1, K=129)
[gpu-debug] per-op timing breakdown (avg over iters):
  idx  op       sh  io                                                    time   est_flops    TFLOPs       bytes      GB/s
  ------------------------------------------------------------------------------------------------------------------------
    0  LN       -1  x[1x4096]+w[4096]->y[1x4096]                        0.063ms    20.480 K      0.00   24.00 KiB      0.39
    1  QK        0  q[16x1x128]+k[16x128x129]->y[16x1x129]              0.050ms   528.384 K      0.01  524.03 KiB     10.63
    2  QK        1  q[16x1x128]+k[16x128x129]->y[16x1x129]              0.040ms   528.384 K      0.01  524.03 KiB     13.51
    3  Softmax   0  scores[16x1x129]->y[16x1x129]                       0.018ms    10.320 K      0.00    8.06 KiB      0.46
    4  Softmax   1  scores[16x1x129]->y[16x1x129]                       0.015ms    10.320 K      0.00    8.06 KiB      0.56
    5  SV        0  p[16x1x129]+v[16x129x128]->y[16x1x128]              0.028ms   528.384 K      0.02  524.03 KiB     19.13
    6  SV        1  p[16x1x129]+v[16x129x128]->y[16x1x128]              0.026ms   528.384 K      0.02  524.03 KiB     20.96
    7  Add      -1  a[1x4096]+b[1x4096]->y[1x4096]                      0.018ms     4.096 K      0.00   24.00 KiB      1.34
    8  LN       -1  x[1x4096]+w[4096]->y[1x4096]                        0.065ms    20.480 K      0.00   24.00 KiB      0.38
    9  SwiGLU    0  a[1x5504]+b[1x5504]->y[1x5504]                      0.024ms    33.024 K      0.00   32.25 KiB      1.36
   10  SwiGLU    1  a[1x5504]+b[1x5504]->y[1x5504]                      0.022ms    33.024 K      0.00   32.25 KiB      1.51
   11  Add      -1  a[1x4096]+b[1x4096]->y[1x4096]                      0.015ms     4.096 K      0.00   24.00 KiB      1.59
[gpu-debug] segment avg latency (cuda_events): 0.265 ms
[gpu-debug] sum(per-op)               : 0.385 ms (ratio=1.450)
[gpu-debug] NOTE: sum(per-op) may differ from segment latency due to Python overhead, event/launch overhead, and allocator/cache effects.
[gpu-debug] cuda mem before warmup: alloc=0 B reserved=0 B
[gpu-debug] cuda mem after warmup : alloc=9.17 MiB reserved=22.00 MiB
[gpu-debug] cuda mem peak (this segment): max_alloc=9.19 MiB max_reserved=22.00 MiB
========================================================================================
[gpu-debug] segment_key=npu|decode|10|48322b0ab0207f84448cb08e6eac5594
[gpu-debug] sig: device_type=npu phase=decode step=10 (count_hint=32)
[gpu-debug] ops_repr: LN:-1,QK:0,QK:1,Softmax:0,Softmax:1,SV:0,SV:1,Add:-1,LN:-1,SwiGLU:0,SwiGLU:1,Add:-1
[gpu-debug] cfg: device=cuda dtype=torch.bfloat16 dim=4096 ffn_dim=11008 n_heads=32 shards=2
[gpu-debug] op plan (with inferred tensor shapes):
  - op#00  op=LN       shard=-1  x=[1x4096] + w=[4096]  ->  y=[1x4096]  (T=1, K=236)
  - op#01  op=QK       shard=0   q=[16x1x128] + k=[16x128x236]  ->  y=[16x1x236]  (T=1, K=236)
  - op#02  op=QK       shard=1   q=[16x1x128] + k=[16x128x236]  ->  y=[16x1x236]  (T=1, K=236)
  - op#03  op=Softmax  shard=0   scores=[16x1x236]  ->  y=[16x1x236]  (T=1, K=236)
  - op#04  op=Softmax  shard=1   scores=[16x1x236]  ->  y=[16x1x236]  (T=1, K=236)
  - op#05  op=SV       shard=0   p=[16x1x236] + v=[16x236x128]  ->  y=[16x1x128]  (T=1, K=236)
  - op#06  op=SV       shard=1   p=[16x1x236] + v=[16x236x128]  ->  y=[16x1x128]  (T=1, K=236)
  - op#07  op=Add      shard=-1  a=[1x4096] + b=[1x4096]  ->  y=[1x4096]  (T=1, K=236)
  - op#08  op=LN       shard=-1  x=[1x4096] + w=[4096]  ->  y=[1x4096]  (T=1, K=236)
  - op#09  op=SwiGLU   shard=0   a=[1x5504] + b=[1x5504]  ->  y=[1x5504]  (T=1, K=236)
  - op#10  op=SwiGLU   shard=1   a=[1x5504] + b=[1x5504]  ->  y=[1x5504]  (T=1, K=236)
  - op#11  op=Add      shard=-1  a=[1x4096] + b=[1x4096]  ->  y=[1x4096]  (T=1, K=236)
[gpu-debug] per-op timing breakdown (avg over iters):
  idx  op       sh  io                                                    time   est_flops    TFLOPs       bytes      GB/s
  ------------------------------------------------------------------------------------------------------------------------
    0  LN       -1  x[1x4096]+w[4096]->y[1x4096]                        0.062ms    20.480 K      0.00   24.00 KiB      0.40
    1  QK        0  q[16x1x128]+k[16x128x236]->y[16x1x236]              0.049ms   966.656 K      0.02  955.38 KiB     19.78
    2  QK        1  q[16x1x128]+k[16x128x236]->y[16x1x236]              0.040ms   966.656 K      0.02  955.38 KiB     24.37
    3  Softmax   0  scores[16x1x236]->y[16x1x236]                       0.018ms    18.880 K      0.00   14.75 KiB      0.86
    4  Softmax   1  scores[16x1x236]->y[16x1x236]                       0.015ms    18.880 K      0.00   14.75 KiB      1.01
    5  SV        0  p[16x1x236]+v[16x236x128]->y[16x1x128]              0.029ms   966.656 K      0.03  955.38 KiB     34.24
    6  SV        1  p[16x1x236]+v[16x236x128]->y[16x1x128]              0.026ms   966.656 K      0.04  955.38 KiB     37.47
    7  Add      -1  a[1x4096]+b[1x4096]->y[1x4096]                      0.018ms     4.096 K      0.00   24.00 KiB      1.40
    8  LN       -1  x[1x4096]+w[4096]->y[1x4096]                        0.064ms    20.480 K      0.00   24.00 KiB      0.38
    9  SwiGLU    0  a[1x5504]+b[1x5504]->y[1x5504]                      0.025ms    33.024 K      0.00   32.25 KiB      1.32
   10  SwiGLU    1  a[1x5504]+b[1x5504]->y[1x5504]                      0.022ms    33.024 K      0.00   32.25 KiB      1.51
   11  Add      -1  a[1x4096]+b[1x4096]->y[1x4096]                      0.015ms     4.096 K      0.00   24.00 KiB      1.60
[gpu-debug] segment avg latency (cuda_events): 0.256 ms
[gpu-debug] sum(per-op)               : 0.382 ms (ratio=1.492)
[gpu-debug] NOTE: sum(per-op) may differ from segment latency due to Python overhead, event/launch overhead, and allocator/cache effects.
[gpu-debug] cuda mem before warmup: alloc=9.17 MiB reserved=22.00 MiB
[gpu-debug] cuda mem after warmup : alloc=11.02 MiB reserved=24.00 MiB
[gpu-debug] cuda mem peak (this segment): max_alloc=11.04 MiB max_reserved=24.00 MiB
========================================================================================
[gpu-debug] segment_key=npu|decode|11|48322b0ab0207f84448cb08e6eac5594
[gpu-debug] sig: device_type=npu phase=decode step=11 (count_hint=32)
[gpu-debug] ops_repr: LN:-1,QK:0,QK:1,Softmax:0,Softmax:1,SV:0,SV:1,Add:-1,LN:-1,SwiGLU:0,SwiGLU:1,Add:-1
[gpu-debug] cfg: device=cuda dtype=torch.bfloat16 dim=4096 ffn_dim=11008 n_heads=32 shards=2
[gpu-debug] op plan (with inferred tensor shapes):
  - op#00  op=LN       shard=-1  x=[1x4096] + w=[4096]  ->  y=[1x4096]  (T=1, K=248)
  - op#01  op=QK       shard=0   q=[16x1x128] + k=[16x128x248]  ->  y=[16x1x248]  (T=1, K=248)
  - op#02  op=QK       shard=1   q=[16x1x128] + k=[16x128x248]  ->  y=[16x1x248]  (T=1, K=248)
  - op#03  op=Softmax  shard=0   scores=[16x1x248]  ->  y=[16x1x248]  (T=1, K=248)
  - op#04  op=Softmax  shard=1   scores=[16x1x248]  ->  y=[16x1x248]  (T=1, K=248)
  - op#05  op=SV       shard=0   p=[16x1x248] + v=[16x248x128]  ->  y=[16x1x128]  (T=1, K=248)
  - op#06  op=SV       shard=1   p=[16x1x248] + v=[16x248x128]  ->  y=[16x1x128]  (T=1, K=248)
  - op#07  op=Add      shard=-1  a=[1x4096] + b=[1x4096]  ->  y=[1x4096]  (T=1, K=248)
  - op#08  op=LN       shard=-1  x=[1x4096] + w=[4096]  ->  y=[1x4096]  (T=1, K=248)
  - op#09  op=SwiGLU   shard=0   a=[1x5504] + b=[1x5504]  ->  y=[1x5504]  (T=1, K=248)
  - op#10  op=SwiGLU   shard=1   a=[1x5504] + b=[1x5504]  ->  y=[1x5504]  (T=1, K=248)
  - op#11  op=Add      shard=-1  a=[1x4096] + b=[1x4096]  ->  y=[1x4096]  (T=1, K=248)
[gpu-debug] per-op timing breakdown (avg over iters):
  idx  op       sh  io                                                    time   est_flops    TFLOPs       bytes      GB/s
  ------------------------------------------------------------------------------------------------------------------------
    0  LN       -1  x[1x4096]+w[4096]->y[1x4096]                        0.065ms    20.480 K      0.00   24.00 KiB      0.38
    1  QK        0  q[16x1x128]+k[16x128x248]->y[16x1x248]              0.053ms     1.016 M      0.02  1003.75 KiB     19.30
    2  QK        1  q[16x1x128]+k[16x128x248]->y[16x1x248]              0.042ms     1.016 M      0.02  1003.75 KiB     24.72
    3  Softmax   0  scores[16x1x248]->y[16x1x248]                       0.018ms    19.840 K      0.00   15.50 KiB      0.87
    4  Softmax   1  scores[16x1x248]->y[16x1x248]                       0.015ms    19.840 K      0.00   15.50 KiB      1.07
    5  SV        0  p[16x1x248]+v[16x248x128]->y[16x1x128]              0.030ms     1.016 M      0.03  1003.75 KiB     34.26
    6  SV        1  p[16x1x248]+v[16x248x128]->y[16x1x128]              0.027ms     1.016 M      0.04  1003.75 KiB     38.75
    7  Add      -1  a[1x4096]+b[1x4096]->y[1x4096]                      0.018ms     4.096 K      0.00   24.00 KiB      1.37
    8  LN       -1  x[1x4096]+w[4096]->y[1x4096]                        0.065ms    20.480 K      0.00   24.00 KiB      0.38
    9  SwiGLU    0  a[1x5504]+b[1x5504]->y[1x5504]                      0.025ms    33.024 K      0.00   32.25 KiB      1.34
   10  SwiGLU    1  a[1x5504]+b[1x5504]->y[1x5504]                      0.022ms    33.024 K      0.00   32.25 KiB      1.54
   11  Add      -1  a[1x4096]+b[1x4096]->y[1x4096]                      0.015ms     4.096 K      0.00   24.00 KiB      1.60
[gpu-debug] segment avg latency (cuda_events): 0.262 ms
[gpu-debug] sum(per-op)               : 0.394 ms (ratio=1.503)
[gpu-debug] NOTE: sum(per-op) may differ from segment latency due to Python overhead, event/launch overhead, and allocator/cache effects.
[gpu-debug] cuda mem before warmup: alloc=11.02 MiB reserved=24.00 MiB
[gpu-debug] cuda mem after warmup : alloc=12.96 MiB reserved=26.00 MiB
[gpu-debug] cuda mem peak (this segment): max_alloc=12.99 MiB max_reserved=26.00 MiB
========================================================================================
[gpu-debug] segment_key=npu|decode|12|48322b0ab0207f84448cb08e6eac5594
[gpu-debug] sig: device_type=npu phase=decode step=12 (count_hint=32)
[gpu-debug] ops_repr: LN:-1,QK:0,QK:1,Softmax:0,Softmax:1,SV:0,SV:1,Add:-1,LN:-1,SwiGLU:0,SwiGLU:1,Add:-1
[gpu-debug] cfg: device=cuda dtype=torch.bfloat16 dim=4096 ffn_dim=11008 n_heads=32 shards=2
[gpu-debug] op plan (with inferred tensor shapes):
  - op#00  op=LN       shard=-1  x=[1x4096] + w=[4096]  ->  y=[1x4096]  (T=1, K=260)
  - op#01  op=QK       shard=0   q=[16x1x128] + k=[16x128x260]  ->  y=[16x1x260]  (T=1, K=260)
  - op#02  op=QK       shard=1   q=[16x1x128] + k=[16x128x260]  ->  y=[16x1x260]  (T=1, K=260)
  - op#03  op=Softmax  shard=0   scores=[16x1x260]  ->  y=[16x1x260]  (T=1, K=260)
  - op#04  op=Softmax  shard=1   scores=[16x1x260]  ->  y=[16x1x260]  (T=1, K=260)
  - op#05  op=SV       shard=0   p=[16x1x260] + v=[16x260x128]  ->  y=[16x1x128]  (T=1, K=260)
  - op#06  op=SV       shard=1   p=[16x1x260] + v=[16x260x128]  ->  y=[16x1x128]  (T=1, K=260)
  - op#07  op=Add      shard=-1  a=[1x4096] + b=[1x4096]  ->  y=[1x4096]  (T=1, K=260)
  - op#08  op=LN       shard=-1  x=[1x4096] + w=[4096]  ->  y=[1x4096]  (T=1, K=260)
  - op#09  op=SwiGLU   shard=0   a=[1x5504] + b=[1x5504]  ->  y=[1x5504]  (T=1, K=260)
  - op#10  op=SwiGLU   shard=1   a=[1x5504] + b=[1x5504]  ->  y=[1x5504]  (T=1, K=260)
  - op#11  op=Add      shard=-1  a=[1x4096] + b=[1x4096]  ->  y=[1x4096]  (T=1, K=260)
[gpu-debug] per-op timing breakdown (avg over iters):
  idx  op       sh  io                                                    time   est_flops    TFLOPs       bytes      GB/s
  ------------------------------------------------------------------------------------------------------------------------
    0  LN       -1  x[1x4096]+w[4096]->y[1x4096]                        0.062ms    20.480 K      0.00   24.00 KiB      0.40
    1  QK        0  q[16x1x128]+k[16x128x260]->y[16x1x260]              0.049ms     1.065 M      0.02    1.03 MiB     21.83
    2  QK        1  q[16x1x128]+k[16x128x260]->y[16x1x260]              0.039ms     1.065 M      0.03    1.03 MiB     27.40
    3  Softmax   0  scores[16x1x260]->y[16x1x260]                       0.018ms    20.800 K      0.00   16.25 KiB      0.93
    4  Softmax   1  scores[16x1x260]->y[16x1x260]                       0.015ms    20.800 K      0.00   16.25 KiB      1.09
    5  SV        0  p[16x1x260]+v[16x260x128]->y[16x1x128]              0.029ms     1.065 M      0.04    1.03 MiB     37.71
    6  SV        1  p[16x1x260]+v[16x260x128]->y[16x1x128]              0.026ms     1.065 M      0.04    1.03 MiB     41.42
    7  Add      -1  a[1x4096]+b[1x4096]->y[1x4096]                      0.017ms     4.096 K      0.00   24.00 KiB      1.42
    8  LN       -1  x[1x4096]+w[4096]->y[1x4096]                        0.064ms    20.480 K      0.00   24.00 KiB      0.39
    9  SwiGLU    0  a[1x5504]+b[1x5504]->y[1x5504]                      0.025ms    33.024 K      0.00   32.25 KiB      1.31
   10  SwiGLU    1  a[1x5504]+b[1x5504]->y[1x5504]                      0.022ms    33.024 K      0.00   32.25 KiB      1.51
   11  Add      -1  a[1x4096]+b[1x4096]->y[1x4096]                      0.016ms     4.096 K      0.00   24.00 KiB      1.54
[gpu-debug] segment avg latency (cuda_events): 0.253 ms
[gpu-debug] sum(per-op)               : 0.382 ms (ratio=1.512)
[gpu-debug] NOTE: sum(per-op) may differ from segment latency due to Python overhead, event/launch overhead, and allocator/cache effects.
[gpu-debug] cuda mem before warmup: alloc=12.96 MiB reserved=26.00 MiB
[gpu-debug] cuda mem after warmup : alloc=15.00 MiB reserved=26.00 MiB
[gpu-debug] cuda mem peak (this segment): max_alloc=15.02 MiB max_reserved=26.00 MiB
========================================================================================
[gpu-debug] segment_key=npu|decode|13|48322b0ab0207f84448cb08e6eac5594
[gpu-debug] sig: device_type=npu phase=decode step=13 (count_hint=32)
[gpu-debug] ops_repr: LN:-1,QK:0,QK:1,Softmax:0,Softmax:1,SV:0,SV:1,Add:-1,LN:-1,SwiGLU:0,SwiGLU:1,Add:-1
[gpu-debug] cfg: device=cuda dtype=torch.bfloat16 dim=4096 ffn_dim=11008 n_heads=32 shards=2
[gpu-debug] op plan (with inferred tensor shapes):
  - op#00  op=LN       shard=-1  x=[1x4096] + w=[4096]  ->  y=[1x4096]  (T=1, K=272)
  - op#01  op=QK       shard=0   q=[16x1x128] + k=[16x128x272]  ->  y=[16x1x272]  (T=1, K=272)
  - op#02  op=QK       shard=1   q=[16x1x128] + k=[16x128x272]  ->  y=[16x1x272]  (T=1, K=272)
  - op#03  op=Softmax  shard=0   scores=[16x1x272]  ->  y=[16x1x272]  (T=1, K=272)
  - op#04  op=Softmax  shard=1   scores=[16x1x272]  ->  y=[16x1x272]  (T=1, K=272)
  - op#05  op=SV       shard=0   p=[16x1x272] + v=[16x272x128]  ->  y=[16x1x128]  (T=1, K=272)
  - op#06  op=SV       shard=1   p=[16x1x272] + v=[16x272x128]  ->  y=[16x1x128]  (T=1, K=272)
  - op#07  op=Add      shard=-1  a=[1x4096] + b=[1x4096]  ->  y=[1x4096]  (T=1, K=272)
  - op#08  op=LN       shard=-1  x=[1x4096] + w=[4096]  ->  y=[1x4096]  (T=1, K=272)
  - op#09  op=SwiGLU   shard=0   a=[1x5504] + b=[1x5504]  ->  y=[1x5504]  (T=1, K=272)
  - op#10  op=SwiGLU   shard=1   a=[1x5504] + b=[1x5504]  ->  y=[1x5504]  (T=1, K=272)
  - op#11  op=Add      shard=-1  a=[1x4096] + b=[1x4096]  ->  y=[1x4096]  (T=1, K=272)
[gpu-debug] per-op timing breakdown (avg over iters):
  idx  op       sh  io                                                    time   est_flops    TFLOPs       bytes      GB/s
  ------------------------------------------------------------------------------------------------------------------------
    0  LN       -1  x[1x4096]+w[4096]->y[1x4096]                        0.065ms    20.480 K      0.00   24.00 KiB      0.38
    1  QK        0  q[16x1x128]+k[16x128x272]->y[16x1x272]              0.052ms     1.114 M      0.02    1.07 MiB     21.58
    2  QK        1  q[16x1x128]+k[16x128x272]->y[16x1x272]              0.041ms     1.114 M      0.03    1.07 MiB     27.17
    3  Softmax   0  scores[16x1x272]->y[16x1x272]                       0.018ms    21.760 K      0.00   17.00 KiB      0.94
    4  Softmax   1  scores[16x1x272]->y[16x1x272]                       0.015ms    21.760 K      0.00   17.00 KiB      1.16
    5  SV        0  p[16x1x272]+v[16x272x128]->y[16x1x128]              0.030ms     1.114 M      0.04    1.07 MiB     37.31
    6  SV        1  p[16x1x272]+v[16x272x128]->y[16x1x128]              0.026ms     1.114 M      0.04    1.07 MiB     42.82
    7  Add      -1  a[1x4096]+b[1x4096]->y[1x4096]                      0.018ms     4.096 K      0.00   24.00 KiB      1.39
    8  LN       -1  x[1x4096]+w[4096]->y[1x4096]                        0.064ms    20.480 K      0.00   24.00 KiB      0.39
    9  SwiGLU    0  a[1x5504]+b[1x5504]->y[1x5504]                      0.024ms    33.024 K      0.00   32.25 KiB      1.36
   10  SwiGLU    1  a[1x5504]+b[1x5504]->y[1x5504]                      0.021ms    33.024 K      0.00   32.25 KiB      1.55
   11  Add      -1  a[1x4096]+b[1x4096]->y[1x4096]                      0.016ms     4.096 K      0.00   24.00 KiB      1.58
[gpu-debug] segment avg latency (cuda_events): 0.264 ms
[gpu-debug] sum(per-op)               : 0.392 ms (ratio=1.486)
[gpu-debug] NOTE: sum(per-op) may differ from segment latency due to Python overhead, event/launch overhead, and allocator/cache effects.
[gpu-debug] cuda mem before warmup: alloc=15.00 MiB reserved=26.00 MiB
[gpu-debug] cuda mem after warmup : alloc=17.14 MiB reserved=26.00 MiB
[gpu-debug] cuda mem peak (this segment): max_alloc=17.16 MiB max_reserved=26.00 MiB
========================================================================================
[gpu-debug] segment_key=npu|decode|14|48322b0ab0207f84448cb08e6eac5594
[gpu-debug] sig: device_type=npu phase=decode step=14 (count_hint=32)
[gpu-debug] ops_repr: LN:-1,QK:0,QK:1,Softmax:0,Softmax:1,SV:0,SV:1,Add:-1,LN:-1,SwiGLU:0,SwiGLU:1,Add:-1
[gpu-debug] cfg: device=cuda dtype=torch.bfloat16 dim=4096 ffn_dim=11008 n_heads=32 shards=2
[gpu-debug] op plan (with inferred tensor shapes):
  - op#00  op=LN       shard=-1  x=[1x4096] + w=[4096]  ->  y=[1x4096]  (T=1, K=284)
  - op#01  op=QK       shard=0   q=[16x1x128] + k=[16x128x284]  ->  y=[16x1x284]  (T=1, K=284)
  - op#02  op=QK       shard=1   q=[16x1x128] + k=[16x128x284]  ->  y=[16x1x284]  (T=1, K=284)
  - op#03  op=Softmax  shard=0   scores=[16x1x284]  ->  y=[16x1x284]  (T=1, K=284)
  - op#04  op=Softmax  shard=1   scores=[16x1x284]  ->  y=[16x1x284]  (T=1, K=284)
  - op#05  op=SV       shard=0   p=[16x1x284] + v=[16x284x128]  ->  y=[16x1x128]  (T=1, K=284)
  - op#06  op=SV       shard=1   p=[16x1x284] + v=[16x284x128]  ->  y=[16x1x128]  (T=1, K=284)
  - op#07  op=Add      shard=-1  a=[1x4096] + b=[1x4096]  ->  y=[1x4096]  (T=1, K=284)
  - op#08  op=LN       shard=-1  x=[1x4096] + w=[4096]  ->  y=[1x4096]  (T=1, K=284)
  - op#09  op=SwiGLU   shard=0   a=[1x5504] + b=[1x5504]  ->  y=[1x5504]  (T=1, K=284)
  - op#10  op=SwiGLU   shard=1   a=[1x5504] + b=[1x5504]  ->  y=[1x5504]  (T=1, K=284)
  - op#11  op=Add      shard=-1  a=[1x4096] + b=[1x4096]  ->  y=[1x4096]  (T=1, K=284)
[gpu-debug] per-op timing breakdown (avg over iters):
  idx  op       sh  io                                                    time   est_flops    TFLOPs       bytes      GB/s
  ------------------------------------------------------------------------------------------------------------------------
    0  LN       -1  x[1x4096]+w[4096]->y[1x4096]                        0.063ms    20.480 K      0.00   24.00 KiB      0.39
    1  QK        0  q[16x1x128]+k[16x128x284]->y[16x1x284]              0.050ms     1.163 M      0.02    1.12 MiB     23.54
    2  QK        1  q[16x1x128]+k[16x128x284]->y[16x1x284]              0.040ms     1.163 M      0.03    1.12 MiB     29.61
    3  Softmax   0  scores[16x1x284]->y[16x1x284]                       0.018ms    22.720 K      0.00   17.75 KiB      1.01
    4  Softmax   1  scores[16x1x284]->y[16x1x284]                       0.015ms    22.720 K      0.00   17.75 KiB      1.23
    5  SV        0  p[16x1x284]+v[16x284x128]->y[16x1x128]              0.029ms     1.163 M      0.04    1.12 MiB     41.03
    6  SV        1  p[16x1x284]+v[16x284x128]->y[16x1x128]              0.026ms     1.163 M      0.04    1.12 MiB     45.05
    7  Add      -1  a[1x4096]+b[1x4096]->y[1x4096]                      0.018ms     4.096 K      0.00   24.00 KiB      1.40
    8  LN       -1  x[1x4096]+w[4096]->y[1x4096]                        0.063ms    20.480 K      0.00   24.00 KiB      0.39
    9  SwiGLU    0  a[1x5504]+b[1x5504]->y[1x5504]                      0.024ms    33.024 K      0.00   32.25 KiB      1.35
   10  SwiGLU    1  a[1x5504]+b[1x5504]->y[1x5504]                      0.022ms    33.024 K      0.00   32.25 KiB      1.50
   11  Add      -1  a[1x4096]+b[1x4096]->y[1x4096]                      0.015ms     4.096 K      0.00   24.00 KiB      1.61
[gpu-debug] segment avg latency (cuda_events): 0.256 ms
[gpu-debug] sum(per-op)               : 0.382 ms (ratio=1.496)
[gpu-debug] NOTE: sum(per-op) may differ from segment latency due to Python overhead, event/launch overhead, and allocator/cache effects.
[gpu-debug] cuda mem before warmup: alloc=17.14 MiB reserved=26.00 MiB
[gpu-debug] cuda mem after warmup : alloc=19.36 MiB reserved=26.00 MiB
[gpu-debug] cuda mem peak (this segment): max_alloc=19.39 MiB max_reserved=26.00 MiB
========================================================================================
[gpu-debug] segment_key=npu|decode|15|48322b0ab0207f84448cb08e6eac5594
[gpu-debug] sig: device_type=npu phase=decode step=15 (count_hint=32)
[gpu-debug] ops_repr: LN:-1,QK:0,QK:1,Softmax:0,Softmax:1,SV:0,SV:1,Add:-1,LN:-1,SwiGLU:0,SwiGLU:1,Add:-1
[gpu-debug] cfg: device=cuda dtype=torch.bfloat16 dim=4096 ffn_dim=11008 n_heads=32 shards=2
[gpu-debug] op plan (with inferred tensor shapes):
  - op#00  op=LN       shard=-1  x=[1x4096] + w=[4096]  ->  y=[1x4096]  (T=1, K=296)
  - op#01  op=QK       shard=0   q=[16x1x128] + k=[16x128x296]  ->  y=[16x1x296]  (T=1, K=296)
  - op#02  op=QK       shard=1   q=[16x1x128] + k=[16x128x296]  ->  y=[16x1x296]  (T=1, K=296)
  - op#03  op=Softmax  shard=0   scores=[16x1x296]  ->  y=[16x1x296]  (T=1, K=296)
  - op#04  op=Softmax  shard=1   scores=[16x1x296]  ->  y=[16x1x296]  (T=1, K=296)
  - op#05  op=SV       shard=0   p=[16x1x296] + v=[16x296x128]  ->  y=[16x1x128]  (T=1, K=296)
  - op#06  op=SV       shard=1   p=[16x1x296] + v=[16x296x128]  ->  y=[16x1x128]  (T=1, K=296)
  - op#07  op=Add      shard=-1  a=[1x4096] + b=[1x4096]  ->  y=[1x4096]  (T=1, K=296)
  - op#08  op=LN       shard=-1  x=[1x4096] + w=[4096]  ->  y=[1x4096]  (T=1, K=296)
  - op#09  op=SwiGLU   shard=0   a=[1x5504] + b=[1x5504]  ->  y=[1x5504]  (T=1, K=296)
  - op#10  op=SwiGLU   shard=1   a=[1x5504] + b=[1x5504]  ->  y=[1x5504]  (T=1, K=296)
  - op#11  op=Add      shard=-1  a=[1x4096] + b=[1x4096]  ->  y=[1x4096]  (T=1, K=296)
[gpu-debug] per-op timing breakdown (avg over iters):
  idx  op       sh  io                                                    time   est_flops    TFLOPs       bytes      GB/s
  ------------------------------------------------------------------------------------------------------------------------
    0  LN       -1  x[1x4096]+w[4096]->y[1x4096]                        0.063ms    20.480 K      0.00   24.00 KiB      0.39
    1  QK        0  q[16x1x128]+k[16x128x296]->y[16x1x296]              0.052ms     1.212 M      0.02    1.17 MiB     23.66
    2  QK        1  q[16x1x128]+k[16x128x296]->y[16x1x296]              0.041ms     1.212 M      0.03    1.17 MiB     29.63
    3  Softmax   0  scores[16x1x296]->y[16x1x296]                       0.018ms    23.680 K      0.00   18.50 KiB      1.03
    4  Softmax   1  scores[16x1x296]->y[16x1x296]                       0.015ms    23.680 K      0.00   18.50 KiB      1.24
    5  SV        0  p[16x1x296]+v[16x296x128]->y[16x1x128]              0.030ms     1.212 M      0.04    1.17 MiB     41.00
    6  SV        1  p[16x1x296]+v[16x296x128]->y[16x1x128]              0.026ms     1.212 M      0.05    1.17 MiB     47.14
    7  Add      -1  a[1x4096]+b[1x4096]->y[1x4096]                      0.018ms     4.096 K      0.00   24.00 KiB      1.38
    8  LN       -1  x[1x4096]+w[4096]->y[1x4096]                        0.064ms    20.480 K      0.00   24.00 KiB      0.38
    9  SwiGLU    0  a[1x5504]+b[1x5504]->y[1x5504]                      0.025ms    33.024 K      0.00   32.25 KiB      1.34
   10  SwiGLU    1  a[1x5504]+b[1x5504]->y[1x5504]                      0.022ms    33.024 K      0.00   32.25 KiB      1.54
   11  Add      -1  a[1x4096]+b[1x4096]->y[1x4096]                      0.015ms     4.096 K      0.00   24.00 KiB      1.59
[gpu-debug] segment avg latency (cuda_events): 0.261 ms
[gpu-debug] sum(per-op)               : 0.390 ms (ratio=1.495)
[gpu-debug] NOTE: sum(per-op) may differ from segment latency due to Python overhead, event/launch overhead, and allocator/cache effects.
[gpu-debug] cuda mem before warmup: alloc=19.36 MiB reserved=26.00 MiB
[gpu-debug] cuda mem after warmup : alloc=21.69 MiB reserved=26.00 MiB
[gpu-debug] cuda mem peak (this segment): max_alloc=21.71 MiB max_reserved=26.00 MiB
========================================================================================
[gpu-debug] segment_key=npu|decode|16|48322b0ab0207f84448cb08e6eac5594
[gpu-debug] sig: device_type=npu phase=decode step=16 (count_hint=32)
[gpu-debug] ops_repr: LN:-1,QK:0,QK:1,Softmax:0,Softmax:1,SV:0,SV:1,Add:-1,LN:-1,SwiGLU:0,SwiGLU:1,Add:-1
[gpu-debug] cfg: device=cuda dtype=torch.bfloat16 dim=4096 ffn_dim=11008 n_heads=32 shards=2
[gpu-debug] op plan (with inferred tensor shapes):
  - op#00  op=LN       shard=-1  x=[1x4096] + w=[4096]  ->  y=[1x4096]  (T=1, K=308)
  - op#01  op=QK       shard=0   q=[16x1x128] + k=[16x128x308]  ->  y=[16x1x308]  (T=1, K=308)
  - op#02  op=QK       shard=1   q=[16x1x128] + k=[16x128x308]  ->  y=[16x1x308]  (T=1, K=308)
  - op#03  op=Softmax  shard=0   scores=[16x1x308]  ->  y=[16x1x308]  (T=1, K=308)
  - op#04  op=Softmax  shard=1   scores=[16x1x308]  ->  y=[16x1x308]  (T=1, K=308)
  - op#05  op=SV       shard=0   p=[16x1x308] + v=[16x308x128]  ->  y=[16x1x128]  (T=1, K=308)
  - op#06  op=SV       shard=1   p=[16x1x308] + v=[16x308x128]  ->  y=[16x1x128]  (T=1, K=308)
  - op#07  op=Add      shard=-1  a=[1x4096] + b=[1x4096]  ->  y=[1x4096]  (T=1, K=308)
  - op#08  op=LN       shard=-1  x=[1x4096] + w=[4096]  ->  y=[1x4096]  (T=1, K=308)
  - op#09  op=SwiGLU   shard=0   a=[1x5504] + b=[1x5504]  ->  y=[1x5504]  (T=1, K=308)
  - op#10  op=SwiGLU   shard=1   a=[1x5504] + b=[1x5504]  ->  y=[1x5504]  (T=1, K=308)
  - op#11  op=Add      shard=-1  a=[1x4096] + b=[1x4096]  ->  y=[1x4096]  (T=1, K=308)
[gpu-debug] per-op timing breakdown (avg over iters):
  idx  op       sh  io                                                    time   est_flops    TFLOPs       bytes      GB/s
  ------------------------------------------------------------------------------------------------------------------------
    0  LN       -1  x[1x4096]+w[4096]->y[1x4096]                        0.062ms    20.480 K      0.00   24.00 KiB      0.39
    1  QK        0  q[16x1x128]+k[16x128x308]->y[16x1x308]              0.049ms     1.262 M      0.03    1.22 MiB     25.79
    2  QK        1  q[16x1x128]+k[16x128x308]->y[16x1x308]              0.039ms     1.262 M      0.03    1.22 MiB     32.35
    3  Softmax   0  scores[16x1x308]->y[16x1x308]                       0.018ms    24.640 K      0.00   19.25 KiB      1.08
    4  Softmax   1  scores[16x1x308]->y[16x1x308]                       0.015ms    24.640 K      0.00   19.25 KiB      1.27
    5  SV        0  p[16x1x308]+v[16x308x128]->y[16x1x128]              0.029ms     1.262 M      0.04    1.22 MiB     44.17
    6  SV        1  p[16x1x308]+v[16x308x128]->y[16x1x128]              0.026ms     1.262 M      0.05    1.22 MiB     48.85
    7  Add      -1  a[1x4096]+b[1x4096]->y[1x4096]                      0.018ms     4.096 K      0.00   24.00 KiB      1.38
    8  LN       -1  x[1x4096]+w[4096]->y[1x4096]                        0.063ms    20.480 K      0.00   24.00 KiB      0.39
    9  SwiGLU    0  a[1x5504]+b[1x5504]->y[1x5504]                      0.024ms    33.024 K      0.00   32.25 KiB      1.35
   10  SwiGLU    1  a[1x5504]+b[1x5504]->y[1x5504]                      0.022ms    33.024 K      0.00   32.25 KiB      1.47
   11  Add      -1  a[1x4096]+b[1x4096]->y[1x4096]                      0.016ms     4.096 K      0.00   24.00 KiB      1.58
[gpu-debug] segment avg latency (cuda_events): 0.255 ms
[gpu-debug] sum(per-op)               : 0.383 ms (ratio=1.503)
[gpu-debug] NOTE: sum(per-op) may differ from segment latency due to Python overhead, event/launch overhead, and allocator/cache effects.
[gpu-debug] cuda mem before warmup: alloc=21.69 MiB reserved=26.00 MiB
[gpu-debug] cuda mem after warmup : alloc=24.88 MiB reserved=26.00 MiB
[gpu-debug] cuda mem peak (this segment): max_alloc=24.90 MiB max_reserved=26.00 MiB
========================================================================================
[gpu-debug] segment_key=npu|decode|17|48322b0ab0207f84448cb08e6eac5594
[gpu-debug] sig: device_type=npu phase=decode step=17 (count_hint=32)
[gpu-debug] ops_repr: LN:-1,QK:0,QK:1,Softmax:0,Softmax:1,SV:0,SV:1,Add:-1,LN:-1,SwiGLU:0,SwiGLU:1,Add:-1
[gpu-debug] cfg: device=cuda dtype=torch.bfloat16 dim=4096 ffn_dim=11008 n_heads=32 shards=2
[gpu-debug] op plan (with inferred tensor shapes):
  - op#00  op=LN       shard=-1  x=[1x4096] + w=[4096]  ->  y=[1x4096]  (T=1, K=320)
  - op#01  op=QK       shard=0   q=[16x1x128] + k=[16x128x320]  ->  y=[16x1x320]  (T=1, K=320)
  - op#02  op=QK       shard=1   q=[16x1x128] + k=[16x128x320]  ->  y=[16x1x320]  (T=1, K=320)
  - op#03  op=Softmax  shard=0   scores=[16x1x320]  ->  y=[16x1x320]  (T=1, K=320)
  - op#04  op=Softmax  shard=1   scores=[16x1x320]  ->  y=[16x1x320]  (T=1, K=320)
  - op#05  op=SV       shard=0   p=[16x1x320] + v=[16x320x128]  ->  y=[16x1x128]  (T=1, K=320)
  - op#06  op=SV       shard=1   p=[16x1x320] + v=[16x320x128]  ->  y=[16x1x128]  (T=1, K=320)
  - op#07  op=Add      shard=-1  a=[1x4096] + b=[1x4096]  ->  y=[1x4096]  (T=1, K=320)
  - op#08  op=LN       shard=-1  x=[1x4096] + w=[4096]  ->  y=[1x4096]  (T=1, K=320)
  - op#09  op=SwiGLU   shard=0   a=[1x5504] + b=[1x5504]  ->  y=[1x5504]  (T=1, K=320)
  - op#10  op=SwiGLU   shard=1   a=[1x5504] + b=[1x5504]  ->  y=[1x5504]  (T=1, K=320)
  - op#11  op=Add      shard=-1  a=[1x4096] + b=[1x4096]  ->  y=[1x4096]  (T=1, K=320)
[gpu-debug] per-op timing breakdown (avg over iters):
  idx  op       sh  io                                                    time   est_flops    TFLOPs       bytes      GB/s
  ------------------------------------------------------------------------------------------------------------------------
    0  LN       -1  x[1x4096]+w[4096]->y[1x4096]                        0.061ms    20.480 K      0.00   24.00 KiB      0.40
    1  QK        0  q[16x1x128]+k[16x128x320]->y[16x1x320]              0.051ms     1.311 M      0.03    1.26 MiB     25.93
    2  QK        1  q[16x1x128]+k[16x128x320]->y[16x1x320]              0.042ms     1.311 M      0.03    1.26 MiB     31.87
    3  Softmax   0  scores[16x1x320]->y[16x1x320]                       0.019ms    25.600 K      0.00   20.00 KiB      1.10
    4  Softmax   1  scores[16x1x320]->y[16x1x320]                       0.016ms    25.600 K      0.00   20.00 KiB      1.32
    5  SV        0  p[16x1x320]+v[16x320x128]->y[16x1x128]              0.032ms     1.311 M      0.04    1.26 MiB     40.95
    6  SV        1  p[16x1x320]+v[16x320x128]->y[16x1x128]              0.026ms     1.311 M      0.05    1.26 MiB     50.35
    7  Add      -1  a[1x4096]+b[1x4096]->y[1x4096]                      0.018ms     4.096 K      0.00   24.00 KiB      1.37
    8  LN       -1  x[1x4096]+w[4096]->y[1x4096]                        0.065ms    20.480 K      0.00   24.00 KiB      0.38
    9  SwiGLU    0  a[1x5504]+b[1x5504]->y[1x5504]                      0.024ms    33.024 K      0.00   32.25 KiB      1.35
   10  SwiGLU    1  a[1x5504]+b[1x5504]->y[1x5504]                      0.021ms    33.024 K      0.00   32.25 KiB      1.55
   11  Add      -1  a[1x4096]+b[1x4096]->y[1x4096]                      0.015ms     4.096 K      0.00   24.00 KiB      1.61
[gpu-debug] segment avg latency (cuda_events): 0.262 ms
[gpu-debug] sum(per-op)               : 0.391 ms (ratio=1.492)
[gpu-debug] NOTE: sum(per-op) may differ from segment latency due to Python overhead, event/launch overhead, and allocator/cache effects.
[gpu-debug] cuda mem before warmup: alloc=24.88 MiB reserved=26.00 MiB
[gpu-debug] cuda mem after warmup : alloc=27.39 MiB reserved=46.00 MiB
[gpu-debug] cuda mem peak (this segment): max_alloc=27.41 MiB max_reserved=46.00 MiB
========================================================================================
[gpu-debug] segment_key=npu|decode|18|48322b0ab0207f84448cb08e6eac5594
[gpu-debug] sig: device_type=npu phase=decode step=18 (count_hint=32)
[gpu-debug] ops_repr: LN:-1,QK:0,QK:1,Softmax:0,Softmax:1,SV:0,SV:1,Add:-1,LN:-1,SwiGLU:0,SwiGLU:1,Add:-1
[gpu-debug] cfg: device=cuda dtype=torch.bfloat16 dim=4096 ffn_dim=11008 n_heads=32 shards=2
[gpu-debug] op plan (with inferred tensor shapes):
  - op#00  op=LN       shard=-1  x=[1x4096] + w=[4096]  ->  y=[1x4096]  (T=1, K=332)
  - op#01  op=QK       shard=0   q=[16x1x128] + k=[16x128x332]  ->  y=[16x1x332]  (T=1, K=332)
  - op#02  op=QK       shard=1   q=[16x1x128] + k=[16x128x332]  ->  y=[16x1x332]  (T=1, K=332)
  - op#03  op=Softmax  shard=0   scores=[16x1x332]  ->  y=[16x1x332]  (T=1, K=332)
  - op#04  op=Softmax  shard=1   scores=[16x1x332]  ->  y=[16x1x332]  (T=1, K=332)
  - op#05  op=SV       shard=0   p=[16x1x332] + v=[16x332x128]  ->  y=[16x1x128]  (T=1, K=332)
  - op#06  op=SV       shard=1   p=[16x1x332] + v=[16x332x128]  ->  y=[16x1x128]  (T=1, K=332)
  - op#07  op=Add      shard=-1  a=[1x4096] + b=[1x4096]  ->  y=[1x4096]  (T=1, K=332)
  - op#08  op=LN       shard=-1  x=[1x4096] + w=[4096]  ->  y=[1x4096]  (T=1, K=332)
  - op#09  op=SwiGLU   shard=0   a=[1x5504] + b=[1x5504]  ->  y=[1x5504]  (T=1, K=332)
  - op#10  op=SwiGLU   shard=1   a=[1x5504] + b=[1x5504]  ->  y=[1x5504]  (T=1, K=332)
  - op#11  op=Add      shard=-1  a=[1x4096] + b=[1x4096]  ->  y=[1x4096]  (T=1, K=332)
[gpu-debug] per-op timing breakdown (avg over iters):
  idx  op       sh  io                                                    time   est_flops    TFLOPs       bytes      GB/s
  ------------------------------------------------------------------------------------------------------------------------
    0  LN       -1  x[1x4096]+w[4096]->y[1x4096]                        0.061ms    20.480 K      0.00   24.00 KiB      0.40
    1  QK        0  q[16x1x128]+k[16x128x332]->y[16x1x332]              0.049ms     1.360 M      0.03    1.31 MiB     27.91
    2  QK        1  q[16x1x128]+k[16x128x332]->y[16x1x332]              0.040ms     1.360 M      0.03    1.31 MiB     34.69
    3  Softmax   0  scores[16x1x332]->y[16x1x332]                       0.018ms    26.560 K      0.00   20.75 KiB      1.15
    4  Softmax   1  scores[16x1x332]->y[16x1x332]                       0.015ms    26.560 K      0.00   20.75 KiB      1.39
    5  SV        0  p[16x1x332]+v[16x332x128]->y[16x1x128]              0.029ms     1.360 M      0.05    1.31 MiB     47.77
    6  SV        1  p[16x1x332]+v[16x332x128]->y[16x1x128]              0.026ms     1.360 M      0.05    1.31 MiB     52.64
    7  Add      -1  a[1x4096]+b[1x4096]->y[1x4096]                      0.018ms     4.096 K      0.00   24.00 KiB      1.40
    8  LN       -1  x[1x4096]+w[4096]->y[1x4096]                        0.065ms    20.480 K      0.00   24.00 KiB      0.38
    9  SwiGLU    0  a[1x5504]+b[1x5504]->y[1x5504]                      0.025ms    33.024 K      0.00   32.25 KiB      1.32
   10  SwiGLU    1  a[1x5504]+b[1x5504]->y[1x5504]                      0.022ms    33.024 K      0.00   32.25 KiB      1.50
   11  Add      -1  a[1x4096]+b[1x4096]->y[1x4096]                      0.015ms     4.096 K      0.00   24.00 KiB      1.60
[gpu-debug] segment avg latency (cuda_events): 0.255 ms
[gpu-debug] sum(per-op)               : 0.384 ms (ratio=1.504)
[gpu-debug] NOTE: sum(per-op) may differ from segment latency due to Python overhead, event/launch overhead, and allocator/cache effects.
[gpu-debug] cuda mem before warmup: alloc=27.39 MiB reserved=46.00 MiB
[gpu-debug] cuda mem after warmup : alloc=30.00 MiB reserved=46.00 MiB
[gpu-debug] cuda mem peak (this segment): max_alloc=30.02 MiB max_reserved=46.00 MiB
========================================================================================
[gpu-debug] segment_key=npu|decode|19|48322b0ab0207f84448cb08e6eac5594
[gpu-debug] sig: device_type=npu phase=decode step=19 (count_hint=32)
[gpu-debug] ops_repr: LN:-1,QK:0,QK:1,Softmax:0,Softmax:1,SV:0,SV:1,Add:-1,LN:-1,SwiGLU:0,SwiGLU:1,Add:-1
[gpu-debug] cfg: device=cuda dtype=torch.bfloat16 dim=4096 ffn_dim=11008 n_heads=32 shards=2
[gpu-debug] op plan (with inferred tensor shapes):
  - op#00  op=LN       shard=-1  x=[1x4096] + w=[4096]  ->  y=[1x4096]  (T=1, K=344)
  - op#01  op=QK       shard=0   q=[16x1x128] + k=[16x128x344]  ->  y=[16x1x344]  (T=1, K=344)
  - op#02  op=QK       shard=1   q=[16x1x128] + k=[16x128x344]  ->  y=[16x1x344]  (T=1, K=344)
  - op#03  op=Softmax  shard=0   scores=[16x1x344]  ->  y=[16x1x344]  (T=1, K=344)
  - op#04  op=Softmax  shard=1   scores=[16x1x344]  ->  y=[16x1x344]  (T=1, K=344)
  - op#05  op=SV       shard=0   p=[16x1x344] + v=[16x344x128]  ->  y=[16x1x128]  (T=1, K=344)
  - op#06  op=SV       shard=1   p=[16x1x344] + v=[16x344x128]  ->  y=[16x1x128]  (T=1, K=344)
  - op#07  op=Add      shard=-1  a=[1x4096] + b=[1x4096]  ->  y=[1x4096]  (T=1, K=344)
  - op#08  op=LN       shard=-1  x=[1x4096] + w=[4096]  ->  y=[1x4096]  (T=1, K=344)
  - op#09  op=SwiGLU   shard=0   a=[1x5504] + b=[1x5504]  ->  y=[1x5504]  (T=1, K=344)
  - op#10  op=SwiGLU   shard=1   a=[1x5504] + b=[1x5504]  ->  y=[1x5504]  (T=1, K=344)
  - op#11  op=Add      shard=-1  a=[1x4096] + b=[1x4096]  ->  y=[1x4096]  (T=1, K=344)
[gpu-debug] per-op timing breakdown (avg over iters):
  idx  op       sh  io                                                    time   est_flops    TFLOPs       bytes      GB/s
  ------------------------------------------------------------------------------------------------------------------------
    0  LN       -1  x[1x4096]+w[4096]->y[1x4096]                        0.061ms    20.480 K      0.00   24.00 KiB      0.40
    1  QK        0  q[16x1x128]+k[16x128x344]->y[16x1x344]              0.052ms     1.409 M      0.03    1.36 MiB     27.38
    2  QK        1  q[16x1x128]+k[16x128x344]->y[16x1x344]              0.042ms     1.409 M      0.03    1.36 MiB     33.84
    3  Softmax   0  scores[16x1x344]->y[16x1x344]                       0.018ms    27.520 K      0.00   21.50 KiB      1.19
    4  Softmax   1  scores[16x1x344]->y[16x1x344]                       0.015ms    27.520 K      0.00   21.50 KiB      1.45
    5  SV        0  p[16x1x344]+v[16x344x128]->y[16x1x128]              0.030ms     1.409 M      0.05    1.36 MiB     46.83
    6  SV        1  p[16x1x344]+v[16x344x128]->y[16x1x128]              0.026ms     1.409 M      0.05    1.36 MiB     54.33
    7  Add      -1  a[1x4096]+b[1x4096]->y[1x4096]                      0.018ms     4.096 K      0.00   24.00 KiB      1.38
    8  LN       -1  x[1x4096]+w[4096]->y[1x4096]                        0.067ms    20.480 K      0.00   24.00 KiB      0.37
    9  SwiGLU    0  a[1x5504]+b[1x5504]->y[1x5504]                      0.024ms    33.024 K      0.00   32.25 KiB      1.36
   10  SwiGLU    1  a[1x5504]+b[1x5504]->y[1x5504]                      0.021ms    33.024 K      0.00   32.25 KiB      1.55
   11  Add      -1  a[1x4096]+b[1x4096]->y[1x4096]                      0.015ms     4.096 K      0.00   24.00 KiB      1.60
[gpu-debug] segment avg latency (cuda_events): 0.261 ms
[gpu-debug] sum(per-op)               : 0.391 ms (ratio=1.501)
[gpu-debug] NOTE: sum(per-op) may differ from segment latency due to Python overhead, event/launch overhead, and allocator/cache effects.
[gpu-debug] cuda mem before warmup: alloc=30.00 MiB reserved=46.00 MiB
[gpu-debug] cuda mem after warmup : alloc=32.70 MiB reserved=46.00 MiB
[gpu-debug] cuda mem peak (this segment): max_alloc=32.72 MiB max_reserved=46.00 MiB
========================================================================================
[gpu-debug] segment_key=npu|decode|1|48322b0ab0207f84448cb08e6eac5594
[gpu-debug] sig: device_type=npu phase=decode step=1 (count_hint=32)
[gpu-debug] ops_repr: LN:-1,QK:0,QK:1,Softmax:0,Softmax:1,SV:0,SV:1,Add:-1,LN:-1,SwiGLU:0,SwiGLU:1,Add:-1
[gpu-debug] cfg: device=cuda dtype=torch.bfloat16 dim=4096 ffn_dim=11008 n_heads=32 shards=2
[gpu-debug] op plan (with inferred tensor shapes):
  - op#00  op=LN       shard=-1  x=[1x4096] + w=[4096]  ->  y=[1x4096]  (T=1, K=130)
  - op#01  op=QK       shard=0   q=[16x1x128] + k=[16x128x130]  ->  y=[16x1x130]  (T=1, K=130)
  - op#02  op=QK       shard=1   q=[16x1x128] + k=[16x128x130]  ->  y=[16x1x130]  (T=1, K=130)
  - op#03  op=Softmax  shard=0   scores=[16x1x130]  ->  y=[16x1x130]  (T=1, K=130)
  - op#04  op=Softmax  shard=1   scores=[16x1x130]  ->  y=[16x1x130]  (T=1, K=130)
  - op#05  op=SV       shard=0   p=[16x1x130] + v=[16x130x128]  ->  y=[16x1x128]  (T=1, K=130)
  - op#06  op=SV       shard=1   p=[16x1x130] + v=[16x130x128]  ->  y=[16x1x128]  (T=1, K=130)
  - op#07  op=Add      shard=-1  a=[1x4096] + b=[1x4096]  ->  y=[1x4096]  (T=1, K=130)
  - op#08  op=LN       shard=-1  x=[1x4096] + w=[4096]  ->  y=[1x4096]  (T=1, K=130)
  - op#09  op=SwiGLU   shard=0   a=[1x5504] + b=[1x5504]  ->  y=[1x5504]  (T=1, K=130)
  - op#10  op=SwiGLU   shard=1   a=[1x5504] + b=[1x5504]  ->  y=[1x5504]  (T=1, K=130)
  - op#11  op=Add      shard=-1  a=[1x4096] + b=[1x4096]  ->  y=[1x4096]  (T=1, K=130)
[gpu-debug] per-op timing breakdown (avg over iters):
  idx  op       sh  io                                                    time   est_flops    TFLOPs       bytes      GB/s
  ------------------------------------------------------------------------------------------------------------------------
    0  LN       -1  x[1x4096]+w[4096]->y[1x4096]                        0.061ms    20.480 K      0.00   24.00 KiB      0.40
    1  QK        0  q[16x1x128]+k[16x128x130]->y[16x1x130]              0.048ms   532.480 K      0.01  528.06 KiB     11.19
    2  QK        1  q[16x1x128]+k[16x128x130]->y[16x1x130]              0.039ms   532.480 K      0.01  528.06 KiB     13.82
    3  Softmax   0  scores[16x1x130]->y[16x1x130]                       0.018ms    10.400 K      0.00    8.12 KiB      0.46
    4  Softmax   1  scores[16x1x130]->y[16x1x130]                       0.015ms    10.400 K      0.00    8.12 KiB      0.57
    5  SV        0  p[16x1x130]+v[16x130x128]->y[16x1x128]              0.028ms   532.480 K      0.02  528.06 KiB     19.49
    6  SV        1  p[16x1x130]+v[16x130x128]->y[16x1x128]              0.025ms   532.480 K      0.02  528.06 KiB     21.64
    7  Add      -1  a[1x4096]+b[1x4096]->y[1x4096]                      0.017ms     4.096 K      0.00   24.00 KiB      1.45
    8  LN       -1  x[1x4096]+w[4096]->y[1x4096]                        0.063ms    20.480 K      0.00   24.00 KiB      0.39
    9  SwiGLU    0  a[1x5504]+b[1x5504]->y[1x5504]                      0.025ms    33.024 K      0.00   32.25 KiB      1.33
   10  SwiGLU    1  a[1x5504]+b[1x5504]->y[1x5504]                      0.021ms    33.024 K      0.00   32.25 KiB      1.55
   11  Add      -1  a[1x4096]+b[1x4096]->y[1x4096]                      0.015ms     4.096 K      0.00   24.00 KiB      1.60
[gpu-debug] segment avg latency (cuda_events): 0.254 ms
[gpu-debug] sum(per-op)               : 0.375 ms (ratio=1.478)
[gpu-debug] NOTE: sum(per-op) may differ from segment latency due to Python overhead, event/launch overhead, and allocator/cache effects.
[gpu-debug] cuda mem before warmup: alloc=32.70 MiB reserved=46.00 MiB
[gpu-debug] cuda mem after warmup : alloc=33.72 MiB reserved=46.00 MiB
[gpu-debug] cuda mem peak (this segment): max_alloc=33.74 MiB max_reserved=46.00 MiB
========================================================================================
[gpu-debug] segment_key=npu|decode|20|48322b0ab0207f84448cb08e6eac5594
[gpu-debug] sig: device_type=npu phase=decode step=20 (count_hint=32)
[gpu-debug] ops_repr: LN:-1,QK:0,QK:1,Softmax:0,Softmax:1,SV:0,SV:1,Add:-1,LN:-1,SwiGLU:0,SwiGLU:1,Add:-1
[gpu-debug] cfg: device=cuda dtype=torch.bfloat16 dim=4096 ffn_dim=11008 n_heads=32 shards=2
[gpu-debug] op plan (with inferred tensor shapes):
  - op#00  op=LN       shard=-1  x=[1x4096] + w=[4096]  ->  y=[1x4096]  (T=1, K=356)
  - op#01  op=QK       shard=0   q=[16x1x128] + k=[16x128x356]  ->  y=[16x1x356]  (T=1, K=356)
  - op#02  op=QK       shard=1   q=[16x1x128] + k=[16x128x356]  ->  y=[16x1x356]  (T=1, K=356)
  - op#03  op=Softmax  shard=0   scores=[16x1x356]  ->  y=[16x1x356]  (T=1, K=356)
  - op#04  op=Softmax  shard=1   scores=[16x1x356]  ->  y=[16x1x356]  (T=1, K=356)
  - op#05  op=SV       shard=0   p=[16x1x356] + v=[16x356x128]  ->  y=[16x1x128]  (T=1, K=356)
  - op#06  op=SV       shard=1   p=[16x1x356] + v=[16x356x128]  ->  y=[16x1x128]  (T=1, K=356)
  - op#07  op=Add      shard=-1  a=[1x4096] + b=[1x4096]  ->  y=[1x4096]  (T=1, K=356)
  - op#08  op=LN       shard=-1  x=[1x4096] + w=[4096]  ->  y=[1x4096]  (T=1, K=356)
  - op#09  op=SwiGLU   shard=0   a=[1x5504] + b=[1x5504]  ->  y=[1x5504]  (T=1, K=356)
  - op#10  op=SwiGLU   shard=1   a=[1x5504] + b=[1x5504]  ->  y=[1x5504]  (T=1, K=356)
  - op#11  op=Add      shard=-1  a=[1x4096] + b=[1x4096]  ->  y=[1x4096]  (T=1, K=356)
[gpu-debug] per-op timing breakdown (avg over iters):
  idx  op       sh  io                                                    time   est_flops    TFLOPs       bytes      GB/s
  ------------------------------------------------------------------------------------------------------------------------
    0  LN       -1  x[1x4096]+w[4096]->y[1x4096]                        0.063ms    20.480 K      0.00   24.00 KiB      0.39
    1  QK        0  q[16x1x128]+k[16x128x356]->y[16x1x356]              0.050ms     1.458 M      0.03    1.41 MiB     29.67
    2  QK        1  q[16x1x128]+k[16x128x356]->y[16x1x356]              0.039ms     1.458 M      0.04    1.41 MiB     37.38
    3  Softmax   0  scores[16x1x356]->y[16x1x356]                       0.018ms    28.480 K      0.00   22.25 KiB      1.24
    4  Softmax   1  scores[16x1x356]->y[16x1x356]                       0.015ms    28.480 K      0.00   22.25 KiB      1.51
    5  SV        0  p[16x1x356]+v[16x356x128]->y[16x1x128]              0.029ms     1.458 M      0.05    1.41 MiB     51.58
    6  SV        1  p[16x1x356]+v[16x356x128]->y[16x1x128]              0.026ms     1.458 M      0.06    1.41 MiB     56.66
    7  Add      -1  a[1x4096]+b[1x4096]->y[1x4096]                      0.018ms     4.096 K      0.00   24.00 KiB      1.39
    8  LN       -1  x[1x4096]+w[4096]->y[1x4096]                        0.063ms    20.480 K      0.00   24.00 KiB      0.39
    9  SwiGLU    0  a[1x5504]+b[1x5504]->y[1x5504]                      0.025ms    33.024 K      0.00   32.25 KiB      1.34
   10  SwiGLU    1  a[1x5504]+b[1x5504]->y[1x5504]                      0.021ms    33.024 K      0.00   32.25 KiB      1.54
   11  Add      -1  a[1x4096]+b[1x4096]->y[1x4096]                      0.015ms     4.096 K      0.00   24.00 KiB      1.60
[gpu-debug] segment avg latency (cuda_events): 0.257 ms
[gpu-debug] sum(per-op)               : 0.382 ms (ratio=1.490)
[gpu-debug] NOTE: sum(per-op) may differ from segment latency due to Python overhead, event/launch overhead, and allocator/cache effects.
[gpu-debug] cuda mem before warmup: alloc=33.72 MiB reserved=46.00 MiB
[gpu-debug] cuda mem after warmup : alloc=36.51 MiB reserved=46.00 MiB
[gpu-debug] cuda mem peak (this segment): max_alloc=36.53 MiB max_reserved=46.00 MiB
========================================================================================
[gpu-debug] segment_key=npu|decode|21|48322b0ab0207f84448cb08e6eac5594
[gpu-debug] sig: device_type=npu phase=decode step=21 (count_hint=32)
[gpu-debug] ops_repr: LN:-1,QK:0,QK:1,Softmax:0,Softmax:1,SV:0,SV:1,Add:-1,LN:-1,SwiGLU:0,SwiGLU:1,Add:-1
[gpu-debug] cfg: device=cuda dtype=torch.bfloat16 dim=4096 ffn_dim=11008 n_heads=32 shards=2
[gpu-debug] op plan (with inferred tensor shapes):
  - op#00  op=LN       shard=-1  x=[1x4096] + w=[4096]  ->  y=[1x4096]  (T=1, K=368)
  - op#01  op=QK       shard=0   q=[16x1x128] + k=[16x128x368]  ->  y=[16x1x368]  (T=1, K=368)
  - op#02  op=QK       shard=1   q=[16x1x128] + k=[16x128x368]  ->  y=[16x1x368]  (T=1, K=368)
  - op#03  op=Softmax  shard=0   scores=[16x1x368]  ->  y=[16x1x368]  (T=1, K=368)
  - op#04  op=Softmax  shard=1   scores=[16x1x368]  ->  y=[16x1x368]  (T=1, K=368)
  - op#05  op=SV       shard=0   p=[16x1x368] + v=[16x368x128]  ->  y=[16x1x128]  (T=1, K=368)
  - op#06  op=SV       shard=1   p=[16x1x368] + v=[16x368x128]  ->  y=[16x1x128]  (T=1, K=368)
  - op#07  op=Add      shard=-1  a=[1x4096] + b=[1x4096]  ->  y=[1x4096]  (T=1, K=368)
  - op#08  op=LN       shard=-1  x=[1x4096] + w=[4096]  ->  y=[1x4096]  (T=1, K=368)
  - op#09  op=SwiGLU   shard=0   a=[1x5504] + b=[1x5504]  ->  y=[1x5504]  (T=1, K=368)
  - op#10  op=SwiGLU   shard=1   a=[1x5504] + b=[1x5504]  ->  y=[1x5504]  (T=1, K=368)
  - op#11  op=Add      shard=-1  a=[1x4096] + b=[1x4096]  ->  y=[1x4096]  (T=1, K=368)
[gpu-debug] per-op timing breakdown (avg over iters):
  idx  op       sh  io                                                    time   est_flops    TFLOPs       bytes      GB/s
  ------------------------------------------------------------------------------------------------------------------------
    0  LN       -1  x[1x4096]+w[4096]->y[1x4096]                        0.062ms    20.480 K      0.00   24.00 KiB      0.40
    1  QK        0  q[16x1x128]+k[16x128x368]->y[16x1x368]              0.052ms     1.507 M      0.03    1.45 MiB     29.05
    2  QK        1  q[16x1x128]+k[16x128x368]->y[16x1x368]              0.042ms     1.507 M      0.04    1.45 MiB     36.37
    3  Softmax   0  scores[16x1x368]->y[16x1x368]                       0.018ms    29.440 K      0.00   23.00 KiB      1.29
    4  Softmax   1  scores[16x1x368]->y[16x1x368]                       0.015ms    29.440 K      0.00   23.00 KiB      1.56
    5  SV        0  p[16x1x368]+v[16x368x128]->y[16x1x128]              0.031ms     1.507 M      0.05    1.45 MiB     49.58
    6  SV        1  p[16x1x368]+v[16x368x128]->y[16x1x128]              0.026ms     1.507 M      0.06    1.45 MiB     58.11
    7  Add      -1  a[1x4096]+b[1x4096]->y[1x4096]                      0.018ms     4.096 K      0.00   24.00 KiB      1.37
    8  LN       -1  x[1x4096]+w[4096]->y[1x4096]                        0.064ms    20.480 K      0.00   24.00 KiB      0.38
    9  SwiGLU    0  a[1x5504]+b[1x5504]->y[1x5504]                      0.024ms    33.024 K      0.00   32.25 KiB      1.37
   10  SwiGLU    1  a[1x5504]+b[1x5504]->y[1x5504]                      0.023ms    33.024 K      0.00   32.25 KiB      1.44
   11  Add      -1  a[1x4096]+b[1x4096]->y[1x4096]                      0.015ms     4.096 K      0.00   24.00 KiB      1.59
[gpu-debug] segment avg latency (cuda_events): 0.260 ms
[gpu-debug] sum(per-op)               : 0.391 ms (ratio=1.506)
[gpu-debug] NOTE: sum(per-op) may differ from segment latency due to Python overhead, event/launch overhead, and allocator/cache effects.
[gpu-debug] cuda mem before warmup: alloc=36.51 MiB reserved=46.00 MiB
[gpu-debug] cuda mem after warmup : alloc=39.39 MiB reserved=46.00 MiB
[gpu-debug] cuda mem peak (this segment): max_alloc=39.42 MiB max_reserved=46.00 MiB
========================================================================================
[gpu-debug] segment_key=npu|decode|22|48322b0ab0207f84448cb08e6eac5594
[gpu-debug] sig: device_type=npu phase=decode step=22 (count_hint=32)
[gpu-debug] ops_repr: LN:-1,QK:0,QK:1,Softmax:0,Softmax:1,SV:0,SV:1,Add:-1,LN:-1,SwiGLU:0,SwiGLU:1,Add:-1
[gpu-debug] cfg: device=cuda dtype=torch.bfloat16 dim=4096 ffn_dim=11008 n_heads=32 shards=2
[gpu-debug] op plan (with inferred tensor shapes):
  - op#00  op=LN       shard=-1  x=[1x4096] + w=[4096]  ->  y=[1x4096]  (T=1, K=380)
  - op#01  op=QK       shard=0   q=[16x1x128] + k=[16x128x380]  ->  y=[16x1x380]  (T=1, K=380)
  - op#02  op=QK       shard=1   q=[16x1x128] + k=[16x128x380]  ->  y=[16x1x380]  (T=1, K=380)
  - op#03  op=Softmax  shard=0   scores=[16x1x380]  ->  y=[16x1x380]  (T=1, K=380)
  - op#04  op=Softmax  shard=1   scores=[16x1x380]  ->  y=[16x1x380]  (T=1, K=380)
  - op#05  op=SV       shard=0   p=[16x1x380] + v=[16x380x128]  ->  y=[16x1x128]  (T=1, K=380)
  - op#06  op=SV       shard=1   p=[16x1x380] + v=[16x380x128]  ->  y=[16x1x128]  (T=1, K=380)
  - op#07  op=Add      shard=-1  a=[1x4096] + b=[1x4096]  ->  y=[1x4096]  (T=1, K=380)
  - op#08  op=LN       shard=-1  x=[1x4096] + w=[4096]  ->  y=[1x4096]  (T=1, K=380)
  - op#09  op=SwiGLU   shard=0   a=[1x5504] + b=[1x5504]  ->  y=[1x5504]  (T=1, K=380)
  - op#10  op=SwiGLU   shard=1   a=[1x5504] + b=[1x5504]  ->  y=[1x5504]  (T=1, K=380)
  - op#11  op=Add      shard=-1  a=[1x4096] + b=[1x4096]  ->  y=[1x4096]  (T=1, K=380)
[gpu-debug] per-op timing breakdown (avg over iters):
  idx  op       sh  io                                                    time   est_flops    TFLOPs       bytes      GB/s
  ------------------------------------------------------------------------------------------------------------------------
    0  LN       -1  x[1x4096]+w[4096]->y[1x4096]                        0.061ms    20.480 K      0.00   24.00 KiB      0.40
    1  QK        0  q[16x1x128]+k[16x128x380]->y[16x1x380]              0.051ms     1.556 M      0.03    1.50 MiB     31.09
    2  QK        1  q[16x1x128]+k[16x128x380]->y[16x1x380]              0.041ms     1.556 M      0.04    1.50 MiB     38.40
    3  Softmax   0  scores[16x1x380]->y[16x1x380]                       0.019ms    30.400 K      0.00   23.75 KiB      1.31
    4  Softmax   1  scores[16x1x380]->y[16x1x380]                       0.015ms    30.400 K      0.00   23.75 KiB      1.62
    5  SV        0  p[16x1x380]+v[16x380x128]->y[16x1x128]              0.029ms     1.556 M      0.05    1.50 MiB     54.08
    6  SV        1  p[16x1x380]+v[16x380x128]->y[16x1x128]              0.026ms     1.556 M      0.06    1.50 MiB     61.19
    7  Add      -1  a[1x4096]+b[1x4096]->y[1x4096]                      0.018ms     4.096 K      0.00   24.00 KiB      1.40
    8  LN       -1  x[1x4096]+w[4096]->y[1x4096]                        0.064ms    20.480 K      0.00   24.00 KiB      0.38
    9  SwiGLU    0  a[1x5504]+b[1x5504]->y[1x5504]                      0.025ms    33.024 K      0.00   32.25 KiB      1.34
   10  SwiGLU    1  a[1x5504]+b[1x5504]->y[1x5504]                      0.022ms    33.024 K      0.00   32.25 KiB      1.54
   11  Add      -1  a[1x4096]+b[1x4096]->y[1x4096]                      0.015ms     4.096 K      0.00   24.00 KiB      1.62
[gpu-debug] segment avg latency (cuda_events): 0.253 ms
[gpu-debug] sum(per-op)               : 0.384 ms (ratio=1.521)
[gpu-debug] NOTE: sum(per-op) may differ from segment latency due to Python overhead, event/launch overhead, and allocator/cache effects.
[gpu-debug] cuda mem before warmup: alloc=39.39 MiB reserved=46.00 MiB
[gpu-debug] cuda mem after warmup : alloc=42.37 MiB reserved=46.00 MiB
[gpu-debug] cuda mem peak (this segment): max_alloc=42.40 MiB max_reserved=46.00 MiB
========================================================================================
[gpu-debug] segment_key=npu|decode|2|48322b0ab0207f84448cb08e6eac5594
[gpu-debug] sig: device_type=npu phase=decode step=2 (count_hint=32)
[gpu-debug] ops_repr: LN:-1,QK:0,QK:1,Softmax:0,Softmax:1,SV:0,SV:1,Add:-1,LN:-1,SwiGLU:0,SwiGLU:1,Add:-1
[gpu-debug] cfg: device=cuda dtype=torch.bfloat16 dim=4096 ffn_dim=11008 n_heads=32 shards=2
[gpu-debug] op plan (with inferred tensor shapes):
  - op#00  op=LN       shard=-1  x=[1x4096] + w=[4096]  ->  y=[1x4096]  (T=1, K=140)
  - op#01  op=QK       shard=0   q=[16x1x128] + k=[16x128x140]  ->  y=[16x1x140]  (T=1, K=140)
  - op#02  op=QK       shard=1   q=[16x1x128] + k=[16x128x140]  ->  y=[16x1x140]  (T=1, K=140)
  - op#03  op=Softmax  shard=0   scores=[16x1x140]  ->  y=[16x1x140]  (T=1, K=140)
  - op#04  op=Softmax  shard=1   scores=[16x1x140]  ->  y=[16x1x140]  (T=1, K=140)
  - op#05  op=SV       shard=0   p=[16x1x140] + v=[16x140x128]  ->  y=[16x1x128]  (T=1, K=140)
  - op#06  op=SV       shard=1   p=[16x1x140] + v=[16x140x128]  ->  y=[16x1x128]  (T=1, K=140)
  - op#07  op=Add      shard=-1  a=[1x4096] + b=[1x4096]  ->  y=[1x4096]  (T=1, K=140)
  - op#08  op=LN       shard=-1  x=[1x4096] + w=[4096]  ->  y=[1x4096]  (T=1, K=140)
  - op#09  op=SwiGLU   shard=0   a=[1x5504] + b=[1x5504]  ->  y=[1x5504]  (T=1, K=140)
  - op#10  op=SwiGLU   shard=1   a=[1x5504] + b=[1x5504]  ->  y=[1x5504]  (T=1, K=140)
  - op#11  op=Add      shard=-1  a=[1x4096] + b=[1x4096]  ->  y=[1x4096]  (T=1, K=140)
[gpu-debug] per-op timing breakdown (avg over iters):
  idx  op       sh  io                                                    time   est_flops    TFLOPs       bytes      GB/s
  ------------------------------------------------------------------------------------------------------------------------
    0  LN       -1  x[1x4096]+w[4096]->y[1x4096]                        0.063ms    20.480 K      0.00   24.00 KiB      0.39
    1  QK        0  q[16x1x128]+k[16x128x140]->y[16x1x140]              0.051ms   573.440 K      0.01  568.38 KiB     11.48
    2  QK        1  q[16x1x128]+k[16x128x140]->y[16x1x140]              0.040ms   573.440 K      0.01  568.38 KiB     14.65
    3  Softmax   0  scores[16x1x140]->y[16x1x140]                       0.018ms    11.200 K      0.00    8.75 KiB      0.51
    4  Softmax   1  scores[16x1x140]->y[16x1x140]                       0.015ms    11.200 K      0.00    8.75 KiB      0.62
    5  SV        0  p[16x1x140]+v[16x140x128]->y[16x1x128]              0.028ms   573.440 K      0.02  568.38 KiB     20.74
    6  SV        1  p[16x1x140]+v[16x140x128]->y[16x1x128]              0.025ms   573.440 K      0.02  568.38 KiB     22.83
    7  Add      -1  a[1x4096]+b[1x4096]->y[1x4096]                      0.018ms     4.096 K      0.00   24.00 KiB      1.40
    8  LN       -1  x[1x4096]+w[4096]->y[1x4096]                        0.063ms    20.480 K      0.00   24.00 KiB      0.39
    9  SwiGLU    0  a[1x5504]+b[1x5504]->y[1x5504]                      0.025ms    33.024 K      0.00   32.25 KiB      1.33
   10  SwiGLU    1  a[1x5504]+b[1x5504]->y[1x5504]                      0.022ms    33.024 K      0.00   32.25 KiB      1.52
   11  Add      -1  a[1x4096]+b[1x4096]->y[1x4096]                      0.016ms     4.096 K      0.00   24.00 KiB      1.57
[gpu-debug] segment avg latency (cuda_events): 0.256 ms
[gpu-debug] sum(per-op)               : 0.382 ms (ratio=1.494)
[gpu-debug] NOTE: sum(per-op) may differ from segment latency due to Python overhead, event/launch overhead, and allocator/cache effects.
[gpu-debug] cuda mem before warmup: alloc=42.37 MiB reserved=46.00 MiB
[gpu-debug] cuda mem after warmup : alloc=43.47 MiB reserved=48.00 MiB
[gpu-debug] cuda mem peak (this segment): max_alloc=43.49 MiB max_reserved=48.00 MiB
========================================================================================
[gpu-debug] segment_key=npu|decode|3|48322b0ab0207f84448cb08e6eac5594
[gpu-debug] sig: device_type=npu phase=decode step=3 (count_hint=32)
[gpu-debug] ops_repr: LN:-1,QK:0,QK:1,Softmax:0,Softmax:1,SV:0,SV:1,Add:-1,LN:-1,SwiGLU:0,SwiGLU:1,Add:-1
[gpu-debug] cfg: device=cuda dtype=torch.bfloat16 dim=4096 ffn_dim=11008 n_heads=32 shards=2
[gpu-debug] op plan (with inferred tensor shapes):
  - op#00  op=LN       shard=-1  x=[1x4096] + w=[4096]  ->  y=[1x4096]  (T=1, K=152)
  - op#01  op=QK       shard=0   q=[16x1x128] + k=[16x128x152]  ->  y=[16x1x152]  (T=1, K=152)
  - op#02  op=QK       shard=1   q=[16x1x128] + k=[16x128x152]  ->  y=[16x1x152]  (T=1, K=152)
  - op#03  op=Softmax  shard=0   scores=[16x1x152]  ->  y=[16x1x152]  (T=1, K=152)
  - op#04  op=Softmax  shard=1   scores=[16x1x152]  ->  y=[16x1x152]  (T=1, K=152)
  - op#05  op=SV       shard=0   p=[16x1x152] + v=[16x152x128]  ->  y=[16x1x128]  (T=1, K=152)
  - op#06  op=SV       shard=1   p=[16x1x152] + v=[16x152x128]  ->  y=[16x1x128]  (T=1, K=152)
  - op#07  op=Add      shard=-1  a=[1x4096] + b=[1x4096]  ->  y=[1x4096]  (T=1, K=152)
  - op#08  op=LN       shard=-1  x=[1x4096] + w=[4096]  ->  y=[1x4096]  (T=1, K=152)
  - op#09  op=SwiGLU   shard=0   a=[1x5504] + b=[1x5504]  ->  y=[1x5504]  (T=1, K=152)
  - op#10  op=SwiGLU   shard=1   a=[1x5504] + b=[1x5504]  ->  y=[1x5504]  (T=1, K=152)
  - op#11  op=Add      shard=-1  a=[1x4096] + b=[1x4096]  ->  y=[1x4096]  (T=1, K=152)
[gpu-debug] per-op timing breakdown (avg over iters):
  idx  op       sh  io                                                    time   est_flops    TFLOPs       bytes      GB/s
  ------------------------------------------------------------------------------------------------------------------------
    0  LN       -1  x[1x4096]+w[4096]->y[1x4096]                        0.062ms    20.480 K      0.00   24.00 KiB      0.40
    1  QK        0  q[16x1x128]+k[16x128x152]->y[16x1x152]              0.052ms   622.592 K      0.01  616.75 KiB     12.19
    2  QK        1  q[16x1x128]+k[16x128x152]->y[16x1x152]              0.042ms   622.592 K      0.01  616.75 KiB     15.15
    3  Softmax   0  scores[16x1x152]->y[16x1x152]                       0.017ms    12.160 K      0.00    9.50 KiB      0.56
    4  Softmax   1  scores[16x1x152]->y[16x1x152]                       0.015ms    12.160 K      0.00    9.50 KiB      0.66
    5  SV        0  p[16x1x152]+v[16x152x128]->y[16x1x128]              0.030ms   622.592 K      0.02  616.75 KiB     21.12
    6  SV        1  p[16x1x152]+v[16x152x128]->y[16x1x128]              0.027ms   622.592 K      0.02  616.75 KiB     23.19
    7  Add      -1  a[1x4096]+b[1x4096]->y[1x4096]                      0.018ms     4.096 K      0.00   24.00 KiB      1.39
    8  LN       -1  x[1x4096]+w[4096]->y[1x4096]                        0.067ms    20.480 K      0.00   24.00 KiB      0.37
    9  SwiGLU    0  a[1x5504]+b[1x5504]->y[1x5504]                      0.025ms    33.024 K      0.00   32.25 KiB      1.33
   10  SwiGLU    1  a[1x5504]+b[1x5504]->y[1x5504]                      0.022ms    33.024 K      0.00   32.25 KiB      1.54
   11  Add      -1  a[1x4096]+b[1x4096]->y[1x4096]                      0.015ms     4.096 K      0.00   24.00 KiB      1.59
[gpu-debug] segment avg latency (cuda_events): 0.262 ms
[gpu-debug] sum(per-op)               : 0.391 ms (ratio=1.494)
[gpu-debug] NOTE: sum(per-op) may differ from segment latency due to Python overhead, event/launch overhead, and allocator/cache effects.
[gpu-debug] cuda mem before warmup: alloc=43.47 MiB reserved=48.00 MiB
[gpu-debug] cuda mem after warmup : alloc=44.67 MiB reserved=50.00 MiB
[gpu-debug] cuda mem peak (this segment): max_alloc=44.69 MiB max_reserved=50.00 MiB
========================================================================================
[gpu-debug] segment_key=npu|decode|4|48322b0ab0207f84448cb08e6eac5594
[gpu-debug] sig: device_type=npu phase=decode step=4 (count_hint=32)
[gpu-debug] ops_repr: LN:-1,QK:0,QK:1,Softmax:0,Softmax:1,SV:0,SV:1,Add:-1,LN:-1,SwiGLU:0,SwiGLU:1,Add:-1
[gpu-debug] cfg: device=cuda dtype=torch.bfloat16 dim=4096 ffn_dim=11008 n_heads=32 shards=2
[gpu-debug] op plan (with inferred tensor shapes):
  - op#00  op=LN       shard=-1  x=[1x4096] + w=[4096]  ->  y=[1x4096]  (T=1, K=164)
  - op#01  op=QK       shard=0   q=[16x1x128] + k=[16x128x164]  ->  y=[16x1x164]  (T=1, K=164)
  - op#02  op=QK       shard=1   q=[16x1x128] + k=[16x128x164]  ->  y=[16x1x164]  (T=1, K=164)
  - op#03  op=Softmax  shard=0   scores=[16x1x164]  ->  y=[16x1x164]  (T=1, K=164)
  - op#04  op=Softmax  shard=1   scores=[16x1x164]  ->  y=[16x1x164]  (T=1, K=164)
  - op#05  op=SV       shard=0   p=[16x1x164] + v=[16x164x128]  ->  y=[16x1x128]  (T=1, K=164)
  - op#06  op=SV       shard=1   p=[16x1x164] + v=[16x164x128]  ->  y=[16x1x128]  (T=1, K=164)
  - op#07  op=Add      shard=-1  a=[1x4096] + b=[1x4096]  ->  y=[1x4096]  (T=1, K=164)
  - op#08  op=LN       shard=-1  x=[1x4096] + w=[4096]  ->  y=[1x4096]  (T=1, K=164)
  - op#09  op=SwiGLU   shard=0   a=[1x5504] + b=[1x5504]  ->  y=[1x5504]  (T=1, K=164)
  - op#10  op=SwiGLU   shard=1   a=[1x5504] + b=[1x5504]  ->  y=[1x5504]  (T=1, K=164)
  - op#11  op=Add      shard=-1  a=[1x4096] + b=[1x4096]  ->  y=[1x4096]  (T=1, K=164)
[gpu-debug] per-op timing breakdown (avg over iters):
  idx  op       sh  io                                                    time   est_flops    TFLOPs       bytes      GB/s
  ------------------------------------------------------------------------------------------------------------------------
    0  LN       -1  x[1x4096]+w[4096]->y[1x4096]                        0.062ms    20.480 K      0.00   24.00 KiB      0.40
    1  QK        0  q[16x1x128]+k[16x128x164]->y[16x1x164]              0.049ms   671.744 K      0.01  665.12 KiB     13.83
    2  QK        1  q[16x1x128]+k[16x128x164]->y[16x1x164]              0.039ms   671.744 K      0.02  665.12 KiB     17.50
    3  Softmax   0  scores[16x1x164]->y[16x1x164]                       0.018ms    13.120 K      0.00   10.25 KiB      0.59
    4  Softmax   1  scores[16x1x164]->y[16x1x164]                       0.015ms    13.120 K      0.00   10.25 KiB      0.71
    5  SV        0  p[16x1x164]+v[16x164x128]->y[16x1x128]              0.028ms   671.744 K      0.02  665.12 KiB     24.54
    6  SV        1  p[16x1x164]+v[16x164x128]->y[16x1x128]              0.026ms   671.744 K      0.03  665.12 KiB     26.50
    7  Add      -1  a[1x4096]+b[1x4096]->y[1x4096]                      0.018ms     4.096 K      0.00   24.00 KiB      1.36
    8  LN       -1  x[1x4096]+w[4096]->y[1x4096]                        0.064ms    20.480 K      0.00   24.00 KiB      0.38
    9  SwiGLU    0  a[1x5504]+b[1x5504]->y[1x5504]                      0.025ms    33.024 K      0.00   32.25 KiB      1.32
   10  SwiGLU    1  a[1x5504]+b[1x5504]->y[1x5504]                      0.021ms    33.024 K      0.00   32.25 KiB      1.54
   11  Add      -1  a[1x4096]+b[1x4096]->y[1x4096]                      0.016ms     4.096 K      0.00   24.00 KiB      1.58
[gpu-debug] segment avg latency (cuda_events): 0.257 ms
[gpu-debug] sum(per-op)               : 0.380 ms (ratio=1.479)
[gpu-debug] NOTE: sum(per-op) may differ from segment latency due to Python overhead, event/launch overhead, and allocator/cache effects.
[gpu-debug] cuda mem before warmup: alloc=44.67 MiB reserved=50.00 MiB
[gpu-debug] cuda mem after warmup : alloc=45.95 MiB reserved=50.00 MiB
[gpu-debug] cuda mem peak (this segment): max_alloc=45.97 MiB max_reserved=50.00 MiB
========================================================================================
[gpu-debug] segment_key=npu|decode|5|48322b0ab0207f84448cb08e6eac5594
[gpu-debug] sig: device_type=npu phase=decode step=5 (count_hint=32)
[gpu-debug] ops_repr: LN:-1,QK:0,QK:1,Softmax:0,Softmax:1,SV:0,SV:1,Add:-1,LN:-1,SwiGLU:0,SwiGLU:1,Add:-1
[gpu-debug] cfg: device=cuda dtype=torch.bfloat16 dim=4096 ffn_dim=11008 n_heads=32 shards=2
[gpu-debug] op plan (with inferred tensor shapes):
  - op#00  op=LN       shard=-1  x=[1x4096] + w=[4096]  ->  y=[1x4096]  (T=1, K=176)
  - op#01  op=QK       shard=0   q=[16x1x128] + k=[16x128x176]  ->  y=[16x1x176]  (T=1, K=176)
  - op#02  op=QK       shard=1   q=[16x1x128] + k=[16x128x176]  ->  y=[16x1x176]  (T=1, K=176)
  - op#03  op=Softmax  shard=0   scores=[16x1x176]  ->  y=[16x1x176]  (T=1, K=176)
  - op#04  op=Softmax  shard=1   scores=[16x1x176]  ->  y=[16x1x176]  (T=1, K=176)
  - op#05  op=SV       shard=0   p=[16x1x176] + v=[16x176x128]  ->  y=[16x1x128]  (T=1, K=176)
  - op#06  op=SV       shard=1   p=[16x1x176] + v=[16x176x128]  ->  y=[16x1x128]  (T=1, K=176)
  - op#07  op=Add      shard=-1  a=[1x4096] + b=[1x4096]  ->  y=[1x4096]  (T=1, K=176)
  - op#08  op=LN       shard=-1  x=[1x4096] + w=[4096]  ->  y=[1x4096]  (T=1, K=176)
  - op#09  op=SwiGLU   shard=0   a=[1x5504] + b=[1x5504]  ->  y=[1x5504]  (T=1, K=176)
  - op#10  op=SwiGLU   shard=1   a=[1x5504] + b=[1x5504]  ->  y=[1x5504]  (T=1, K=176)
  - op#11  op=Add      shard=-1  a=[1x4096] + b=[1x4096]  ->  y=[1x4096]  (T=1, K=176)
[gpu-debug] per-op timing breakdown (avg over iters):
  idx  op       sh  io                                                    time   est_flops    TFLOPs       bytes      GB/s
  ------------------------------------------------------------------------------------------------------------------------
    0  LN       -1  x[1x4096]+w[4096]->y[1x4096]                        0.062ms    20.480 K      0.00   24.00 KiB      0.40
    1  QK        0  q[16x1x128]+k[16x128x176]->y[16x1x176]              0.051ms   720.896 K      0.01  713.50 KiB     14.24
    2  QK        1  q[16x1x128]+k[16x128x176]->y[16x1x176]              0.044ms   720.896 K      0.02  713.50 KiB     16.44
    3  Softmax   0  scores[16x1x176]->y[16x1x176]                       0.018ms    14.080 K      0.00   11.00 KiB      0.62
    4  Softmax   1  scores[16x1x176]->y[16x1x176]                       0.015ms    14.080 K      0.00   11.00 KiB      0.74
    5  SV        0  p[16x1x176]+v[16x176x128]->y[16x1x128]              0.031ms   720.896 K      0.02  713.50 KiB     23.94
    6  SV        1  p[16x1x176]+v[16x176x128]->y[16x1x128]              0.028ms   720.896 K      0.03  713.50 KiB     26.43
    7  Add      -1  a[1x4096]+b[1x4096]->y[1x4096]                      0.018ms     4.096 K      0.00   24.00 KiB      1.38
    8  LN       -1  x[1x4096]+w[4096]->y[1x4096]                        0.064ms    20.480 K      0.00   24.00 KiB      0.38
    9  SwiGLU    0  a[1x5504]+b[1x5504]->y[1x5504]                      0.024ms    33.024 K      0.00   32.25 KiB      1.35
   10  SwiGLU    1  a[1x5504]+b[1x5504]->y[1x5504]                      0.021ms    33.024 K      0.00   32.25 KiB      1.54
   11  Add      -1  a[1x4096]+b[1x4096]->y[1x4096]                      0.016ms     4.096 K      0.00   24.00 KiB      1.58
[gpu-debug] segment avg latency (cuda_events): 0.263 ms
[gpu-debug] sum(per-op)               : 0.392 ms (ratio=1.492)
[gpu-debug] NOTE: sum(per-op) may differ from segment latency due to Python overhead, event/launch overhead, and allocator/cache effects.
[gpu-debug] cuda mem before warmup: alloc=45.95 MiB reserved=50.00 MiB
[gpu-debug] cuda mem after warmup : alloc=47.33 MiB reserved=52.00 MiB
[gpu-debug] cuda mem peak (this segment): max_alloc=47.35 MiB max_reserved=52.00 MiB
========================================================================================
[gpu-debug] segment_key=npu|decode|6|48322b0ab0207f84448cb08e6eac5594
[gpu-debug] sig: device_type=npu phase=decode step=6 (count_hint=32)
[gpu-debug] ops_repr: LN:-1,QK:0,QK:1,Softmax:0,Softmax:1,SV:0,SV:1,Add:-1,LN:-1,SwiGLU:0,SwiGLU:1,Add:-1
[gpu-debug] cfg: device=cuda dtype=torch.bfloat16 dim=4096 ffn_dim=11008 n_heads=32 shards=2
[gpu-debug] op plan (with inferred tensor shapes):
  - op#00  op=LN       shard=-1  x=[1x4096] + w=[4096]  ->  y=[1x4096]  (T=1, K=188)
  - op#01  op=QK       shard=0   q=[16x1x128] + k=[16x128x188]  ->  y=[16x1x188]  (T=1, K=188)
  - op#02  op=QK       shard=1   q=[16x1x128] + k=[16x128x188]  ->  y=[16x1x188]  (T=1, K=188)
  - op#03  op=Softmax  shard=0   scores=[16x1x188]  ->  y=[16x1x188]  (T=1, K=188)
  - op#04  op=Softmax  shard=1   scores=[16x1x188]  ->  y=[16x1x188]  (T=1, K=188)
  - op#05  op=SV       shard=0   p=[16x1x188] + v=[16x188x128]  ->  y=[16x1x128]  (T=1, K=188)
  - op#06  op=SV       shard=1   p=[16x1x188] + v=[16x188x128]  ->  y=[16x1x128]  (T=1, K=188)
  - op#07  op=Add      shard=-1  a=[1x4096] + b=[1x4096]  ->  y=[1x4096]  (T=1, K=188)
  - op#08  op=LN       shard=-1  x=[1x4096] + w=[4096]  ->  y=[1x4096]  (T=1, K=188)
  - op#09  op=SwiGLU   shard=0   a=[1x5504] + b=[1x5504]  ->  y=[1x5504]  (T=1, K=188)
  - op#10  op=SwiGLU   shard=1   a=[1x5504] + b=[1x5504]  ->  y=[1x5504]  (T=1, K=188)
  - op#11  op=Add      shard=-1  a=[1x4096] + b=[1x4096]  ->  y=[1x4096]  (T=1, K=188)
[gpu-debug] per-op timing breakdown (avg over iters):
  idx  op       sh  io                                                    time   est_flops    TFLOPs       bytes      GB/s
  ------------------------------------------------------------------------------------------------------------------------
    0  LN       -1  x[1x4096]+w[4096]->y[1x4096]                        0.063ms    20.480 K      0.00   24.00 KiB      0.39
    1  QK        0  q[16x1x128]+k[16x128x188]->y[16x1x188]              0.050ms   770.048 K      0.02  761.88 KiB     15.68
    2  QK        1  q[16x1x128]+k[16x128x188]->y[16x1x188]              0.040ms   770.048 K      0.02  761.88 KiB     19.69
    3  Softmax   0  scores[16x1x188]->y[16x1x188]                       0.018ms    15.040 K      0.00   11.75 KiB      0.68
    4  Softmax   1  scores[16x1x188]->y[16x1x188]                       0.015ms    15.040 K      0.00   11.75 KiB      0.79
    5  SV        0  p[16x1x188]+v[16x188x128]->y[16x1x128]              0.029ms   770.048 K      0.03  761.88 KiB     27.21
    6  SV        1  p[16x1x188]+v[16x188x128]->y[16x1x128]              0.026ms   770.048 K      0.03  761.88 KiB     30.00
    7  Add      -1  a[1x4096]+b[1x4096]->y[1x4096]                      0.018ms     4.096 K      0.00   24.00 KiB      1.40
    8  LN       -1  x[1x4096]+w[4096]->y[1x4096]                        0.063ms    20.480 K      0.00   24.00 KiB      0.39
    9  SwiGLU    0  a[1x5504]+b[1x5504]->y[1x5504]                      0.024ms    33.024 K      0.00   32.25 KiB      1.35
   10  SwiGLU    1  a[1x5504]+b[1x5504]->y[1x5504]                      0.021ms    33.024 K      0.00   32.25 KiB      1.54
   11  Add      -1  a[1x4096]+b[1x4096]->y[1x4096]                      0.015ms     4.096 K      0.00   24.00 KiB      1.61
[gpu-debug] segment avg latency (cuda_events): 0.254 ms
[gpu-debug] sum(per-op)               : 0.382 ms (ratio=1.499)
[gpu-debug] NOTE: sum(per-op) may differ from segment latency due to Python overhead, event/launch overhead, and allocator/cache effects.
[gpu-debug] cuda mem before warmup: alloc=47.33 MiB reserved=52.00 MiB
[gpu-debug] cuda mem after warmup : alloc=48.81 MiB reserved=54.00 MiB
[gpu-debug] cuda mem peak (this segment): max_alloc=48.83 MiB max_reserved=54.00 MiB
  progress 20/24
========================================================================================
[gpu-debug] segment_key=npu|decode|7|48322b0ab0207f84448cb08e6eac5594
[gpu-debug] sig: device_type=npu phase=decode step=7 (count_hint=32)
[gpu-debug] ops_repr: LN:-1,QK:0,QK:1,Softmax:0,Softmax:1,SV:0,SV:1,Add:-1,LN:-1,SwiGLU:0,SwiGLU:1,Add:-1
[gpu-debug] cfg: device=cuda dtype=torch.bfloat16 dim=4096 ffn_dim=11008 n_heads=32 shards=2
[gpu-debug] op plan (with inferred tensor shapes):
  - op#00  op=LN       shard=-1  x=[1x4096] + w=[4096]  ->  y=[1x4096]  (T=1, K=200)
  - op#01  op=QK       shard=0   q=[16x1x128] + k=[16x128x200]  ->  y=[16x1x200]  (T=1, K=200)
  - op#02  op=QK       shard=1   q=[16x1x128] + k=[16x128x200]  ->  y=[16x1x200]  (T=1, K=200)
  - op#03  op=Softmax  shard=0   scores=[16x1x200]  ->  y=[16x1x200]  (T=1, K=200)
  - op#04  op=Softmax  shard=1   scores=[16x1x200]  ->  y=[16x1x200]  (T=1, K=200)
  - op#05  op=SV       shard=0   p=[16x1x200] + v=[16x200x128]  ->  y=[16x1x128]  (T=1, K=200)
  - op#06  op=SV       shard=1   p=[16x1x200] + v=[16x200x128]  ->  y=[16x1x128]  (T=1, K=200)
  - op#07  op=Add      shard=-1  a=[1x4096] + b=[1x4096]  ->  y=[1x4096]  (T=1, K=200)
  - op#08  op=LN       shard=-1  x=[1x4096] + w=[4096]  ->  y=[1x4096]  (T=1, K=200)
  - op#09  op=SwiGLU   shard=0   a=[1x5504] + b=[1x5504]  ->  y=[1x5504]  (T=1, K=200)
  - op#10  op=SwiGLU   shard=1   a=[1x5504] + b=[1x5504]  ->  y=[1x5504]  (T=1, K=200)
  - op#11  op=Add      shard=-1  a=[1x4096] + b=[1x4096]  ->  y=[1x4096]  (T=1, K=200)
[gpu-debug] per-op timing breakdown (avg over iters):
  idx  op       sh  io                                                    time   est_flops    TFLOPs       bytes      GB/s
  ------------------------------------------------------------------------------------------------------------------------
    0  LN       -1  x[1x4096]+w[4096]->y[1x4096]                        0.062ms    20.480 K      0.00   24.00 KiB      0.40
    1  QK        0  q[16x1x128]+k[16x128x200]->y[16x1x200]              0.052ms   819.200 K      0.02  810.25 KiB     15.83
    2  QK        1  q[16x1x128]+k[16x128x200]->y[16x1x200]              0.042ms   819.200 K      0.02  810.25 KiB     19.96
    3  Softmax   0  scores[16x1x200]->y[16x1x200]                       0.018ms    16.000 K      0.00   12.50 KiB      0.72
    4  Softmax   1  scores[16x1x200]->y[16x1x200]                       0.015ms    16.000 K      0.00   12.50 KiB      0.84
    5  SV        0  p[16x1x200]+v[16x200x128]->y[16x1x128]              0.030ms   819.200 K      0.03  810.25 KiB     27.47
    6  SV        1  p[16x1x200]+v[16x200x128]->y[16x1x128]              0.028ms   819.200 K      0.03  810.25 KiB     30.12
    7  Add      -1  a[1x4096]+b[1x4096]->y[1x4096]                      0.018ms     4.096 K      0.00   24.00 KiB      1.37
    8  LN       -1  x[1x4096]+w[4096]->y[1x4096]                        0.066ms    20.480 K      0.00   24.00 KiB      0.37
    9  SwiGLU    0  a[1x5504]+b[1x5504]->y[1x5504]                      0.025ms    33.024 K      0.00   32.25 KiB      1.32
   10  SwiGLU    1  a[1x5504]+b[1x5504]->y[1x5504]                      0.021ms    33.024 K      0.00   32.25 KiB      1.54
   11  Add      -1  a[1x4096]+b[1x4096]->y[1x4096]                      0.016ms     4.096 K      0.00   24.00 KiB      1.57
[gpu-debug] segment avg latency (cuda_events): 0.262 ms
[gpu-debug] sum(per-op)               : 0.393 ms (ratio=1.500)
[gpu-debug] NOTE: sum(per-op) may differ from segment latency due to Python overhead, event/launch overhead, and allocator/cache effects.
[gpu-debug] cuda mem before warmup: alloc=48.81 MiB reserved=54.00 MiB
[gpu-debug] cuda mem after warmup : alloc=50.38 MiB reserved=56.00 MiB
[gpu-debug] cuda mem peak (this segment): max_alloc=50.40 MiB max_reserved=56.00 MiB
========================================================================================
[gpu-debug] segment_key=npu|decode|8|48322b0ab0207f84448cb08e6eac5594
[gpu-debug] sig: device_type=npu phase=decode step=8 (count_hint=32)
[gpu-debug] ops_repr: LN:-1,QK:0,QK:1,Softmax:0,Softmax:1,SV:0,SV:1,Add:-1,LN:-1,SwiGLU:0,SwiGLU:1,Add:-1
[gpu-debug] cfg: device=cuda dtype=torch.bfloat16 dim=4096 ffn_dim=11008 n_heads=32 shards=2
[gpu-debug] op plan (with inferred tensor shapes):
  - op#00  op=LN       shard=-1  x=[1x4096] + w=[4096]  ->  y=[1x4096]  (T=1, K=212)
  - op#01  op=QK       shard=0   q=[16x1x128] + k=[16x128x212]  ->  y=[16x1x212]  (T=1, K=212)
  - op#02  op=QK       shard=1   q=[16x1x128] + k=[16x128x212]  ->  y=[16x1x212]  (T=1, K=212)
  - op#03  op=Softmax  shard=0   scores=[16x1x212]  ->  y=[16x1x212]  (T=1, K=212)
  - op#04  op=Softmax  shard=1   scores=[16x1x212]  ->  y=[16x1x212]  (T=1, K=212)
  - op#05  op=SV       shard=0   p=[16x1x212] + v=[16x212x128]  ->  y=[16x1x128]  (T=1, K=212)
  - op#06  op=SV       shard=1   p=[16x1x212] + v=[16x212x128]  ->  y=[16x1x128]  (T=1, K=212)
  - op#07  op=Add      shard=-1  a=[1x4096] + b=[1x4096]  ->  y=[1x4096]  (T=1, K=212)
  - op#08  op=LN       shard=-1  x=[1x4096] + w=[4096]  ->  y=[1x4096]  (T=1, K=212)
  - op#09  op=SwiGLU   shard=0   a=[1x5504] + b=[1x5504]  ->  y=[1x5504]  (T=1, K=212)
  - op#10  op=SwiGLU   shard=1   a=[1x5504] + b=[1x5504]  ->  y=[1x5504]  (T=1, K=212)
  - op#11  op=Add      shard=-1  a=[1x4096] + b=[1x4096]  ->  y=[1x4096]  (T=1, K=212)
[gpu-debug] per-op timing breakdown (avg over iters):
  idx  op       sh  io                                                    time   est_flops    TFLOPs       bytes      GB/s
  ------------------------------------------------------------------------------------------------------------------------
    0  LN       -1  x[1x4096]+w[4096]->y[1x4096]                        0.061ms    20.480 K      0.00   24.00 KiB      0.40
    1  QK        0  q[16x1x128]+k[16x128x212]->y[16x1x212]              0.049ms   868.352 K      0.02  858.62 KiB     17.93
    2  QK        1  q[16x1x128]+k[16x128x212]->y[16x1x212]              0.040ms   868.352 K      0.02  858.62 KiB     22.24
    3  Softmax   0  scores[16x1x212]->y[16x1x212]                       0.018ms    16.960 K      0.00   13.25 KiB      0.77
    4  Softmax   1  scores[16x1x212]->y[16x1x212]                       0.015ms    16.960 K      0.00   13.25 KiB      0.90
    5  SV        0  p[16x1x212]+v[16x212x128]->y[16x1x128]              0.029ms   868.352 K      0.03  858.62 KiB     30.13
    6  SV        1  p[16x1x212]+v[16x212x128]->y[16x1x128]              0.026ms   868.352 K      0.03  858.62 KiB     34.21
    7  Add      -1  a[1x4096]+b[1x4096]->y[1x4096]                      0.018ms     4.096 K      0.00   24.00 KiB      1.40
    8  LN       -1  x[1x4096]+w[4096]->y[1x4096]                        0.064ms    20.480 K      0.00   24.00 KiB      0.38
    9  SwiGLU    0  a[1x5504]+b[1x5504]->y[1x5504]                      0.024ms    33.024 K      0.00   32.25 KiB      1.36
   10  SwiGLU    1  a[1x5504]+b[1x5504]->y[1x5504]                      0.021ms    33.024 K      0.00   32.25 KiB      1.55
   11  Add      -1  a[1x4096]+b[1x4096]->y[1x4096]                      0.015ms     4.096 K      0.00   24.00 KiB      1.60
[gpu-debug] segment avg latency (cuda_events): 0.255 ms
[gpu-debug] sum(per-op)               : 0.380 ms (ratio=1.490)
[gpu-debug] NOTE: sum(per-op) may differ from segment latency due to Python overhead, event/launch overhead, and allocator/cache effects.
[gpu-debug] cuda mem before warmup: alloc=50.38 MiB reserved=56.00 MiB
[gpu-debug] cuda mem after warmup : alloc=52.04 MiB reserved=58.00 MiB
[gpu-debug] cuda mem peak (this segment): max_alloc=52.06 MiB max_reserved=58.00 MiB
========================================================================================
[gpu-debug] segment_key=npu|decode|9|48322b0ab0207f84448cb08e6eac5594
[gpu-debug] sig: device_type=npu phase=decode step=9 (count_hint=32)
[gpu-debug] ops_repr: LN:-1,QK:0,QK:1,Softmax:0,Softmax:1,SV:0,SV:1,Add:-1,LN:-1,SwiGLU:0,SwiGLU:1,Add:-1
[gpu-debug] cfg: device=cuda dtype=torch.bfloat16 dim=4096 ffn_dim=11008 n_heads=32 shards=2
[gpu-debug] op plan (with inferred tensor shapes):
  - op#00  op=LN       shard=-1  x=[1x4096] + w=[4096]  ->  y=[1x4096]  (T=1, K=224)
  - op#01  op=QK       shard=0   q=[16x1x128] + k=[16x128x224]  ->  y=[16x1x224]  (T=1, K=224)
  - op#02  op=QK       shard=1   q=[16x1x128] + k=[16x128x224]  ->  y=[16x1x224]  (T=1, K=224)
  - op#03  op=Softmax  shard=0   scores=[16x1x224]  ->  y=[16x1x224]  (T=1, K=224)
  - op#04  op=Softmax  shard=1   scores=[16x1x224]  ->  y=[16x1x224]  (T=1, K=224)
  - op#05  op=SV       shard=0   p=[16x1x224] + v=[16x224x128]  ->  y=[16x1x128]  (T=1, K=224)
  - op#06  op=SV       shard=1   p=[16x1x224] + v=[16x224x128]  ->  y=[16x1x128]  (T=1, K=224)
  - op#07  op=Add      shard=-1  a=[1x4096] + b=[1x4096]  ->  y=[1x4096]  (T=1, K=224)
  - op#08  op=LN       shard=-1  x=[1x4096] + w=[4096]  ->  y=[1x4096]  (T=1, K=224)
  - op#09  op=SwiGLU   shard=0   a=[1x5504] + b=[1x5504]  ->  y=[1x5504]  (T=1, K=224)
  - op#10  op=SwiGLU   shard=1   a=[1x5504] + b=[1x5504]  ->  y=[1x5504]  (T=1, K=224)
  - op#11  op=Add      shard=-1  a=[1x4096] + b=[1x4096]  ->  y=[1x4096]  (T=1, K=224)
[gpu-debug] per-op timing breakdown (avg over iters):
  idx  op       sh  io                                                    time   est_flops    TFLOPs       bytes      GB/s
  ------------------------------------------------------------------------------------------------------------------------
    0  LN       -1  x[1x4096]+w[4096]->y[1x4096]                        0.065ms    20.480 K      0.00   24.00 KiB      0.38
    1  QK        0  q[16x1x128]+k[16x128x224]->y[16x1x224]              0.053ms   917.504 K      0.02  907.00 KiB     17.58
    2  QK        1  q[16x1x128]+k[16x128x224]->y[16x1x224]              0.042ms   917.504 K      0.02  907.00 KiB     22.34
    3  Softmax   0  scores[16x1x224]->y[16x1x224]                       0.018ms    17.920 K      0.00   14.00 KiB      0.80
    4  Softmax   1  scores[16x1x224]->y[16x1x224]                       0.015ms    17.920 K      0.00   14.00 KiB      0.99
    5  SV        0  p[16x1x224]+v[16x224x128]->y[16x1x128]              0.030ms   917.504 K      0.03  907.00 KiB     31.28
    6  SV        1  p[16x1x224]+v[16x224x128]->y[16x1x128]              0.027ms   917.504 K      0.03  907.00 KiB     35.02
    7  Add      -1  a[1x4096]+b[1x4096]->y[1x4096]                      0.018ms     4.096 K      0.00   24.00 KiB      1.36
    8  LN       -1  x[1x4096]+w[4096]->y[1x4096]                        0.064ms    20.480 K      0.00   24.00 KiB      0.38
    9  SwiGLU    0  a[1x5504]+b[1x5504]->y[1x5504]                      0.025ms    33.024 K      0.00   32.25 KiB      1.33
   10  SwiGLU    1  a[1x5504]+b[1x5504]->y[1x5504]                      0.022ms    33.024 K      0.00   32.25 KiB      1.53
   11  Add      -1  a[1x4096]+b[1x4096]->y[1x4096]                      0.016ms     4.096 K      0.00   24.00 KiB      1.56
[gpu-debug] segment avg latency (cuda_events): 0.263 ms
[gpu-debug] sum(per-op)               : 0.392 ms (ratio=1.491)
[gpu-debug] NOTE: sum(per-op) may differ from segment latency due to Python overhead, event/launch overhead, and allocator/cache effects.
[gpu-debug] cuda mem before warmup: alloc=52.04 MiB reserved=58.00 MiB
[gpu-debug] cuda mem after warmup : alloc=53.80 MiB reserved=60.00 MiB
[gpu-debug] cuda mem peak (this segment): max_alloc=53.82 MiB max_reserved=60.00 MiB
========================================================================================
[gpu-debug] segment_key=npu|prefill|-1|48322b0ab0207f84448cb08e6eac5594
[gpu-debug] sig: device_type=npu phase=prefill step=-1 (count_hint=32)
[gpu-debug] ops_repr: LN:-1,QK:0,QK:1,Softmax:0,Softmax:1,SV:0,SV:1,Add:-1,LN:-1,SwiGLU:0,SwiGLU:1,Add:-1
[gpu-debug] cfg: device=cuda dtype=torch.bfloat16 dim=4096 ffn_dim=11008 n_heads=32 shards=2
[gpu-debug] op plan (with inferred tensor shapes):
  - op#00  op=LN       shard=-1  x=[128x4096] + w=[4096]  ->  y=[128x4096]  (T=128, K=128)
  - op#01  op=QK       shard=0   q=[16x128x128] + k=[16x128x128]  ->  y=[16x128x128]  (T=128, K=128)
  - op#02  op=QK       shard=1   q=[16x128x128] + k=[16x128x128]  ->  y=[16x128x128]  (T=128, K=128)
  - op#03  op=Softmax  shard=0   scores=[16x128x128]  ->  y=[16x128x128]  (T=128, K=128)
  - op#04  op=Softmax  shard=1   scores=[16x128x128]  ->  y=[16x128x128]  (T=128, K=128)
  - op#05  op=SV       shard=0   p=[16x128x128] + v=[16x128x128]  ->  y=[16x128x128]  (T=128, K=128)
  - op#06  op=SV       shard=1   p=[16x128x128] + v=[16x128x128]  ->  y=[16x128x128]  (T=128, K=128)
  - op#07  op=Add      shard=-1  a=[128x4096] + b=[128x4096]  ->  y=[128x4096]  (T=128, K=128)
  - op#08  op=LN       shard=-1  x=[128x4096] + w=[4096]  ->  y=[128x4096]  (T=128, K=128)
  - op#09  op=SwiGLU   shard=0   a=[128x5504] + b=[128x5504]  ->  y=[128x5504]  (T=128, K=128)
  - op#10  op=SwiGLU   shard=1   a=[128x5504] + b=[128x5504]  ->  y=[128x5504]  (T=128, K=128)
  - op#11  op=Add      shard=-1  a=[128x4096] + b=[128x4096]  ->  y=[128x4096]  (T=128, K=128)
[gpu-debug] per-op timing breakdown (avg over iters):
  idx  op       sh  io                                                    time   est_flops    TFLOPs       bytes      GB/s
  ------------------------------------------------------------------------------------------------------------------------
    0  LN       -1  x[128x4096]+w[4096]->y[128x4096]                    0.062ms     2.621 M      0.04    2.01 MiB     33.93
    1  QK        0  q[16x128x128]+k[16x128x128]->y[16x128x128]          0.056ms    67.109 M      1.20    1.50 MiB     28.24
    2  QK        1  q[16x128x128]+k[16x128x128]->y[16x128x128]          0.042ms    67.109 M      1.59    1.50 MiB     37.19
    3  Softmax   0  scores[16x128x128]->y[16x128x128]                   0.018ms     1.311 M      0.07    1.00 MiB     58.18
    4  Softmax   1  scores[16x128x128]->y[16x128x128]                   0.015ms     1.311 M      0.09    1.00 MiB     69.66
    5  SV        0  p[16x128x128]+v[16x128x128]->y[16x128x128]          0.030ms    67.109 M      2.21    1.50 MiB     51.89
    6  SV        1  p[16x128x128]+v[16x128x128]->y[16x128x128]          0.028ms    67.109 M      2.43    1.50 MiB     56.89
    7  Add      -1  a[128x4096]+b[128x4096]->y[128x4096]                0.018ms   524.288 K      0.03    3.00 MiB    175.54
    8  LN       -1  x[128x4096]+w[4096]->y[128x4096]                    0.064ms     2.621 M      0.04    2.01 MiB     32.95
    9  SwiGLU    0  a[128x5504]+b[128x5504]->y[128x5504]                0.025ms     4.227 M      0.17    4.03 MiB    171.29
   10  SwiGLU    1  a[128x5504]+b[128x5504]->y[128x5504]                0.021ms     4.227 M      0.20    4.03 MiB    198.46
   11  Add      -1  a[128x4096]+b[128x4096]->y[128x4096]                0.015ms   524.288 K      0.03    3.00 MiB    208.98
[gpu-debug] segment avg latency (cuda_events): 0.262 ms
[gpu-debug] sum(per-op)               : 0.394 ms (ratio=1.503)
[gpu-debug] NOTE: sum(per-op) may differ from segment latency due to Python overhead, event/launch overhead, and allocator/cache effects.
[gpu-debug] cuda mem before warmup: alloc=53.80 MiB reserved=60.00 MiB
[gpu-debug] cuda mem after warmup : alloc=56.64 MiB reserved=84.00 MiB
[gpu-debug] cuda mem peak (this segment): max_alloc=60.23 MiB max_reserved=84.00 MiB
  progress 24/24
