[run-gpu] tasks=4 warmup=3 iters=10 device=cuda dtype=bf16 batch=1 segment_scope=layer
[run-gpu] extra weight_load_s=0.267700s (will be added in merge)
[run-gpu] GPU[0] NVIDIA A100-PCIE-40GB; SM=108, CC=8.0
[run-gpu] nvidia-smi -L: GPU 0: NVIDIA A100-PCIE-40GB (UUID: GPU-46a23291-47d7-62e3-55b1-d9cfda4ff316)
[run-gpu] nvidia-smi query: NVIDIA A100-PCIE-40GB, GPU-46a23291-47d7-62e3-55b1-d9cfda4ff316, 560.35.03, 40960
[run-gpu][debug] torch_default_dtype=torch.float32
[run-gpu][debug] torch.backends.cuda.matmul.allow_tf32=False
[run-gpu][debug] cudnn.enabled=True benchmark=False deterministic=False allow_tf32=True
[run-gpu][debug] nvidia-smi snapshot: 0, 0, 0, 4, 40960, 28, 33.92, 250.00
========================================================================================
[gpu-debug] segment_key=npu|decode|0|2ef4409498d14c672a4fbbfe6786cce6
[gpu-debug] sig: device_type=npu phase=decode step=0 (count_hint=32)
[gpu-debug] ops_repr: LN:-1,Add:-1,LN:-1,FFN_W1:0,FFN_W3:0,FFN_W1:1,FFN_W3:1,SwiGLU:0,SwiGLU:1,FFN_W2:0,FFN_W2:1,Add:-1
[gpu-debug] cfg: device=cuda dtype=torch.bfloat16 batch=1 dim=4096 ffn_dim=11008 n_heads=32 shards=2
[gpu-debug] op plan (with inferred tensor shapes):
  - op#00  op=LN       shard=-1  x=[1x1x4096] + w=[4096]  ->  y=[1x1x4096]  (T=1, K=1025)
  - op#01  op=Add      shard=-1  a=[1x1x4096] + b=[1x1x4096]  ->  y=[1x1x4096]  (T=1, K=1025)
  - op#02  op=LN       shard=-1  x=[1x1x4096] + w=[4096]  ->  y=[1x1x4096]  (T=1, K=1025)
  - op#03  op=FFN_W1   shard=0   x=[1x1x4096] + w=[5504x4096]  ->  y=[1x1x5504]  (T=1, K=1025)
  - op#04  op=FFN_W3   shard=0   x=[1x1x4096] + w=[5504x4096]  ->  y=[1x1x5504]  (T=1, K=1025)
  - op#05  op=FFN_W1   shard=1   x=[1x1x4096] + w=[5504x4096]  ->  y=[1x1x5504]  (T=1, K=1025)
  - op#06  op=FFN_W3   shard=1   x=[1x1x4096] + w=[5504x4096]  ->  y=[1x1x5504]  (T=1, K=1025)
  - op#07  op=SwiGLU   shard=0   a=[1x1x5504] + b=[1x1x5504]  ->  y=[1x1x5504]  (T=1, K=1025)
  - op#08  op=SwiGLU   shard=1   a=[1x1x5504] + b=[1x1x5504]  ->  y=[1x1x5504]  (T=1, K=1025)
  - op#09  op=FFN_W2   shard=0   x=[1x1x5504] + w=[4096x5504]  ->  y=[1x1x4096]  (T=1, K=1025)
  - op#10  op=FFN_W2   shard=1   x=[1x1x5504] + w=[4096x5504]  ->  y=[1x1x4096]  (T=1, K=1025)
  - op#11  op=Add      shard=-1  a=[1x1x4096] + b=[1x1x4096]  ->  y=[1x1x4096]  (T=1, K=1025)
[gpu-debug] per-op timing breakdown (avg over iters):
  idx  op       sh  io                                                    time   est_flops    TFLOPs       bytes      GB/s
  ------------------------------------------------------------------------------------------------------------------------
    0  LN       -1  x[1x1x4096]+w[4096]->y[1x1x4096]                    0.074ms    20.480 K      0.00   24.00 KiB      0.33
    1  Add      -1  a[1x1x4096]+b[1x1x4096]->y[1x1x4096]                0.018ms     4.096 K      0.00   24.00 KiB      1.40
    2  LN       -1  x[1x1x4096]+w[4096]->y[1x1x4096]                    0.059ms    20.480 K      0.00   24.00 KiB      0.42
    3  FFN_W1    0  x[1x1x4096]+w[5504x4096]->y[1x1x5504]               0.069ms    45.089 M      0.66   43.02 MiB    655.52
    4  FFN_W3    0  x[1x1x4096]+w[5504x4096]->y[1x1x5504]               0.048ms    45.089 M      0.94   43.02 MiB    941.26
    5  FFN_W1    1  x[1x1x4096]+w[5504x4096]->y[1x1x5504]               0.048ms    45.089 M      0.94   43.02 MiB    937.25
    6  FFN_W3    1  x[1x1x4096]+w[5504x4096]->y[1x1x5504]               0.047ms    45.089 M      0.96   43.02 MiB    957.62
    7  SwiGLU    0  a[1x1x5504]+b[1x1x5504]->y[1x1x5504]                0.016ms    33.024 K      0.00   32.25 KiB      2.08
    8  SwiGLU    1  a[1x1x5504]+b[1x1x5504]->y[1x1x5504]                0.015ms    33.024 K      0.00   32.25 KiB      2.16
    9  FFN_W2    0  x[1x1x5504]+w[4096x5504]->y[1x1x4096]               0.051ms    45.089 M      0.88   43.02 MiB    882.78
   10  FFN_W2    1  x[1x1x5504]+w[4096x5504]->y[1x1x4096]               0.051ms    45.089 M      0.89   43.02 MiB    886.33
   11  Add      -1  a[1x1x4096]+b[1x1x4096]->y[1x1x4096]                0.010ms     4.096 K      0.00   24.00 KiB      2.45
[gpu-debug] segment avg latency (cuda_events): 0.386 ms
[gpu-debug] sum(per-op)               : 0.506 ms (ratio=1.309)
[gpu-debug] NOTE: sum(per-op) may differ from segment latency due to Python overhead, event/launch overhead, and allocator/cache effects.
[gpu-debug] cuda mem before warmup: alloc=0 B reserved=0 B
[gpu-debug] cuda mem after warmup : alloc=272.15 MiB reserved=286.00 MiB
[gpu-debug] cuda mem peak (this segment): max_alloc=272.17 MiB max_reserved=286.00 MiB
========================================================================================
[gpu-debug] segment_key=npu|decode|1|2ef4409498d14c672a4fbbfe6786cce6
[gpu-debug] sig: device_type=npu phase=decode step=1 (count_hint=32)
[gpu-debug] ops_repr: LN:-1,Add:-1,LN:-1,FFN_W1:0,FFN_W3:0,FFN_W1:1,FFN_W3:1,SwiGLU:0,SwiGLU:1,FFN_W2:0,FFN_W2:1,Add:-1
[gpu-debug] cfg: device=cuda dtype=torch.bfloat16 batch=1 dim=4096 ffn_dim=11008 n_heads=32 shards=2
[gpu-debug] op plan (with inferred tensor shapes):
  - op#00  op=LN       shard=-1  x=[1x1x4096] + w=[4096]  ->  y=[1x1x4096]  (T=1, K=1026)
  - op#01  op=Add      shard=-1  a=[1x1x4096] + b=[1x1x4096]  ->  y=[1x1x4096]  (T=1, K=1026)
  - op#02  op=LN       shard=-1  x=[1x1x4096] + w=[4096]  ->  y=[1x1x4096]  (T=1, K=1026)
  - op#03  op=FFN_W1   shard=0   x=[1x1x4096] + w=[5504x4096]  ->  y=[1x1x5504]  (T=1, K=1026)
  - op#04  op=FFN_W3   shard=0   x=[1x1x4096] + w=[5504x4096]  ->  y=[1x1x5504]  (T=1, K=1026)
  - op#05  op=FFN_W1   shard=1   x=[1x1x4096] + w=[5504x4096]  ->  y=[1x1x5504]  (T=1, K=1026)
  - op#06  op=FFN_W3   shard=1   x=[1x1x4096] + w=[5504x4096]  ->  y=[1x1x5504]  (T=1, K=1026)
  - op#07  op=SwiGLU   shard=0   a=[1x1x5504] + b=[1x1x5504]  ->  y=[1x1x5504]  (T=1, K=1026)
  - op#08  op=SwiGLU   shard=1   a=[1x1x5504] + b=[1x1x5504]  ->  y=[1x1x5504]  (T=1, K=1026)
  - op#09  op=FFN_W2   shard=0   x=[1x1x5504] + w=[4096x5504]  ->  y=[1x1x4096]  (T=1, K=1026)
  - op#10  op=FFN_W2   shard=1   x=[1x1x5504] + w=[4096x5504]  ->  y=[1x1x4096]  (T=1, K=1026)
  - op#11  op=Add      shard=-1  a=[1x1x4096] + b=[1x1x4096]  ->  y=[1x1x4096]  (T=1, K=1026)
[gpu-debug] per-op timing breakdown (avg over iters):
  idx  op       sh  io                                                    time   est_flops    TFLOPs       bytes      GB/s
  ------------------------------------------------------------------------------------------------------------------------
    0  LN       -1  x[1x1x4096]+w[4096]->y[1x1x4096]                    0.071ms    20.480 K      0.00   24.00 KiB      0.35
    1  Add      -1  a[1x1x4096]+b[1x1x4096]->y[1x1x4096]                0.018ms     4.096 K      0.00   24.00 KiB      1.36
    2  LN       -1  x[1x1x4096]+w[4096]->y[1x1x4096]                    0.060ms    20.480 K      0.00   24.00 KiB      0.41
    3  FFN_W1    0  x[1x1x4096]+w[5504x4096]->y[1x1x5504]               0.068ms    45.089 M      0.66   43.02 MiB    661.42
    4  FFN_W3    0  x[1x1x4096]+w[5504x4096]->y[1x1x5504]               0.048ms    45.089 M      0.94   43.02 MiB    941.26
    5  FFN_W1    1  x[1x1x4096]+w[5504x4096]->y[1x1x5504]               0.048ms    45.089 M      0.93   43.02 MiB    931.31
    6  FFN_W3    1  x[1x1x4096]+w[5504x4096]->y[1x1x5504]               0.047ms    45.089 M      0.96   43.02 MiB    955.55
    7  SwiGLU    0  a[1x1x5504]+b[1x1x5504]->y[1x1x5504]                0.016ms    33.024 K      0.00   32.25 KiB      2.08
    8  SwiGLU    1  a[1x1x5504]+b[1x1x5504]->y[1x1x5504]                0.015ms    33.024 K      0.00   32.25 KiB      2.16
    9  FFN_W2    0  x[1x1x5504]+w[4096x5504]->y[1x1x4096]               0.051ms    45.089 M      0.88   43.02 MiB    882.78
   10  FFN_W2    1  x[1x1x5504]+w[4096x5504]->y[1x1x4096]               0.050ms    45.089 M      0.89   43.02 MiB    893.52
   11  Add      -1  a[1x1x4096]+b[1x1x4096]->y[1x1x4096]                0.010ms     4.096 K      0.00   24.00 KiB      2.38
[gpu-debug] segment avg latency (cuda_events): 0.382 ms
[gpu-debug] sum(per-op)               : 0.504 ms (ratio=1.320)
[gpu-debug] NOTE: sum(per-op) may differ from segment latency due to Python overhead, event/launch overhead, and allocator/cache effects.
[gpu-debug] cuda mem before warmup: alloc=272.15 MiB reserved=286.00 MiB
[gpu-debug] cuda mem after warmup : alloc=272.15 MiB reserved=286.00 MiB
[gpu-debug] cuda mem peak (this segment): max_alloc=272.17 MiB max_reserved=286.00 MiB
========================================================================================
[gpu-debug] segment_key=npu|decode|2|2ef4409498d14c672a4fbbfe6786cce6
[gpu-debug] sig: device_type=npu phase=decode step=2 (count_hint=32)
[gpu-debug] ops_repr: LN:-1,Add:-1,LN:-1,FFN_W1:0,FFN_W3:0,FFN_W1:1,FFN_W3:1,SwiGLU:0,SwiGLU:1,FFN_W2:0,FFN_W2:1,Add:-1
[gpu-debug] cfg: device=cuda dtype=torch.bfloat16 batch=1 dim=4096 ffn_dim=11008 n_heads=32 shards=2
[gpu-debug] op plan (with inferred tensor shapes):
  - op#00  op=LN       shard=-1  x=[1x1x4096] + w=[4096]  ->  y=[1x1x4096]  (T=1, K=1088)
  - op#01  op=Add      shard=-1  a=[1x1x4096] + b=[1x1x4096]  ->  y=[1x1x4096]  (T=1, K=1088)
  - op#02  op=LN       shard=-1  x=[1x1x4096] + w=[4096]  ->  y=[1x1x4096]  (T=1, K=1088)
  - op#03  op=FFN_W1   shard=0   x=[1x1x4096] + w=[5504x4096]  ->  y=[1x1x5504]  (T=1, K=1088)
  - op#04  op=FFN_W3   shard=0   x=[1x1x4096] + w=[5504x4096]  ->  y=[1x1x5504]  (T=1, K=1088)
  - op#05  op=FFN_W1   shard=1   x=[1x1x4096] + w=[5504x4096]  ->  y=[1x1x5504]  (T=1, K=1088)
  - op#06  op=FFN_W3   shard=1   x=[1x1x4096] + w=[5504x4096]  ->  y=[1x1x5504]  (T=1, K=1088)
  - op#07  op=SwiGLU   shard=0   a=[1x1x5504] + b=[1x1x5504]  ->  y=[1x1x5504]  (T=1, K=1088)
  - op#08  op=SwiGLU   shard=1   a=[1x1x5504] + b=[1x1x5504]  ->  y=[1x1x5504]  (T=1, K=1088)
  - op#09  op=FFN_W2   shard=0   x=[1x1x5504] + w=[4096x5504]  ->  y=[1x1x4096]  (T=1, K=1088)
  - op#10  op=FFN_W2   shard=1   x=[1x1x5504] + w=[4096x5504]  ->  y=[1x1x4096]  (T=1, K=1088)
  - op#11  op=Add      shard=-1  a=[1x1x4096] + b=[1x1x4096]  ->  y=[1x1x4096]  (T=1, K=1088)
[gpu-debug] per-op timing breakdown (avg over iters):
  idx  op       sh  io                                                    time   est_flops    TFLOPs       bytes      GB/s
  ------------------------------------------------------------------------------------------------------------------------
    0  LN       -1  x[1x1x4096]+w[4096]->y[1x1x4096]                    0.071ms    20.480 K      0.00   24.00 KiB      0.35
    1  Add      -1  a[1x1x4096]+b[1x1x4096]->y[1x1x4096]                0.017ms     4.096 K      0.00   24.00 KiB      1.44
    2  LN       -1  x[1x1x4096]+w[4096]->y[1x1x4096]                    0.059ms    20.480 K      0.00   24.00 KiB      0.41
    3  FFN_W1    0  x[1x1x4096]+w[5504x4096]->y[1x1x5504]               0.068ms    45.089 M      0.66   43.02 MiB    661.42
    4  FFN_W3    0  x[1x1x4096]+w[5504x4096]->y[1x1x5504]               0.048ms    45.089 M      0.94   43.02 MiB    945.30
    5  FFN_W1    1  x[1x1x4096]+w[5504x4096]->y[1x1x5504]               0.048ms    45.089 M      0.94   43.02 MiB    941.26
    6  FFN_W3    1  x[1x1x4096]+w[5504x4096]->y[1x1x5504]               0.048ms    45.089 M      0.95   43.02 MiB    949.37
    7  SwiGLU    0  a[1x1x5504]+b[1x1x5504]->y[1x1x5504]                0.016ms    33.024 K      0.00   32.25 KiB      2.08
    8  SwiGLU    1  a[1x1x5504]+b[1x1x5504]->y[1x1x5504]                0.016ms    33.024 K      0.00   32.25 KiB      2.12
    9  FFN_W2    0  x[1x1x5504]+w[4096x5504]->y[1x1x4096]               0.051ms    45.089 M      0.88   43.02 MiB    884.55
   10  FFN_W2    1  x[1x1x5504]+w[4096x5504]->y[1x1x4096]               0.051ms    45.089 M      0.89   43.02 MiB    891.72
   11  Add      -1  a[1x1x4096]+b[1x1x4096]->y[1x1x4096]                0.010ms     4.096 K      0.00   24.00 KiB      2.42
[gpu-debug] segment avg latency (cuda_events): 0.380 ms
[gpu-debug] sum(per-op)               : 0.502 ms (ratio=1.322)
[gpu-debug] NOTE: sum(per-op) may differ from segment latency due to Python overhead, event/launch overhead, and allocator/cache effects.
[gpu-debug] cuda mem before warmup: alloc=272.15 MiB reserved=286.00 MiB
[gpu-debug] cuda mem after warmup : alloc=272.15 MiB reserved=286.00 MiB
[gpu-debug] cuda mem peak (this segment): max_alloc=272.17 MiB max_reserved=286.00 MiB
========================================================================================
[gpu-debug] segment_key=npu|prefill|-1|2ef4409498d14c672a4fbbfe6786cce6
[gpu-debug] sig: device_type=npu phase=prefill step=-1 (count_hint=32)
[gpu-debug] ops_repr: LN:-1,Add:-1,LN:-1,FFN_W1:0,FFN_W3:0,FFN_W1:1,FFN_W3:1,SwiGLU:0,SwiGLU:1,FFN_W2:0,FFN_W2:1,Add:-1
[gpu-debug] cfg: device=cuda dtype=torch.bfloat16 batch=1 dim=4096 ffn_dim=11008 n_heads=32 shards=2
[gpu-debug] op plan (with inferred tensor shapes):
  - op#00  op=LN       shard=-1  x=[1x1024x4096] + w=[4096]  ->  y=[1x1024x4096]  (T=1024, K=1024)
  - op#01  op=Add      shard=-1  a=[1x1024x4096] + b=[1x1024x4096]  ->  y=[1x1024x4096]  (T=1024, K=1024)
  - op#02  op=LN       shard=-1  x=[1x1024x4096] + w=[4096]  ->  y=[1x1024x4096]  (T=1024, K=1024)
  - op#03  op=FFN_W1   shard=0   x=[1x1024x4096] + w=[5504x4096]  ->  y=[1x1024x5504]  (T=1024, K=1024)
  - op#04  op=FFN_W3   shard=0   x=[1x1024x4096] + w=[5504x4096]  ->  y=[1x1024x5504]  (T=1024, K=1024)
  - op#05  op=FFN_W1   shard=1   x=[1x1024x4096] + w=[5504x4096]  ->  y=[1x1024x5504]  (T=1024, K=1024)
  - op#06  op=FFN_W3   shard=1   x=[1x1024x4096] + w=[5504x4096]  ->  y=[1x1024x5504]  (T=1024, K=1024)
  - op#07  op=SwiGLU   shard=0   a=[1x1024x5504] + b=[1x1024x5504]  ->  y=[1x1024x5504]  (T=1024, K=1024)
  - op#08  op=SwiGLU   shard=1   a=[1x1024x5504] + b=[1x1024x5504]  ->  y=[1x1024x5504]  (T=1024, K=1024)
  - op#09  op=FFN_W2   shard=0   x=[1x1024x5504] + w=[4096x5504]  ->  y=[1x1024x4096]  (T=1024, K=1024)
  - op#10  op=FFN_W2   shard=1   x=[1x1024x5504] + w=[4096x5504]  ->  y=[1x1024x4096]  (T=1024, K=1024)
  - op#11  op=Add      shard=-1  a=[1x1024x4096] + b=[1x1024x4096]  ->  y=[1x1024x4096]  (T=1024, K=1024)
[gpu-debug] per-op timing breakdown (avg over iters):
  idx  op       sh  io                                                    time   est_flops    TFLOPs       bytes      GB/s
  ------------------------------------------------------------------------------------------------------------------------
    0  LN       -1  x[1x1024x4096]+w[4096]->y[1x1024x4096]              0.121ms    20.972 M      0.17   16.01 MiB    138.33
    1  Add      -1  a[1x1024x4096]+b[1x1024x4096]->y[1x1024x4096]       0.017ms     4.194 M      0.24   24.00 MiB   1462.86
    2  LN       -1  x[1x1024x4096]+w[4096]->y[1x1024x4096]              0.112ms    20.972 M      0.19   16.01 MiB    149.97
    3  FFN_W1    0  x[1x1024x4096]+w[5504x4096]->y[1x1024x5504]         0.381ms    46.171 G    121.30   61.75 MiB    170.12
    4  FFN_W3    0  x[1x1024x4096]+w[5504x4096]->y[1x1024x5504]         0.380ms    46.171 G    121.63   61.75 MiB    170.57
    5  FFN_W1    1  x[1x1024x4096]+w[5504x4096]->y[1x1024x5504]         0.378ms    46.171 G    122.22   61.75 MiB    171.41
    6  FFN_W3    1  x[1x1024x4096]+w[5504x4096]->y[1x1024x5504]         0.378ms    46.171 G    122.22   61.75 MiB    171.41
    7  SwiGLU    0  a[1x1024x5504]+b[1x1024x5504]->y[1x1024x5504]       0.049ms    33.817 M      0.70   32.25 MiB    696.71
    8  SwiGLU    1  a[1x1024x5504]+b[1x1024x5504]->y[1x1024x5504]       0.049ms    33.817 M      0.69   32.25 MiB    692.33
    9  FFN_W2    0  x[1x1024x5504]+w[4096x5504]->y[1x1024x4096]         0.498ms    46.171 G     92.62   61.75 MiB    129.89
   10  FFN_W2    1  x[1x1024x5504]+w[4096x5504]->y[1x1024x4096]         0.497ms    46.171 G     92.81   61.75 MiB    130.16
   11  Add      -1  a[1x1024x4096]+b[1x1024x4096]->y[1x1024x4096]       0.020ms     4.194 M      0.21   24.00 MiB   1266.80
[gpu-debug] segment avg latency (cuda_events): 2.851 ms
[gpu-debug] sum(per-op)               : 2.879 ms (ratio=1.010)
[gpu-debug] NOTE: sum(per-op) may differ from segment latency due to Python overhead, event/launch overhead, and allocator/cache effects.
[gpu-debug] cuda mem before warmup: alloc=272.15 MiB reserved=286.00 MiB
[gpu-debug] cuda mem after warmup : alloc=290.90 MiB reserved=330.00 MiB
[gpu-debug] cuda mem peak (this segment): max_alloc=312.40 MiB max_reserved=330.00 MiB
  progress 4/4
