[run-gpu] tasks=10 warmup=3 iters=10 device=cuda dtype=bf16 batch=1 segment_scope=layer
[run-gpu] extra weight_load_s=0.400513s (will be added in merge)
[run-gpu] GPU[0] NVIDIA A100-PCIE-40GB; SM=108, CC=8.0
[run-gpu] nvidia-smi -L: GPU 0: NVIDIA A100-PCIE-40GB (UUID: GPU-10fd0274-d52f-ca61-05e2-aaf982e4391e)
[run-gpu] nvidia-smi query: NVIDIA A100-PCIE-40GB, GPU-10fd0274-d52f-ca61-05e2-aaf982e4391e, 560.35.03, 40960
[run-gpu][debug] torch_default_dtype=torch.float32
[run-gpu][debug] torch.backends.cuda.matmul.allow_tf32=False
[run-gpu][debug] cudnn.enabled=True benchmark=False deterministic=False allow_tf32=True
[run-gpu][debug] nvidia-smi snapshot: 0, 0, 0, 4, 40960, 31, 32.60, 250.00
========================================================================================
[gpu-debug] segment_key=npu|decode|0|cb831580437a2754ddccf83aef8f2e46
[gpu-debug] sig: device_type=npu phase=decode step=0 (count_hint=32)
[gpu-debug] ops_repr: Q:0,Q:1,K:0,K:1,V:0,V:1,Softmax:0,Softmax:1,O:0,O:1,Add:-1,FFN_W1:0,FFN_W3:0,FFN_W1:1,FFN_W3:1,SwiGLU:1,FFN_W2:0,FFN_W2:1,Add:-1
[gpu-debug] cfg: device=cuda dtype=torch.bfloat16 batch=1 dim=4096 ffn_dim=11008 n_heads=32 shards=2
[gpu-debug] op plan (with inferred tensor shapes):
  - op#00  op=Q        shard=0   x=[1x1x4096] + w=[2048x4096]  ->  y=[1x1x2048]  (T=1, K=1025)
  - op#01  op=Q        shard=1   x=[1x1x4096] + w=[2048x4096]  ->  y=[1x1x2048]  (T=1, K=1025)
  - op#02  op=K        shard=0   x=[1x1x4096] + w=[2048x4096]  ->  y=[1x1x2048]  (T=1, K=1025)
  - op#03  op=K        shard=1   x=[1x1x4096] + w=[2048x4096]  ->  y=[1x1x2048]  (T=1, K=1025)
  - op#04  op=V        shard=0   x=[1x1x4096] + w=[2048x4096]  ->  y=[1x1x2048]  (T=1, K=1025)
  - op#05  op=V        shard=1   x=[1x1x4096] + w=[2048x4096]  ->  y=[1x1x2048]  (T=1, K=1025)
  - op#06  op=Softmax  shard=0   scores=[1x16x1x1025]  ->  y=[1x16x1x1025]  (T=1, K=1025)
  - op#07  op=Softmax  shard=1   scores=[1x16x1x1025]  ->  y=[1x16x1x1025]  (T=1, K=1025)
  - op#08  op=O        shard=0   x=[1x1x2048] + w=[4096x2048]  ->  y=[1x1x4096]  (T=1, K=1025)
  - op#09  op=O        shard=1   x=[1x1x2048] + w=[4096x2048]  ->  y=[1x1x4096]  (T=1, K=1025)
  - op#10  op=Add      shard=-1  a=[1x1x4096] + b=[1x1x4096]  ->  y=[1x1x4096]  (T=1, K=1025)
  - op#11  op=FFN_W1   shard=0   x=[1x1x4096] + w=[5504x4096]  ->  y=[1x1x5504]  (T=1, K=1025)
  - op#12  op=FFN_W3   shard=0   x=[1x1x4096] + w=[5504x4096]  ->  y=[1x1x5504]  (T=1, K=1025)
  - op#13  op=FFN_W1   shard=1   x=[1x1x4096] + w=[5504x4096]  ->  y=[1x1x5504]  (T=1, K=1025)
  - op#14  op=FFN_W3   shard=1   x=[1x1x4096] + w=[5504x4096]  ->  y=[1x1x5504]  (T=1, K=1025)
  - op#15  op=SwiGLU   shard=1   a=[1x1x5504] + b=[1x1x5504]  ->  y=[1x1x5504]  (T=1, K=1025)
  - op#16  op=FFN_W2   shard=0   x=[1x1x5504] + w=[4096x5504]  ->  y=[1x1x4096]  (T=1, K=1025)
  - op#17  op=FFN_W2   shard=1   x=[1x1x5504] + w=[4096x5504]  ->  y=[1x1x4096]  (T=1, K=1025)
  - op#18  op=Add      shard=-1  a=[1x1x4096] + b=[1x1x4096]  ->  y=[1x1x4096]  (T=1, K=1025)
[gpu-debug] per-op timing breakdown (avg over iters):
  idx  op       sh  io                                                    time   est_flops    TFLOPs       bytes      GB/s
  ------------------------------------------------------------------------------------------------------------------------
    0  Q         0  x[1x1x4096]+w[2048x4096]->y[1x1x2048]               0.045ms    16.777 M      0.37   16.01 MiB    373.49
    1  Q         1  x[1x1x4096]+w[2048x4096]->y[1x1x2048]               0.032ms    16.777 M      0.53   16.01 MiB    527.20
    2  K         0  x[1x1x4096]+w[2048x4096]->y[1x1x2048]               0.029ms    16.777 M      0.57   16.01 MiB    569.31
    3  K         1  x[1x1x4096]+w[2048x4096]->y[1x1x2048]               0.030ms    16.777 M      0.56   16.01 MiB    559.59
    4  V         0  x[1x1x4096]+w[2048x4096]->y[1x1x2048]               0.030ms    16.777 M      0.57   16.01 MiB    567.34
    5  V         1  x[1x1x4096]+w[2048x4096]->y[1x1x2048]               0.030ms    16.777 M      0.55   16.01 MiB    552.05
    6  Softmax   0  scores[1x16x1x1025]->y[1x16x1x1025]                 0.019ms    82.000 K      0.00   64.06 KiB      3.46
    7  Softmax   1  scores[1x16x1x1025]->y[1x16x1x1025]                 0.016ms    82.000 K      0.00   64.06 KiB      3.98
    8  O         0  x[1x1x2048]+w[4096x2048]->y[1x1x4096]               0.026ms    16.777 M      0.64   16.01 MiB    635.50
    9  O         1  x[1x1x2048]+w[4096x2048]->y[1x1x4096]               0.027ms    16.777 M      0.61   16.01 MiB    611.79
   10  Add      -1  a[1x1x4096]+b[1x1x4096]->y[1x1x4096]                0.011ms     4.096 K      0.00   24.00 KiB      2.24
   11  FFN_W1    0  x[1x1x4096]+w[5504x4096]->y[1x1x5504]               0.057ms    45.089 M      0.79   43.02 MiB    788.03
   12  FFN_W3    0  x[1x1x4096]+w[5504x4096]->y[1x1x5504]               0.045ms    45.089 M      1.01   43.02 MiB   1012.66
   13  FFN_W1    1  x[1x1x4096]+w[5504x4096]->y[1x1x5504]               0.045ms    45.089 M      1.01   43.02 MiB   1012.66
   14  FFN_W3    1  x[1x1x4096]+w[5504x4096]->y[1x1x5504]               0.046ms    45.089 M      0.98   43.02 MiB    981.09
   15  SwiGLU    1  a[1x1x5504]+b[1x1x5504]->y[1x1x5504]                0.014ms    33.024 K      0.00   32.25 KiB      2.39
   16  FFN_W2    0  x[1x1x5504]+w[4096x5504]->y[1x1x4096]               0.048ms    45.089 M      0.95   43.02 MiB    949.37
   17  FFN_W2    1  x[1x1x5504]+w[4096x5504]->y[1x1x4096]               0.047ms    45.089 M      0.96   43.02 MiB    955.55
   18  Add      -1  a[1x1x4096]+b[1x1x4096]->y[1x1x4096]                0.008ms     4.096 K      0.00   24.00 KiB      2.89
[gpu-debug] segment avg latency (cuda_events): 0.505 ms
[gpu-debug] sum(per-op)               : 0.606 ms (ratio=1.200)
[gpu-debug] NOTE: sum(per-op) may differ from segment latency due to Python overhead, event/launch overhead, and allocator/cache effects.
[gpu-debug] cuda mem before warmup: alloc=0 B reserved=0 B
[gpu-debug] cuda mem after warmup : alloc=400.18 MiB reserved=414.00 MiB
[gpu-debug] cuda mem peak (this segment): max_alloc=400.21 MiB max_reserved=414.00 MiB
========================================================================================
[gpu-debug] segment_key=npu|decode|1|cb831580437a2754ddccf83aef8f2e46
[gpu-debug] sig: device_type=npu phase=decode step=1 (count_hint=32)
[gpu-debug] ops_repr: Q:0,Q:1,K:0,K:1,V:0,V:1,Softmax:0,Softmax:1,O:0,O:1,Add:-1,FFN_W1:0,FFN_W3:0,FFN_W1:1,FFN_W3:1,SwiGLU:1,FFN_W2:0,FFN_W2:1,Add:-1
[gpu-debug] cfg: device=cuda dtype=torch.bfloat16 batch=1 dim=4096 ffn_dim=11008 n_heads=32 shards=2
[gpu-debug] op plan (with inferred tensor shapes):
  - op#00  op=Q        shard=0   x=[1x1x4096] + w=[2048x4096]  ->  y=[1x1x2048]  (T=1, K=1026)
  - op#01  op=Q        shard=1   x=[1x1x4096] + w=[2048x4096]  ->  y=[1x1x2048]  (T=1, K=1026)
  - op#02  op=K        shard=0   x=[1x1x4096] + w=[2048x4096]  ->  y=[1x1x2048]  (T=1, K=1026)
  - op#03  op=K        shard=1   x=[1x1x4096] + w=[2048x4096]  ->  y=[1x1x2048]  (T=1, K=1026)
  - op#04  op=V        shard=0   x=[1x1x4096] + w=[2048x4096]  ->  y=[1x1x2048]  (T=1, K=1026)
  - op#05  op=V        shard=1   x=[1x1x4096] + w=[2048x4096]  ->  y=[1x1x2048]  (T=1, K=1026)
  - op#06  op=Softmax  shard=0   scores=[1x16x1x1026]  ->  y=[1x16x1x1026]  (T=1, K=1026)
  - op#07  op=Softmax  shard=1   scores=[1x16x1x1026]  ->  y=[1x16x1x1026]  (T=1, K=1026)
  - op#08  op=O        shard=0   x=[1x1x2048] + w=[4096x2048]  ->  y=[1x1x4096]  (T=1, K=1026)
  - op#09  op=O        shard=1   x=[1x1x2048] + w=[4096x2048]  ->  y=[1x1x4096]  (T=1, K=1026)
  - op#10  op=Add      shard=-1  a=[1x1x4096] + b=[1x1x4096]  ->  y=[1x1x4096]  (T=1, K=1026)
  - op#11  op=FFN_W1   shard=0   x=[1x1x4096] + w=[5504x4096]  ->  y=[1x1x5504]  (T=1, K=1026)
  - op#12  op=FFN_W3   shard=0   x=[1x1x4096] + w=[5504x4096]  ->  y=[1x1x5504]  (T=1, K=1026)
  - op#13  op=FFN_W1   shard=1   x=[1x1x4096] + w=[5504x4096]  ->  y=[1x1x5504]  (T=1, K=1026)
  - op#14  op=FFN_W3   shard=1   x=[1x1x4096] + w=[5504x4096]  ->  y=[1x1x5504]  (T=1, K=1026)
  - op#15  op=SwiGLU   shard=1   a=[1x1x5504] + b=[1x1x5504]  ->  y=[1x1x5504]  (T=1, K=1026)
  - op#16  op=FFN_W2   shard=0   x=[1x1x5504] + w=[4096x5504]  ->  y=[1x1x4096]  (T=1, K=1026)
  - op#17  op=FFN_W2   shard=1   x=[1x1x5504] + w=[4096x5504]  ->  y=[1x1x4096]  (T=1, K=1026)
  - op#18  op=Add      shard=-1  a=[1x1x4096] + b=[1x1x4096]  ->  y=[1x1x4096]  (T=1, K=1026)
[gpu-debug] per-op timing breakdown (avg over iters):
  idx  op       sh  io                                                    time   est_flops    TFLOPs       bytes      GB/s
  ------------------------------------------------------------------------------------------------------------------------
    0  Q         0  x[1x1x4096]+w[2048x4096]->y[1x1x2048]               0.044ms    16.777 M      0.38   16.01 MiB    380.42
    1  Q         1  x[1x1x4096]+w[2048x4096]->y[1x1x2048]               0.031ms    16.777 M      0.53   16.01 MiB    534.07
    2  K         0  x[1x1x4096]+w[2048x4096]->y[1x1x2048]               0.030ms    16.777 M      0.57   16.01 MiB    567.34
    3  K         1  x[1x1x4096]+w[2048x4096]->y[1x1x2048]               0.030ms    16.777 M      0.56   16.01 MiB    555.80
    4  V         0  x[1x1x4096]+w[2048x4096]->y[1x1x2048]               0.030ms    16.777 M      0.56   16.01 MiB    563.44
    5  V         1  x[1x1x4096]+w[2048x4096]->y[1x1x2048]               0.030ms    16.777 M      0.55   16.01 MiB    552.05
    6  Softmax   0  scores[1x16x1x1026]->y[1x16x1x1026]                 0.019ms    82.080 K      0.00   64.12 KiB      3.50
    7  Softmax   1  scores[1x16x1x1026]->y[1x16x1x1026]                 0.016ms    82.080 K      0.01   64.12 KiB      4.06
    8  O         0  x[1x1x2048]+w[4096x2048]->y[1x1x4096]               0.026ms    16.777 M      0.64   16.01 MiB    640.47
    9  O         1  x[1x1x2048]+w[4096x2048]->y[1x1x4096]               0.028ms    16.777 M      0.60   16.01 MiB    602.79
   10  Add      -1  a[1x1x4096]+b[1x1x4096]->y[1x1x4096]                0.011ms     4.096 K      0.00   24.00 KiB      2.26
   11  FFN_W1    0  x[1x1x4096]+w[5504x4096]->y[1x1x5504]               0.057ms    45.089 M      0.79   43.02 MiB    786.62
   12  FFN_W3    0  x[1x1x4096]+w[5504x4096]->y[1x1x5504]               0.045ms    45.089 M      1.01   43.02 MiB   1010.34
   13  FFN_W1    1  x[1x1x4096]+w[5504x4096]->y[1x1x5504]               0.046ms    45.089 M      0.99   43.02 MiB    987.68
   14  FFN_W3    1  x[1x1x4096]+w[5504x4096]->y[1x1x5504]               0.045ms    45.089 M      1.00   43.02 MiB   1001.15
   15  SwiGLU    1  a[1x1x5504]+b[1x1x5504]->y[1x1x5504]                0.014ms    33.024 K      0.00   32.25 KiB      2.39
   16  FFN_W2    0  x[1x1x5504]+w[4096x5504]->y[1x1x4096]               0.048ms    45.089 M      0.94   43.02 MiB    937.25
   17  FFN_W2    1  x[1x1x5504]+w[4096x5504]->y[1x1x4096]               0.046ms    45.089 M      0.97   43.02 MiB    970.28
   18  Add      -1  a[1x1x4096]+b[1x1x4096]->y[1x1x4096]                0.008ms     4.096 K      0.00   24.00 KiB      2.96
[gpu-debug] segment avg latency (cuda_events): 0.502 ms
[gpu-debug] sum(per-op)               : 0.605 ms (ratio=1.204)
[gpu-debug] NOTE: sum(per-op) may differ from segment latency due to Python overhead, event/launch overhead, and allocator/cache effects.
[gpu-debug] cuda mem before warmup: alloc=400.18 MiB reserved=414.00 MiB
[gpu-debug] cuda mem after warmup : alloc=400.21 MiB reserved=414.00 MiB
[gpu-debug] cuda mem peak (this segment): max_alloc=400.24 MiB max_reserved=414.00 MiB
========================================================================================
[gpu-debug] segment_key=npu|decode|2|cb831580437a2754ddccf83aef8f2e46
[gpu-debug] sig: device_type=npu phase=decode step=2 (count_hint=32)
[gpu-debug] ops_repr: Q:0,Q:1,K:0,K:1,V:0,V:1,Softmax:0,Softmax:1,O:0,O:1,Add:-1,FFN_W1:0,FFN_W3:0,FFN_W1:1,FFN_W3:1,SwiGLU:1,FFN_W2:0,FFN_W2:1,Add:-1
[gpu-debug] cfg: device=cuda dtype=torch.bfloat16 batch=1 dim=4096 ffn_dim=11008 n_heads=32 shards=2
[gpu-debug] op plan (with inferred tensor shapes):
  - op#00  op=Q        shard=0   x=[1x1x4096] + w=[2048x4096]  ->  y=[1x1x2048]  (T=1, K=1088)
  - op#01  op=Q        shard=1   x=[1x1x4096] + w=[2048x4096]  ->  y=[1x1x2048]  (T=1, K=1088)
  - op#02  op=K        shard=0   x=[1x1x4096] + w=[2048x4096]  ->  y=[1x1x2048]  (T=1, K=1088)
  - op#03  op=K        shard=1   x=[1x1x4096] + w=[2048x4096]  ->  y=[1x1x2048]  (T=1, K=1088)
  - op#04  op=V        shard=0   x=[1x1x4096] + w=[2048x4096]  ->  y=[1x1x2048]  (T=1, K=1088)
  - op#05  op=V        shard=1   x=[1x1x4096] + w=[2048x4096]  ->  y=[1x1x2048]  (T=1, K=1088)
  - op#06  op=Softmax  shard=0   scores=[1x16x1x1088]  ->  y=[1x16x1x1088]  (T=1, K=1088)
  - op#07  op=Softmax  shard=1   scores=[1x16x1x1088]  ->  y=[1x16x1x1088]  (T=1, K=1088)
  - op#08  op=O        shard=0   x=[1x1x2048] + w=[4096x2048]  ->  y=[1x1x4096]  (T=1, K=1088)
  - op#09  op=O        shard=1   x=[1x1x2048] + w=[4096x2048]  ->  y=[1x1x4096]  (T=1, K=1088)
  - op#10  op=Add      shard=-1  a=[1x1x4096] + b=[1x1x4096]  ->  y=[1x1x4096]  (T=1, K=1088)
  - op#11  op=FFN_W1   shard=0   x=[1x1x4096] + w=[5504x4096]  ->  y=[1x1x5504]  (T=1, K=1088)
  - op#12  op=FFN_W3   shard=0   x=[1x1x4096] + w=[5504x4096]  ->  y=[1x1x5504]  (T=1, K=1088)
  - op#13  op=FFN_W1   shard=1   x=[1x1x4096] + w=[5504x4096]  ->  y=[1x1x5504]  (T=1, K=1088)
  - op#14  op=FFN_W3   shard=1   x=[1x1x4096] + w=[5504x4096]  ->  y=[1x1x5504]  (T=1, K=1088)
  - op#15  op=SwiGLU   shard=1   a=[1x1x5504] + b=[1x1x5504]  ->  y=[1x1x5504]  (T=1, K=1088)
  - op#16  op=FFN_W2   shard=0   x=[1x1x5504] + w=[4096x5504]  ->  y=[1x1x4096]  (T=1, K=1088)
  - op#17  op=FFN_W2   shard=1   x=[1x1x5504] + w=[4096x5504]  ->  y=[1x1x4096]  (T=1, K=1088)
  - op#18  op=Add      shard=-1  a=[1x1x4096] + b=[1x1x4096]  ->  y=[1x1x4096]  (T=1, K=1088)
[gpu-debug] per-op timing breakdown (avg over iters):
  idx  op       sh  io                                                    time   est_flops    TFLOPs       bytes      GB/s
  ------------------------------------------------------------------------------------------------------------------------
    0  Q         0  x[1x1x4096]+w[2048x4096]->y[1x1x2048]               0.044ms    16.777 M      0.38   16.01 MiB    378.66
    1  Q         1  x[1x1x4096]+w[2048x4096]->y[1x1x2048]               0.032ms    16.777 M      0.53   16.01 MiB    527.20
    2  K         0  x[1x1x4096]+w[2048x4096]->y[1x1x2048]               0.029ms    16.777 M      0.57   16.01 MiB    571.29
    3  K         1  x[1x1x4096]+w[2048x4096]->y[1x1x2048]               0.030ms    16.777 M      0.56   16.01 MiB    559.59
    4  V         0  x[1x1x4096]+w[2048x4096]->y[1x1x2048]               0.029ms    16.777 M      0.57   16.01 MiB    573.29
    5  V         1  x[1x1x4096]+w[2048x4096]->y[1x1x2048]               0.030ms    16.777 M      0.56   16.01 MiB    557.69
    6  Softmax   0  scores[1x16x1x1088]->y[1x16x1x1088]                 0.019ms    87.040 K      0.00   68.00 KiB      3.60
    7  Softmax   1  scores[1x16x1x1088]->y[1x16x1x1088]                 0.017ms    87.040 K      0.01   68.00 KiB      4.17
    8  O         0  x[1x1x2048]+w[4096x2048]->y[1x1x4096]               0.026ms    16.777 M      0.64   16.01 MiB    642.98
    9  O         1  x[1x1x2048]+w[4096x2048]->y[1x1x4096]               0.027ms    16.777 M      0.62   16.01 MiB    618.72
   10  Add      -1  a[1x1x4096]+b[1x1x4096]->y[1x1x4096]                0.010ms     4.096 K      0.00   24.00 KiB      2.40
   11  FFN_W1    0  x[1x1x4096]+w[5504x4096]->y[1x1x5504]               0.058ms    45.089 M      0.78   43.02 MiB    783.82
   12  FFN_W3    0  x[1x1x4096]+w[5504x4096]->y[1x1x5504]               0.045ms    45.089 M      1.00   43.02 MiB   1001.15
   13  FFN_W1    1  x[1x1x4096]+w[5504x4096]->y[1x1x5504]               0.045ms    45.089 M      0.99   43.02 MiB    992.13
   14  FFN_W3    1  x[1x1x4096]+w[5504x4096]->y[1x1x5504]               0.045ms    45.089 M      1.00   43.02 MiB    998.88
   15  SwiGLU    1  a[1x1x5504]+b[1x1x5504]->y[1x1x5504]                0.014ms    33.024 K      0.00   32.25 KiB      2.29
   16  FFN_W2    0  x[1x1x5504]+w[4096x5504]->y[1x1x4096]               0.048ms    45.089 M      0.94   43.02 MiB    943.27
   17  FFN_W2    1  x[1x1x5504]+w[4096x5504]->y[1x1x4096]               0.046ms    45.089 M      0.98   43.02 MiB    981.09
   18  Add      -1  a[1x1x4096]+b[1x1x4096]->y[1x1x4096]                0.008ms     4.096 K      0.00   24.00 KiB      2.96
[gpu-debug] segment avg latency (cuda_events): 0.504 ms
[gpu-debug] sum(per-op)               : 0.604 ms (ratio=1.199)
[gpu-debug] NOTE: sum(per-op) may differ from segment latency due to Python overhead, event/launch overhead, and allocator/cache effects.
[gpu-debug] cuda mem before warmup: alloc=400.21 MiB reserved=414.00 MiB
[gpu-debug] cuda mem after warmup : alloc=400.24 MiB reserved=414.00 MiB
[gpu-debug] cuda mem peak (this segment): max_alloc=400.28 MiB max_reserved=414.00 MiB
========================================================================================
[gpu-debug] segment_key=npu|decode|3|cb831580437a2754ddccf83aef8f2e46
[gpu-debug] sig: device_type=npu phase=decode step=3 (count_hint=32)
[gpu-debug] ops_repr: Q:0,Q:1,K:0,K:1,V:0,V:1,Softmax:0,Softmax:1,O:0,O:1,Add:-1,FFN_W1:0,FFN_W3:0,FFN_W1:1,FFN_W3:1,SwiGLU:1,FFN_W2:0,FFN_W2:1,Add:-1
[gpu-debug] cfg: device=cuda dtype=torch.bfloat16 batch=1 dim=4096 ffn_dim=11008 n_heads=32 shards=2
[gpu-debug] op plan (with inferred tensor shapes):
  - op#00  op=Q        shard=0   x=[1x1x4096] + w=[2048x4096]  ->  y=[1x1x2048]  (T=1, K=1152)
  - op#01  op=Q        shard=1   x=[1x1x4096] + w=[2048x4096]  ->  y=[1x1x2048]  (T=1, K=1152)
  - op#02  op=K        shard=0   x=[1x1x4096] + w=[2048x4096]  ->  y=[1x1x2048]  (T=1, K=1152)
  - op#03  op=K        shard=1   x=[1x1x4096] + w=[2048x4096]  ->  y=[1x1x2048]  (T=1, K=1152)
  - op#04  op=V        shard=0   x=[1x1x4096] + w=[2048x4096]  ->  y=[1x1x2048]  (T=1, K=1152)
  - op#05  op=V        shard=1   x=[1x1x4096] + w=[2048x4096]  ->  y=[1x1x2048]  (T=1, K=1152)
  - op#06  op=Softmax  shard=0   scores=[1x16x1x1152]  ->  y=[1x16x1x1152]  (T=1, K=1152)
  - op#07  op=Softmax  shard=1   scores=[1x16x1x1152]  ->  y=[1x16x1x1152]  (T=1, K=1152)
  - op#08  op=O        shard=0   x=[1x1x2048] + w=[4096x2048]  ->  y=[1x1x4096]  (T=1, K=1152)
  - op#09  op=O        shard=1   x=[1x1x2048] + w=[4096x2048]  ->  y=[1x1x4096]  (T=1, K=1152)
  - op#10  op=Add      shard=-1  a=[1x1x4096] + b=[1x1x4096]  ->  y=[1x1x4096]  (T=1, K=1152)
  - op#11  op=FFN_W1   shard=0   x=[1x1x4096] + w=[5504x4096]  ->  y=[1x1x5504]  (T=1, K=1152)
  - op#12  op=FFN_W3   shard=0   x=[1x1x4096] + w=[5504x4096]  ->  y=[1x1x5504]  (T=1, K=1152)
  - op#13  op=FFN_W1   shard=1   x=[1x1x4096] + w=[5504x4096]  ->  y=[1x1x5504]  (T=1, K=1152)
  - op#14  op=FFN_W3   shard=1   x=[1x1x4096] + w=[5504x4096]  ->  y=[1x1x5504]  (T=1, K=1152)
  - op#15  op=SwiGLU   shard=1   a=[1x1x5504] + b=[1x1x5504]  ->  y=[1x1x5504]  (T=1, K=1152)
  - op#16  op=FFN_W2   shard=0   x=[1x1x5504] + w=[4096x5504]  ->  y=[1x1x4096]  (T=1, K=1152)
  - op#17  op=FFN_W2   shard=1   x=[1x1x5504] + w=[4096x5504]  ->  y=[1x1x4096]  (T=1, K=1152)
  - op#18  op=Add      shard=-1  a=[1x1x4096] + b=[1x1x4096]  ->  y=[1x1x4096]  (T=1, K=1152)
[gpu-debug] per-op timing breakdown (avg over iters):
  idx  op       sh  io                                                    time   est_flops    TFLOPs       bytes      GB/s
  ------------------------------------------------------------------------------------------------------------------------
    0  Q         0  x[1x1x4096]+w[2048x4096]->y[1x1x2048]               0.044ms    16.777 M      0.38   16.01 MiB    384.88
    1  Q         1  x[1x1x4096]+w[2048x4096]->y[1x1x2048]               0.032ms    16.777 M      0.52   16.01 MiB    520.51
    2  K         0  x[1x1x4096]+w[2048x4096]->y[1x1x2048]               0.029ms    16.777 M      0.57   16.01 MiB    575.30
    3  K         1  x[1x1x4096]+w[2048x4096]->y[1x1x2048]               0.030ms    16.777 M      0.56   16.01 MiB    555.80
    4  V         0  x[1x1x4096]+w[2048x4096]->y[1x1x2048]               0.029ms    16.777 M      0.58   16.01 MiB    577.32
    5  V         1  x[1x1x4096]+w[2048x4096]->y[1x1x2048]               0.030ms    16.777 M      0.55   16.01 MiB    553.92
    6  Softmax   0  scores[1x16x1x1152]->y[1x16x1x1152]                 0.020ms    92.160 K      0.00   72.00 KiB      3.73
    7  Softmax   1  scores[1x16x1x1152]->y[1x16x1x1152]                 0.017ms    92.160 K      0.01   72.00 KiB      4.31
    8  O         0  x[1x1x2048]+w[4096x2048]->y[1x1x4096]               0.026ms    16.777 M      0.66   16.01 MiB    655.84
    9  O         1  x[1x1x2048]+w[4096x2048]->y[1x1x4096]               0.027ms    16.777 M      0.62   16.01 MiB    618.72
   10  Add      -1  a[1x1x4096]+b[1x1x4096]->y[1x1x4096]                0.011ms     4.096 K      0.00   24.00 KiB      2.33
   11  FFN_W1    0  x[1x1x4096]+w[5504x4096]->y[1x1x5504]               0.057ms    45.089 M      0.78   43.02 MiB    785.22
   12  FFN_W3    0  x[1x1x4096]+w[5504x4096]->y[1x1x5504]               0.044ms    45.089 M      1.01   43.02 MiB   1014.99
   13  FFN_W1    1  x[1x1x4096]+w[5504x4096]->y[1x1x5504]               0.045ms    45.089 M      1.00   43.02 MiB   1003.43
   14  FFN_W3    1  x[1x1x4096]+w[5504x4096]->y[1x1x5504]               0.045ms    45.089 M      1.00   43.02 MiB    998.88
   15  SwiGLU    1  a[1x1x5504]+b[1x1x5504]->y[1x1x5504]                0.013ms    33.024 K      0.00   32.25 KiB      2.46
   16  FFN_W2    0  x[1x1x5504]+w[4096x5504]->y[1x1x4096]               0.048ms    45.089 M      0.95   43.02 MiB    949.37
   17  FFN_W2    1  x[1x1x5504]+w[4096x5504]->y[1x1x4096]               0.046ms    45.089 M      0.97   43.02 MiB    974.57
   18  Add      -1  a[1x1x4096]+b[1x1x4096]->y[1x1x4096]                0.009ms     4.096 K      0.00   24.00 KiB      2.73
[gpu-debug] segment avg latency (cuda_events): 0.505 ms
[gpu-debug] sum(per-op)               : 0.603 ms (ratio=1.195)
[gpu-debug] NOTE: sum(per-op) may differ from segment latency due to Python overhead, event/launch overhead, and allocator/cache effects.
[gpu-debug] cuda mem before warmup: alloc=400.24 MiB reserved=414.00 MiB
[gpu-debug] cuda mem after warmup : alloc=400.28 MiB reserved=414.00 MiB
[gpu-debug] cuda mem peak (this segment): max_alloc=400.31 MiB max_reserved=414.00 MiB
========================================================================================
[gpu-debug] segment_key=npu|decode|4|cb831580437a2754ddccf83aef8f2e46
[gpu-debug] sig: device_type=npu phase=decode step=4 (count_hint=32)
[gpu-debug] ops_repr: Q:0,Q:1,K:0,K:1,V:0,V:1,Softmax:0,Softmax:1,O:0,O:1,Add:-1,FFN_W1:0,FFN_W3:0,FFN_W1:1,FFN_W3:1,SwiGLU:1,FFN_W2:0,FFN_W2:1,Add:-1
[gpu-debug] cfg: device=cuda dtype=torch.bfloat16 batch=1 dim=4096 ffn_dim=11008 n_heads=32 shards=2
[gpu-debug] op plan (with inferred tensor shapes):
  - op#00  op=Q        shard=0   x=[1x1x4096] + w=[2048x4096]  ->  y=[1x1x2048]  (T=1, K=1216)
  - op#01  op=Q        shard=1   x=[1x1x4096] + w=[2048x4096]  ->  y=[1x1x2048]  (T=1, K=1216)
  - op#02  op=K        shard=0   x=[1x1x4096] + w=[2048x4096]  ->  y=[1x1x2048]  (T=1, K=1216)
  - op#03  op=K        shard=1   x=[1x1x4096] + w=[2048x4096]  ->  y=[1x1x2048]  (T=1, K=1216)
  - op#04  op=V        shard=0   x=[1x1x4096] + w=[2048x4096]  ->  y=[1x1x2048]  (T=1, K=1216)
  - op#05  op=V        shard=1   x=[1x1x4096] + w=[2048x4096]  ->  y=[1x1x2048]  (T=1, K=1216)
  - op#06  op=Softmax  shard=0   scores=[1x16x1x1216]  ->  y=[1x16x1x1216]  (T=1, K=1216)
  - op#07  op=Softmax  shard=1   scores=[1x16x1x1216]  ->  y=[1x16x1x1216]  (T=1, K=1216)
  - op#08  op=O        shard=0   x=[1x1x2048] + w=[4096x2048]  ->  y=[1x1x4096]  (T=1, K=1216)
  - op#09  op=O        shard=1   x=[1x1x2048] + w=[4096x2048]  ->  y=[1x1x4096]  (T=1, K=1216)
  - op#10  op=Add      shard=-1  a=[1x1x4096] + b=[1x1x4096]  ->  y=[1x1x4096]  (T=1, K=1216)
  - op#11  op=FFN_W1   shard=0   x=[1x1x4096] + w=[5504x4096]  ->  y=[1x1x5504]  (T=1, K=1216)
  - op#12  op=FFN_W3   shard=0   x=[1x1x4096] + w=[5504x4096]  ->  y=[1x1x5504]  (T=1, K=1216)
  - op#13  op=FFN_W1   shard=1   x=[1x1x4096] + w=[5504x4096]  ->  y=[1x1x5504]  (T=1, K=1216)
  - op#14  op=FFN_W3   shard=1   x=[1x1x4096] + w=[5504x4096]  ->  y=[1x1x5504]  (T=1, K=1216)
  - op#15  op=SwiGLU   shard=1   a=[1x1x5504] + b=[1x1x5504]  ->  y=[1x1x5504]  (T=1, K=1216)
  - op#16  op=FFN_W2   shard=0   x=[1x1x5504] + w=[4096x5504]  ->  y=[1x1x4096]  (T=1, K=1216)
  - op#17  op=FFN_W2   shard=1   x=[1x1x5504] + w=[4096x5504]  ->  y=[1x1x4096]  (T=1, K=1216)
  - op#18  op=Add      shard=-1  a=[1x1x4096] + b=[1x1x4096]  ->  y=[1x1x4096]  (T=1, K=1216)
[gpu-debug] per-op timing breakdown (avg over iters):
  idx  op       sh  io                                                    time   est_flops    TFLOPs       bytes      GB/s
  ------------------------------------------------------------------------------------------------------------------------
    0  Q         0  x[1x1x4096]+w[2048x4096]->y[1x1x2048]               0.044ms    16.777 M      0.38   16.01 MiB    381.30
    1  Q         1  x[1x1x4096]+w[2048x4096]->y[1x1x2048]               0.031ms    16.777 M      0.54   16.01 MiB    535.82
    2  K         0  x[1x1x4096]+w[2048x4096]->y[1x1x2048]               0.029ms    16.777 M      0.57   16.01 MiB    573.29
    3  K         1  x[1x1x4096]+w[2048x4096]->y[1x1x2048]               0.030ms    16.777 M      0.56   16.01 MiB    555.80
    4  V         0  x[1x1x4096]+w[2048x4096]->y[1x1x2048]               0.030ms    16.777 M      0.56   16.01 MiB    559.59
    5  V         1  x[1x1x4096]+w[2048x4096]->y[1x1x2048]               0.031ms    16.777 M      0.55   16.01 MiB    550.20
    6  Softmax   0  scores[1x16x1x1216]->y[1x16x1x1216]                 0.020ms    97.280 K      0.00   76.00 KiB      3.90
    7  Softmax   1  scores[1x16x1x1216]->y[1x16x1x1216]                 0.017ms    97.280 K      0.01   76.00 KiB      4.50
    8  O         0  x[1x1x2048]+w[4096x2048]->y[1x1x4096]               0.026ms    16.777 M      0.65   16.01 MiB    648.06
    9  O         1  x[1x1x2048]+w[4096x2048]->y[1x1x4096]               0.027ms    16.777 M      0.62   16.01 MiB    616.39
   10  Add      -1  a[1x1x4096]+b[1x1x4096]->y[1x1x4096]                0.011ms     4.096 K      0.00   24.00 KiB      2.22
   11  FFN_W1    0  x[1x1x4096]+w[5504x4096]->y[1x1x5504]               0.057ms    45.089 M      0.79   43.02 MiB    786.62
   12  FFN_W3    0  x[1x1x4096]+w[5504x4096]->y[1x1x5504]               0.044ms    45.089 M      1.02   43.02 MiB   1017.34
   13  FFN_W1    1  x[1x1x4096]+w[5504x4096]->y[1x1x5504]               0.045ms    45.089 M      1.01   43.02 MiB   1012.66
   14  FFN_W3    1  x[1x1x4096]+w[5504x4096]->y[1x1x5504]               0.046ms    45.089 M      0.99   43.02 MiB    985.48
   15  SwiGLU    1  a[1x1x5504]+b[1x1x5504]->y[1x1x5504]                0.013ms    33.024 K      0.00   32.25 KiB      2.46
   16  FFN_W2    0  x[1x1x5504]+w[4096x5504]->y[1x1x4096]               0.048ms    45.089 M      0.94   43.02 MiB    941.26
   17  FFN_W2    1  x[1x1x5504]+w[4096x5504]->y[1x1x4096]               0.047ms    45.089 M      0.95   43.02 MiB    951.42
   18  Add      -1  a[1x1x4096]+b[1x1x4096]->y[1x1x4096]                0.008ms     4.096 K      0.00   24.00 KiB      2.96
[gpu-debug] segment avg latency (cuda_events): 0.505 ms
[gpu-debug] sum(per-op)               : 0.606 ms (ratio=1.200)
[gpu-debug] NOTE: sum(per-op) may differ from segment latency due to Python overhead, event/launch overhead, and allocator/cache effects.
[gpu-debug] cuda mem before warmup: alloc=400.28 MiB reserved=414.00 MiB
[gpu-debug] cuda mem after warmup : alloc=400.32 MiB reserved=414.00 MiB
[gpu-debug] cuda mem peak (this segment): max_alloc=400.35 MiB max_reserved=414.00 MiB
========================================================================================
[gpu-debug] segment_key=npu|decode|5|cb831580437a2754ddccf83aef8f2e46
[gpu-debug] sig: device_type=npu phase=decode step=5 (count_hint=32)
[gpu-debug] ops_repr: Q:0,Q:1,K:0,K:1,V:0,V:1,Softmax:0,Softmax:1,O:0,O:1,Add:-1,FFN_W1:0,FFN_W3:0,FFN_W1:1,FFN_W3:1,SwiGLU:1,FFN_W2:0,FFN_W2:1,Add:-1
[gpu-debug] cfg: device=cuda dtype=torch.bfloat16 batch=1 dim=4096 ffn_dim=11008 n_heads=32 shards=2
[gpu-debug] op plan (with inferred tensor shapes):
  - op#00  op=Q        shard=0   x=[1x1x4096] + w=[2048x4096]  ->  y=[1x1x2048]  (T=1, K=1280)
  - op#01  op=Q        shard=1   x=[1x1x4096] + w=[2048x4096]  ->  y=[1x1x2048]  (T=1, K=1280)
  - op#02  op=K        shard=0   x=[1x1x4096] + w=[2048x4096]  ->  y=[1x1x2048]  (T=1, K=1280)
  - op#03  op=K        shard=1   x=[1x1x4096] + w=[2048x4096]  ->  y=[1x1x2048]  (T=1, K=1280)
  - op#04  op=V        shard=0   x=[1x1x4096] + w=[2048x4096]  ->  y=[1x1x2048]  (T=1, K=1280)
  - op#05  op=V        shard=1   x=[1x1x4096] + w=[2048x4096]  ->  y=[1x1x2048]  (T=1, K=1280)
  - op#06  op=Softmax  shard=0   scores=[1x16x1x1280]  ->  y=[1x16x1x1280]  (T=1, K=1280)
  - op#07  op=Softmax  shard=1   scores=[1x16x1x1280]  ->  y=[1x16x1x1280]  (T=1, K=1280)
  - op#08  op=O        shard=0   x=[1x1x2048] + w=[4096x2048]  ->  y=[1x1x4096]  (T=1, K=1280)
  - op#09  op=O        shard=1   x=[1x1x2048] + w=[4096x2048]  ->  y=[1x1x4096]  (T=1, K=1280)
  - op#10  op=Add      shard=-1  a=[1x1x4096] + b=[1x1x4096]  ->  y=[1x1x4096]  (T=1, K=1280)
  - op#11  op=FFN_W1   shard=0   x=[1x1x4096] + w=[5504x4096]  ->  y=[1x1x5504]  (T=1, K=1280)
  - op#12  op=FFN_W3   shard=0   x=[1x1x4096] + w=[5504x4096]  ->  y=[1x1x5504]  (T=1, K=1280)
  - op#13  op=FFN_W1   shard=1   x=[1x1x4096] + w=[5504x4096]  ->  y=[1x1x5504]  (T=1, K=1280)
  - op#14  op=FFN_W3   shard=1   x=[1x1x4096] + w=[5504x4096]  ->  y=[1x1x5504]  (T=1, K=1280)
  - op#15  op=SwiGLU   shard=1   a=[1x1x5504] + b=[1x1x5504]  ->  y=[1x1x5504]  (T=1, K=1280)
  - op#16  op=FFN_W2   shard=0   x=[1x1x5504] + w=[4096x5504]  ->  y=[1x1x4096]  (T=1, K=1280)
  - op#17  op=FFN_W2   shard=1   x=[1x1x5504] + w=[4096x5504]  ->  y=[1x1x4096]  (T=1, K=1280)
  - op#18  op=Add      shard=-1  a=[1x1x4096] + b=[1x1x4096]  ->  y=[1x1x4096]  (T=1, K=1280)
[gpu-debug] per-op timing breakdown (avg over iters):
  idx  op       sh  io                                                    time   est_flops    TFLOPs       bytes      GB/s
  ------------------------------------------------------------------------------------------------------------------------
    0  Q         0  x[1x1x4096]+w[2048x4096]->y[1x1x2048]               0.043ms    16.777 M      0.39   16.01 MiB    390.38
    1  Q         1  x[1x1x4096]+w[2048x4096]->y[1x1x2048]               0.032ms    16.777 M      0.53   16.01 MiB    527.20
    2  K         0  x[1x1x4096]+w[2048x4096]->y[1x1x2048]               0.029ms    16.777 M      0.59   16.01 MiB    585.57
    3  K         1  x[1x1x4096]+w[2048x4096]->y[1x1x2048]               0.029ms    16.777 M      0.57   16.01 MiB    569.31
    4  V         0  x[1x1x4096]+w[2048x4096]->y[1x1x2048]               0.029ms    16.777 M      0.58   16.01 MiB    579.36
    5  V         1  x[1x1x4096]+w[2048x4096]->y[1x1x2048]               0.029ms    16.777 M      0.57   16.01 MiB    571.29
    6  Softmax   0  scores[1x16x1x1280]->y[1x16x1x1280]                 0.020ms   102.400 K      0.01   80.00 KiB      4.08
    7  Softmax   1  scores[1x16x1x1280]->y[1x16x1x1280]                 0.017ms   102.400 K      0.01   80.00 KiB      4.85
    8  O         0  x[1x1x2048]+w[4096x2048]->y[1x1x4096]               0.028ms    16.777 M      0.60   16.01 MiB    598.39
    9  O         1  x[1x1x2048]+w[4096x2048]->y[1x1x4096]               0.029ms    16.777 M      0.58   16.01 MiB    583.49
   10  Add      -1  a[1x1x4096]+b[1x1x4096]->y[1x1x4096]                0.011ms     4.096 K      0.00   24.00 KiB      2.26
   11  FFN_W1    0  x[1x1x4096]+w[5504x4096]->y[1x1x5504]               0.057ms    45.089 M      0.79   43.02 MiB    790.86
   12  FFN_W3    0  x[1x1x4096]+w[5504x4096]->y[1x1x5504]               0.044ms    45.089 M      1.03   43.02 MiB   1034.06
   13  FFN_W1    1  x[1x1x4096]+w[5504x4096]->y[1x1x5504]               0.045ms    45.089 M      1.01   43.02 MiB   1010.34
   14  FFN_W3    1  x[1x1x4096]+w[5504x4096]->y[1x1x5504]               0.044ms    45.089 M      1.02   43.02 MiB   1017.34
   15  SwiGLU    1  a[1x1x5504]+b[1x1x5504]->y[1x1x5504]                0.013ms    33.024 K      0.00   32.25 KiB      2.54
   16  FFN_W2    0  x[1x1x5504]+w[4096x5504]->y[1x1x4096]               0.048ms    45.089 M      0.94   43.02 MiB    941.26
   17  FFN_W2    1  x[1x1x5504]+w[4096x5504]->y[1x1x4096]               0.046ms    45.089 M      0.98   43.02 MiB    978.91
   18  Add      -1  a[1x1x4096]+b[1x1x4096]->y[1x1x4096]                0.008ms     4.096 K      0.00   24.00 KiB      3.12
[gpu-debug] segment avg latency (cuda_events): 0.506 ms
[gpu-debug] sum(per-op)               : 0.601 ms (ratio=1.186)
[gpu-debug] NOTE: sum(per-op) may differ from segment latency due to Python overhead, event/launch overhead, and allocator/cache effects.
[gpu-debug] cuda mem before warmup: alloc=400.32 MiB reserved=414.00 MiB
[gpu-debug] cuda mem after warmup : alloc=400.36 MiB reserved=414.00 MiB
[gpu-debug] cuda mem peak (this segment): max_alloc=400.39 MiB max_reserved=414.00 MiB
========================================================================================
[gpu-debug] segment_key=npu|decode|6|cb831580437a2754ddccf83aef8f2e46
[gpu-debug] sig: device_type=npu phase=decode step=6 (count_hint=32)
[gpu-debug] ops_repr: Q:0,Q:1,K:0,K:1,V:0,V:1,Softmax:0,Softmax:1,O:0,O:1,Add:-1,FFN_W1:0,FFN_W3:0,FFN_W1:1,FFN_W3:1,SwiGLU:1,FFN_W2:0,FFN_W2:1,Add:-1
[gpu-debug] cfg: device=cuda dtype=torch.bfloat16 batch=1 dim=4096 ffn_dim=11008 n_heads=32 shards=2
[gpu-debug] op plan (with inferred tensor shapes):
  - op#00  op=Q        shard=0   x=[1x1x4096] + w=[2048x4096]  ->  y=[1x1x2048]  (T=1, K=1344)
  - op#01  op=Q        shard=1   x=[1x1x4096] + w=[2048x4096]  ->  y=[1x1x2048]  (T=1, K=1344)
  - op#02  op=K        shard=0   x=[1x1x4096] + w=[2048x4096]  ->  y=[1x1x2048]  (T=1, K=1344)
  - op#03  op=K        shard=1   x=[1x1x4096] + w=[2048x4096]  ->  y=[1x1x2048]  (T=1, K=1344)
  - op#04  op=V        shard=0   x=[1x1x4096] + w=[2048x4096]  ->  y=[1x1x2048]  (T=1, K=1344)
  - op#05  op=V        shard=1   x=[1x1x4096] + w=[2048x4096]  ->  y=[1x1x2048]  (T=1, K=1344)
  - op#06  op=Softmax  shard=0   scores=[1x16x1x1344]  ->  y=[1x16x1x1344]  (T=1, K=1344)
  - op#07  op=Softmax  shard=1   scores=[1x16x1x1344]  ->  y=[1x16x1x1344]  (T=1, K=1344)
  - op#08  op=O        shard=0   x=[1x1x2048] + w=[4096x2048]  ->  y=[1x1x4096]  (T=1, K=1344)
  - op#09  op=O        shard=1   x=[1x1x2048] + w=[4096x2048]  ->  y=[1x1x4096]  (T=1, K=1344)
  - op#10  op=Add      shard=-1  a=[1x1x4096] + b=[1x1x4096]  ->  y=[1x1x4096]  (T=1, K=1344)
  - op#11  op=FFN_W1   shard=0   x=[1x1x4096] + w=[5504x4096]  ->  y=[1x1x5504]  (T=1, K=1344)
  - op#12  op=FFN_W3   shard=0   x=[1x1x4096] + w=[5504x4096]  ->  y=[1x1x5504]  (T=1, K=1344)
  - op#13  op=FFN_W1   shard=1   x=[1x1x4096] + w=[5504x4096]  ->  y=[1x1x5504]  (T=1, K=1344)
  - op#14  op=FFN_W3   shard=1   x=[1x1x4096] + w=[5504x4096]  ->  y=[1x1x5504]  (T=1, K=1344)
  - op#15  op=SwiGLU   shard=1   a=[1x1x5504] + b=[1x1x5504]  ->  y=[1x1x5504]  (T=1, K=1344)
  - op#16  op=FFN_W2   shard=0   x=[1x1x5504] + w=[4096x5504]  ->  y=[1x1x4096]  (T=1, K=1344)
  - op#17  op=FFN_W2   shard=1   x=[1x1x5504] + w=[4096x5504]  ->  y=[1x1x4096]  (T=1, K=1344)
  - op#18  op=Add      shard=-1  a=[1x1x4096] + b=[1x1x4096]  ->  y=[1x1x4096]  (T=1, K=1344)
[gpu-debug] per-op timing breakdown (avg over iters):
  idx  op       sh  io                                                    time   est_flops    TFLOPs       bytes      GB/s
  ------------------------------------------------------------------------------------------------------------------------
    0  Q         0  x[1x1x4096]+w[2048x4096]->y[1x1x2048]               0.042ms    16.777 M      0.39   16.01 MiB    395.08
    1  Q         1  x[1x1x4096]+w[2048x4096]->y[1x1x2048]               0.031ms    16.777 M      0.54   16.01 MiB    537.57
    2  K         0  x[1x1x4096]+w[2048x4096]->y[1x1x2048]               0.028ms    16.777 M      0.59   16.01 MiB    591.91
    3  K         1  x[1x1x4096]+w[2048x4096]->y[1x1x2048]               0.029ms    16.777 M      0.57   16.01 MiB    571.29
    4  V         0  x[1x1x4096]+w[2048x4096]->y[1x1x2048]               0.028ms    16.777 M      0.60   16.01 MiB    605.02
    5  V         1  x[1x1x4096]+w[2048x4096]->y[1x1x2048]               0.028ms    16.777 M      0.60   16.01 MiB    598.39
    6  Softmax   0  scores[1x16x1x1344]->y[1x16x1x1344]                 0.019ms   107.520 K      0.01   84.00 KiB      4.42
    7  Softmax   1  scores[1x16x1x1344]->y[1x16x1x1344]                 0.016ms   107.520 K      0.01   84.00 KiB      5.25
    8  O         0  x[1x1x2048]+w[4096x2048]->y[1x1x4096]               0.030ms    16.777 M      0.55   16.01 MiB    552.05
    9  O         1  x[1x1x2048]+w[4096x2048]->y[1x1x4096]               0.030ms    16.777 M      0.56   16.01 MiB    559.59
   10  Add      -1  a[1x1x4096]+b[1x1x4096]->y[1x1x4096]                0.013ms     4.096 K      0.00   24.00 KiB      1.90
   11  FFN_W1    0  x[1x1x4096]+w[5504x4096]->y[1x1x5504]               0.056ms    45.089 M      0.80   43.02 MiB    803.85
   12  FFN_W3    0  x[1x1x4096]+w[5504x4096]->y[1x1x5504]               0.044ms    45.089 M      1.03   43.02 MiB   1034.06
   13  FFN_W1    1  x[1x1x4096]+w[5504x4096]->y[1x1x5504]               0.043ms    45.089 M      1.04   43.02 MiB   1038.93
   14  FFN_W3    1  x[1x1x4096]+w[5504x4096]->y[1x1x5504]               0.044ms    45.089 M      1.03   43.02 MiB   1029.22
   15  SwiGLU    1  a[1x1x5504]+b[1x1x5504]->y[1x1x5504]                0.013ms    33.024 K      0.00   32.25 KiB      2.56
   16  FFN_W2    0  x[1x1x5504]+w[4096x5504]->y[1x1x4096]               0.046ms    45.089 M      0.98   43.02 MiB    981.09
   17  FFN_W2    1  x[1x1x5504]+w[4096x5504]->y[1x1x4096]               0.045ms    45.089 M      1.00   43.02 MiB    996.62
   18  Add      -1  a[1x1x4096]+b[1x1x4096]->y[1x1x4096]                0.007ms     4.096 K      0.00   24.00 KiB      3.29
[gpu-debug] segment avg latency (cuda_events): 0.481 ms
[gpu-debug] sum(per-op)               : 0.595 ms (ratio=1.238)
[gpu-debug] NOTE: sum(per-op) may differ from segment latency due to Python overhead, event/launch overhead, and allocator/cache effects.
[gpu-debug] cuda mem before warmup: alloc=400.36 MiB reserved=414.00 MiB
[gpu-debug] cuda mem after warmup : alloc=400.40 MiB reserved=414.00 MiB
[gpu-debug] cuda mem peak (this segment): max_alloc=400.44 MiB max_reserved=414.00 MiB
========================================================================================
[gpu-debug] segment_key=npu|decode|7|cb831580437a2754ddccf83aef8f2e46
[gpu-debug] sig: device_type=npu phase=decode step=7 (count_hint=32)
[gpu-debug] ops_repr: Q:0,Q:1,K:0,K:1,V:0,V:1,Softmax:0,Softmax:1,O:0,O:1,Add:-1,FFN_W1:0,FFN_W3:0,FFN_W1:1,FFN_W3:1,SwiGLU:1,FFN_W2:0,FFN_W2:1,Add:-1
[gpu-debug] cfg: device=cuda dtype=torch.bfloat16 batch=1 dim=4096 ffn_dim=11008 n_heads=32 shards=2
[gpu-debug] op plan (with inferred tensor shapes):
  - op#00  op=Q        shard=0   x=[1x1x4096] + w=[2048x4096]  ->  y=[1x1x2048]  (T=1, K=1408)
  - op#01  op=Q        shard=1   x=[1x1x4096] + w=[2048x4096]  ->  y=[1x1x2048]  (T=1, K=1408)
  - op#02  op=K        shard=0   x=[1x1x4096] + w=[2048x4096]  ->  y=[1x1x2048]  (T=1, K=1408)
  - op#03  op=K        shard=1   x=[1x1x4096] + w=[2048x4096]  ->  y=[1x1x2048]  (T=1, K=1408)
  - op#04  op=V        shard=0   x=[1x1x4096] + w=[2048x4096]  ->  y=[1x1x2048]  (T=1, K=1408)
  - op#05  op=V        shard=1   x=[1x1x4096] + w=[2048x4096]  ->  y=[1x1x2048]  (T=1, K=1408)
  - op#06  op=Softmax  shard=0   scores=[1x16x1x1408]  ->  y=[1x16x1x1408]  (T=1, K=1408)
  - op#07  op=Softmax  shard=1   scores=[1x16x1x1408]  ->  y=[1x16x1x1408]  (T=1, K=1408)
  - op#08  op=O        shard=0   x=[1x1x2048] + w=[4096x2048]  ->  y=[1x1x4096]  (T=1, K=1408)
  - op#09  op=O        shard=1   x=[1x1x2048] + w=[4096x2048]  ->  y=[1x1x4096]  (T=1, K=1408)
  - op#10  op=Add      shard=-1  a=[1x1x4096] + b=[1x1x4096]  ->  y=[1x1x4096]  (T=1, K=1408)
  - op#11  op=FFN_W1   shard=0   x=[1x1x4096] + w=[5504x4096]  ->  y=[1x1x5504]  (T=1, K=1408)
  - op#12  op=FFN_W3   shard=0   x=[1x1x4096] + w=[5504x4096]  ->  y=[1x1x5504]  (T=1, K=1408)
  - op#13  op=FFN_W1   shard=1   x=[1x1x4096] + w=[5504x4096]  ->  y=[1x1x5504]  (T=1, K=1408)
  - op#14  op=FFN_W3   shard=1   x=[1x1x4096] + w=[5504x4096]  ->  y=[1x1x5504]  (T=1, K=1408)
  - op#15  op=SwiGLU   shard=1   a=[1x1x5504] + b=[1x1x5504]  ->  y=[1x1x5504]  (T=1, K=1408)
  - op#16  op=FFN_W2   shard=0   x=[1x1x5504] + w=[4096x5504]  ->  y=[1x1x4096]  (T=1, K=1408)
  - op#17  op=FFN_W2   shard=1   x=[1x1x5504] + w=[4096x5504]  ->  y=[1x1x4096]  (T=1, K=1408)
  - op#18  op=Add      shard=-1  a=[1x1x4096] + b=[1x1x4096]  ->  y=[1x1x4096]  (T=1, K=1408)
[gpu-debug] per-op timing breakdown (avg over iters):
  idx  op       sh  io                                                    time   est_flops    TFLOPs       bytes      GB/s
  ------------------------------------------------------------------------------------------------------------------------
    0  Q         0  x[1x1x4096]+w[2048x4096]->y[1x1x2048]               0.043ms    16.777 M      0.39   16.01 MiB    394.13
    1  Q         1  x[1x1x4096]+w[2048x4096]->y[1x1x2048]               0.031ms    16.777 M      0.54   16.01 MiB    539.34
    2  K         0  x[1x1x4096]+w[2048x4096]->y[1x1x2048]               0.028ms    16.777 M      0.60   16.01 MiB    596.22
    3  K         1  x[1x1x4096]+w[2048x4096]->y[1x1x2048]               0.029ms    16.777 M      0.57   16.01 MiB    573.29
    4  V         0  x[1x1x4096]+w[2048x4096]->y[1x1x2048]               0.028ms    16.777 M      0.59   16.01 MiB    594.06
    5  V         1  x[1x1x4096]+w[2048x4096]->y[1x1x2048]               0.029ms    16.777 M      0.59   16.01 MiB    587.67
    6  Softmax   0  scores[1x16x1x1408]->y[1x16x1x1408]                 0.020ms   112.640 K      0.01   88.00 KiB      4.61
    7  Softmax   1  scores[1x16x1x1408]->y[1x16x1x1408]                 0.017ms   112.640 K      0.01   88.00 KiB      5.37
    8  O         0  x[1x1x2048]+w[4096x2048]->y[1x1x4096]               0.029ms    16.777 M      0.58   16.01 MiB    579.36
    9  O         1  x[1x1x2048]+w[4096x2048]->y[1x1x4096]               0.030ms    16.777 M      0.55   16.01 MiB    552.05
   10  Add      -1  a[1x1x4096]+b[1x1x4096]->y[1x1x4096]                0.013ms     4.096 K      0.00   24.00 KiB      1.94
   11  FFN_W1    0  x[1x1x4096]+w[5504x4096]->y[1x1x5504]               0.057ms    45.089 M      0.79   43.02 MiB    795.14
   12  FFN_W3    0  x[1x1x4096]+w[5504x4096]->y[1x1x5504]               0.043ms    45.089 M      1.05   43.02 MiB   1051.33
   13  FFN_W1    1  x[1x1x4096]+w[5504x4096]->y[1x1x5504]               0.043ms    45.089 M      1.05   43.02 MiB   1048.83
   14  FFN_W3    1  x[1x1x4096]+w[5504x4096]->y[1x1x5504]               0.044ms    45.089 M      1.04   43.02 MiB   1036.49
   15  SwiGLU    1  a[1x1x5504]+b[1x1x5504]->y[1x1x5504]                0.012ms    33.024 K      0.00   32.25 KiB      2.71
   16  FFN_W2    0  x[1x1x5504]+w[4096x5504]->y[1x1x4096]               0.045ms    45.089 M      0.99   43.02 MiB    992.13
   17  FFN_W2    1  x[1x1x5504]+w[4096x5504]->y[1x1x4096]               0.045ms    45.089 M      1.00   43.02 MiB    998.88
   18  Add      -1  a[1x1x4096]+b[1x1x4096]->y[1x1x4096]                0.008ms     4.096 K      0.00   24.00 KiB      3.00
[gpu-debug] segment avg latency (cuda_events): 0.481 ms
[gpu-debug] sum(per-op)               : 0.594 ms (ratio=1.235)
[gpu-debug] NOTE: sum(per-op) may differ from segment latency due to Python overhead, event/launch overhead, and allocator/cache effects.
[gpu-debug] cuda mem before warmup: alloc=400.40 MiB reserved=414.00 MiB
[gpu-debug] cuda mem after warmup : alloc=400.44 MiB reserved=414.00 MiB
[gpu-debug] cuda mem peak (this segment): max_alloc=400.48 MiB max_reserved=414.00 MiB
========================================================================================
[gpu-debug] segment_key=npu|decode|8|cb831580437a2754ddccf83aef8f2e46
[gpu-debug] sig: device_type=npu phase=decode step=8 (count_hint=32)
[gpu-debug] ops_repr: Q:0,Q:1,K:0,K:1,V:0,V:1,Softmax:0,Softmax:1,O:0,O:1,Add:-1,FFN_W1:0,FFN_W3:0,FFN_W1:1,FFN_W3:1,SwiGLU:1,FFN_W2:0,FFN_W2:1,Add:-1
[gpu-debug] cfg: device=cuda dtype=torch.bfloat16 batch=1 dim=4096 ffn_dim=11008 n_heads=32 shards=2
[gpu-debug] op plan (with inferred tensor shapes):
  - op#00  op=Q        shard=0   x=[1x1x4096] + w=[2048x4096]  ->  y=[1x1x2048]  (T=1, K=1472)
  - op#01  op=Q        shard=1   x=[1x1x4096] + w=[2048x4096]  ->  y=[1x1x2048]  (T=1, K=1472)
  - op#02  op=K        shard=0   x=[1x1x4096] + w=[2048x4096]  ->  y=[1x1x2048]  (T=1, K=1472)
  - op#03  op=K        shard=1   x=[1x1x4096] + w=[2048x4096]  ->  y=[1x1x2048]  (T=1, K=1472)
  - op#04  op=V        shard=0   x=[1x1x4096] + w=[2048x4096]  ->  y=[1x1x2048]  (T=1, K=1472)
  - op#05  op=V        shard=1   x=[1x1x4096] + w=[2048x4096]  ->  y=[1x1x2048]  (T=1, K=1472)
  - op#06  op=Softmax  shard=0   scores=[1x16x1x1472]  ->  y=[1x16x1x1472]  (T=1, K=1472)
  - op#07  op=Softmax  shard=1   scores=[1x16x1x1472]  ->  y=[1x16x1x1472]  (T=1, K=1472)
  - op#08  op=O        shard=0   x=[1x1x2048] + w=[4096x2048]  ->  y=[1x1x4096]  (T=1, K=1472)
  - op#09  op=O        shard=1   x=[1x1x2048] + w=[4096x2048]  ->  y=[1x1x4096]  (T=1, K=1472)
  - op#10  op=Add      shard=-1  a=[1x1x4096] + b=[1x1x4096]  ->  y=[1x1x4096]  (T=1, K=1472)
  - op#11  op=FFN_W1   shard=0   x=[1x1x4096] + w=[5504x4096]  ->  y=[1x1x5504]  (T=1, K=1472)
  - op#12  op=FFN_W3   shard=0   x=[1x1x4096] + w=[5504x4096]  ->  y=[1x1x5504]  (T=1, K=1472)
  - op#13  op=FFN_W1   shard=1   x=[1x1x4096] + w=[5504x4096]  ->  y=[1x1x5504]  (T=1, K=1472)
  - op#14  op=FFN_W3   shard=1   x=[1x1x4096] + w=[5504x4096]  ->  y=[1x1x5504]  (T=1, K=1472)
  - op#15  op=SwiGLU   shard=1   a=[1x1x5504] + b=[1x1x5504]  ->  y=[1x1x5504]  (T=1, K=1472)
  - op#16  op=FFN_W2   shard=0   x=[1x1x5504] + w=[4096x5504]  ->  y=[1x1x4096]  (T=1, K=1472)
  - op#17  op=FFN_W2   shard=1   x=[1x1x5504] + w=[4096x5504]  ->  y=[1x1x4096]  (T=1, K=1472)
  - op#18  op=Add      shard=-1  a=[1x1x4096] + b=[1x1x4096]  ->  y=[1x1x4096]  (T=1, K=1472)
[gpu-debug] per-op timing breakdown (avg over iters):
  idx  op       sh  io                                                    time   est_flops    TFLOPs       bytes      GB/s
  ------------------------------------------------------------------------------------------------------------------------
    0  Q         0  x[1x1x4096]+w[2048x4096]->y[1x1x2048]               0.044ms    16.777 M      0.38   16.01 MiB    383.08
    1  Q         1  x[1x1x4096]+w[2048x4096]->y[1x1x2048]               0.032ms    16.777 M      0.53   16.01 MiB    525.51
    2  K         0  x[1x1x4096]+w[2048x4096]->y[1x1x2048]               0.029ms    16.777 M      0.58   16.01 MiB    583.49
    3  K         1  x[1x1x4096]+w[2048x4096]->y[1x1x2048]               0.029ms    16.777 M      0.57   16.01 MiB    571.29
    4  V         0  x[1x1x4096]+w[2048x4096]->y[1x1x2048]               0.028ms    16.777 M      0.59   16.01 MiB    594.06
    5  V         1  x[1x1x4096]+w[2048x4096]->y[1x1x2048]               0.028ms    16.777 M      0.60   16.01 MiB    598.39
    6  Softmax   0  scores[1x16x1x1472]->y[1x16x1x1472]                 0.020ms   117.760 K      0.01   92.00 KiB      4.77
    7  Softmax   1  scores[1x16x1x1472]->y[1x16x1x1472]                 0.017ms   117.760 K      0.01   92.00 KiB      5.58
    8  O         0  x[1x1x2048]+w[4096x2048]->y[1x1x4096]               0.029ms    16.777 M      0.57   16.01 MiB    575.30
    9  O         1  x[1x1x2048]+w[4096x2048]->y[1x1x4096]               0.031ms    16.777 M      0.55   16.01 MiB    546.53
   10  Add      -1  a[1x1x4096]+b[1x1x4096]->y[1x1x4096]                0.013ms     4.096 K      0.00   24.00 KiB      1.90
   11  FFN_W1    0  x[1x1x4096]+w[5504x4096]->y[1x1x5504]               0.056ms    45.089 M      0.80   43.02 MiB    799.47
   12  FFN_W3    0  x[1x1x4096]+w[5504x4096]->y[1x1x5504]               0.043ms    45.089 M      1.06   43.02 MiB   1056.37
   13  FFN_W1    1  x[1x1x4096]+w[5504x4096]->y[1x1x5504]               0.043ms    45.089 M      1.05   43.02 MiB   1046.34
   14  FFN_W3    1  x[1x1x4096]+w[5504x4096]->y[1x1x5504]               0.044ms    45.089 M      1.02   43.02 MiB   1022.06
   15  SwiGLU    1  a[1x1x5504]+b[1x1x5504]->y[1x1x5504]                0.012ms    33.024 K      0.00   32.25 KiB      2.67
   16  FFN_W2    0  x[1x1x5504]+w[4096x5504]->y[1x1x4096]               0.046ms    45.089 M      0.98   43.02 MiB    978.91
   17  FFN_W2    1  x[1x1x5504]+w[4096x5504]->y[1x1x4096]               0.045ms    45.089 M      0.99   43.02 MiB    992.13
   18  Add      -1  a[1x1x4096]+b[1x1x4096]->y[1x1x4096]                0.008ms     4.096 K      0.00   24.00 KiB      3.24
[gpu-debug] segment avg latency (cuda_events): 0.481 ms
[gpu-debug] sum(per-op)               : 0.598 ms (ratio=1.243)
[gpu-debug] NOTE: sum(per-op) may differ from segment latency due to Python overhead, event/launch overhead, and allocator/cache effects.
[gpu-debug] cuda mem before warmup: alloc=400.44 MiB reserved=414.00 MiB
[gpu-debug] cuda mem after warmup : alloc=400.48 MiB reserved=414.00 MiB
[gpu-debug] cuda mem peak (this segment): max_alloc=400.53 MiB max_reserved=414.00 MiB
========================================================================================
[gpu-debug] segment_key=npu|prefill|-1|0dcd1718e40c0ca622f960dfe34b1859
[gpu-debug] sig: device_type=npu phase=prefill step=-1 (count_hint=32)
[gpu-debug] ops_repr: LN:-1,Q:0,Q:1,K:0,K:1,V:0,V:1,QK:0,QK:1,Softmax:0,Softmax:1,SV:0,SV:1,O:0,O:1,Add:-1,LN:-1,FFN_W1:0,FFN_W3:0,FFN_W1:1,FFN_W3:1,SwiGLU:0,SwiGLU:1,FFN_W2:0,FFN_W2:1,Add:-1
[gpu-debug] cfg: device=cuda dtype=torch.bfloat16 batch=1 dim=4096 ffn_dim=11008 n_heads=32 shards=2
[gpu-debug] op plan (with inferred tensor shapes):
  - op#00  op=LN       shard=-1  x=[1x1024x4096] + w=[4096]  ->  y=[1x1024x4096]  (T=1024, K=1024)
  - op#01  op=Q        shard=0   x=[1x1024x4096] + w=[2048x4096]  ->  y=[1x1024x2048]  (T=1024, K=1024)
  - op#02  op=Q        shard=1   x=[1x1024x4096] + w=[2048x4096]  ->  y=[1x1024x2048]  (T=1024, K=1024)
  - op#03  op=K        shard=0   x=[1x1024x4096] + w=[2048x4096]  ->  y=[1x1024x2048]  (T=1024, K=1024)
  - op#04  op=K        shard=1   x=[1x1024x4096] + w=[2048x4096]  ->  y=[1x1024x2048]  (T=1024, K=1024)
  - op#05  op=V        shard=0   x=[1x1024x4096] + w=[2048x4096]  ->  y=[1x1024x2048]  (T=1024, K=1024)
  - op#06  op=V        shard=1   x=[1x1024x4096] + w=[2048x4096]  ->  y=[1x1024x2048]  (T=1024, K=1024)
  - op#07  op=QK       shard=0   q=[1x16x1024x128] + k=[1x16x128x1024]  ->  y=[1x16x1024x1024]  (T=1024, K=1024)
  - op#08  op=QK       shard=1   q=[1x16x1024x128] + k=[1x16x128x1024]  ->  y=[1x16x1024x1024]  (T=1024, K=1024)
  - op#09  op=Softmax  shard=0   scores=[1x16x1024x1024]  ->  y=[1x16x1024x1024]  (T=1024, K=1024)
  - op#10  op=Softmax  shard=1   scores=[1x16x1024x1024]  ->  y=[1x16x1024x1024]  (T=1024, K=1024)
  - op#11  op=SV       shard=0   p=[1x16x1024x1024] + v=[1x16x1024x128]  ->  y=[1x16x1024x128]  (T=1024, K=1024)
  - op#12  op=SV       shard=1   p=[1x16x1024x1024] + v=[1x16x1024x128]  ->  y=[1x16x1024x128]  (T=1024, K=1024)
  - op#13  op=O        shard=0   x=[1x1024x2048] + w=[4096x2048]  ->  y=[1x1024x4096]  (T=1024, K=1024)
  - op#14  op=O        shard=1   x=[1x1024x2048] + w=[4096x2048]  ->  y=[1x1024x4096]  (T=1024, K=1024)
  - op#15  op=Add      shard=-1  a=[1x1024x4096] + b=[1x1024x4096]  ->  y=[1x1024x4096]  (T=1024, K=1024)
  - op#16  op=LN       shard=-1  x=[1x1024x4096] + w=[4096]  ->  y=[1x1024x4096]  (T=1024, K=1024)
  - op#17  op=FFN_W1   shard=0   x=[1x1024x4096] + w=[5504x4096]  ->  y=[1x1024x5504]  (T=1024, K=1024)
  - op#18  op=FFN_W3   shard=0   x=[1x1024x4096] + w=[5504x4096]  ->  y=[1x1024x5504]  (T=1024, K=1024)
  - op#19  op=FFN_W1   shard=1   x=[1x1024x4096] + w=[5504x4096]  ->  y=[1x1024x5504]  (T=1024, K=1024)
  - op#20  op=FFN_W3   shard=1   x=[1x1024x4096] + w=[5504x4096]  ->  y=[1x1024x5504]  (T=1024, K=1024)
  - op#21  op=SwiGLU   shard=0   a=[1x1024x5504] + b=[1x1024x5504]  ->  y=[1x1024x5504]  (T=1024, K=1024)
  - op#22  op=SwiGLU   shard=1   a=[1x1024x5504] + b=[1x1024x5504]  ->  y=[1x1024x5504]  (T=1024, K=1024)
  - op#23  op=FFN_W2   shard=0   x=[1x1024x5504] + w=[4096x5504]  ->  y=[1x1024x4096]  (T=1024, K=1024)
  - op#24  op=FFN_W2   shard=1   x=[1x1024x5504] + w=[4096x5504]  ->  y=[1x1024x4096]  (T=1024, K=1024)
  - op#25  op=Add      shard=-1  a=[1x1024x4096] + b=[1x1024x4096]  ->  y=[1x1024x4096]  (T=1024, K=1024)
[gpu-debug] per-op timing breakdown (avg over iters):
  idx  op       sh  io                                                    time   est_flops    TFLOPs       bytes      GB/s
  ------------------------------------------------------------------------------------------------------------------------
    0  LN       -1  x[1x1024x4096]+w[4096]->y[1x1024x4096]              0.100ms    20.972 M      0.21   16.01 MiB    168.12
    1  Q         0  x[1x1024x4096]+w[2048x4096]->y[1x1024x2048]         0.129ms    17.180 G    133.26   28.00 MiB    227.74
    2  Q         1  x[1x1024x4096]+w[2048x4096]->y[1x1024x2048]         0.128ms    17.180 G    134.22   28.00 MiB    229.38
    3  K         0  x[1x1024x4096]+w[2048x4096]->y[1x1024x2048]         0.127ms    17.180 G    134.76   28.00 MiB    230.30
    4  K         1  x[1x1024x4096]+w[2048x4096]->y[1x1024x2048]         0.128ms    17.180 G    134.54   28.00 MiB    229.93
    5  V         0  x[1x1024x4096]+w[2048x4096]->y[1x1024x2048]         0.127ms    17.180 G    134.97   28.00 MiB    230.67
    6  V         1  x[1x1024x4096]+w[2048x4096]->y[1x1024x2048]         0.128ms    17.180 G    134.22   28.00 MiB    229.38
    7  QK        0  q[1x16x1024x128]+k[1x16x128x1024]->y[1x16x1...      0.123ms     4.295 G     35.04   40.00 MiB    342.19
    8  QK        1  q[1x16x1024x128]+k[1x16x128x1024]->y[1x16x1...      0.125ms     4.295 G     34.30   40.00 MiB    334.91
    9  Softmax   0  scores[1x16x1024x1024]->y[1x16x1024x1024]           0.080ms    83.886 M      1.04   64.00 MiB    833.79
   10  Softmax   1  scores[1x16x1024x1024]->y[1x16x1024x1024]           0.078ms    83.886 M      1.08   64.00 MiB    860.05
   11  SV        0  p[1x16x1024x1024]+v[1x16x1024x128]->y[1x16x...      0.063ms     4.295 G     67.65   40.00 MiB    660.65
   12  SV        1  p[1x16x1024x1024]+v[1x16x1024x128]->y[1x16x...      0.060ms     4.295 G     71.94   40.00 MiB    702.57
   13  O         0  x[1x1024x2048]+w[4096x2048]->y[1x1024x4096]         0.155ms    17.180 G    110.52   28.00 MiB    188.88
   14  O         1  x[1x1024x2048]+w[4096x2048]->y[1x1024x4096]         0.155ms    17.180 G    110.96   28.00 MiB    189.63
   15  Add      -1  a[1x1024x4096]+b[1x1024x4096]->y[1x1024x4096]       0.016ms     4.194 M      0.27   24.00 MiB   1616.84
   16  LN       -1  x[1x1024x4096]+w[4096]->y[1x1024x4096]              0.087ms    20.972 M      0.24   16.01 MiB    192.85
   17  FFN_W1    0  x[1x1024x4096]+w[5504x4096]->y[1x1024x5504]         0.288ms    46.171 G    160.12   61.75 MiB    224.55
   18  FFN_W3    0  x[1x1024x4096]+w[5504x4096]->y[1x1024x5504]         0.288ms    46.171 G    160.34   61.75 MiB    224.86
   19  FFN_W1    1  x[1x1024x4096]+w[5504x4096]->y[1x1024x5504]         0.288ms    46.171 G    160.06   61.75 MiB    224.47
   20  FFN_W3    1  x[1x1024x4096]+w[5504x4096]->y[1x1024x5504]         0.288ms    46.171 G    160.40   61.75 MiB    224.94
   21  SwiGLU    0  a[1x1024x5504]+b[1x1024x5504]->y[1x1024x5504]       0.037ms    33.817 M      0.91   32.25 MiB    912.27
   22  SwiGLU    1  a[1x1024x5504]+b[1x1024x5504]->y[1x1024x5504]       0.038ms    33.817 M      0.88   32.25 MiB    882.99
   23  FFN_W2    0  x[1x1024x5504]+w[4096x5504]->y[1x1024x4096]         0.379ms    46.171 G    121.93   61.75 MiB    170.99
   24  FFN_W2    1  x[1x1024x5504]+w[4096x5504]->y[1x1024x4096]         0.379ms    46.171 G    121.83   61.75 MiB    170.85
   25  Add      -1  a[1x1024x4096]+b[1x1024x4096]->y[1x1024x4096]       0.017ms     4.194 M      0.24   24.00 MiB   1445.65
[gpu-debug] segment avg latency (cuda_events): 3.719 ms
[gpu-debug] sum(per-op)               : 3.813 ms (ratio=1.025)
[gpu-debug] NOTE: sum(per-op) may differ from segment latency due to Python overhead, event/launch overhead, and allocator/cache effects.
[gpu-debug] cuda mem before warmup: alloc=400.48 MiB reserved=414.00 MiB
[gpu-debug] cuda mem after warmup : alloc=463.24 MiB reserved=574.00 MiB
[gpu-debug] cuda mem peak (this segment): max_alloc=527.24 MiB max_reserved=574.00 MiB
  progress 10/10
