[run-gpu] tasks=3 warmup=3 iters=10 device=cuda dtype=bf16 batch=1 segment_scope=layer
[run-gpu] extra weight_load_s=0.400513s (will be added in merge)
[run-gpu] GPU[0] NVIDIA A100-PCIE-40GB; SM=108, CC=8.0
[run-gpu] nvidia-smi -L: GPU 0: NVIDIA A100-PCIE-40GB (UUID: GPU-10fd0274-d52f-ca61-05e2-aaf982e4391e)
[run-gpu] nvidia-smi query: NVIDIA A100-PCIE-40GB, GPU-10fd0274-d52f-ca61-05e2-aaf982e4391e, 560.35.03, 40960
[run-gpu][debug] torch_default_dtype=torch.float32
[run-gpu][debug] torch.backends.cuda.matmul.allow_tf32=False
[run-gpu][debug] cudnn.enabled=True benchmark=False deterministic=False allow_tf32=True
[run-gpu][debug] nvidia-smi snapshot: 0, 0, 0, 4, 40960, 32, 32.80, 250.00
========================================================================================
[gpu-debug] segment_key=npu|decode|0|7fab85ced5567d7150284b92ed1437bd
[gpu-debug] sig: device_type=npu phase=decode step=0 (count_hint=32)
[gpu-debug] ops_repr: Q:0,Q:1,K:0,K:1,V:0,V:1,Softmax:0,Softmax:1,O:0,O:1,Add:-1,FFN_W3:0,FFN_W3:1,FFN_W1:0,SwiGLU:0,FFN_W2:0,FFN_W1:1,SwiGLU:1,FFN_W2:1,Add:-1
[gpu-debug] cfg: device=cuda dtype=torch.bfloat16 batch=1 dim=4096 ffn_dim=11008 n_heads=32 shards=2
[gpu-debug] op plan (with inferred tensor shapes):
  - op#00  op=Q        shard=0   x=[1x1x4096] + w=[2048x4096]  ->  y=[1x1x2048]  (T=1, K=1025)
  - op#01  op=Q        shard=1   x=[1x1x4096] + w=[2048x4096]  ->  y=[1x1x2048]  (T=1, K=1025)
  - op#02  op=K        shard=0   x=[1x1x4096] + w=[2048x4096]  ->  y=[1x1x2048]  (T=1, K=1025)
  - op#03  op=K        shard=1   x=[1x1x4096] + w=[2048x4096]  ->  y=[1x1x2048]  (T=1, K=1025)
  - op#04  op=V        shard=0   x=[1x1x4096] + w=[2048x4096]  ->  y=[1x1x2048]  (T=1, K=1025)
  - op#05  op=V        shard=1   x=[1x1x4096] + w=[2048x4096]  ->  y=[1x1x2048]  (T=1, K=1025)
  - op#06  op=Softmax  shard=0   scores=[1x16x1x1025]  ->  y=[1x16x1x1025]  (T=1, K=1025)
  - op#07  op=Softmax  shard=1   scores=[1x16x1x1025]  ->  y=[1x16x1x1025]  (T=1, K=1025)
  - op#08  op=O        shard=0   x=[1x1x2048] + w=[4096x2048]  ->  y=[1x1x4096]  (T=1, K=1025)
  - op#09  op=O        shard=1   x=[1x1x2048] + w=[4096x2048]  ->  y=[1x1x4096]  (T=1, K=1025)
  - op#10  op=Add      shard=-1  a=[1x1x4096] + b=[1x1x4096]  ->  y=[1x1x4096]  (T=1, K=1025)
  - op#11  op=FFN_W3   shard=0   x=[1x1x4096] + w=[5504x4096]  ->  y=[1x1x5504]  (T=1, K=1025)
  - op#12  op=FFN_W3   shard=1   x=[1x1x4096] + w=[5504x4096]  ->  y=[1x1x5504]  (T=1, K=1025)
  - op#13  op=FFN_W1   shard=0   x=[1x1x4096] + w=[5504x4096]  ->  y=[1x1x5504]  (T=1, K=1025)
  - op#14  op=SwiGLU   shard=0   a=[1x1x5504] + b=[1x1x5504]  ->  y=[1x1x5504]  (T=1, K=1025)
  - op#15  op=FFN_W2   shard=0   x=[1x1x5504] + w=[4096x5504]  ->  y=[1x1x4096]  (T=1, K=1025)
  - op#16  op=FFN_W1   shard=1   x=[1x1x4096] + w=[5504x4096]  ->  y=[1x1x5504]  (T=1, K=1025)
  - op#17  op=SwiGLU   shard=1   a=[1x1x5504] + b=[1x1x5504]  ->  y=[1x1x5504]  (T=1, K=1025)
  - op#18  op=FFN_W2   shard=1   x=[1x1x5504] + w=[4096x5504]  ->  y=[1x1x4096]  (T=1, K=1025)
  - op#19  op=Add      shard=-1  a=[1x1x4096] + b=[1x1x4096]  ->  y=[1x1x4096]  (T=1, K=1025)
[gpu-debug] per-op timing breakdown (avg over iters):
  idx  op       sh  io                                                    time   est_flops    TFLOPs       bytes      GB/s
  ------------------------------------------------------------------------------------------------------------------------
    0  Q         0  x[1x1x4096]+w[2048x4096]->y[1x1x2048]               0.049ms    16.777 M      0.35   16.01 MiB    345.91
    1  Q         1  x[1x1x4096]+w[2048x4096]->y[1x1x2048]               0.035ms    16.777 M      0.49   16.01 MiB    486.53
    2  K         0  x[1x1x4096]+w[2048x4096]->y[1x1x2048]               0.033ms    16.777 M      0.50   16.01 MiB    502.94
    3  K         1  x[1x1x4096]+w[2048x4096]->y[1x1x2048]               0.035ms    16.777 M      0.48   16.01 MiB    485.09
    4  V         0  x[1x1x4096]+w[2048x4096]->y[1x1x2048]               0.034ms    16.777 M      0.50   16.01 MiB    498.36
    5  V         1  x[1x1x4096]+w[2048x4096]->y[1x1x2048]               0.034ms    16.777 M      0.49   16.01 MiB    487.98
    6  Softmax   0  scores[1x16x1x1025]->y[1x16x1x1025]                 0.022ms    82.000 K      0.00   64.06 KiB      2.97
    7  Softmax   1  scores[1x16x1x1025]->y[1x16x1x1025]                 0.019ms    82.000 K      0.00   64.06 KiB      3.41
    8  O         0  x[1x1x2048]+w[4096x2048]->y[1x1x4096]               0.028ms    16.777 M      0.60   16.01 MiB    605.02
    9  O         1  x[1x1x2048]+w[4096x2048]->y[1x1x4096]               0.028ms    16.777 M      0.60   16.01 MiB    596.22
   10  Add      -1  a[1x1x4096]+b[1x1x4096]->y[1x1x4096]                0.010ms     4.096 K      0.00   24.00 KiB      2.42
   11  FFN_W3    0  x[1x1x4096]+w[5504x4096]->y[1x1x5504]               0.049ms    45.089 M      0.93   43.02 MiB    929.34
   12  FFN_W3    1  x[1x1x4096]+w[5504x4096]->y[1x1x5504]               0.047ms    45.089 M      0.95   43.02 MiB    953.48
   13  FFN_W1    0  x[1x1x4096]+w[5504x4096]->y[1x1x5504]               0.047ms    45.089 M      0.96   43.02 MiB    955.55
   14  SwiGLU    0  a[1x1x5504]+b[1x1x5504]->y[1x1x5504]                0.015ms    33.024 K      0.00   32.25 KiB      2.15
   15  FFN_W2    0  x[1x1x5504]+w[4096x5504]->y[1x1x4096]               0.050ms    45.089 M      0.89   43.02 MiB    895.34
   16  FFN_W1    1  x[1x1x4096]+w[5504x4096]->y[1x1x5504]               0.047ms    45.089 M      0.96   43.02 MiB    961.81
   17  SwiGLU    1  a[1x1x5504]+b[1x1x5504]->y[1x1x5504]                0.015ms    33.024 K      0.00   32.25 KiB      2.15
   18  FFN_W2    1  x[1x1x5504]+w[4096x5504]->y[1x1x4096]               0.050ms    45.089 M      0.89   43.02 MiB    895.34
   19  Add      -1  a[1x1x4096]+b[1x1x4096]->y[1x1x4096]                0.009ms     4.096 K      0.00   24.00 KiB      2.67
[gpu-debug] segment avg latency (cuda_events): 0.564 ms
[gpu-debug] sum(per-op)               : 0.657 ms (ratio=1.164)
[gpu-debug] NOTE: sum(per-op) may differ from segment latency due to Python overhead, event/launch overhead, and allocator/cache effects.
[gpu-debug] cuda mem before warmup: alloc=0 B reserved=0 B
[gpu-debug] cuda mem after warmup : alloc=400.18 MiB reserved=414.00 MiB
[gpu-debug] cuda mem peak (this segment): max_alloc=400.21 MiB max_reserved=414.00 MiB
========================================================================================
[gpu-debug] segment_key=npu|decode|1|7fab85ced5567d7150284b92ed1437bd
[gpu-debug] sig: device_type=npu phase=decode step=1 (count_hint=32)
[gpu-debug] ops_repr: Q:0,Q:1,K:0,K:1,V:0,V:1,Softmax:0,Softmax:1,O:0,O:1,Add:-1,FFN_W3:0,FFN_W3:1,FFN_W1:0,SwiGLU:0,FFN_W2:0,FFN_W1:1,SwiGLU:1,FFN_W2:1,Add:-1
[gpu-debug] cfg: device=cuda dtype=torch.bfloat16 batch=1 dim=4096 ffn_dim=11008 n_heads=32 shards=2
[gpu-debug] op plan (with inferred tensor shapes):
  - op#00  op=Q        shard=0   x=[1x1x4096] + w=[2048x4096]  ->  y=[1x1x2048]  (T=1, K=1026)
  - op#01  op=Q        shard=1   x=[1x1x4096] + w=[2048x4096]  ->  y=[1x1x2048]  (T=1, K=1026)
  - op#02  op=K        shard=0   x=[1x1x4096] + w=[2048x4096]  ->  y=[1x1x2048]  (T=1, K=1026)
  - op#03  op=K        shard=1   x=[1x1x4096] + w=[2048x4096]  ->  y=[1x1x2048]  (T=1, K=1026)
  - op#04  op=V        shard=0   x=[1x1x4096] + w=[2048x4096]  ->  y=[1x1x2048]  (T=1, K=1026)
  - op#05  op=V        shard=1   x=[1x1x4096] + w=[2048x4096]  ->  y=[1x1x2048]  (T=1, K=1026)
  - op#06  op=Softmax  shard=0   scores=[1x16x1x1026]  ->  y=[1x16x1x1026]  (T=1, K=1026)
  - op#07  op=Softmax  shard=1   scores=[1x16x1x1026]  ->  y=[1x16x1x1026]  (T=1, K=1026)
  - op#08  op=O        shard=0   x=[1x1x2048] + w=[4096x2048]  ->  y=[1x1x4096]  (T=1, K=1026)
  - op#09  op=O        shard=1   x=[1x1x2048] + w=[4096x2048]  ->  y=[1x1x4096]  (T=1, K=1026)
  - op#10  op=Add      shard=-1  a=[1x1x4096] + b=[1x1x4096]  ->  y=[1x1x4096]  (T=1, K=1026)
  - op#11  op=FFN_W3   shard=0   x=[1x1x4096] + w=[5504x4096]  ->  y=[1x1x5504]  (T=1, K=1026)
  - op#12  op=FFN_W3   shard=1   x=[1x1x4096] + w=[5504x4096]  ->  y=[1x1x5504]  (T=1, K=1026)
  - op#13  op=FFN_W1   shard=0   x=[1x1x4096] + w=[5504x4096]  ->  y=[1x1x5504]  (T=1, K=1026)
  - op#14  op=SwiGLU   shard=0   a=[1x1x5504] + b=[1x1x5504]  ->  y=[1x1x5504]  (T=1, K=1026)
  - op#15  op=FFN_W2   shard=0   x=[1x1x5504] + w=[4096x5504]  ->  y=[1x1x4096]  (T=1, K=1026)
  - op#16  op=FFN_W1   shard=1   x=[1x1x4096] + w=[5504x4096]  ->  y=[1x1x5504]  (T=1, K=1026)
  - op#17  op=SwiGLU   shard=1   a=[1x1x5504] + b=[1x1x5504]  ->  y=[1x1x5504]  (T=1, K=1026)
  - op#18  op=FFN_W2   shard=1   x=[1x1x5504] + w=[4096x5504]  ->  y=[1x1x4096]  (T=1, K=1026)
  - op#19  op=Add      shard=-1  a=[1x1x4096] + b=[1x1x4096]  ->  y=[1x1x4096]  (T=1, K=1026)
[gpu-debug] per-op timing breakdown (avg over iters):
  idx  op       sh  io                                                    time   est_flops    TFLOPs       bytes      GB/s
  ------------------------------------------------------------------------------------------------------------------------
    0  Q         0  x[1x1x4096]+w[2048x4096]->y[1x1x2048]               0.048ms    16.777 M      0.35   16.01 MiB    352.60
    1  Q         1  x[1x1x4096]+w[2048x4096]->y[1x1x2048]               0.034ms    16.777 M      0.49   16.01 MiB    490.90
    2  K         0  x[1x1x4096]+w[2048x4096]->y[1x1x2048]               0.033ms    16.777 M      0.50   16.01 MiB    502.94
    3  K         1  x[1x1x4096]+w[2048x4096]->y[1x1x2048]               0.034ms    16.777 M      0.49   16.01 MiB    487.98
    4  V         0  x[1x1x4096]+w[2048x4096]->y[1x1x2048]               0.033ms    16.777 M      0.51   16.01 MiB    512.38
    5  V         1  x[1x1x4096]+w[2048x4096]->y[1x1x2048]               0.034ms    16.777 M      0.49   16.01 MiB    490.90
    6  Softmax   0  scores[1x16x1x1026]->y[1x16x1x1026]                 0.022ms    82.080 K      0.00   64.12 KiB      3.01
    7  Softmax   1  scores[1x16x1x1026]->y[1x16x1x1026]                 0.019ms    82.080 K      0.00   64.12 KiB      3.49
    8  O         0  x[1x1x2048]+w[4096x2048]->y[1x1x4096]               0.028ms    16.777 M      0.61   16.01 MiB    607.26
    9  O         1  x[1x1x2048]+w[4096x2048]->y[1x1x4096]               0.028ms    16.777 M      0.59   16.01 MiB    589.78
   10  Add      -1  a[1x1x4096]+b[1x1x4096]->y[1x1x4096]                0.009ms     4.096 K      0.00   24.00 KiB      2.70
   11  FFN_W3    0  x[1x1x4096]+w[5504x4096]->y[1x1x5504]               0.048ms    45.089 M      0.94   43.02 MiB    937.25
   12  FFN_W3    1  x[1x1x4096]+w[5504x4096]->y[1x1x5504]               0.047ms    45.089 M      0.96   43.02 MiB    961.81
   13  FFN_W1    0  x[1x1x4096]+w[5504x4096]->y[1x1x5504]               0.047ms    45.089 M      0.95   43.02 MiB    953.48
   14  SwiGLU    0  a[1x1x5504]+b[1x1x5504]->y[1x1x5504]                0.016ms    33.024 K      0.00   32.25 KiB      2.04
   15  FFN_W2    0  x[1x1x5504]+w[4096x5504]->y[1x1x4096]               0.050ms    45.089 M      0.90   43.02 MiB    902.68
   16  FFN_W1    1  x[1x1x4096]+w[5504x4096]->y[1x1x5504]               0.048ms    45.089 M      0.94   43.02 MiB    943.27
   17  SwiGLU    1  a[1x1x5504]+b[1x1x5504]->y[1x1x5504]                0.016ms    33.024 K      0.00   32.25 KiB      2.05
   18  FFN_W2    1  x[1x1x5504]+w[4096x5504]->y[1x1x4096]               0.050ms    45.089 M      0.90   43.02 MiB    900.83
   19  Add      -1  a[1x1x4096]+b[1x1x4096]->y[1x1x4096]                0.010ms     4.096 K      0.00   24.00 KiB      2.55
[gpu-debug] segment avg latency (cuda_events): 0.563 ms
[gpu-debug] sum(per-op)               : 0.655 ms (ratio=1.162)
[gpu-debug] NOTE: sum(per-op) may differ from segment latency due to Python overhead, event/launch overhead, and allocator/cache effects.
[gpu-debug] cuda mem before warmup: alloc=400.18 MiB reserved=414.00 MiB
[gpu-debug] cuda mem after warmup : alloc=400.21 MiB reserved=414.00 MiB
[gpu-debug] cuda mem peak (this segment): max_alloc=400.24 MiB max_reserved=414.00 MiB
========================================================================================
[gpu-debug] segment_key=npu|prefill|-1|32cc3ecab0873bb05654e273d69c9222
[gpu-debug] sig: device_type=npu phase=prefill step=-1 (count_hint=32)
[gpu-debug] ops_repr: LN:-1,Q:0,Q:1,K:0,K:1,V:0,V:1,QK:0,QK:1,Softmax:0,SV:0,O:0,Softmax:1,SV:1,O:1,Add:-1,LN:-1,FFN_W3:0,FFN_W3:1,FFN_W1:0,FFN_W1:1,SwiGLU:0,FFN_W2:0,SwiGLU:1,FFN_W2:1,Add:-1
[gpu-debug] cfg: device=cuda dtype=torch.bfloat16 batch=1 dim=4096 ffn_dim=11008 n_heads=32 shards=2
[gpu-debug] op plan (with inferred tensor shapes):
  - op#00  op=LN       shard=-1  x=[1x1024x4096] + w=[4096]  ->  y=[1x1024x4096]  (T=1024, K=1024)
  - op#01  op=Q        shard=0   x=[1x1024x4096] + w=[2048x4096]  ->  y=[1x1024x2048]  (T=1024, K=1024)
  - op#02  op=Q        shard=1   x=[1x1024x4096] + w=[2048x4096]  ->  y=[1x1024x2048]  (T=1024, K=1024)
  - op#03  op=K        shard=0   x=[1x1024x4096] + w=[2048x4096]  ->  y=[1x1024x2048]  (T=1024, K=1024)
  - op#04  op=K        shard=1   x=[1x1024x4096] + w=[2048x4096]  ->  y=[1x1024x2048]  (T=1024, K=1024)
  - op#05  op=V        shard=0   x=[1x1024x4096] + w=[2048x4096]  ->  y=[1x1024x2048]  (T=1024, K=1024)
  - op#06  op=V        shard=1   x=[1x1024x4096] + w=[2048x4096]  ->  y=[1x1024x2048]  (T=1024, K=1024)
  - op#07  op=QK       shard=0   q=[1x16x1024x128] + k=[1x16x128x1024]  ->  y=[1x16x1024x1024]  (T=1024, K=1024)
  - op#08  op=QK       shard=1   q=[1x16x1024x128] + k=[1x16x128x1024]  ->  y=[1x16x1024x1024]  (T=1024, K=1024)
  - op#09  op=Softmax  shard=0   scores=[1x16x1024x1024]  ->  y=[1x16x1024x1024]  (T=1024, K=1024)
  - op#10  op=SV       shard=0   p=[1x16x1024x1024] + v=[1x16x1024x128]  ->  y=[1x16x1024x128]  (T=1024, K=1024)
  - op#11  op=O        shard=0   x=[1x1024x2048] + w=[4096x2048]  ->  y=[1x1024x4096]  (T=1024, K=1024)
  - op#12  op=Softmax  shard=1   scores=[1x16x1024x1024]  ->  y=[1x16x1024x1024]  (T=1024, K=1024)
  - op#13  op=SV       shard=1   p=[1x16x1024x1024] + v=[1x16x1024x128]  ->  y=[1x16x1024x128]  (T=1024, K=1024)
  - op#14  op=O        shard=1   x=[1x1024x2048] + w=[4096x2048]  ->  y=[1x1024x4096]  (T=1024, K=1024)
  - op#15  op=Add      shard=-1  a=[1x1024x4096] + b=[1x1024x4096]  ->  y=[1x1024x4096]  (T=1024, K=1024)
  - op#16  op=LN       shard=-1  x=[1x1024x4096] + w=[4096]  ->  y=[1x1024x4096]  (T=1024, K=1024)
  - op#17  op=FFN_W3   shard=0   x=[1x1024x4096] + w=[5504x4096]  ->  y=[1x1024x5504]  (T=1024, K=1024)
  - op#18  op=FFN_W3   shard=1   x=[1x1024x4096] + w=[5504x4096]  ->  y=[1x1024x5504]  (T=1024, K=1024)
  - op#19  op=FFN_W1   shard=0   x=[1x1024x4096] + w=[5504x4096]  ->  y=[1x1024x5504]  (T=1024, K=1024)
  - op#20  op=FFN_W1   shard=1   x=[1x1024x4096] + w=[5504x4096]  ->  y=[1x1024x5504]  (T=1024, K=1024)
  - op#21  op=SwiGLU   shard=0   a=[1x1024x5504] + b=[1x1024x5504]  ->  y=[1x1024x5504]  (T=1024, K=1024)
  - op#22  op=FFN_W2   shard=0   x=[1x1024x5504] + w=[4096x5504]  ->  y=[1x1024x4096]  (T=1024, K=1024)
  - op#23  op=SwiGLU   shard=1   a=[1x1024x5504] + b=[1x1024x5504]  ->  y=[1x1024x5504]  (T=1024, K=1024)
  - op#24  op=FFN_W2   shard=1   x=[1x1024x5504] + w=[4096x5504]  ->  y=[1x1024x4096]  (T=1024, K=1024)
  - op#25  op=Add      shard=-1  a=[1x1024x4096] + b=[1x1024x4096]  ->  y=[1x1024x4096]  (T=1024, K=1024)
[gpu-debug] per-op timing breakdown (avg over iters):
  idx  op       sh  io                                                    time   est_flops    TFLOPs       bytes      GB/s
  ------------------------------------------------------------------------------------------------------------------------
    0  LN       -1  x[1x1024x4096]+w[4096]->y[1x1024x4096]              0.112ms    20.972 M      0.19   16.01 MiB    149.43
    1  Q         0  x[1x1024x4096]+w[2048x4096]->y[1x1024x2048]         0.152ms    17.180 G    113.36   28.00 MiB    193.73
    2  Q         1  x[1x1024x4096]+w[2048x4096]->y[1x1024x2048]         0.149ms    17.180 G    115.55   28.00 MiB    197.47
    3  K         0  x[1x1024x4096]+w[2048x4096]->y[1x1024x2048]         0.148ms    17.180 G    115.78   28.00 MiB    197.87
    4  K         1  x[1x1024x4096]+w[2048x4096]->y[1x1024x2048]         0.148ms    17.180 G    115.78   28.00 MiB    197.87
    5  V         0  x[1x1024x4096]+w[2048x4096]->y[1x1024x2048]         0.149ms    17.180 G    115.23   28.00 MiB    196.92
    6  V         1  x[1x1024x4096]+w[2048x4096]->y[1x1024x2048]         0.148ms    17.180 G    115.70   28.00 MiB    197.74
    7  QK        0  q[1x16x1024x128]+k[1x16x128x1024]->y[1x16x1...      0.135ms     4.295 G     31.82   40.00 MiB    310.77
    8  QK        1  q[1x16x1024x128]+k[1x16x128x1024]->y[1x16x1...      0.136ms     4.295 G     31.54   40.00 MiB    307.97
    9  Softmax   0  scores[1x16x1024x1024]->y[1x16x1024x1024]           0.091ms    83.886 M      0.92   64.00 MiB    739.68
   10  SV        0  p[1x16x1024x1024]+v[1x16x1024x128]->y[1x16x...      0.068ms     4.295 G     62.98   40.00 MiB    615.01
   11  O         0  x[1x1024x2048]+w[4096x2048]->y[1x1024x4096]         0.182ms    17.180 G     94.25   28.00 MiB    161.08
   12  Softmax   1  scores[1x16x1024x1024]->y[1x16x1024x1024]           0.085ms    83.886 M      0.98   64.00 MiB    785.80
   13  SV        1  p[1x16x1024x1024]+v[1x16x1024x128]->y[1x16x...      0.068ms     4.295 G     63.36   40.00 MiB    618.73
   14  O         1  x[1x1024x2048]+w[4096x2048]->y[1x1024x4096]         0.181ms    17.180 G     94.73   28.00 MiB    161.90
   15  Add      -1  a[1x1024x4096]+b[1x1024x4096]->y[1x1024x4096]       0.019ms     4.194 M      0.23   24.00 MiB   1350.33
   16  LN       -1  x[1x1024x4096]+w[4096]->y[1x1024x4096]              0.102ms    20.972 M      0.21   16.01 MiB    165.08
   17  FFN_W3    0  x[1x1024x4096]+w[5504x4096]->y[1x1024x5504]         0.338ms    46.171 G    136.43   61.75 MiB    191.32
   18  FFN_W3    1  x[1x1024x4096]+w[5504x4096]->y[1x1024x5504]         0.338ms    46.171 G    136.47   61.75 MiB    191.38
   19  FFN_W1    0  x[1x1024x4096]+w[5504x4096]->y[1x1024x5504]         0.337ms    46.171 G    136.84   61.75 MiB    191.90
   20  FFN_W1    1  x[1x1024x4096]+w[5504x4096]->y[1x1024x5504]         0.337ms    46.171 G    136.84   61.75 MiB    191.90
   21  SwiGLU    0  a[1x1024x5504]+b[1x1024x5504]->y[1x1024x5504]       0.044ms    33.817 M      0.77   32.25 MiB    771.59
   22  FFN_W2    0  x[1x1024x5504]+w[4096x5504]->y[1x1024x4096]         0.433ms    46.171 G    106.52   61.75 MiB    149.38
   23  SwiGLU    1  a[1x1024x5504]+b[1x1024x5504]->y[1x1024x5504]       0.041ms    33.817 M      0.83   32.25 MiB    831.84
   24  FFN_W2    1  x[1x1024x5504]+w[4096x5504]->y[1x1024x4096]         0.428ms    46.171 G    107.79   61.75 MiB    151.16
   25  Add      -1  a[1x1024x4096]+b[1x1024x4096]->y[1x1024x4096]       0.018ms     4.194 M      0.23   24.00 MiB   1404.34
[gpu-debug] segment avg latency (cuda_events): 4.843 ms
[gpu-debug] sum(per-op)               : 4.390 ms (ratio=0.906)
[gpu-debug] NOTE: sum(per-op) may differ from segment latency due to Python overhead, event/launch overhead, and allocator/cache effects.
[gpu-debug] cuda mem before warmup: alloc=400.21 MiB reserved=414.00 MiB
[gpu-debug] cuda mem after warmup : alloc=462.97 MiB reserved=574.00 MiB
[gpu-debug] cuda mem peak (this segment): max_alloc=526.97 MiB max_reserved=574.00 MiB
  progress 3/3
