[run-gpu] tasks=18 warmup=3 iters=10 device=cuda dtype=bf16 batch=1 segment_scope=layer
[run-gpu] GPU[0] NVIDIA A100-PCIE-40GB; SM=108, CC=8.0
[run-gpu] nvidia-smi -L: GPU 0: NVIDIA A100-PCIE-40GB (UUID: GPU-4cd2dd8b-d779-5b24-29b5-80b860f437dd)
[run-gpu] nvidia-smi query: NVIDIA A100-PCIE-40GB, GPU-4cd2dd8b-d779-5b24-29b5-80b860f437dd, 560.35.03, 40960
[run-gpu][debug] torch_default_dtype=torch.float32
[run-gpu][debug] torch.backends.cuda.matmul.allow_tf32=False
[run-gpu][debug] cudnn.enabled=True benchmark=False deterministic=False allow_tf32=True
[run-gpu][debug] nvidia-smi snapshot: 0, 0, 0, 4, 40960, 33, 34.08, 250.00
========================================================================================
[gpu-debug] segment_key=npu|decode|0|48322b0ab0207f84448cb08e6eac5594
[gpu-debug] sig: device_type=npu phase=decode step=0 (count_hint=32)
[gpu-debug] ops_repr: LN:-1,QK:0,QK:1,Softmax:0,Softmax:1,SV:0,SV:1,Add:-1,LN:-1,SwiGLU:0,SwiGLU:1,Add:-1
[gpu-debug] cfg: device=cuda dtype=torch.bfloat16 batch=1 dim=4096 ffn_dim=11008 n_heads=32 shards=2
[gpu-debug] op plan (with inferred tensor shapes):
  - op#00  op=LN       shard=-1  x=[1x1x4096] + w=[4096]  ->  y=[1x1x4096]  (T=1, K=1025)
  - op#01  op=QK       shard=0   q=[1x16x1x128] + k=[1x16x128x1025]  ->  y=[1x16x1x1025]  (T=1, K=1025)
  - op#02  op=QK       shard=1   q=[1x16x1x128] + k=[1x16x128x1025]  ->  y=[1x16x1x1025]  (T=1, K=1025)
  - op#03  op=Softmax  shard=0   scores=[1x16x1x1025]  ->  y=[1x16x1x1025]  (T=1, K=1025)
  - op#04  op=Softmax  shard=1   scores=[1x16x1x1025]  ->  y=[1x16x1x1025]  (T=1, K=1025)
  - op#05  op=SV       shard=0   p=[1x16x1x1025] + v=[1x16x1025x128]  ->  y=[1x16x1x128]  (T=1, K=1025)
  - op#06  op=SV       shard=1   p=[1x16x1x1025] + v=[1x16x1025x128]  ->  y=[1x16x1x128]  (T=1, K=1025)
  - op#07  op=Add      shard=-1  a=[1x1x4096] + b=[1x1x4096]  ->  y=[1x1x4096]  (T=1, K=1025)
  - op#08  op=LN       shard=-1  x=[1x1x4096] + w=[4096]  ->  y=[1x1x4096]  (T=1, K=1025)
  - op#09  op=SwiGLU   shard=0   a=[1x1x5504] + b=[1x1x5504]  ->  y=[1x1x5504]  (T=1, K=1025)
  - op#10  op=SwiGLU   shard=1   a=[1x1x5504] + b=[1x1x5504]  ->  y=[1x1x5504]  (T=1, K=1025)
  - op#11  op=Add      shard=-1  a=[1x1x4096] + b=[1x1x4096]  ->  y=[1x1x4096]  (T=1, K=1025)
[gpu-debug] per-op timing breakdown (avg over iters):
  idx  op       sh  io                                                    time   est_flops    TFLOPs       bytes      GB/s
  ------------------------------------------------------------------------------------------------------------------------
    0  LN       -1  x[1x1x4096]+w[4096]->y[1x1x4096]                    0.062ms    20.480 K      0.00   24.00 KiB      0.40
    1  QK        0  q[1x16x1x128]+k[1x16x128x1025]->y[1x16x1x1025]      0.050ms     4.198 M      0.08    4.04 MiB     84.75
    2  QK        1  q[1x16x1x128]+k[1x16x128x1025]->y[1x16x1x1025]      0.040ms     4.198 M      0.11    4.04 MiB    106.32
    3  Softmax   0  scores[1x16x1x1025]->y[1x16x1x1025]                 0.022ms    82.000 K      0.00   64.06 KiB      2.95
    4  Softmax   1  scores[1x16x1x1025]->y[1x16x1x1025]                 0.018ms    82.000 K      0.00   64.06 KiB      3.68
    5  SV        0  p[1x16x1x1025]+v[1x16x1025x128]->y[1x16x1x128]      0.030ms     4.198 M      0.14    4.04 MiB    142.62
    6  SV        1  p[1x16x1x1025]+v[1x16x1025x128]->y[1x16x1x128]      0.028ms     4.198 M      0.15    4.04 MiB    151.50
    7  Add      -1  a[1x1x4096]+b[1x1x4096]->y[1x1x4096]                0.018ms     4.096 K      0.00   24.00 KiB      1.36
    8  LN       -1  x[1x1x4096]+w[4096]->y[1x1x4096]                    0.064ms    20.480 K      0.00   24.00 KiB      0.39
    9  SwiGLU    0  a[1x1x5504]+b[1x1x5504]->y[1x1x5504]                0.024ms    33.024 K      0.00   32.25 KiB      1.37
   10  SwiGLU    1  a[1x1x5504]+b[1x1x5504]->y[1x1x5504]                0.021ms    33.024 K      0.00   32.25 KiB      1.57
   11  Add      -1  a[1x1x4096]+b[1x1x4096]->y[1x1x4096]                0.016ms     4.096 K      0.00   24.00 KiB      1.55
[gpu-debug] segment avg latency (cuda_events): 0.267 ms
[gpu-debug] sum(per-op)               : 0.392 ms (ratio=1.472)
[gpu-debug] NOTE: sum(per-op) may differ from segment latency due to Python overhead, event/launch overhead, and allocator/cache effects.
[gpu-debug] cuda mem before warmup: alloc=0 B reserved=0 B
[gpu-debug] cuda mem after warmup : alloc=16.19 MiB reserved=22.00 MiB
[gpu-debug] cuda mem peak (this segment): max_alloc=16.26 MiB max_reserved=22.00 MiB
========================================================================================
[gpu-debug] segment_key=npu|decode|10|48322b0ab0207f84448cb08e6eac5594
[gpu-debug] sig: device_type=npu phase=decode step=10 (count_hint=32)
[gpu-debug] ops_repr: LN:-1,QK:0,QK:1,Softmax:0,Softmax:1,SV:0,SV:1,Add:-1,LN:-1,SwiGLU:0,SwiGLU:1,Add:-1
[gpu-debug] cfg: device=cuda dtype=torch.bfloat16 batch=1 dim=4096 ffn_dim=11008 n_heads=32 shards=2
[gpu-debug] op plan (with inferred tensor shapes):
  - op#00  op=LN       shard=-1  x=[1x1x4096] + w=[4096]  ->  y=[1x1x4096]  (T=1, K=1600)
  - op#01  op=QK       shard=0   q=[1x16x1x128] + k=[1x16x128x1600]  ->  y=[1x16x1x1600]  (T=1, K=1600)
  - op#02  op=QK       shard=1   q=[1x16x1x128] + k=[1x16x128x1600]  ->  y=[1x16x1x1600]  (T=1, K=1600)
  - op#03  op=Softmax  shard=0   scores=[1x16x1x1600]  ->  y=[1x16x1x1600]  (T=1, K=1600)
  - op#04  op=Softmax  shard=1   scores=[1x16x1x1600]  ->  y=[1x16x1x1600]  (T=1, K=1600)
  - op#05  op=SV       shard=0   p=[1x16x1x1600] + v=[1x16x1600x128]  ->  y=[1x16x1x128]  (T=1, K=1600)
  - op#06  op=SV       shard=1   p=[1x16x1x1600] + v=[1x16x1600x128]  ->  y=[1x16x1x128]  (T=1, K=1600)
  - op#07  op=Add      shard=-1  a=[1x1x4096] + b=[1x1x4096]  ->  y=[1x1x4096]  (T=1, K=1600)
  - op#08  op=LN       shard=-1  x=[1x1x4096] + w=[4096]  ->  y=[1x1x4096]  (T=1, K=1600)
  - op#09  op=SwiGLU   shard=0   a=[1x1x5504] + b=[1x1x5504]  ->  y=[1x1x5504]  (T=1, K=1600)
  - op#10  op=SwiGLU   shard=1   a=[1x1x5504] + b=[1x1x5504]  ->  y=[1x1x5504]  (T=1, K=1600)
  - op#11  op=Add      shard=-1  a=[1x1x4096] + b=[1x1x4096]  ->  y=[1x1x4096]  (T=1, K=1600)
[gpu-debug] per-op timing breakdown (avg over iters):
  idx  op       sh  io                                                    time   est_flops    TFLOPs       bytes      GB/s
  ------------------------------------------------------------------------------------------------------------------------
    0  LN       -1  x[1x1x4096]+w[4096]->y[1x1x4096]                    0.062ms    20.480 K      0.00   24.00 KiB      0.39
    1  QK        0  q[1x16x1x128]+k[1x16x128x1600]->y[1x16x1x1600]      0.052ms     6.554 M      0.13    6.30 MiB    126.55
    2  QK        1  q[1x16x1x128]+k[1x16x128x1600]->y[1x16x1x1600]      0.044ms     6.554 M      0.15    6.30 MiB    151.15
    3  Softmax   0  scores[1x16x1x1600]->y[1x16x1x1600]                 0.026ms   128.000 K      0.00  100.00 KiB      4.00
    4  Softmax   1  scores[1x16x1x1600]->y[1x16x1x1600]                 0.018ms   128.000 K      0.01  100.00 KiB      5.56
    5  SV        0  p[1x16x1x1600]+v[1x16x1600x128]->y[1x16x1x128]      0.031ms     6.554 M      0.21    6.30 MiB    214.42
    6  SV        1  p[1x16x1x1600]+v[1x16x1600x128]->y[1x16x1x128]      0.030ms     6.554 M      0.22    6.30 MiB    220.27
    7  Add      -1  a[1x1x4096]+b[1x1x4096]->y[1x1x4096]                0.016ms     4.096 K      0.00   24.00 KiB      1.55
    8  LN       -1  x[1x1x4096]+w[4096]->y[1x1x4096]                    0.064ms    20.480 K      0.00   24.00 KiB      0.38
    9  SwiGLU    0  a[1x1x5504]+b[1x1x5504]->y[1x1x5504]                0.025ms    33.024 K      0.00   32.25 KiB      1.33
   10  SwiGLU    1  a[1x1x5504]+b[1x1x5504]->y[1x1x5504]                0.022ms    33.024 K      0.00   32.25 KiB      1.54
   11  Add      -1  a[1x1x4096]+b[1x1x4096]->y[1x1x4096]                0.016ms     4.096 K      0.00   24.00 KiB      1.55
[gpu-debug] segment avg latency (cuda_events): 0.264 ms
[gpu-debug] sum(per-op)               : 0.406 ms (ratio=1.539)
[gpu-debug] NOTE: sum(per-op) may differ from segment latency due to Python overhead, event/launch overhead, and allocator/cache effects.
[gpu-debug] cuda mem before warmup: alloc=16.19 MiB reserved=22.00 MiB
[gpu-debug] cuda mem after warmup : alloc=28.74 MiB reserved=42.00 MiB
[gpu-debug] cuda mem peak (this segment): max_alloc=28.84 MiB max_reserved=42.00 MiB
========================================================================================
[gpu-debug] segment_key=npu|decode|11|48322b0ab0207f84448cb08e6eac5594
[gpu-debug] sig: device_type=npu phase=decode step=11 (count_hint=32)
[gpu-debug] ops_repr: LN:-1,QK:0,QK:1,Softmax:0,Softmax:1,SV:0,SV:1,Add:-1,LN:-1,SwiGLU:0,SwiGLU:1,Add:-1
[gpu-debug] cfg: device=cuda dtype=torch.bfloat16 batch=1 dim=4096 ffn_dim=11008 n_heads=32 shards=2
[gpu-debug] op plan (with inferred tensor shapes):
  - op#00  op=LN       shard=-1  x=[1x1x4096] + w=[4096]  ->  y=[1x1x4096]  (T=1, K=1664)
  - op#01  op=QK       shard=0   q=[1x16x1x128] + k=[1x16x128x1664]  ->  y=[1x16x1x1664]  (T=1, K=1664)
  - op#02  op=QK       shard=1   q=[1x16x1x128] + k=[1x16x128x1664]  ->  y=[1x16x1x1664]  (T=1, K=1664)
  - op#03  op=Softmax  shard=0   scores=[1x16x1x1664]  ->  y=[1x16x1x1664]  (T=1, K=1664)
  - op#04  op=Softmax  shard=1   scores=[1x16x1x1664]  ->  y=[1x16x1x1664]  (T=1, K=1664)
  - op#05  op=SV       shard=0   p=[1x16x1x1664] + v=[1x16x1664x128]  ->  y=[1x16x1x128]  (T=1, K=1664)
  - op#06  op=SV       shard=1   p=[1x16x1x1664] + v=[1x16x1664x128]  ->  y=[1x16x1x128]  (T=1, K=1664)
  - op#07  op=Add      shard=-1  a=[1x1x4096] + b=[1x1x4096]  ->  y=[1x1x4096]  (T=1, K=1664)
  - op#08  op=LN       shard=-1  x=[1x1x4096] + w=[4096]  ->  y=[1x1x4096]  (T=1, K=1664)
  - op#09  op=SwiGLU   shard=0   a=[1x1x5504] + b=[1x1x5504]  ->  y=[1x1x5504]  (T=1, K=1664)
  - op#10  op=SwiGLU   shard=1   a=[1x1x5504] + b=[1x1x5504]  ->  y=[1x1x5504]  (T=1, K=1664)
  - op#11  op=Add      shard=-1  a=[1x1x4096] + b=[1x1x4096]  ->  y=[1x1x4096]  (T=1, K=1664)
[gpu-debug] per-op timing breakdown (avg over iters):
  idx  op       sh  io                                                    time   est_flops    TFLOPs       bytes      GB/s
  ------------------------------------------------------------------------------------------------------------------------
    0  LN       -1  x[1x1x4096]+w[4096]->y[1x1x4096]                    0.061ms    20.480 K      0.00   24.00 KiB      0.40
    1  QK        0  q[1x16x1x128]+k[1x16x128x1664]->y[1x16x1x1664]      0.052ms     6.816 M      0.13    6.55 MiB    133.17
    2  QK        1  q[1x16x1x128]+k[1x16x128x1664]->y[1x16x1x1664]      0.042ms     6.816 M      0.16    6.55 MiB    164.91
    3  Softmax   0  scores[1x16x1x1664]->y[1x16x1x1664]                 0.025ms   133.120 K      0.01  104.00 KiB      4.24
    4  Softmax   1  scores[1x16x1x1664]->y[1x16x1x1664]                 0.019ms   133.120 K      0.01  104.00 KiB      5.59
    5  SV        0  p[1x16x1x1664]+v[1x16x1664x128]->y[1x16x1x128]      0.030ms     6.816 M      0.22    6.55 MiB    225.99
    6  SV        1  p[1x16x1x1664]+v[1x16x1664x128]->y[1x16x1x128]      0.032ms     6.816 M      0.21    6.55 MiB    212.41
    7  Add      -1  a[1x1x4096]+b[1x1x4096]->y[1x1x4096]                0.016ms     4.096 K      0.00   24.00 KiB      1.58
    8  LN       -1  x[1x1x4096]+w[4096]->y[1x1x4096]                    0.064ms    20.480 K      0.00   24.00 KiB      0.38
    9  SwiGLU    0  a[1x1x5504]+b[1x1x5504]->y[1x1x5504]                0.024ms    33.024 K      0.00   32.25 KiB      1.35
   10  SwiGLU    1  a[1x1x5504]+b[1x1x5504]->y[1x1x5504]                0.021ms    33.024 K      0.00   32.25 KiB      1.55
   11  Add      -1  a[1x1x4096]+b[1x1x4096]->y[1x1x4096]                0.016ms     4.096 K      0.00   24.00 KiB      1.58
[gpu-debug] segment avg latency (cuda_events): 0.261 ms
[gpu-debug] sum(per-op)               : 0.403 ms (ratio=1.541)
[gpu-debug] NOTE: sum(per-op) may differ from segment latency due to Python overhead, event/launch overhead, and allocator/cache effects.
[gpu-debug] cuda mem before warmup: alloc=28.74 MiB reserved=42.00 MiB
[gpu-debug] cuda mem after warmup : alloc=42.79 MiB reserved=62.00 MiB
[gpu-debug] cuda mem peak (this segment): max_alloc=42.90 MiB max_reserved=62.00 MiB
========================================================================================
[gpu-debug] segment_key=npu|decode|12|48322b0ab0207f84448cb08e6eac5594
[gpu-debug] sig: device_type=npu phase=decode step=12 (count_hint=32)
[gpu-debug] ops_repr: LN:-1,QK:0,QK:1,Softmax:0,Softmax:1,SV:0,SV:1,Add:-1,LN:-1,SwiGLU:0,SwiGLU:1,Add:-1
[gpu-debug] cfg: device=cuda dtype=torch.bfloat16 batch=1 dim=4096 ffn_dim=11008 n_heads=32 shards=2
[gpu-debug] op plan (with inferred tensor shapes):
  - op#00  op=LN       shard=-1  x=[1x1x4096] + w=[4096]  ->  y=[1x1x4096]  (T=1, K=1728)
  - op#01  op=QK       shard=0   q=[1x16x1x128] + k=[1x16x128x1728]  ->  y=[1x16x1x1728]  (T=1, K=1728)
  - op#02  op=QK       shard=1   q=[1x16x1x128] + k=[1x16x128x1728]  ->  y=[1x16x1x1728]  (T=1, K=1728)
  - op#03  op=Softmax  shard=0   scores=[1x16x1x1728]  ->  y=[1x16x1x1728]  (T=1, K=1728)
  - op#04  op=Softmax  shard=1   scores=[1x16x1x1728]  ->  y=[1x16x1x1728]  (T=1, K=1728)
  - op#05  op=SV       shard=0   p=[1x16x1x1728] + v=[1x16x1728x128]  ->  y=[1x16x1x128]  (T=1, K=1728)
  - op#06  op=SV       shard=1   p=[1x16x1x1728] + v=[1x16x1728x128]  ->  y=[1x16x1x128]  (T=1, K=1728)
  - op#07  op=Add      shard=-1  a=[1x1x4096] + b=[1x1x4096]  ->  y=[1x1x4096]  (T=1, K=1728)
  - op#08  op=LN       shard=-1  x=[1x1x4096] + w=[4096]  ->  y=[1x1x4096]  (T=1, K=1728)
  - op#09  op=SwiGLU   shard=0   a=[1x1x5504] + b=[1x1x5504]  ->  y=[1x1x5504]  (T=1, K=1728)
  - op#10  op=SwiGLU   shard=1   a=[1x1x5504] + b=[1x1x5504]  ->  y=[1x1x5504]  (T=1, K=1728)
  - op#11  op=Add      shard=-1  a=[1x1x4096] + b=[1x1x4096]  ->  y=[1x1x4096]  (T=1, K=1728)
[gpu-debug] per-op timing breakdown (avg over iters):
  idx  op       sh  io                                                    time   est_flops    TFLOPs       bytes      GB/s
  ------------------------------------------------------------------------------------------------------------------------
    0  LN       -1  x[1x1x4096]+w[4096]->y[1x1x4096]                    0.063ms    20.480 K      0.00   24.00 KiB      0.39
    1  QK        0  q[1x16x1x128]+k[1x16x128x1728]->y[1x16x1x1728]      0.056ms     7.078 M      0.13    6.81 MiB    128.60
    2  QK        1  q[1x16x1x128]+k[1x16x128x1728]->y[1x16x1x1728]      0.042ms     7.078 M      0.17    6.81 MiB    169.59
    3  Softmax   0  scores[1x16x1x1728]->y[1x16x1x1728]                 0.026ms   138.240 K      0.01  108.00 KiB      4.32
    4  Softmax   1  scores[1x16x1x1728]->y[1x16x1x1728]                 0.019ms   138.240 K      0.01  108.00 KiB      5.74
    5  SV        0  p[1x16x1x1728]+v[1x16x1728x128]->y[1x16x1x128]      0.030ms     7.078 M      0.23    6.81 MiB    236.27
    6  SV        1  p[1x16x1x1728]+v[1x16x1728x128]->y[1x16x1x128]      0.030ms     7.078 M      0.24    6.81 MiB    239.52
    7  Add      -1  a[1x1x4096]+b[1x1x4096]->y[1x1x4096]                0.014ms     4.096 K      0.00   24.00 KiB      1.76
    8  LN       -1  x[1x1x4096]+w[4096]->y[1x1x4096]                    0.063ms    20.480 K      0.00   24.00 KiB      0.39
    9  SwiGLU    0  a[1x1x5504]+b[1x1x5504]->y[1x1x5504]                0.024ms    33.024 K      0.00   32.25 KiB      1.36
   10  SwiGLU    1  a[1x1x5504]+b[1x1x5504]->y[1x1x5504]                0.021ms    33.024 K      0.00   32.25 KiB      1.57
   11  Add      -1  a[1x1x4096]+b[1x1x4096]->y[1x1x4096]                0.016ms     4.096 K      0.00   24.00 KiB      1.57
[gpu-debug] segment avg latency (cuda_events): 0.261 ms
[gpu-debug] sum(per-op)               : 0.403 ms (ratio=1.549)
[gpu-debug] NOTE: sum(per-op) may differ from segment latency due to Python overhead, event/launch overhead, and allocator/cache effects.
[gpu-debug] cuda mem before warmup: alloc=42.79 MiB reserved=62.00 MiB
[gpu-debug] cuda mem after warmup : alloc=56.35 MiB reserved=62.00 MiB
[gpu-debug] cuda mem peak (this segment): max_alloc=56.45 MiB max_reserved=62.00 MiB
========================================================================================
[gpu-debug] segment_key=npu|decode|13|48322b0ab0207f84448cb08e6eac5594
[gpu-debug] sig: device_type=npu phase=decode step=13 (count_hint=32)
[gpu-debug] ops_repr: LN:-1,QK:0,QK:1,Softmax:0,Softmax:1,SV:0,SV:1,Add:-1,LN:-1,SwiGLU:0,SwiGLU:1,Add:-1
[gpu-debug] cfg: device=cuda dtype=torch.bfloat16 batch=1 dim=4096 ffn_dim=11008 n_heads=32 shards=2
[gpu-debug] op plan (with inferred tensor shapes):
  - op#00  op=LN       shard=-1  x=[1x1x4096] + w=[4096]  ->  y=[1x1x4096]  (T=1, K=1792)
  - op#01  op=QK       shard=0   q=[1x16x1x128] + k=[1x16x128x1792]  ->  y=[1x16x1x1792]  (T=1, K=1792)
  - op#02  op=QK       shard=1   q=[1x16x1x128] + k=[1x16x128x1792]  ->  y=[1x16x1x1792]  (T=1, K=1792)
  - op#03  op=Softmax  shard=0   scores=[1x16x1x1792]  ->  y=[1x16x1x1792]  (T=1, K=1792)
  - op#04  op=Softmax  shard=1   scores=[1x16x1x1792]  ->  y=[1x16x1x1792]  (T=1, K=1792)
  - op#05  op=SV       shard=0   p=[1x16x1x1792] + v=[1x16x1792x128]  ->  y=[1x16x1x128]  (T=1, K=1792)
  - op#06  op=SV       shard=1   p=[1x16x1x1792] + v=[1x16x1792x128]  ->  y=[1x16x1x128]  (T=1, K=1792)
  - op#07  op=Add      shard=-1  a=[1x1x4096] + b=[1x1x4096]  ->  y=[1x1x4096]  (T=1, K=1792)
  - op#08  op=LN       shard=-1  x=[1x1x4096] + w=[4096]  ->  y=[1x1x4096]  (T=1, K=1792)
  - op#09  op=SwiGLU   shard=0   a=[1x1x5504] + b=[1x1x5504]  ->  y=[1x1x5504]  (T=1, K=1792)
  - op#10  op=SwiGLU   shard=1   a=[1x1x5504] + b=[1x1x5504]  ->  y=[1x1x5504]  (T=1, K=1792)
  - op#11  op=Add      shard=-1  a=[1x1x4096] + b=[1x1x4096]  ->  y=[1x1x4096]  (T=1, K=1792)
[gpu-debug] per-op timing breakdown (avg over iters):
  idx  op       sh  io                                                    time   est_flops    TFLOPs       bytes      GB/s
  ------------------------------------------------------------------------------------------------------------------------
    0  LN       -1  x[1x1x4096]+w[4096]->y[1x1x4096]                    0.061ms    20.480 K      0.00   24.00 KiB      0.40
    1  QK        0  q[1x16x1x128]+k[1x16x128x1792]->y[1x16x1x1792]      0.052ms     7.340 M      0.14    7.06 MiB    143.41
    2  QK        1  q[1x16x1x128]+k[1x16x128x1792]->y[1x16x1x1792]      0.042ms     7.340 M      0.18    7.06 MiB    177.59
    3  Softmax   0  scores[1x16x1x1792]->y[1x16x1x1792]                 0.026ms   143.360 K      0.01  112.00 KiB      4.46
    4  Softmax   1  scores[1x16x1x1792]->y[1x16x1x1792]                 0.020ms   143.360 K      0.01  112.00 KiB      5.86
    5  SV        0  p[1x16x1x1792]+v[1x16x1792x128]->y[1x16x1x128]      0.031ms     7.340 M      0.24    7.06 MiB    237.76
    6  SV        1  p[1x16x1x1792]+v[1x16x1792x128]->y[1x16x1x128]      0.032ms     7.340 M      0.23    7.06 MiB    233.92
    7  Add      -1  a[1x1x4096]+b[1x1x4096]->y[1x1x4096]                0.014ms     4.096 K      0.00   24.00 KiB      1.71
    8  LN       -1  x[1x1x4096]+w[4096]->y[1x1x4096]                    0.064ms    20.480 K      0.00   24.00 KiB      0.38
    9  SwiGLU    0  a[1x1x5504]+b[1x1x5504]->y[1x1x5504]                0.025ms    33.024 K      0.00   32.25 KiB      1.34
   10  SwiGLU    1  a[1x1x5504]+b[1x1x5504]->y[1x1x5504]                0.021ms    33.024 K      0.00   32.25 KiB      1.55
   11  Add      -1  a[1x1x4096]+b[1x1x4096]->y[1x1x4096]                0.016ms     4.096 K      0.00   24.00 KiB      1.57
[gpu-debug] segment avg latency (cuda_events): 0.262 ms
[gpu-debug] sum(per-op)               : 0.403 ms (ratio=1.535)
[gpu-debug] NOTE: sum(per-op) may differ from segment latency due to Python overhead, event/launch overhead, and allocator/cache effects.
[gpu-debug] cuda mem before warmup: alloc=56.35 MiB reserved=62.00 MiB
[gpu-debug] cuda mem after warmup : alloc=70.40 MiB reserved=82.00 MiB
[gpu-debug] cuda mem peak (this segment): max_alloc=70.51 MiB max_reserved=82.00 MiB
========================================================================================
[gpu-debug] segment_key=npu|decode|14|48322b0ab0207f84448cb08e6eac5594
[gpu-debug] sig: device_type=npu phase=decode step=14 (count_hint=32)
[gpu-debug] ops_repr: LN:-1,QK:0,QK:1,Softmax:0,Softmax:1,SV:0,SV:1,Add:-1,LN:-1,SwiGLU:0,SwiGLU:1,Add:-1
[gpu-debug] cfg: device=cuda dtype=torch.bfloat16 batch=1 dim=4096 ffn_dim=11008 n_heads=32 shards=2
[gpu-debug] op plan (with inferred tensor shapes):
  - op#00  op=LN       shard=-1  x=[1x1x4096] + w=[4096]  ->  y=[1x1x4096]  (T=1, K=1856)
  - op#01  op=QK       shard=0   q=[1x16x1x128] + k=[1x16x128x1856]  ->  y=[1x16x1x1856]  (T=1, K=1856)
  - op#02  op=QK       shard=1   q=[1x16x1x128] + k=[1x16x128x1856]  ->  y=[1x16x1x1856]  (T=1, K=1856)
  - op#03  op=Softmax  shard=0   scores=[1x16x1x1856]  ->  y=[1x16x1x1856]  (T=1, K=1856)
  - op#04  op=Softmax  shard=1   scores=[1x16x1x1856]  ->  y=[1x16x1x1856]  (T=1, K=1856)
  - op#05  op=SV       shard=0   p=[1x16x1x1856] + v=[1x16x1856x128]  ->  y=[1x16x1x128]  (T=1, K=1856)
  - op#06  op=SV       shard=1   p=[1x16x1x1856] + v=[1x16x1856x128]  ->  y=[1x16x1x128]  (T=1, K=1856)
  - op#07  op=Add      shard=-1  a=[1x1x4096] + b=[1x1x4096]  ->  y=[1x1x4096]  (T=1, K=1856)
  - op#08  op=LN       shard=-1  x=[1x1x4096] + w=[4096]  ->  y=[1x1x4096]  (T=1, K=1856)
  - op#09  op=SwiGLU   shard=0   a=[1x1x5504] + b=[1x1x5504]  ->  y=[1x1x5504]  (T=1, K=1856)
  - op#10  op=SwiGLU   shard=1   a=[1x1x5504] + b=[1x1x5504]  ->  y=[1x1x5504]  (T=1, K=1856)
  - op#11  op=Add      shard=-1  a=[1x1x4096] + b=[1x1x4096]  ->  y=[1x1x4096]  (T=1, K=1856)
[gpu-debug] per-op timing breakdown (avg over iters):
  idx  op       sh  io                                                    time   est_flops    TFLOPs       bytes      GB/s
  ------------------------------------------------------------------------------------------------------------------------
    0  LN       -1  x[1x1x4096]+w[4096]->y[1x1x4096]                    0.061ms    20.480 K      0.00   24.00 KiB      0.40
    1  QK        0  q[1x16x1x128]+k[1x16x128x1856]->y[1x16x1x1856]      0.052ms     7.602 M      0.15    7.31 MiB    147.94
    2  QK        1  q[1x16x1x128]+k[1x16x128x1856]->y[1x16x1x1856]      0.042ms     7.602 M      0.18    7.31 MiB    183.93
    3  Softmax   0  scores[1x16x1x1856]->y[1x16x1x1856]                 0.026ms   148.480 K      0.01  116.00 KiB      4.57
    4  Softmax   1  scores[1x16x1x1856]->y[1x16x1x1856]                 0.020ms   148.480 K      0.01  116.00 KiB      6.07
    5  SV        0  p[1x16x1x1856]+v[1x16x1856x128]->y[1x16x1x128]      0.031ms     7.602 M      0.25    7.31 MiB    247.06
    6  SV        1  p[1x16x1x1856]+v[1x16x1856x128]->y[1x16x1x128]      0.032ms     7.602 M      0.24    7.31 MiB    242.27
    7  Add      -1  a[1x1x4096]+b[1x1x4096]->y[1x1x4096]                0.013ms     4.096 K      0.00   24.00 KiB      1.85
    8  LN       -1  x[1x1x4096]+w[4096]->y[1x1x4096]                    0.064ms    20.480 K      0.00   24.00 KiB      0.39
    9  SwiGLU    0  a[1x1x5504]+b[1x1x5504]->y[1x1x5504]                0.025ms    33.024 K      0.00   32.25 KiB      1.34
   10  SwiGLU    1  a[1x1x5504]+b[1x1x5504]->y[1x1x5504]                0.021ms    33.024 K      0.00   32.25 KiB      1.57
   11  Add      -1  a[1x1x4096]+b[1x1x4096]->y[1x1x4096]                0.016ms     4.096 K      0.00   24.00 KiB      1.57
[gpu-debug] segment avg latency (cuda_events): 0.262 ms
[gpu-debug] sum(per-op)               : 0.401 ms (ratio=1.530)
[gpu-debug] NOTE: sum(per-op) may differ from segment latency due to Python overhead, event/launch overhead, and allocator/cache effects.
[gpu-debug] cuda mem before warmup: alloc=70.40 MiB reserved=82.00 MiB
[gpu-debug] cuda mem after warmup : alloc=84.96 MiB reserved=102.00 MiB
[gpu-debug] cuda mem peak (this segment): max_alloc=85.07 MiB max_reserved=102.00 MiB
========================================================================================
[gpu-debug] segment_key=npu|decode|15|48322b0ab0207f84448cb08e6eac5594
[gpu-debug] sig: device_type=npu phase=decode step=15 (count_hint=32)
[gpu-debug] ops_repr: LN:-1,QK:0,QK:1,Softmax:0,Softmax:1,SV:0,SV:1,Add:-1,LN:-1,SwiGLU:0,SwiGLU:1,Add:-1
[gpu-debug] cfg: device=cuda dtype=torch.bfloat16 batch=1 dim=4096 ffn_dim=11008 n_heads=32 shards=2
[gpu-debug] op plan (with inferred tensor shapes):
  - op#00  op=LN       shard=-1  x=[1x1x4096] + w=[4096]  ->  y=[1x1x4096]  (T=1, K=1920)
  - op#01  op=QK       shard=0   q=[1x16x1x128] + k=[1x16x128x1920]  ->  y=[1x16x1x1920]  (T=1, K=1920)
  - op#02  op=QK       shard=1   q=[1x16x1x128] + k=[1x16x128x1920]  ->  y=[1x16x1x1920]  (T=1, K=1920)
  - op#03  op=Softmax  shard=0   scores=[1x16x1x1920]  ->  y=[1x16x1x1920]  (T=1, K=1920)
  - op#04  op=Softmax  shard=1   scores=[1x16x1x1920]  ->  y=[1x16x1x1920]  (T=1, K=1920)
  - op#05  op=SV       shard=0   p=[1x16x1x1920] + v=[1x16x1920x128]  ->  y=[1x16x1x128]  (T=1, K=1920)
  - op#06  op=SV       shard=1   p=[1x16x1x1920] + v=[1x16x1920x128]  ->  y=[1x16x1x128]  (T=1, K=1920)
  - op#07  op=Add      shard=-1  a=[1x1x4096] + b=[1x1x4096]  ->  y=[1x1x4096]  (T=1, K=1920)
  - op#08  op=LN       shard=-1  x=[1x1x4096] + w=[4096]  ->  y=[1x1x4096]  (T=1, K=1920)
  - op#09  op=SwiGLU   shard=0   a=[1x1x5504] + b=[1x1x5504]  ->  y=[1x1x5504]  (T=1, K=1920)
  - op#10  op=SwiGLU   shard=1   a=[1x1x5504] + b=[1x1x5504]  ->  y=[1x1x5504]  (T=1, K=1920)
  - op#11  op=Add      shard=-1  a=[1x1x4096] + b=[1x1x4096]  ->  y=[1x1x4096]  (T=1, K=1920)
[gpu-debug] per-op timing breakdown (avg over iters):
  idx  op       sh  io                                                    time   est_flops    TFLOPs       bytes      GB/s
  ------------------------------------------------------------------------------------------------------------------------
    0  LN       -1  x[1x1x4096]+w[4096]->y[1x1x4096]                    0.063ms    20.480 K      0.00   24.00 KiB      0.39
    1  QK        0  q[1x16x1x128]+k[1x16x128x1920]->y[1x16x1x1920]      0.054ms     7.864 M      0.15    7.56 MiB    148.07
    2  QK        1  q[1x16x1x128]+k[1x16x128x1920]->y[1x16x1x1920]      0.041ms     7.864 M      0.19    7.56 MiB    191.21
    3  Softmax   0  scores[1x16x1x1920]->y[1x16x1x1920]                 0.026ms   153.600 K      0.01  120.00 KiB      4.71
    4  Softmax   1  scores[1x16x1x1920]->y[1x16x1x1920]                 0.020ms   153.600 K      0.01  120.00 KiB      6.12
    5  SV        0  p[1x16x1x1920]+v[1x16x1920x128]->y[1x16x1x128]      0.029ms     7.864 M      0.27    7.56 MiB    276.57
    6  SV        1  p[1x16x1x1920]+v[1x16x1920x128]->y[1x16x1x128]      0.030ms     7.864 M      0.26    7.56 MiB    266.12
    7  Add      -1  a[1x1x4096]+b[1x1x4096]->y[1x1x4096]                0.013ms     4.096 K      0.00   24.00 KiB      1.92
    8  LN       -1  x[1x1x4096]+w[4096]->y[1x1x4096]                    0.063ms    20.480 K      0.00   24.00 KiB      0.39
    9  SwiGLU    0  a[1x1x5504]+b[1x1x5504]->y[1x1x5504]                0.025ms    33.024 K      0.00   32.25 KiB      1.34
   10  SwiGLU    1  a[1x1x5504]+b[1x1x5504]->y[1x1x5504]                0.021ms    33.024 K      0.00   32.25 KiB      1.54
   11  Add      -1  a[1x1x4096]+b[1x1x4096]->y[1x1x4096]                0.016ms     4.096 K      0.00   24.00 KiB      1.54
[gpu-debug] segment avg latency (cuda_events): 0.261 ms
[gpu-debug] sum(per-op)               : 0.401 ms (ratio=1.536)
[gpu-debug] NOTE: sum(per-op) may differ from segment latency due to Python overhead, event/launch overhead, and allocator/cache effects.
[gpu-debug] cuda mem before warmup: alloc=84.96 MiB reserved=102.00 MiB
[gpu-debug] cuda mem after warmup : alloc=100.02 MiB reserved=122.00 MiB
[gpu-debug] cuda mem peak (this segment): max_alloc=100.13 MiB max_reserved=122.00 MiB
========================================================================================
[gpu-debug] segment_key=npu|decode|16|48322b0ab0207f84448cb08e6eac5594
[gpu-debug] sig: device_type=npu phase=decode step=16 (count_hint=32)
[gpu-debug] ops_repr: LN:-1,QK:0,QK:1,Softmax:0,Softmax:1,SV:0,SV:1,Add:-1,LN:-1,SwiGLU:0,SwiGLU:1,Add:-1
[gpu-debug] cfg: device=cuda dtype=torch.bfloat16 batch=1 dim=4096 ffn_dim=11008 n_heads=32 shards=2
[gpu-debug] op plan (with inferred tensor shapes):
  - op#00  op=LN       shard=-1  x=[1x1x4096] + w=[4096]  ->  y=[1x1x4096]  (T=1, K=1984)
  - op#01  op=QK       shard=0   q=[1x16x1x128] + k=[1x16x128x1984]  ->  y=[1x16x1x1984]  (T=1, K=1984)
  - op#02  op=QK       shard=1   q=[1x16x1x128] + k=[1x16x128x1984]  ->  y=[1x16x1x1984]  (T=1, K=1984)
  - op#03  op=Softmax  shard=0   scores=[1x16x1x1984]  ->  y=[1x16x1x1984]  (T=1, K=1984)
  - op#04  op=Softmax  shard=1   scores=[1x16x1x1984]  ->  y=[1x16x1x1984]  (T=1, K=1984)
  - op#05  op=SV       shard=0   p=[1x16x1x1984] + v=[1x16x1984x128]  ->  y=[1x16x1x128]  (T=1, K=1984)
  - op#06  op=SV       shard=1   p=[1x16x1x1984] + v=[1x16x1984x128]  ->  y=[1x16x1x128]  (T=1, K=1984)
  - op#07  op=Add      shard=-1  a=[1x1x4096] + b=[1x1x4096]  ->  y=[1x1x4096]  (T=1, K=1984)
  - op#08  op=LN       shard=-1  x=[1x1x4096] + w=[4096]  ->  y=[1x1x4096]  (T=1, K=1984)
  - op#09  op=SwiGLU   shard=0   a=[1x1x5504] + b=[1x1x5504]  ->  y=[1x1x5504]  (T=1, K=1984)
  - op#10  op=SwiGLU   shard=1   a=[1x1x5504] + b=[1x1x5504]  ->  y=[1x1x5504]  (T=1, K=1984)
  - op#11  op=Add      shard=-1  a=[1x1x4096] + b=[1x1x4096]  ->  y=[1x1x4096]  (T=1, K=1984)
[gpu-debug] per-op timing breakdown (avg over iters):
  idx  op       sh  io                                                    time   est_flops    TFLOPs       bytes      GB/s
  ------------------------------------------------------------------------------------------------------------------------
    0  LN       -1  x[1x1x4096]+w[4096]->y[1x1x4096]                    0.061ms    20.480 K      0.00   24.00 KiB      0.40
    1  QK        0  q[1x16x1x128]+k[1x16x128x1984]->y[1x16x1x1984]      0.052ms     8.126 M      0.16    7.81 MiB    156.90
    2  QK        1  q[1x16x1x128]+k[1x16x128x1984]->y[1x16x1x1984]      0.042ms     8.126 M      0.19    7.81 MiB    196.13
    3  Softmax   0  scores[1x16x1x1984]->y[1x16x1x1984]                 0.027ms   158.720 K      0.01  124.00 KiB      4.79
    4  Softmax   1  scores[1x16x1x1984]->y[1x16x1x1984]                 0.020ms   158.720 K      0.01  124.00 KiB      6.23
    5  SV        0  p[1x16x1x1984]+v[1x16x1984x128]->y[1x16x1x128]      0.030ms     8.126 M      0.27    7.81 MiB    269.43
    6  SV        1  p[1x16x1x1984]+v[1x16x1984x128]->y[1x16x1x128]      0.031ms     8.126 M      0.27    7.81 MiB    267.63
    7  Add      -1  a[1x1x4096]+b[1x1x4096]->y[1x1x4096]                0.014ms     4.096 K      0.00   24.00 KiB      1.73
    8  LN       -1  x[1x1x4096]+w[4096]->y[1x1x4096]                    0.065ms    20.480 K      0.00   24.00 KiB      0.38
    9  SwiGLU    0  a[1x1x5504]+b[1x1x5504]->y[1x1x5504]                0.024ms    33.024 K      0.00   32.25 KiB      1.36
   10  SwiGLU    1  a[1x1x5504]+b[1x1x5504]->y[1x1x5504]                0.021ms    33.024 K      0.00   32.25 KiB      1.55
   11  Add      -1  a[1x1x4096]+b[1x1x4096]->y[1x1x4096]                0.016ms     4.096 K      0.00   24.00 KiB      1.57
[gpu-debug] segment avg latency (cuda_events): 0.261 ms
[gpu-debug] sum(per-op)               : 0.403 ms (ratio=1.543)
[gpu-debug] NOTE: sum(per-op) may differ from segment latency due to Python overhead, event/launch overhead, and allocator/cache effects.
[gpu-debug] cuda mem before warmup: alloc=100.02 MiB reserved=122.00 MiB
[gpu-debug] cuda mem after warmup : alloc=115.58 MiB reserved=142.00 MiB
[gpu-debug] cuda mem peak (this segment): max_alloc=115.70 MiB max_reserved=142.00 MiB
========================================================================================
[gpu-debug] segment_key=npu|decode|1|48322b0ab0207f84448cb08e6eac5594
[gpu-debug] sig: device_type=npu phase=decode step=1 (count_hint=32)
[gpu-debug] ops_repr: LN:-1,QK:0,QK:1,Softmax:0,Softmax:1,SV:0,SV:1,Add:-1,LN:-1,SwiGLU:0,SwiGLU:1,Add:-1
[gpu-debug] cfg: device=cuda dtype=torch.bfloat16 batch=1 dim=4096 ffn_dim=11008 n_heads=32 shards=2
[gpu-debug] op plan (with inferred tensor shapes):
  - op#00  op=LN       shard=-1  x=[1x1x4096] + w=[4096]  ->  y=[1x1x4096]  (T=1, K=1026)
  - op#01  op=QK       shard=0   q=[1x16x1x128] + k=[1x16x128x1026]  ->  y=[1x16x1x1026]  (T=1, K=1026)
  - op#02  op=QK       shard=1   q=[1x16x1x128] + k=[1x16x128x1026]  ->  y=[1x16x1x1026]  (T=1, K=1026)
  - op#03  op=Softmax  shard=0   scores=[1x16x1x1026]  ->  y=[1x16x1x1026]  (T=1, K=1026)
  - op#04  op=Softmax  shard=1   scores=[1x16x1x1026]  ->  y=[1x16x1x1026]  (T=1, K=1026)
  - op#05  op=SV       shard=0   p=[1x16x1x1026] + v=[1x16x1026x128]  ->  y=[1x16x1x128]  (T=1, K=1026)
  - op#06  op=SV       shard=1   p=[1x16x1x1026] + v=[1x16x1026x128]  ->  y=[1x16x1x128]  (T=1, K=1026)
  - op#07  op=Add      shard=-1  a=[1x1x4096] + b=[1x1x4096]  ->  y=[1x1x4096]  (T=1, K=1026)
  - op#08  op=LN       shard=-1  x=[1x1x4096] + w=[4096]  ->  y=[1x1x4096]  (T=1, K=1026)
  - op#09  op=SwiGLU   shard=0   a=[1x1x5504] + b=[1x1x5504]  ->  y=[1x1x5504]  (T=1, K=1026)
  - op#10  op=SwiGLU   shard=1   a=[1x1x5504] + b=[1x1x5504]  ->  y=[1x1x5504]  (T=1, K=1026)
  - op#11  op=Add      shard=-1  a=[1x1x4096] + b=[1x1x4096]  ->  y=[1x1x4096]  (T=1, K=1026)
[gpu-debug] per-op timing breakdown (avg over iters):
  idx  op       sh  io                                                    time   est_flops    TFLOPs       bytes      GB/s
  ------------------------------------------------------------------------------------------------------------------------
    0  LN       -1  x[1x1x4096]+w[4096]->y[1x1x4096]                    0.061ms    20.480 K      0.00   24.00 KiB      0.40
    1  QK        0  q[1x16x1x128]+k[1x16x128x1026]->y[1x16x1x1026]      0.048ms     4.202 M      0.09    4.04 MiB     87.53
    2  QK        1  q[1x16x1x128]+k[1x16x128x1026]->y[1x16x1x1026]      0.042ms     4.202 M      0.10    4.04 MiB    101.97
    3  Softmax   0  scores[1x16x1x1026]->y[1x16x1x1026]                 0.022ms    82.080 K      0.00   64.12 KiB      2.97
    4  Softmax   1  scores[1x16x1x1026]->y[1x16x1x1026]                 0.018ms    82.080 K      0.00   64.12 KiB      3.75
    5  SV        0  p[1x16x1x1026]+v[1x16x1026x128]->y[1x16x1x128]      0.031ms     4.202 M      0.13    4.04 MiB    134.86
    6  SV        1  p[1x16x1x1026]+v[1x16x1026x128]->y[1x16x1x128]      0.030ms     4.202 M      0.14    4.04 MiB    141.78
    7  Add      -1  a[1x1x4096]+b[1x1x4096]->y[1x1x4096]                0.016ms     4.096 K      0.00   24.00 KiB      1.53
    8  LN       -1  x[1x1x4096]+w[4096]->y[1x1x4096]                    0.063ms    20.480 K      0.00   24.00 KiB      0.39
    9  SwiGLU    0  a[1x1x5504]+b[1x1x5504]->y[1x1x5504]                0.024ms    33.024 K      0.00   32.25 KiB      1.36
   10  SwiGLU    1  a[1x1x5504]+b[1x1x5504]->y[1x1x5504]                0.021ms    33.024 K      0.00   32.25 KiB      1.58
   11  Add      -1  a[1x1x4096]+b[1x1x4096]->y[1x1x4096]                0.015ms     4.096 K      0.00   24.00 KiB      1.60
[gpu-debug] segment avg latency (cuda_events): 0.255 ms
[gpu-debug] sum(per-op)               : 0.391 ms (ratio=1.538)
[gpu-debug] NOTE: sum(per-op) may differ from segment latency due to Python overhead, event/launch overhead, and allocator/cache effects.
[gpu-debug] cuda mem before warmup: alloc=115.58 MiB reserved=142.00 MiB
[gpu-debug] cuda mem after warmup : alloc=125.11 MiB reserved=142.00 MiB
[gpu-debug] cuda mem peak (this segment): max_alloc=125.17 MiB max_reserved=142.00 MiB
========================================================================================
[gpu-debug] segment_key=npu|decode|2|48322b0ab0207f84448cb08e6eac5594
[gpu-debug] sig: device_type=npu phase=decode step=2 (count_hint=32)
[gpu-debug] ops_repr: LN:-1,QK:0,QK:1,Softmax:0,Softmax:1,SV:0,SV:1,Add:-1,LN:-1,SwiGLU:0,SwiGLU:1,Add:-1
[gpu-debug] cfg: device=cuda dtype=torch.bfloat16 batch=1 dim=4096 ffn_dim=11008 n_heads=32 shards=2
[gpu-debug] op plan (with inferred tensor shapes):
  - op#00  op=LN       shard=-1  x=[1x1x4096] + w=[4096]  ->  y=[1x1x4096]  (T=1, K=1088)
  - op#01  op=QK       shard=0   q=[1x16x1x128] + k=[1x16x128x1088]  ->  y=[1x16x1x1088]  (T=1, K=1088)
  - op#02  op=QK       shard=1   q=[1x16x1x128] + k=[1x16x128x1088]  ->  y=[1x16x1x1088]  (T=1, K=1088)
  - op#03  op=Softmax  shard=0   scores=[1x16x1x1088]  ->  y=[1x16x1x1088]  (T=1, K=1088)
  - op#04  op=Softmax  shard=1   scores=[1x16x1x1088]  ->  y=[1x16x1x1088]  (T=1, K=1088)
  - op#05  op=SV       shard=0   p=[1x16x1x1088] + v=[1x16x1088x128]  ->  y=[1x16x1x128]  (T=1, K=1088)
  - op#06  op=SV       shard=1   p=[1x16x1x1088] + v=[1x16x1088x128]  ->  y=[1x16x1x128]  (T=1, K=1088)
  - op#07  op=Add      shard=-1  a=[1x1x4096] + b=[1x1x4096]  ->  y=[1x1x4096]  (T=1, K=1088)
  - op#08  op=LN       shard=-1  x=[1x1x4096] + w=[4096]  ->  y=[1x1x4096]  (T=1, K=1088)
  - op#09  op=SwiGLU   shard=0   a=[1x1x5504] + b=[1x1x5504]  ->  y=[1x1x5504]  (T=1, K=1088)
  - op#10  op=SwiGLU   shard=1   a=[1x1x5504] + b=[1x1x5504]  ->  y=[1x1x5504]  (T=1, K=1088)
  - op#11  op=Add      shard=-1  a=[1x1x4096] + b=[1x1x4096]  ->  y=[1x1x4096]  (T=1, K=1088)
[gpu-debug] per-op timing breakdown (avg over iters):
  idx  op       sh  io                                                    time   est_flops    TFLOPs       bytes      GB/s
  ------------------------------------------------------------------------------------------------------------------------
    0  LN       -1  x[1x1x4096]+w[4096]->y[1x1x4096]                    0.061ms    20.480 K      0.00   24.00 KiB      0.40
    1  QK        0  q[1x16x1x128]+k[1x16x128x1088]->y[1x16x1x1088]      0.052ms     4.456 M      0.09    4.29 MiB     86.25
    2  QK        1  q[1x16x1x128]+k[1x16x128x1088]->y[1x16x1x1088]      0.042ms     4.456 M      0.11    4.29 MiB    107.86
    3  Softmax   0  scores[1x16x1x1088]->y[1x16x1x1088]                 0.022ms    87.040 K      0.00   68.00 KiB      3.11
    4  Softmax   1  scores[1x16x1x1088]->y[1x16x1x1088]                 0.018ms    87.040 K      0.00   68.00 KiB      3.91
    5  SV        0  p[1x16x1x1088]+v[1x16x1088x128]->y[1x16x1x128]      0.030ms     4.456 M      0.15    4.29 MiB    147.81
    6  SV        1  p[1x16x1x1088]+v[1x16x1088x128]->y[1x16x1x128]      0.030ms     4.456 M      0.15    4.29 MiB    148.31
    7  Add      -1  a[1x1x4096]+b[1x1x4096]->y[1x1x4096]                0.019ms     4.096 K      0.00   24.00 KiB      1.32
    8  LN       -1  x[1x1x4096]+w[4096]->y[1x1x4096]                    0.065ms    20.480 K      0.00   24.00 KiB      0.38
    9  SwiGLU    0  a[1x1x5504]+b[1x1x5504]->y[1x1x5504]                0.025ms    33.024 K      0.00   32.25 KiB      1.33
   10  SwiGLU    1  a[1x1x5504]+b[1x1x5504]->y[1x1x5504]                0.021ms    33.024 K      0.00   32.25 KiB      1.55
   11  Add      -1  a[1x1x4096]+b[1x1x4096]->y[1x1x4096]                0.016ms     4.096 K      0.00   24.00 KiB      1.56
[gpu-debug] segment avg latency (cuda_events): 0.260 ms
[gpu-debug] sum(per-op)               : 0.401 ms (ratio=1.542)
[gpu-debug] NOTE: sum(per-op) may differ from segment latency due to Python overhead, event/launch overhead, and allocator/cache effects.
[gpu-debug] cuda mem before warmup: alloc=125.11 MiB reserved=142.00 MiB
[gpu-debug] cuda mem after warmup : alloc=133.64 MiB reserved=142.00 MiB
[gpu-debug] cuda mem peak (this segment): max_alloc=133.71 MiB max_reserved=142.00 MiB
========================================================================================
[gpu-debug] segment_key=npu|decode|3|48322b0ab0207f84448cb08e6eac5594
[gpu-debug] sig: device_type=npu phase=decode step=3 (count_hint=32)
[gpu-debug] ops_repr: LN:-1,QK:0,QK:1,Softmax:0,Softmax:1,SV:0,SV:1,Add:-1,LN:-1,SwiGLU:0,SwiGLU:1,Add:-1
[gpu-debug] cfg: device=cuda dtype=torch.bfloat16 batch=1 dim=4096 ffn_dim=11008 n_heads=32 shards=2
[gpu-debug] op plan (with inferred tensor shapes):
  - op#00  op=LN       shard=-1  x=[1x1x4096] + w=[4096]  ->  y=[1x1x4096]  (T=1, K=1152)
  - op#01  op=QK       shard=0   q=[1x16x1x128] + k=[1x16x128x1152]  ->  y=[1x16x1x1152]  (T=1, K=1152)
  - op#02  op=QK       shard=1   q=[1x16x1x128] + k=[1x16x128x1152]  ->  y=[1x16x1x1152]  (T=1, K=1152)
  - op#03  op=Softmax  shard=0   scores=[1x16x1x1152]  ->  y=[1x16x1x1152]  (T=1, K=1152)
  - op#04  op=Softmax  shard=1   scores=[1x16x1x1152]  ->  y=[1x16x1x1152]  (T=1, K=1152)
  - op#05  op=SV       shard=0   p=[1x16x1x1152] + v=[1x16x1152x128]  ->  y=[1x16x1x128]  (T=1, K=1152)
  - op#06  op=SV       shard=1   p=[1x16x1x1152] + v=[1x16x1152x128]  ->  y=[1x16x1x128]  (T=1, K=1152)
  - op#07  op=Add      shard=-1  a=[1x1x4096] + b=[1x1x4096]  ->  y=[1x1x4096]  (T=1, K=1152)
  - op#08  op=LN       shard=-1  x=[1x1x4096] + w=[4096]  ->  y=[1x1x4096]  (T=1, K=1152)
  - op#09  op=SwiGLU   shard=0   a=[1x1x5504] + b=[1x1x5504]  ->  y=[1x1x5504]  (T=1, K=1152)
  - op#10  op=SwiGLU   shard=1   a=[1x1x5504] + b=[1x1x5504]  ->  y=[1x1x5504]  (T=1, K=1152)
  - op#11  op=Add      shard=-1  a=[1x1x4096] + b=[1x1x4096]  ->  y=[1x1x4096]  (T=1, K=1152)
[gpu-debug] per-op timing breakdown (avg over iters):
  idx  op       sh  io                                                    time   est_flops    TFLOPs       bytes      GB/s
  ------------------------------------------------------------------------------------------------------------------------
    0  LN       -1  x[1x1x4096]+w[4096]->y[1x1x4096]                    0.064ms    20.480 K      0.00   24.00 KiB      0.38
    1  QK        0  q[1x16x1x128]+k[1x16x128x1152]->y[1x16x1x1152]      0.053ms     4.719 M      0.09    4.54 MiB     90.25
    2  QK        1  q[1x16x1x128]+k[1x16x128x1152]->y[1x16x1x1152]      0.042ms     4.719 M      0.11    4.54 MiB    113.92
    3  Softmax   0  scores[1x16x1x1152]->y[1x16x1x1152]                 0.023ms    92.160 K      0.00   72.00 KiB      3.24
    4  Softmax   1  scores[1x16x1x1152]->y[1x16x1x1152]                 0.018ms    92.160 K      0.01   72.00 KiB      4.16
    5  SV        0  p[1x16x1x1152]+v[1x16x1152x128]->y[1x16x1x128]      0.030ms     4.719 M      0.16    4.54 MiB    159.18
    6  SV        1  p[1x16x1x1152]+v[1x16x1152x128]->y[1x16x1x128]      0.028ms     4.719 M      0.17    4.54 MiB    167.19
    7  Add      -1  a[1x1x4096]+b[1x1x4096]->y[1x1x4096]                0.018ms     4.096 K      0.00   24.00 KiB      1.38
    8  LN       -1  x[1x1x4096]+w[4096]->y[1x1x4096]                    0.064ms    20.480 K      0.00   24.00 KiB      0.39
    9  SwiGLU    0  a[1x1x5504]+b[1x1x5504]->y[1x1x5504]                0.024ms    33.024 K      0.00   32.25 KiB      1.36
   10  SwiGLU    1  a[1x1x5504]+b[1x1x5504]->y[1x1x5504]                0.021ms    33.024 K      0.00   32.25 KiB      1.57
   11  Add      -1  a[1x1x4096]+b[1x1x4096]->y[1x1x4096]                0.016ms     4.096 K      0.00   24.00 KiB      1.57
[gpu-debug] segment avg latency (cuda_events): 0.262 ms
[gpu-debug] sum(per-op)               : 0.400 ms (ratio=1.524)
[gpu-debug] NOTE: sum(per-op) may differ from segment latency due to Python overhead, event/launch overhead, and allocator/cache effects.
[gpu-debug] cuda mem before warmup: alloc=133.64 MiB reserved=142.00 MiB
[gpu-debug] cuda mem after warmup : alloc=142.68 MiB reserved=162.00 MiB
[gpu-debug] cuda mem peak (this segment): max_alloc=142.75 MiB max_reserved=162.00 MiB
========================================================================================
[gpu-debug] segment_key=npu|decode|4|48322b0ab0207f84448cb08e6eac5594
[gpu-debug] sig: device_type=npu phase=decode step=4 (count_hint=32)
[gpu-debug] ops_repr: LN:-1,QK:0,QK:1,Softmax:0,Softmax:1,SV:0,SV:1,Add:-1,LN:-1,SwiGLU:0,SwiGLU:1,Add:-1
[gpu-debug] cfg: device=cuda dtype=torch.bfloat16 batch=1 dim=4096 ffn_dim=11008 n_heads=32 shards=2
[gpu-debug] op plan (with inferred tensor shapes):
  - op#00  op=LN       shard=-1  x=[1x1x4096] + w=[4096]  ->  y=[1x1x4096]  (T=1, K=1216)
  - op#01  op=QK       shard=0   q=[1x16x1x128] + k=[1x16x128x1216]  ->  y=[1x16x1x1216]  (T=1, K=1216)
  - op#02  op=QK       shard=1   q=[1x16x1x128] + k=[1x16x128x1216]  ->  y=[1x16x1x1216]  (T=1, K=1216)
  - op#03  op=Softmax  shard=0   scores=[1x16x1x1216]  ->  y=[1x16x1x1216]  (T=1, K=1216)
  - op#04  op=Softmax  shard=1   scores=[1x16x1x1216]  ->  y=[1x16x1x1216]  (T=1, K=1216)
  - op#05  op=SV       shard=0   p=[1x16x1x1216] + v=[1x16x1216x128]  ->  y=[1x16x1x128]  (T=1, K=1216)
  - op#06  op=SV       shard=1   p=[1x16x1x1216] + v=[1x16x1216x128]  ->  y=[1x16x1x128]  (T=1, K=1216)
  - op#07  op=Add      shard=-1  a=[1x1x4096] + b=[1x1x4096]  ->  y=[1x1x4096]  (T=1, K=1216)
  - op#08  op=LN       shard=-1  x=[1x1x4096] + w=[4096]  ->  y=[1x1x4096]  (T=1, K=1216)
  - op#09  op=SwiGLU   shard=0   a=[1x1x5504] + b=[1x1x5504]  ->  y=[1x1x5504]  (T=1, K=1216)
  - op#10  op=SwiGLU   shard=1   a=[1x1x5504] + b=[1x1x5504]  ->  y=[1x1x5504]  (T=1, K=1216)
  - op#11  op=Add      shard=-1  a=[1x1x4096] + b=[1x1x4096]  ->  y=[1x1x4096]  (T=1, K=1216)
[gpu-debug] per-op timing breakdown (avg over iters):
  idx  op       sh  io                                                    time   est_flops    TFLOPs       bytes      GB/s
  ------------------------------------------------------------------------------------------------------------------------
    0  LN       -1  x[1x1x4096]+w[4096]->y[1x1x4096]                    0.062ms    20.480 K      0.00   24.00 KiB      0.40
    1  QK        0  q[1x16x1x128]+k[1x16x128x1216]->y[1x16x1x1216]      0.052ms     4.981 M      0.10    4.79 MiB     96.57
    2  QK        1  q[1x16x1x128]+k[1x16x128x1216]->y[1x16x1x1216]      0.042ms     4.981 M      0.12    4.79 MiB    120.84
    3  Softmax   0  scores[1x16x1x1216]->y[1x16x1x1216]                 0.023ms    97.280 K      0.00   76.00 KiB      3.42
    4  Softmax   1  scores[1x16x1x1216]->y[1x16x1x1216]                 0.018ms    97.280 K      0.01   76.00 KiB      4.42
    5  SV        0  p[1x16x1x1216]+v[1x16x1216x128]->y[1x16x1x128]      0.031ms     4.981 M      0.16    4.79 MiB    161.38
    6  SV        1  p[1x16x1x1216]+v[1x16x1216x128]->y[1x16x1x128]      0.030ms     4.981 M      0.17    4.79 MiB    168.59
    7  Add      -1  a[1x1x4096]+b[1x1x4096]->y[1x1x4096]                0.016ms     4.096 K      0.00   24.00 KiB      1.54
    8  LN       -1  x[1x1x4096]+w[4096]->y[1x1x4096]                    0.063ms    20.480 K      0.00   24.00 KiB      0.39
    9  SwiGLU    0  a[1x1x5504]+b[1x1x5504]->y[1x1x5504]                0.025ms    33.024 K      0.00   32.25 KiB      1.34
   10  SwiGLU    1  a[1x1x5504]+b[1x1x5504]->y[1x1x5504]                0.022ms    33.024 K      0.00   32.25 KiB      1.49
   11  Add      -1  a[1x1x4096]+b[1x1x4096]->y[1x1x4096]                0.016ms     4.096 K      0.00   24.00 KiB      1.52
[gpu-debug] segment avg latency (cuda_events): 0.260 ms
[gpu-debug] sum(per-op)               : 0.399 ms (ratio=1.536)
[gpu-debug] NOTE: sum(per-op) may differ from segment latency due to Python overhead, event/launch overhead, and allocator/cache effects.
[gpu-debug] cuda mem before warmup: alloc=142.68 MiB reserved=162.00 MiB
[gpu-debug] cuda mem after warmup : alloc=152.21 MiB reserved=162.00 MiB
[gpu-debug] cuda mem peak (this segment): max_alloc=152.29 MiB max_reserved=162.00 MiB
========================================================================================
[gpu-debug] segment_key=npu|decode|5|48322b0ab0207f84448cb08e6eac5594
[gpu-debug] sig: device_type=npu phase=decode step=5 (count_hint=32)
[gpu-debug] ops_repr: LN:-1,QK:0,QK:1,Softmax:0,Softmax:1,SV:0,SV:1,Add:-1,LN:-1,SwiGLU:0,SwiGLU:1,Add:-1
[gpu-debug] cfg: device=cuda dtype=torch.bfloat16 batch=1 dim=4096 ffn_dim=11008 n_heads=32 shards=2
[gpu-debug] op plan (with inferred tensor shapes):
  - op#00  op=LN       shard=-1  x=[1x1x4096] + w=[4096]  ->  y=[1x1x4096]  (T=1, K=1280)
  - op#01  op=QK       shard=0   q=[1x16x1x128] + k=[1x16x128x1280]  ->  y=[1x16x1x1280]  (T=1, K=1280)
  - op#02  op=QK       shard=1   q=[1x16x1x128] + k=[1x16x128x1280]  ->  y=[1x16x1x1280]  (T=1, K=1280)
  - op#03  op=Softmax  shard=0   scores=[1x16x1x1280]  ->  y=[1x16x1x1280]  (T=1, K=1280)
  - op#04  op=Softmax  shard=1   scores=[1x16x1x1280]  ->  y=[1x16x1x1280]  (T=1, K=1280)
  - op#05  op=SV       shard=0   p=[1x16x1x1280] + v=[1x16x1280x128]  ->  y=[1x16x1x128]  (T=1, K=1280)
  - op#06  op=SV       shard=1   p=[1x16x1x1280] + v=[1x16x1280x128]  ->  y=[1x16x1x128]  (T=1, K=1280)
  - op#07  op=Add      shard=-1  a=[1x1x4096] + b=[1x1x4096]  ->  y=[1x1x4096]  (T=1, K=1280)
  - op#08  op=LN       shard=-1  x=[1x1x4096] + w=[4096]  ->  y=[1x1x4096]  (T=1, K=1280)
  - op#09  op=SwiGLU   shard=0   a=[1x1x5504] + b=[1x1x5504]  ->  y=[1x1x5504]  (T=1, K=1280)
  - op#10  op=SwiGLU   shard=1   a=[1x1x5504] + b=[1x1x5504]  ->  y=[1x1x5504]  (T=1, K=1280)
  - op#11  op=Add      shard=-1  a=[1x1x4096] + b=[1x1x4096]  ->  y=[1x1x4096]  (T=1, K=1280)
[gpu-debug] per-op timing breakdown (avg over iters):
  idx  op       sh  io                                                    time   est_flops    TFLOPs       bytes      GB/s
  ------------------------------------------------------------------------------------------------------------------------
    0  LN       -1  x[1x1x4096]+w[4096]->y[1x1x4096]                    0.061ms    20.480 K      0.00   24.00 KiB      0.40
    1  QK        0  q[1x16x1x128]+k[1x16x128x1280]->y[1x16x1x1280]      0.053ms     5.243 M      0.10    5.04 MiB    100.66
    2  QK        1  q[1x16x1x128]+k[1x16x128x1280]->y[1x16x1x1280]      0.042ms     5.243 M      0.13    5.04 MiB    126.88
    3  Softmax   0  scores[1x16x1x1280]->y[1x16x1x1280]                 0.023ms   102.400 K      0.00   80.00 KiB      3.52
    4  Softmax   1  scores[1x16x1x1280]->y[1x16x1x1280]                 0.018ms   102.400 K      0.01   80.00 KiB      4.47
    5  SV        0  p[1x16x1x1280]+v[1x16x1280x128]->y[1x16x1x128]      0.033ms     5.243 M      0.16    5.04 MiB    162.39
    6  SV        1  p[1x16x1x1280]+v[1x16x1280x128]->y[1x16x1x128]      0.030ms     5.243 M      0.18    5.04 MiB    178.69
    7  Add      -1  a[1x1x4096]+b[1x1x4096]->y[1x1x4096]                0.017ms     4.096 K      0.00   24.00 KiB      1.43
    8  LN       -1  x[1x1x4096]+w[4096]->y[1x1x4096]                    0.064ms    20.480 K      0.00   24.00 KiB      0.39
    9  SwiGLU    0  a[1x1x5504]+b[1x1x5504]->y[1x1x5504]                0.024ms    33.024 K      0.00   32.25 KiB      1.37
   10  SwiGLU    1  a[1x1x5504]+b[1x1x5504]->y[1x1x5504]                0.021ms    33.024 K      0.00   32.25 KiB      1.58
   11  Add      -1  a[1x1x4096]+b[1x1x4096]->y[1x1x4096]                0.016ms     4.096 K      0.00   24.00 KiB      1.53
[gpu-debug] segment avg latency (cuda_events): 0.261 ms
[gpu-debug] sum(per-op)               : 0.401 ms (ratio=1.537)
[gpu-debug] NOTE: sum(per-op) may differ from segment latency due to Python overhead, event/launch overhead, and allocator/cache effects.
[gpu-debug] cuda mem before warmup: alloc=152.21 MiB reserved=162.00 MiB
[gpu-debug] cuda mem after warmup : alloc=162.25 MiB reserved=182.00 MiB
[gpu-debug] cuda mem peak (this segment): max_alloc=162.33 MiB max_reserved=182.00 MiB
========================================================================================
[gpu-debug] segment_key=npu|decode|6|48322b0ab0207f84448cb08e6eac5594
[gpu-debug] sig: device_type=npu phase=decode step=6 (count_hint=32)
[gpu-debug] ops_repr: LN:-1,QK:0,QK:1,Softmax:0,Softmax:1,SV:0,SV:1,Add:-1,LN:-1,SwiGLU:0,SwiGLU:1,Add:-1
[gpu-debug] cfg: device=cuda dtype=torch.bfloat16 batch=1 dim=4096 ffn_dim=11008 n_heads=32 shards=2
[gpu-debug] op plan (with inferred tensor shapes):
  - op#00  op=LN       shard=-1  x=[1x1x4096] + w=[4096]  ->  y=[1x1x4096]  (T=1, K=1344)
  - op#01  op=QK       shard=0   q=[1x16x1x128] + k=[1x16x128x1344]  ->  y=[1x16x1x1344]  (T=1, K=1344)
  - op#02  op=QK       shard=1   q=[1x16x1x128] + k=[1x16x128x1344]  ->  y=[1x16x1x1344]  (T=1, K=1344)
  - op#03  op=Softmax  shard=0   scores=[1x16x1x1344]  ->  y=[1x16x1x1344]  (T=1, K=1344)
  - op#04  op=Softmax  shard=1   scores=[1x16x1x1344]  ->  y=[1x16x1x1344]  (T=1, K=1344)
  - op#05  op=SV       shard=0   p=[1x16x1x1344] + v=[1x16x1344x128]  ->  y=[1x16x1x128]  (T=1, K=1344)
  - op#06  op=SV       shard=1   p=[1x16x1x1344] + v=[1x16x1344x128]  ->  y=[1x16x1x128]  (T=1, K=1344)
  - op#07  op=Add      shard=-1  a=[1x1x4096] + b=[1x1x4096]  ->  y=[1x1x4096]  (T=1, K=1344)
  - op#08  op=LN       shard=-1  x=[1x1x4096] + w=[4096]  ->  y=[1x1x4096]  (T=1, K=1344)
  - op#09  op=SwiGLU   shard=0   a=[1x1x5504] + b=[1x1x5504]  ->  y=[1x1x5504]  (T=1, K=1344)
  - op#10  op=SwiGLU   shard=1   a=[1x1x5504] + b=[1x1x5504]  ->  y=[1x1x5504]  (T=1, K=1344)
  - op#11  op=Add      shard=-1  a=[1x1x4096] + b=[1x1x4096]  ->  y=[1x1x4096]  (T=1, K=1344)
[gpu-debug] per-op timing breakdown (avg over iters):
  idx  op       sh  io                                                    time   est_flops    TFLOPs       bytes      GB/s
  ------------------------------------------------------------------------------------------------------------------------
    0  LN       -1  x[1x1x4096]+w[4096]->y[1x1x4096]                    0.062ms    20.480 K      0.00   24.00 KiB      0.40
    1  QK        0  q[1x16x1x128]+k[1x16x128x1344]->y[1x16x1x1344]      0.053ms     5.505 M      0.10    5.29 MiB    105.69
    2  QK        1  q[1x16x1x128]+k[1x16x128x1344]->y[1x16x1x1344]      0.042ms     5.505 M      0.13    5.29 MiB    133.55
    3  Softmax   0  scores[1x16x1x1344]->y[1x16x1x1344]                 0.023ms   107.520 K      0.00   84.00 KiB      3.67
    4  Softmax   1  scores[1x16x1x1344]->y[1x16x1x1344]                 0.018ms   107.520 K      0.01   84.00 KiB      4.75
    5  SV        0  p[1x16x1x1344]+v[1x16x1344x128]->y[1x16x1x128]      0.032ms     5.505 M      0.17    5.29 MiB    176.04
    6  SV        1  p[1x16x1x1344]+v[1x16x1344x128]->y[1x16x1x128]      0.030ms     5.505 M      0.18    5.29 MiB    185.68
    7  Add      -1  a[1x1x4096]+b[1x1x4096]->y[1x1x4096]                0.015ms     4.096 K      0.00   24.00 KiB      1.59
    8  LN       -1  x[1x1x4096]+w[4096]->y[1x1x4096]                    0.063ms    20.480 K      0.00   24.00 KiB      0.39
    9  SwiGLU    0  a[1x1x5504]+b[1x1x5504]->y[1x1x5504]                0.024ms    33.024 K      0.00   32.25 KiB      1.37
   10  SwiGLU    1  a[1x1x5504]+b[1x1x5504]->y[1x1x5504]                0.022ms    33.024 K      0.00   32.25 KiB      1.53
   11  Add      -1  a[1x1x4096]+b[1x1x4096]->y[1x1x4096]                0.016ms     4.096 K      0.00   24.00 KiB      1.52
[gpu-debug] segment avg latency (cuda_events): 0.261 ms
[gpu-debug] sum(per-op)               : 0.400 ms (ratio=1.532)
[gpu-debug] NOTE: sum(per-op) may differ from segment latency due to Python overhead, event/launch overhead, and allocator/cache effects.
[gpu-debug] cuda mem before warmup: alloc=162.25 MiB reserved=182.00 MiB
[gpu-debug] cuda mem after warmup : alloc=172.79 MiB reserved=202.00 MiB
[gpu-debug] cuda mem peak (this segment): max_alloc=172.88 MiB max_reserved=202.00 MiB
========================================================================================
[gpu-debug] segment_key=npu|decode|7|48322b0ab0207f84448cb08e6eac5594
[gpu-debug] sig: device_type=npu phase=decode step=7 (count_hint=32)
[gpu-debug] ops_repr: LN:-1,QK:0,QK:1,Softmax:0,Softmax:1,SV:0,SV:1,Add:-1,LN:-1,SwiGLU:0,SwiGLU:1,Add:-1
[gpu-debug] cfg: device=cuda dtype=torch.bfloat16 batch=1 dim=4096 ffn_dim=11008 n_heads=32 shards=2
[gpu-debug] op plan (with inferred tensor shapes):
  - op#00  op=LN       shard=-1  x=[1x1x4096] + w=[4096]  ->  y=[1x1x4096]  (T=1, K=1408)
  - op#01  op=QK       shard=0   q=[1x16x1x128] + k=[1x16x128x1408]  ->  y=[1x16x1x1408]  (T=1, K=1408)
  - op#02  op=QK       shard=1   q=[1x16x1x128] + k=[1x16x128x1408]  ->  y=[1x16x1x1408]  (T=1, K=1408)
  - op#03  op=Softmax  shard=0   scores=[1x16x1x1408]  ->  y=[1x16x1x1408]  (T=1, K=1408)
  - op#04  op=Softmax  shard=1   scores=[1x16x1x1408]  ->  y=[1x16x1x1408]  (T=1, K=1408)
  - op#05  op=SV       shard=0   p=[1x16x1x1408] + v=[1x16x1408x128]  ->  y=[1x16x1x128]  (T=1, K=1408)
  - op#06  op=SV       shard=1   p=[1x16x1x1408] + v=[1x16x1408x128]  ->  y=[1x16x1x128]  (T=1, K=1408)
  - op#07  op=Add      shard=-1  a=[1x1x4096] + b=[1x1x4096]  ->  y=[1x1x4096]  (T=1, K=1408)
  - op#08  op=LN       shard=-1  x=[1x1x4096] + w=[4096]  ->  y=[1x1x4096]  (T=1, K=1408)
  - op#09  op=SwiGLU   shard=0   a=[1x1x5504] + b=[1x1x5504]  ->  y=[1x1x5504]  (T=1, K=1408)
  - op#10  op=SwiGLU   shard=1   a=[1x1x5504] + b=[1x1x5504]  ->  y=[1x1x5504]  (T=1, K=1408)
  - op#11  op=Add      shard=-1  a=[1x1x4096] + b=[1x1x4096]  ->  y=[1x1x4096]  (T=1, K=1408)
[gpu-debug] per-op timing breakdown (avg over iters):
  idx  op       sh  io                                                    time   est_flops    TFLOPs       bytes      GB/s
  ------------------------------------------------------------------------------------------------------------------------
    0  LN       -1  x[1x1x4096]+w[4096]->y[1x1x4096]                    0.063ms    20.480 K      0.00   24.00 KiB      0.39
    1  QK        0  q[1x16x1x128]+k[1x16x128x1408]->y[1x16x1x1408]      0.053ms     5.767 M      0.11    5.55 MiB    109.65
    2  QK        1  q[1x16x1x128]+k[1x16x128x1408]->y[1x16x1x1408]      0.042ms     5.767 M      0.14    5.55 MiB    139.56
    3  Softmax   0  scores[1x16x1x1408]->y[1x16x1x1408]                 0.024ms   112.640 K      0.00   88.00 KiB      3.76
    4  Softmax   1  scores[1x16x1x1408]->y[1x16x1x1408]                 0.018ms   112.640 K      0.01   88.00 KiB      5.12
    5  SV        0  p[1x16x1x1408]+v[1x16x1408x128]->y[1x16x1x128]      0.031ms     5.767 M      0.19    5.55 MiB    188.08
    6  SV        1  p[1x16x1x1408]+v[1x16x1408x128]->y[1x16x1x128]      0.029ms     5.767 M      0.20    5.55 MiB    197.91
    7  Add      -1  a[1x1x4096]+b[1x1x4096]->y[1x1x4096]                0.015ms     4.096 K      0.00   24.00 KiB      1.61
    8  LN       -1  x[1x1x4096]+w[4096]->y[1x1x4096]                    0.063ms    20.480 K      0.00   24.00 KiB      0.39
    9  SwiGLU    0  a[1x1x5504]+b[1x1x5504]->y[1x1x5504]                0.024ms    33.024 K      0.00   32.25 KiB      1.36
   10  SwiGLU    1  a[1x1x5504]+b[1x1x5504]->y[1x1x5504]                0.021ms    33.024 K      0.00   32.25 KiB      1.55
   11  Add      -1  a[1x1x4096]+b[1x1x4096]->y[1x1x4096]                0.017ms     4.096 K      0.00   24.00 KiB      1.48
[gpu-debug] segment avg latency (cuda_events): 0.261 ms
[gpu-debug] sum(per-op)               : 0.400 ms (ratio=1.535)
[gpu-debug] NOTE: sum(per-op) may differ from segment latency due to Python overhead, event/launch overhead, and allocator/cache effects.
[gpu-debug] cuda mem before warmup: alloc=172.79 MiB reserved=202.00 MiB
[gpu-debug] cuda mem after warmup : alloc=183.84 MiB reserved=202.00 MiB
[gpu-debug] cuda mem peak (this segment): max_alloc=183.92 MiB max_reserved=202.00 MiB
========================================================================================
[gpu-debug] segment_key=npu|decode|8|48322b0ab0207f84448cb08e6eac5594
[gpu-debug] sig: device_type=npu phase=decode step=8 (count_hint=32)
[gpu-debug] ops_repr: LN:-1,QK:0,QK:1,Softmax:0,Softmax:1,SV:0,SV:1,Add:-1,LN:-1,SwiGLU:0,SwiGLU:1,Add:-1
[gpu-debug] cfg: device=cuda dtype=torch.bfloat16 batch=1 dim=4096 ffn_dim=11008 n_heads=32 shards=2
[gpu-debug] op plan (with inferred tensor shapes):
  - op#00  op=LN       shard=-1  x=[1x1x4096] + w=[4096]  ->  y=[1x1x4096]  (T=1, K=1472)
  - op#01  op=QK       shard=0   q=[1x16x1x128] + k=[1x16x128x1472]  ->  y=[1x16x1x1472]  (T=1, K=1472)
  - op#02  op=QK       shard=1   q=[1x16x1x128] + k=[1x16x128x1472]  ->  y=[1x16x1x1472]  (T=1, K=1472)
  - op#03  op=Softmax  shard=0   scores=[1x16x1x1472]  ->  y=[1x16x1x1472]  (T=1, K=1472)
  - op#04  op=Softmax  shard=1   scores=[1x16x1x1472]  ->  y=[1x16x1x1472]  (T=1, K=1472)
  - op#05  op=SV       shard=0   p=[1x16x1x1472] + v=[1x16x1472x128]  ->  y=[1x16x1x128]  (T=1, K=1472)
  - op#06  op=SV       shard=1   p=[1x16x1x1472] + v=[1x16x1472x128]  ->  y=[1x16x1x128]  (T=1, K=1472)
  - op#07  op=Add      shard=-1  a=[1x1x4096] + b=[1x1x4096]  ->  y=[1x1x4096]  (T=1, K=1472)
  - op#08  op=LN       shard=-1  x=[1x1x4096] + w=[4096]  ->  y=[1x1x4096]  (T=1, K=1472)
  - op#09  op=SwiGLU   shard=0   a=[1x1x5504] + b=[1x1x5504]  ->  y=[1x1x5504]  (T=1, K=1472)
  - op#10  op=SwiGLU   shard=1   a=[1x1x5504] + b=[1x1x5504]  ->  y=[1x1x5504]  (T=1, K=1472)
  - op#11  op=Add      shard=-1  a=[1x1x4096] + b=[1x1x4096]  ->  y=[1x1x4096]  (T=1, K=1472)
[gpu-debug] per-op timing breakdown (avg over iters):
  idx  op       sh  io                                                    time   est_flops    TFLOPs       bytes      GB/s
  ------------------------------------------------------------------------------------------------------------------------
    0  LN       -1  x[1x1x4096]+w[4096]->y[1x1x4096]                    0.061ms    20.480 K      0.00   24.00 KiB      0.41
    1  QK        0  q[1x16x1x128]+k[1x16x128x1472]->y[1x16x1x1472]      0.052ms     6.029 M      0.12    5.80 MiB    117.58
    2  QK        1  q[1x16x1x128]+k[1x16x128x1472]->y[1x16x1x1472]      0.042ms     6.029 M      0.15    5.80 MiB    146.26
    3  Softmax   0  scores[1x16x1x1472]->y[1x16x1x1472]                 0.024ms   117.760 K      0.00   92.00 KiB      3.97
    4  Softmax   1  scores[1x16x1x1472]->y[1x16x1x1472]                 0.018ms   117.760 K      0.01   92.00 KiB      5.20
    5  SV        0  p[1x16x1x1472]+v[1x16x1472x128]->y[1x16x1x128]      0.033ms     6.029 M      0.18    5.80 MiB    186.14
    6  SV        1  p[1x16x1x1472]+v[1x16x1472x128]->y[1x16x1x128]      0.031ms     6.029 M      0.19    5.80 MiB    194.05
    7  Add      -1  a[1x1x4096]+b[1x1x4096]->y[1x1x4096]                0.015ms     4.096 K      0.00   24.00 KiB      1.61
    8  LN       -1  x[1x1x4096]+w[4096]->y[1x1x4096]                    0.064ms    20.480 K      0.00   24.00 KiB      0.38
    9  SwiGLU    0  a[1x1x5504]+b[1x1x5504]->y[1x1x5504]                0.024ms    33.024 K      0.00   32.25 KiB      1.36
   10  SwiGLU    1  a[1x1x5504]+b[1x1x5504]->y[1x1x5504]                0.021ms    33.024 K      0.00   32.25 KiB      1.54
   11  Add      -1  a[1x1x4096]+b[1x1x4096]->y[1x1x4096]                0.015ms     4.096 K      0.00   24.00 KiB      1.59
[gpu-debug] segment avg latency (cuda_events): 0.262 ms
[gpu-debug] sum(per-op)               : 0.400 ms (ratio=1.530)
[gpu-debug] NOTE: sum(per-op) may differ from segment latency due to Python overhead, event/launch overhead, and allocator/cache effects.
[gpu-debug] cuda mem before warmup: alloc=183.84 MiB reserved=202.00 MiB
[gpu-debug] cuda mem after warmup : alloc=195.38 MiB reserved=222.00 MiB
[gpu-debug] cuda mem peak (this segment): max_alloc=195.47 MiB max_reserved=222.00 MiB
========================================================================================
[gpu-debug] segment_key=npu|decode|9|48322b0ab0207f84448cb08e6eac5594
[gpu-debug] sig: device_type=npu phase=decode step=9 (count_hint=32)
[gpu-debug] ops_repr: LN:-1,QK:0,QK:1,Softmax:0,Softmax:1,SV:0,SV:1,Add:-1,LN:-1,SwiGLU:0,SwiGLU:1,Add:-1
[gpu-debug] cfg: device=cuda dtype=torch.bfloat16 batch=1 dim=4096 ffn_dim=11008 n_heads=32 shards=2
[gpu-debug] op plan (with inferred tensor shapes):
  - op#00  op=LN       shard=-1  x=[1x1x4096] + w=[4096]  ->  y=[1x1x4096]  (T=1, K=1536)
  - op#01  op=QK       shard=0   q=[1x16x1x128] + k=[1x16x128x1536]  ->  y=[1x16x1x1536]  (T=1, K=1536)
  - op#02  op=QK       shard=1   q=[1x16x1x128] + k=[1x16x128x1536]  ->  y=[1x16x1x1536]  (T=1, K=1536)
  - op#03  op=Softmax  shard=0   scores=[1x16x1x1536]  ->  y=[1x16x1x1536]  (T=1, K=1536)
  - op#04  op=Softmax  shard=1   scores=[1x16x1x1536]  ->  y=[1x16x1x1536]  (T=1, K=1536)
  - op#05  op=SV       shard=0   p=[1x16x1x1536] + v=[1x16x1536x128]  ->  y=[1x16x1x128]  (T=1, K=1536)
  - op#06  op=SV       shard=1   p=[1x16x1x1536] + v=[1x16x1536x128]  ->  y=[1x16x1x128]  (T=1, K=1536)
  - op#07  op=Add      shard=-1  a=[1x1x4096] + b=[1x1x4096]  ->  y=[1x1x4096]  (T=1, K=1536)
  - op#08  op=LN       shard=-1  x=[1x1x4096] + w=[4096]  ->  y=[1x1x4096]  (T=1, K=1536)
  - op#09  op=SwiGLU   shard=0   a=[1x1x5504] + b=[1x1x5504]  ->  y=[1x1x5504]  (T=1, K=1536)
  - op#10  op=SwiGLU   shard=1   a=[1x1x5504] + b=[1x1x5504]  ->  y=[1x1x5504]  (T=1, K=1536)
  - op#11  op=Add      shard=-1  a=[1x1x4096] + b=[1x1x4096]  ->  y=[1x1x4096]  (T=1, K=1536)
[gpu-debug] per-op timing breakdown (avg over iters):
  idx  op       sh  io                                                    time   est_flops    TFLOPs       bytes      GB/s
  ------------------------------------------------------------------------------------------------------------------------
    0  LN       -1  x[1x1x4096]+w[4096]->y[1x1x4096]                    0.064ms    20.480 K      0.00   24.00 KiB      0.38
    1  QK        0  q[1x16x1x128]+k[1x16x128x1536]->y[1x16x1x1536]      0.053ms     6.291 M      0.12    6.05 MiB    120.78
    2  QK        1  q[1x16x1x128]+k[1x16x128x1536]->y[1x16x1x1536]      0.042ms     6.291 M      0.15    6.05 MiB    152.24
    3  Softmax   0  scores[1x16x1x1536]->y[1x16x1x1536]                 0.025ms   122.880 K      0.00   96.00 KiB      4.00
    4  Softmax   1  scores[1x16x1x1536]->y[1x16x1x1536]                 0.018ms   122.880 K      0.01   96.00 KiB      5.36
    5  SV        0  p[1x16x1x1536]+v[1x16x1536x128]->y[1x16x1x128]      0.029ms     6.291 M      0.22    6.05 MiB    218.94
    6  SV        1  p[1x16x1x1536]+v[1x16x1536x128]->y[1x16x1x128]      0.030ms     6.291 M      0.21    6.05 MiB    214.39
    7  Add      -1  a[1x1x4096]+b[1x1x4096]->y[1x1x4096]                0.017ms     4.096 K      0.00   24.00 KiB      1.48
    8  LN       -1  x[1x1x4096]+w[4096]->y[1x1x4096]                    0.063ms    20.480 K      0.00   24.00 KiB      0.39
    9  SwiGLU    0  a[1x1x5504]+b[1x1x5504]->y[1x1x5504]                0.025ms    33.024 K      0.00   32.25 KiB      1.34
   10  SwiGLU    1  a[1x1x5504]+b[1x1x5504]->y[1x1x5504]                0.021ms    33.024 K      0.00   32.25 KiB      1.54
   11  Add      -1  a[1x1x4096]+b[1x1x4096]->y[1x1x4096]                0.015ms     4.096 K      0.00   24.00 KiB      1.59
[gpu-debug] segment avg latency (cuda_events): 0.261 ms
[gpu-debug] sum(per-op)               : 0.401 ms (ratio=1.535)
[gpu-debug] NOTE: sum(per-op) may differ from segment latency due to Python overhead, event/launch overhead, and allocator/cache effects.
[gpu-debug] cuda mem before warmup: alloc=195.38 MiB reserved=222.00 MiB
[gpu-debug] cuda mem after warmup : alloc=207.43 MiB reserved=242.00 MiB
[gpu-debug] cuda mem peak (this segment): max_alloc=207.52 MiB max_reserved=242.00 MiB
========================================================================================
[gpu-debug] segment_key=npu|prefill|-1|48322b0ab0207f84448cb08e6eac5594
[gpu-debug] sig: device_type=npu phase=prefill step=-1 (count_hint=32)
[gpu-debug] ops_repr: LN:-1,QK:0,QK:1,Softmax:0,Softmax:1,SV:0,SV:1,Add:-1,LN:-1,SwiGLU:0,SwiGLU:1,Add:-1
[gpu-debug] cfg: device=cuda dtype=torch.bfloat16 batch=1 dim=4096 ffn_dim=11008 n_heads=32 shards=2
[gpu-debug] op plan (with inferred tensor shapes):
  - op#00  op=LN       shard=-1  x=[1x1024x4096] + w=[4096]  ->  y=[1x1024x4096]  (T=1024, K=1024)
  - op#01  op=QK       shard=0   q=[1x16x1024x128] + k=[1x16x128x1024]  ->  y=[1x16x1024x1024]  (T=1024, K=1024)
  - op#02  op=QK       shard=1   q=[1x16x1024x128] + k=[1x16x128x1024]  ->  y=[1x16x1024x1024]  (T=1024, K=1024)
  - op#03  op=Softmax  shard=0   scores=[1x16x1024x1024]  ->  y=[1x16x1024x1024]  (T=1024, K=1024)
  - op#04  op=Softmax  shard=1   scores=[1x16x1024x1024]  ->  y=[1x16x1024x1024]  (T=1024, K=1024)
  - op#05  op=SV       shard=0   p=[1x16x1024x1024] + v=[1x16x1024x128]  ->  y=[1x16x1024x128]  (T=1024, K=1024)
  - op#06  op=SV       shard=1   p=[1x16x1024x1024] + v=[1x16x1024x128]  ->  y=[1x16x1024x128]  (T=1024, K=1024)
  - op#07  op=Add      shard=-1  a=[1x1024x4096] + b=[1x1024x4096]  ->  y=[1x1024x4096]  (T=1024, K=1024)
  - op#08  op=LN       shard=-1  x=[1x1024x4096] + w=[4096]  ->  y=[1x1024x4096]  (T=1024, K=1024)
  - op#09  op=SwiGLU   shard=0   a=[1x1024x5504] + b=[1x1024x5504]  ->  y=[1x1024x5504]  (T=1024, K=1024)
  - op#10  op=SwiGLU   shard=1   a=[1x1024x5504] + b=[1x1024x5504]  ->  y=[1x1024x5504]  (T=1024, K=1024)
  - op#11  op=Add      shard=-1  a=[1x1024x4096] + b=[1x1024x4096]  ->  y=[1x1024x4096]  (T=1024, K=1024)
[gpu-debug] per-op timing breakdown (avg over iters):
  idx  op       sh  io                                                    time   est_flops    TFLOPs       bytes      GB/s
  ------------------------------------------------------------------------------------------------------------------------
    0  LN       -1  x[1x1024x4096]+w[4096]->y[1x1024x4096]              0.097ms    20.972 M      0.22   16.01 MiB    173.46
    1  QK        0  q[1x16x1024x128]+k[1x16x128x1024]->y[1x16x1...      0.127ms     4.295 G     33.93   40.00 MiB    331.39
    2  QK        1  q[1x16x1024x128]+k[1x16x128x1024]->y[1x16x1...      0.127ms     4.295 G     33.93   40.00 MiB    331.39
    3  Softmax   0  scores[1x16x1024x1024]->y[1x16x1024x1024]           0.082ms    83.886 M      1.02   64.00 MiB    814.11
    4  Softmax   1  scores[1x16x1024x1024]->y[1x16x1024x1024]           0.079ms    83.886 M      1.06   64.00 MiB    844.54
    5  SV        0  p[1x16x1024x1024]+v[1x16x1024x128]->y[1x16x...      0.065ms     4.295 G     66.37   40.00 MiB    648.10
    6  SV        1  p[1x16x1024x1024]+v[1x16x1024x128]->y[1x16x...      0.059ms     4.295 G     72.69   40.00 MiB    709.88
    7  Add      -1  a[1x1024x4096]+b[1x1024x4096]->y[1x1024x4096]       0.016ms     4.194 M      0.25   24.00 MiB   1526.46
    8  LN       -1  x[1x1024x4096]+w[4096]->y[1x1024x4096]              0.090ms    20.972 M      0.23   16.01 MiB    186.06
    9  SwiGLU    0  a[1x1024x5504]+b[1x1024x5504]->y[1x1024x5504]       0.040ms    33.817 M      0.85   32.25 MiB    846.77
   10  SwiGLU    1  a[1x1024x5504]+b[1x1024x5504]->y[1x1024x5504]       0.040ms    33.817 M      0.84   32.25 MiB    838.17
   11  Add      -1  a[1x1024x4096]+b[1x1024x4096]->y[1x1024x4096]       0.019ms     4.194 M      0.22   24.00 MiB   1335.65
[gpu-debug] segment avg latency (cuda_events): 0.795 ms
[gpu-debug] sum(per-op)               : 0.841 ms (ratio=1.058)
[gpu-debug] NOTE: sum(per-op) may differ from segment latency due to Python overhead, event/launch overhead, and allocator/cache effects.
[gpu-debug] cuda mem before warmup: alloc=207.43 MiB reserved=242.00 MiB
[gpu-debug] cuda mem after warmup : alloc=266.93 MiB reserved=358.00 MiB
[gpu-debug] cuda mem peak (this segment): max_alloc=330.93 MiB max_reserved=358.00 MiB
  progress 18/18
