[slurm] jobid=9730672 nodelist=l01c02n1
[slurm] host=l01c02n1
[slurm] pwd=/lustre/home/2501111916/workspace/XPUPIM_0226_gpupim_parameter/TriForm/verify/hw_hardware_1gpu_2aim/st12/llama_7b_bf16_b1_s12
[slurm] SLURM_CPUS_PER_TASK=16
[slurm] starting at Fri Feb 27 10:40:34 CST 2026
[slurm] PY_SCRIPT=/lustre/home/2501111916/workspace/XPUPIM_0226_gpupim_parameter/TriForm/verify/schedule_deploy_verify.py
[slurm] TASKS_JSON=/lustre/home/2501111916/workspace/XPUPIM_0226_gpupim_parameter/TriForm/verify/hw_hardware_1gpu_2aim/st12/llama_7b_bf16_b1_s12/heft_262x128.pim_tasks.json
[slurm] OUT_JSON=/lustre/home/2501111916/workspace/XPUPIM_0226_gpupim_parameter/TriForm/verify/hw_hardware_1gpu_2aim/st12/llama_7b_bf16_b1_s12/heft_262x128.pim_results.json
[slurm] CENT_SIM_ROOT=<unset>
[slurm] PIM_RAMULATOR_CONFIG=/lustre/home/2501111916/workspace/XPUPIM_0226_gpupim_parameter/TriForm/algorithms/aim_simulator/example.yaml
[slurm] PIM_HW_JSON=/lustre/home/2501111916/workspace/XPUPIM_0226_gpupim_parameter/TriForm/algorithms/aim_simulator/PIM_AiM.json
[slurm] PIM_RAMULATOR_BIN=/lustre/home/2501111916/workspace/XPUPIM_0226_gpupim_parameter/TriForm/algorithms/ramulator2
[slurm] PIM_NUM_DEVICES=4
[slurm] PIM_DEBUG=1
[slurm] PIM_DEBUG_TXT=/lustre/home/2501111916/workspace/XPUPIM_0226_gpupim_parameter/TriForm/verify/hw_hardware_1gpu_2aim/st12/llama_7b_bf16_b1_s12/heft_262x128.pim_debug.log
[slurm] PIM_NO_CACHE=1
[slurm] OK_FILE=/lustre/home/2501111916/workspace/XPUPIM_0226_gpupim_parameter/TriForm/verify/hw_hardware_1gpu_2aim/st12/llama_7b_bf16_b1_s12/heft_262x128.pim.ok
[slurm] Running: python /lustre/home/2501111916/workspace/XPUPIM_0226_gpupim_parameter/TriForm/verify/schedule_deploy_verify.py run-pim --tasks /lustre/home/2501111916/workspace/XPUPIM_0226_gpupim_parameter/TriForm/verify/hw_hardware_1gpu_2aim/st12/llama_7b_bf16_b1_s12/heft_262x128.pim_tasks.json --out /lustre/home/2501111916/workspace/XPUPIM_0226_gpupim_parameter/TriForm/verify/hw_hardware_1gpu_2aim/st12/llama_7b_bf16_b1_s12/heft_262x128.pim_results.json --pim-ramulator-config /lustre/home/2501111916/workspace/XPUPIM_0226_gpupim_parameter/TriForm/algorithms/aim_simulator/example.yaml --pim-hw-json /lustre/home/2501111916/workspace/XPUPIM_0226_gpupim_parameter/TriForm/algorithms/aim_simulator/PIM_AiM.json --pim-ramulator-bin /lustre/home/2501111916/workspace/XPUPIM_0226_gpupim_parameter/TriForm/algorithms/ramulator2 --pim-num-devices 4 --debug --debug-txt /lustre/home/2501111916/workspace/XPUPIM_0226_gpupim_parameter/TriForm/verify/hw_hardware_1gpu_2aim/st12/llama_7b_bf16_b1_s12/heft_262x128.pim_debug.log --no-cache
[run-pim] shard_policy='fine': ignoring pim_num_devices=4 for trace generation; fine-mode tracing always uses a single PIM device (FC_devices=1) and follows per-shard placement from the schedule.
================================================================================
[run-pim][debug] Using cost_model_pim_backend._get_pim_latency_via_trace
[run-pim][debug] shard_policy='fine' shards=2
[run-pim][debug] model: dim=4096 ffn_dim=11008 n_heads=32 n_kv_heads=auto->n_heads
[run-pim][debug] lengths: prefill_len=262 decode_stride=12 decode_context_lens_len=12
[run-pim][debug] pim_config=/lustre/home/2501111916/workspace/XPUPIM_0226_gpupim_parameter/TriForm/algorithms/aim_simulator/PIM_AiM.json (from pim_hw_json_path)
[run-pim][debug] ramulator_config=/lustre/home/2501111916/workspace/XPUPIM_0226_gpupim_parameter/TriForm/algorithms/aim_simulator/example.yaml
[run-pim][debug] ramulator_bin=/lustre/home/2501111916/workspace/XPUPIM_0226_gpupim_parameter/TriForm/algorithms/ramulator2 (exported as env RAMULATOR2_BIN)
[run-pim][debug] ramulator_timeout_s=3000
[run-pim][debug] cache_enabled=False
[run-pim][debug] schedule cfg.pim_freq_ghz=1.0
[run-pim][debug] cost_model config.PIM_FREQ_GHZ=1.0
================================================================================
[run-pim] tasks=26 segment_scope=layer
[run-pim] extra weight_load_s=0.122437s (will be added in merge)
========================================================================================
[pim-debug] segment_key=pim|decode|0|10e3f8114dd0abad622f7e77922ce943
[pim-debug] sig: device_type=pim phase=decode step=0 (count_hint=32)
[pim-debug] ops_repr: K:1,QK:1,Softmax:1,SV:1,FFN_W3:1,SwiGLU:1
[pim-debug] cfg: shard_policy='fine' shards=2 dim=4096 ffn_dim=11008 n_heads=32 n_kv_heads=auto->n_heads
[pim-debug] pim_config=/lustre/home/2501111916/workspace/XPUPIM_0226_gpupim_parameter/TriForm/algorithms/aim_simulator/PIM_AiM.json
[pim-debug] ramulator_config=/lustre/home/2501111916/workspace/XPUPIM_0226_gpupim_parameter/TriForm/algorithms/aim_simulator/example.yaml
[pim-debug] cost_model config.PIM_FREQ_GHZ=1.0
[pim-debug] op plan (logical shapes inferred from schedule cfg):
  - op#00  op=K        shard=1   x=[1x4096] + w=[2048x4096]  ->  y=[1x2048]  (T=1, K=263)
  - op#01  op=QK       shard=1   q=[16x1x128] + k=[16x128x263]  ->  y=[16x1x263]  (T=1, K=263)
  - op#02  op=Softmax  shard=1   scores=[16x1x263]  ->  y=[16x1x263]  (T=1, K=263)
  - op#03  op=SV       shard=1   p=[16x1x263] + v=[16x263x128]  ->  y=[16x1x128]  (T=1, K=263)
  - op#04  op=FFN_W3   shard=1   x=[1x4096] + w=[5504x4096]  ->  y=[1x5504]  (T=1, K=263)
  - op#05  op=SwiGLU   shard=1   a=[1x5504] + b=[1x5504]  ->  y=[1x5504]  (T=1, K=263)
[pim-debug] NOTE: CENT(AiM) trace backend internally uses x shape (1,1,dim) and handles prefill by repeating ops;
           the table below shows the *effective parameters* passed into cost_model_pim_backend for each op.
[pim-debug] op#00 op=K        norm=k_proj     sh=1  dim=4096  heads=16  hd=128 q_dim=2048  kv_heads=16  kv_dim=2048  o_dim=2048  ffn_dim=5504   seqlen=263    qlen=1   cache=N lat=    0.004ms cycles≈4428
[pim-debug] op#01 op=QK       norm=score      sh=1  dim=4096  heads=16  hd=128 q_dim=2048  kv_heads=16  kv_dim=2048  o_dim=2048  ffn_dim=5504   seqlen=263    qlen=1   cache=N lat=    0.002ms cycles≈1808
[pim-debug] op#02 op=Softmax  norm=softmax    sh=1  dim=4096  heads=16  hd=128 q_dim=2048  kv_heads=16  kv_dim=2048  o_dim=2048  ffn_dim=5504   seqlen=263    qlen=1   cache=N lat=    0.001ms cycles≈963
[pim-debug] op#03 op=SV       norm=output     sh=1  dim=4096  heads=16  hd=128 q_dim=2048  kv_heads=16  kv_dim=2048  o_dim=2048  ffn_dim=5504   seqlen=263    qlen=1   cache=N lat=    0.002ms cycles≈1570
[pim-debug] op#04 op=FFN_W3   norm=ffn_up     sh=1  dim=4096  heads=16  hd=128 q_dim=2048  kv_heads=16  kv_dim=2048  o_dim=2048  ffn_dim=5504   seqlen=263    qlen=1   cache=N lat=    0.011ms cycles≈10896
[pim-debug] op#05 op=SwiGLU   norm=silu       sh=1  dim=4096  heads=16  hd=128 q_dim=2048  kv_heads=16  kv_dim=2048  o_dim=2048  ffn_dim=5504   seqlen=263    qlen=1   cache=N lat=    0.001ms cycles≈503
[pim-debug] segment total latency: 0.020 ms
========================================================================================
[pim-debug] segment_key=pim|decode|0|35d79f03dcd64299ca4d4894bbb8c7b2
[pim-debug] sig: device_type=pim phase=decode step=0 (count_hint=32)
[pim-debug] ops_repr: LN:-1,K:0,QK:0,Softmax:0,SV:0,Add:-1,LN:-1,FFN_W1:1,SwiGLU:0,Add:-1
[pim-debug] cfg: shard_policy='fine' shards=2 dim=4096 ffn_dim=11008 n_heads=32 n_kv_heads=auto->n_heads
[pim-debug] pim_config=/lustre/home/2501111916/workspace/XPUPIM_0226_gpupim_parameter/TriForm/algorithms/aim_simulator/PIM_AiM.json
[pim-debug] ramulator_config=/lustre/home/2501111916/workspace/XPUPIM_0226_gpupim_parameter/TriForm/algorithms/aim_simulator/example.yaml
[pim-debug] cost_model config.PIM_FREQ_GHZ=1.0
[pim-debug] op plan (logical shapes inferred from schedule cfg):
  - op#00  op=LN       shard=-1  x=[1x4096] + w=[4096]  ->  y=[1x4096]  (T=1, K=263)
  - op#01  op=K        shard=0   x=[1x4096] + w=[2048x4096]  ->  y=[1x2048]  (T=1, K=263)
  - op#02  op=QK       shard=0   q=[16x1x128] + k=[16x128x263]  ->  y=[16x1x263]  (T=1, K=263)
  - op#03  op=Softmax  shard=0   scores=[16x1x263]  ->  y=[16x1x263]  (T=1, K=263)
  - op#04  op=SV       shard=0   p=[16x1x263] + v=[16x263x128]  ->  y=[16x1x128]  (T=1, K=263)
  - op#05  op=Add      shard=-1  a=[1x4096] + b=[1x4096]  ->  y=[1x4096]  (T=1, K=263)
  - op#06  op=LN       shard=-1  x=[1x4096] + w=[4096]  ->  y=[1x4096]  (T=1, K=263)
  - op#07  op=FFN_W1   shard=1   x=[1x4096] + w=[5504x4096]  ->  y=[1x5504]  (T=1, K=263)
  - op#08  op=SwiGLU   shard=0   a=[1x5504] + b=[1x5504]  ->  y=[1x5504]  (T=1, K=263)
  - op#09  op=Add      shard=-1  a=[1x4096] + b=[1x4096]  ->  y=[1x4096]  (T=1, K=263)
[pim-debug] NOTE: CENT(AiM) trace backend internally uses x shape (1,1,dim) and handles prefill by repeating ops;
           the table below shows the *effective parameters* passed into cost_model_pim_backend for each op.
[pim-debug] op#00 op=LN       norm=rmsnorm    sh=-1 dim=4096  heads=32  hd=128 q_dim=4096  kv_heads=32  kv_dim=4096  o_dim=4096  ffn_dim=11008  seqlen=263    qlen=1   cache=N lat=    0.001ms cycles≈1314
[pim-debug] op#01 op=K        norm=k_proj     sh=0  dim=4096  heads=16  hd=128 q_dim=2048  kv_heads=16  kv_dim=2048  o_dim=2048  ffn_dim=5504   seqlen=263    qlen=1   cache=N lat=    0.004ms cycles≈4428
[pim-debug] op#02 op=QK       norm=score      sh=0  dim=4096  heads=16  hd=128 q_dim=2048  kv_heads=16  kv_dim=2048  o_dim=2048  ffn_dim=5504   seqlen=263    qlen=1   cache=N lat=    0.002ms cycles≈1808
[pim-debug] op#03 op=Softmax  norm=softmax    sh=0  dim=4096  heads=16  hd=128 q_dim=2048  kv_heads=16  kv_dim=2048  o_dim=2048  ffn_dim=5504   seqlen=263    qlen=1   cache=N lat=    0.001ms cycles≈963
[pim-debug] op#04 op=SV       norm=output     sh=0  dim=4096  heads=16  hd=128 q_dim=2048  kv_heads=16  kv_dim=2048  o_dim=2048  ffn_dim=5504   seqlen=263    qlen=1   cache=N lat=    0.002ms cycles≈1570
[pim-debug] op#05 op=Add      norm=residual   sh=-1 dim=4096  heads=32  hd=128 q_dim=4096  kv_heads=32  kv_dim=4096  o_dim=4096  ffn_dim=11008  seqlen=263    qlen=1   cache=N lat=    0.000ms cycles≈3
[pim-debug] op#06 op=LN       norm=rmsnorm    sh=-1 dim=4096  heads=32  hd=128 q_dim=4096  kv_heads=32  kv_dim=4096  o_dim=4096  ffn_dim=11008  seqlen=263    qlen=1   cache=N lat=    0.001ms cycles≈1314
[pim-debug] op#07 op=FFN_W1   norm=ffn_gate   sh=1  dim=4096  heads=16  hd=128 q_dim=2048  kv_heads=16  kv_dim=2048  o_dim=2048  ffn_dim=5504   seqlen=263    qlen=1   cache=N lat=    0.012ms cycles≈11708
[pim-debug] op#08 op=SwiGLU   norm=silu       sh=0  dim=4096  heads=16  hd=128 q_dim=2048  kv_heads=16  kv_dim=2048  o_dim=2048  ffn_dim=5504   seqlen=263    qlen=1   cache=N lat=    0.001ms cycles≈503
[pim-debug] op#09 op=Add      norm=residual   sh=-1 dim=4096  heads=32  hd=128 q_dim=4096  kv_heads=32  kv_dim=4096  o_dim=4096  ffn_dim=11008  seqlen=263    qlen=1   cache=N lat=    0.000ms cycles≈3
[pim-debug] segment total latency: 0.024 ms
========================================================================================
[pim-debug] segment_key=pim|decode|10|10e3f8114dd0abad622f7e77922ce943
[pim-debug] sig: device_type=pim phase=decode step=10 (count_hint=32)
[pim-debug] ops_repr: K:1,QK:1,Softmax:1,SV:1,FFN_W3:1,SwiGLU:1
[pim-debug] cfg: shard_policy='fine' shards=2 dim=4096 ffn_dim=11008 n_heads=32 n_kv_heads=auto->n_heads
[pim-debug] pim_config=/lustre/home/2501111916/workspace/XPUPIM_0226_gpupim_parameter/TriForm/algorithms/aim_simulator/PIM_AiM.json
[pim-debug] ramulator_config=/lustre/home/2501111916/workspace/XPUPIM_0226_gpupim_parameter/TriForm/algorithms/aim_simulator/example.yaml
[pim-debug] cost_model config.PIM_FREQ_GHZ=1.0
[pim-debug] op plan (logical shapes inferred from schedule cfg):
  - op#00  op=K        shard=1   x=[1x4096] + w=[2048x4096]  ->  y=[1x2048]  (T=1, K=370)
  - op#01  op=QK       shard=1   q=[16x1x128] + k=[16x128x370]  ->  y=[16x1x370]  (T=1, K=370)
  - op#02  op=Softmax  shard=1   scores=[16x1x370]  ->  y=[16x1x370]  (T=1, K=370)
  - op#03  op=SV       shard=1   p=[16x1x370] + v=[16x370x128]  ->  y=[16x1x128]  (T=1, K=370)
  - op#04  op=FFN_W3   shard=1   x=[1x4096] + w=[5504x4096]  ->  y=[1x5504]  (T=1, K=370)
  - op#05  op=SwiGLU   shard=1   a=[1x5504] + b=[1x5504]  ->  y=[1x5504]  (T=1, K=370)
[pim-debug] NOTE: CENT(AiM) trace backend internally uses x shape (1,1,dim) and handles prefill by repeating ops;
           the table below shows the *effective parameters* passed into cost_model_pim_backend for each op.
[pim-debug] op#00 op=K        norm=k_proj     sh=1  dim=4096  heads=16  hd=128 q_dim=2048  kv_heads=16  kv_dim=2048  o_dim=2048  ffn_dim=5504   seqlen=370    qlen=1   cache=N lat=    0.004ms cycles≈4428
[pim-debug] op#01 op=QK       norm=score      sh=1  dim=4096  heads=16  hd=128 q_dim=2048  kv_heads=16  kv_dim=2048  o_dim=2048  ffn_dim=5504   seqlen=370    qlen=1   cache=N lat=    0.002ms cycles≈1808
[pim-debug] op#02 op=Softmax  norm=softmax    sh=1  dim=4096  heads=16  hd=128 q_dim=2048  kv_heads=16  kv_dim=2048  o_dim=2048  ffn_dim=5504   seqlen=370    qlen=1   cache=N lat=    0.001ms cycles≈1327
[pim-debug] op#03 op=SV       norm=output     sh=1  dim=4096  heads=16  hd=128 q_dim=2048  kv_heads=16  kv_dim=2048  o_dim=2048  ffn_dim=5504   seqlen=370    qlen=1   cache=N lat=    0.002ms cycles≈1696
[pim-debug] op#04 op=FFN_W3   norm=ffn_up     sh=1  dim=4096  heads=16  hd=128 q_dim=2048  kv_heads=16  kv_dim=2048  o_dim=2048  ffn_dim=5504   seqlen=370    qlen=1   cache=N lat=    0.011ms cycles≈10896
[pim-debug] op#05 op=SwiGLU   norm=silu       sh=1  dim=4096  heads=16  hd=128 q_dim=2048  kv_heads=16  kv_dim=2048  o_dim=2048  ffn_dim=5504   seqlen=370    qlen=1   cache=N lat=    0.001ms cycles≈503
[pim-debug] segment total latency: 0.021 ms
========================================================================================
[pim-debug] segment_key=pim|decode|10|35d79f03dcd64299ca4d4894bbb8c7b2
[pim-debug] sig: device_type=pim phase=decode step=10 (count_hint=32)
[pim-debug] ops_repr: LN:-1,K:0,QK:0,Softmax:0,SV:0,Add:-1,LN:-1,FFN_W1:1,SwiGLU:0,Add:-1
[pim-debug] cfg: shard_policy='fine' shards=2 dim=4096 ffn_dim=11008 n_heads=32 n_kv_heads=auto->n_heads
[pim-debug] pim_config=/lustre/home/2501111916/workspace/XPUPIM_0226_gpupim_parameter/TriForm/algorithms/aim_simulator/PIM_AiM.json
[pim-debug] ramulator_config=/lustre/home/2501111916/workspace/XPUPIM_0226_gpupim_parameter/TriForm/algorithms/aim_simulator/example.yaml
[pim-debug] cost_model config.PIM_FREQ_GHZ=1.0
[pim-debug] op plan (logical shapes inferred from schedule cfg):
  - op#00  op=LN       shard=-1  x=[1x4096] + w=[4096]  ->  y=[1x4096]  (T=1, K=370)
  - op#01  op=K        shard=0   x=[1x4096] + w=[2048x4096]  ->  y=[1x2048]  (T=1, K=370)
  - op#02  op=QK       shard=0   q=[16x1x128] + k=[16x128x370]  ->  y=[16x1x370]  (T=1, K=370)
  - op#03  op=Softmax  shard=0   scores=[16x1x370]  ->  y=[16x1x370]  (T=1, K=370)
  - op#04  op=SV       shard=0   p=[16x1x370] + v=[16x370x128]  ->  y=[16x1x128]  (T=1, K=370)
  - op#05  op=Add      shard=-1  a=[1x4096] + b=[1x4096]  ->  y=[1x4096]  (T=1, K=370)
  - op#06  op=LN       shard=-1  x=[1x4096] + w=[4096]  ->  y=[1x4096]  (T=1, K=370)
  - op#07  op=FFN_W1   shard=1   x=[1x4096] + w=[5504x4096]  ->  y=[1x5504]  (T=1, K=370)
  - op#08  op=SwiGLU   shard=0   a=[1x5504] + b=[1x5504]  ->  y=[1x5504]  (T=1, K=370)
  - op#09  op=Add      shard=-1  a=[1x4096] + b=[1x4096]  ->  y=[1x4096]  (T=1, K=370)
[pim-debug] NOTE: CENT(AiM) trace backend internally uses x shape (1,1,dim) and handles prefill by repeating ops;
           the table below shows the *effective parameters* passed into cost_model_pim_backend for each op.
[pim-debug] op#00 op=LN       norm=rmsnorm    sh=-1 dim=4096  heads=32  hd=128 q_dim=4096  kv_heads=32  kv_dim=4096  o_dim=4096  ffn_dim=11008  seqlen=370    qlen=1   cache=N lat=    0.001ms cycles≈1314
[pim-debug] op#01 op=K        norm=k_proj     sh=0  dim=4096  heads=16  hd=128 q_dim=2048  kv_heads=16  kv_dim=2048  o_dim=2048  ffn_dim=5504   seqlen=370    qlen=1   cache=N lat=    0.004ms cycles≈4428
[pim-debug] op#02 op=QK       norm=score      sh=0  dim=4096  heads=16  hd=128 q_dim=2048  kv_heads=16  kv_dim=2048  o_dim=2048  ffn_dim=5504   seqlen=370    qlen=1   cache=N lat=    0.002ms cycles≈1808
[pim-debug] op#03 op=Softmax  norm=softmax    sh=0  dim=4096  heads=16  hd=128 q_dim=2048  kv_heads=16  kv_dim=2048  o_dim=2048  ffn_dim=5504   seqlen=370    qlen=1   cache=N lat=    0.001ms cycles≈1327
[pim-debug] op#04 op=SV       norm=output     sh=0  dim=4096  heads=16  hd=128 q_dim=2048  kv_heads=16  kv_dim=2048  o_dim=2048  ffn_dim=5504   seqlen=370    qlen=1   cache=N lat=    0.002ms cycles≈1696
[pim-debug] op#05 op=Add      norm=residual   sh=-1 dim=4096  heads=32  hd=128 q_dim=4096  kv_heads=32  kv_dim=4096  o_dim=4096  ffn_dim=11008  seqlen=370    qlen=1   cache=N lat=    0.000ms cycles≈3
[pim-debug] op#06 op=LN       norm=rmsnorm    sh=-1 dim=4096  heads=32  hd=128 q_dim=4096  kv_heads=32  kv_dim=4096  o_dim=4096  ffn_dim=11008  seqlen=370    qlen=1   cache=N lat=    0.001ms cycles≈1314
[pim-debug] op#07 op=FFN_W1   norm=ffn_gate   sh=1  dim=4096  heads=16  hd=128 q_dim=2048  kv_heads=16  kv_dim=2048  o_dim=2048  ffn_dim=5504   seqlen=370    qlen=1   cache=N lat=    0.012ms cycles≈11708
[pim-debug] op#08 op=SwiGLU   norm=silu       sh=0  dim=4096  heads=16  hd=128 q_dim=2048  kv_heads=16  kv_dim=2048  o_dim=2048  ffn_dim=5504   seqlen=370    qlen=1   cache=N lat=    0.001ms cycles≈503
[pim-debug] op#09 op=Add      norm=residual   sh=-1 dim=4096  heads=32  hd=128 q_dim=4096  kv_heads=32  kv_dim=4096  o_dim=4096  ffn_dim=11008  seqlen=370    qlen=1   cache=N lat=    0.000ms cycles≈3
[pim-debug] segment total latency: 0.024 ms
========================================================================================
[pim-debug] segment_key=pim|decode|11|10e3f8114dd0abad622f7e77922ce943
[pim-debug] sig: device_type=pim phase=decode step=11 (count_hint=32)
[pim-debug] ops_repr: K:1,QK:1,Softmax:1,SV:1,FFN_W3:1,SwiGLU:1
[pim-debug] cfg: shard_policy='fine' shards=2 dim=4096 ffn_dim=11008 n_heads=32 n_kv_heads=auto->n_heads
[pim-debug] pim_config=/lustre/home/2501111916/workspace/XPUPIM_0226_gpupim_parameter/TriForm/algorithms/aim_simulator/PIM_AiM.json
[pim-debug] ramulator_config=/lustre/home/2501111916/workspace/XPUPIM_0226_gpupim_parameter/TriForm/algorithms/aim_simulator/example.yaml
[pim-debug] cost_model config.PIM_FREQ_GHZ=1.0
[pim-debug] op plan (logical shapes inferred from schedule cfg):
  - op#00  op=K        shard=1   x=[1x4096] + w=[2048x4096]  ->  y=[1x2048]  (T=1, K=382)
  - op#01  op=QK       shard=1   q=[16x1x128] + k=[16x128x382]  ->  y=[16x1x382]  (T=1, K=382)
  - op#02  op=Softmax  shard=1   scores=[16x1x382]  ->  y=[16x1x382]  (T=1, K=382)
  - op#03  op=SV       shard=1   p=[16x1x382] + v=[16x382x128]  ->  y=[16x1x128]  (T=1, K=382)
  - op#04  op=FFN_W3   shard=1   x=[1x4096] + w=[5504x4096]  ->  y=[1x5504]  (T=1, K=382)
  - op#05  op=SwiGLU   shard=1   a=[1x5504] + b=[1x5504]  ->  y=[1x5504]  (T=1, K=382)
[pim-debug] NOTE: CENT(AiM) trace backend internally uses x shape (1,1,dim) and handles prefill by repeating ops;
           the table below shows the *effective parameters* passed into cost_model_pim_backend for each op.
[pim-debug] op#00 op=K        norm=k_proj     sh=1  dim=4096  heads=16  hd=128 q_dim=2048  kv_heads=16  kv_dim=2048  o_dim=2048  ffn_dim=5504   seqlen=382    qlen=1   cache=N lat=    0.004ms cycles≈4428
[pim-debug] op#01 op=QK       norm=score      sh=1  dim=4096  heads=16  hd=128 q_dim=2048  kv_heads=16  kv_dim=2048  o_dim=2048  ffn_dim=5504   seqlen=382    qlen=1   cache=N lat=    0.002ms cycles≈1808
[pim-debug] op#02 op=Softmax  norm=softmax    sh=1  dim=4096  heads=16  hd=128 q_dim=2048  kv_heads=16  kv_dim=2048  o_dim=2048  ffn_dim=5504   seqlen=382    qlen=1   cache=N lat=    0.001ms cycles≈1327
[pim-debug] op#03 op=SV       norm=output     sh=1  dim=4096  heads=16  hd=128 q_dim=2048  kv_heads=16  kv_dim=2048  o_dim=2048  ffn_dim=5504   seqlen=382    qlen=1   cache=N lat=    0.002ms cycles≈1696
[pim-debug] op#04 op=FFN_W3   norm=ffn_up     sh=1  dim=4096  heads=16  hd=128 q_dim=2048  kv_heads=16  kv_dim=2048  o_dim=2048  ffn_dim=5504   seqlen=382    qlen=1   cache=N lat=    0.011ms cycles≈10896
[pim-debug] op#05 op=SwiGLU   norm=silu       sh=1  dim=4096  heads=16  hd=128 q_dim=2048  kv_heads=16  kv_dim=2048  o_dim=2048  ffn_dim=5504   seqlen=382    qlen=1   cache=N lat=    0.001ms cycles≈503
[pim-debug] segment total latency: 0.021 ms
========================================================================================
[pim-debug] segment_key=pim|decode|11|35d79f03dcd64299ca4d4894bbb8c7b2
[pim-debug] sig: device_type=pim phase=decode step=11 (count_hint=32)
[pim-debug] ops_repr: LN:-1,K:0,QK:0,Softmax:0,SV:0,Add:-1,LN:-1,FFN_W1:1,SwiGLU:0,Add:-1
[pim-debug] cfg: shard_policy='fine' shards=2 dim=4096 ffn_dim=11008 n_heads=32 n_kv_heads=auto->n_heads
[pim-debug] pim_config=/lustre/home/2501111916/workspace/XPUPIM_0226_gpupim_parameter/TriForm/algorithms/aim_simulator/PIM_AiM.json
[pim-debug] ramulator_config=/lustre/home/2501111916/workspace/XPUPIM_0226_gpupim_parameter/TriForm/algorithms/aim_simulator/example.yaml
[pim-debug] cost_model config.PIM_FREQ_GHZ=1.0
[pim-debug] op plan (logical shapes inferred from schedule cfg):
  - op#00  op=LN       shard=-1  x=[1x4096] + w=[4096]  ->  y=[1x4096]  (T=1, K=382)
  - op#01  op=K        shard=0   x=[1x4096] + w=[2048x4096]  ->  y=[1x2048]  (T=1, K=382)
  - op#02  op=QK       shard=0   q=[16x1x128] + k=[16x128x382]  ->  y=[16x1x382]  (T=1, K=382)
  - op#03  op=Softmax  shard=0   scores=[16x1x382]  ->  y=[16x1x382]  (T=1, K=382)
  - op#04  op=SV       shard=0   p=[16x1x382] + v=[16x382x128]  ->  y=[16x1x128]  (T=1, K=382)
  - op#05  op=Add      shard=-1  a=[1x4096] + b=[1x4096]  ->  y=[1x4096]  (T=1, K=382)
  - op#06  op=LN       shard=-1  x=[1x4096] + w=[4096]  ->  y=[1x4096]  (T=1, K=382)
  - op#07  op=FFN_W1   shard=1   x=[1x4096] + w=[5504x4096]  ->  y=[1x5504]  (T=1, K=382)
  - op#08  op=SwiGLU   shard=0   a=[1x5504] + b=[1x5504]  ->  y=[1x5504]  (T=1, K=382)
  - op#09  op=Add      shard=-1  a=[1x4096] + b=[1x4096]  ->  y=[1x4096]  (T=1, K=382)
[pim-debug] NOTE: CENT(AiM) trace backend internally uses x shape (1,1,dim) and handles prefill by repeating ops;
           the table below shows the *effective parameters* passed into cost_model_pim_backend for each op.
[pim-debug] op#00 op=LN       norm=rmsnorm    sh=-1 dim=4096  heads=32  hd=128 q_dim=4096  kv_heads=32  kv_dim=4096  o_dim=4096  ffn_dim=11008  seqlen=382    qlen=1   cache=N lat=    0.001ms cycles≈1314
[pim-debug] op#01 op=K        norm=k_proj     sh=0  dim=4096  heads=16  hd=128 q_dim=2048  kv_heads=16  kv_dim=2048  o_dim=2048  ffn_dim=5504   seqlen=382    qlen=1   cache=N lat=    0.004ms cycles≈4428
[pim-debug] op#02 op=QK       norm=score      sh=0  dim=4096  heads=16  hd=128 q_dim=2048  kv_heads=16  kv_dim=2048  o_dim=2048  ffn_dim=5504   seqlen=382    qlen=1   cache=N lat=    0.002ms cycles≈1808
[pim-debug] op#03 op=Softmax  norm=softmax    sh=0  dim=4096  heads=16  hd=128 q_dim=2048  kv_heads=16  kv_dim=2048  o_dim=2048  ffn_dim=5504   seqlen=382    qlen=1   cache=N lat=    0.001ms cycles≈1327
[pim-debug] op#04 op=SV       norm=output     sh=0  dim=4096  heads=16  hd=128 q_dim=2048  kv_heads=16  kv_dim=2048  o_dim=2048  ffn_dim=5504   seqlen=382    qlen=1   cache=N lat=    0.002ms cycles≈1696
[pim-debug] op#05 op=Add      norm=residual   sh=-1 dim=4096  heads=32  hd=128 q_dim=4096  kv_heads=32  kv_dim=4096  o_dim=4096  ffn_dim=11008  seqlen=382    qlen=1   cache=N lat=    0.000ms cycles≈3
[pim-debug] op#06 op=LN       norm=rmsnorm    sh=-1 dim=4096  heads=32  hd=128 q_dim=4096  kv_heads=32  kv_dim=4096  o_dim=4096  ffn_dim=11008  seqlen=382    qlen=1   cache=N lat=    0.001ms cycles≈1314
[pim-debug] op#07 op=FFN_W1   norm=ffn_gate   sh=1  dim=4096  heads=16  hd=128 q_dim=2048  kv_heads=16  kv_dim=2048  o_dim=2048  ffn_dim=5504   seqlen=382    qlen=1   cache=N lat=    0.012ms cycles≈11708
[pim-debug] op#08 op=SwiGLU   norm=silu       sh=0  dim=4096  heads=16  hd=128 q_dim=2048  kv_heads=16  kv_dim=2048  o_dim=2048  ffn_dim=5504   seqlen=382    qlen=1   cache=N lat=    0.001ms cycles≈503
[pim-debug] op#09 op=Add      norm=residual   sh=-1 dim=4096  heads=32  hd=128 q_dim=4096  kv_heads=32  kv_dim=4096  o_dim=4096  ffn_dim=11008  seqlen=382    qlen=1   cache=N lat=    0.000ms cycles≈3
[pim-debug] segment total latency: 0.024 ms
========================================================================================
[pim-debug] segment_key=pim|decode|1|10e3f8114dd0abad622f7e77922ce943
[pim-debug] sig: device_type=pim phase=decode step=1 (count_hint=32)
[pim-debug] ops_repr: K:1,QK:1,Softmax:1,SV:1,FFN_W3:1,SwiGLU:1
[pim-debug] cfg: shard_policy='fine' shards=2 dim=4096 ffn_dim=11008 n_heads=32 n_kv_heads=auto->n_heads
[pim-debug] pim_config=/lustre/home/2501111916/workspace/XPUPIM_0226_gpupim_parameter/TriForm/algorithms/aim_simulator/PIM_AiM.json
[pim-debug] ramulator_config=/lustre/home/2501111916/workspace/XPUPIM_0226_gpupim_parameter/TriForm/algorithms/aim_simulator/example.yaml
[pim-debug] cost_model config.PIM_FREQ_GHZ=1.0
[pim-debug] op plan (logical shapes inferred from schedule cfg):
  - op#00  op=K        shard=1   x=[1x4096] + w=[2048x4096]  ->  y=[1x2048]  (T=1, K=264)
  - op#01  op=QK       shard=1   q=[16x1x128] + k=[16x128x264]  ->  y=[16x1x264]  (T=1, K=264)
  - op#02  op=Softmax  shard=1   scores=[16x1x264]  ->  y=[16x1x264]  (T=1, K=264)
  - op#03  op=SV       shard=1   p=[16x1x264] + v=[16x264x128]  ->  y=[16x1x128]  (T=1, K=264)
  - op#04  op=FFN_W3   shard=1   x=[1x4096] + w=[5504x4096]  ->  y=[1x5504]  (T=1, K=264)
  - op#05  op=SwiGLU   shard=1   a=[1x5504] + b=[1x5504]  ->  y=[1x5504]  (T=1, K=264)
[pim-debug] NOTE: CENT(AiM) trace backend internally uses x shape (1,1,dim) and handles prefill by repeating ops;
           the table below shows the *effective parameters* passed into cost_model_pim_backend for each op.
[pim-debug] op#00 op=K        norm=k_proj     sh=1  dim=4096  heads=16  hd=128 q_dim=2048  kv_heads=16  kv_dim=2048  o_dim=2048  ffn_dim=5504   seqlen=264    qlen=1   cache=N lat=    0.004ms cycles≈4428
[pim-debug] op#01 op=QK       norm=score      sh=1  dim=4096  heads=16  hd=128 q_dim=2048  kv_heads=16  kv_dim=2048  o_dim=2048  ffn_dim=5504   seqlen=264    qlen=1   cache=N lat=    0.002ms cycles≈1808
[pim-debug] op#02 op=Softmax  norm=softmax    sh=1  dim=4096  heads=16  hd=128 q_dim=2048  kv_heads=16  kv_dim=2048  o_dim=2048  ffn_dim=5504   seqlen=264    qlen=1   cache=N lat=    0.001ms cycles≈963
[pim-debug] op#03 op=SV       norm=output     sh=1  dim=4096  heads=16  hd=128 q_dim=2048  kv_heads=16  kv_dim=2048  o_dim=2048  ffn_dim=5504   seqlen=264    qlen=1   cache=N lat=    0.002ms cycles≈1570
[pim-debug] op#04 op=FFN_W3   norm=ffn_up     sh=1  dim=4096  heads=16  hd=128 q_dim=2048  kv_heads=16  kv_dim=2048  o_dim=2048  ffn_dim=5504   seqlen=264    qlen=1   cache=N lat=    0.011ms cycles≈10896
[pim-debug] op#05 op=SwiGLU   norm=silu       sh=1  dim=4096  heads=16  hd=128 q_dim=2048  kv_heads=16  kv_dim=2048  o_dim=2048  ffn_dim=5504   seqlen=264    qlen=1   cache=N lat=    0.001ms cycles≈503
[pim-debug] segment total latency: 0.020 ms
========================================================================================
[pim-debug] segment_key=pim|decode|1|35d79f03dcd64299ca4d4894bbb8c7b2
[pim-debug] sig: device_type=pim phase=decode step=1 (count_hint=32)
[pim-debug] ops_repr: LN:-1,K:0,QK:0,Softmax:0,SV:0,Add:-1,LN:-1,FFN_W1:1,SwiGLU:0,Add:-1
[pim-debug] cfg: shard_policy='fine' shards=2 dim=4096 ffn_dim=11008 n_heads=32 n_kv_heads=auto->n_heads
[pim-debug] pim_config=/lustre/home/2501111916/workspace/XPUPIM_0226_gpupim_parameter/TriForm/algorithms/aim_simulator/PIM_AiM.json
[pim-debug] ramulator_config=/lustre/home/2501111916/workspace/XPUPIM_0226_gpupim_parameter/TriForm/algorithms/aim_simulator/example.yaml
[pim-debug] cost_model config.PIM_FREQ_GHZ=1.0
[pim-debug] op plan (logical shapes inferred from schedule cfg):
  - op#00  op=LN       shard=-1  x=[1x4096] + w=[4096]  ->  y=[1x4096]  (T=1, K=264)
  - op#01  op=K        shard=0   x=[1x4096] + w=[2048x4096]  ->  y=[1x2048]  (T=1, K=264)
  - op#02  op=QK       shard=0   q=[16x1x128] + k=[16x128x264]  ->  y=[16x1x264]  (T=1, K=264)
  - op#03  op=Softmax  shard=0   scores=[16x1x264]  ->  y=[16x1x264]  (T=1, K=264)
  - op#04  op=SV       shard=0   p=[16x1x264] + v=[16x264x128]  ->  y=[16x1x128]  (T=1, K=264)
  - op#05  op=Add      shard=-1  a=[1x4096] + b=[1x4096]  ->  y=[1x4096]  (T=1, K=264)
  - op#06  op=LN       shard=-1  x=[1x4096] + w=[4096]  ->  y=[1x4096]  (T=1, K=264)
  - op#07  op=FFN_W1   shard=1   x=[1x4096] + w=[5504x4096]  ->  y=[1x5504]  (T=1, K=264)
  - op#08  op=SwiGLU   shard=0   a=[1x5504] + b=[1x5504]  ->  y=[1x5504]  (T=1, K=264)
  - op#09  op=Add      shard=-1  a=[1x4096] + b=[1x4096]  ->  y=[1x4096]  (T=1, K=264)
[pim-debug] NOTE: CENT(AiM) trace backend internally uses x shape (1,1,dim) and handles prefill by repeating ops;
           the table below shows the *effective parameters* passed into cost_model_pim_backend for each op.
[pim-debug] op#00 op=LN       norm=rmsnorm    sh=-1 dim=4096  heads=32  hd=128 q_dim=4096  kv_heads=32  kv_dim=4096  o_dim=4096  ffn_dim=11008  seqlen=264    qlen=1   cache=N lat=    0.001ms cycles≈1314
[pim-debug] op#01 op=K        norm=k_proj     sh=0  dim=4096  heads=16  hd=128 q_dim=2048  kv_heads=16  kv_dim=2048  o_dim=2048  ffn_dim=5504   seqlen=264    qlen=1   cache=N lat=    0.004ms cycles≈4428
[pim-debug] op#02 op=QK       norm=score      sh=0  dim=4096  heads=16  hd=128 q_dim=2048  kv_heads=16  kv_dim=2048  o_dim=2048  ffn_dim=5504   seqlen=264    qlen=1   cache=N lat=    0.002ms cycles≈1808
[pim-debug] op#03 op=Softmax  norm=softmax    sh=0  dim=4096  heads=16  hd=128 q_dim=2048  kv_heads=16  kv_dim=2048  o_dim=2048  ffn_dim=5504   seqlen=264    qlen=1   cache=N lat=    0.001ms cycles≈963
[pim-debug] op#04 op=SV       norm=output     sh=0  dim=4096  heads=16  hd=128 q_dim=2048  kv_heads=16  kv_dim=2048  o_dim=2048  ffn_dim=5504   seqlen=264    qlen=1   cache=N lat=    0.002ms cycles≈1570
[pim-debug] op#05 op=Add      norm=residual   sh=-1 dim=4096  heads=32  hd=128 q_dim=4096  kv_heads=32  kv_dim=4096  o_dim=4096  ffn_dim=11008  seqlen=264    qlen=1   cache=N lat=    0.000ms cycles≈3
[pim-debug] op#06 op=LN       norm=rmsnorm    sh=-1 dim=4096  heads=32  hd=128 q_dim=4096  kv_heads=32  kv_dim=4096  o_dim=4096  ffn_dim=11008  seqlen=264    qlen=1   cache=N lat=    0.001ms cycles≈1314
[pim-debug] op#07 op=FFN_W1   norm=ffn_gate   sh=1  dim=4096  heads=16  hd=128 q_dim=2048  kv_heads=16  kv_dim=2048  o_dim=2048  ffn_dim=5504   seqlen=264    qlen=1   cache=N lat=    0.012ms cycles≈11708
[pim-debug] op#08 op=SwiGLU   norm=silu       sh=0  dim=4096  heads=16  hd=128 q_dim=2048  kv_heads=16  kv_dim=2048  o_dim=2048  ffn_dim=5504   seqlen=264    qlen=1   cache=N lat=    0.001ms cycles≈503
[pim-debug] op#09 op=Add      norm=residual   sh=-1 dim=4096  heads=32  hd=128 q_dim=4096  kv_heads=32  kv_dim=4096  o_dim=4096  ffn_dim=11008  seqlen=264    qlen=1   cache=N lat=    0.000ms cycles≈3
[pim-debug] segment total latency: 0.024 ms
========================================================================================
[pim-debug] segment_key=pim|decode|2|10e3f8114dd0abad622f7e77922ce943
[pim-debug] sig: device_type=pim phase=decode step=2 (count_hint=32)
[pim-debug] ops_repr: K:1,QK:1,Softmax:1,SV:1,FFN_W3:1,SwiGLU:1
[pim-debug] cfg: shard_policy='fine' shards=2 dim=4096 ffn_dim=11008 n_heads=32 n_kv_heads=auto->n_heads
[pim-debug] pim_config=/lustre/home/2501111916/workspace/XPUPIM_0226_gpupim_parameter/TriForm/algorithms/aim_simulator/PIM_AiM.json
[pim-debug] ramulator_config=/lustre/home/2501111916/workspace/XPUPIM_0226_gpupim_parameter/TriForm/algorithms/aim_simulator/example.yaml
[pim-debug] cost_model config.PIM_FREQ_GHZ=1.0
[pim-debug] op plan (logical shapes inferred from schedule cfg):
  - op#00  op=K        shard=1   x=[1x4096] + w=[2048x4096]  ->  y=[1x2048]  (T=1, K=274)
  - op#01  op=QK       shard=1   q=[16x1x128] + k=[16x128x274]  ->  y=[16x1x274]  (T=1, K=274)
  - op#02  op=Softmax  shard=1   scores=[16x1x274]  ->  y=[16x1x274]  (T=1, K=274)
  - op#03  op=SV       shard=1   p=[16x1x274] + v=[16x274x128]  ->  y=[16x1x128]  (T=1, K=274)
  - op#04  op=FFN_W3   shard=1   x=[1x4096] + w=[5504x4096]  ->  y=[1x5504]  (T=1, K=274)
  - op#05  op=SwiGLU   shard=1   a=[1x5504] + b=[1x5504]  ->  y=[1x5504]  (T=1, K=274)
[pim-debug] NOTE: CENT(AiM) trace backend internally uses x shape (1,1,dim) and handles prefill by repeating ops;
           the table below shows the *effective parameters* passed into cost_model_pim_backend for each op.
[pim-debug] op#00 op=K        norm=k_proj     sh=1  dim=4096  heads=16  hd=128 q_dim=2048  kv_heads=16  kv_dim=2048  o_dim=2048  ffn_dim=5504   seqlen=274    qlen=1   cache=N lat=    0.004ms cycles≈4428
[pim-debug] op#01 op=QK       norm=score      sh=1  dim=4096  heads=16  hd=128 q_dim=2048  kv_heads=16  kv_dim=2048  o_dim=2048  ffn_dim=5504   seqlen=274    qlen=1   cache=N lat=    0.002ms cycles≈1808
[pim-debug] op#02 op=Softmax  norm=softmax    sh=1  dim=4096  heads=16  hd=128 q_dim=2048  kv_heads=16  kv_dim=2048  o_dim=2048  ffn_dim=5504   seqlen=274    qlen=1   cache=N lat=    0.001ms cycles≈1015
[pim-debug] op#03 op=SV       norm=output     sh=1  dim=4096  heads=16  hd=128 q_dim=2048  kv_heads=16  kv_dim=2048  o_dim=2048  ffn_dim=5504   seqlen=274    qlen=1   cache=N lat=    0.002ms cycles≈1588
[pim-debug] op#04 op=FFN_W3   norm=ffn_up     sh=1  dim=4096  heads=16  hd=128 q_dim=2048  kv_heads=16  kv_dim=2048  o_dim=2048  ffn_dim=5504   seqlen=274    qlen=1   cache=N lat=    0.011ms cycles≈10896
[pim-debug] op#05 op=SwiGLU   norm=silu       sh=1  dim=4096  heads=16  hd=128 q_dim=2048  kv_heads=16  kv_dim=2048  o_dim=2048  ffn_dim=5504   seqlen=274    qlen=1   cache=N lat=    0.001ms cycles≈503
[pim-debug] segment total latency: 0.020 ms
========================================================================================
[pim-debug] segment_key=pim|decode|2|35d79f03dcd64299ca4d4894bbb8c7b2
[pim-debug] sig: device_type=pim phase=decode step=2 (count_hint=32)
[pim-debug] ops_repr: LN:-1,K:0,QK:0,Softmax:0,SV:0,Add:-1,LN:-1,FFN_W1:1,SwiGLU:0,Add:-1
[pim-debug] cfg: shard_policy='fine' shards=2 dim=4096 ffn_dim=11008 n_heads=32 n_kv_heads=auto->n_heads
[pim-debug] pim_config=/lustre/home/2501111916/workspace/XPUPIM_0226_gpupim_parameter/TriForm/algorithms/aim_simulator/PIM_AiM.json
[pim-debug] ramulator_config=/lustre/home/2501111916/workspace/XPUPIM_0226_gpupim_parameter/TriForm/algorithms/aim_simulator/example.yaml
[pim-debug] cost_model config.PIM_FREQ_GHZ=1.0
[pim-debug] op plan (logical shapes inferred from schedule cfg):
  - op#00  op=LN       shard=-1  x=[1x4096] + w=[4096]  ->  y=[1x4096]  (T=1, K=274)
  - op#01  op=K        shard=0   x=[1x4096] + w=[2048x4096]  ->  y=[1x2048]  (T=1, K=274)
  - op#02  op=QK       shard=0   q=[16x1x128] + k=[16x128x274]  ->  y=[16x1x274]  (T=1, K=274)
  - op#03  op=Softmax  shard=0   scores=[16x1x274]  ->  y=[16x1x274]  (T=1, K=274)
  - op#04  op=SV       shard=0   p=[16x1x274] + v=[16x274x128]  ->  y=[16x1x128]  (T=1, K=274)
  - op#05  op=Add      shard=-1  a=[1x4096] + b=[1x4096]  ->  y=[1x4096]  (T=1, K=274)
  - op#06  op=LN       shard=-1  x=[1x4096] + w=[4096]  ->  y=[1x4096]  (T=1, K=274)
  - op#07  op=FFN_W1   shard=1   x=[1x4096] + w=[5504x4096]  ->  y=[1x5504]  (T=1, K=274)
  - op#08  op=SwiGLU   shard=0   a=[1x5504] + b=[1x5504]  ->  y=[1x5504]  (T=1, K=274)
  - op#09  op=Add      shard=-1  a=[1x4096] + b=[1x4096]  ->  y=[1x4096]  (T=1, K=274)
[pim-debug] NOTE: CENT(AiM) trace backend internally uses x shape (1,1,dim) and handles prefill by repeating ops;
           the table below shows the *effective parameters* passed into cost_model_pim_backend for each op.
[pim-debug] op#00 op=LN       norm=rmsnorm    sh=-1 dim=4096  heads=32  hd=128 q_dim=4096  kv_heads=32  kv_dim=4096  o_dim=4096  ffn_dim=11008  seqlen=274    qlen=1   cache=N lat=    0.001ms cycles≈1314
[pim-debug] op#01 op=K        norm=k_proj     sh=0  dim=4096  heads=16  hd=128 q_dim=2048  kv_heads=16  kv_dim=2048  o_dim=2048  ffn_dim=5504   seqlen=274    qlen=1   cache=N lat=    0.004ms cycles≈4428
[pim-debug] op#02 op=QK       norm=score      sh=0  dim=4096  heads=16  hd=128 q_dim=2048  kv_heads=16  kv_dim=2048  o_dim=2048  ffn_dim=5504   seqlen=274    qlen=1   cache=N lat=    0.002ms cycles≈1808
[pim-debug] op#03 op=Softmax  norm=softmax    sh=0  dim=4096  heads=16  hd=128 q_dim=2048  kv_heads=16  kv_dim=2048  o_dim=2048  ffn_dim=5504   seqlen=274    qlen=1   cache=N lat=    0.001ms cycles≈1015
[pim-debug] op#04 op=SV       norm=output     sh=0  dim=4096  heads=16  hd=128 q_dim=2048  kv_heads=16  kv_dim=2048  o_dim=2048  ffn_dim=5504   seqlen=274    qlen=1   cache=N lat=    0.002ms cycles≈1588
[pim-debug] op#05 op=Add      norm=residual   sh=-1 dim=4096  heads=32  hd=128 q_dim=4096  kv_heads=32  kv_dim=4096  o_dim=4096  ffn_dim=11008  seqlen=274    qlen=1   cache=N lat=    0.000ms cycles≈3
[pim-debug] op#06 op=LN       norm=rmsnorm    sh=-1 dim=4096  heads=32  hd=128 q_dim=4096  kv_heads=32  kv_dim=4096  o_dim=4096  ffn_dim=11008  seqlen=274    qlen=1   cache=N lat=    0.001ms cycles≈1314
[pim-debug] op#07 op=FFN_W1   norm=ffn_gate   sh=1  dim=4096  heads=16  hd=128 q_dim=2048  kv_heads=16  kv_dim=2048  o_dim=2048  ffn_dim=5504   seqlen=274    qlen=1   cache=N lat=    0.012ms cycles≈11708
[pim-debug] op#08 op=SwiGLU   norm=silu       sh=0  dim=4096  heads=16  hd=128 q_dim=2048  kv_heads=16  kv_dim=2048  o_dim=2048  ffn_dim=5504   seqlen=274    qlen=1   cache=N lat=    0.001ms cycles≈503
[pim-debug] op#09 op=Add      norm=residual   sh=-1 dim=4096  heads=32  hd=128 q_dim=4096  kv_heads=32  kv_dim=4096  o_dim=4096  ffn_dim=11008  seqlen=274    qlen=1   cache=N lat=    0.000ms cycles≈3
[pim-debug] segment total latency: 0.024 ms
========================================================================================
[pim-debug] segment_key=pim|decode|3|10e3f8114dd0abad622f7e77922ce943
[pim-debug] sig: device_type=pim phase=decode step=3 (count_hint=32)
[pim-debug] ops_repr: K:1,QK:1,Softmax:1,SV:1,FFN_W3:1,SwiGLU:1
[pim-debug] cfg: shard_policy='fine' shards=2 dim=4096 ffn_dim=11008 n_heads=32 n_kv_heads=auto->n_heads
[pim-debug] pim_config=/lustre/home/2501111916/workspace/XPUPIM_0226_gpupim_parameter/TriForm/algorithms/aim_simulator/PIM_AiM.json
[pim-debug] ramulator_config=/lustre/home/2501111916/workspace/XPUPIM_0226_gpupim_parameter/TriForm/algorithms/aim_simulator/example.yaml
[pim-debug] cost_model config.PIM_FREQ_GHZ=1.0
[pim-debug] op plan (logical shapes inferred from schedule cfg):
  - op#00  op=K        shard=1   x=[1x4096] + w=[2048x4096]  ->  y=[1x2048]  (T=1, K=286)
  - op#01  op=QK       shard=1   q=[16x1x128] + k=[16x128x286]  ->  y=[16x1x286]  (T=1, K=286)
  - op#02  op=Softmax  shard=1   scores=[16x1x286]  ->  y=[16x1x286]  (T=1, K=286)
  - op#03  op=SV       shard=1   p=[16x1x286] + v=[16x286x128]  ->  y=[16x1x128]  (T=1, K=286)
  - op#04  op=FFN_W3   shard=1   x=[1x4096] + w=[5504x4096]  ->  y=[1x5504]  (T=1, K=286)
  - op#05  op=SwiGLU   shard=1   a=[1x5504] + b=[1x5504]  ->  y=[1x5504]  (T=1, K=286)
[pim-debug] NOTE: CENT(AiM) trace backend internally uses x shape (1,1,dim) and handles prefill by repeating ops;
           the table below shows the *effective parameters* passed into cost_model_pim_backend for each op.
[pim-debug] op#00 op=K        norm=k_proj     sh=1  dim=4096  heads=16  hd=128 q_dim=2048  kv_heads=16  kv_dim=2048  o_dim=2048  ffn_dim=5504   seqlen=286    qlen=1   cache=N lat=    0.004ms cycles≈4428
[pim-debug] op#01 op=QK       norm=score      sh=1  dim=4096  heads=16  hd=128 q_dim=2048  kv_heads=16  kv_dim=2048  o_dim=2048  ffn_dim=5504   seqlen=286    qlen=1   cache=N lat=    0.002ms cycles≈1808
[pim-debug] op#02 op=Softmax  norm=softmax    sh=1  dim=4096  heads=16  hd=128 q_dim=2048  kv_heads=16  kv_dim=2048  o_dim=2048  ffn_dim=5504   seqlen=286    qlen=1   cache=N lat=    0.001ms cycles≈1015
[pim-debug] op#03 op=SV       norm=output     sh=1  dim=4096  heads=16  hd=128 q_dim=2048  kv_heads=16  kv_dim=2048  o_dim=2048  ffn_dim=5504   seqlen=286    qlen=1   cache=N lat=    0.002ms cycles≈1588
[pim-debug] op#04 op=FFN_W3   norm=ffn_up     sh=1  dim=4096  heads=16  hd=128 q_dim=2048  kv_heads=16  kv_dim=2048  o_dim=2048  ffn_dim=5504   seqlen=286    qlen=1   cache=N lat=    0.011ms cycles≈10896
[pim-debug] op#05 op=SwiGLU   norm=silu       sh=1  dim=4096  heads=16  hd=128 q_dim=2048  kv_heads=16  kv_dim=2048  o_dim=2048  ffn_dim=5504   seqlen=286    qlen=1   cache=N lat=    0.001ms cycles≈503
[pim-debug] segment total latency: 0.020 ms
========================================================================================
[pim-debug] segment_key=pim|decode|3|35d79f03dcd64299ca4d4894bbb8c7b2
[pim-debug] sig: device_type=pim phase=decode step=3 (count_hint=32)
[pim-debug] ops_repr: LN:-1,K:0,QK:0,Softmax:0,SV:0,Add:-1,LN:-1,FFN_W1:1,SwiGLU:0,Add:-1
[pim-debug] cfg: shard_policy='fine' shards=2 dim=4096 ffn_dim=11008 n_heads=32 n_kv_heads=auto->n_heads
[pim-debug] pim_config=/lustre/home/2501111916/workspace/XPUPIM_0226_gpupim_parameter/TriForm/algorithms/aim_simulator/PIM_AiM.json
[pim-debug] ramulator_config=/lustre/home/2501111916/workspace/XPUPIM_0226_gpupim_parameter/TriForm/algorithms/aim_simulator/example.yaml
[pim-debug] cost_model config.PIM_FREQ_GHZ=1.0
[pim-debug] op plan (logical shapes inferred from schedule cfg):
  - op#00  op=LN       shard=-1  x=[1x4096] + w=[4096]  ->  y=[1x4096]  (T=1, K=286)
  - op#01  op=K        shard=0   x=[1x4096] + w=[2048x4096]  ->  y=[1x2048]  (T=1, K=286)
  - op#02  op=QK       shard=0   q=[16x1x128] + k=[16x128x286]  ->  y=[16x1x286]  (T=1, K=286)
  - op#03  op=Softmax  shard=0   scores=[16x1x286]  ->  y=[16x1x286]  (T=1, K=286)
  - op#04  op=SV       shard=0   p=[16x1x286] + v=[16x286x128]  ->  y=[16x1x128]  (T=1, K=286)
  - op#05  op=Add      shard=-1  a=[1x4096] + b=[1x4096]  ->  y=[1x4096]  (T=1, K=286)
  - op#06  op=LN       shard=-1  x=[1x4096] + w=[4096]  ->  y=[1x4096]  (T=1, K=286)
  - op#07  op=FFN_W1   shard=1   x=[1x4096] + w=[5504x4096]  ->  y=[1x5504]  (T=1, K=286)
  - op#08  op=SwiGLU   shard=0   a=[1x5504] + b=[1x5504]  ->  y=[1x5504]  (T=1, K=286)
  - op#09  op=Add      shard=-1  a=[1x4096] + b=[1x4096]  ->  y=[1x4096]  (T=1, K=286)
[pim-debug] NOTE: CENT(AiM) trace backend internally uses x shape (1,1,dim) and handles prefill by repeating ops;
           the table below shows the *effective parameters* passed into cost_model_pim_backend for each op.
[pim-debug] op#00 op=LN       norm=rmsnorm    sh=-1 dim=4096  heads=32  hd=128 q_dim=4096  kv_heads=32  kv_dim=4096  o_dim=4096  ffn_dim=11008  seqlen=286    qlen=1   cache=N lat=    0.001ms cycles≈1314
[pim-debug] op#01 op=K        norm=k_proj     sh=0  dim=4096  heads=16  hd=128 q_dim=2048  kv_heads=16  kv_dim=2048  o_dim=2048  ffn_dim=5504   seqlen=286    qlen=1   cache=N lat=    0.004ms cycles≈4428
[pim-debug] op#02 op=QK       norm=score      sh=0  dim=4096  heads=16  hd=128 q_dim=2048  kv_heads=16  kv_dim=2048  o_dim=2048  ffn_dim=5504   seqlen=286    qlen=1   cache=N lat=    0.002ms cycles≈1808
[pim-debug] op#03 op=Softmax  norm=softmax    sh=0  dim=4096  heads=16  hd=128 q_dim=2048  kv_heads=16  kv_dim=2048  o_dim=2048  ffn_dim=5504   seqlen=286    qlen=1   cache=N lat=    0.001ms cycles≈1015
[pim-debug] op#04 op=SV       norm=output     sh=0  dim=4096  heads=16  hd=128 q_dim=2048  kv_heads=16  kv_dim=2048  o_dim=2048  ffn_dim=5504   seqlen=286    qlen=1   cache=N lat=    0.002ms cycles≈1588
[pim-debug] op#05 op=Add      norm=residual   sh=-1 dim=4096  heads=32  hd=128 q_dim=4096  kv_heads=32  kv_dim=4096  o_dim=4096  ffn_dim=11008  seqlen=286    qlen=1   cache=N lat=    0.000ms cycles≈3
[pim-debug] op#06 op=LN       norm=rmsnorm    sh=-1 dim=4096  heads=32  hd=128 q_dim=4096  kv_heads=32  kv_dim=4096  o_dim=4096  ffn_dim=11008  seqlen=286    qlen=1   cache=N lat=    0.001ms cycles≈1314
[pim-debug] op#07 op=FFN_W1   norm=ffn_gate   sh=1  dim=4096  heads=16  hd=128 q_dim=2048  kv_heads=16  kv_dim=2048  o_dim=2048  ffn_dim=5504   seqlen=286    qlen=1   cache=N lat=    0.012ms cycles≈11708
[pim-debug] op#08 op=SwiGLU   norm=silu       sh=0  dim=4096  heads=16  hd=128 q_dim=2048  kv_heads=16  kv_dim=2048  o_dim=2048  ffn_dim=5504   seqlen=286    qlen=1   cache=N lat=    0.001ms cycles≈503
[pim-debug] op#09 op=Add      norm=residual   sh=-1 dim=4096  heads=32  hd=128 q_dim=4096  kv_heads=32  kv_dim=4096  o_dim=4096  ffn_dim=11008  seqlen=286    qlen=1   cache=N lat=    0.000ms cycles≈3
[pim-debug] segment total latency: 0.024 ms
========================================================================================
[pim-debug] segment_key=pim|decode|4|10e3f8114dd0abad622f7e77922ce943
[pim-debug] sig: device_type=pim phase=decode step=4 (count_hint=32)
[pim-debug] ops_repr: K:1,QK:1,Softmax:1,SV:1,FFN_W3:1,SwiGLU:1
[pim-debug] cfg: shard_policy='fine' shards=2 dim=4096 ffn_dim=11008 n_heads=32 n_kv_heads=auto->n_heads
[pim-debug] pim_config=/lustre/home/2501111916/workspace/XPUPIM_0226_gpupim_parameter/TriForm/algorithms/aim_simulator/PIM_AiM.json
[pim-debug] ramulator_config=/lustre/home/2501111916/workspace/XPUPIM_0226_gpupim_parameter/TriForm/algorithms/aim_simulator/example.yaml
[pim-debug] cost_model config.PIM_FREQ_GHZ=1.0
[pim-debug] op plan (logical shapes inferred from schedule cfg):
  - op#00  op=K        shard=1   x=[1x4096] + w=[2048x4096]  ->  y=[1x2048]  (T=1, K=298)
  - op#01  op=QK       shard=1   q=[16x1x128] + k=[16x128x298]  ->  y=[16x1x298]  (T=1, K=298)
  - op#02  op=Softmax  shard=1   scores=[16x1x298]  ->  y=[16x1x298]  (T=1, K=298)
  - op#03  op=SV       shard=1   p=[16x1x298] + v=[16x298x128]  ->  y=[16x1x128]  (T=1, K=298)
  - op#04  op=FFN_W3   shard=1   x=[1x4096] + w=[5504x4096]  ->  y=[1x5504]  (T=1, K=298)
  - op#05  op=SwiGLU   shard=1   a=[1x5504] + b=[1x5504]  ->  y=[1x5504]  (T=1, K=298)
[pim-debug] NOTE: CENT(AiM) trace backend internally uses x shape (1,1,dim) and handles prefill by repeating ops;
           the table below shows the *effective parameters* passed into cost_model_pim_backend for each op.
[pim-debug] op#00 op=K        norm=k_proj     sh=1  dim=4096  heads=16  hd=128 q_dim=2048  kv_heads=16  kv_dim=2048  o_dim=2048  ffn_dim=5504   seqlen=298    qlen=1   cache=N lat=    0.004ms cycles≈4428
[pim-debug] op#01 op=QK       norm=score      sh=1  dim=4096  heads=16  hd=128 q_dim=2048  kv_heads=16  kv_dim=2048  o_dim=2048  ffn_dim=5504   seqlen=298    qlen=1   cache=N lat=    0.002ms cycles≈1808
[pim-debug] op#02 op=Softmax  norm=softmax    sh=1  dim=4096  heads=16  hd=128 q_dim=2048  kv_heads=16  kv_dim=2048  o_dim=2048  ffn_dim=5504   seqlen=298    qlen=1   cache=N lat=    0.001ms cycles≈1067
[pim-debug] op#03 op=SV       norm=output     sh=1  dim=4096  heads=16  hd=128 q_dim=2048  kv_heads=16  kv_dim=2048  o_dim=2048  ffn_dim=5504   seqlen=298    qlen=1   cache=N lat=    0.002ms cycles≈1606
[pim-debug] op#04 op=FFN_W3   norm=ffn_up     sh=1  dim=4096  heads=16  hd=128 q_dim=2048  kv_heads=16  kv_dim=2048  o_dim=2048  ffn_dim=5504   seqlen=298    qlen=1   cache=N lat=    0.011ms cycles≈10896
[pim-debug] op#05 op=SwiGLU   norm=silu       sh=1  dim=4096  heads=16  hd=128 q_dim=2048  kv_heads=16  kv_dim=2048  o_dim=2048  ffn_dim=5504   seqlen=298    qlen=1   cache=N lat=    0.001ms cycles≈503
[pim-debug] segment total latency: 0.020 ms
========================================================================================
[pim-debug] segment_key=pim|decode|4|35d79f03dcd64299ca4d4894bbb8c7b2
[pim-debug] sig: device_type=pim phase=decode step=4 (count_hint=32)
[pim-debug] ops_repr: LN:-1,K:0,QK:0,Softmax:0,SV:0,Add:-1,LN:-1,FFN_W1:1,SwiGLU:0,Add:-1
[pim-debug] cfg: shard_policy='fine' shards=2 dim=4096 ffn_dim=11008 n_heads=32 n_kv_heads=auto->n_heads
[pim-debug] pim_config=/lustre/home/2501111916/workspace/XPUPIM_0226_gpupim_parameter/TriForm/algorithms/aim_simulator/PIM_AiM.json
[pim-debug] ramulator_config=/lustre/home/2501111916/workspace/XPUPIM_0226_gpupim_parameter/TriForm/algorithms/aim_simulator/example.yaml
[pim-debug] cost_model config.PIM_FREQ_GHZ=1.0
[pim-debug] op plan (logical shapes inferred from schedule cfg):
  - op#00  op=LN       shard=-1  x=[1x4096] + w=[4096]  ->  y=[1x4096]  (T=1, K=298)
  - op#01  op=K        shard=0   x=[1x4096] + w=[2048x4096]  ->  y=[1x2048]  (T=1, K=298)
  - op#02  op=QK       shard=0   q=[16x1x128] + k=[16x128x298]  ->  y=[16x1x298]  (T=1, K=298)
  - op#03  op=Softmax  shard=0   scores=[16x1x298]  ->  y=[16x1x298]  (T=1, K=298)
  - op#04  op=SV       shard=0   p=[16x1x298] + v=[16x298x128]  ->  y=[16x1x128]  (T=1, K=298)
  - op#05  op=Add      shard=-1  a=[1x4096] + b=[1x4096]  ->  y=[1x4096]  (T=1, K=298)
  - op#06  op=LN       shard=-1  x=[1x4096] + w=[4096]  ->  y=[1x4096]  (T=1, K=298)
  - op#07  op=FFN_W1   shard=1   x=[1x4096] + w=[5504x4096]  ->  y=[1x5504]  (T=1, K=298)
  - op#08  op=SwiGLU   shard=0   a=[1x5504] + b=[1x5504]  ->  y=[1x5504]  (T=1, K=298)
  - op#09  op=Add      shard=-1  a=[1x4096] + b=[1x4096]  ->  y=[1x4096]  (T=1, K=298)
[pim-debug] NOTE: CENT(AiM) trace backend internally uses x shape (1,1,dim) and handles prefill by repeating ops;
           the table below shows the *effective parameters* passed into cost_model_pim_backend for each op.
[pim-debug] op#00 op=LN       norm=rmsnorm    sh=-1 dim=4096  heads=32  hd=128 q_dim=4096  kv_heads=32  kv_dim=4096  o_dim=4096  ffn_dim=11008  seqlen=298    qlen=1   cache=N lat=    0.001ms cycles≈1314
[pim-debug] op#01 op=K        norm=k_proj     sh=0  dim=4096  heads=16  hd=128 q_dim=2048  kv_heads=16  kv_dim=2048  o_dim=2048  ffn_dim=5504   seqlen=298    qlen=1   cache=N lat=    0.004ms cycles≈4428
[pim-debug] op#02 op=QK       norm=score      sh=0  dim=4096  heads=16  hd=128 q_dim=2048  kv_heads=16  kv_dim=2048  o_dim=2048  ffn_dim=5504   seqlen=298    qlen=1   cache=N lat=    0.002ms cycles≈1808
[pim-debug] op#03 op=Softmax  norm=softmax    sh=0  dim=4096  heads=16  hd=128 q_dim=2048  kv_heads=16  kv_dim=2048  o_dim=2048  ffn_dim=5504   seqlen=298    qlen=1   cache=N lat=    0.001ms cycles≈1067
[pim-debug] op#04 op=SV       norm=output     sh=0  dim=4096  heads=16  hd=128 q_dim=2048  kv_heads=16  kv_dim=2048  o_dim=2048  ffn_dim=5504   seqlen=298    qlen=1   cache=N lat=    0.002ms cycles≈1606
[pim-debug] op#05 op=Add      norm=residual   sh=-1 dim=4096  heads=32  hd=128 q_dim=4096  kv_heads=32  kv_dim=4096  o_dim=4096  ffn_dim=11008  seqlen=298    qlen=1   cache=N lat=    0.000ms cycles≈3
[pim-debug] op#06 op=LN       norm=rmsnorm    sh=-1 dim=4096  heads=32  hd=128 q_dim=4096  kv_heads=32  kv_dim=4096  o_dim=4096  ffn_dim=11008  seqlen=298    qlen=1   cache=N lat=    0.001ms cycles≈1314
[pim-debug] op#07 op=FFN_W1   norm=ffn_gate   sh=1  dim=4096  heads=16  hd=128 q_dim=2048  kv_heads=16  kv_dim=2048  o_dim=2048  ffn_dim=5504   seqlen=298    qlen=1   cache=N lat=    0.012ms cycles≈11708
[pim-debug] op#08 op=SwiGLU   norm=silu       sh=0  dim=4096  heads=16  hd=128 q_dim=2048  kv_heads=16  kv_dim=2048  o_dim=2048  ffn_dim=5504   seqlen=298    qlen=1   cache=N lat=    0.001ms cycles≈503
[pim-debug] op#09 op=Add      norm=residual   sh=-1 dim=4096  heads=32  hd=128 q_dim=4096  kv_heads=32  kv_dim=4096  o_dim=4096  ffn_dim=11008  seqlen=298    qlen=1   cache=N lat=    0.000ms cycles≈3
[pim-debug] segment total latency: 0.024 ms
========================================================================================
[pim-debug] segment_key=pim|decode|5|10e3f8114dd0abad622f7e77922ce943
[pim-debug] sig: device_type=pim phase=decode step=5 (count_hint=32)
[pim-debug] ops_repr: K:1,QK:1,Softmax:1,SV:1,FFN_W3:1,SwiGLU:1
[pim-debug] cfg: shard_policy='fine' shards=2 dim=4096 ffn_dim=11008 n_heads=32 n_kv_heads=auto->n_heads
[pim-debug] pim_config=/lustre/home/2501111916/workspace/XPUPIM_0226_gpupim_parameter/TriForm/algorithms/aim_simulator/PIM_AiM.json
[pim-debug] ramulator_config=/lustre/home/2501111916/workspace/XPUPIM_0226_gpupim_parameter/TriForm/algorithms/aim_simulator/example.yaml
[pim-debug] cost_model config.PIM_FREQ_GHZ=1.0
[pim-debug] op plan (logical shapes inferred from schedule cfg):
  - op#00  op=K        shard=1   x=[1x4096] + w=[2048x4096]  ->  y=[1x2048]  (T=1, K=310)
  - op#01  op=QK       shard=1   q=[16x1x128] + k=[16x128x310]  ->  y=[16x1x310]  (T=1, K=310)
  - op#02  op=Softmax  shard=1   scores=[16x1x310]  ->  y=[16x1x310]  (T=1, K=310)
  - op#03  op=SV       shard=1   p=[16x1x310] + v=[16x310x128]  ->  y=[16x1x128]  (T=1, K=310)
  - op#04  op=FFN_W3   shard=1   x=[1x4096] + w=[5504x4096]  ->  y=[1x5504]  (T=1, K=310)
  - op#05  op=SwiGLU   shard=1   a=[1x5504] + b=[1x5504]  ->  y=[1x5504]  (T=1, K=310)
[pim-debug] NOTE: CENT(AiM) trace backend internally uses x shape (1,1,dim) and handles prefill by repeating ops;
           the table below shows the *effective parameters* passed into cost_model_pim_backend for each op.
[pim-debug] op#00 op=K        norm=k_proj     sh=1  dim=4096  heads=16  hd=128 q_dim=2048  kv_heads=16  kv_dim=2048  o_dim=2048  ffn_dim=5504   seqlen=310    qlen=1   cache=N lat=    0.004ms cycles≈4428
[pim-debug] op#01 op=QK       norm=score      sh=1  dim=4096  heads=16  hd=128 q_dim=2048  kv_heads=16  kv_dim=2048  o_dim=2048  ffn_dim=5504   seqlen=310    qlen=1   cache=N lat=    0.002ms cycles≈1808
[pim-debug] op#02 op=Softmax  norm=softmax    sh=1  dim=4096  heads=16  hd=128 q_dim=2048  kv_heads=16  kv_dim=2048  o_dim=2048  ffn_dim=5504   seqlen=310    qlen=1   cache=N lat=    0.001ms cycles≈1119
[pim-debug] op#03 op=SV       norm=output     sh=1  dim=4096  heads=16  hd=128 q_dim=2048  kv_heads=16  kv_dim=2048  o_dim=2048  ffn_dim=5504   seqlen=310    qlen=1   cache=N lat=    0.002ms cycles≈1624
[pim-debug] op#04 op=FFN_W3   norm=ffn_up     sh=1  dim=4096  heads=16  hd=128 q_dim=2048  kv_heads=16  kv_dim=2048  o_dim=2048  ffn_dim=5504   seqlen=310    qlen=1   cache=N lat=    0.011ms cycles≈10896
[pim-debug] op#05 op=SwiGLU   norm=silu       sh=1  dim=4096  heads=16  hd=128 q_dim=2048  kv_heads=16  kv_dim=2048  o_dim=2048  ffn_dim=5504   seqlen=310    qlen=1   cache=N lat=    0.001ms cycles≈503
[pim-debug] segment total latency: 0.020 ms
========================================================================================
[pim-debug] segment_key=pim|decode|5|35d79f03dcd64299ca4d4894bbb8c7b2
[pim-debug] sig: device_type=pim phase=decode step=5 (count_hint=32)
[pim-debug] ops_repr: LN:-1,K:0,QK:0,Softmax:0,SV:0,Add:-1,LN:-1,FFN_W1:1,SwiGLU:0,Add:-1
[pim-debug] cfg: shard_policy='fine' shards=2 dim=4096 ffn_dim=11008 n_heads=32 n_kv_heads=auto->n_heads
[pim-debug] pim_config=/lustre/home/2501111916/workspace/XPUPIM_0226_gpupim_parameter/TriForm/algorithms/aim_simulator/PIM_AiM.json
[pim-debug] ramulator_config=/lustre/home/2501111916/workspace/XPUPIM_0226_gpupim_parameter/TriForm/algorithms/aim_simulator/example.yaml
[pim-debug] cost_model config.PIM_FREQ_GHZ=1.0
[pim-debug] op plan (logical shapes inferred from schedule cfg):
  - op#00  op=LN       shard=-1  x=[1x4096] + w=[4096]  ->  y=[1x4096]  (T=1, K=310)
  - op#01  op=K        shard=0   x=[1x4096] + w=[2048x4096]  ->  y=[1x2048]  (T=1, K=310)
  - op#02  op=QK       shard=0   q=[16x1x128] + k=[16x128x310]  ->  y=[16x1x310]  (T=1, K=310)
  - op#03  op=Softmax  shard=0   scores=[16x1x310]  ->  y=[16x1x310]  (T=1, K=310)
  - op#04  op=SV       shard=0   p=[16x1x310] + v=[16x310x128]  ->  y=[16x1x128]  (T=1, K=310)
  - op#05  op=Add      shard=-1  a=[1x4096] + b=[1x4096]  ->  y=[1x4096]  (T=1, K=310)
  - op#06  op=LN       shard=-1  x=[1x4096] + w=[4096]  ->  y=[1x4096]  (T=1, K=310)
  - op#07  op=FFN_W1   shard=1   x=[1x4096] + w=[5504x4096]  ->  y=[1x5504]  (T=1, K=310)
  - op#08  op=SwiGLU   shard=0   a=[1x5504] + b=[1x5504]  ->  y=[1x5504]  (T=1, K=310)
  - op#09  op=Add      shard=-1  a=[1x4096] + b=[1x4096]  ->  y=[1x4096]  (T=1, K=310)
[pim-debug] NOTE: CENT(AiM) trace backend internally uses x shape (1,1,dim) and handles prefill by repeating ops;
           the table below shows the *effective parameters* passed into cost_model_pim_backend for each op.
[pim-debug] op#00 op=LN       norm=rmsnorm    sh=-1 dim=4096  heads=32  hd=128 q_dim=4096  kv_heads=32  kv_dim=4096  o_dim=4096  ffn_dim=11008  seqlen=310    qlen=1   cache=N lat=    0.001ms cycles≈1314
[pim-debug] op#01 op=K        norm=k_proj     sh=0  dim=4096  heads=16  hd=128 q_dim=2048  kv_heads=16  kv_dim=2048  o_dim=2048  ffn_dim=5504   seqlen=310    qlen=1   cache=N lat=    0.004ms cycles≈4428
[pim-debug] op#02 op=QK       norm=score      sh=0  dim=4096  heads=16  hd=128 q_dim=2048  kv_heads=16  kv_dim=2048  o_dim=2048  ffn_dim=5504   seqlen=310    qlen=1   cache=N lat=    0.002ms cycles≈1808
[pim-debug] op#03 op=Softmax  norm=softmax    sh=0  dim=4096  heads=16  hd=128 q_dim=2048  kv_heads=16  kv_dim=2048  o_dim=2048  ffn_dim=5504   seqlen=310    qlen=1   cache=N lat=    0.001ms cycles≈1119
[pim-debug] op#04 op=SV       norm=output     sh=0  dim=4096  heads=16  hd=128 q_dim=2048  kv_heads=16  kv_dim=2048  o_dim=2048  ffn_dim=5504   seqlen=310    qlen=1   cache=N lat=    0.002ms cycles≈1624
[pim-debug] op#05 op=Add      norm=residual   sh=-1 dim=4096  heads=32  hd=128 q_dim=4096  kv_heads=32  kv_dim=4096  o_dim=4096  ffn_dim=11008  seqlen=310    qlen=1   cache=N lat=    0.000ms cycles≈3
[pim-debug] op#06 op=LN       norm=rmsnorm    sh=-1 dim=4096  heads=32  hd=128 q_dim=4096  kv_heads=32  kv_dim=4096  o_dim=4096  ffn_dim=11008  seqlen=310    qlen=1   cache=N lat=    0.001ms cycles≈1314
[pim-debug] op#07 op=FFN_W1   norm=ffn_gate   sh=1  dim=4096  heads=16  hd=128 q_dim=2048  kv_heads=16  kv_dim=2048  o_dim=2048  ffn_dim=5504   seqlen=310    qlen=1   cache=N lat=    0.012ms cycles≈11708
[pim-debug] op#08 op=SwiGLU   norm=silu       sh=0  dim=4096  heads=16  hd=128 q_dim=2048  kv_heads=16  kv_dim=2048  o_dim=2048  ffn_dim=5504   seqlen=310    qlen=1   cache=N lat=    0.001ms cycles≈503
[pim-debug] op#09 op=Add      norm=residual   sh=-1 dim=4096  heads=32  hd=128 q_dim=4096  kv_heads=32  kv_dim=4096  o_dim=4096  ffn_dim=11008  seqlen=310    qlen=1   cache=N lat=    0.000ms cycles≈3
[pim-debug] segment total latency: 0.024 ms
========================================================================================
[pim-debug] segment_key=pim|decode|6|10e3f8114dd0abad622f7e77922ce943
[pim-debug] sig: device_type=pim phase=decode step=6 (count_hint=32)
[pim-debug] ops_repr: K:1,QK:1,Softmax:1,SV:1,FFN_W3:1,SwiGLU:1
[pim-debug] cfg: shard_policy='fine' shards=2 dim=4096 ffn_dim=11008 n_heads=32 n_kv_heads=auto->n_heads
[pim-debug] pim_config=/lustre/home/2501111916/workspace/XPUPIM_0226_gpupim_parameter/TriForm/algorithms/aim_simulator/PIM_AiM.json
[pim-debug] ramulator_config=/lustre/home/2501111916/workspace/XPUPIM_0226_gpupim_parameter/TriForm/algorithms/aim_simulator/example.yaml
[pim-debug] cost_model config.PIM_FREQ_GHZ=1.0
[pim-debug] op plan (logical shapes inferred from schedule cfg):
  - op#00  op=K        shard=1   x=[1x4096] + w=[2048x4096]  ->  y=[1x2048]  (T=1, K=322)
  - op#01  op=QK       shard=1   q=[16x1x128] + k=[16x128x322]  ->  y=[16x1x322]  (T=1, K=322)
  - op#02  op=Softmax  shard=1   scores=[16x1x322]  ->  y=[16x1x322]  (T=1, K=322)
  - op#03  op=SV       shard=1   p=[16x1x322] + v=[16x322x128]  ->  y=[16x1x128]  (T=1, K=322)
  - op#04  op=FFN_W3   shard=1   x=[1x4096] + w=[5504x4096]  ->  y=[1x5504]  (T=1, K=322)
  - op#05  op=SwiGLU   shard=1   a=[1x5504] + b=[1x5504]  ->  y=[1x5504]  (T=1, K=322)
[pim-debug] NOTE: CENT(AiM) trace backend internally uses x shape (1,1,dim) and handles prefill by repeating ops;
           the table below shows the *effective parameters* passed into cost_model_pim_backend for each op.
[pim-debug] op#00 op=K        norm=k_proj     sh=1  dim=4096  heads=16  hd=128 q_dim=2048  kv_heads=16  kv_dim=2048  o_dim=2048  ffn_dim=5504   seqlen=322    qlen=1   cache=N lat=    0.004ms cycles≈4428
[pim-debug] op#01 op=QK       norm=score      sh=1  dim=4096  heads=16  hd=128 q_dim=2048  kv_heads=16  kv_dim=2048  o_dim=2048  ffn_dim=5504   seqlen=322    qlen=1   cache=N lat=    0.002ms cycles≈1808
[pim-debug] op#02 op=Softmax  norm=softmax    sh=1  dim=4096  heads=16  hd=128 q_dim=2048  kv_heads=16  kv_dim=2048  o_dim=2048  ffn_dim=5504   seqlen=322    qlen=1   cache=N lat=    0.001ms cycles≈1171
[pim-debug] op#03 op=SV       norm=output     sh=1  dim=4096  heads=16  hd=128 q_dim=2048  kv_heads=16  kv_dim=2048  o_dim=2048  ffn_dim=5504   seqlen=322    qlen=1   cache=N lat=    0.002ms cycles≈1642
[pim-debug] op#04 op=FFN_W3   norm=ffn_up     sh=1  dim=4096  heads=16  hd=128 q_dim=2048  kv_heads=16  kv_dim=2048  o_dim=2048  ffn_dim=5504   seqlen=322    qlen=1   cache=N lat=    0.011ms cycles≈10896
[pim-debug] op#05 op=SwiGLU   norm=silu       sh=1  dim=4096  heads=16  hd=128 q_dim=2048  kv_heads=16  kv_dim=2048  o_dim=2048  ffn_dim=5504   seqlen=322    qlen=1   cache=N lat=    0.001ms cycles≈503
[pim-debug] segment total latency: 0.020 ms
========================================================================================
[pim-debug] segment_key=pim|decode|6|35d79f03dcd64299ca4d4894bbb8c7b2
[pim-debug] sig: device_type=pim phase=decode step=6 (count_hint=32)
[pim-debug] ops_repr: LN:-1,K:0,QK:0,Softmax:0,SV:0,Add:-1,LN:-1,FFN_W1:1,SwiGLU:0,Add:-1
[pim-debug] cfg: shard_policy='fine' shards=2 dim=4096 ffn_dim=11008 n_heads=32 n_kv_heads=auto->n_heads
[pim-debug] pim_config=/lustre/home/2501111916/workspace/XPUPIM_0226_gpupim_parameter/TriForm/algorithms/aim_simulator/PIM_AiM.json
[pim-debug] ramulator_config=/lustre/home/2501111916/workspace/XPUPIM_0226_gpupim_parameter/TriForm/algorithms/aim_simulator/example.yaml
[pim-debug] cost_model config.PIM_FREQ_GHZ=1.0
[pim-debug] op plan (logical shapes inferred from schedule cfg):
  - op#00  op=LN       shard=-1  x=[1x4096] + w=[4096]  ->  y=[1x4096]  (T=1, K=322)
  - op#01  op=K        shard=0   x=[1x4096] + w=[2048x4096]  ->  y=[1x2048]  (T=1, K=322)
  - op#02  op=QK       shard=0   q=[16x1x128] + k=[16x128x322]  ->  y=[16x1x322]  (T=1, K=322)
  - op#03  op=Softmax  shard=0   scores=[16x1x322]  ->  y=[16x1x322]  (T=1, K=322)
  - op#04  op=SV       shard=0   p=[16x1x322] + v=[16x322x128]  ->  y=[16x1x128]  (T=1, K=322)
  - op#05  op=Add      shard=-1  a=[1x4096] + b=[1x4096]  ->  y=[1x4096]  (T=1, K=322)
  - op#06  op=LN       shard=-1  x=[1x4096] + w=[4096]  ->  y=[1x4096]  (T=1, K=322)
  - op#07  op=FFN_W1   shard=1   x=[1x4096] + w=[5504x4096]  ->  y=[1x5504]  (T=1, K=322)
  - op#08  op=SwiGLU   shard=0   a=[1x5504] + b=[1x5504]  ->  y=[1x5504]  (T=1, K=322)
  - op#09  op=Add      shard=-1  a=[1x4096] + b=[1x4096]  ->  y=[1x4096]  (T=1, K=322)
[pim-debug] NOTE: CENT(AiM) trace backend internally uses x shape (1,1,dim) and handles prefill by repeating ops;
           the table below shows the *effective parameters* passed into cost_model_pim_backend for each op.
[pim-debug] op#00 op=LN       norm=rmsnorm    sh=-1 dim=4096  heads=32  hd=128 q_dim=4096  kv_heads=32  kv_dim=4096  o_dim=4096  ffn_dim=11008  seqlen=322    qlen=1   cache=N lat=    0.001ms cycles≈1314
[pim-debug] op#01 op=K        norm=k_proj     sh=0  dim=4096  heads=16  hd=128 q_dim=2048  kv_heads=16  kv_dim=2048  o_dim=2048  ffn_dim=5504   seqlen=322    qlen=1   cache=N lat=    0.004ms cycles≈4428
[pim-debug] op#02 op=QK       norm=score      sh=0  dim=4096  heads=16  hd=128 q_dim=2048  kv_heads=16  kv_dim=2048  o_dim=2048  ffn_dim=5504   seqlen=322    qlen=1   cache=N lat=    0.002ms cycles≈1808
[pim-debug] op#03 op=Softmax  norm=softmax    sh=0  dim=4096  heads=16  hd=128 q_dim=2048  kv_heads=16  kv_dim=2048  o_dim=2048  ffn_dim=5504   seqlen=322    qlen=1   cache=N lat=    0.001ms cycles≈1171
[pim-debug] op#04 op=SV       norm=output     sh=0  dim=4096  heads=16  hd=128 q_dim=2048  kv_heads=16  kv_dim=2048  o_dim=2048  ffn_dim=5504   seqlen=322    qlen=1   cache=N lat=    0.002ms cycles≈1642
[pim-debug] op#05 op=Add      norm=residual   sh=-1 dim=4096  heads=32  hd=128 q_dim=4096  kv_heads=32  kv_dim=4096  o_dim=4096  ffn_dim=11008  seqlen=322    qlen=1   cache=N lat=    0.000ms cycles≈3
[pim-debug] op#06 op=LN       norm=rmsnorm    sh=-1 dim=4096  heads=32  hd=128 q_dim=4096  kv_heads=32  kv_dim=4096  o_dim=4096  ffn_dim=11008  seqlen=322    qlen=1   cache=N lat=    0.001ms cycles≈1314
[pim-debug] op#07 op=FFN_W1   norm=ffn_gate   sh=1  dim=4096  heads=16  hd=128 q_dim=2048  kv_heads=16  kv_dim=2048  o_dim=2048  ffn_dim=5504   seqlen=322    qlen=1   cache=N lat=    0.012ms cycles≈11708
[pim-debug] op#08 op=SwiGLU   norm=silu       sh=0  dim=4096  heads=16  hd=128 q_dim=2048  kv_heads=16  kv_dim=2048  o_dim=2048  ffn_dim=5504   seqlen=322    qlen=1   cache=N lat=    0.001ms cycles≈503
[pim-debug] op#09 op=Add      norm=residual   sh=-1 dim=4096  heads=32  hd=128 q_dim=4096  kv_heads=32  kv_dim=4096  o_dim=4096  ffn_dim=11008  seqlen=322    qlen=1   cache=N lat=    0.000ms cycles≈3
[pim-debug] segment total latency: 0.024 ms
========================================================================================
[pim-debug] segment_key=pim|decode|7|10e3f8114dd0abad622f7e77922ce943
[pim-debug] sig: device_type=pim phase=decode step=7 (count_hint=32)
[pim-debug] ops_repr: K:1,QK:1,Softmax:1,SV:1,FFN_W3:1,SwiGLU:1
[pim-debug] cfg: shard_policy='fine' shards=2 dim=4096 ffn_dim=11008 n_heads=32 n_kv_heads=auto->n_heads
[pim-debug] pim_config=/lustre/home/2501111916/workspace/XPUPIM_0226_gpupim_parameter/TriForm/algorithms/aim_simulator/PIM_AiM.json
[pim-debug] ramulator_config=/lustre/home/2501111916/workspace/XPUPIM_0226_gpupim_parameter/TriForm/algorithms/aim_simulator/example.yaml
[pim-debug] cost_model config.PIM_FREQ_GHZ=1.0
[pim-debug] op plan (logical shapes inferred from schedule cfg):
  - op#00  op=K        shard=1   x=[1x4096] + w=[2048x4096]  ->  y=[1x2048]  (T=1, K=334)
  - op#01  op=QK       shard=1   q=[16x1x128] + k=[16x128x334]  ->  y=[16x1x334]  (T=1, K=334)
  - op#02  op=Softmax  shard=1   scores=[16x1x334]  ->  y=[16x1x334]  (T=1, K=334)
  - op#03  op=SV       shard=1   p=[16x1x334] + v=[16x334x128]  ->  y=[16x1x128]  (T=1, K=334)
  - op#04  op=FFN_W3   shard=1   x=[1x4096] + w=[5504x4096]  ->  y=[1x5504]  (T=1, K=334)
  - op#05  op=SwiGLU   shard=1   a=[1x5504] + b=[1x5504]  ->  y=[1x5504]  (T=1, K=334)
[pim-debug] NOTE: CENT(AiM) trace backend internally uses x shape (1,1,dim) and handles prefill by repeating ops;
           the table below shows the *effective parameters* passed into cost_model_pim_backend for each op.
[pim-debug] op#00 op=K        norm=k_proj     sh=1  dim=4096  heads=16  hd=128 q_dim=2048  kv_heads=16  kv_dim=2048  o_dim=2048  ffn_dim=5504   seqlen=334    qlen=1   cache=N lat=    0.004ms cycles≈4428
[pim-debug] op#01 op=QK       norm=score      sh=1  dim=4096  heads=16  hd=128 q_dim=2048  kv_heads=16  kv_dim=2048  o_dim=2048  ffn_dim=5504   seqlen=334    qlen=1   cache=N lat=    0.002ms cycles≈1808
[pim-debug] op#02 op=Softmax  norm=softmax    sh=1  dim=4096  heads=16  hd=128 q_dim=2048  kv_heads=16  kv_dim=2048  o_dim=2048  ffn_dim=5504   seqlen=334    qlen=1   cache=N lat=    0.001ms cycles≈1171
[pim-debug] op#03 op=SV       norm=output     sh=1  dim=4096  heads=16  hd=128 q_dim=2048  kv_heads=16  kv_dim=2048  o_dim=2048  ffn_dim=5504   seqlen=334    qlen=1   cache=N lat=    0.002ms cycles≈1642
[pim-debug] op#04 op=FFN_W3   norm=ffn_up     sh=1  dim=4096  heads=16  hd=128 q_dim=2048  kv_heads=16  kv_dim=2048  o_dim=2048  ffn_dim=5504   seqlen=334    qlen=1   cache=N lat=    0.011ms cycles≈10896
[pim-debug] op#05 op=SwiGLU   norm=silu       sh=1  dim=4096  heads=16  hd=128 q_dim=2048  kv_heads=16  kv_dim=2048  o_dim=2048  ffn_dim=5504   seqlen=334    qlen=1   cache=N lat=    0.001ms cycles≈503
[pim-debug] segment total latency: 0.020 ms
========================================================================================
[pim-debug] segment_key=pim|decode|7|35d79f03dcd64299ca4d4894bbb8c7b2
[pim-debug] sig: device_type=pim phase=decode step=7 (count_hint=32)
[pim-debug] ops_repr: LN:-1,K:0,QK:0,Softmax:0,SV:0,Add:-1,LN:-1,FFN_W1:1,SwiGLU:0,Add:-1
[pim-debug] cfg: shard_policy='fine' shards=2 dim=4096 ffn_dim=11008 n_heads=32 n_kv_heads=auto->n_heads
[pim-debug] pim_config=/lustre/home/2501111916/workspace/XPUPIM_0226_gpupim_parameter/TriForm/algorithms/aim_simulator/PIM_AiM.json
[pim-debug] ramulator_config=/lustre/home/2501111916/workspace/XPUPIM_0226_gpupim_parameter/TriForm/algorithms/aim_simulator/example.yaml
[pim-debug] cost_model config.PIM_FREQ_GHZ=1.0
[pim-debug] op plan (logical shapes inferred from schedule cfg):
  - op#00  op=LN       shard=-1  x=[1x4096] + w=[4096]  ->  y=[1x4096]  (T=1, K=334)
  - op#01  op=K        shard=0   x=[1x4096] + w=[2048x4096]  ->  y=[1x2048]  (T=1, K=334)
  - op#02  op=QK       shard=0   q=[16x1x128] + k=[16x128x334]  ->  y=[16x1x334]  (T=1, K=334)
  - op#03  op=Softmax  shard=0   scores=[16x1x334]  ->  y=[16x1x334]  (T=1, K=334)
  - op#04  op=SV       shard=0   p=[16x1x334] + v=[16x334x128]  ->  y=[16x1x128]  (T=1, K=334)
  - op#05  op=Add      shard=-1  a=[1x4096] + b=[1x4096]  ->  y=[1x4096]  (T=1, K=334)
  - op#06  op=LN       shard=-1  x=[1x4096] + w=[4096]  ->  y=[1x4096]  (T=1, K=334)
  - op#07  op=FFN_W1   shard=1   x=[1x4096] + w=[5504x4096]  ->  y=[1x5504]  (T=1, K=334)
  - op#08  op=SwiGLU   shard=0   a=[1x5504] + b=[1x5504]  ->  y=[1x5504]  (T=1, K=334)
  - op#09  op=Add      shard=-1  a=[1x4096] + b=[1x4096]  ->  y=[1x4096]  (T=1, K=334)
[pim-debug] NOTE: CENT(AiM) trace backend internally uses x shape (1,1,dim) and handles prefill by repeating ops;
           the table below shows the *effective parameters* passed into cost_model_pim_backend for each op.
[pim-debug] op#00 op=LN       norm=rmsnorm    sh=-1 dim=4096  heads=32  hd=128 q_dim=4096  kv_heads=32  kv_dim=4096  o_dim=4096  ffn_dim=11008  seqlen=334    qlen=1   cache=N lat=    0.001ms cycles≈1314
[pim-debug] op#01 op=K        norm=k_proj     sh=0  dim=4096  heads=16  hd=128 q_dim=2048  kv_heads=16  kv_dim=2048  o_dim=2048  ffn_dim=5504   seqlen=334    qlen=1   cache=N lat=    0.004ms cycles≈4428
[pim-debug] op#02 op=QK       norm=score      sh=0  dim=4096  heads=16  hd=128 q_dim=2048  kv_heads=16  kv_dim=2048  o_dim=2048  ffn_dim=5504   seqlen=334    qlen=1   cache=N lat=    0.002ms cycles≈1808
[pim-debug] op#03 op=Softmax  norm=softmax    sh=0  dim=4096  heads=16  hd=128 q_dim=2048  kv_heads=16  kv_dim=2048  o_dim=2048  ffn_dim=5504   seqlen=334    qlen=1   cache=N lat=    0.001ms cycles≈1171
[pim-debug] op#04 op=SV       norm=output     sh=0  dim=4096  heads=16  hd=128 q_dim=2048  kv_heads=16  kv_dim=2048  o_dim=2048  ffn_dim=5504   seqlen=334    qlen=1   cache=N lat=    0.002ms cycles≈1642
[pim-debug] op#05 op=Add      norm=residual   sh=-1 dim=4096  heads=32  hd=128 q_dim=4096  kv_heads=32  kv_dim=4096  o_dim=4096  ffn_dim=11008  seqlen=334    qlen=1   cache=N lat=    0.000ms cycles≈3
[pim-debug] op#06 op=LN       norm=rmsnorm    sh=-1 dim=4096  heads=32  hd=128 q_dim=4096  kv_heads=32  kv_dim=4096  o_dim=4096  ffn_dim=11008  seqlen=334    qlen=1   cache=N lat=    0.001ms cycles≈1314
[pim-debug] op#07 op=FFN_W1   norm=ffn_gate   sh=1  dim=4096  heads=16  hd=128 q_dim=2048  kv_heads=16  kv_dim=2048  o_dim=2048  ffn_dim=5504   seqlen=334    qlen=1   cache=N lat=    0.012ms cycles≈11708
[pim-debug] op#08 op=SwiGLU   norm=silu       sh=0  dim=4096  heads=16  hd=128 q_dim=2048  kv_heads=16  kv_dim=2048  o_dim=2048  ffn_dim=5504   seqlen=334    qlen=1   cache=N lat=    0.001ms cycles≈503
[pim-debug] op#09 op=Add      norm=residual   sh=-1 dim=4096  heads=32  hd=128 q_dim=4096  kv_heads=32  kv_dim=4096  o_dim=4096  ffn_dim=11008  seqlen=334    qlen=1   cache=N lat=    0.000ms cycles≈3
[pim-debug] segment total latency: 0.024 ms
========================================================================================
[pim-debug] segment_key=pim|decode|8|10e3f8114dd0abad622f7e77922ce943
[pim-debug] sig: device_type=pim phase=decode step=8 (count_hint=32)
[pim-debug] ops_repr: K:1,QK:1,Softmax:1,SV:1,FFN_W3:1,SwiGLU:1
[pim-debug] cfg: shard_policy='fine' shards=2 dim=4096 ffn_dim=11008 n_heads=32 n_kv_heads=auto->n_heads
[pim-debug] pim_config=/lustre/home/2501111916/workspace/XPUPIM_0226_gpupim_parameter/TriForm/algorithms/aim_simulator/PIM_AiM.json
[pim-debug] ramulator_config=/lustre/home/2501111916/workspace/XPUPIM_0226_gpupim_parameter/TriForm/algorithms/aim_simulator/example.yaml
[pim-debug] cost_model config.PIM_FREQ_GHZ=1.0
[pim-debug] op plan (logical shapes inferred from schedule cfg):
  - op#00  op=K        shard=1   x=[1x4096] + w=[2048x4096]  ->  y=[1x2048]  (T=1, K=346)
  - op#01  op=QK       shard=1   q=[16x1x128] + k=[16x128x346]  ->  y=[16x1x346]  (T=1, K=346)
  - op#02  op=Softmax  shard=1   scores=[16x1x346]  ->  y=[16x1x346]  (T=1, K=346)
  - op#03  op=SV       shard=1   p=[16x1x346] + v=[16x346x128]  ->  y=[16x1x128]  (T=1, K=346)
  - op#04  op=FFN_W3   shard=1   x=[1x4096] + w=[5504x4096]  ->  y=[1x5504]  (T=1, K=346)
  - op#05  op=SwiGLU   shard=1   a=[1x5504] + b=[1x5504]  ->  y=[1x5504]  (T=1, K=346)
[pim-debug] NOTE: CENT(AiM) trace backend internally uses x shape (1,1,dim) and handles prefill by repeating ops;
           the table below shows the *effective parameters* passed into cost_model_pim_backend for each op.
[pim-debug] op#00 op=K        norm=k_proj     sh=1  dim=4096  heads=16  hd=128 q_dim=2048  kv_heads=16  kv_dim=2048  o_dim=2048  ffn_dim=5504   seqlen=346    qlen=1   cache=N lat=    0.004ms cycles≈4428
[pim-debug] op#01 op=QK       norm=score      sh=1  dim=4096  heads=16  hd=128 q_dim=2048  kv_heads=16  kv_dim=2048  o_dim=2048  ffn_dim=5504   seqlen=346    qlen=1   cache=N lat=    0.002ms cycles≈1808
[pim-debug] op#02 op=Softmax  norm=softmax    sh=1  dim=4096  heads=16  hd=128 q_dim=2048  kv_heads=16  kv_dim=2048  o_dim=2048  ffn_dim=5504   seqlen=346    qlen=1   cache=N lat=    0.001ms cycles≈1223
[pim-debug] op#03 op=SV       norm=output     sh=1  dim=4096  heads=16  hd=128 q_dim=2048  kv_heads=16  kv_dim=2048  o_dim=2048  ffn_dim=5504   seqlen=346    qlen=1   cache=N lat=    0.002ms cycles≈1660
[pim-debug] op#04 op=FFN_W3   norm=ffn_up     sh=1  dim=4096  heads=16  hd=128 q_dim=2048  kv_heads=16  kv_dim=2048  o_dim=2048  ffn_dim=5504   seqlen=346    qlen=1   cache=N lat=    0.011ms cycles≈10896
[pim-debug] op#05 op=SwiGLU   norm=silu       sh=1  dim=4096  heads=16  hd=128 q_dim=2048  kv_heads=16  kv_dim=2048  o_dim=2048  ffn_dim=5504   seqlen=346    qlen=1   cache=N lat=    0.001ms cycles≈503
[pim-debug] segment total latency: 0.021 ms
========================================================================================
[pim-debug] segment_key=pim|decode|8|35d79f03dcd64299ca4d4894bbb8c7b2
[pim-debug] sig: device_type=pim phase=decode step=8 (count_hint=32)
[pim-debug] ops_repr: LN:-1,K:0,QK:0,Softmax:0,SV:0,Add:-1,LN:-1,FFN_W1:1,SwiGLU:0,Add:-1
[pim-debug] cfg: shard_policy='fine' shards=2 dim=4096 ffn_dim=11008 n_heads=32 n_kv_heads=auto->n_heads
[pim-debug] pim_config=/lustre/home/2501111916/workspace/XPUPIM_0226_gpupim_parameter/TriForm/algorithms/aim_simulator/PIM_AiM.json
[pim-debug] ramulator_config=/lustre/home/2501111916/workspace/XPUPIM_0226_gpupim_parameter/TriForm/algorithms/aim_simulator/example.yaml
[pim-debug] cost_model config.PIM_FREQ_GHZ=1.0
[pim-debug] op plan (logical shapes inferred from schedule cfg):
  - op#00  op=LN       shard=-1  x=[1x4096] + w=[4096]  ->  y=[1x4096]  (T=1, K=346)
  - op#01  op=K        shard=0   x=[1x4096] + w=[2048x4096]  ->  y=[1x2048]  (T=1, K=346)
  - op#02  op=QK       shard=0   q=[16x1x128] + k=[16x128x346]  ->  y=[16x1x346]  (T=1, K=346)
  - op#03  op=Softmax  shard=0   scores=[16x1x346]  ->  y=[16x1x346]  (T=1, K=346)
  - op#04  op=SV       shard=0   p=[16x1x346] + v=[16x346x128]  ->  y=[16x1x128]  (T=1, K=346)
  - op#05  op=Add      shard=-1  a=[1x4096] + b=[1x4096]  ->  y=[1x4096]  (T=1, K=346)
  - op#06  op=LN       shard=-1  x=[1x4096] + w=[4096]  ->  y=[1x4096]  (T=1, K=346)
  - op#07  op=FFN_W1   shard=1   x=[1x4096] + w=[5504x4096]  ->  y=[1x5504]  (T=1, K=346)
  - op#08  op=SwiGLU   shard=0   a=[1x5504] + b=[1x5504]  ->  y=[1x5504]  (T=1, K=346)
  - op#09  op=Add      shard=-1  a=[1x4096] + b=[1x4096]  ->  y=[1x4096]  (T=1, K=346)
[pim-debug] NOTE: CENT(AiM) trace backend internally uses x shape (1,1,dim) and handles prefill by repeating ops;
           the table below shows the *effective parameters* passed into cost_model_pim_backend for each op.
[pim-debug] op#00 op=LN       norm=rmsnorm    sh=-1 dim=4096  heads=32  hd=128 q_dim=4096  kv_heads=32  kv_dim=4096  o_dim=4096  ffn_dim=11008  seqlen=346    qlen=1   cache=N lat=    0.001ms cycles≈1314
[pim-debug] op#01 op=K        norm=k_proj     sh=0  dim=4096  heads=16  hd=128 q_dim=2048  kv_heads=16  kv_dim=2048  o_dim=2048  ffn_dim=5504   seqlen=346    qlen=1   cache=N lat=    0.004ms cycles≈4428
[pim-debug] op#02 op=QK       norm=score      sh=0  dim=4096  heads=16  hd=128 q_dim=2048  kv_heads=16  kv_dim=2048  o_dim=2048  ffn_dim=5504   seqlen=346    qlen=1   cache=N lat=    0.002ms cycles≈1808
[pim-debug] op#03 op=Softmax  norm=softmax    sh=0  dim=4096  heads=16  hd=128 q_dim=2048  kv_heads=16  kv_dim=2048  o_dim=2048  ffn_dim=5504   seqlen=346    qlen=1   cache=N lat=    0.001ms cycles≈1223
[pim-debug] op#04 op=SV       norm=output     sh=0  dim=4096  heads=16  hd=128 q_dim=2048  kv_heads=16  kv_dim=2048  o_dim=2048  ffn_dim=5504   seqlen=346    qlen=1   cache=N lat=    0.002ms cycles≈1660
[pim-debug] op#05 op=Add      norm=residual   sh=-1 dim=4096  heads=32  hd=128 q_dim=4096  kv_heads=32  kv_dim=4096  o_dim=4096  ffn_dim=11008  seqlen=346    qlen=1   cache=N lat=    0.000ms cycles≈3
[pim-debug] op#06 op=LN       norm=rmsnorm    sh=-1 dim=4096  heads=32  hd=128 q_dim=4096  kv_heads=32  kv_dim=4096  o_dim=4096  ffn_dim=11008  seqlen=346    qlen=1   cache=N lat=    0.001ms cycles≈1314
[pim-debug] op#07 op=FFN_W1   norm=ffn_gate   sh=1  dim=4096  heads=16  hd=128 q_dim=2048  kv_heads=16  kv_dim=2048  o_dim=2048  ffn_dim=5504   seqlen=346    qlen=1   cache=N lat=    0.012ms cycles≈11708
[pim-debug] op#08 op=SwiGLU   norm=silu       sh=0  dim=4096  heads=16  hd=128 q_dim=2048  kv_heads=16  kv_dim=2048  o_dim=2048  ffn_dim=5504   seqlen=346    qlen=1   cache=N lat=    0.001ms cycles≈503
[pim-debug] op#09 op=Add      norm=residual   sh=-1 dim=4096  heads=32  hd=128 q_dim=4096  kv_heads=32  kv_dim=4096  o_dim=4096  ffn_dim=11008  seqlen=346    qlen=1   cache=N lat=    0.000ms cycles≈3
[pim-debug] segment total latency: 0.024 ms
========================================================================================
[pim-debug] segment_key=pim|decode|9|10e3f8114dd0abad622f7e77922ce943
[pim-debug] sig: device_type=pim phase=decode step=9 (count_hint=32)
[pim-debug] ops_repr: K:1,QK:1,Softmax:1,SV:1,FFN_W3:1,SwiGLU:1
[pim-debug] cfg: shard_policy='fine' shards=2 dim=4096 ffn_dim=11008 n_heads=32 n_kv_heads=auto->n_heads
[pim-debug] pim_config=/lustre/home/2501111916/workspace/XPUPIM_0226_gpupim_parameter/TriForm/algorithms/aim_simulator/PIM_AiM.json
[pim-debug] ramulator_config=/lustre/home/2501111916/workspace/XPUPIM_0226_gpupim_parameter/TriForm/algorithms/aim_simulator/example.yaml
[pim-debug] cost_model config.PIM_FREQ_GHZ=1.0
[pim-debug] op plan (logical shapes inferred from schedule cfg):
  - op#00  op=K        shard=1   x=[1x4096] + w=[2048x4096]  ->  y=[1x2048]  (T=1, K=358)
  - op#01  op=QK       shard=1   q=[16x1x128] + k=[16x128x358]  ->  y=[16x1x358]  (T=1, K=358)
  - op#02  op=Softmax  shard=1   scores=[16x1x358]  ->  y=[16x1x358]  (T=1, K=358)
  - op#03  op=SV       shard=1   p=[16x1x358] + v=[16x358x128]  ->  y=[16x1x128]  (T=1, K=358)
  - op#04  op=FFN_W3   shard=1   x=[1x4096] + w=[5504x4096]  ->  y=[1x5504]  (T=1, K=358)
  - op#05  op=SwiGLU   shard=1   a=[1x5504] + b=[1x5504]  ->  y=[1x5504]  (T=1, K=358)
[pim-debug] NOTE: CENT(AiM) trace backend internally uses x shape (1,1,dim) and handles prefill by repeating ops;
           the table below shows the *effective parameters* passed into cost_model_pim_backend for each op.
[pim-debug] op#00 op=K        norm=k_proj     sh=1  dim=4096  heads=16  hd=128 q_dim=2048  kv_heads=16  kv_dim=2048  o_dim=2048  ffn_dim=5504   seqlen=358    qlen=1   cache=N lat=    0.004ms cycles≈4428
[pim-debug] op#01 op=QK       norm=score      sh=1  dim=4096  heads=16  hd=128 q_dim=2048  kv_heads=16  kv_dim=2048  o_dim=2048  ffn_dim=5504   seqlen=358    qlen=1   cache=N lat=    0.002ms cycles≈1808
[pim-debug] op#02 op=Softmax  norm=softmax    sh=1  dim=4096  heads=16  hd=128 q_dim=2048  kv_heads=16  kv_dim=2048  o_dim=2048  ffn_dim=5504   seqlen=358    qlen=1   cache=N lat=    0.001ms cycles≈1275
[pim-debug] op#03 op=SV       norm=output     sh=1  dim=4096  heads=16  hd=128 q_dim=2048  kv_heads=16  kv_dim=2048  o_dim=2048  ffn_dim=5504   seqlen=358    qlen=1   cache=N lat=    0.002ms cycles≈1678
[pim-debug] op#04 op=FFN_W3   norm=ffn_up     sh=1  dim=4096  heads=16  hd=128 q_dim=2048  kv_heads=16  kv_dim=2048  o_dim=2048  ffn_dim=5504   seqlen=358    qlen=1   cache=N lat=    0.011ms cycles≈10896
[pim-debug] op#05 op=SwiGLU   norm=silu       sh=1  dim=4096  heads=16  hd=128 q_dim=2048  kv_heads=16  kv_dim=2048  o_dim=2048  ffn_dim=5504   seqlen=358    qlen=1   cache=N lat=    0.001ms cycles≈503
[pim-debug] segment total latency: 0.021 ms
========================================================================================
[pim-debug] segment_key=pim|decode|9|35d79f03dcd64299ca4d4894bbb8c7b2
[pim-debug] sig: device_type=pim phase=decode step=9 (count_hint=32)
[pim-debug] ops_repr: LN:-1,K:0,QK:0,Softmax:0,SV:0,Add:-1,LN:-1,FFN_W1:1,SwiGLU:0,Add:-1
[pim-debug] cfg: shard_policy='fine' shards=2 dim=4096 ffn_dim=11008 n_heads=32 n_kv_heads=auto->n_heads
[pim-debug] pim_config=/lustre/home/2501111916/workspace/XPUPIM_0226_gpupim_parameter/TriForm/algorithms/aim_simulator/PIM_AiM.json
[pim-debug] ramulator_config=/lustre/home/2501111916/workspace/XPUPIM_0226_gpupim_parameter/TriForm/algorithms/aim_simulator/example.yaml
[pim-debug] cost_model config.PIM_FREQ_GHZ=1.0
[pim-debug] op plan (logical shapes inferred from schedule cfg):
  - op#00  op=LN       shard=-1  x=[1x4096] + w=[4096]  ->  y=[1x4096]  (T=1, K=358)
  - op#01  op=K        shard=0   x=[1x4096] + w=[2048x4096]  ->  y=[1x2048]  (T=1, K=358)
  - op#02  op=QK       shard=0   q=[16x1x128] + k=[16x128x358]  ->  y=[16x1x358]  (T=1, K=358)
  - op#03  op=Softmax  shard=0   scores=[16x1x358]  ->  y=[16x1x358]  (T=1, K=358)
  - op#04  op=SV       shard=0   p=[16x1x358] + v=[16x358x128]  ->  y=[16x1x128]  (T=1, K=358)
  - op#05  op=Add      shard=-1  a=[1x4096] + b=[1x4096]  ->  y=[1x4096]  (T=1, K=358)
  - op#06  op=LN       shard=-1  x=[1x4096] + w=[4096]  ->  y=[1x4096]  (T=1, K=358)
  - op#07  op=FFN_W1   shard=1   x=[1x4096] + w=[5504x4096]  ->  y=[1x5504]  (T=1, K=358)
  - op#08  op=SwiGLU   shard=0   a=[1x5504] + b=[1x5504]  ->  y=[1x5504]  (T=1, K=358)
  - op#09  op=Add      shard=-1  a=[1x4096] + b=[1x4096]  ->  y=[1x4096]  (T=1, K=358)
[pim-debug] NOTE: CENT(AiM) trace backend internally uses x shape (1,1,dim) and handles prefill by repeating ops;
           the table below shows the *effective parameters* passed into cost_model_pim_backend for each op.
[pim-debug] op#00 op=LN       norm=rmsnorm    sh=-1 dim=4096  heads=32  hd=128 q_dim=4096  kv_heads=32  kv_dim=4096  o_dim=4096  ffn_dim=11008  seqlen=358    qlen=1   cache=N lat=    0.001ms cycles≈1314
[pim-debug] op#01 op=K        norm=k_proj     sh=0  dim=4096  heads=16  hd=128 q_dim=2048  kv_heads=16  kv_dim=2048  o_dim=2048  ffn_dim=5504   seqlen=358    qlen=1   cache=N lat=    0.004ms cycles≈4428
[pim-debug] op#02 op=QK       norm=score      sh=0  dim=4096  heads=16  hd=128 q_dim=2048  kv_heads=16  kv_dim=2048  o_dim=2048  ffn_dim=5504   seqlen=358    qlen=1   cache=N lat=    0.002ms cycles≈1808
[pim-debug] op#03 op=Softmax  norm=softmax    sh=0  dim=4096  heads=16  hd=128 q_dim=2048  kv_heads=16  kv_dim=2048  o_dim=2048  ffn_dim=5504   seqlen=358    qlen=1   cache=N lat=    0.001ms cycles≈1275
[pim-debug] op#04 op=SV       norm=output     sh=0  dim=4096  heads=16  hd=128 q_dim=2048  kv_heads=16  kv_dim=2048  o_dim=2048  ffn_dim=5504   seqlen=358    qlen=1   cache=N lat=    0.002ms cycles≈1678
[pim-debug] op#05 op=Add      norm=residual   sh=-1 dim=4096  heads=32  hd=128 q_dim=4096  kv_heads=32  kv_dim=4096  o_dim=4096  ffn_dim=11008  seqlen=358    qlen=1   cache=N lat=    0.000ms cycles≈3
[pim-debug] op#06 op=LN       norm=rmsnorm    sh=-1 dim=4096  heads=32  hd=128 q_dim=4096  kv_heads=32  kv_dim=4096  o_dim=4096  ffn_dim=11008  seqlen=358    qlen=1   cache=N lat=    0.001ms cycles≈1314
[pim-debug] op#07 op=FFN_W1   norm=ffn_gate   sh=1  dim=4096  heads=16  hd=128 q_dim=2048  kv_heads=16  kv_dim=2048  o_dim=2048  ffn_dim=5504   seqlen=358    qlen=1   cache=N lat=    0.012ms cycles≈11708
[pim-debug] op#08 op=SwiGLU   norm=silu       sh=0  dim=4096  heads=16  hd=128 q_dim=2048  kv_heads=16  kv_dim=2048  o_dim=2048  ffn_dim=5504   seqlen=358    qlen=1   cache=N lat=    0.001ms cycles≈503
[pim-debug] op#09 op=Add      norm=residual   sh=-1 dim=4096  heads=32  hd=128 q_dim=4096  kv_heads=32  kv_dim=4096  o_dim=4096  ffn_dim=11008  seqlen=358    qlen=1   cache=N lat=    0.000ms cycles≈3
[pim-debug] segment total latency: 0.024 ms
========================================================================================
[pim-debug] segment_key=pim|prefill|-1|d4e43345494fa76058f5903caa0de6ef
[pim-debug] sig: device_type=pim phase=prefill step=-1 (count_hint=32)
[pim-debug] ops_repr: K:0,QK:0,Softmax:0,FFN_W1:1,SwiGLU:1
[pim-debug] cfg: shard_policy='fine' shards=2 dim=4096 ffn_dim=11008 n_heads=32 n_kv_heads=auto->n_heads
[pim-debug] pim_config=/lustre/home/2501111916/workspace/XPUPIM_0226_gpupim_parameter/TriForm/algorithms/aim_simulator/PIM_AiM.json
[pim-debug] ramulator_config=/lustre/home/2501111916/workspace/XPUPIM_0226_gpupim_parameter/TriForm/algorithms/aim_simulator/example.yaml
[pim-debug] cost_model config.PIM_FREQ_GHZ=1.0
[pim-debug] op plan (logical shapes inferred from schedule cfg):
  - op#00  op=K        shard=0   x=[262x4096] + w=[2048x4096]  ->  y=[262x2048]  (T=262, K=262)
  - op#01  op=QK       shard=0   q=[16x262x128] + k=[16x128x262]  ->  y=[16x262x262]  (T=262, K=262)
  - op#02  op=Softmax  shard=0   scores=[16x262x262]  ->  y=[16x262x262]  (T=262, K=262)
  - op#03  op=FFN_W1   shard=1   x=[262x4096] + w=[5504x4096]  ->  y=[262x5504]  (T=262, K=262)
  - op#04  op=SwiGLU   shard=1   a=[262x5504] + b=[262x5504]  ->  y=[262x5504]  (T=262, K=262)
[pim-debug] NOTE: CENT(AiM) trace backend internally uses x shape (1,1,dim) and handles prefill by repeating ops;
           the table below shows the *effective parameters* passed into cost_model_pim_backend for each op.
[pim-debug] op#00 op=K        norm=k_proj     sh=0  dim=4096  heads=16  hd=128 q_dim=2048  kv_heads=16  kv_dim=2048  o_dim=2048  ffn_dim=5504   seqlen=262    qlen=262 cache=N lat=    1.160ms cycles≈1160136
[pim-debug] op#01 op=QK       norm=score      sh=0  dim=4096  heads=16  hd=128 q_dim=2048  kv_heads=16  kv_dim=2048  o_dim=2048  ffn_dim=5504   seqlen=262    qlen=262 cache=N lat=    0.474ms cycles≈473696
[pim-debug] op#02 op=Softmax  norm=softmax    sh=0  dim=4096  heads=16  hd=128 q_dim=2048  kv_heads=16  kv_dim=2048  o_dim=2048  ffn_dim=5504   seqlen=262    qlen=262 cache=N lat=    0.120ms cycles≈119962
[pim-debug] op#03 op=FFN_W1   norm=ffn_gate   sh=1  dim=4096  heads=16  hd=128 q_dim=2048  kv_heads=16  kv_dim=2048  o_dim=2048  ffn_dim=5504   seqlen=262    qlen=262 cache=N lat=    3.067ms cycles≈3067496
[pim-debug] op#04 op=SwiGLU   norm=silu       sh=1  dim=4096  heads=16  hd=128 q_dim=2048  kv_heads=16  kv_dim=2048  o_dim=2048  ffn_dim=5504   seqlen=262    qlen=262 cache=N lat=    0.116ms cycles≈115865
[pim-debug] segment total latency: 4.937 ms
========================================================================================
[pim-debug] segment_key=pim|prefill|-1|f6e3fe26448aec4e7e8e8dfff114bc4c
[pim-debug] sig: device_type=pim phase=prefill step=-1 (count_hint=32)
[pim-debug] ops_repr: K:1,QK:1,Softmax:1,FFN_W3:1
[pim-debug] cfg: shard_policy='fine' shards=2 dim=4096 ffn_dim=11008 n_heads=32 n_kv_heads=auto->n_heads
[pim-debug] pim_config=/lustre/home/2501111916/workspace/XPUPIM_0226_gpupim_parameter/TriForm/algorithms/aim_simulator/PIM_AiM.json
[pim-debug] ramulator_config=/lustre/home/2501111916/workspace/XPUPIM_0226_gpupim_parameter/TriForm/algorithms/aim_simulator/example.yaml
[pim-debug] cost_model config.PIM_FREQ_GHZ=1.0
[pim-debug] op plan (logical shapes inferred from schedule cfg):
  - op#00  op=K        shard=1   x=[262x4096] + w=[2048x4096]  ->  y=[262x2048]  (T=262, K=262)
  - op#01  op=QK       shard=1   q=[16x262x128] + k=[16x128x262]  ->  y=[16x262x262]  (T=262, K=262)
  - op#02  op=Softmax  shard=1   scores=[16x262x262]  ->  y=[16x262x262]  (T=262, K=262)
  - op#03  op=FFN_W3   shard=1   x=[262x4096] + w=[5504x4096]  ->  y=[262x5504]  (T=262, K=262)
[pim-debug] NOTE: CENT(AiM) trace backend internally uses x shape (1,1,dim) and handles prefill by repeating ops;
           the table below shows the *effective parameters* passed into cost_model_pim_backend for each op.
[pim-debug] op#00 op=K        norm=k_proj     sh=1  dim=4096  heads=16  hd=128 q_dim=2048  kv_heads=16  kv_dim=2048  o_dim=2048  ffn_dim=5504   seqlen=262    qlen=262 cache=N lat=    1.160ms cycles≈1160136
[pim-debug] op#01 op=QK       norm=score      sh=1  dim=4096  heads=16  hd=128 q_dim=2048  kv_heads=16  kv_dim=2048  o_dim=2048  ffn_dim=5504   seqlen=262    qlen=262 cache=N lat=    0.474ms cycles≈473696
[pim-debug] op#02 op=Softmax  norm=softmax    sh=1  dim=4096  heads=16  hd=128 q_dim=2048  kv_heads=16  kv_dim=2048  o_dim=2048  ffn_dim=5504   seqlen=262    qlen=262 cache=N lat=    0.120ms cycles≈119962
[pim-debug] op#03 op=FFN_W3   norm=ffn_up     sh=1  dim=4096  heads=16  hd=128 q_dim=2048  kv_heads=16  kv_dim=2048  o_dim=2048  ffn_dim=5504   seqlen=262    qlen=262 cache=N lat=    2.855ms cycles≈2854752
[pim-debug] segment total latency: 4.609 ms
  progress 26/26
[run-pim] wrote /lustre/home/2501111916/workspace/XPUPIM_0226_gpupim_parameter/TriForm/verify/hw_hardware_1gpu_2aim/st12/llama_7b_bf16_b1_s12/heft_262x128.pim_results.json
[slurm] wrote OK_FILE=/lustre/home/2501111916/workspace/XPUPIM_0226_gpupim_parameter/TriForm/verify/hw_hardware_1gpu_2aim/st12/llama_7b_bf16_b1_s12/heft_262x128.pim.ok
[slurm] done at Fri Feb 27 10:42:21 CST 2026
