[slurm] jobid=9329304 nodelist=l12gpu01
[slurm] CUDA_VISIBLE_DEVICES=0
Sat Feb  7 22:55:32 2026       
+-----------------------------------------------------------------------------------------+
| NVIDIA-SMI 560.35.03              Driver Version: 560.35.03      CUDA Version: 12.6     |
|-----------------------------------------+------------------------+----------------------+
| GPU  Name                 Persistence-M | Bus-Id          Disp.A | Volatile Uncorr. ECC |
| Fan  Temp   Perf          Pwr:Usage/Cap |           Memory-Usage | GPU-Util  Compute M. |
|                                         |                        |               MIG M. |
|=========================================+========================+======================|
|   0  NVIDIA A100-PCIE-40GB          On  |   00000000:31:00.0 Off |                    0 |
| N/A   26C    P0             33W /  250W |       1MiB /  40960MiB |      0%      Default |
|                                         |                        |             Disabled |
+-----------------------------------------+------------------------+----------------------+
                                                                                         
+-----------------------------------------------------------------------------------------+
| Processes:                                                                              |
|  GPU   GI   CI        PID   Type   Process name                              GPU Memory |
|        ID   ID                                                               Usage      |
|=========================================================================================|
|  No running processes found                                                             |
+-----------------------------------------------------------------------------------------+
torch: 2.9.1+cu128
cuda available: True
device: NVIDIA A100-PCIE-40GB
python: can't open file '/lustre/home/2501111916/workspace/XPUPIM/TriForm/schedule_deploy_verify.py': [Errno 2] No such file or directory
