[run-gpu] tasks=6 warmup=3 iters=10 device=cuda dtype=bf16 batch=1 segment_scope=layer
[run-gpu] extra weight_load_s=0.400513s (will be added in merge)
[run-gpu] GPU[0] NVIDIA A100-PCIE-40GB; SM=108, CC=8.0
[run-gpu] nvidia-smi -L: GPU 0: NVIDIA A100-PCIE-40GB (UUID: GPU-4cd2dd8b-d779-5b24-29b5-80b860f437dd)
[run-gpu] nvidia-smi query: NVIDIA A100-PCIE-40GB, GPU-4cd2dd8b-d779-5b24-29b5-80b860f437dd, 560.35.03, 40960
[run-gpu][debug] torch_default_dtype=torch.float32
[run-gpu][debug] torch.backends.cuda.matmul.allow_tf32=False
[run-gpu][debug] cudnn.enabled=True benchmark=False deterministic=False allow_tf32=True
[run-gpu][debug] nvidia-smi snapshot: 0, 0, 0, 4, 40960, 32, 33.69, 250.00
========================================================================================
[gpu-debug] segment_key=npu|decode|0|bc114cc82b65d4012085b8618c0cb99e
[gpu-debug] sig: device_type=npu phase=decode step=0 (count_hint=16)
[gpu-debug] ops_repr: Q:0,Q:1,K:0,K:1,Softmax:0,Softmax:1,V:0,V:1,O:0,O:1,FFN_W3:0,FFN_W3:1,FFN_W1:0,FFN_W1:1,FFN_W2:0,FFN_W2:1
[gpu-debug] cfg: device=cuda dtype=torch.bfloat16 batch=1 dim=4096 ffn_dim=11008 n_heads=32 shards=2
[gpu-debug] op plan (with inferred tensor shapes):
  - op#00  op=Q        shard=0   x=[1x1x4096] + w=[2048x4096]  ->  y=[1x1x2048]  (T=1, K=1025)
  - op#01  op=Q        shard=1   x=[1x1x4096] + w=[2048x4096]  ->  y=[1x1x2048]  (T=1, K=1025)
  - op#02  op=K        shard=0   x=[1x1x4096] + w=[2048x4096]  ->  y=[1x1x2048]  (T=1, K=1025)
  - op#03  op=K        shard=1   x=[1x1x4096] + w=[2048x4096]  ->  y=[1x1x2048]  (T=1, K=1025)
  - op#04  op=Softmax  shard=0   scores=[1x16x1x1025]  ->  y=[1x16x1x1025]  (T=1, K=1025)
  - op#05  op=Softmax  shard=1   scores=[1x16x1x1025]  ->  y=[1x16x1x1025]  (T=1, K=1025)
  - op#06  op=V        shard=0   x=[1x1x4096] + w=[2048x4096]  ->  y=[1x1x2048]  (T=1, K=1025)
  - op#07  op=V        shard=1   x=[1x1x4096] + w=[2048x4096]  ->  y=[1x1x2048]  (T=1, K=1025)
  - op#08  op=O        shard=0   x=[1x1x2048] + w=[4096x2048]  ->  y=[1x1x4096]  (T=1, K=1025)
  - op#09  op=O        shard=1   x=[1x1x2048] + w=[4096x2048]  ->  y=[1x1x4096]  (T=1, K=1025)
  - op#10  op=FFN_W3   shard=0   x=[1x1x4096] + w=[5504x4096]  ->  y=[1x1x5504]  (T=1, K=1025)
  - op#11  op=FFN_W3   shard=1   x=[1x1x4096] + w=[5504x4096]  ->  y=[1x1x5504]  (T=1, K=1025)
  - op#12  op=FFN_W1   shard=0   x=[1x1x4096] + w=[5504x4096]  ->  y=[1x1x5504]  (T=1, K=1025)
  - op#13  op=FFN_W1   shard=1   x=[1x1x4096] + w=[5504x4096]  ->  y=[1x1x5504]  (T=1, K=1025)
  - op#14  op=FFN_W2   shard=0   x=[1x1x5504] + w=[4096x5504]  ->  y=[1x1x4096]  (T=1, K=1025)
  - op#15  op=FFN_W2   shard=1   x=[1x1x5504] + w=[4096x5504]  ->  y=[1x1x4096]  (T=1, K=1025)
[gpu-debug] per-op timing breakdown (avg over iters):
  idx  op       sh  io                                                    time   est_flops    TFLOPs       bytes      GB/s
  ------------------------------------------------------------------------------------------------------------------------
    0  Q         0  x[1x1x4096]+w[2048x4096]->y[1x1x2048]               0.042ms    16.777 M      0.40   16.01 MiB    397.00
    1  Q         1  x[1x1x4096]+w[2048x4096]->y[1x1x2048]               0.030ms    16.777 M      0.55   16.01 MiB    552.05
    2  K         0  x[1x1x4096]+w[2048x4096]->y[1x1x2048]               0.029ms    16.777 M      0.57   16.01 MiB    575.30
    3  K         1  x[1x1x4096]+w[2048x4096]->y[1x1x2048]               0.030ms    16.777 M      0.56   16.01 MiB    563.44
    4  Softmax   0  scores[1x16x1x1025]->y[1x16x1x1025]                 0.019ms    82.000 K      0.00   64.06 KiB      3.52
    5  Softmax   1  scores[1x16x1x1025]->y[1x16x1x1025]                 0.016ms    82.000 K      0.01   64.06 KiB      4.03
    6  V         0  x[1x1x4096]+w[2048x4096]->y[1x1x2048]               0.030ms    16.777 M      0.55   16.01 MiB    553.92
    7  V         1  x[1x1x4096]+w[2048x4096]->y[1x1x2048]               0.030ms    16.777 M      0.55   16.01 MiB    553.92
    8  O         0  x[1x1x2048]+w[4096x2048]->y[1x1x4096]               0.025ms    16.777 M      0.68   16.01 MiB    680.33
    9  O         1  x[1x1x2048]+w[4096x2048]->y[1x1x4096]               0.027ms    16.777 M      0.63   16.01 MiB    625.80
   10  FFN_W3    0  x[1x1x4096]+w[5504x4096]->y[1x1x5504]               0.045ms    45.089 M      1.01   43.02 MiB   1005.72
   11  FFN_W3    1  x[1x1x4096]+w[5504x4096]->y[1x1x5504]               0.044ms    45.089 M      1.01   43.02 MiB   1014.99
   12  FFN_W1    0  x[1x1x4096]+w[5504x4096]->y[1x1x5504]               0.045ms    45.089 M      0.99   43.02 MiB    994.37
   13  FFN_W1    1  x[1x1x4096]+w[5504x4096]->y[1x1x5504]               0.044ms    45.089 M      1.02   43.02 MiB   1017.34
   14  FFN_W2    0  x[1x1x5504]+w[4096x5504]->y[1x1x4096]               0.047ms    45.089 M      0.96   43.02 MiB    959.71
   15  FFN_W2    1  x[1x1x5504]+w[4096x5504]->y[1x1x4096]               0.046ms    45.089 M      0.99   43.02 MiB    989.90
[gpu-debug] segment avg latency (cuda_events): 0.481 ms
[gpu-debug] sum(per-op)               : 0.550 ms (ratio=1.145)
[gpu-debug] NOTE: sum(per-op) may differ from segment latency due to Python overhead, event/launch overhead, and allocator/cache effects.
[gpu-debug] cuda mem before warmup: alloc=0 B reserved=0 B
[gpu-debug] cuda mem after warmup : alloc=400.18 MiB reserved=414.00 MiB
[gpu-debug] cuda mem peak (this segment): max_alloc=400.21 MiB max_reserved=414.00 MiB
========================================================================================
[gpu-debug] segment_key=npu|decode|0|eed8fca3b634d6ff1ac27b6e24ff327e
[gpu-debug] sig: device_type=npu phase=decode step=0 (count_hint=16)
[gpu-debug] ops_repr: Q:0,Q:1,K:0,K:1,Softmax:0,V:0,Softmax:1,V:1,O:0,O:1,FFN_W3:0,FFN_W3:1,FFN_W1:0,FFN_W1:1,FFN_W2:0,FFN_W2:1
[gpu-debug] cfg: device=cuda dtype=torch.bfloat16 batch=1 dim=4096 ffn_dim=11008 n_heads=32 shards=2
[gpu-debug] op plan (with inferred tensor shapes):
  - op#00  op=Q        shard=0   x=[1x1x4096] + w=[2048x4096]  ->  y=[1x1x2048]  (T=1, K=1025)
  - op#01  op=Q        shard=1   x=[1x1x4096] + w=[2048x4096]  ->  y=[1x1x2048]  (T=1, K=1025)
  - op#02  op=K        shard=0   x=[1x1x4096] + w=[2048x4096]  ->  y=[1x1x2048]  (T=1, K=1025)
  - op#03  op=K        shard=1   x=[1x1x4096] + w=[2048x4096]  ->  y=[1x1x2048]  (T=1, K=1025)
  - op#04  op=Softmax  shard=0   scores=[1x16x1x1025]  ->  y=[1x16x1x1025]  (T=1, K=1025)
  - op#05  op=V        shard=0   x=[1x1x4096] + w=[2048x4096]  ->  y=[1x1x2048]  (T=1, K=1025)
  - op#06  op=Softmax  shard=1   scores=[1x16x1x1025]  ->  y=[1x16x1x1025]  (T=1, K=1025)
  - op#07  op=V        shard=1   x=[1x1x4096] + w=[2048x4096]  ->  y=[1x1x2048]  (T=1, K=1025)
  - op#08  op=O        shard=0   x=[1x1x2048] + w=[4096x2048]  ->  y=[1x1x4096]  (T=1, K=1025)
  - op#09  op=O        shard=1   x=[1x1x2048] + w=[4096x2048]  ->  y=[1x1x4096]  (T=1, K=1025)
  - op#10  op=FFN_W3   shard=0   x=[1x1x4096] + w=[5504x4096]  ->  y=[1x1x5504]  (T=1, K=1025)
  - op#11  op=FFN_W3   shard=1   x=[1x1x4096] + w=[5504x4096]  ->  y=[1x1x5504]  (T=1, K=1025)
  - op#12  op=FFN_W1   shard=0   x=[1x1x4096] + w=[5504x4096]  ->  y=[1x1x5504]  (T=1, K=1025)
  - op#13  op=FFN_W1   shard=1   x=[1x1x4096] + w=[5504x4096]  ->  y=[1x1x5504]  (T=1, K=1025)
  - op#14  op=FFN_W2   shard=0   x=[1x1x5504] + w=[4096x5504]  ->  y=[1x1x4096]  (T=1, K=1025)
  - op#15  op=FFN_W2   shard=1   x=[1x1x5504] + w=[4096x5504]  ->  y=[1x1x4096]  (T=1, K=1025)
[gpu-debug] per-op timing breakdown (avg over iters):
  idx  op       sh  io                                                    time   est_flops    TFLOPs       bytes      GB/s
  ------------------------------------------------------------------------------------------------------------------------
    0  Q         0  x[1x1x4096]+w[2048x4096]->y[1x1x2048]               0.042ms    16.777 M      0.40   16.01 MiB    402.85
    1  Q         1  x[1x1x4096]+w[2048x4096]->y[1x1x2048]               0.030ms    16.777 M      0.56   16.01 MiB    557.69
    2  K         0  x[1x1x4096]+w[2048x4096]->y[1x1x2048]               0.029ms    16.777 M      0.57   16.01 MiB    573.29
    3  K         1  x[1x1x4096]+w[2048x4096]->y[1x1x2048]               0.030ms    16.777 M      0.56   16.01 MiB    565.38
    4  Softmax   0  scores[1x16x1x1025]->y[1x16x1x1025]                 0.019ms    82.000 K      0.00   64.06 KiB      3.54
    5  V         0  x[1x1x4096]+w[2048x4096]->y[1x1x2048]               0.029ms    16.777 M      0.57   16.01 MiB    571.29
    6  Softmax   1  scores[1x16x1x1025]->y[1x16x1x1025]                 0.017ms    82.000 K      0.00   64.06 KiB      3.84
    7  V         1  x[1x1x4096]+w[2048x4096]->y[1x1x2048]               0.030ms    16.777 M      0.55   16.01 MiB    552.05
    8  O         0  x[1x1x2048]+w[4096x2048]->y[1x1x4096]               0.025ms    16.777 M      0.68   16.01 MiB    677.52
    9  O         1  x[1x1x2048]+w[4096x2048]->y[1x1x4096]               0.026ms    16.777 M      0.64   16.01 MiB    637.98
   10  FFN_W3    0  x[1x1x4096]+w[5504x4096]->y[1x1x5504]               0.045ms    45.089 M      0.99   43.02 MiB    994.37
   11  FFN_W3    1  x[1x1x4096]+w[5504x4096]->y[1x1x5504]               0.044ms    45.089 M      1.01   43.02 MiB   1014.99
   12  FFN_W1    0  x[1x1x4096]+w[5504x4096]->y[1x1x5504]               0.046ms    45.089 M      0.99   43.02 MiB    985.48
   13  FFN_W1    1  x[1x1x4096]+w[5504x4096]->y[1x1x5504]               0.044ms    45.089 M      1.02   43.02 MiB   1017.34
   14  FFN_W2    0  x[1x1x5504]+w[4096x5504]->y[1x1x4096]               0.047ms    45.089 M      0.96   43.02 MiB    957.62
   15  FFN_W2    1  x[1x1x5504]+w[4096x5504]->y[1x1x4096]               0.046ms    45.089 M      0.98   43.02 MiB    983.28
[gpu-debug] segment avg latency (cuda_events): 0.477 ms
[gpu-debug] sum(per-op)               : 0.550 ms (ratio=1.154)
[gpu-debug] NOTE: sum(per-op) may differ from segment latency due to Python overhead, event/launch overhead, and allocator/cache effects.
[gpu-debug] cuda mem before warmup: alloc=400.18 MiB reserved=414.00 MiB
[gpu-debug] cuda mem after warmup : alloc=400.18 MiB reserved=414.00 MiB
[gpu-debug] cuda mem peak (this segment): max_alloc=400.21 MiB max_reserved=414.00 MiB
========================================================================================
[gpu-debug] segment_key=npu|decode|1|bc114cc82b65d4012085b8618c0cb99e
[gpu-debug] sig: device_type=npu phase=decode step=1 (count_hint=15)
[gpu-debug] ops_repr: Q:0,Q:1,K:0,K:1,Softmax:0,Softmax:1,V:0,V:1,O:0,O:1,FFN_W3:0,FFN_W3:1,FFN_W1:0,FFN_W1:1,FFN_W2:0,FFN_W2:1
[gpu-debug] cfg: device=cuda dtype=torch.bfloat16 batch=1 dim=4096 ffn_dim=11008 n_heads=32 shards=2
[gpu-debug] op plan (with inferred tensor shapes):
  - op#00  op=Q        shard=0   x=[1x1x4096] + w=[2048x4096]  ->  y=[1x1x2048]  (T=1, K=1026)
  - op#01  op=Q        shard=1   x=[1x1x4096] + w=[2048x4096]  ->  y=[1x1x2048]  (T=1, K=1026)
  - op#02  op=K        shard=0   x=[1x1x4096] + w=[2048x4096]  ->  y=[1x1x2048]  (T=1, K=1026)
  - op#03  op=K        shard=1   x=[1x1x4096] + w=[2048x4096]  ->  y=[1x1x2048]  (T=1, K=1026)
  - op#04  op=Softmax  shard=0   scores=[1x16x1x1026]  ->  y=[1x16x1x1026]  (T=1, K=1026)
  - op#05  op=Softmax  shard=1   scores=[1x16x1x1026]  ->  y=[1x16x1x1026]  (T=1, K=1026)
  - op#06  op=V        shard=0   x=[1x1x4096] + w=[2048x4096]  ->  y=[1x1x2048]  (T=1, K=1026)
  - op#07  op=V        shard=1   x=[1x1x4096] + w=[2048x4096]  ->  y=[1x1x2048]  (T=1, K=1026)
  - op#08  op=O        shard=0   x=[1x1x2048] + w=[4096x2048]  ->  y=[1x1x4096]  (T=1, K=1026)
  - op#09  op=O        shard=1   x=[1x1x2048] + w=[4096x2048]  ->  y=[1x1x4096]  (T=1, K=1026)
  - op#10  op=FFN_W3   shard=0   x=[1x1x4096] + w=[5504x4096]  ->  y=[1x1x5504]  (T=1, K=1026)
  - op#11  op=FFN_W3   shard=1   x=[1x1x4096] + w=[5504x4096]  ->  y=[1x1x5504]  (T=1, K=1026)
  - op#12  op=FFN_W1   shard=0   x=[1x1x4096] + w=[5504x4096]  ->  y=[1x1x5504]  (T=1, K=1026)
  - op#13  op=FFN_W1   shard=1   x=[1x1x4096] + w=[5504x4096]  ->  y=[1x1x5504]  (T=1, K=1026)
  - op#14  op=FFN_W2   shard=0   x=[1x1x5504] + w=[4096x5504]  ->  y=[1x1x4096]  (T=1, K=1026)
  - op#15  op=FFN_W2   shard=1   x=[1x1x5504] + w=[4096x5504]  ->  y=[1x1x4096]  (T=1, K=1026)
[gpu-debug] per-op timing breakdown (avg over iters):
  idx  op       sh  io                                                    time   est_flops    TFLOPs       bytes      GB/s
  ------------------------------------------------------------------------------------------------------------------------
    0  Q         0  x[1x1x4096]+w[2048x4096]->y[1x1x2048]               0.041ms    16.777 M      0.41   16.01 MiB    407.86
    1  Q         1  x[1x1x4096]+w[2048x4096]->y[1x1x2048]               0.030ms    16.777 M      0.56   16.01 MiB    563.44
    2  K         0  x[1x1x4096]+w[2048x4096]->y[1x1x2048]               0.029ms    16.777 M      0.58   16.01 MiB    583.49
    3  K         1  x[1x1x4096]+w[2048x4096]->y[1x1x2048]               0.030ms    16.777 M      0.56   16.01 MiB    565.38
    4  Softmax   0  scores[1x16x1x1026]->y[1x16x1x1026]                 0.018ms    82.080 K      0.00   64.12 KiB      3.56
    5  Softmax   1  scores[1x16x1x1026]->y[1x16x1x1026]                 0.017ms    82.080 K      0.00   64.12 KiB      3.96
    6  V         0  x[1x1x4096]+w[2048x4096]->y[1x1x2048]               0.030ms    16.777 M      0.56   16.01 MiB    559.59
    7  V         1  x[1x1x4096]+w[2048x4096]->y[1x1x2048]               0.030ms    16.777 M      0.56   16.01 MiB    557.69
    8  O         0  x[1x1x2048]+w[4096x2048]->y[1x1x4096]               0.024ms    16.777 M      0.69   16.01 MiB    686.03
    9  O         1  x[1x1x2048]+w[4096x2048]->y[1x1x4096]               0.026ms    16.777 M      0.64   16.01 MiB    642.98
   10  FFN_W3    0  x[1x1x4096]+w[5504x4096]->y[1x1x5504]               0.045ms    45.089 M      1.01   43.02 MiB   1010.34
   11  FFN_W3    1  x[1x1x4096]+w[5504x4096]->y[1x1x5504]               0.044ms    45.089 M      1.02   43.02 MiB   1019.69
   12  FFN_W1    0  x[1x1x4096]+w[5504x4096]->y[1x1x5504]               0.045ms    45.089 M      1.01   43.02 MiB   1005.72
   13  FFN_W1    1  x[1x1x4096]+w[5504x4096]->y[1x1x5504]               0.045ms    45.089 M      1.00   43.02 MiB   1001.15
   14  FFN_W2    0  x[1x1x5504]+w[4096x5504]->y[1x1x4096]               0.046ms    45.089 M      0.98   43.02 MiB    976.74
   15  FFN_W2    1  x[1x1x5504]+w[4096x5504]->y[1x1x4096]               0.046ms    45.089 M      0.97   43.02 MiB    972.42
[gpu-debug] segment avg latency (cuda_events): 0.476 ms
[gpu-debug] sum(per-op)               : 0.547 ms (ratio=1.149)
[gpu-debug] NOTE: sum(per-op) may differ from segment latency due to Python overhead, event/launch overhead, and allocator/cache effects.
[gpu-debug] cuda mem before warmup: alloc=400.18 MiB reserved=414.00 MiB
[gpu-debug] cuda mem after warmup : alloc=400.21 MiB reserved=414.00 MiB
[gpu-debug] cuda mem peak (this segment): max_alloc=400.24 MiB max_reserved=414.00 MiB
========================================================================================
[gpu-debug] segment_key=npu|decode|1|eed8fca3b634d6ff1ac27b6e24ff327e
[gpu-debug] sig: device_type=npu phase=decode step=1 (count_hint=17)
[gpu-debug] ops_repr: Q:0,Q:1,K:0,K:1,Softmax:0,V:0,Softmax:1,V:1,O:0,O:1,FFN_W3:0,FFN_W3:1,FFN_W1:0,FFN_W1:1,FFN_W2:0,FFN_W2:1
[gpu-debug] cfg: device=cuda dtype=torch.bfloat16 batch=1 dim=4096 ffn_dim=11008 n_heads=32 shards=2
[gpu-debug] op plan (with inferred tensor shapes):
  - op#00  op=Q        shard=0   x=[1x1x4096] + w=[2048x4096]  ->  y=[1x1x2048]  (T=1, K=1026)
  - op#01  op=Q        shard=1   x=[1x1x4096] + w=[2048x4096]  ->  y=[1x1x2048]  (T=1, K=1026)
  - op#02  op=K        shard=0   x=[1x1x4096] + w=[2048x4096]  ->  y=[1x1x2048]  (T=1, K=1026)
  - op#03  op=K        shard=1   x=[1x1x4096] + w=[2048x4096]  ->  y=[1x1x2048]  (T=1, K=1026)
  - op#04  op=Softmax  shard=0   scores=[1x16x1x1026]  ->  y=[1x16x1x1026]  (T=1, K=1026)
  - op#05  op=V        shard=0   x=[1x1x4096] + w=[2048x4096]  ->  y=[1x1x2048]  (T=1, K=1026)
  - op#06  op=Softmax  shard=1   scores=[1x16x1x1026]  ->  y=[1x16x1x1026]  (T=1, K=1026)
  - op#07  op=V        shard=1   x=[1x1x4096] + w=[2048x4096]  ->  y=[1x1x2048]  (T=1, K=1026)
  - op#08  op=O        shard=0   x=[1x1x2048] + w=[4096x2048]  ->  y=[1x1x4096]  (T=1, K=1026)
  - op#09  op=O        shard=1   x=[1x1x2048] + w=[4096x2048]  ->  y=[1x1x4096]  (T=1, K=1026)
  - op#10  op=FFN_W3   shard=0   x=[1x1x4096] + w=[5504x4096]  ->  y=[1x1x5504]  (T=1, K=1026)
  - op#11  op=FFN_W3   shard=1   x=[1x1x4096] + w=[5504x4096]  ->  y=[1x1x5504]  (T=1, K=1026)
  - op#12  op=FFN_W1   shard=0   x=[1x1x4096] + w=[5504x4096]  ->  y=[1x1x5504]  (T=1, K=1026)
  - op#13  op=FFN_W1   shard=1   x=[1x1x4096] + w=[5504x4096]  ->  y=[1x1x5504]  (T=1, K=1026)
  - op#14  op=FFN_W2   shard=0   x=[1x1x5504] + w=[4096x5504]  ->  y=[1x1x4096]  (T=1, K=1026)
  - op#15  op=FFN_W2   shard=1   x=[1x1x5504] + w=[4096x5504]  ->  y=[1x1x4096]  (T=1, K=1026)
[gpu-debug] per-op timing breakdown (avg over iters):
  idx  op       sh  io                                                    time   est_flops    TFLOPs       bytes      GB/s
  ------------------------------------------------------------------------------------------------------------------------
    0  Q         0  x[1x1x4096]+w[2048x4096]->y[1x1x2048]               0.041ms    16.777 M      0.40   16.01 MiB    404.84
    1  Q         1  x[1x1x4096]+w[2048x4096]->y[1x1x2048]               0.030ms    16.777 M      0.56   16.01 MiB    561.51
    2  K         0  x[1x1x4096]+w[2048x4096]->y[1x1x2048]               0.029ms    16.777 M      0.57   16.01 MiB    575.30
    3  K         1  x[1x1x4096]+w[2048x4096]->y[1x1x2048]               0.029ms    16.777 M      0.57   16.01 MiB    569.31
    4  Softmax   0  scores[1x16x1x1026]->y[1x16x1x1026]                 0.018ms    82.080 K      0.00   64.12 KiB      3.58
    5  V         0  x[1x1x4096]+w[2048x4096]->y[1x1x2048]               0.030ms    16.777 M      0.56   16.01 MiB    559.59
    6  Softmax   1  scores[1x16x1x1026]->y[1x16x1x1026]                 0.016ms    82.080 K      0.01   64.12 KiB      4.01
    7  V         1  x[1x1x4096]+w[2048x4096]->y[1x1x2048]               0.030ms    16.777 M      0.55   16.01 MiB    552.05
    8  O         0  x[1x1x2048]+w[4096x2048]->y[1x1x4096]               0.025ms    16.777 M      0.68   16.01 MiB    680.33
    9  O         1  x[1x1x2048]+w[4096x2048]->y[1x1x4096]               0.026ms    16.777 M      0.64   16.01 MiB    642.98
   10  FFN_W3    0  x[1x1x4096]+w[5504x4096]->y[1x1x5504]               0.045ms    45.089 M      1.00   43.02 MiB    998.88
   11  FFN_W3    1  x[1x1x4096]+w[5504x4096]->y[1x1x5504]               0.044ms    45.089 M      1.02   43.02 MiB   1024.44
   12  FFN_W1    0  x[1x1x4096]+w[5504x4096]->y[1x1x5504]               0.045ms    45.089 M      1.00   43.02 MiB    998.88
   13  FFN_W1    1  x[1x1x4096]+w[5504x4096]->y[1x1x5504]               0.045ms    45.089 M      1.01   43.02 MiB   1012.66
   14  FFN_W2    0  x[1x1x5504]+w[4096x5504]->y[1x1x4096]               0.046ms    45.089 M      0.97   43.02 MiB    974.57
   15  FFN_W2    1  x[1x1x5504]+w[4096x5504]->y[1x1x4096]               0.046ms    45.089 M      0.98   43.02 MiB    978.91
[gpu-debug] segment avg latency (cuda_events): 0.475 ms
[gpu-debug] sum(per-op)               : 0.547 ms (ratio=1.151)
[gpu-debug] NOTE: sum(per-op) may differ from segment latency due to Python overhead, event/launch overhead, and allocator/cache effects.
[gpu-debug] cuda mem before warmup: alloc=400.21 MiB reserved=414.00 MiB
[gpu-debug] cuda mem after warmup : alloc=400.21 MiB reserved=414.00 MiB
[gpu-debug] cuda mem peak (this segment): max_alloc=400.24 MiB max_reserved=414.00 MiB
========================================================================================
[gpu-debug] segment_key=npu|decode|2|eed8fca3b634d6ff1ac27b6e24ff327e
[gpu-debug] sig: device_type=npu phase=decode step=2 (count_hint=32)
[gpu-debug] ops_repr: Q:0,Q:1,K:0,K:1,Softmax:0,V:0,Softmax:1,V:1,O:0,O:1,FFN_W3:0,FFN_W3:1,FFN_W1:0,FFN_W1:1,FFN_W2:0,FFN_W2:1
[gpu-debug] cfg: device=cuda dtype=torch.bfloat16 batch=1 dim=4096 ffn_dim=11008 n_heads=32 shards=2
[gpu-debug] op plan (with inferred tensor shapes):
  - op#00  op=Q        shard=0   x=[1x1x4096] + w=[2048x4096]  ->  y=[1x1x2048]  (T=1, K=1088)
  - op#01  op=Q        shard=1   x=[1x1x4096] + w=[2048x4096]  ->  y=[1x1x2048]  (T=1, K=1088)
  - op#02  op=K        shard=0   x=[1x1x4096] + w=[2048x4096]  ->  y=[1x1x2048]  (T=1, K=1088)
  - op#03  op=K        shard=1   x=[1x1x4096] + w=[2048x4096]  ->  y=[1x1x2048]  (T=1, K=1088)
  - op#04  op=Softmax  shard=0   scores=[1x16x1x1088]  ->  y=[1x16x1x1088]  (T=1, K=1088)
  - op#05  op=V        shard=0   x=[1x1x4096] + w=[2048x4096]  ->  y=[1x1x2048]  (T=1, K=1088)
  - op#06  op=Softmax  shard=1   scores=[1x16x1x1088]  ->  y=[1x16x1x1088]  (T=1, K=1088)
  - op#07  op=V        shard=1   x=[1x1x4096] + w=[2048x4096]  ->  y=[1x1x2048]  (T=1, K=1088)
  - op#08  op=O        shard=0   x=[1x1x2048] + w=[4096x2048]  ->  y=[1x1x4096]  (T=1, K=1088)
  - op#09  op=O        shard=1   x=[1x1x2048] + w=[4096x2048]  ->  y=[1x1x4096]  (T=1, K=1088)
  - op#10  op=FFN_W3   shard=0   x=[1x1x4096] + w=[5504x4096]  ->  y=[1x1x5504]  (T=1, K=1088)
  - op#11  op=FFN_W3   shard=1   x=[1x1x4096] + w=[5504x4096]  ->  y=[1x1x5504]  (T=1, K=1088)
  - op#12  op=FFN_W1   shard=0   x=[1x1x4096] + w=[5504x4096]  ->  y=[1x1x5504]  (T=1, K=1088)
  - op#13  op=FFN_W1   shard=1   x=[1x1x4096] + w=[5504x4096]  ->  y=[1x1x5504]  (T=1, K=1088)
  - op#14  op=FFN_W2   shard=0   x=[1x1x5504] + w=[4096x5504]  ->  y=[1x1x4096]  (T=1, K=1088)
  - op#15  op=FFN_W2   shard=1   x=[1x1x5504] + w=[4096x5504]  ->  y=[1x1x4096]  (T=1, K=1088)
[gpu-debug] per-op timing breakdown (avg over iters):
  idx  op       sh  io                                                    time   est_flops    TFLOPs       bytes      GB/s
  ------------------------------------------------------------------------------------------------------------------------
    0  Q         0  x[1x1x4096]+w[2048x4096]->y[1x1x2048]               0.044ms    16.777 M      0.39   16.01 MiB    385.79
    1  Q         1  x[1x1x4096]+w[2048x4096]->y[1x1x2048]               0.031ms    16.777 M      0.54   16.01 MiB    542.91
    2  K         0  x[1x1x4096]+w[2048x4096]->y[1x1x2048]               0.029ms    16.777 M      0.57   16.01 MiB    569.31
    3  K         1  x[1x1x4096]+w[2048x4096]->y[1x1x2048]               0.029ms    16.777 M      0.57   16.01 MiB    571.29
    4  Softmax   0  scores[1x16x1x1088]->y[1x16x1x1088]                 0.020ms    87.040 K      0.00   68.00 KiB      3.56
    5  V         0  x[1x1x4096]+w[2048x4096]->y[1x1x2048]               0.030ms    16.777 M      0.56   16.01 MiB    565.38
    6  Softmax   1  scores[1x16x1x1088]->y[1x16x1x1088]                 0.017ms    87.040 K      0.01   68.00 KiB      4.15
    7  V         1  x[1x1x4096]+w[2048x4096]->y[1x1x2048]               0.030ms    16.777 M      0.56   16.01 MiB    559.59
    8  O         0  x[1x1x2048]+w[4096x2048]->y[1x1x4096]               0.025ms    16.777 M      0.67   16.01 MiB    674.73
    9  O         1  x[1x1x2048]+w[4096x2048]->y[1x1x4096]               0.026ms    16.777 M      0.65   16.01 MiB    645.51
   10  FFN_W3    0  x[1x1x4096]+w[5504x4096]->y[1x1x5504]               0.045ms    45.089 M      1.00   43.02 MiB   1003.43
   11  FFN_W3    1  x[1x1x4096]+w[5504x4096]->y[1x1x5504]               0.045ms    45.089 M      1.01   43.02 MiB   1012.66
   12  FFN_W1    0  x[1x1x4096]+w[5504x4096]->y[1x1x5504]               0.047ms    45.089 M      0.97   43.02 MiB    966.03
   13  FFN_W1    1  x[1x1x4096]+w[5504x4096]->y[1x1x5504]               0.044ms    45.089 M      1.02   43.02 MiB   1017.34
   14  FFN_W2    0  x[1x1x5504]+w[4096x5504]->y[1x1x4096]               0.046ms    45.089 M      0.97   43.02 MiB    974.57
   15  FFN_W2    1  x[1x1x5504]+w[4096x5504]->y[1x1x4096]               0.046ms    45.089 M      0.98   43.02 MiB    983.28
[gpu-debug] segment avg latency (cuda_events): 0.478 ms
[gpu-debug] sum(per-op)               : 0.553 ms (ratio=1.156)
[gpu-debug] NOTE: sum(per-op) may differ from segment latency due to Python overhead, event/launch overhead, and allocator/cache effects.
[gpu-debug] cuda mem before warmup: alloc=400.21 MiB reserved=414.00 MiB
[gpu-debug] cuda mem after warmup : alloc=400.24 MiB reserved=414.00 MiB
[gpu-debug] cuda mem peak (this segment): max_alloc=400.28 MiB max_reserved=414.00 MiB
========================================================================================
[gpu-debug] segment_key=npu|prefill|-1|32cc3ecab0873bb05654e273d69c9222
[gpu-debug] sig: device_type=npu phase=prefill step=-1 (count_hint=32)
[gpu-debug] ops_repr: LN:-1,Q:0,Q:1,K:0,K:1,V:0,V:1,QK:0,QK:1,Softmax:0,SV:0,O:0,Softmax:1,SV:1,O:1,Add:-1,LN:-1,FFN_W3:0,FFN_W3:1,FFN_W1:0,FFN_W1:1,SwiGLU:0,FFN_W2:0,SwiGLU:1,FFN_W2:1,Add:-1
[gpu-debug] cfg: device=cuda dtype=torch.bfloat16 batch=1 dim=4096 ffn_dim=11008 n_heads=32 shards=2
[gpu-debug] op plan (with inferred tensor shapes):
  - op#00  op=LN       shard=-1  x=[1x1024x4096] + w=[4096]  ->  y=[1x1024x4096]  (T=1024, K=1024)
  - op#01  op=Q        shard=0   x=[1x1024x4096] + w=[2048x4096]  ->  y=[1x1024x2048]  (T=1024, K=1024)
  - op#02  op=Q        shard=1   x=[1x1024x4096] + w=[2048x4096]  ->  y=[1x1024x2048]  (T=1024, K=1024)
  - op#03  op=K        shard=0   x=[1x1024x4096] + w=[2048x4096]  ->  y=[1x1024x2048]  (T=1024, K=1024)
  - op#04  op=K        shard=1   x=[1x1024x4096] + w=[2048x4096]  ->  y=[1x1024x2048]  (T=1024, K=1024)
  - op#05  op=V        shard=0   x=[1x1024x4096] + w=[2048x4096]  ->  y=[1x1024x2048]  (T=1024, K=1024)
  - op#06  op=V        shard=1   x=[1x1024x4096] + w=[2048x4096]  ->  y=[1x1024x2048]  (T=1024, K=1024)
  - op#07  op=QK       shard=0   q=[1x16x1024x128] + k=[1x16x128x1024]  ->  y=[1x16x1024x1024]  (T=1024, K=1024)
  - op#08  op=QK       shard=1   q=[1x16x1024x128] + k=[1x16x128x1024]  ->  y=[1x16x1024x1024]  (T=1024, K=1024)
  - op#09  op=Softmax  shard=0   scores=[1x16x1024x1024]  ->  y=[1x16x1024x1024]  (T=1024, K=1024)
  - op#10  op=SV       shard=0   p=[1x16x1024x1024] + v=[1x16x1024x128]  ->  y=[1x16x1024x128]  (T=1024, K=1024)
  - op#11  op=O        shard=0   x=[1x1024x2048] + w=[4096x2048]  ->  y=[1x1024x4096]  (T=1024, K=1024)
  - op#12  op=Softmax  shard=1   scores=[1x16x1024x1024]  ->  y=[1x16x1024x1024]  (T=1024, K=1024)
  - op#13  op=SV       shard=1   p=[1x16x1024x1024] + v=[1x16x1024x128]  ->  y=[1x16x1024x128]  (T=1024, K=1024)
  - op#14  op=O        shard=1   x=[1x1024x2048] + w=[4096x2048]  ->  y=[1x1024x4096]  (T=1024, K=1024)
  - op#15  op=Add      shard=-1  a=[1x1024x4096] + b=[1x1024x4096]  ->  y=[1x1024x4096]  (T=1024, K=1024)
  - op#16  op=LN       shard=-1  x=[1x1024x4096] + w=[4096]  ->  y=[1x1024x4096]  (T=1024, K=1024)
  - op#17  op=FFN_W3   shard=0   x=[1x1024x4096] + w=[5504x4096]  ->  y=[1x1024x5504]  (T=1024, K=1024)
  - op#18  op=FFN_W3   shard=1   x=[1x1024x4096] + w=[5504x4096]  ->  y=[1x1024x5504]  (T=1024, K=1024)
  - op#19  op=FFN_W1   shard=0   x=[1x1024x4096] + w=[5504x4096]  ->  y=[1x1024x5504]  (T=1024, K=1024)
  - op#20  op=FFN_W1   shard=1   x=[1x1024x4096] + w=[5504x4096]  ->  y=[1x1024x5504]  (T=1024, K=1024)
  - op#21  op=SwiGLU   shard=0   a=[1x1024x5504] + b=[1x1024x5504]  ->  y=[1x1024x5504]  (T=1024, K=1024)
  - op#22  op=FFN_W2   shard=0   x=[1x1024x5504] + w=[4096x5504]  ->  y=[1x1024x4096]  (T=1024, K=1024)
  - op#23  op=SwiGLU   shard=1   a=[1x1024x5504] + b=[1x1024x5504]  ->  y=[1x1024x5504]  (T=1024, K=1024)
  - op#24  op=FFN_W2   shard=1   x=[1x1024x5504] + w=[4096x5504]  ->  y=[1x1024x4096]  (T=1024, K=1024)
  - op#25  op=Add      shard=-1  a=[1x1024x4096] + b=[1x1024x4096]  ->  y=[1x1024x4096]  (T=1024, K=1024)
[gpu-debug] per-op timing breakdown (avg over iters):
  idx  op       sh  io                                                    time   est_flops    TFLOPs       bytes      GB/s
  ------------------------------------------------------------------------------------------------------------------------
    0  LN       -1  x[1x1024x4096]+w[4096]->y[1x1024x4096]              0.103ms    20.972 M      0.20   16.01 MiB    162.46
    1  Q         0  x[1x1024x4096]+w[2048x4096]->y[1x1024x2048]         0.140ms    17.180 G    123.09   28.00 MiB    210.36
    2  Q         1  x[1x1024x4096]+w[2048x4096]->y[1x1024x2048]         0.139ms    17.180 G    123.27   28.00 MiB    210.67
    3  K         0  x[1x1024x4096]+w[2048x4096]->y[1x1024x2048]         0.139ms    17.180 G    123.45   28.00 MiB    210.98
    4  K         1  x[1x1024x4096]+w[2048x4096]->y[1x1024x2048]         0.140ms    17.180 G    122.82   28.00 MiB    209.90
    5  V         0  x[1x1024x4096]+w[2048x4096]->y[1x1024x2048]         0.139ms    17.180 G    123.73   28.00 MiB    211.45
    6  V         1  x[1x1024x4096]+w[2048x4096]->y[1x1024x2048]         0.139ms    17.180 G    123.54   28.00 MiB    211.13
    7  QK        0  q[1x16x1024x128]+k[1x16x128x1024]->y[1x16x1...      0.130ms     4.295 G     33.03   40.00 MiB    322.52
    8  QK        1  q[1x16x1024x128]+k[1x16x128x1024]->y[1x16x1...      0.130ms     4.295 G     32.97   40.00 MiB    322.01
    9  Softmax   0  scores[1x16x1024x1024]->y[1x16x1024x1024]           0.085ms    83.886 M      0.99   64.00 MiB    788.64
   10  SV        0  p[1x16x1024x1024]+v[1x16x1024x128]->y[1x16x...      0.066ms     4.295 G     64.63   40.00 MiB    631.12
   11  O         0  x[1x1024x2048]+w[4096x2048]->y[1x1024x4096]         0.169ms    17.180 G    101.43   28.00 MiB    173.35
   12  Softmax   1  scores[1x16x1024x1024]->y[1x16x1024x1024]           0.080ms    83.886 M      1.05   64.00 MiB    841.28
   13  SV        1  p[1x16x1024x1024]+v[1x16x1024x128]->y[1x16x...      0.066ms     4.295 G     65.03   40.00 MiB    635.04
   14  O         1  x[1x1024x2048]+w[4096x2048]->y[1x1024x4096]         0.170ms    17.180 G    100.95   28.00 MiB    172.52
   15  Add      -1  a[1x1024x4096]+b[1x1024x4096]->y[1x1024x4096]       0.017ms     4.194 M      0.25   24.00 MiB   1480.48
   16  LN       -1  x[1x1024x4096]+w[4096]->y[1x1024x4096]              0.095ms    20.972 M      0.22   16.01 MiB    177.59
   17  FFN_W3    0  x[1x1024x4096]+w[5504x4096]->y[1x1024x5504]         0.316ms    46.171 G    145.92   61.75 MiB    204.63
   18  FFN_W3    1  x[1x1024x4096]+w[5504x4096]->y[1x1024x5504]         0.315ms    46.171 G    146.44   61.75 MiB    205.37
   19  FFN_W1    0  x[1x1024x4096]+w[5504x4096]->y[1x1024x5504]         0.316ms    46.171 G    146.25   61.75 MiB    205.10
   20  FFN_W1    1  x[1x1024x4096]+w[5504x4096]->y[1x1024x5504]         0.315ms    46.171 G    146.39   61.75 MiB    205.30
   21  SwiGLU    0  a[1x1024x5504]+b[1x1024x5504]->y[1x1024x5504]       0.041ms    33.817 M      0.83   32.25 MiB    831.84
   22  FFN_W2    0  x[1x1024x5504]+w[4096x5504]->y[1x1024x4096]         0.414ms    46.171 G    111.47   61.75 MiB    156.32
   23  SwiGLU    1  a[1x1024x5504]+b[1x1024x5504]->y[1x1024x5504]       0.040ms    33.817 M      0.84   32.25 MiB    836.05
   24  FFN_W2    1  x[1x1024x5504]+w[4096x5504]->y[1x1024x4096]         0.414ms    46.171 G    111.44   61.75 MiB    156.28
   25  Add      -1  a[1x1024x4096]+b[1x1024x4096]->y[1x1024x4096]       0.017ms     4.194 M      0.25   24.00 MiB   1480.48
[gpu-debug] segment avg latency (cuda_events): 4.035 ms
[gpu-debug] sum(per-op)               : 4.137 ms (ratio=1.025)
[gpu-debug] NOTE: sum(per-op) may differ from segment latency due to Python overhead, event/launch overhead, and allocator/cache effects.
[gpu-debug] cuda mem before warmup: alloc=400.24 MiB reserved=414.00 MiB
[gpu-debug] cuda mem after warmup : alloc=463.00 MiB reserved=574.00 MiB
[gpu-debug] cuda mem peak (this segment): max_alloc=527.00 MiB max_reserved=574.00 MiB
  progress 6/6
