[run-gpu] tasks=3 warmup=3 iters=10 device=cuda dtype=bf16 batch=1 segment_scope=layer
[run-gpu] extra weight_load_s=0.400513s (will be added in merge)
[run-gpu] GPU[0] NVIDIA A100-PCIE-40GB; SM=108, CC=8.0
[run-gpu] nvidia-smi -L: GPU 0: NVIDIA A100-PCIE-40GB (UUID: GPU-4cd2dd8b-d779-5b24-29b5-80b860f437dd)
[run-gpu] nvidia-smi query: NVIDIA A100-PCIE-40GB, GPU-4cd2dd8b-d779-5b24-29b5-80b860f437dd, 560.35.03, 40960
[run-gpu][debug] torch_default_dtype=torch.float32
[run-gpu][debug] torch.backends.cuda.matmul.allow_tf32=False
[run-gpu][debug] cudnn.enabled=True benchmark=False deterministic=False allow_tf32=True
[run-gpu][debug] nvidia-smi snapshot: 0, 0, 0, 4, 40960, 32, 33.88, 250.00
========================================================================================
[gpu-debug] segment_key=npu|decode|0|58672e7680bc9d88d790ef6aa34bd903
[gpu-debug] sig: device_type=npu phase=decode step=0 (count_hint=32)
[gpu-debug] ops_repr: Q:0,Q:1,K:0,K:1,V:0,V:1,O:0,O:1,FFN_W1:0,FFN_W3:0,FFN_W1:1,FFN_W3:1,FFN_W2:0,FFN_W2:1
[gpu-debug] cfg: device=cuda dtype=torch.bfloat16 batch=1 dim=4096 ffn_dim=11008 n_heads=32 shards=2
[gpu-debug] op plan (with inferred tensor shapes):
  - op#00  op=Q        shard=0   x=[1x1x4096] + w=[2048x4096]  ->  y=[1x1x2048]  (T=1, K=1025)
  - op#01  op=Q        shard=1   x=[1x1x4096] + w=[2048x4096]  ->  y=[1x1x2048]  (T=1, K=1025)
  - op#02  op=K        shard=0   x=[1x1x4096] + w=[2048x4096]  ->  y=[1x1x2048]  (T=1, K=1025)
  - op#03  op=K        shard=1   x=[1x1x4096] + w=[2048x4096]  ->  y=[1x1x2048]  (T=1, K=1025)
  - op#04  op=V        shard=0   x=[1x1x4096] + w=[2048x4096]  ->  y=[1x1x2048]  (T=1, K=1025)
  - op#05  op=V        shard=1   x=[1x1x4096] + w=[2048x4096]  ->  y=[1x1x2048]  (T=1, K=1025)
  - op#06  op=O        shard=0   x=[1x1x2048] + w=[4096x2048]  ->  y=[1x1x4096]  (T=1, K=1025)
  - op#07  op=O        shard=1   x=[1x1x2048] + w=[4096x2048]  ->  y=[1x1x4096]  (T=1, K=1025)
  - op#08  op=FFN_W1   shard=0   x=[1x1x4096] + w=[5504x4096]  ->  y=[1x1x5504]  (T=1, K=1025)
  - op#09  op=FFN_W3   shard=0   x=[1x1x4096] + w=[5504x4096]  ->  y=[1x1x5504]  (T=1, K=1025)
  - op#10  op=FFN_W1   shard=1   x=[1x1x4096] + w=[5504x4096]  ->  y=[1x1x5504]  (T=1, K=1025)
  - op#11  op=FFN_W3   shard=1   x=[1x1x4096] + w=[5504x4096]  ->  y=[1x1x5504]  (T=1, K=1025)
  - op#12  op=FFN_W2   shard=0   x=[1x1x5504] + w=[4096x5504]  ->  y=[1x1x4096]  (T=1, K=1025)
  - op#13  op=FFN_W2   shard=1   x=[1x1x5504] + w=[4096x5504]  ->  y=[1x1x4096]  (T=1, K=1025)
[gpu-debug] per-op timing breakdown (avg over iters):
  idx  op       sh  io                                                    time   est_flops    TFLOPs       bytes      GB/s
  ------------------------------------------------------------------------------------------------------------------------
    0  Q         0  x[1x1x4096]+w[2048x4096]->y[1x1x2048]               0.048ms    16.777 M      0.35   16.01 MiB    352.60
    1  Q         1  x[1x1x4096]+w[2048x4096]->y[1x1x2048]               0.035ms    16.777 M      0.48   16.01 MiB    476.63
    2  K         0  x[1x1x4096]+w[2048x4096]->y[1x1x2048]               0.035ms    16.777 M      0.48   16.01 MiB    480.82
    3  K         1  x[1x1x4096]+w[2048x4096]->y[1x1x2048]               0.036ms    16.777 M      0.47   16.01 MiB    472.51
    4  V         0  x[1x1x4096]+w[2048x4096]->y[1x1x2048]               0.034ms    16.777 M      0.49   16.01 MiB    493.86
    5  V         1  x[1x1x4096]+w[2048x4096]->y[1x1x2048]               0.035ms    16.777 M      0.47   16.01 MiB    473.87
    6  O         0  x[1x1x2048]+w[4096x2048]->y[1x1x4096]               0.028ms    16.777 M      0.60   16.01 MiB    596.22
    7  O         1  x[1x1x2048]+w[4096x2048]->y[1x1x4096]               0.029ms    16.777 M      0.58   16.01 MiB    579.36
    8  FFN_W1    0  x[1x1x4096]+w[5504x4096]->y[1x1x5504]               0.048ms    45.089 M      0.95   43.02 MiB    947.33
    9  FFN_W3    0  x[1x1x4096]+w[5504x4096]->y[1x1x5504]               0.048ms    45.089 M      0.93   43.02 MiB    935.26
   10  FFN_W1    1  x[1x1x4096]+w[5504x4096]->y[1x1x5504]               0.048ms    45.089 M      0.93   43.02 MiB    933.28
   11  FFN_W3    1  x[1x1x4096]+w[5504x4096]->y[1x1x5504]               0.048ms    45.089 M      0.94   43.02 MiB    945.30
   12  FFN_W2    0  x[1x1x5504]+w[4096x5504]->y[1x1x4096]               0.051ms    45.089 M      0.88   43.02 MiB    884.55
   13  FFN_W2    1  x[1x1x5504]+w[4096x5504]->y[1x1x4096]               0.051ms    45.089 M      0.89   43.02 MiB    888.12
[gpu-debug] segment avg latency (cuda_events): 0.507 ms
[gpu-debug] sum(per-op)               : 0.574 ms (ratio=1.131)
[gpu-debug] NOTE: sum(per-op) may differ from segment latency due to Python overhead, event/launch overhead, and allocator/cache effects.
[gpu-debug] cuda mem before warmup: alloc=0 B reserved=0 B
[gpu-debug] cuda mem after warmup : alloc=400.15 MiB reserved=414.00 MiB
[gpu-debug] cuda mem peak (this segment): max_alloc=400.16 MiB max_reserved=414.00 MiB
========================================================================================
[gpu-debug] segment_key=npu|decode|1|58672e7680bc9d88d790ef6aa34bd903
[gpu-debug] sig: device_type=npu phase=decode step=1 (count_hint=32)
[gpu-debug] ops_repr: Q:0,Q:1,K:0,K:1,V:0,V:1,O:0,O:1,FFN_W1:0,FFN_W3:0,FFN_W1:1,FFN_W3:1,FFN_W2:0,FFN_W2:1
[gpu-debug] cfg: device=cuda dtype=torch.bfloat16 batch=1 dim=4096 ffn_dim=11008 n_heads=32 shards=2
[gpu-debug] op plan (with inferred tensor shapes):
  - op#00  op=Q        shard=0   x=[1x1x4096] + w=[2048x4096]  ->  y=[1x1x2048]  (T=1, K=1026)
  - op#01  op=Q        shard=1   x=[1x1x4096] + w=[2048x4096]  ->  y=[1x1x2048]  (T=1, K=1026)
  - op#02  op=K        shard=0   x=[1x1x4096] + w=[2048x4096]  ->  y=[1x1x2048]  (T=1, K=1026)
  - op#03  op=K        shard=1   x=[1x1x4096] + w=[2048x4096]  ->  y=[1x1x2048]  (T=1, K=1026)
  - op#04  op=V        shard=0   x=[1x1x4096] + w=[2048x4096]  ->  y=[1x1x2048]  (T=1, K=1026)
  - op#05  op=V        shard=1   x=[1x1x4096] + w=[2048x4096]  ->  y=[1x1x2048]  (T=1, K=1026)
  - op#06  op=O        shard=0   x=[1x1x2048] + w=[4096x2048]  ->  y=[1x1x4096]  (T=1, K=1026)
  - op#07  op=O        shard=1   x=[1x1x2048] + w=[4096x2048]  ->  y=[1x1x4096]  (T=1, K=1026)
  - op#08  op=FFN_W1   shard=0   x=[1x1x4096] + w=[5504x4096]  ->  y=[1x1x5504]  (T=1, K=1026)
  - op#09  op=FFN_W3   shard=0   x=[1x1x4096] + w=[5504x4096]  ->  y=[1x1x5504]  (T=1, K=1026)
  - op#10  op=FFN_W1   shard=1   x=[1x1x4096] + w=[5504x4096]  ->  y=[1x1x5504]  (T=1, K=1026)
  - op#11  op=FFN_W3   shard=1   x=[1x1x4096] + w=[5504x4096]  ->  y=[1x1x5504]  (T=1, K=1026)
  - op#12  op=FFN_W2   shard=0   x=[1x1x5504] + w=[4096x5504]  ->  y=[1x1x4096]  (T=1, K=1026)
  - op#13  op=FFN_W2   shard=1   x=[1x1x5504] + w=[4096x5504]  ->  y=[1x1x4096]  (T=1, K=1026)
[gpu-debug] per-op timing breakdown (avg over iters):
  idx  op       sh  io                                                    time   est_flops    TFLOPs       bytes      GB/s
  ------------------------------------------------------------------------------------------------------------------------
    0  Q         0  x[1x1x4096]+w[2048x4096]->y[1x1x2048]               0.048ms    16.777 M      0.35   16.01 MiB    353.36
    1  Q         1  x[1x1x4096]+w[2048x4096]->y[1x1x2048]               0.035ms    16.777 M      0.48   16.01 MiB    479.42
    2  K         0  x[1x1x4096]+w[2048x4096]->y[1x1x2048]               0.034ms    16.777 M      0.49   16.01 MiB    489.43
    3  K         1  x[1x1x4096]+w[2048x4096]->y[1x1x2048]               0.036ms    16.777 M      0.47   16.01 MiB    472.51
    4  V         0  x[1x1x4096]+w[2048x4096]->y[1x1x2048]               0.034ms    16.777 M      0.49   16.01 MiB    495.35
    5  V         1  x[1x1x4096]+w[2048x4096]->y[1x1x2048]               0.035ms    16.777 M      0.48   16.01 MiB    478.02
    6  O         0  x[1x1x2048]+w[4096x2048]->y[1x1x4096]               0.028ms    16.777 M      0.59   16.01 MiB    591.91
    7  O         1  x[1x1x2048]+w[4096x2048]->y[1x1x4096]               0.029ms    16.777 M      0.58   16.01 MiB    581.42
    8  FFN_W1    0  x[1x1x4096]+w[5504x4096]->y[1x1x5504]               0.048ms    45.089 M      0.94   43.02 MiB    945.30
    9  FFN_W3    0  x[1x1x4096]+w[5504x4096]->y[1x1x5504]               0.048ms    45.089 M      0.94   43.02 MiB    941.26
   10  FFN_W1    1  x[1x1x4096]+w[5504x4096]->y[1x1x5504]               0.049ms    45.089 M      0.93   43.02 MiB    929.34
   11  FFN_W3    1  x[1x1x4096]+w[5504x4096]->y[1x1x5504]               0.048ms    45.089 M      0.94   43.02 MiB    945.30
   12  FFN_W2    0  x[1x1x5504]+w[4096x5504]->y[1x1x4096]               0.051ms    45.089 M      0.88   43.02 MiB    882.78
   13  FFN_W2    1  x[1x1x5504]+w[4096x5504]->y[1x1x4096]               0.051ms    45.089 M      0.88   43.02 MiB    884.55
[gpu-debug] segment avg latency (cuda_events): 0.505 ms
[gpu-debug] sum(per-op)               : 0.573 ms (ratio=1.134)
[gpu-debug] NOTE: sum(per-op) may differ from segment latency due to Python overhead, event/launch overhead, and allocator/cache effects.
[gpu-debug] cuda mem before warmup: alloc=400.15 MiB reserved=414.00 MiB
[gpu-debug] cuda mem after warmup : alloc=400.15 MiB reserved=414.00 MiB
[gpu-debug] cuda mem peak (this segment): max_alloc=400.16 MiB max_reserved=414.00 MiB
========================================================================================
[gpu-debug] segment_key=npu|prefill|-1|2a331687201a3abf6e73ab65b42cfdd2
[gpu-debug] sig: device_type=npu phase=prefill step=-1 (count_hint=32)
[gpu-debug] ops_repr: LN:-1,Q:0,Q:1,K:0,K:1,V:0,V:1,QK:0,QK:1,Softmax:0,Softmax:1,SV:0,SV:1,O:0,O:1,Add:-1,LN:-1,FFN_W1:0,FFN_W3:0,FFN_W1:1,FFN_W3:1,SwiGLU:1,FFN_W2:0,FFN_W2:1,Add:-1
[gpu-debug] cfg: device=cuda dtype=torch.bfloat16 batch=1 dim=4096 ffn_dim=11008 n_heads=32 shards=2
[gpu-debug] op plan (with inferred tensor shapes):
  - op#00  op=LN       shard=-1  x=[1x1024x4096] + w=[4096]  ->  y=[1x1024x4096]  (T=1024, K=1024)
  - op#01  op=Q        shard=0   x=[1x1024x4096] + w=[2048x4096]  ->  y=[1x1024x2048]  (T=1024, K=1024)
  - op#02  op=Q        shard=1   x=[1x1024x4096] + w=[2048x4096]  ->  y=[1x1024x2048]  (T=1024, K=1024)
  - op#03  op=K        shard=0   x=[1x1024x4096] + w=[2048x4096]  ->  y=[1x1024x2048]  (T=1024, K=1024)
  - op#04  op=K        shard=1   x=[1x1024x4096] + w=[2048x4096]  ->  y=[1x1024x2048]  (T=1024, K=1024)
  - op#05  op=V        shard=0   x=[1x1024x4096] + w=[2048x4096]  ->  y=[1x1024x2048]  (T=1024, K=1024)
  - op#06  op=V        shard=1   x=[1x1024x4096] + w=[2048x4096]  ->  y=[1x1024x2048]  (T=1024, K=1024)
  - op#07  op=QK       shard=0   q=[1x16x1024x128] + k=[1x16x128x1024]  ->  y=[1x16x1024x1024]  (T=1024, K=1024)
  - op#08  op=QK       shard=1   q=[1x16x1024x128] + k=[1x16x128x1024]  ->  y=[1x16x1024x1024]  (T=1024, K=1024)
  - op#09  op=Softmax  shard=0   scores=[1x16x1024x1024]  ->  y=[1x16x1024x1024]  (T=1024, K=1024)
  - op#10  op=Softmax  shard=1   scores=[1x16x1024x1024]  ->  y=[1x16x1024x1024]  (T=1024, K=1024)
  - op#11  op=SV       shard=0   p=[1x16x1024x1024] + v=[1x16x1024x128]  ->  y=[1x16x1024x128]  (T=1024, K=1024)
  - op#12  op=SV       shard=1   p=[1x16x1024x1024] + v=[1x16x1024x128]  ->  y=[1x16x1024x128]  (T=1024, K=1024)
  - op#13  op=O        shard=0   x=[1x1024x2048] + w=[4096x2048]  ->  y=[1x1024x4096]  (T=1024, K=1024)
  - op#14  op=O        shard=1   x=[1x1024x2048] + w=[4096x2048]  ->  y=[1x1024x4096]  (T=1024, K=1024)
  - op#15  op=Add      shard=-1  a=[1x1024x4096] + b=[1x1024x4096]  ->  y=[1x1024x4096]  (T=1024, K=1024)
  - op#16  op=LN       shard=-1  x=[1x1024x4096] + w=[4096]  ->  y=[1x1024x4096]  (T=1024, K=1024)
  - op#17  op=FFN_W1   shard=0   x=[1x1024x4096] + w=[5504x4096]  ->  y=[1x1024x5504]  (T=1024, K=1024)
  - op#18  op=FFN_W3   shard=0   x=[1x1024x4096] + w=[5504x4096]  ->  y=[1x1024x5504]  (T=1024, K=1024)
  - op#19  op=FFN_W1   shard=1   x=[1x1024x4096] + w=[5504x4096]  ->  y=[1x1024x5504]  (T=1024, K=1024)
  - op#20  op=FFN_W3   shard=1   x=[1x1024x4096] + w=[5504x4096]  ->  y=[1x1024x5504]  (T=1024, K=1024)
  - op#21  op=SwiGLU   shard=1   a=[1x1024x5504] + b=[1x1024x5504]  ->  y=[1x1024x5504]  (T=1024, K=1024)
  - op#22  op=FFN_W2   shard=0   x=[1x1024x5504] + w=[4096x5504]  ->  y=[1x1024x4096]  (T=1024, K=1024)
  - op#23  op=FFN_W2   shard=1   x=[1x1024x5504] + w=[4096x5504]  ->  y=[1x1024x4096]  (T=1024, K=1024)
  - op#24  op=Add      shard=-1  a=[1x1024x4096] + b=[1x1024x4096]  ->  y=[1x1024x4096]  (T=1024, K=1024)
[gpu-debug] per-op timing breakdown (avg over iters):
  idx  op       sh  io                                                    time   est_flops    TFLOPs       bytes      GB/s
  ------------------------------------------------------------------------------------------------------------------------
    0  LN       -1  x[1x1024x4096]+w[4096]->y[1x1024x4096]              0.124ms    20.972 M      0.17   16.01 MiB    135.36
    1  Q         0  x[1x1024x4096]+w[2048x4096]->y[1x1024x2048]         0.165ms    17.180 G    103.88   28.00 MiB    177.54
    2  Q         1  x[1x1024x4096]+w[2048x4096]->y[1x1024x2048]         0.163ms    17.180 G    105.12   28.00 MiB    179.65
    3  K         0  x[1x1024x4096]+w[2048x4096]->y[1x1024x2048]         0.163ms    17.180 G    105.72   28.00 MiB    180.67
    4  K         1  x[1x1024x4096]+w[2048x4096]->y[1x1024x2048]         0.162ms    17.180 G    106.05   28.00 MiB    181.24
    5  V         0  x[1x1024x4096]+w[2048x4096]->y[1x1024x2048]         0.162ms    17.180 G    106.05   28.00 MiB    181.24
    6  V         1  x[1x1024x4096]+w[2048x4096]->y[1x1024x2048]         0.162ms    17.180 G    106.05   28.00 MiB    181.24
    7  QK        0  q[1x16x1024x128]+k[1x16x128x1024]->y[1x16x1...      0.143ms     4.295 G     29.96   40.00 MiB    292.57
    8  QK        1  q[1x16x1024x128]+k[1x16x128x1024]->y[1x16x1...      0.145ms     4.295 G     29.64   40.00 MiB    289.47
    9  Softmax   0  scores[1x16x1024x1024]->y[1x16x1024x1024]           0.097ms    83.886 M      0.86   64.00 MiB    689.13
   10  Softmax   1  scores[1x16x1024x1024]->y[1x16x1024x1024]           0.094ms    83.886 M      0.89   64.00 MiB    714.68
   11  SV        0  p[1x16x1024x1024]+v[1x16x1024x128]->y[1x16x...      0.072ms     4.295 G     59.49   40.00 MiB    580.99
   12  SV        1  p[1x16x1024x1024]+v[1x16x1024x128]->y[1x16x...      0.067ms     4.295 G     64.33   40.00 MiB    628.22
   13  O         0  x[1x1024x2048]+w[4096x2048]->y[1x1024x4096]         0.197ms    17.180 G     87.02   28.00 MiB    148.71
   14  O         1  x[1x1024x2048]+w[4096x2048]->y[1x1024x4096]         0.197ms    17.180 G     87.25   28.00 MiB    149.10
   15  Add      -1  a[1x1024x4096]+b[1x1024x4096]->y[1x1024x4096]       0.020ms     4.194 M      0.21   24.00 MiB   1280.00
   16  LN       -1  x[1x1024x4096]+w[4096]->y[1x1024x4096]              0.112ms    20.972 M      0.19   16.01 MiB    149.56
   17  FFN_W1    0  x[1x1024x4096]+w[5504x4096]->y[1x1024x5504]         0.368ms    46.171 G    125.53   61.75 MiB    176.04
   18  FFN_W3    0  x[1x1024x4096]+w[5504x4096]->y[1x1024x5504]         0.367ms    46.171 G    125.70   61.75 MiB    176.28
   19  FFN_W1    1  x[1x1024x4096]+w[5504x4096]->y[1x1024x5504]         0.367ms    46.171 G    125.77   61.75 MiB    176.38
   20  FFN_W3    1  x[1x1024x4096]+w[5504x4096]->y[1x1024x5504]         0.367ms    46.171 G    125.67   61.75 MiB    176.23
   21  SwiGLU    1  a[1x1024x5504]+b[1x1024x5504]->y[1x1024x5504]       0.049ms    33.817 M      0.70   32.25 MiB    696.71
   22  FFN_W2    0  x[1x1024x5504]+w[4096x5504]->y[1x1024x4096]         0.483ms    46.171 G     95.65   61.75 MiB    134.14
   23  FFN_W2    1  x[1x1024x5504]+w[4096x5504]->y[1x1024x4096]         0.483ms    46.171 G     95.57   61.75 MiB    134.02
   24  Add      -1  a[1x1024x4096]+b[1x1024x4096]->y[1x1024x4096]       0.020ms     4.194 M      0.21   24.00 MiB   1260.31
[gpu-debug] segment avg latency (cuda_events): 4.818 ms
[gpu-debug] sum(per-op)               : 4.750 ms (ratio=0.986)
[gpu-debug] NOTE: sum(per-op) may differ from segment latency due to Python overhead, event/launch overhead, and allocator/cache effects.
[gpu-debug] cuda mem before warmup: alloc=400.15 MiB reserved=414.00 MiB
[gpu-debug] cuda mem after warmup : alloc=462.91 MiB reserved=574.00 MiB
[gpu-debug] cuda mem peak (this segment): max_alloc=526.91 MiB max_reserved=574.00 MiB
  progress 3/3
