[run-gpu] tasks=5 warmup=3 iters=10 device=cuda dtype=bf16 batch=1 segment_scope=layer
[run-gpu] extra weight_load_s=0.400513s (will be added in merge)
[run-gpu] GPU[0] NVIDIA A100-PCIE-40GB; SM=108, CC=8.0
[run-gpu] nvidia-smi -L: GPU 0: NVIDIA A100-PCIE-40GB (UUID: GPU-4cd2dd8b-d779-5b24-29b5-80b860f437dd)
[run-gpu] nvidia-smi query: NVIDIA A100-PCIE-40GB, GPU-4cd2dd8b-d779-5b24-29b5-80b860f437dd, 560.35.03, 40960
[run-gpu][debug] torch_default_dtype=torch.float32
[run-gpu][debug] torch.backends.cuda.matmul.allow_tf32=False
[run-gpu][debug] cudnn.enabled=True benchmark=False deterministic=False allow_tf32=True
[run-gpu][debug] nvidia-smi snapshot: 0, 0, 0, 4, 40960, 33, 34.47, 250.00
========================================================================================
[gpu-debug] segment_key=npu|decode|0|2a5538c8f9df4db4add3d84eaac8c78a
[gpu-debug] sig: device_type=npu phase=decode step=0 (count_hint=1)
[gpu-debug] ops_repr: LN:-1,Q:0,K:0,Q:1,K:1,QK:0,QK:1,Softmax:0,Softmax:1,O:0,Add:-1,FFN_W3:0,FFN_W3:1,SwiGLU:0,Add:-1
[gpu-debug] cfg: device=cuda dtype=torch.bfloat16 batch=1 dim=4096 ffn_dim=11008 n_heads=32 shards=2
[gpu-debug] op plan (with inferred tensor shapes):
  - op#00  op=LN       shard=-1  x=[1x1x4096] + w=[4096]  ->  y=[1x1x4096]  (T=1, K=1025)
  - op#01  op=Q        shard=0   x=[1x1x4096] + w=[2048x4096]  ->  y=[1x1x2048]  (T=1, K=1025)
  - op#02  op=K        shard=0   x=[1x1x4096] + w=[2048x4096]  ->  y=[1x1x2048]  (T=1, K=1025)
  - op#03  op=Q        shard=1   x=[1x1x4096] + w=[2048x4096]  ->  y=[1x1x2048]  (T=1, K=1025)
  - op#04  op=K        shard=1   x=[1x1x4096] + w=[2048x4096]  ->  y=[1x1x2048]  (T=1, K=1025)
  - op#05  op=QK       shard=0   q=[1x16x1x128] + k=[1x16x128x1025]  ->  y=[1x16x1x1025]  (T=1, K=1025)
  - op#06  op=QK       shard=1   q=[1x16x1x128] + k=[1x16x128x1025]  ->  y=[1x16x1x1025]  (T=1, K=1025)
  - op#07  op=Softmax  shard=0   scores=[1x16x1x1025]  ->  y=[1x16x1x1025]  (T=1, K=1025)
  - op#08  op=Softmax  shard=1   scores=[1x16x1x1025]  ->  y=[1x16x1x1025]  (T=1, K=1025)
  - op#09  op=O        shard=0   x=[1x1x2048] + w=[4096x2048]  ->  y=[1x1x4096]  (T=1, K=1025)
  - op#10  op=Add      shard=-1  a=[1x1x4096] + b=[1x1x4096]  ->  y=[1x1x4096]  (T=1, K=1025)
  - op#11  op=FFN_W3   shard=0   x=[1x1x4096] + w=[5504x4096]  ->  y=[1x1x5504]  (T=1, K=1025)
  - op#12  op=FFN_W3   shard=1   x=[1x1x4096] + w=[5504x4096]  ->  y=[1x1x5504]  (T=1, K=1025)
  - op#13  op=SwiGLU   shard=0   a=[1x1x5504] + b=[1x1x5504]  ->  y=[1x1x5504]  (T=1, K=1025)
  - op#14  op=Add      shard=-1  a=[1x1x4096] + b=[1x1x4096]  ->  y=[1x1x4096]  (T=1, K=1025)
[gpu-debug] per-op timing breakdown (avg over iters):
  idx  op       sh  io                                                    time   est_flops    TFLOPs       bytes      GB/s
  ------------------------------------------------------------------------------------------------------------------------
    0  LN       -1  x[1x1x4096]+w[4096]->y[1x1x4096]                    0.072ms    20.480 K      0.00   24.00 KiB      0.34
    1  Q         0  x[1x1x4096]+w[2048x4096]->y[1x1x2048]               0.053ms    16.777 M      0.32   16.01 MiB    315.31
    2  K         0  x[1x1x4096]+w[2048x4096]->y[1x1x2048]               0.035ms    16.777 M      0.47   16.01 MiB    473.87
    3  Q         1  x[1x1x4096]+w[2048x4096]->y[1x1x2048]               0.034ms    16.777 M      0.49   16.01 MiB    492.37
    4  K         1  x[1x1x4096]+w[2048x4096]->y[1x1x2048]               0.035ms    16.777 M      0.48   16.01 MiB    485.09
    5  QK        0  q[1x16x1x128]+k[1x16x128x1025]->y[1x16x1x1025]      0.023ms     4.198 M      0.18    4.04 MiB    180.61
    6  QK        1  q[1x16x1x128]+k[1x16x128x1025]->y[1x16x1x1025]      0.030ms     4.198 M      0.14    4.04 MiB    141.64
    7  Softmax   0  scores[1x16x1x1025]->y[1x16x1x1025]                 0.029ms    82.000 K      0.00   64.06 KiB      2.30
    8  Softmax   1  scores[1x16x1x1025]->y[1x16x1x1025]                 0.020ms    82.000 K      0.00   64.06 KiB      3.34
    9  O         0  x[1x1x2048]+w[4096x2048]->y[1x1x4096]               0.032ms    16.777 M      0.52   16.01 MiB    517.22
   10  Add      -1  a[1x1x4096]+b[1x1x4096]->y[1x1x4096]                0.010ms     4.096 K      0.00   24.00 KiB      2.42
   11  FFN_W3    0  x[1x1x4096]+w[5504x4096]->y[1x1x5504]               0.061ms    45.089 M      0.74   43.02 MiB    744.10
   12  FFN_W3    1  x[1x1x4096]+w[5504x4096]->y[1x1x5504]               0.049ms    45.089 M      0.93   43.02 MiB    925.44
   13  SwiGLU    0  a[1x1x5504]+b[1x1x5504]->y[1x1x5504]                0.016ms    33.024 K      0.00   32.25 KiB      2.02
   14  Add      -1  a[1x1x4096]+b[1x1x4096]->y[1x1x4096]                0.010ms     4.096 K      0.00   24.00 KiB      2.50
[gpu-debug] segment avg latency (cuda_events): 0.372 ms
[gpu-debug] sum(per-op)               : 0.509 ms (ratio=1.367)
[gpu-debug] NOTE: sum(per-op) may differ from segment latency due to Python overhead, event/launch overhead, and allocator/cache effects.
[gpu-debug] cuda mem before warmup: alloc=0 B reserved=0 B
[gpu-debug] cuda mem after warmup : alloc=180.19 MiB reserved=190.00 MiB
[gpu-debug] cuda mem peak (this segment): max_alloc=180.26 MiB max_reserved=190.00 MiB
========================================================================================
[gpu-debug] segment_key=npu|decode|0|671eabfb3c980b3de830460630434eeb
[gpu-debug] sig: device_type=npu phase=decode step=0 (count_hint=31)
[gpu-debug] ops_repr: Q:0,K:0,Q:1,K:1,QK:0,QK:1,Softmax:0,Softmax:1,O:0,Add:-1,FFN_W3:0,FFN_W3:1,SwiGLU:0,Add:-1
[gpu-debug] cfg: device=cuda dtype=torch.bfloat16 batch=1 dim=4096 ffn_dim=11008 n_heads=32 shards=2
[gpu-debug] op plan (with inferred tensor shapes):
  - op#00  op=Q        shard=0   x=[1x1x4096] + w=[2048x4096]  ->  y=[1x1x2048]  (T=1, K=1025)
  - op#01  op=K        shard=0   x=[1x1x4096] + w=[2048x4096]  ->  y=[1x1x2048]  (T=1, K=1025)
  - op#02  op=Q        shard=1   x=[1x1x4096] + w=[2048x4096]  ->  y=[1x1x2048]  (T=1, K=1025)
  - op#03  op=K        shard=1   x=[1x1x4096] + w=[2048x4096]  ->  y=[1x1x2048]  (T=1, K=1025)
  - op#04  op=QK       shard=0   q=[1x16x1x128] + k=[1x16x128x1025]  ->  y=[1x16x1x1025]  (T=1, K=1025)
  - op#05  op=QK       shard=1   q=[1x16x1x128] + k=[1x16x128x1025]  ->  y=[1x16x1x1025]  (T=1, K=1025)
  - op#06  op=Softmax  shard=0   scores=[1x16x1x1025]  ->  y=[1x16x1x1025]  (T=1, K=1025)
  - op#07  op=Softmax  shard=1   scores=[1x16x1x1025]  ->  y=[1x16x1x1025]  (T=1, K=1025)
  - op#08  op=O        shard=0   x=[1x1x2048] + w=[4096x2048]  ->  y=[1x1x4096]  (T=1, K=1025)
  - op#09  op=Add      shard=-1  a=[1x1x4096] + b=[1x1x4096]  ->  y=[1x1x4096]  (T=1, K=1025)
  - op#10  op=FFN_W3   shard=0   x=[1x1x4096] + w=[5504x4096]  ->  y=[1x1x5504]  (T=1, K=1025)
  - op#11  op=FFN_W3   shard=1   x=[1x1x4096] + w=[5504x4096]  ->  y=[1x1x5504]  (T=1, K=1025)
  - op#12  op=SwiGLU   shard=0   a=[1x1x5504] + b=[1x1x5504]  ->  y=[1x1x5504]  (T=1, K=1025)
  - op#13  op=Add      shard=-1  a=[1x1x4096] + b=[1x1x4096]  ->  y=[1x1x4096]  (T=1, K=1025)
[gpu-debug] per-op timing breakdown (avg over iters):
  idx  op       sh  io                                                    time   est_flops    TFLOPs       bytes      GB/s
  ------------------------------------------------------------------------------------------------------------------------
    0  Q         0  x[1x1x4096]+w[2048x4096]->y[1x1x2048]               0.050ms    16.777 M      0.34   16.01 MiB    335.98
    1  K         0  x[1x1x4096]+w[2048x4096]->y[1x1x2048]               0.034ms    16.777 M      0.49   16.01 MiB    489.43
    2  Q         1  x[1x1x4096]+w[2048x4096]->y[1x1x2048]               0.035ms    16.777 M      0.49   16.01 MiB    486.53
    3  K         1  x[1x1x4096]+w[2048x4096]->y[1x1x2048]               0.035ms    16.777 M      0.48   16.01 MiB    482.24
    4  QK        0  q[1x16x1x128]+k[1x16x128x1025]->y[1x16x1x1025]      0.022ms     4.198 M      0.19    4.04 MiB    189.73
    5  QK        1  q[1x16x1x128]+k[1x16x128x1025]->y[1x16x1x1025]      0.030ms     4.198 M      0.14    4.04 MiB    142.62
    6  Softmax   0  scores[1x16x1x1025]->y[1x16x1x1025]                 0.027ms    82.000 K      0.00   64.06 KiB      2.42
    7  Softmax   1  scores[1x16x1x1025]->y[1x16x1x1025]                 0.019ms    82.000 K      0.00   64.06 KiB      3.37
    8  O         0  x[1x1x2048]+w[4096x2048]->y[1x1x4096]               0.033ms    16.777 M      0.51   16.01 MiB    506.05
    9  Add      -1  a[1x1x4096]+b[1x1x4096]->y[1x1x4096]                0.011ms     4.096 K      0.00   24.00 KiB      2.29
   10  FFN_W3    0  x[1x1x4096]+w[5504x4096]->y[1x1x5504]               0.060ms    45.089 M      0.75   43.02 MiB    751.72
   11  FFN_W3    1  x[1x1x4096]+w[5504x4096]->y[1x1x5504]               0.049ms    45.089 M      0.92   43.02 MiB    921.56
   12  SwiGLU    0  a[1x1x5504]+b[1x1x5504]->y[1x1x5504]                0.017ms    33.024 K      0.00   32.25 KiB      1.98
   13  Add      -1  a[1x1x4096]+b[1x1x4096]->y[1x1x4096]                0.010ms     4.096 K      0.00   24.00 KiB      2.55
[gpu-debug] segment avg latency (cuda_events): 0.329 ms
[gpu-debug] sum(per-op)               : 0.431 ms (ratio=1.310)
[gpu-debug] NOTE: sum(per-op) may differ from segment latency due to Python overhead, event/launch overhead, and allocator/cache effects.
[gpu-debug] cuda mem before warmup: alloc=180.19 MiB reserved=190.00 MiB
[gpu-debug] cuda mem after warmup : alloc=180.19 MiB reserved=190.00 MiB
[gpu-debug] cuda mem peak (this segment): max_alloc=180.26 MiB max_reserved=190.00 MiB
========================================================================================
[gpu-debug] segment_key=npu|decode|1|6717ebe949ad3a58c39630962e495792
[gpu-debug] sig: device_type=npu phase=decode step=1 (count_hint=1)
[gpu-debug] ops_repr: LN:-1,Q:0,K:0,Q:1,K:1,QK:0,QK:1,Softmax:0,Softmax:1,O:0,Add:-1,FFN_W3:0,FFN_W3:1,FFN_W2:1,Add:-1
[gpu-debug] cfg: device=cuda dtype=torch.bfloat16 batch=1 dim=4096 ffn_dim=11008 n_heads=32 shards=2
[gpu-debug] op plan (with inferred tensor shapes):
  - op#00  op=LN       shard=-1  x=[1x1x4096] + w=[4096]  ->  y=[1x1x4096]  (T=1, K=1026)
  - op#01  op=Q        shard=0   x=[1x1x4096] + w=[2048x4096]  ->  y=[1x1x2048]  (T=1, K=1026)
  - op#02  op=K        shard=0   x=[1x1x4096] + w=[2048x4096]  ->  y=[1x1x2048]  (T=1, K=1026)
  - op#03  op=Q        shard=1   x=[1x1x4096] + w=[2048x4096]  ->  y=[1x1x2048]  (T=1, K=1026)
  - op#04  op=K        shard=1   x=[1x1x4096] + w=[2048x4096]  ->  y=[1x1x2048]  (T=1, K=1026)
  - op#05  op=QK       shard=0   q=[1x16x1x128] + k=[1x16x128x1026]  ->  y=[1x16x1x1026]  (T=1, K=1026)
  - op#06  op=QK       shard=1   q=[1x16x1x128] + k=[1x16x128x1026]  ->  y=[1x16x1x1026]  (T=1, K=1026)
  - op#07  op=Softmax  shard=0   scores=[1x16x1x1026]  ->  y=[1x16x1x1026]  (T=1, K=1026)
  - op#08  op=Softmax  shard=1   scores=[1x16x1x1026]  ->  y=[1x16x1x1026]  (T=1, K=1026)
  - op#09  op=O        shard=0   x=[1x1x2048] + w=[4096x2048]  ->  y=[1x1x4096]  (T=1, K=1026)
  - op#10  op=Add      shard=-1  a=[1x1x4096] + b=[1x1x4096]  ->  y=[1x1x4096]  (T=1, K=1026)
  - op#11  op=FFN_W3   shard=0   x=[1x1x4096] + w=[5504x4096]  ->  y=[1x1x5504]  (T=1, K=1026)
  - op#12  op=FFN_W3   shard=1   x=[1x1x4096] + w=[5504x4096]  ->  y=[1x1x5504]  (T=1, K=1026)
  - op#13  op=FFN_W2   shard=1   x=[1x1x5504] + w=[4096x5504]  ->  y=[1x1x4096]  (T=1, K=1026)
  - op#14  op=Add      shard=-1  a=[1x1x4096] + b=[1x1x4096]  ->  y=[1x1x4096]  (T=1, K=1026)
[gpu-debug] per-op timing breakdown (avg over iters):
  idx  op       sh  io                                                    time   est_flops    TFLOPs       bytes      GB/s
  ------------------------------------------------------------------------------------------------------------------------
    0  LN       -1  x[1x1x4096]+w[4096]->y[1x1x4096]                    0.070ms    20.480 K      0.00   24.00 KiB      0.35
    1  Q         0  x[1x1x4096]+w[2048x4096]->y[1x1x2048]               0.053ms    16.777 M      0.32   16.01 MiB    317.75
    2  K         0  x[1x1x4096]+w[2048x4096]->y[1x1x2048]               0.035ms    16.777 M      0.48   16.01 MiB    482.24
    3  Q         1  x[1x1x4096]+w[2048x4096]->y[1x1x2048]               0.034ms    16.777 M      0.49   16.01 MiB    487.98
    4  K         1  x[1x1x4096]+w[2048x4096]->y[1x1x2048]               0.034ms    16.777 M      0.49   16.01 MiB    490.90
    5  QK        0  q[1x16x1x128]+k[1x16x128x1026]->y[1x16x1x1026]      0.024ms     4.202 M      0.18    4.04 MiB    177.69
    6  QK        1  q[1x16x1x128]+k[1x16x128x1026]->y[1x16x1x1026]      0.028ms     4.202 M      0.15    4.04 MiB    151.10
    7  Softmax   0  scores[1x16x1x1026]->y[1x16x1x1026]                 0.028ms    82.080 K      0.00   64.12 KiB      2.32
    8  Softmax   1  scores[1x16x1x1026]->y[1x16x1x1026]                 0.019ms    82.080 K      0.00   64.12 KiB      3.41
    9  O         0  x[1x1x2048]+w[4096x2048]->y[1x1x4096]               0.032ms    16.777 M      0.53   16.01 MiB    527.20
   10  Add      -1  a[1x1x4096]+b[1x1x4096]->y[1x1x4096]                0.011ms     4.096 K      0.00   24.00 KiB      2.33
   11  FFN_W3    0  x[1x1x4096]+w[5504x4096]->y[1x1x5504]               0.060ms    45.089 M      0.75   43.02 MiB    749.16
   12  FFN_W3    1  x[1x1x4096]+w[5504x4096]->y[1x1x5504]               0.049ms    45.089 M      0.93   43.02 MiB    925.44
   13  FFN_W2    1  x[1x1x5504]+w[4096x5504]->y[1x1x4096]               0.052ms    45.089 M      0.87   43.02 MiB    872.29
   14  Add      -1  a[1x1x4096]+b[1x1x4096]->y[1x1x4096]                0.010ms     4.096 K      0.00   24.00 KiB      2.50
[gpu-debug] segment avg latency (cuda_events): 0.404 ms
[gpu-debug] sum(per-op)               : 0.539 ms (ratio=1.332)
[gpu-debug] NOTE: sum(per-op) may differ from segment latency due to Python overhead, event/launch overhead, and allocator/cache effects.
[gpu-debug] cuda mem before warmup: alloc=180.19 MiB reserved=190.00 MiB
[gpu-debug] cuda mem after warmup : alloc=228.23 MiB reserved=234.00 MiB
[gpu-debug] cuda mem peak (this segment): max_alloc=228.30 MiB max_reserved=234.00 MiB
========================================================================================
[gpu-debug] segment_key=npu|decode|1|a9e026325a7bbcf6b107cf55eac83702
[gpu-debug] sig: device_type=npu phase=decode step=1 (count_hint=31)
[gpu-debug] ops_repr: Q:0,K:0,Q:1,K:1,QK:0,QK:1,Softmax:0,Softmax:1,O:0,Add:-1,FFN_W3:0,FFN_W3:1,FFN_W2:1,Add:-1
[gpu-debug] cfg: device=cuda dtype=torch.bfloat16 batch=1 dim=4096 ffn_dim=11008 n_heads=32 shards=2
[gpu-debug] op plan (with inferred tensor shapes):
  - op#00  op=Q        shard=0   x=[1x1x4096] + w=[2048x4096]  ->  y=[1x1x2048]  (T=1, K=1026)
  - op#01  op=K        shard=0   x=[1x1x4096] + w=[2048x4096]  ->  y=[1x1x2048]  (T=1, K=1026)
  - op#02  op=Q        shard=1   x=[1x1x4096] + w=[2048x4096]  ->  y=[1x1x2048]  (T=1, K=1026)
  - op#03  op=K        shard=1   x=[1x1x4096] + w=[2048x4096]  ->  y=[1x1x2048]  (T=1, K=1026)
  - op#04  op=QK       shard=0   q=[1x16x1x128] + k=[1x16x128x1026]  ->  y=[1x16x1x1026]  (T=1, K=1026)
  - op#05  op=QK       shard=1   q=[1x16x1x128] + k=[1x16x128x1026]  ->  y=[1x16x1x1026]  (T=1, K=1026)
  - op#06  op=Softmax  shard=0   scores=[1x16x1x1026]  ->  y=[1x16x1x1026]  (T=1, K=1026)
  - op#07  op=Softmax  shard=1   scores=[1x16x1x1026]  ->  y=[1x16x1x1026]  (T=1, K=1026)
  - op#08  op=O        shard=0   x=[1x1x2048] + w=[4096x2048]  ->  y=[1x1x4096]  (T=1, K=1026)
  - op#09  op=Add      shard=-1  a=[1x1x4096] + b=[1x1x4096]  ->  y=[1x1x4096]  (T=1, K=1026)
  - op#10  op=FFN_W3   shard=0   x=[1x1x4096] + w=[5504x4096]  ->  y=[1x1x5504]  (T=1, K=1026)
  - op#11  op=FFN_W3   shard=1   x=[1x1x4096] + w=[5504x4096]  ->  y=[1x1x5504]  (T=1, K=1026)
  - op#12  op=FFN_W2   shard=1   x=[1x1x5504] + w=[4096x5504]  ->  y=[1x1x4096]  (T=1, K=1026)
  - op#13  op=Add      shard=-1  a=[1x1x4096] + b=[1x1x4096]  ->  y=[1x1x4096]  (T=1, K=1026)
[gpu-debug] per-op timing breakdown (avg over iters):
  idx  op       sh  io                                                    time   est_flops    TFLOPs       bytes      GB/s
  ------------------------------------------------------------------------------------------------------------------------
    0  Q         0  x[1x1x4096]+w[2048x4096]->y[1x1x2048]               0.048ms    16.777 M      0.35   16.01 MiB    348.85
    1  K         0  x[1x1x4096]+w[2048x4096]->y[1x1x2048]               0.034ms    16.777 M      0.49   16.01 MiB    487.98
    2  Q         1  x[1x1x4096]+w[2048x4096]->y[1x1x2048]               0.034ms    16.777 M      0.49   16.01 MiB    493.86
    3  K         1  x[1x1x4096]+w[2048x4096]->y[1x1x2048]               0.035ms    16.777 M      0.48   16.01 MiB    483.66
    4  QK        0  q[1x16x1x128]+k[1x16x128x1026]->y[1x16x1x1026]      0.023ms     4.202 M      0.18    4.04 MiB    186.49
    5  QK        1  q[1x16x1x128]+k[1x16x128x1026]->y[1x16x1x1026]      0.030ms     4.202 M      0.14    4.04 MiB    141.78
    6  Softmax   0  scores[1x16x1x1026]->y[1x16x1x1026]                 0.027ms    82.080 K      0.00   64.12 KiB      2.42
    7  Softmax   1  scores[1x16x1x1026]->y[1x16x1x1026]                 0.019ms    82.080 K      0.00   64.12 KiB      3.41
    8  O         0  x[1x1x2048]+w[4096x2048]->y[1x1x4096]               0.034ms    16.777 M      0.50   16.01 MiB    499.88
    9  Add      -1  a[1x1x4096]+b[1x1x4096]->y[1x1x4096]                0.010ms     4.096 K      0.00   24.00 KiB      2.40
   10  FFN_W3    0  x[1x1x4096]+w[5504x4096]->y[1x1x5504]               0.060ms    45.089 M      0.75   43.02 MiB    749.16
   11  FFN_W3    1  x[1x1x4096]+w[5504x4096]->y[1x1x5504]               0.049ms    45.089 M      0.92   43.02 MiB    915.82
   12  FFN_W2    1  x[1x1x5504]+w[4096x5504]->y[1x1x4096]               0.052ms    45.089 M      0.87   43.02 MiB    870.57
   13  Add      -1  a[1x1x4096]+b[1x1x4096]->y[1x1x4096]                0.010ms     4.096 K      0.00   24.00 KiB      2.53
[gpu-debug] segment avg latency (cuda_events): 0.362 ms
[gpu-debug] sum(per-op)               : 0.465 ms (ratio=1.283)
[gpu-debug] NOTE: sum(per-op) may differ from segment latency due to Python overhead, event/launch overhead, and allocator/cache effects.
[gpu-debug] cuda mem before warmup: alloc=228.23 MiB reserved=234.00 MiB
[gpu-debug] cuda mem after warmup : alloc=228.23 MiB reserved=234.00 MiB
[gpu-debug] cuda mem peak (this segment): max_alloc=228.30 MiB max_reserved=234.00 MiB
========================================================================================
[gpu-debug] segment_key=npu|prefill|-1|7f370cc7d97df3530a56c775d62964d4
[gpu-debug] sig: device_type=npu phase=prefill step=-1 (count_hint=32)
[gpu-debug] ops_repr: LN:-1,Q:0,K:0,V:0,Q:1,K:1,V:1,QK:0,QK:1,Softmax:0,Softmax:1,SV:0,SV:1,O:0,O:1,Add:-1,LN:-1,FFN_W1:0,FFN_W3:0,FFN_W1:1,FFN_W3:1,SwiGLU:0,SwiGLU:1,FFN_W2:0,FFN_W2:1,Add:-1
[gpu-debug] cfg: device=cuda dtype=torch.bfloat16 batch=1 dim=4096 ffn_dim=11008 n_heads=32 shards=2
[gpu-debug] op plan (with inferred tensor shapes):
  - op#00  op=LN       shard=-1  x=[1x1024x4096] + w=[4096]  ->  y=[1x1024x4096]  (T=1024, K=1024)
  - op#01  op=Q        shard=0   x=[1x1024x4096] + w=[2048x4096]  ->  y=[1x1024x2048]  (T=1024, K=1024)
  - op#02  op=K        shard=0   x=[1x1024x4096] + w=[2048x4096]  ->  y=[1x1024x2048]  (T=1024, K=1024)
  - op#03  op=V        shard=0   x=[1x1024x4096] + w=[2048x4096]  ->  y=[1x1024x2048]  (T=1024, K=1024)
  - op#04  op=Q        shard=1   x=[1x1024x4096] + w=[2048x4096]  ->  y=[1x1024x2048]  (T=1024, K=1024)
  - op#05  op=K        shard=1   x=[1x1024x4096] + w=[2048x4096]  ->  y=[1x1024x2048]  (T=1024, K=1024)
  - op#06  op=V        shard=1   x=[1x1024x4096] + w=[2048x4096]  ->  y=[1x1024x2048]  (T=1024, K=1024)
  - op#07  op=QK       shard=0   q=[1x16x1024x128] + k=[1x16x128x1024]  ->  y=[1x16x1024x1024]  (T=1024, K=1024)
  - op#08  op=QK       shard=1   q=[1x16x1024x128] + k=[1x16x128x1024]  ->  y=[1x16x1024x1024]  (T=1024, K=1024)
  - op#09  op=Softmax  shard=0   scores=[1x16x1024x1024]  ->  y=[1x16x1024x1024]  (T=1024, K=1024)
  - op#10  op=Softmax  shard=1   scores=[1x16x1024x1024]  ->  y=[1x16x1024x1024]  (T=1024, K=1024)
  - op#11  op=SV       shard=0   p=[1x16x1024x1024] + v=[1x16x1024x128]  ->  y=[1x16x1024x128]  (T=1024, K=1024)
  - op#12  op=SV       shard=1   p=[1x16x1024x1024] + v=[1x16x1024x128]  ->  y=[1x16x1024x128]  (T=1024, K=1024)
  - op#13  op=O        shard=0   x=[1x1024x2048] + w=[4096x2048]  ->  y=[1x1024x4096]  (T=1024, K=1024)
  - op#14  op=O        shard=1   x=[1x1024x2048] + w=[4096x2048]  ->  y=[1x1024x4096]  (T=1024, K=1024)
  - op#15  op=Add      shard=-1  a=[1x1024x4096] + b=[1x1024x4096]  ->  y=[1x1024x4096]  (T=1024, K=1024)
  - op#16  op=LN       shard=-1  x=[1x1024x4096] + w=[4096]  ->  y=[1x1024x4096]  (T=1024, K=1024)
  - op#17  op=FFN_W1   shard=0   x=[1x1024x4096] + w=[5504x4096]  ->  y=[1x1024x5504]  (T=1024, K=1024)
  - op#18  op=FFN_W3   shard=0   x=[1x1024x4096] + w=[5504x4096]  ->  y=[1x1024x5504]  (T=1024, K=1024)
  - op#19  op=FFN_W1   shard=1   x=[1x1024x4096] + w=[5504x4096]  ->  y=[1x1024x5504]  (T=1024, K=1024)
  - op#20  op=FFN_W3   shard=1   x=[1x1024x4096] + w=[5504x4096]  ->  y=[1x1024x5504]  (T=1024, K=1024)
  - op#21  op=SwiGLU   shard=0   a=[1x1024x5504] + b=[1x1024x5504]  ->  y=[1x1024x5504]  (T=1024, K=1024)
  - op#22  op=SwiGLU   shard=1   a=[1x1024x5504] + b=[1x1024x5504]  ->  y=[1x1024x5504]  (T=1024, K=1024)
  - op#23  op=FFN_W2   shard=0   x=[1x1024x5504] + w=[4096x5504]  ->  y=[1x1024x4096]  (T=1024, K=1024)
  - op#24  op=FFN_W2   shard=1   x=[1x1024x5504] + w=[4096x5504]  ->  y=[1x1024x4096]  (T=1024, K=1024)
  - op#25  op=Add      shard=-1  a=[1x1024x4096] + b=[1x1024x4096]  ->  y=[1x1024x4096]  (T=1024, K=1024)
[gpu-debug] per-op timing breakdown (avg over iters):
  idx  op       sh  io                                                    time   est_flops    TFLOPs       bytes      GB/s
  ------------------------------------------------------------------------------------------------------------------------
    0  LN       -1  x[1x1024x4096]+w[4096]->y[1x1024x4096]              0.103ms    20.972 M      0.20   16.01 MiB    162.30
    1  Q         0  x[1x1024x4096]+w[2048x4096]->y[1x1024x2048]         0.134ms    17.180 G    128.66   28.00 MiB    219.88
    2  K         0  x[1x1024x4096]+w[2048x4096]->y[1x1024x2048]         0.131ms    17.180 G    131.48   28.00 MiB    224.70
    3  V         0  x[1x1024x4096]+w[2048x4096]->y[1x1024x2048]         0.131ms    17.180 G    131.48   28.00 MiB    224.70
    4  Q         1  x[1x1024x4096]+w[2048x4096]->y[1x1024x2048]         0.132ms    17.180 G    130.56   28.00 MiB    223.13
    5  K         1  x[1x1024x4096]+w[2048x4096]->y[1x1024x2048]         0.131ms    17.180 G    131.07   28.00 MiB    224.00
    6  V         1  x[1x1024x4096]+w[2048x4096]->y[1x1024x2048]         0.131ms    17.180 G    131.07   28.00 MiB    224.00
    7  QK        0  q[1x16x1024x128]+k[1x16x128x1024]->y[1x16x1...      0.126ms     4.295 G     34.04   40.00 MiB    332.47
    8  QK        1  q[1x16x1024x128]+k[1x16x128x1024]->y[1x16x1...      0.126ms     4.295 G     33.99   40.00 MiB    331.93
    9  Softmax   0  scores[1x16x1024x1024]->y[1x16x1024x1024]           0.082ms    83.886 M      1.02   64.00 MiB    815.12
   10  Softmax   1  scores[1x16x1024x1024]->y[1x16x1024x1024]           0.080ms    83.886 M      1.05   64.00 MiB    839.13
   11  SV        0  p[1x16x1024x1024]+v[1x16x1024x128]->y[1x16x...      0.064ms     4.295 G     66.68   40.00 MiB    651.19
   12  SV        1  p[1x16x1024x1024]+v[1x16x1024x128]->y[1x16x...      0.059ms     4.295 G     72.82   40.00 MiB    711.11
   13  O         0  x[1x1024x2048]+w[4096x2048]->y[1x1024x4096]         0.159ms    17.180 G    107.89   28.00 MiB    184.39
   14  O         1  x[1x1024x2048]+w[4096x2048]->y[1x1024x4096]         0.160ms    17.180 G    107.27   28.00 MiB    183.32
   15  Add      -1  a[1x1024x4096]+b[1x1024x4096]->y[1x1024x4096]       0.016ms     4.194 M      0.26   24.00 MiB   1575.38
   16  LN       -1  x[1x1024x4096]+w[4096]->y[1x1024x4096]              0.089ms    20.972 M      0.24   16.01 MiB    188.41
   17  FFN_W1    0  x[1x1024x4096]+w[5504x4096]->y[1x1024x5504]         0.296ms    46.171 G    155.75   61.75 MiB    218.42
   18  FFN_W3    0  x[1x1024x4096]+w[5504x4096]->y[1x1024x5504]         0.296ms    46.171 G    156.23   61.75 MiB    219.10
   19  FFN_W1    1  x[1x1024x4096]+w[5504x4096]->y[1x1024x5504]         0.296ms    46.171 G    156.23   61.75 MiB    219.10
   20  FFN_W3    1  x[1x1024x4096]+w[5504x4096]->y[1x1024x5504]         0.295ms    46.171 G    156.29   61.75 MiB    219.18
   21  SwiGLU    0  a[1x1024x5504]+b[1x1024x5504]->y[1x1024x5504]       0.039ms    33.817 M      0.88   32.25 MiB    878.30
   22  SwiGLU    1  a[1x1024x5504]+b[1x1024x5504]->y[1x1024x5504]       0.040ms    33.817 M      0.85   32.25 MiB    853.33
   23  FFN_W2    0  x[1x1024x5504]+w[4096x5504]->y[1x1024x4096]         0.388ms    46.171 G    119.12   61.75 MiB    167.06
   24  FFN_W2    1  x[1x1024x5504]+w[4096x5504]->y[1x1024x4096]         0.387ms    46.171 G    119.31   61.75 MiB    167.32
   25  Add      -1  a[1x1024x4096]+b[1x1024x4096]->y[1x1024x4096]       0.016ms     4.194 M      0.26   24.00 MiB   1545.66
[gpu-debug] segment avg latency (cuda_events): 4.859 ms
[gpu-debug] sum(per-op)               : 3.907 ms (ratio=0.804)
[gpu-debug] NOTE: sum(per-op) may differ from segment latency due to Python overhead, event/launch overhead, and allocator/cache effects.
[gpu-debug] cuda mem before warmup: alloc=228.23 MiB reserved=234.00 MiB
[gpu-debug] cuda mem after warmup : alloc=470.98 MiB reserved=574.00 MiB
[gpu-debug] cuda mem peak (this segment): max_alloc=534.98 MiB max_reserved=574.00 MiB
  progress 5/5
