[slurm] jobid=9730544 nodelist=l12gpu04
[slurm] CUDA_VISIBLE_DEVICES=0
Fri Feb 27 10:10:44 2026       
+-----------------------------------------------------------------------------------------+
| NVIDIA-SMI 560.35.03              Driver Version: 560.35.03      CUDA Version: 12.6     |
|-----------------------------------------+------------------------+----------------------+
| GPU  Name                 Persistence-M | Bus-Id          Disp.A | Volatile Uncorr. ECC |
| Fan  Temp   Perf          Pwr:Usage/Cap |           Memory-Usage | GPU-Util  Compute M. |
|                                         |                        |               MIG M. |
|=========================================+========================+======================|
|   0  NVIDIA A100-PCIE-40GB          On  |   00000000:98:00.0 Off |                    0 |
| N/A   28C    P0             35W /  250W |       1MiB /  40960MiB |      0%      Default |
|                                         |                        |             Disabled |
+-----------------------------------------+------------------------+----------------------+
                                                                                         
+-----------------------------------------------------------------------------------------+
| Processes:                                                                              |
|  GPU   GI   CI        PID   Type   Process name                              GPU Memory |
|        ID   ID                                                               Usage      |
|=========================================================================================|
|  No running processes found                                                             |
+-----------------------------------------------------------------------------------------+
torch: 2.8.0+cu126
cuda available: True
device: NVIDIA A100-PCIE-40GB
[slurm] PY_SCRIPT=/lustre/home/2501111916/workspace/XPUPIM_0226_gpupim_parameter/TriForm/verify/schedule_deploy_verify.py
[slurm] TASKS_JSON=/lustre/home/2501111916/workspace/XPUPIM_0226_gpupim_parameter/TriForm/verify/hw_hardware_1gpu_2aim/st12/llama_7b_bf16_b1_s12/pd_128x2393.gpu_tasks.json
[slurm] OUT_JSON=/lustre/home/2501111916/workspace/XPUPIM_0226_gpupim_parameter/TriForm/verify/hw_hardware_1gpu_2aim/st12/llama_7b_bf16_b1_s12/pd_128x2393.gpu_results.json
[slurm] WARMUP=3 ITERS=10 DEVICE=cuda GPU_DTYPE=bf16
[slurm] OK_FILE=/lustre/home/2501111916/workspace/XPUPIM_0226_gpupim_parameter/TriForm/verify/hw_hardware_1gpu_2aim/st12/llama_7b_bf16_b1_s12/pd_128x2393.gpu.ok
[slurm] Running: python /lustre/home/2501111916/workspace/XPUPIM_0226_gpupim_parameter/TriForm/verify/schedule_deploy_verify.py run-gpu --tasks /lustre/home/2501111916/workspace/XPUPIM_0226_gpupim_parameter/TriForm/verify/hw_hardware_1gpu_2aim/st12/llama_7b_bf16_b1_s12/pd_128x2393.gpu_tasks.json --out /lustre/home/2501111916/workspace/XPUPIM_0226_gpupim_parameter/TriForm/verify/hw_hardware_1gpu_2aim/st12/llama_7b_bf16_b1_s12/pd_128x2393.gpu_results.json --debug --debug-txt /lustre/home/2501111916/workspace/XPUPIM_0226_gpupim_parameter/TriForm/verify/hw_hardware_1gpu_2aim/st12/llama_7b_bf16_b1_s12/pd_128x2393.gpu_debug.log --warmup 3 --iters 10 --device cuda --gpu-dtype bf16
[run-gpu] tasks=1 warmup=3 iters=10 device=cuda dtype=bf16 segment_scope=layer
[run-gpu] extra weight_load_s=0.400513s (will be added in merge)
[run-gpu] GPU[0] NVIDIA A100-PCIE-40GB; SM=108, CC=8.0
[run-gpu] nvidia-smi -L: GPU 0: NVIDIA A100-PCIE-40GB (UUID: GPU-6d440a5b-63f1-384a-e57b-cc3200e8df52)
[run-gpu] nvidia-smi query: NVIDIA A100-PCIE-40GB, GPU-6d440a5b-63f1-384a-e57b-cc3200e8df52, 560.35.03, 40960
[run-gpu][debug] torch_default_dtype=torch.float32
[run-gpu][debug] torch.backends.cuda.matmul.allow_tf32=False
[run-gpu][debug] cudnn.enabled=True benchmark=False deterministic=False allow_tf32=True
[run-gpu][debug] nvidia-smi snapshot: 0, 0, 0, 4, 40960, 28, 35.19, 250.00
========================================================================================
[gpu-debug] segment_key=npu|prefill|-1|7f370cc7d97df3530a56c775d62964d4
[gpu-debug] sig: device_type=npu phase=prefill step=-1 (count_hint=32)
[gpu-debug] ops_repr: LN:-1,Q:0,K:0,V:0,Q:1,K:1,V:1,QK:0,QK:1,Softmax:0,Softmax:1,SV:0,SV:1,O:0,O:1,Add:-1,LN:-1,FFN_W1:0,FFN_W3:0,FFN_W1:1,FFN_W3:1,SwiGLU:0,SwiGLU:1,FFN_W2:0,FFN_W2:1,Add:-1
[gpu-debug] cfg: device=cuda dtype=torch.bfloat16 dim=4096 ffn_dim=11008 n_heads=32 shards=2
[gpu-debug] op plan (with inferred tensor shapes):
  - op#00  op=LN       shard=-1  x=[128x4096] + w=[4096]  ->  y=[128x4096]  (T=128, K=128)
  - op#01  op=Q        shard=0   x=[128x4096] + w=[2048x4096]  ->  y=[128x2048]  (T=128, K=128)
  - op#02  op=K        shard=0   x=[128x4096] + w=[2048x4096]  ->  y=[128x2048]  (T=128, K=128)
  - op#03  op=V        shard=0   x=[128x4096] + w=[2048x4096]  ->  y=[128x2048]  (T=128, K=128)
  - op#04  op=Q        shard=1   x=[128x4096] + w=[2048x4096]  ->  y=[128x2048]  (T=128, K=128)
  - op#05  op=K        shard=1   x=[128x4096] + w=[2048x4096]  ->  y=[128x2048]  (T=128, K=128)
  - op#06  op=V        shard=1   x=[128x4096] + w=[2048x4096]  ->  y=[128x2048]  (T=128, K=128)
  - op#07  op=QK       shard=0   q=[16x128x128] + k=[16x128x128]  ->  y=[16x128x128]  (T=128, K=128)
  - op#08  op=QK       shard=1   q=[16x128x128] + k=[16x128x128]  ->  y=[16x128x128]  (T=128, K=128)
  - op#09  op=Softmax  shard=0   scores=[16x128x128]  ->  y=[16x128x128]  (T=128, K=128)
  - op#10  op=Softmax  shard=1   scores=[16x128x128]  ->  y=[16x128x128]  (T=128, K=128)
  - op#11  op=SV       shard=0   p=[16x128x128] + v=[16x128x128]  ->  y=[16x128x128]  (T=128, K=128)
  - op#12  op=SV       shard=1   p=[16x128x128] + v=[16x128x128]  ->  y=[16x128x128]  (T=128, K=128)
  - op#13  op=O        shard=0   x=[128x2048] + w=[4096x2048]  ->  y=[128x4096]  (T=128, K=128)
  - op#14  op=O        shard=1   x=[128x2048] + w=[4096x2048]  ->  y=[128x4096]  (T=128, K=128)
  - op#15  op=Add      shard=-1  a=[128x4096] + b=[128x4096]  ->  y=[128x4096]  (T=128, K=128)
  - op#16  op=LN       shard=-1  x=[128x4096] + w=[4096]  ->  y=[128x4096]  (T=128, K=128)
  - op#17  op=FFN_W1   shard=0   x=[128x4096] + w=[5504x4096]  ->  y=[128x5504]  (T=128, K=128)
  - op#18  op=FFN_W3   shard=0   x=[128x4096] + w=[5504x4096]  ->  y=[128x5504]  (T=128, K=128)
  - op#19  op=FFN_W1   shard=1   x=[128x4096] + w=[5504x4096]  ->  y=[128x5504]  (T=128, K=128)
  - op#20  op=FFN_W3   shard=1   x=[128x4096] + w=[5504x4096]  ->  y=[128x5504]  (T=128, K=128)
  - op#21  op=SwiGLU   shard=0   a=[128x5504] + b=[128x5504]  ->  y=[128x5504]  (T=128, K=128)
  - op#22  op=SwiGLU   shard=1   a=[128x5504] + b=[128x5504]  ->  y=[128x5504]  (T=128, K=128)
  - op#23  op=FFN_W2   shard=0   x=[128x5504] + w=[4096x5504]  ->  y=[128x4096]  (T=128, K=128)
  - op#24  op=FFN_W2   shard=1   x=[128x5504] + w=[4096x5504]  ->  y=[128x4096]  (T=128, K=128)
  - op#25  op=Add      shard=-1  a=[128x4096] + b=[128x4096]  ->  y=[128x4096]  (T=128, K=128)
[gpu-debug] per-op timing breakdown (avg over iters):
  idx  op       sh  io                                                    time   est_flops    TFLOPs       bytes      GB/s
  ------------------------------------------------------------------------------------------------------------------------
    0  LN       -1  x[128x4096]+w[4096]->y[128x4096]                    0.081ms     2.621 M      0.03    2.01 MiB     26.12
    1  Q         0  x[128x4096]+w[2048x4096]->y[128x2048]               0.060ms     2.147 G     35.97   17.50 MiB    307.38
    2  K         0  x[128x4096]+w[2048x4096]->y[128x2048]               0.046ms     2.147 G     46.29   17.50 MiB    395.58
    3  V         0  x[128x4096]+w[2048x4096]->y[128x2048]               0.046ms     2.147 G     47.02   17.50 MiB    401.79
    4  Q         1  x[128x4096]+w[2048x4096]->y[128x2048]               0.046ms     2.147 G     46.50   17.50 MiB    397.34
    5  K         1  x[128x4096]+w[2048x4096]->y[128x2048]               0.046ms     2.147 G     47.13   17.50 MiB    402.70
    6  V         1  x[128x4096]+w[2048x4096]->y[128x2048]               0.047ms     2.147 G     46.09   17.50 MiB    393.85
    7  QK        0  q[16x128x128]+k[16x128x128]->y[16x128x128]          0.022ms    67.109 M      3.01    1.50 MiB     70.46
    8  QK        1  q[16x128x128]+k[16x128x128]->y[16x128x128]          0.022ms    67.109 M      3.09    1.50 MiB     72.45
    9  Softmax   0  scores[16x128x128]->y[16x128x128]                   0.013ms     1.311 M      0.10    1.00 MiB     80.63
   10  Softmax   1  scores[16x128x128]->y[16x128x128]                   0.013ms     1.311 M      0.10    1.00 MiB     82.58
   11  SV        0  p[16x128x128]+v[16x128x128]->y[16x128x128]          0.018ms    67.109 M      3.70    1.50 MiB     86.78
   12  SV        1  p[16x128x128]+v[16x128x128]->y[16x128x128]          0.017ms    67.109 M      3.90    1.50 MiB     91.43
   13  O         0  x[128x2048]+w[4096x2048]->y[128x4096]               0.044ms     2.147 G     48.88   17.50 MiB    417.72
   14  O         1  x[128x2048]+w[4096x2048]->y[128x4096]               0.039ms     2.147 G     55.33   17.50 MiB    472.82
   15  Add      -1  a[128x4096]+b[128x4096]->y[128x4096]                0.011ms   524.288 K      0.05    3.00 MiB    284.44
   16  LN       -1  x[128x4096]+w[4096]->y[128x4096]                    0.066ms     2.621 M      0.04    2.01 MiB     31.73
   17  FFN_W1    0  x[128x4096]+w[5504x4096]->y[128x5504]               0.077ms     5.771 G     74.65   45.34 MiB    614.99
   18  FFN_W3    0  x[128x4096]+w[5504x4096]->y[128x5504]               0.074ms     5.771 G     77.74   45.34 MiB    640.44
   19  FFN_W1    1  x[128x4096]+w[5504x4096]->y[128x5504]               0.075ms     5.771 G     77.00   45.34 MiB    634.32
   20  FFN_W3    1  x[128x4096]+w[5504x4096]->y[128x5504]               0.074ms     5.771 G     78.06   45.34 MiB    643.10
   21  SwiGLU    0  a[128x5504]+b[128x5504]->y[128x5504]                0.020ms     4.227 M      0.21    4.03 MiB    207.44
   22  SwiGLU    1  a[128x5504]+b[128x5504]->y[128x5504]                0.019ms     4.227 M      0.22    4.03 MiB    221.94
   23  FFN_W2    0  x[128x5504]+w[4096x5504]->y[128x4096]               0.074ms     5.771 G     77.63   45.34 MiB    639.56
   24  FFN_W2    1  x[128x5504]+w[4096x5504]->y[128x4096]               0.075ms     5.771 G     76.47   45.34 MiB    630.01
   25  Add      -1  a[128x4096]+b[128x4096]->y[128x4096]                0.011ms   524.288 K      0.05    3.00 MiB    279.27
[gpu-debug] segment avg latency (cuda_events): 0.995 ms
[gpu-debug] sum(per-op)               : 1.137 ms (ratio=1.143)
[gpu-debug] NOTE: sum(per-op) may differ from segment latency due to Python overhead, event/launch overhead, and allocator/cache effects.
[gpu-debug] cuda mem before warmup: alloc=0 B reserved=0 B
[gpu-debug] cuda mem after warmup : alloc=403.48 MiB reserved=418.00 MiB
[gpu-debug] cuda mem peak (this segment): max_alloc=406.16 MiB max_reserved=418.00 MiB
  progress 1/1
[run-gpu] wrote /lustre/home/2501111916/workspace/XPUPIM_0226_gpupim_parameter/TriForm/verify/hw_hardware_1gpu_2aim/st12/llama_7b_bf16_b1_s12/pd_128x2393.gpu_results.json
[slurm] wrote OK_FILE=/lustre/home/2501111916/workspace/XPUPIM_0226_gpupim_parameter/TriForm/verify/hw_hardware_1gpu_2aim/st12/llama_7b_bf16_b1_s12/pd_128x2393.gpu.ok
