[slurm] jobid=9730782 nodelist=l12gpu01
[slurm] CUDA_VISIBLE_DEVICES=0
Fri Feb 27 10:46:20 2026       
+-----------------------------------------------------------------------------------------+
| NVIDIA-SMI 560.35.03              Driver Version: 560.35.03      CUDA Version: 12.6     |
|-----------------------------------------+------------------------+----------------------+
| GPU  Name                 Persistence-M | Bus-Id          Disp.A | Volatile Uncorr. ECC |
| Fan  Temp   Perf          Pwr:Usage/Cap |           Memory-Usage | GPU-Util  Compute M. |
|                                         |                        |               MIG M. |
|=========================================+========================+======================|
|   0  NVIDIA A100-PCIE-40GB          On  |   00000000:31:00.0 Off |                    0 |
| N/A   33C    P0             48W /  250W |       1MiB /  40960MiB |      0%      Default |
|                                         |                        |             Disabled |
+-----------------------------------------+------------------------+----------------------+
                                                                                         
+-----------------------------------------------------------------------------------------+
| Processes:                                                                              |
|  GPU   GI   CI        PID   Type   Process name                              GPU Memory |
|        ID   ID                                                               Usage      |
|=========================================================================================|
|  No running processes found                                                             |
+-----------------------------------------------------------------------------------------+
torch: 2.8.0+cu126
cuda available: True
device: NVIDIA A100-PCIE-40GB
[slurm] PY_SCRIPT=/lustre/home/2501111916/workspace/XPUPIM_0226_gpupim_parameter/TriForm/verify/schedule_deploy_verify.py
[slurm] TASKS_JSON=/lustre/home/2501111916/workspace/XPUPIM_0226_gpupim_parameter/TriForm/verify/hw_hardware_1gpu_2aim/st12/llama_7b_bf16_b1_s12/weights_on_pim_262x262.gpu_tasks.json
[slurm] OUT_JSON=/lustre/home/2501111916/workspace/XPUPIM_0226_gpupim_parameter/TriForm/verify/hw_hardware_1gpu_2aim/st12/llama_7b_bf16_b1_s12/weights_on_pim_262x262.gpu_results.json
[slurm] WARMUP=3 ITERS=10 DEVICE=cuda GPU_DTYPE=bf16
[slurm] OK_FILE=/lustre/home/2501111916/workspace/XPUPIM_0226_gpupim_parameter/TriForm/verify/hw_hardware_1gpu_2aim/st12/llama_7b_bf16_b1_s12/weights_on_pim_262x262.gpu.ok
[slurm] Running: python /lustre/home/2501111916/workspace/XPUPIM_0226_gpupim_parameter/TriForm/verify/schedule_deploy_verify.py run-gpu --tasks /lustre/home/2501111916/workspace/XPUPIM_0226_gpupim_parameter/TriForm/verify/hw_hardware_1gpu_2aim/st12/llama_7b_bf16_b1_s12/weights_on_pim_262x262.gpu_tasks.json --out /lustre/home/2501111916/workspace/XPUPIM_0226_gpupim_parameter/TriForm/verify/hw_hardware_1gpu_2aim/st12/llama_7b_bf16_b1_s12/weights_on_pim_262x262.gpu_results.json --debug --debug-txt /lustre/home/2501111916/workspace/XPUPIM_0226_gpupim_parameter/TriForm/verify/hw_hardware_1gpu_2aim/st12/llama_7b_bf16_b1_s12/weights_on_pim_262x262.gpu_debug.log --warmup 3 --iters 10 --device cuda --gpu-dtype bf16
[run-gpu] tasks=24 warmup=3 iters=10 device=cuda dtype=bf16 segment_scope=layer
[run-gpu] GPU[0] NVIDIA A100-PCIE-40GB; SM=108, CC=8.0
[run-gpu] nvidia-smi -L: GPU 0: NVIDIA A100-PCIE-40GB (UUID: GPU-dcf9eaa8-029f-0dfe-2aa7-d495c596ffa7)
[run-gpu] nvidia-smi query: NVIDIA A100-PCIE-40GB, GPU-dcf9eaa8-029f-0dfe-2aa7-d495c596ffa7, 560.35.03, 40960
[run-gpu][debug] torch_default_dtype=torch.float32
[run-gpu][debug] torch.backends.cuda.matmul.allow_tf32=False
[run-gpu][debug] cudnn.enabled=True benchmark=False deterministic=False allow_tf32=True
[run-gpu][debug] nvidia-smi snapshot: 0, 0, 0, 4, 40960, 32, 34.84, 250.00
========================================================================================
[gpu-debug] segment_key=npu|decode|0|48322b0ab0207f84448cb08e6eac5594
[gpu-debug] sig: device_type=npu phase=decode step=0 (count_hint=32)
[gpu-debug] ops_repr: LN:-1,QK:0,QK:1,Softmax:0,Softmax:1,SV:0,SV:1,Add:-1,LN:-1,SwiGLU:0,SwiGLU:1,Add:-1
[gpu-debug] cfg: device=cuda dtype=torch.bfloat16 dim=4096 ffn_dim=11008 n_heads=32 shards=2
[gpu-debug] op plan (with inferred tensor shapes):
  - op#00  op=LN       shard=-1  x=[1x4096] + w=[4096]  ->  y=[1x4096]  (T=1, K=263)
  - op#01  op=QK       shard=0   q=[16x1x128] + k=[16x128x263]  ->  y=[16x1x263]  (T=1, K=263)
  - op#02  op=QK       shard=1   q=[16x1x128] + k=[16x128x263]  ->  y=[16x1x263]  (T=1, K=263)
  - op#03  op=Softmax  shard=0   scores=[16x1x263]  ->  y=[16x1x263]  (T=1, K=263)
  - op#04  op=Softmax  shard=1   scores=[16x1x263]  ->  y=[16x1x263]  (T=1, K=263)
  - op#05  op=SV       shard=0   p=[16x1x263] + v=[16x263x128]  ->  y=[16x1x128]  (T=1, K=263)
  - op#06  op=SV       shard=1   p=[16x1x263] + v=[16x263x128]  ->  y=[16x1x128]  (T=1, K=263)
  - op#07  op=Add      shard=-1  a=[1x4096] + b=[1x4096]  ->  y=[1x4096]  (T=1, K=263)
  - op#08  op=LN       shard=-1  x=[1x4096] + w=[4096]  ->  y=[1x4096]  (T=1, K=263)
  - op#09  op=SwiGLU   shard=0   a=[1x5504] + b=[1x5504]  ->  y=[1x5504]  (T=1, K=263)
  - op#10  op=SwiGLU   shard=1   a=[1x5504] + b=[1x5504]  ->  y=[1x5504]  (T=1, K=263)
  - op#11  op=Add      shard=-1  a=[1x4096] + b=[1x4096]  ->  y=[1x4096]  (T=1, K=263)
[gpu-debug] per-op timing breakdown (avg over iters):
  idx  op       sh  io                                                    time   est_flops    TFLOPs       bytes      GB/s
  ------------------------------------------------------------------------------------------------------------------------
    0  LN       -1  x[1x4096]+w[4096]->y[1x4096]                        0.063ms    20.480 K      0.00   24.00 KiB      0.39
    1  QK        0  q[16x1x128]+k[16x128x263]->y[16x1x263]              0.053ms     1.077 M      0.02    1.04 MiB     20.51
    2  QK        1  q[16x1x128]+k[16x128x263]->y[16x1x263]              0.042ms     1.077 M      0.03    1.04 MiB     26.15
    3  Softmax   0  scores[16x1x263]->y[16x1x263]                       0.021ms    21.040 K      0.00   16.44 KiB      0.80
    4  Softmax   1  scores[16x1x263]->y[16x1x263]                       0.016ms    21.040 K      0.00   16.44 KiB      1.02
    5  SV        0  p[16x1x263]+v[16x263x128]->y[16x1x128]              0.031ms     1.077 M      0.03    1.04 MiB     35.24
    6  SV        1  p[16x1x263]+v[16x263x128]->y[16x1x128]              0.027ms     1.077 M      0.04    1.04 MiB     40.16
    7  Add      -1  a[1x4096]+b[1x4096]->y[1x4096]                      0.018ms     4.096 K      0.00   24.00 KiB      1.36
    8  LN       -1  x[1x4096]+w[4096]->y[1x4096]                        0.065ms    20.480 K      0.00   24.00 KiB      0.38
    9  SwiGLU    0  a[1x5504]+b[1x5504]->y[1x5504]                      0.025ms    33.024 K      0.00   32.25 KiB      1.34
   10  SwiGLU    1  a[1x5504]+b[1x5504]->y[1x5504]                      0.022ms    33.024 K      0.00   32.25 KiB      1.51
   11  Add      -1  a[1x4096]+b[1x4096]->y[1x4096]                      0.016ms     4.096 K      0.00   24.00 KiB      1.57
[gpu-debug] segment avg latency (cuda_events): 0.266 ms
[gpu-debug] sum(per-op)               : 0.399 ms (ratio=1.503)
[gpu-debug] NOTE: sum(per-op) may differ from segment latency due to Python overhead, event/launch overhead, and allocator/cache effects.
[gpu-debug] cuda mem before warmup: alloc=0 B reserved=0 B
[gpu-debug] cuda mem after warmup : alloc=10.22 MiB reserved=22.00 MiB
[gpu-debug] cuda mem peak (this segment): max_alloc=10.24 MiB max_reserved=22.00 MiB
========================================================================================
[gpu-debug] segment_key=npu|decode|10|48322b0ab0207f84448cb08e6eac5594
[gpu-debug] sig: device_type=npu phase=decode step=10 (count_hint=32)
[gpu-debug] ops_repr: LN:-1,QK:0,QK:1,Softmax:0,Softmax:1,SV:0,SV:1,Add:-1,LN:-1,SwiGLU:0,SwiGLU:1,Add:-1
[gpu-debug] cfg: device=cuda dtype=torch.bfloat16 dim=4096 ffn_dim=11008 n_heads=32 shards=2
[gpu-debug] op plan (with inferred tensor shapes):
  - op#00  op=LN       shard=-1  x=[1x4096] + w=[4096]  ->  y=[1x4096]  (T=1, K=370)
  - op#01  op=QK       shard=0   q=[16x1x128] + k=[16x128x370]  ->  y=[16x1x370]  (T=1, K=370)
  - op#02  op=QK       shard=1   q=[16x1x128] + k=[16x128x370]  ->  y=[16x1x370]  (T=1, K=370)
  - op#03  op=Softmax  shard=0   scores=[16x1x370]  ->  y=[16x1x370]  (T=1, K=370)
  - op#04  op=Softmax  shard=1   scores=[16x1x370]  ->  y=[16x1x370]  (T=1, K=370)
  - op#05  op=SV       shard=0   p=[16x1x370] + v=[16x370x128]  ->  y=[16x1x128]  (T=1, K=370)
  - op#06  op=SV       shard=1   p=[16x1x370] + v=[16x370x128]  ->  y=[16x1x128]  (T=1, K=370)
  - op#07  op=Add      shard=-1  a=[1x4096] + b=[1x4096]  ->  y=[1x4096]  (T=1, K=370)
  - op#08  op=LN       shard=-1  x=[1x4096] + w=[4096]  ->  y=[1x4096]  (T=1, K=370)
  - op#09  op=SwiGLU   shard=0   a=[1x5504] + b=[1x5504]  ->  y=[1x5504]  (T=1, K=370)
  - op#10  op=SwiGLU   shard=1   a=[1x5504] + b=[1x5504]  ->  y=[1x5504]  (T=1, K=370)
  - op#11  op=Add      shard=-1  a=[1x4096] + b=[1x4096]  ->  y=[1x4096]  (T=1, K=370)
[gpu-debug] per-op timing breakdown (avg over iters):
  idx  op       sh  io                                                    time   est_flops    TFLOPs       bytes      GB/s
  ------------------------------------------------------------------------------------------------------------------------
    0  LN       -1  x[1x4096]+w[4096]->y[1x4096]                        0.063ms    20.480 K      0.00   24.00 KiB      0.39
    1  QK        0  q[16x1x128]+k[16x128x370]->y[16x1x370]              0.052ms     1.516 M      0.03    1.46 MiB     29.50
    2  QK        1  q[16x1x128]+k[16x128x370]->y[16x1x370]              0.041ms     1.516 M      0.04    1.46 MiB     37.39
    3  Softmax   0  scores[16x1x370]->y[16x1x370]                       0.019ms    29.600 K      0.00   23.12 KiB      1.24
    4  Softmax   1  scores[16x1x370]->y[16x1x370]                       0.016ms    29.600 K      0.00   23.12 KiB      1.52
    5  SV        0  p[16x1x370]+v[16x370x128]->y[16x1x128]              0.030ms     1.516 M      0.05    1.46 MiB     51.22
    6  SV        1  p[16x1x370]+v[16x370x128]->y[16x1x128]              0.028ms     1.516 M      0.05    1.46 MiB     55.39
    7  Add      -1  a[1x4096]+b[1x4096]->y[1x4096]                      0.018ms     4.096 K      0.00   24.00 KiB      1.39
    8  LN       -1  x[1x4096]+w[4096]->y[1x4096]                        0.064ms    20.480 K      0.00   24.00 KiB      0.38
    9  SwiGLU    0  a[1x5504]+b[1x5504]->y[1x5504]                      0.026ms    33.024 K      0.00   32.25 KiB      1.25
   10  SwiGLU    1  a[1x5504]+b[1x5504]->y[1x5504]                      0.022ms    33.024 K      0.00   32.25 KiB      1.47
   11  Add      -1  a[1x4096]+b[1x4096]->y[1x4096]                      0.016ms     4.096 K      0.00   24.00 KiB      1.56
[gpu-debug] segment avg latency (cuda_events): 0.258 ms
[gpu-debug] sum(per-op)               : 0.395 ms (ratio=1.530)
[gpu-debug] NOTE: sum(per-op) may differ from segment latency due to Python overhead, event/launch overhead, and allocator/cache effects.
[gpu-debug] cuda mem before warmup: alloc=10.22 MiB reserved=22.00 MiB
[gpu-debug] cuda mem after warmup : alloc=13.12 MiB reserved=22.00 MiB
[gpu-debug] cuda mem peak (this segment): max_alloc=13.14 MiB max_reserved=22.00 MiB
========================================================================================
[gpu-debug] segment_key=npu|decode|11|48322b0ab0207f84448cb08e6eac5594
[gpu-debug] sig: device_type=npu phase=decode step=11 (count_hint=32)
[gpu-debug] ops_repr: LN:-1,QK:0,QK:1,Softmax:0,Softmax:1,SV:0,SV:1,Add:-1,LN:-1,SwiGLU:0,SwiGLU:1,Add:-1
[gpu-debug] cfg: device=cuda dtype=torch.bfloat16 dim=4096 ffn_dim=11008 n_heads=32 shards=2
[gpu-debug] op plan (with inferred tensor shapes):
  - op#00  op=LN       shard=-1  x=[1x4096] + w=[4096]  ->  y=[1x4096]  (T=1, K=382)
  - op#01  op=QK       shard=0   q=[16x1x128] + k=[16x128x382]  ->  y=[16x1x382]  (T=1, K=382)
  - op#02  op=QK       shard=1   q=[16x1x128] + k=[16x128x382]  ->  y=[16x1x382]  (T=1, K=382)
  - op#03  op=Softmax  shard=0   scores=[16x1x382]  ->  y=[16x1x382]  (T=1, K=382)
  - op#04  op=Softmax  shard=1   scores=[16x1x382]  ->  y=[16x1x382]  (T=1, K=382)
  - op#05  op=SV       shard=0   p=[16x1x382] + v=[16x382x128]  ->  y=[16x1x128]  (T=1, K=382)
  - op#06  op=SV       shard=1   p=[16x1x382] + v=[16x382x128]  ->  y=[16x1x128]  (T=1, K=382)
  - op#07  op=Add      shard=-1  a=[1x4096] + b=[1x4096]  ->  y=[1x4096]  (T=1, K=382)
  - op#08  op=LN       shard=-1  x=[1x4096] + w=[4096]  ->  y=[1x4096]  (T=1, K=382)
  - op#09  op=SwiGLU   shard=0   a=[1x5504] + b=[1x5504]  ->  y=[1x5504]  (T=1, K=382)
  - op#10  op=SwiGLU   shard=1   a=[1x5504] + b=[1x5504]  ->  y=[1x5504]  (T=1, K=382)
  - op#11  op=Add      shard=-1  a=[1x4096] + b=[1x4096]  ->  y=[1x4096]  (T=1, K=382)
[gpu-debug] per-op timing breakdown (avg over iters):
  idx  op       sh  io                                                    time   est_flops    TFLOPs       bytes      GB/s
  ------------------------------------------------------------------------------------------------------------------------
    0  LN       -1  x[1x4096]+w[4096]->y[1x4096]                        0.062ms    20.480 K      0.00   24.00 KiB      0.39
    1  QK        0  q[16x1x128]+k[16x128x382]->y[16x1x382]              0.051ms     1.565 M      0.03    1.51 MiB     31.07
    2  QK        1  q[16x1x128]+k[16x128x382]->y[16x1x382]              0.045ms     1.565 M      0.03    1.51 MiB     35.33
    3  Softmax   0  scores[16x1x382]->y[16x1x382]                       0.019ms    30.560 K      0.00   23.88 KiB      1.32
    4  Softmax   1  scores[16x1x382]->y[16x1x382]                       0.015ms    30.560 K      0.00   23.88 KiB      1.58
    5  SV        0  p[16x1x382]+v[16x382x128]->y[16x1x128]              0.031ms     1.565 M      0.05    1.51 MiB     50.29
    6  SV        1  p[16x1x382]+v[16x382x128]->y[16x1x128]              0.028ms     1.565 M      0.06    1.51 MiB     55.74
    7  Add      -1  a[1x4096]+b[1x4096]->y[1x4096]                      0.018ms     4.096 K      0.00   24.00 KiB      1.36
    8  LN       -1  x[1x4096]+w[4096]->y[1x4096]                        0.064ms    20.480 K      0.00   24.00 KiB      0.38
    9  SwiGLU    0  a[1x5504]+b[1x5504]->y[1x5504]                      0.025ms    33.024 K      0.00   32.25 KiB      1.34
   10  SwiGLU    1  a[1x5504]+b[1x5504]->y[1x5504]                      0.022ms    33.024 K      0.00   32.25 KiB      1.52
   11  Add      -1  a[1x4096]+b[1x4096]->y[1x4096]                      0.016ms     4.096 K      0.00   24.00 KiB      1.57
[gpu-debug] segment avg latency (cuda_events): 0.258 ms
[gpu-debug] sum(per-op)               : 0.396 ms (ratio=1.535)
[gpu-debug] NOTE: sum(per-op) may differ from segment latency due to Python overhead, event/launch overhead, and allocator/cache effects.
[gpu-debug] cuda mem before warmup: alloc=13.12 MiB reserved=22.00 MiB
[gpu-debug] cuda mem after warmup : alloc=16.12 MiB reserved=22.00 MiB
[gpu-debug] cuda mem peak (this segment): max_alloc=16.14 MiB max_reserved=22.00 MiB
========================================================================================
[gpu-debug] segment_key=npu|decode|12|48322b0ab0207f84448cb08e6eac5594
[gpu-debug] sig: device_type=npu phase=decode step=12 (count_hint=32)
[gpu-debug] ops_repr: LN:-1,QK:0,QK:1,Softmax:0,Softmax:1,SV:0,SV:1,Add:-1,LN:-1,SwiGLU:0,SwiGLU:1,Add:-1
[gpu-debug] cfg: device=cuda dtype=torch.bfloat16 dim=4096 ffn_dim=11008 n_heads=32 shards=2
[gpu-debug] op plan (with inferred tensor shapes):
  - op#00  op=LN       shard=-1  x=[1x4096] + w=[4096]  ->  y=[1x4096]  (T=1, K=394)
  - op#01  op=QK       shard=0   q=[16x1x128] + k=[16x128x394]  ->  y=[16x1x394]  (T=1, K=394)
  - op#02  op=QK       shard=1   q=[16x1x128] + k=[16x128x394]  ->  y=[16x1x394]  (T=1, K=394)
  - op#03  op=Softmax  shard=0   scores=[16x1x394]  ->  y=[16x1x394]  (T=1, K=394)
  - op#04  op=Softmax  shard=1   scores=[16x1x394]  ->  y=[16x1x394]  (T=1, K=394)
  - op#05  op=SV       shard=0   p=[16x1x394] + v=[16x394x128]  ->  y=[16x1x128]  (T=1, K=394)
  - op#06  op=SV       shard=1   p=[16x1x394] + v=[16x394x128]  ->  y=[16x1x128]  (T=1, K=394)
  - op#07  op=Add      shard=-1  a=[1x4096] + b=[1x4096]  ->  y=[1x4096]  (T=1, K=394)
  - op#08  op=LN       shard=-1  x=[1x4096] + w=[4096]  ->  y=[1x4096]  (T=1, K=394)
  - op#09  op=SwiGLU   shard=0   a=[1x5504] + b=[1x5504]  ->  y=[1x5504]  (T=1, K=394)
  - op#10  op=SwiGLU   shard=1   a=[1x5504] + b=[1x5504]  ->  y=[1x5504]  (T=1, K=394)
  - op#11  op=Add      shard=-1  a=[1x4096] + b=[1x4096]  ->  y=[1x4096]  (T=1, K=394)
[gpu-debug] per-op timing breakdown (avg over iters):
  idx  op       sh  io                                                    time   est_flops    TFLOPs       bytes      GB/s
  ------------------------------------------------------------------------------------------------------------------------
    0  LN       -1  x[1x4096]+w[4096]->y[1x4096]                        0.063ms    20.480 K      0.00   24.00 KiB      0.39
    1  QK        0  q[16x1x128]+k[16x128x394]->y[16x1x394]              0.052ms     1.614 M      0.03    1.55 MiB     31.53
    2  QK        1  q[16x1x128]+k[16x128x394]->y[16x1x394]              0.041ms     1.614 M      0.04    1.55 MiB     39.41
    3  Softmax   0  scores[16x1x394]->y[16x1x394]                       0.019ms    31.520 K      0.00   24.62 KiB      1.34
    4  Softmax   1  scores[16x1x394]->y[16x1x394]                       0.015ms    31.520 K      0.00   24.62 KiB      1.63
    5  SV        0  p[16x1x394]+v[16x394x128]->y[16x1x128]              0.030ms     1.614 M      0.05    1.55 MiB     54.53
    6  SV        1  p[16x1x394]+v[16x394x128]->y[16x1x128]              0.028ms     1.614 M      0.06    1.55 MiB     58.97
    7  Add      -1  a[1x4096]+b[1x4096]->y[1x4096]                      0.018ms     4.096 K      0.00   24.00 KiB      1.38
    8  LN       -1  x[1x4096]+w[4096]->y[1x4096]                        0.063ms    20.480 K      0.00   24.00 KiB      0.39
    9  SwiGLU    0  a[1x5504]+b[1x5504]->y[1x5504]                      0.025ms    33.024 K      0.00   32.25 KiB      1.34
   10  SwiGLU    1  a[1x5504]+b[1x5504]->y[1x5504]                      0.022ms    33.024 K      0.00   32.25 KiB      1.51
   11  Add      -1  a[1x4096]+b[1x4096]->y[1x4096]                      0.019ms     4.096 K      0.00   24.00 KiB      1.33
[gpu-debug] segment avg latency (cuda_events): 0.257 ms
[gpu-debug] sum(per-op)               : 0.394 ms (ratio=1.537)
[gpu-debug] NOTE: sum(per-op) may differ from segment latency due to Python overhead, event/launch overhead, and allocator/cache effects.
[gpu-debug] cuda mem before warmup: alloc=16.12 MiB reserved=22.00 MiB
[gpu-debug] cuda mem after warmup : alloc=20.07 MiB reserved=22.00 MiB
[gpu-debug] cuda mem peak (this segment): max_alloc=20.10 MiB max_reserved=22.00 MiB
========================================================================================
[gpu-debug] segment_key=npu|decode|13|48322b0ab0207f84448cb08e6eac5594
[gpu-debug] sig: device_type=npu phase=decode step=13 (count_hint=32)
[gpu-debug] ops_repr: LN:-1,QK:0,QK:1,Softmax:0,Softmax:1,SV:0,SV:1,Add:-1,LN:-1,SwiGLU:0,SwiGLU:1,Add:-1
[gpu-debug] cfg: device=cuda dtype=torch.bfloat16 dim=4096 ffn_dim=11008 n_heads=32 shards=2
[gpu-debug] op plan (with inferred tensor shapes):
  - op#00  op=LN       shard=-1  x=[1x4096] + w=[4096]  ->  y=[1x4096]  (T=1, K=406)
  - op#01  op=QK       shard=0   q=[16x1x128] + k=[16x128x406]  ->  y=[16x1x406]  (T=1, K=406)
  - op#02  op=QK       shard=1   q=[16x1x128] + k=[16x128x406]  ->  y=[16x1x406]  (T=1, K=406)
  - op#03  op=Softmax  shard=0   scores=[16x1x406]  ->  y=[16x1x406]  (T=1, K=406)
  - op#04  op=Softmax  shard=1   scores=[16x1x406]  ->  y=[16x1x406]  (T=1, K=406)
  - op#05  op=SV       shard=0   p=[16x1x406] + v=[16x406x128]  ->  y=[16x1x128]  (T=1, K=406)
  - op#06  op=SV       shard=1   p=[16x1x406] + v=[16x406x128]  ->  y=[16x1x128]  (T=1, K=406)
  - op#07  op=Add      shard=-1  a=[1x4096] + b=[1x4096]  ->  y=[1x4096]  (T=1, K=406)
  - op#08  op=LN       shard=-1  x=[1x4096] + w=[4096]  ->  y=[1x4096]  (T=1, K=406)
  - op#09  op=SwiGLU   shard=0   a=[1x5504] + b=[1x5504]  ->  y=[1x5504]  (T=1, K=406)
  - op#10  op=SwiGLU   shard=1   a=[1x5504] + b=[1x5504]  ->  y=[1x5504]  (T=1, K=406)
  - op#11  op=Add      shard=-1  a=[1x4096] + b=[1x4096]  ->  y=[1x4096]  (T=1, K=406)
[gpu-debug] per-op timing breakdown (avg over iters):
  idx  op       sh  io                                                    time   est_flops    TFLOPs       bytes      GB/s
  ------------------------------------------------------------------------------------------------------------------------
    0  LN       -1  x[1x4096]+w[4096]->y[1x4096]                        0.063ms    20.480 K      0.00   24.00 KiB      0.39
    1  QK        0  q[16x1x128]+k[16x128x406]->y[16x1x406]              0.051ms     1.663 M      0.03    1.60 MiB     33.21
    2  QK        1  q[16x1x128]+k[16x128x406]->y[16x1x406]              0.041ms     1.663 M      0.04    1.60 MiB     40.61
    3  Softmax   0  scores[16x1x406]->y[16x1x406]                       0.019ms    32.480 K      0.00   25.38 KiB      1.38
    4  Softmax   1  scores[16x1x406]->y[16x1x406]                       0.015ms    32.480 K      0.00   25.38 KiB      1.69
    5  SV        0  p[16x1x406]+v[16x406x128]->y[16x1x128]              0.033ms     1.663 M      0.05    1.60 MiB     50.17
    6  SV        1  p[16x1x406]+v[16x406x128]->y[16x1x128]              0.029ms     1.663 M      0.06    1.60 MiB     58.39
    7  Add      -1  a[1x4096]+b[1x4096]->y[1x4096]                      0.018ms     4.096 K      0.00   24.00 KiB      1.34
    8  LN       -1  x[1x4096]+w[4096]->y[1x4096]                        0.065ms    20.480 K      0.00   24.00 KiB      0.38
    9  SwiGLU    0  a[1x5504]+b[1x5504]->y[1x5504]                      0.025ms    33.024 K      0.00   32.25 KiB      1.34
   10  SwiGLU    1  a[1x5504]+b[1x5504]->y[1x5504]                      0.022ms    33.024 K      0.00   32.25 KiB      1.51
   11  Add      -1  a[1x4096]+b[1x4096]->y[1x4096]                      0.016ms     4.096 K      0.00   24.00 KiB      1.56
[gpu-debug] segment avg latency (cuda_events): 0.260 ms
[gpu-debug] sum(per-op)               : 0.397 ms (ratio=1.527)
[gpu-debug] NOTE: sum(per-op) may differ from segment latency due to Python overhead, event/launch overhead, and allocator/cache effects.
[gpu-debug] cuda mem before warmup: alloc=20.07 MiB reserved=22.00 MiB
[gpu-debug] cuda mem after warmup : alloc=23.26 MiB reserved=42.00 MiB
[gpu-debug] cuda mem peak (this segment): max_alloc=23.28 MiB max_reserved=42.00 MiB
========================================================================================
[gpu-debug] segment_key=npu|decode|14|48322b0ab0207f84448cb08e6eac5594
[gpu-debug] sig: device_type=npu phase=decode step=14 (count_hint=32)
[gpu-debug] ops_repr: LN:-1,QK:0,QK:1,Softmax:0,Softmax:1,SV:0,SV:1,Add:-1,LN:-1,SwiGLU:0,SwiGLU:1,Add:-1
[gpu-debug] cfg: device=cuda dtype=torch.bfloat16 dim=4096 ffn_dim=11008 n_heads=32 shards=2
[gpu-debug] op plan (with inferred tensor shapes):
  - op#00  op=LN       shard=-1  x=[1x4096] + w=[4096]  ->  y=[1x4096]  (T=1, K=418)
  - op#01  op=QK       shard=0   q=[16x1x128] + k=[16x128x418]  ->  y=[16x1x418]  (T=1, K=418)
  - op#02  op=QK       shard=1   q=[16x1x128] + k=[16x128x418]  ->  y=[16x1x418]  (T=1, K=418)
  - op#03  op=Softmax  shard=0   scores=[16x1x418]  ->  y=[16x1x418]  (T=1, K=418)
  - op#04  op=Softmax  shard=1   scores=[16x1x418]  ->  y=[16x1x418]  (T=1, K=418)
  - op#05  op=SV       shard=0   p=[16x1x418] + v=[16x418x128]  ->  y=[16x1x128]  (T=1, K=418)
  - op#06  op=SV       shard=1   p=[16x1x418] + v=[16x418x128]  ->  y=[16x1x128]  (T=1, K=418)
  - op#07  op=Add      shard=-1  a=[1x4096] + b=[1x4096]  ->  y=[1x4096]  (T=1, K=418)
  - op#08  op=LN       shard=-1  x=[1x4096] + w=[4096]  ->  y=[1x4096]  (T=1, K=418)
  - op#09  op=SwiGLU   shard=0   a=[1x5504] + b=[1x5504]  ->  y=[1x5504]  (T=1, K=418)
  - op#10  op=SwiGLU   shard=1   a=[1x5504] + b=[1x5504]  ->  y=[1x5504]  (T=1, K=418)
  - op#11  op=Add      shard=-1  a=[1x4096] + b=[1x4096]  ->  y=[1x4096]  (T=1, K=418)
[gpu-debug] per-op timing breakdown (avg over iters):
  idx  op       sh  io                                                    time   est_flops    TFLOPs       bytes      GB/s
  ------------------------------------------------------------------------------------------------------------------------
    0  LN       -1  x[1x4096]+w[4096]->y[1x4096]                        0.062ms    20.480 K      0.00   24.00 KiB      0.40
    1  QK        0  q[16x1x128]+k[16x128x418]->y[16x1x418]              0.052ms     1.712 M      0.03    1.65 MiB     33.12
    2  QK        1  q[16x1x128]+k[16x128x418]->y[16x1x418]              0.043ms     1.712 M      0.04    1.65 MiB     40.60
    3  Softmax   0  scores[16x1x418]->y[16x1x418]                       0.019ms    33.440 K      0.00   26.12 KiB      1.44
    4  Softmax   1  scores[16x1x418]->y[16x1x418]                       0.015ms    33.440 K      0.00   26.12 KiB      1.78
    5  SV        0  p[16x1x418]+v[16x418x128]->y[16x1x128]              0.030ms     1.712 M      0.06    1.65 MiB     57.26
    6  SV        1  p[16x1x418]+v[16x418x128]->y[16x1x128]              0.028ms     1.712 M      0.06    1.65 MiB     61.87
    7  Add      -1  a[1x4096]+b[1x4096]->y[1x4096]                      0.018ms     4.096 K      0.00   24.00 KiB      1.39
    8  LN       -1  x[1x4096]+w[4096]->y[1x4096]                        0.064ms    20.480 K      0.00   24.00 KiB      0.38
    9  SwiGLU    0  a[1x5504]+b[1x5504]->y[1x5504]                      0.025ms    33.024 K      0.00   32.25 KiB      1.34
   10  SwiGLU    1  a[1x5504]+b[1x5504]->y[1x5504]                      0.022ms    33.024 K      0.00   32.25 KiB      1.51
   11  Add      -1  a[1x4096]+b[1x4096]->y[1x4096]                      0.016ms     4.096 K      0.00   24.00 KiB      1.53
[gpu-debug] segment avg latency (cuda_events): 0.256 ms
[gpu-debug] sum(per-op)               : 0.393 ms (ratio=1.535)
[gpu-debug] NOTE: sum(per-op) may differ from segment latency due to Python overhead, event/launch overhead, and allocator/cache effects.
[gpu-debug] cuda mem before warmup: alloc=23.26 MiB reserved=42.00 MiB
[gpu-debug] cuda mem after warmup : alloc=26.54 MiB reserved=42.00 MiB
[gpu-debug] cuda mem peak (this segment): max_alloc=26.56 MiB max_reserved=42.00 MiB
========================================================================================
[gpu-debug] segment_key=npu|decode|15|48322b0ab0207f84448cb08e6eac5594
[gpu-debug] sig: device_type=npu phase=decode step=15 (count_hint=32)
[gpu-debug] ops_repr: LN:-1,QK:0,QK:1,Softmax:0,Softmax:1,SV:0,SV:1,Add:-1,LN:-1,SwiGLU:0,SwiGLU:1,Add:-1
[gpu-debug] cfg: device=cuda dtype=torch.bfloat16 dim=4096 ffn_dim=11008 n_heads=32 shards=2
[gpu-debug] op plan (with inferred tensor shapes):
  - op#00  op=LN       shard=-1  x=[1x4096] + w=[4096]  ->  y=[1x4096]  (T=1, K=430)
  - op#01  op=QK       shard=0   q=[16x1x128] + k=[16x128x430]  ->  y=[16x1x430]  (T=1, K=430)
  - op#02  op=QK       shard=1   q=[16x1x128] + k=[16x128x430]  ->  y=[16x1x430]  (T=1, K=430)
  - op#03  op=Softmax  shard=0   scores=[16x1x430]  ->  y=[16x1x430]  (T=1, K=430)
  - op#04  op=Softmax  shard=1   scores=[16x1x430]  ->  y=[16x1x430]  (T=1, K=430)
  - op#05  op=SV       shard=0   p=[16x1x430] + v=[16x430x128]  ->  y=[16x1x128]  (T=1, K=430)
  - op#06  op=SV       shard=1   p=[16x1x430] + v=[16x430x128]  ->  y=[16x1x128]  (T=1, K=430)
  - op#07  op=Add      shard=-1  a=[1x4096] + b=[1x4096]  ->  y=[1x4096]  (T=1, K=430)
  - op#08  op=LN       shard=-1  x=[1x4096] + w=[4096]  ->  y=[1x4096]  (T=1, K=430)
  - op#09  op=SwiGLU   shard=0   a=[1x5504] + b=[1x5504]  ->  y=[1x5504]  (T=1, K=430)
  - op#10  op=SwiGLU   shard=1   a=[1x5504] + b=[1x5504]  ->  y=[1x5504]  (T=1, K=430)
  - op#11  op=Add      shard=-1  a=[1x4096] + b=[1x4096]  ->  y=[1x4096]  (T=1, K=430)
[gpu-debug] per-op timing breakdown (avg over iters):
  idx  op       sh  io                                                    time   est_flops    TFLOPs       bytes      GB/s
  ------------------------------------------------------------------------------------------------------------------------
    0  LN       -1  x[1x4096]+w[4096]->y[1x4096]                        0.065ms    20.480 K      0.00   24.00 KiB      0.38
    1  QK        0  q[16x1x128]+k[16x128x430]->y[16x1x430]              0.051ms     1.761 M      0.03    1.70 MiB     34.75
    2  QK        1  q[16x1x128]+k[16x128x430]->y[16x1x430]              0.041ms     1.761 M      0.04    1.70 MiB     43.44
    3  Softmax   0  scores[16x1x430]->y[16x1x430]                       0.019ms    34.400 K      0.00   26.88 KiB      1.46
    4  Softmax   1  scores[16x1x430]->y[16x1x430]                       0.015ms    34.400 K      0.00   26.88 KiB      1.80
    5  SV        0  p[16x1x430]+v[16x430x128]->y[16x1x128]              0.031ms     1.761 M      0.06    1.70 MiB     57.91
    6  SV        1  p[16x1x430]+v[16x430x128]->y[16x1x128]              0.028ms     1.761 M      0.06    1.70 MiB     62.50
    7  Add      -1  a[1x4096]+b[1x4096]->y[1x4096]                      0.018ms     4.096 K      0.00   24.00 KiB      1.39
    8  LN       -1  x[1x4096]+w[4096]->y[1x4096]                        0.063ms    20.480 K      0.00   24.00 KiB      0.39
    9  SwiGLU    0  a[1x5504]+b[1x5504]->y[1x5504]                      0.025ms    33.024 K      0.00   32.25 KiB      1.34
   10  SwiGLU    1  a[1x5504]+b[1x5504]->y[1x5504]                      0.022ms    33.024 K      0.00   32.25 KiB      1.53
   11  Add      -1  a[1x4096]+b[1x4096]->y[1x4096]                      0.016ms     4.096 K      0.00   24.00 KiB      1.56
[gpu-debug] segment avg latency (cuda_events): 0.257 ms
[gpu-debug] sum(per-op)               : 0.394 ms (ratio=1.533)
[gpu-debug] NOTE: sum(per-op) may differ from segment latency due to Python overhead, event/launch overhead, and allocator/cache effects.
[gpu-debug] cuda mem before warmup: alloc=26.54 MiB reserved=42.00 MiB
[gpu-debug] cuda mem after warmup : alloc=29.91 MiB reserved=42.00 MiB
[gpu-debug] cuda mem peak (this segment): max_alloc=29.94 MiB max_reserved=42.00 MiB
========================================================================================
[gpu-debug] segment_key=npu|decode|16|48322b0ab0207f84448cb08e6eac5594
[gpu-debug] sig: device_type=npu phase=decode step=16 (count_hint=32)
[gpu-debug] ops_repr: LN:-1,QK:0,QK:1,Softmax:0,Softmax:1,SV:0,SV:1,Add:-1,LN:-1,SwiGLU:0,SwiGLU:1,Add:-1
[gpu-debug] cfg: device=cuda dtype=torch.bfloat16 dim=4096 ffn_dim=11008 n_heads=32 shards=2
[gpu-debug] op plan (with inferred tensor shapes):
  - op#00  op=LN       shard=-1  x=[1x4096] + w=[4096]  ->  y=[1x4096]  (T=1, K=442)
  - op#01  op=QK       shard=0   q=[16x1x128] + k=[16x128x442]  ->  y=[16x1x442]  (T=1, K=442)
  - op#02  op=QK       shard=1   q=[16x1x128] + k=[16x128x442]  ->  y=[16x1x442]  (T=1, K=442)
  - op#03  op=Softmax  shard=0   scores=[16x1x442]  ->  y=[16x1x442]  (T=1, K=442)
  - op#04  op=Softmax  shard=1   scores=[16x1x442]  ->  y=[16x1x442]  (T=1, K=442)
  - op#05  op=SV       shard=0   p=[16x1x442] + v=[16x442x128]  ->  y=[16x1x128]  (T=1, K=442)
  - op#06  op=SV       shard=1   p=[16x1x442] + v=[16x442x128]  ->  y=[16x1x128]  (T=1, K=442)
  - op#07  op=Add      shard=-1  a=[1x4096] + b=[1x4096]  ->  y=[1x4096]  (T=1, K=442)
  - op#08  op=LN       shard=-1  x=[1x4096] + w=[4096]  ->  y=[1x4096]  (T=1, K=442)
  - op#09  op=SwiGLU   shard=0   a=[1x5504] + b=[1x5504]  ->  y=[1x5504]  (T=1, K=442)
  - op#10  op=SwiGLU   shard=1   a=[1x5504] + b=[1x5504]  ->  y=[1x5504]  (T=1, K=442)
  - op#11  op=Add      shard=-1  a=[1x4096] + b=[1x4096]  ->  y=[1x4096]  (T=1, K=442)
[gpu-debug] per-op timing breakdown (avg over iters):
  idx  op       sh  io                                                    time   est_flops    TFLOPs       bytes      GB/s
  ------------------------------------------------------------------------------------------------------------------------
    0  LN       -1  x[1x4096]+w[4096]->y[1x4096]                        0.063ms    20.480 K      0.00   24.00 KiB      0.39
    1  QK        0  q[16x1x128]+k[16x128x442]->y[16x1x442]              0.052ms     1.810 M      0.04    1.74 MiB     35.50
    2  QK        1  q[16x1x128]+k[16x128x442]->y[16x1x442]              0.041ms     1.810 M      0.04    1.74 MiB     44.09
    3  Softmax   0  scores[16x1x442]->y[16x1x442]                       0.019ms    35.360 K      0.00   27.62 KiB      1.49
    4  Softmax   1  scores[16x1x442]->y[16x1x442]                       0.016ms    35.360 K      0.00   27.62 KiB      1.82
    5  SV        0  p[16x1x442]+v[16x442x128]->y[16x1x128]              0.031ms     1.810 M      0.06    1.74 MiB     58.74
    6  SV        1  p[16x1x442]+v[16x442x128]->y[16x1x128]              0.029ms     1.810 M      0.06    1.74 MiB     62.66
    7  Add      -1  a[1x4096]+b[1x4096]->y[1x4096]                      0.017ms     4.096 K      0.00   24.00 KiB      1.41
    8  LN       -1  x[1x4096]+w[4096]->y[1x4096]                        0.063ms    20.480 K      0.00   24.00 KiB      0.39
    9  SwiGLU    0  a[1x5504]+b[1x5504]->y[1x5504]                      0.027ms    33.024 K      0.00   32.25 KiB      1.23
   10  SwiGLU    1  a[1x5504]+b[1x5504]->y[1x5504]                      0.023ms    33.024 K      0.00   32.25 KiB      1.45
   11  Add      -1  a[1x4096]+b[1x4096]->y[1x4096]                      0.016ms     4.096 K      0.00   24.00 KiB      1.57
[gpu-debug] segment avg latency (cuda_events): 0.255 ms
[gpu-debug] sum(per-op)               : 0.397 ms (ratio=1.555)
[gpu-debug] NOTE: sum(per-op) may differ from segment latency due to Python overhead, event/launch overhead, and allocator/cache effects.
[gpu-debug] cuda mem before warmup: alloc=29.91 MiB reserved=42.00 MiB
[gpu-debug] cuda mem after warmup : alloc=33.38 MiB reserved=42.00 MiB
[gpu-debug] cuda mem peak (this segment): max_alloc=33.40 MiB max_reserved=42.00 MiB
========================================================================================
[gpu-debug] segment_key=npu|decode|17|48322b0ab0207f84448cb08e6eac5594
[gpu-debug] sig: device_type=npu phase=decode step=17 (count_hint=32)
[gpu-debug] ops_repr: LN:-1,QK:0,QK:1,Softmax:0,Softmax:1,SV:0,SV:1,Add:-1,LN:-1,SwiGLU:0,SwiGLU:1,Add:-1
[gpu-debug] cfg: device=cuda dtype=torch.bfloat16 dim=4096 ffn_dim=11008 n_heads=32 shards=2
[gpu-debug] op plan (with inferred tensor shapes):
  - op#00  op=LN       shard=-1  x=[1x4096] + w=[4096]  ->  y=[1x4096]  (T=1, K=454)
  - op#01  op=QK       shard=0   q=[16x1x128] + k=[16x128x454]  ->  y=[16x1x454]  (T=1, K=454)
  - op#02  op=QK       shard=1   q=[16x1x128] + k=[16x128x454]  ->  y=[16x1x454]  (T=1, K=454)
  - op#03  op=Softmax  shard=0   scores=[16x1x454]  ->  y=[16x1x454]  (T=1, K=454)
  - op#04  op=Softmax  shard=1   scores=[16x1x454]  ->  y=[16x1x454]  (T=1, K=454)
  - op#05  op=SV       shard=0   p=[16x1x454] + v=[16x454x128]  ->  y=[16x1x128]  (T=1, K=454)
  - op#06  op=SV       shard=1   p=[16x1x454] + v=[16x454x128]  ->  y=[16x1x128]  (T=1, K=454)
  - op#07  op=Add      shard=-1  a=[1x4096] + b=[1x4096]  ->  y=[1x4096]  (T=1, K=454)
  - op#08  op=LN       shard=-1  x=[1x4096] + w=[4096]  ->  y=[1x4096]  (T=1, K=454)
  - op#09  op=SwiGLU   shard=0   a=[1x5504] + b=[1x5504]  ->  y=[1x5504]  (T=1, K=454)
  - op#10  op=SwiGLU   shard=1   a=[1x5504] + b=[1x5504]  ->  y=[1x5504]  (T=1, K=454)
  - op#11  op=Add      shard=-1  a=[1x4096] + b=[1x4096]  ->  y=[1x4096]  (T=1, K=454)
[gpu-debug] per-op timing breakdown (avg over iters):
  idx  op       sh  io                                                    time   est_flops    TFLOPs       bytes      GB/s
  ------------------------------------------------------------------------------------------------------------------------
    0  LN       -1  x[1x4096]+w[4096]->y[1x4096]                        0.062ms    20.480 K      0.00   24.00 KiB      0.39
    1  QK        0  q[16x1x128]+k[16x128x454]->y[16x1x454]              0.050ms     1.860 M      0.04    1.79 MiB     37.51
    2  QK        1  q[16x1x128]+k[16x128x454]->y[16x1x454]              0.041ms     1.860 M      0.05    1.79 MiB     45.74
    3  Softmax   0  scores[16x1x454]->y[16x1x454]                       0.019ms    36.320 K      0.00   28.38 KiB      1.54
    4  Softmax   1  scores[16x1x454]->y[16x1x454]                       0.015ms    36.320 K      0.00   28.38 KiB      1.89
    5  SV        0  p[16x1x454]+v[16x454x128]->y[16x1x128]              0.031ms     1.860 M      0.06    1.79 MiB     60.14
    6  SV        1  p[16x1x454]+v[16x454x128]->y[16x1x128]              0.030ms     1.860 M      0.06    1.79 MiB     63.47
    7  Add      -1  a[1x4096]+b[1x4096]->y[1x4096]                      0.018ms     4.096 K      0.00   24.00 KiB      1.36
    8  LN       -1  x[1x4096]+w[4096]->y[1x4096]                        0.064ms    20.480 K      0.00   24.00 KiB      0.38
    9  SwiGLU    0  a[1x5504]+b[1x5504]->y[1x5504]                      0.025ms    33.024 K      0.00   32.25 KiB      1.33
   10  SwiGLU    1  a[1x5504]+b[1x5504]->y[1x5504]                      0.022ms    33.024 K      0.00   32.25 KiB      1.54
   11  Add      -1  a[1x4096]+b[1x4096]->y[1x4096]                      0.016ms     4.096 K      0.00   24.00 KiB      1.58
[gpu-debug] segment avg latency (cuda_events): 0.256 ms
[gpu-debug] sum(per-op)               : 0.393 ms (ratio=1.534)
[gpu-debug] NOTE: sum(per-op) may differ from segment latency due to Python overhead, event/launch overhead, and allocator/cache effects.
[gpu-debug] cuda mem before warmup: alloc=33.38 MiB reserved=42.00 MiB
[gpu-debug] cuda mem after warmup : alloc=36.94 MiB reserved=42.00 MiB
[gpu-debug] cuda mem peak (this segment): max_alloc=36.97 MiB max_reserved=42.00 MiB
========================================================================================
[gpu-debug] segment_key=npu|decode|18|48322b0ab0207f84448cb08e6eac5594
[gpu-debug] sig: device_type=npu phase=decode step=18 (count_hint=32)
[gpu-debug] ops_repr: LN:-1,QK:0,QK:1,Softmax:0,Softmax:1,SV:0,SV:1,Add:-1,LN:-1,SwiGLU:0,SwiGLU:1,Add:-1
[gpu-debug] cfg: device=cuda dtype=torch.bfloat16 dim=4096 ffn_dim=11008 n_heads=32 shards=2
[gpu-debug] op plan (with inferred tensor shapes):
  - op#00  op=LN       shard=-1  x=[1x4096] + w=[4096]  ->  y=[1x4096]  (T=1, K=466)
  - op#01  op=QK       shard=0   q=[16x1x128] + k=[16x128x466]  ->  y=[16x1x466]  (T=1, K=466)
  - op#02  op=QK       shard=1   q=[16x1x128] + k=[16x128x466]  ->  y=[16x1x466]  (T=1, K=466)
  - op#03  op=Softmax  shard=0   scores=[16x1x466]  ->  y=[16x1x466]  (T=1, K=466)
  - op#04  op=Softmax  shard=1   scores=[16x1x466]  ->  y=[16x1x466]  (T=1, K=466)
  - op#05  op=SV       shard=0   p=[16x1x466] + v=[16x466x128]  ->  y=[16x1x128]  (T=1, K=466)
  - op#06  op=SV       shard=1   p=[16x1x466] + v=[16x466x128]  ->  y=[16x1x128]  (T=1, K=466)
  - op#07  op=Add      shard=-1  a=[1x4096] + b=[1x4096]  ->  y=[1x4096]  (T=1, K=466)
  - op#08  op=LN       shard=-1  x=[1x4096] + w=[4096]  ->  y=[1x4096]  (T=1, K=466)
  - op#09  op=SwiGLU   shard=0   a=[1x5504] + b=[1x5504]  ->  y=[1x5504]  (T=1, K=466)
  - op#10  op=SwiGLU   shard=1   a=[1x5504] + b=[1x5504]  ->  y=[1x5504]  (T=1, K=466)
  - op#11  op=Add      shard=-1  a=[1x4096] + b=[1x4096]  ->  y=[1x4096]  (T=1, K=466)
[gpu-debug] per-op timing breakdown (avg over iters):
  idx  op       sh  io                                                    time   est_flops    TFLOPs       bytes      GB/s
  ------------------------------------------------------------------------------------------------------------------------
    0  LN       -1  x[1x4096]+w[4096]->y[1x4096]                        0.063ms    20.480 K      0.00   24.00 KiB      0.39
    1  QK        0  q[16x1x128]+k[16x128x466]->y[16x1x466]              0.055ms     1.909 M      0.03    1.84 MiB     35.25
    2  QK        1  q[16x1x128]+k[16x128x466]->y[16x1x466]              0.041ms     1.909 M      0.05    1.84 MiB     46.48
    3  Softmax   0  scores[16x1x466]->y[16x1x466]                       0.019ms    37.280 K      0.00   29.12 KiB      1.57
    4  Softmax   1  scores[16x1x466]->y[16x1x466]                       0.015ms    37.280 K      0.00   29.12 KiB      1.94
    5  SV        0  p[16x1x466]+v[16x466x128]->y[16x1x128]              0.031ms     1.909 M      0.06    1.84 MiB     62.96
    6  SV        1  p[16x1x466]+v[16x466x128]->y[16x1x128]              0.028ms     1.909 M      0.07    1.84 MiB     67.72
    7  Add      -1  a[1x4096]+b[1x4096]->y[1x4096]                      0.018ms     4.096 K      0.00   24.00 KiB      1.37
    8  LN       -1  x[1x4096]+w[4096]->y[1x4096]                        0.064ms    20.480 K      0.00   24.00 KiB      0.38
    9  SwiGLU    0  a[1x5504]+b[1x5504]->y[1x5504]                      0.025ms    33.024 K      0.00   32.25 KiB      1.34
   10  SwiGLU    1  a[1x5504]+b[1x5504]->y[1x5504]                      0.022ms    33.024 K      0.00   32.25 KiB      1.49
   11  Add      -1  a[1x4096]+b[1x4096]->y[1x4096]                      0.016ms     4.096 K      0.00   24.00 KiB      1.57
[gpu-debug] segment avg latency (cuda_events): 0.255 ms
[gpu-debug] sum(per-op)               : 0.397 ms (ratio=1.557)
[gpu-debug] NOTE: sum(per-op) may differ from segment latency due to Python overhead, event/launch overhead, and allocator/cache effects.
[gpu-debug] cuda mem before warmup: alloc=36.94 MiB reserved=42.00 MiB
[gpu-debug] cuda mem after warmup : alloc=40.59 MiB reserved=62.00 MiB
[gpu-debug] cuda mem peak (this segment): max_alloc=40.62 MiB max_reserved=62.00 MiB
========================================================================================
[gpu-debug] segment_key=npu|decode|19|48322b0ab0207f84448cb08e6eac5594
[gpu-debug] sig: device_type=npu phase=decode step=19 (count_hint=32)
[gpu-debug] ops_repr: LN:-1,QK:0,QK:1,Softmax:0,Softmax:1,SV:0,SV:1,Add:-1,LN:-1,SwiGLU:0,SwiGLU:1,Add:-1
[gpu-debug] cfg: device=cuda dtype=torch.bfloat16 dim=4096 ffn_dim=11008 n_heads=32 shards=2
[gpu-debug] op plan (with inferred tensor shapes):
  - op#00  op=LN       shard=-1  x=[1x4096] + w=[4096]  ->  y=[1x4096]  (T=1, K=478)
  - op#01  op=QK       shard=0   q=[16x1x128] + k=[16x128x478]  ->  y=[16x1x478]  (T=1, K=478)
  - op#02  op=QK       shard=1   q=[16x1x128] + k=[16x128x478]  ->  y=[16x1x478]  (T=1, K=478)
  - op#03  op=Softmax  shard=0   scores=[16x1x478]  ->  y=[16x1x478]  (T=1, K=478)
  - op#04  op=Softmax  shard=1   scores=[16x1x478]  ->  y=[16x1x478]  (T=1, K=478)
  - op#05  op=SV       shard=0   p=[16x1x478] + v=[16x478x128]  ->  y=[16x1x128]  (T=1, K=478)
  - op#06  op=SV       shard=1   p=[16x1x478] + v=[16x478x128]  ->  y=[16x1x128]  (T=1, K=478)
  - op#07  op=Add      shard=-1  a=[1x4096] + b=[1x4096]  ->  y=[1x4096]  (T=1, K=478)
  - op#08  op=LN       shard=-1  x=[1x4096] + w=[4096]  ->  y=[1x4096]  (T=1, K=478)
  - op#09  op=SwiGLU   shard=0   a=[1x5504] + b=[1x5504]  ->  y=[1x5504]  (T=1, K=478)
  - op#10  op=SwiGLU   shard=1   a=[1x5504] + b=[1x5504]  ->  y=[1x5504]  (T=1, K=478)
  - op#11  op=Add      shard=-1  a=[1x4096] + b=[1x4096]  ->  y=[1x4096]  (T=1, K=478)
[gpu-debug] per-op timing breakdown (avg over iters):
  idx  op       sh  io                                                    time   est_flops    TFLOPs       bytes      GB/s
  ------------------------------------------------------------------------------------------------------------------------
    0  LN       -1  x[1x4096]+w[4096]->y[1x4096]                        0.066ms    20.480 K      0.00   24.00 KiB      0.37
    1  QK        0  q[16x1x128]+k[16x128x478]->y[16x1x478]              0.052ms     1.958 M      0.04    1.89 MiB     38.39
    2  QK        1  q[16x1x128]+k[16x128x478]->y[16x1x478]              0.041ms     1.958 M      0.05    1.89 MiB     47.80
    3  Softmax   0  scores[16x1x478]->y[16x1x478]                       0.019ms    38.240 K      0.00   29.88 KiB      1.59
    4  Softmax   1  scores[16x1x478]->y[16x1x478]                       0.016ms    38.240 K      0.00   29.88 KiB      1.94
    5  SV        0  p[16x1x478]+v[16x478x128]->y[16x1x128]              0.031ms     1.958 M      0.06    1.89 MiB     64.36
    6  SV        1  p[16x1x478]+v[16x478x128]->y[16x1x128]              0.029ms     1.958 M      0.07    1.89 MiB     69.21
    7  Add      -1  a[1x4096]+b[1x4096]->y[1x4096]                      0.018ms     4.096 K      0.00   24.00 KiB      1.36
    8  LN       -1  x[1x4096]+w[4096]->y[1x4096]                        0.063ms    20.480 K      0.00   24.00 KiB      0.39
    9  SwiGLU    0  a[1x5504]+b[1x5504]->y[1x5504]                      0.024ms    33.024 K      0.00   32.25 KiB      1.36
   10  SwiGLU    1  a[1x5504]+b[1x5504]->y[1x5504]                      0.021ms    33.024 K      0.00   32.25 KiB      1.54
   11  Add      -1  a[1x4096]+b[1x4096]->y[1x4096]                      0.016ms     4.096 K      0.00   24.00 KiB      1.52
[gpu-debug] segment avg latency (cuda_events): 0.256 ms
[gpu-debug] sum(per-op)               : 0.396 ms (ratio=1.547)
[gpu-debug] NOTE: sum(per-op) may differ from segment latency due to Python overhead, event/launch overhead, and allocator/cache effects.
[gpu-debug] cuda mem before warmup: alloc=40.59 MiB reserved=62.00 MiB
[gpu-debug] cuda mem after warmup : alloc=44.34 MiB reserved=62.00 MiB
[gpu-debug] cuda mem peak (this segment): max_alloc=44.37 MiB max_reserved=62.00 MiB
========================================================================================
[gpu-debug] segment_key=npu|decode|1|48322b0ab0207f84448cb08e6eac5594
[gpu-debug] sig: device_type=npu phase=decode step=1 (count_hint=32)
[gpu-debug] ops_repr: LN:-1,QK:0,QK:1,Softmax:0,Softmax:1,SV:0,SV:1,Add:-1,LN:-1,SwiGLU:0,SwiGLU:1,Add:-1
[gpu-debug] cfg: device=cuda dtype=torch.bfloat16 dim=4096 ffn_dim=11008 n_heads=32 shards=2
[gpu-debug] op plan (with inferred tensor shapes):
  - op#00  op=LN       shard=-1  x=[1x4096] + w=[4096]  ->  y=[1x4096]  (T=1, K=264)
  - op#01  op=QK       shard=0   q=[16x1x128] + k=[16x128x264]  ->  y=[16x1x264]  (T=1, K=264)
  - op#02  op=QK       shard=1   q=[16x1x128] + k=[16x128x264]  ->  y=[16x1x264]  (T=1, K=264)
  - op#03  op=Softmax  shard=0   scores=[16x1x264]  ->  y=[16x1x264]  (T=1, K=264)
  - op#04  op=Softmax  shard=1   scores=[16x1x264]  ->  y=[16x1x264]  (T=1, K=264)
  - op#05  op=SV       shard=0   p=[16x1x264] + v=[16x264x128]  ->  y=[16x1x128]  (T=1, K=264)
  - op#06  op=SV       shard=1   p=[16x1x264] + v=[16x264x128]  ->  y=[16x1x128]  (T=1, K=264)
  - op#07  op=Add      shard=-1  a=[1x4096] + b=[1x4096]  ->  y=[1x4096]  (T=1, K=264)
  - op#08  op=LN       shard=-1  x=[1x4096] + w=[4096]  ->  y=[1x4096]  (T=1, K=264)
  - op#09  op=SwiGLU   shard=0   a=[1x5504] + b=[1x5504]  ->  y=[1x5504]  (T=1, K=264)
  - op#10  op=SwiGLU   shard=1   a=[1x5504] + b=[1x5504]  ->  y=[1x5504]  (T=1, K=264)
  - op#11  op=Add      shard=-1  a=[1x4096] + b=[1x4096]  ->  y=[1x4096]  (T=1, K=264)
[gpu-debug] per-op timing breakdown (avg over iters):
  idx  op       sh  io                                                    time   est_flops    TFLOPs       bytes      GB/s
  ------------------------------------------------------------------------------------------------------------------------
    0  LN       -1  x[1x4096]+w[4096]->y[1x4096]                        0.063ms    20.480 K      0.00   24.00 KiB      0.39
    1  QK        0  q[16x1x128]+k[16x128x264]->y[16x1x264]              0.054ms     1.081 M      0.02    1.04 MiB     20.19
    2  QK        1  q[16x1x128]+k[16x128x264]->y[16x1x264]              0.043ms     1.081 M      0.03    1.04 MiB     25.37
    3  Softmax   0  scores[16x1x264]->y[16x1x264]                       0.020ms    21.120 K      0.00   16.50 KiB      0.86
    4  Softmax   1  scores[16x1x264]->y[16x1x264]                       0.016ms    21.120 K      0.00   16.50 KiB      1.09
    5  SV        0  p[16x1x264]+v[16x264x128]->y[16x1x128]              0.033ms     1.081 M      0.03    1.04 MiB     33.28
    6  SV        1  p[16x1x264]+v[16x264x128]->y[16x1x128]              0.027ms     1.081 M      0.04    1.04 MiB     39.86
    7  Add      -1  a[1x4096]+b[1x4096]->y[1x4096]                      0.018ms     4.096 K      0.00   24.00 KiB      1.33
    8  LN       -1  x[1x4096]+w[4096]->y[1x4096]                        0.065ms    20.480 K      0.00   24.00 KiB      0.38
    9  SwiGLU    0  a[1x5504]+b[1x5504]->y[1x5504]                      0.025ms    33.024 K      0.00   32.25 KiB      1.33
   10  SwiGLU    1  a[1x5504]+b[1x5504]->y[1x5504]                      0.022ms    33.024 K      0.00   32.25 KiB      1.54
   11  Add      -1  a[1x4096]+b[1x4096]->y[1x4096]                      0.016ms     4.096 K      0.00   24.00 KiB      1.53
[gpu-debug] segment avg latency (cuda_events): 0.263 ms
[gpu-debug] sum(per-op)               : 0.402 ms (ratio=1.525)
[gpu-debug] NOTE: sum(per-op) may differ from segment latency due to Python overhead, event/launch overhead, and allocator/cache effects.
[gpu-debug] cuda mem before warmup: alloc=44.34 MiB reserved=62.00 MiB
[gpu-debug] cuda mem after warmup : alloc=46.76 MiB reserved=62.00 MiB
[gpu-debug] cuda mem peak (this segment): max_alloc=46.79 MiB max_reserved=62.00 MiB
========================================================================================
[gpu-debug] segment_key=npu|decode|20|48322b0ab0207f84448cb08e6eac5594
[gpu-debug] sig: device_type=npu phase=decode step=20 (count_hint=32)
[gpu-debug] ops_repr: LN:-1,QK:0,QK:1,Softmax:0,Softmax:1,SV:0,SV:1,Add:-1,LN:-1,SwiGLU:0,SwiGLU:1,Add:-1
[gpu-debug] cfg: device=cuda dtype=torch.bfloat16 dim=4096 ffn_dim=11008 n_heads=32 shards=2
[gpu-debug] op plan (with inferred tensor shapes):
  - op#00  op=LN       shard=-1  x=[1x4096] + w=[4096]  ->  y=[1x4096]  (T=1, K=490)
  - op#01  op=QK       shard=0   q=[16x1x128] + k=[16x128x490]  ->  y=[16x1x490]  (T=1, K=490)
  - op#02  op=QK       shard=1   q=[16x1x128] + k=[16x128x490]  ->  y=[16x1x490]  (T=1, K=490)
  - op#03  op=Softmax  shard=0   scores=[16x1x490]  ->  y=[16x1x490]  (T=1, K=490)
  - op#04  op=Softmax  shard=1   scores=[16x1x490]  ->  y=[16x1x490]  (T=1, K=490)
  - op#05  op=SV       shard=0   p=[16x1x490] + v=[16x490x128]  ->  y=[16x1x128]  (T=1, K=490)
  - op#06  op=SV       shard=1   p=[16x1x490] + v=[16x490x128]  ->  y=[16x1x128]  (T=1, K=490)
  - op#07  op=Add      shard=-1  a=[1x4096] + b=[1x4096]  ->  y=[1x4096]  (T=1, K=490)
  - op#08  op=LN       shard=-1  x=[1x4096] + w=[4096]  ->  y=[1x4096]  (T=1, K=490)
  - op#09  op=SwiGLU   shard=0   a=[1x5504] + b=[1x5504]  ->  y=[1x5504]  (T=1, K=490)
  - op#10  op=SwiGLU   shard=1   a=[1x5504] + b=[1x5504]  ->  y=[1x5504]  (T=1, K=490)
  - op#11  op=Add      shard=-1  a=[1x4096] + b=[1x4096]  ->  y=[1x4096]  (T=1, K=490)
[gpu-debug] per-op timing breakdown (avg over iters):
  idx  op       sh  io                                                    time   est_flops    TFLOPs       bytes      GB/s
  ------------------------------------------------------------------------------------------------------------------------
    0  LN       -1  x[1x4096]+w[4096]->y[1x4096]                        0.065ms    20.480 K      0.00   24.00 KiB      0.38
    1  QK        0  q[16x1x128]+k[16x128x490]->y[16x1x490]              0.052ms     2.007 M      0.04    1.93 MiB     39.19
    2  QK        1  q[16x1x128]+k[16x128x490]->y[16x1x490]              0.042ms     2.007 M      0.05    1.93 MiB     48.63
    3  Softmax   0  scores[16x1x490]->y[16x1x490]                       0.019ms    39.200 K      0.00   30.62 KiB      1.66
    4  Softmax   1  scores[16x1x490]->y[16x1x490]                       0.016ms    39.200 K      0.00   30.62 KiB      2.01
    5  SV        0  p[16x1x490]+v[16x490x128]->y[16x1x128]              0.032ms     2.007 M      0.06    1.93 MiB     64.26
    6  SV        1  p[16x1x490]+v[16x490x128]->y[16x1x128]              0.029ms     2.007 M      0.07    1.93 MiB     69.21
    7  Add      -1  a[1x4096]+b[1x4096]->y[1x4096]                      0.018ms     4.096 K      0.00   24.00 KiB      1.39
    8  LN       -1  x[1x4096]+w[4096]->y[1x4096]                        0.064ms    20.480 K      0.00   24.00 KiB      0.38
    9  SwiGLU    0  a[1x5504]+b[1x5504]->y[1x5504]                      0.025ms    33.024 K      0.00   32.25 KiB      1.33
   10  SwiGLU    1  a[1x5504]+b[1x5504]->y[1x5504]                      0.022ms    33.024 K      0.00   32.25 KiB      1.52
   11  Add      -1  a[1x4096]+b[1x4096]->y[1x4096]                      0.016ms     4.096 K      0.00   24.00 KiB      1.54
[gpu-debug] segment avg latency (cuda_events): 0.257 ms
[gpu-debug] sum(per-op)               : 0.398 ms (ratio=1.548)
[gpu-debug] NOTE: sum(per-op) may differ from segment latency due to Python overhead, event/launch overhead, and allocator/cache effects.
[gpu-debug] cuda mem before warmup: alloc=46.76 MiB reserved=62.00 MiB
[gpu-debug] cuda mem after warmup : alloc=50.61 MiB reserved=62.00 MiB
[gpu-debug] cuda mem peak (this segment): max_alloc=50.64 MiB max_reserved=62.00 MiB
========================================================================================
[gpu-debug] segment_key=npu|decode|21|48322b0ab0207f84448cb08e6eac5594
[gpu-debug] sig: device_type=npu phase=decode step=21 (count_hint=32)
[gpu-debug] ops_repr: LN:-1,QK:0,QK:1,Softmax:0,Softmax:1,SV:0,SV:1,Add:-1,LN:-1,SwiGLU:0,SwiGLU:1,Add:-1
[gpu-debug] cfg: device=cuda dtype=torch.bfloat16 dim=4096 ffn_dim=11008 n_heads=32 shards=2
[gpu-debug] op plan (with inferred tensor shapes):
  - op#00  op=LN       shard=-1  x=[1x4096] + w=[4096]  ->  y=[1x4096]  (T=1, K=502)
  - op#01  op=QK       shard=0   q=[16x1x128] + k=[16x128x502]  ->  y=[16x1x502]  (T=1, K=502)
  - op#02  op=QK       shard=1   q=[16x1x128] + k=[16x128x502]  ->  y=[16x1x502]  (T=1, K=502)
  - op#03  op=Softmax  shard=0   scores=[16x1x502]  ->  y=[16x1x502]  (T=1, K=502)
  - op#04  op=Softmax  shard=1   scores=[16x1x502]  ->  y=[16x1x502]  (T=1, K=502)
  - op#05  op=SV       shard=0   p=[16x1x502] + v=[16x502x128]  ->  y=[16x1x128]  (T=1, K=502)
  - op#06  op=SV       shard=1   p=[16x1x502] + v=[16x502x128]  ->  y=[16x1x128]  (T=1, K=502)
  - op#07  op=Add      shard=-1  a=[1x4096] + b=[1x4096]  ->  y=[1x4096]  (T=1, K=502)
  - op#08  op=LN       shard=-1  x=[1x4096] + w=[4096]  ->  y=[1x4096]  (T=1, K=502)
  - op#09  op=SwiGLU   shard=0   a=[1x5504] + b=[1x5504]  ->  y=[1x5504]  (T=1, K=502)
  - op#10  op=SwiGLU   shard=1   a=[1x5504] + b=[1x5504]  ->  y=[1x5504]  (T=1, K=502)
  - op#11  op=Add      shard=-1  a=[1x4096] + b=[1x4096]  ->  y=[1x4096]  (T=1, K=502)
[gpu-debug] per-op timing breakdown (avg over iters):
  idx  op       sh  io                                                    time   est_flops    TFLOPs       bytes      GB/s
  ------------------------------------------------------------------------------------------------------------------------
    0  LN       -1  x[1x4096]+w[4096]->y[1x4096]                        0.063ms    20.480 K      0.00   24.00 KiB      0.39
    1  QK        0  q[16x1x128]+k[16x128x502]->y[16x1x502]              0.051ms     2.056 M      0.04    1.98 MiB     40.88
    2  QK        1  q[16x1x128]+k[16x128x502]->y[16x1x502]              0.041ms     2.056 M      0.05    1.98 MiB     51.08
    3  Softmax   0  scores[16x1x502]->y[16x1x502]                       0.019ms    40.160 K      0.00   31.38 KiB      1.71
    4  Softmax   1  scores[16x1x502]->y[16x1x502]                       0.015ms    40.160 K      0.00   31.38 KiB      2.09
    5  SV        0  p[16x1x502]+v[16x502x128]->y[16x1x128]              0.032ms     2.056 M      0.06    1.98 MiB     64.78
    6  SV        1  p[16x1x502]+v[16x502x128]->y[16x1x128]              0.029ms     2.056 M      0.07    1.98 MiB     71.90
    7  Add      -1  a[1x4096]+b[1x4096]->y[1x4096]                      0.018ms     4.096 K      0.00   24.00 KiB      1.38
    8  LN       -1  x[1x4096]+w[4096]->y[1x4096]                        0.064ms    20.480 K      0.00   24.00 KiB      0.38
    9  SwiGLU    0  a[1x5504]+b[1x5504]->y[1x5504]                      0.025ms    33.024 K      0.00   32.25 KiB      1.33
   10  SwiGLU    1  a[1x5504]+b[1x5504]->y[1x5504]                      0.023ms    33.024 K      0.00   32.25 KiB      1.41
   11  Add      -1  a[1x4096]+b[1x4096]->y[1x4096]                      0.016ms     4.096 K      0.00   24.00 KiB      1.57
[gpu-debug] segment avg latency (cuda_events): 0.255 ms
[gpu-debug] sum(per-op)               : 0.395 ms (ratio=1.549)
[gpu-debug] NOTE: sum(per-op) may differ from segment latency due to Python overhead, event/launch overhead, and allocator/cache effects.
[gpu-debug] cuda mem before warmup: alloc=50.61 MiB reserved=62.00 MiB
[gpu-debug] cuda mem after warmup : alloc=54.55 MiB reserved=62.00 MiB
[gpu-debug] cuda mem peak (this segment): max_alloc=54.58 MiB max_reserved=62.00 MiB
========================================================================================
[gpu-debug] segment_key=npu|decode|22|48322b0ab0207f84448cb08e6eac5594
[gpu-debug] sig: device_type=npu phase=decode step=22 (count_hint=32)
[gpu-debug] ops_repr: LN:-1,QK:0,QK:1,Softmax:0,Softmax:1,SV:0,SV:1,Add:-1,LN:-1,SwiGLU:0,SwiGLU:1,Add:-1
[gpu-debug] cfg: device=cuda dtype=torch.bfloat16 dim=4096 ffn_dim=11008 n_heads=32 shards=2
[gpu-debug] op plan (with inferred tensor shapes):
  - op#00  op=LN       shard=-1  x=[1x4096] + w=[4096]  ->  y=[1x4096]  (T=1, K=514)
  - op#01  op=QK       shard=0   q=[16x1x128] + k=[16x128x514]  ->  y=[16x1x514]  (T=1, K=514)
  - op#02  op=QK       shard=1   q=[16x1x128] + k=[16x128x514]  ->  y=[16x1x514]  (T=1, K=514)
  - op#03  op=Softmax  shard=0   scores=[16x1x514]  ->  y=[16x1x514]  (T=1, K=514)
  - op#04  op=Softmax  shard=1   scores=[16x1x514]  ->  y=[16x1x514]  (T=1, K=514)
  - op#05  op=SV       shard=0   p=[16x1x514] + v=[16x514x128]  ->  y=[16x1x128]  (T=1, K=514)
  - op#06  op=SV       shard=1   p=[16x1x514] + v=[16x514x128]  ->  y=[16x1x128]  (T=1, K=514)
  - op#07  op=Add      shard=-1  a=[1x4096] + b=[1x4096]  ->  y=[1x4096]  (T=1, K=514)
  - op#08  op=LN       shard=-1  x=[1x4096] + w=[4096]  ->  y=[1x4096]  (T=1, K=514)
  - op#09  op=SwiGLU   shard=0   a=[1x5504] + b=[1x5504]  ->  y=[1x5504]  (T=1, K=514)
  - op#10  op=SwiGLU   shard=1   a=[1x5504] + b=[1x5504]  ->  y=[1x5504]  (T=1, K=514)
  - op#11  op=Add      shard=-1  a=[1x4096] + b=[1x4096]  ->  y=[1x4096]  (T=1, K=514)
[gpu-debug] per-op timing breakdown (avg over iters):
  idx  op       sh  io                                                    time   est_flops    TFLOPs       bytes      GB/s
  ------------------------------------------------------------------------------------------------------------------------
    0  LN       -1  x[1x4096]+w[4096]->y[1x4096]                        0.063ms    20.480 K      0.00   24.00 KiB      0.39
    1  QK        0  q[16x1x128]+k[16x128x514]->y[16x1x514]              0.052ms     2.105 M      0.04    2.03 MiB     41.27
    2  QK        1  q[16x1x128]+k[16x128x514]->y[16x1x514]              0.041ms     2.105 M      0.05    2.03 MiB     51.39
    3  Softmax   0  scores[16x1x514]->y[16x1x514]                       0.020ms    41.120 K      0.00   32.12 KiB      1.66
    4  Softmax   1  scores[16x1x514]->y[16x1x514]                       0.017ms    41.120 K      0.00   32.12 KiB      1.97
    5  SV        0  p[16x1x514]+v[16x514x128]->y[16x1x128]              0.031ms     2.105 M      0.07    2.03 MiB     68.97
    6  SV        1  p[16x1x514]+v[16x514x128]->y[16x1x128]              0.028ms     2.105 M      0.07    2.03 MiB     74.68
    7  Add      -1  a[1x4096]+b[1x4096]->y[1x4096]                      0.018ms     4.096 K      0.00   24.00 KiB      1.39
    8  LN       -1  x[1x4096]+w[4096]->y[1x4096]                        0.066ms    20.480 K      0.00   24.00 KiB      0.37
    9  SwiGLU    0  a[1x5504]+b[1x5504]->y[1x5504]                      0.025ms    33.024 K      0.00   32.25 KiB      1.30
   10  SwiGLU    1  a[1x5504]+b[1x5504]->y[1x5504]                      0.022ms    33.024 K      0.00   32.25 KiB      1.51
   11  Add      -1  a[1x4096]+b[1x4096]->y[1x4096]                      0.016ms     4.096 K      0.00   24.00 KiB      1.57
[gpu-debug] segment avg latency (cuda_events): 0.256 ms
[gpu-debug] sum(per-op)               : 0.399 ms (ratio=1.559)
[gpu-debug] NOTE: sum(per-op) may differ from segment latency due to Python overhead, event/launch overhead, and allocator/cache effects.
[gpu-debug] cuda mem before warmup: alloc=54.55 MiB reserved=62.00 MiB
[gpu-debug] cuda mem after warmup : alloc=58.58 MiB reserved=62.00 MiB
[gpu-debug] cuda mem peak (this segment): max_alloc=58.61 MiB max_reserved=62.00 MiB
========================================================================================
[gpu-debug] segment_key=npu|decode|2|48322b0ab0207f84448cb08e6eac5594
[gpu-debug] sig: device_type=npu phase=decode step=2 (count_hint=32)
[gpu-debug] ops_repr: LN:-1,QK:0,QK:1,Softmax:0,Softmax:1,SV:0,SV:1,Add:-1,LN:-1,SwiGLU:0,SwiGLU:1,Add:-1
[gpu-debug] cfg: device=cuda dtype=torch.bfloat16 dim=4096 ffn_dim=11008 n_heads=32 shards=2
[gpu-debug] op plan (with inferred tensor shapes):
  - op#00  op=LN       shard=-1  x=[1x4096] + w=[4096]  ->  y=[1x4096]  (T=1, K=274)
  - op#01  op=QK       shard=0   q=[16x1x128] + k=[16x128x274]  ->  y=[16x1x274]  (T=1, K=274)
  - op#02  op=QK       shard=1   q=[16x1x128] + k=[16x128x274]  ->  y=[16x1x274]  (T=1, K=274)
  - op#03  op=Softmax  shard=0   scores=[16x1x274]  ->  y=[16x1x274]  (T=1, K=274)
  - op#04  op=Softmax  shard=1   scores=[16x1x274]  ->  y=[16x1x274]  (T=1, K=274)
  - op#05  op=SV       shard=0   p=[16x1x274] + v=[16x274x128]  ->  y=[16x1x128]  (T=1, K=274)
  - op#06  op=SV       shard=1   p=[16x1x274] + v=[16x274x128]  ->  y=[16x1x128]  (T=1, K=274)
  - op#07  op=Add      shard=-1  a=[1x4096] + b=[1x4096]  ->  y=[1x4096]  (T=1, K=274)
  - op#08  op=LN       shard=-1  x=[1x4096] + w=[4096]  ->  y=[1x4096]  (T=1, K=274)
  - op#09  op=SwiGLU   shard=0   a=[1x5504] + b=[1x5504]  ->  y=[1x5504]  (T=1, K=274)
  - op#10  op=SwiGLU   shard=1   a=[1x5504] + b=[1x5504]  ->  y=[1x5504]  (T=1, K=274)
  - op#11  op=Add      shard=-1  a=[1x4096] + b=[1x4096]  ->  y=[1x4096]  (T=1, K=274)
[gpu-debug] per-op timing breakdown (avg over iters):
  idx  op       sh  io                                                    time   est_flops    TFLOPs       bytes      GB/s
  ------------------------------------------------------------------------------------------------------------------------
    0  LN       -1  x[1x4096]+w[4096]->y[1x4096]                        0.062ms    20.480 K      0.00   24.00 KiB      0.40
    1  QK        0  q[16x1x128]+k[16x128x274]->y[16x1x274]              0.051ms     1.122 M      0.02    1.08 MiB     22.08
    2  QK        1  q[16x1x128]+k[16x128x274]->y[16x1x274]              0.043ms     1.122 M      0.03    1.08 MiB     26.58
    3  Softmax   0  scores[16x1x274]->y[16x1x274]                       0.019ms    21.920 K      0.00   17.12 KiB      0.95
    4  Softmax   1  scores[16x1x274]->y[16x1x274]                       0.015ms    21.920 K      0.00   17.12 KiB      1.14
    5  SV        0  p[16x1x274]+v[16x274x128]->y[16x1x128]              0.030ms     1.122 M      0.04    1.08 MiB     37.71
    6  SV        1  p[16x1x274]+v[16x274x128]->y[16x1x128]              0.027ms     1.122 M      0.04    1.08 MiB     42.15
    7  Add      -1  a[1x4096]+b[1x4096]->y[1x4096]                      0.018ms     4.096 K      0.00   24.00 KiB      1.38
    8  LN       -1  x[1x4096]+w[4096]->y[1x4096]                        0.064ms    20.480 K      0.00   24.00 KiB      0.39
    9  SwiGLU    0  a[1x5504]+b[1x5504]->y[1x5504]                      0.025ms    33.024 K      0.00   32.25 KiB      1.34
   10  SwiGLU    1  a[1x5504]+b[1x5504]->y[1x5504]                      0.022ms    33.024 K      0.00   32.25 KiB      1.52
   11  Add      -1  a[1x4096]+b[1x4096]->y[1x4096]                      0.016ms     4.096 K      0.00   24.00 KiB      1.57
[gpu-debug] segment avg latency (cuda_events): 0.257 ms
[gpu-debug] sum(per-op)               : 0.390 ms (ratio=1.521)
[gpu-debug] NOTE: sum(per-op) may differ from segment latency due to Python overhead, event/launch overhead, and allocator/cache effects.
[gpu-debug] cuda mem before warmup: alloc=58.58 MiB reserved=62.00 MiB
[gpu-debug] cuda mem after warmup : alloc=61.30 MiB reserved=82.00 MiB
[gpu-debug] cuda mem peak (this segment): max_alloc=61.33 MiB max_reserved=82.00 MiB
========================================================================================
[gpu-debug] segment_key=npu|decode|3|48322b0ab0207f84448cb08e6eac5594
[gpu-debug] sig: device_type=npu phase=decode step=3 (count_hint=32)
[gpu-debug] ops_repr: LN:-1,QK:0,QK:1,Softmax:0,Softmax:1,SV:0,SV:1,Add:-1,LN:-1,SwiGLU:0,SwiGLU:1,Add:-1
[gpu-debug] cfg: device=cuda dtype=torch.bfloat16 dim=4096 ffn_dim=11008 n_heads=32 shards=2
[gpu-debug] op plan (with inferred tensor shapes):
  - op#00  op=LN       shard=-1  x=[1x4096] + w=[4096]  ->  y=[1x4096]  (T=1, K=286)
  - op#01  op=QK       shard=0   q=[16x1x128] + k=[16x128x286]  ->  y=[16x1x286]  (T=1, K=286)
  - op#02  op=QK       shard=1   q=[16x1x128] + k=[16x128x286]  ->  y=[16x1x286]  (T=1, K=286)
  - op#03  op=Softmax  shard=0   scores=[16x1x286]  ->  y=[16x1x286]  (T=1, K=286)
  - op#04  op=Softmax  shard=1   scores=[16x1x286]  ->  y=[16x1x286]  (T=1, K=286)
  - op#05  op=SV       shard=0   p=[16x1x286] + v=[16x286x128]  ->  y=[16x1x128]  (T=1, K=286)
  - op#06  op=SV       shard=1   p=[16x1x286] + v=[16x286x128]  ->  y=[16x1x128]  (T=1, K=286)
  - op#07  op=Add      shard=-1  a=[1x4096] + b=[1x4096]  ->  y=[1x4096]  (T=1, K=286)
  - op#08  op=LN       shard=-1  x=[1x4096] + w=[4096]  ->  y=[1x4096]  (T=1, K=286)
  - op#09  op=SwiGLU   shard=0   a=[1x5504] + b=[1x5504]  ->  y=[1x5504]  (T=1, K=286)
  - op#10  op=SwiGLU   shard=1   a=[1x5504] + b=[1x5504]  ->  y=[1x5504]  (T=1, K=286)
  - op#11  op=Add      shard=-1  a=[1x4096] + b=[1x4096]  ->  y=[1x4096]  (T=1, K=286)
[gpu-debug] per-op timing breakdown (avg over iters):
  idx  op       sh  io                                                    time   est_flops    TFLOPs       bytes      GB/s
  ------------------------------------------------------------------------------------------------------------------------
    0  LN       -1  x[1x4096]+w[4096]->y[1x4096]                        0.066ms    20.480 K      0.00   24.00 KiB      0.37
    1  QK        0  q[16x1x128]+k[16x128x286]->y[16x1x286]              0.051ms     1.171 M      0.02    1.13 MiB     23.28
    2  QK        1  q[16x1x128]+k[16x128x286]->y[16x1x286]              0.041ms     1.171 M      0.03    1.13 MiB     28.92
    3  Softmax   0  scores[16x1x286]->y[16x1x286]                       0.019ms    22.880 K      0.00   17.88 KiB      0.98
    4  Softmax   1  scores[16x1x286]->y[16x1x286]                       0.016ms    22.880 K      0.00   17.88 KiB      1.17
    5  SV        0  p[16x1x286]+v[16x286x128]->y[16x1x128]              0.030ms     1.171 M      0.04    1.13 MiB     39.62
    6  SV        1  p[16x1x286]+v[16x286x128]->y[16x1x128]              0.027ms     1.171 M      0.04    1.13 MiB     43.82
    7  Add      -1  a[1x4096]+b[1x4096]->y[1x4096]                      0.018ms     4.096 K      0.00   24.00 KiB      1.38
    8  LN       -1  x[1x4096]+w[4096]->y[1x4096]                        0.063ms    20.480 K      0.00   24.00 KiB      0.39
    9  SwiGLU    0  a[1x5504]+b[1x5504]->y[1x5504]                      0.025ms    33.024 K      0.00   32.25 KiB      1.34
   10  SwiGLU    1  a[1x5504]+b[1x5504]->y[1x5504]                      0.022ms    33.024 K      0.00   32.25 KiB      1.51
   11  Add      -1  a[1x4096]+b[1x4096]->y[1x4096]                      0.016ms     4.096 K      0.00   24.00 KiB      1.55
[gpu-debug] segment avg latency (cuda_events): 0.257 ms
[gpu-debug] sum(per-op)               : 0.393 ms (ratio=1.525)
[gpu-debug] NOTE: sum(per-op) may differ from segment latency due to Python overhead, event/launch overhead, and allocator/cache effects.
[gpu-debug] cuda mem before warmup: alloc=61.30 MiB reserved=82.00 MiB
[gpu-debug] cuda mem after warmup : alloc=63.55 MiB reserved=82.00 MiB
[gpu-debug] cuda mem peak (this segment): max_alloc=63.57 MiB max_reserved=82.00 MiB
========================================================================================
[gpu-debug] segment_key=npu|decode|4|48322b0ab0207f84448cb08e6eac5594
[gpu-debug] sig: device_type=npu phase=decode step=4 (count_hint=32)
[gpu-debug] ops_repr: LN:-1,QK:0,QK:1,Softmax:0,Softmax:1,SV:0,SV:1,Add:-1,LN:-1,SwiGLU:0,SwiGLU:1,Add:-1
[gpu-debug] cfg: device=cuda dtype=torch.bfloat16 dim=4096 ffn_dim=11008 n_heads=32 shards=2
[gpu-debug] op plan (with inferred tensor shapes):
  - op#00  op=LN       shard=-1  x=[1x4096] + w=[4096]  ->  y=[1x4096]  (T=1, K=298)
  - op#01  op=QK       shard=0   q=[16x1x128] + k=[16x128x298]  ->  y=[16x1x298]  (T=1, K=298)
  - op#02  op=QK       shard=1   q=[16x1x128] + k=[16x128x298]  ->  y=[16x1x298]  (T=1, K=298)
  - op#03  op=Softmax  shard=0   scores=[16x1x298]  ->  y=[16x1x298]  (T=1, K=298)
  - op#04  op=Softmax  shard=1   scores=[16x1x298]  ->  y=[16x1x298]  (T=1, K=298)
  - op#05  op=SV       shard=0   p=[16x1x298] + v=[16x298x128]  ->  y=[16x1x128]  (T=1, K=298)
  - op#06  op=SV       shard=1   p=[16x1x298] + v=[16x298x128]  ->  y=[16x1x128]  (T=1, K=298)
  - op#07  op=Add      shard=-1  a=[1x4096] + b=[1x4096]  ->  y=[1x4096]  (T=1, K=298)
  - op#08  op=LN       shard=-1  x=[1x4096] + w=[4096]  ->  y=[1x4096]  (T=1, K=298)
  - op#09  op=SwiGLU   shard=0   a=[1x5504] + b=[1x5504]  ->  y=[1x5504]  (T=1, K=298)
  - op#10  op=SwiGLU   shard=1   a=[1x5504] + b=[1x5504]  ->  y=[1x5504]  (T=1, K=298)
  - op#11  op=Add      shard=-1  a=[1x4096] + b=[1x4096]  ->  y=[1x4096]  (T=1, K=298)
[gpu-debug] per-op timing breakdown (avg over iters):
  idx  op       sh  io                                                    time   est_flops    TFLOPs       bytes      GB/s
  ------------------------------------------------------------------------------------------------------------------------
    0  LN       -1  x[1x4096]+w[4096]->y[1x4096]                        0.063ms    20.480 K      0.00   24.00 KiB      0.39
    1  QK        0  q[16x1x128]+k[16x128x298]->y[16x1x298]              0.052ms     1.221 M      0.02    1.18 MiB     23.87
    2  QK        1  q[16x1x128]+k[16x128x298]->y[16x1x298]              0.041ms     1.221 M      0.03    1.18 MiB     30.06
    3  Softmax   0  scores[16x1x298]->y[16x1x298]                       0.019ms    23.840 K      0.00   18.62 KiB      1.00
    4  Softmax   1  scores[16x1x298]->y[16x1x298]                       0.016ms    23.840 K      0.00   18.62 KiB      1.23
    5  SV        0  p[16x1x298]+v[16x298x128]->y[16x1x128]              0.030ms     1.221 M      0.04    1.18 MiB     41.28
    6  SV        1  p[16x1x298]+v[16x298x128]->y[16x1x128]              0.027ms     1.221 M      0.04    1.18 MiB     45.48
    7  Add      -1  a[1x4096]+b[1x4096]->y[1x4096]                      0.018ms     4.096 K      0.00   24.00 KiB      1.40
    8  LN       -1  x[1x4096]+w[4096]->y[1x4096]                        0.064ms    20.480 K      0.00   24.00 KiB      0.38
    9  SwiGLU    0  a[1x5504]+b[1x5504]->y[1x5504]                      0.026ms    33.024 K      0.00   32.25 KiB      1.28
   10  SwiGLU    1  a[1x5504]+b[1x5504]->y[1x5504]                      0.022ms    33.024 K      0.00   32.25 KiB      1.49
   11  Add      -1  a[1x4096]+b[1x4096]->y[1x4096]                      0.016ms     4.096 K      0.00   24.00 KiB      1.55
[gpu-debug] segment avg latency (cuda_events): 0.258 ms
[gpu-debug] sum(per-op)               : 0.393 ms (ratio=1.525)
[gpu-debug] NOTE: sum(per-op) may differ from segment latency due to Python overhead, event/launch overhead, and allocator/cache effects.
[gpu-debug] cuda mem before warmup: alloc=63.55 MiB reserved=82.00 MiB
[gpu-debug] cuda mem after warmup : alloc=65.89 MiB reserved=82.00 MiB
[gpu-debug] cuda mem peak (this segment): max_alloc=65.91 MiB max_reserved=82.00 MiB
========================================================================================
[gpu-debug] segment_key=npu|decode|5|48322b0ab0207f84448cb08e6eac5594
[gpu-debug] sig: device_type=npu phase=decode step=5 (count_hint=32)
[gpu-debug] ops_repr: LN:-1,QK:0,QK:1,Softmax:0,Softmax:1,SV:0,SV:1,Add:-1,LN:-1,SwiGLU:0,SwiGLU:1,Add:-1
[gpu-debug] cfg: device=cuda dtype=torch.bfloat16 dim=4096 ffn_dim=11008 n_heads=32 shards=2
[gpu-debug] op plan (with inferred tensor shapes):
  - op#00  op=LN       shard=-1  x=[1x4096] + w=[4096]  ->  y=[1x4096]  (T=1, K=310)
  - op#01  op=QK       shard=0   q=[16x1x128] + k=[16x128x310]  ->  y=[16x1x310]  (T=1, K=310)
  - op#02  op=QK       shard=1   q=[16x1x128] + k=[16x128x310]  ->  y=[16x1x310]  (T=1, K=310)
  - op#03  op=Softmax  shard=0   scores=[16x1x310]  ->  y=[16x1x310]  (T=1, K=310)
  - op#04  op=Softmax  shard=1   scores=[16x1x310]  ->  y=[16x1x310]  (T=1, K=310)
  - op#05  op=SV       shard=0   p=[16x1x310] + v=[16x310x128]  ->  y=[16x1x128]  (T=1, K=310)
  - op#06  op=SV       shard=1   p=[16x1x310] + v=[16x310x128]  ->  y=[16x1x128]  (T=1, K=310)
  - op#07  op=Add      shard=-1  a=[1x4096] + b=[1x4096]  ->  y=[1x4096]  (T=1, K=310)
  - op#08  op=LN       shard=-1  x=[1x4096] + w=[4096]  ->  y=[1x4096]  (T=1, K=310)
  - op#09  op=SwiGLU   shard=0   a=[1x5504] + b=[1x5504]  ->  y=[1x5504]  (T=1, K=310)
  - op#10  op=SwiGLU   shard=1   a=[1x5504] + b=[1x5504]  ->  y=[1x5504]  (T=1, K=310)
  - op#11  op=Add      shard=-1  a=[1x4096] + b=[1x4096]  ->  y=[1x4096]  (T=1, K=310)
[gpu-debug] per-op timing breakdown (avg over iters):
  idx  op       sh  io                                                    time   est_flops    TFLOPs       bytes      GB/s
  ------------------------------------------------------------------------------------------------------------------------
    0  LN       -1  x[1x4096]+w[4096]->y[1x4096]                        0.063ms    20.480 K      0.00   24.00 KiB      0.39
    1  QK        0  q[16x1x128]+k[16x128x310]->y[16x1x310]              0.051ms     1.270 M      0.02    1.22 MiB     25.02
    2  QK        1  q[16x1x128]+k[16x128x310]->y[16x1x310]              0.041ms     1.270 M      0.03    1.22 MiB     31.11
    3  Softmax   0  scores[16x1x310]->y[16x1x310]                       0.019ms    24.800 K      0.00   19.38 KiB      1.05
    4  Softmax   1  scores[16x1x310]->y[16x1x310]                       0.016ms    24.800 K      0.00   19.38 KiB      1.27
    5  SV        0  p[16x1x310]+v[16x310x128]->y[16x1x128]              0.030ms     1.270 M      0.04    1.22 MiB     43.23
    6  SV        1  p[16x1x310]+v[16x310x128]->y[16x1x128]              0.027ms     1.270 M      0.05    1.22 MiB     46.78
    7  Add      -1  a[1x4096]+b[1x4096]->y[1x4096]                      0.018ms     4.096 K      0.00   24.00 KiB      1.37
    8  LN       -1  x[1x4096]+w[4096]->y[1x4096]                        0.067ms    20.480 K      0.00   24.00 KiB      0.37
    9  SwiGLU    0  a[1x5504]+b[1x5504]->y[1x5504]                      0.025ms    33.024 K      0.00   32.25 KiB      1.33
   10  SwiGLU    1  a[1x5504]+b[1x5504]->y[1x5504]                      0.022ms    33.024 K      0.00   32.25 KiB      1.51
   11  Add      -1  a[1x4096]+b[1x4096]->y[1x4096]                      0.016ms     4.096 K      0.00   24.00 KiB      1.57
[gpu-debug] segment avg latency (cuda_events): 0.258 ms
[gpu-debug] sum(per-op)               : 0.394 ms (ratio=1.527)
[gpu-debug] NOTE: sum(per-op) may differ from segment latency due to Python overhead, event/launch overhead, and allocator/cache effects.
[gpu-debug] cuda mem before warmup: alloc=65.89 MiB reserved=82.00 MiB
[gpu-debug] cuda mem after warmup : alloc=68.32 MiB reserved=82.00 MiB
[gpu-debug] cuda mem peak (this segment): max_alloc=68.34 MiB max_reserved=82.00 MiB
========================================================================================
[gpu-debug] segment_key=npu|decode|6|48322b0ab0207f84448cb08e6eac5594
[gpu-debug] sig: device_type=npu phase=decode step=6 (count_hint=32)
[gpu-debug] ops_repr: LN:-1,QK:0,QK:1,Softmax:0,Softmax:1,SV:0,SV:1,Add:-1,LN:-1,SwiGLU:0,SwiGLU:1,Add:-1
[gpu-debug] cfg: device=cuda dtype=torch.bfloat16 dim=4096 ffn_dim=11008 n_heads=32 shards=2
[gpu-debug] op plan (with inferred tensor shapes):
  - op#00  op=LN       shard=-1  x=[1x4096] + w=[4096]  ->  y=[1x4096]  (T=1, K=322)
  - op#01  op=QK       shard=0   q=[16x1x128] + k=[16x128x322]  ->  y=[16x1x322]  (T=1, K=322)
  - op#02  op=QK       shard=1   q=[16x1x128] + k=[16x128x322]  ->  y=[16x1x322]  (T=1, K=322)
  - op#03  op=Softmax  shard=0   scores=[16x1x322]  ->  y=[16x1x322]  (T=1, K=322)
  - op#04  op=Softmax  shard=1   scores=[16x1x322]  ->  y=[16x1x322]  (T=1, K=322)
  - op#05  op=SV       shard=0   p=[16x1x322] + v=[16x322x128]  ->  y=[16x1x128]  (T=1, K=322)
  - op#06  op=SV       shard=1   p=[16x1x322] + v=[16x322x128]  ->  y=[16x1x128]  (T=1, K=322)
  - op#07  op=Add      shard=-1  a=[1x4096] + b=[1x4096]  ->  y=[1x4096]  (T=1, K=322)
  - op#08  op=LN       shard=-1  x=[1x4096] + w=[4096]  ->  y=[1x4096]  (T=1, K=322)
  - op#09  op=SwiGLU   shard=0   a=[1x5504] + b=[1x5504]  ->  y=[1x5504]  (T=1, K=322)
  - op#10  op=SwiGLU   shard=1   a=[1x5504] + b=[1x5504]  ->  y=[1x5504]  (T=1, K=322)
  - op#11  op=Add      shard=-1  a=[1x4096] + b=[1x4096]  ->  y=[1x4096]  (T=1, K=322)
[gpu-debug] per-op timing breakdown (avg over iters):
  idx  op       sh  io                                                    time   est_flops    TFLOPs       bytes      GB/s
  ------------------------------------------------------------------------------------------------------------------------
    0  LN       -1  x[1x4096]+w[4096]->y[1x4096]                        0.062ms    20.480 K      0.00   24.00 KiB      0.39
    1  QK        0  q[16x1x128]+k[16x128x322]->y[16x1x322]              0.050ms     1.319 M      0.03    1.27 MiB     26.41
    2  QK        1  q[16x1x128]+k[16x128x322]->y[16x1x322]              0.041ms     1.319 M      0.03    1.27 MiB     32.63
    3  Softmax   0  scores[16x1x322]->y[16x1x322]                       0.019ms    25.760 K      0.00   20.12 KiB      1.10
    4  Softmax   1  scores[16x1x322]->y[16x1x322]                       0.015ms    25.760 K      0.00   20.12 KiB      1.34
    5  SV        0  p[16x1x322]+v[16x322x128]->y[16x1x128]              0.030ms     1.319 M      0.04    1.27 MiB     44.29
    6  SV        1  p[16x1x322]+v[16x322x128]->y[16x1x128]              0.029ms     1.319 M      0.05    1.27 MiB     45.85
    7  Add      -1  a[1x4096]+b[1x4096]->y[1x4096]                      0.018ms     4.096 K      0.00   24.00 KiB      1.37
    8  LN       -1  x[1x4096]+w[4096]->y[1x4096]                        0.064ms    20.480 K      0.00   24.00 KiB      0.38
    9  SwiGLU    0  a[1x5504]+b[1x5504]->y[1x5504]                      0.025ms    33.024 K      0.00   32.25 KiB      1.34
   10  SwiGLU    1  a[1x5504]+b[1x5504]->y[1x5504]                      0.022ms    33.024 K      0.00   32.25 KiB      1.53
   11  Add      -1  a[1x4096]+b[1x4096]->y[1x4096]                      0.015ms     4.096 K      0.00   24.00 KiB      1.59
[gpu-debug] segment avg latency (cuda_events): 0.256 ms
[gpu-debug] sum(per-op)               : 0.391 ms (ratio=1.527)
[gpu-debug] NOTE: sum(per-op) may differ from segment latency due to Python overhead, event/launch overhead, and allocator/cache effects.
[gpu-debug] cuda mem before warmup: alloc=68.32 MiB reserved=82.00 MiB
[gpu-debug] cuda mem after warmup : alloc=70.84 MiB reserved=82.00 MiB
[gpu-debug] cuda mem peak (this segment): max_alloc=70.86 MiB max_reserved=82.00 MiB
  progress 20/24
========================================================================================
[gpu-debug] segment_key=npu|decode|7|48322b0ab0207f84448cb08e6eac5594
[gpu-debug] sig: device_type=npu phase=decode step=7 (count_hint=32)
[gpu-debug] ops_repr: LN:-1,QK:0,QK:1,Softmax:0,Softmax:1,SV:0,SV:1,Add:-1,LN:-1,SwiGLU:0,SwiGLU:1,Add:-1
[gpu-debug] cfg: device=cuda dtype=torch.bfloat16 dim=4096 ffn_dim=11008 n_heads=32 shards=2
[gpu-debug] op plan (with inferred tensor shapes):
  - op#00  op=LN       shard=-1  x=[1x4096] + w=[4096]  ->  y=[1x4096]  (T=1, K=334)
  - op#01  op=QK       shard=0   q=[16x1x128] + k=[16x128x334]  ->  y=[16x1x334]  (T=1, K=334)
  - op#02  op=QK       shard=1   q=[16x1x128] + k=[16x128x334]  ->  y=[16x1x334]  (T=1, K=334)
  - op#03  op=Softmax  shard=0   scores=[16x1x334]  ->  y=[16x1x334]  (T=1, K=334)
  - op#04  op=Softmax  shard=1   scores=[16x1x334]  ->  y=[16x1x334]  (T=1, K=334)
  - op#05  op=SV       shard=0   p=[16x1x334] + v=[16x334x128]  ->  y=[16x1x128]  (T=1, K=334)
  - op#06  op=SV       shard=1   p=[16x1x334] + v=[16x334x128]  ->  y=[16x1x128]  (T=1, K=334)
  - op#07  op=Add      shard=-1  a=[1x4096] + b=[1x4096]  ->  y=[1x4096]  (T=1, K=334)
  - op#08  op=LN       shard=-1  x=[1x4096] + w=[4096]  ->  y=[1x4096]  (T=1, K=334)
  - op#09  op=SwiGLU   shard=0   a=[1x5504] + b=[1x5504]  ->  y=[1x5504]  (T=1, K=334)
  - op#10  op=SwiGLU   shard=1   a=[1x5504] + b=[1x5504]  ->  y=[1x5504]  (T=1, K=334)
  - op#11  op=Add      shard=-1  a=[1x4096] + b=[1x4096]  ->  y=[1x4096]  (T=1, K=334)
[gpu-debug] per-op timing breakdown (avg over iters):
  idx  op       sh  io                                                    time   est_flops    TFLOPs       bytes      GB/s
  ------------------------------------------------------------------------------------------------------------------------
    0  LN       -1  x[1x4096]+w[4096]->y[1x4096]                        0.062ms    20.480 K      0.00   24.00 KiB      0.39
    1  QK        0  q[16x1x128]+k[16x128x334]->y[16x1x334]              0.050ms     1.368 M      0.03    1.32 MiB     27.62
    2  QK        1  q[16x1x128]+k[16x128x334]->y[16x1x334]              0.041ms     1.368 M      0.03    1.32 MiB     33.93
    3  Softmax   0  scores[16x1x334]->y[16x1x334]                       0.018ms    26.720 K      0.00   20.88 KiB      1.16
    4  Softmax   1  scores[16x1x334]->y[16x1x334]                       0.017ms    26.720 K      0.00   20.88 KiB      1.25
    5  SV        0  p[16x1x334]+v[16x334x128]->y[16x1x128]              0.031ms     1.368 M      0.04    1.32 MiB     44.57
    6  SV        1  p[16x1x334]+v[16x334x128]->y[16x1x128]              0.027ms     1.368 M      0.05    1.32 MiB     50.58
    7  Add      -1  a[1x4096]+b[1x4096]->y[1x4096]                      0.018ms     4.096 K      0.00   24.00 KiB      1.37
    8  LN       -1  x[1x4096]+w[4096]->y[1x4096]                        0.064ms    20.480 K      0.00   24.00 KiB      0.38
    9  SwiGLU    0  a[1x5504]+b[1x5504]->y[1x5504]                      0.025ms    33.024 K      0.00   32.25 KiB      1.34
   10  SwiGLU    1  a[1x5504]+b[1x5504]->y[1x5504]                      0.022ms    33.024 K      0.00   32.25 KiB      1.53
   11  Add      -1  a[1x4096]+b[1x4096]->y[1x4096]                      0.016ms     4.096 K      0.00   24.00 KiB      1.57
[gpu-debug] segment avg latency (cuda_events): 0.256 ms
[gpu-debug] sum(per-op)               : 0.391 ms (ratio=1.527)
[gpu-debug] NOTE: sum(per-op) may differ from segment latency due to Python overhead, event/launch overhead, and allocator/cache effects.
[gpu-debug] cuda mem before warmup: alloc=70.84 MiB reserved=82.00 MiB
[gpu-debug] cuda mem after warmup : alloc=73.46 MiB reserved=82.00 MiB
[gpu-debug] cuda mem peak (this segment): max_alloc=73.48 MiB max_reserved=82.00 MiB
========================================================================================
[gpu-debug] segment_key=npu|decode|8|48322b0ab0207f84448cb08e6eac5594
[gpu-debug] sig: device_type=npu phase=decode step=8 (count_hint=32)
[gpu-debug] ops_repr: LN:-1,QK:0,QK:1,Softmax:0,Softmax:1,SV:0,SV:1,Add:-1,LN:-1,SwiGLU:0,SwiGLU:1,Add:-1
[gpu-debug] cfg: device=cuda dtype=torch.bfloat16 dim=4096 ffn_dim=11008 n_heads=32 shards=2
[gpu-debug] op plan (with inferred tensor shapes):
  - op#00  op=LN       shard=-1  x=[1x4096] + w=[4096]  ->  y=[1x4096]  (T=1, K=346)
  - op#01  op=QK       shard=0   q=[16x1x128] + k=[16x128x346]  ->  y=[16x1x346]  (T=1, K=346)
  - op#02  op=QK       shard=1   q=[16x1x128] + k=[16x128x346]  ->  y=[16x1x346]  (T=1, K=346)
  - op#03  op=Softmax  shard=0   scores=[16x1x346]  ->  y=[16x1x346]  (T=1, K=346)
  - op#04  op=Softmax  shard=1   scores=[16x1x346]  ->  y=[16x1x346]  (T=1, K=346)
  - op#05  op=SV       shard=0   p=[16x1x346] + v=[16x346x128]  ->  y=[16x1x128]  (T=1, K=346)
  - op#06  op=SV       shard=1   p=[16x1x346] + v=[16x346x128]  ->  y=[16x1x128]  (T=1, K=346)
  - op#07  op=Add      shard=-1  a=[1x4096] + b=[1x4096]  ->  y=[1x4096]  (T=1, K=346)
  - op#08  op=LN       shard=-1  x=[1x4096] + w=[4096]  ->  y=[1x4096]  (T=1, K=346)
  - op#09  op=SwiGLU   shard=0   a=[1x5504] + b=[1x5504]  ->  y=[1x5504]  (T=1, K=346)
  - op#10  op=SwiGLU   shard=1   a=[1x5504] + b=[1x5504]  ->  y=[1x5504]  (T=1, K=346)
  - op#11  op=Add      shard=-1  a=[1x4096] + b=[1x4096]  ->  y=[1x4096]  (T=1, K=346)
[gpu-debug] per-op timing breakdown (avg over iters):
  idx  op       sh  io                                                    time   est_flops    TFLOPs       bytes      GB/s
  ------------------------------------------------------------------------------------------------------------------------
    0  LN       -1  x[1x4096]+w[4096]->y[1x4096]                        0.062ms    20.480 K      0.00   24.00 KiB      0.40
    1  QK        0  q[16x1x128]+k[16x128x346]->y[16x1x346]              0.050ms     1.417 M      0.03    1.37 MiB     28.55
    2  QK        1  q[16x1x128]+k[16x128x346]->y[16x1x346]              0.041ms     1.417 M      0.03    1.37 MiB     34.62
    3  Softmax   0  scores[16x1x346]->y[16x1x346]                       0.020ms    27.680 K      0.00   21.62 KiB      1.08
    4  Softmax   1  scores[16x1x346]->y[16x1x346]                       0.016ms    27.680 K      0.00   21.62 KiB      1.41
    5  SV        0  p[16x1x346]+v[16x346x128]->y[16x1x128]              0.031ms     1.417 M      0.05    1.37 MiB     46.17
    6  SV        1  p[16x1x346]+v[16x346x128]->y[16x1x128]              0.028ms     1.417 M      0.05    1.37 MiB     52.00
    7  Add      -1  a[1x4096]+b[1x4096]->y[1x4096]                      0.018ms     4.096 K      0.00   24.00 KiB      1.39
    8  LN       -1  x[1x4096]+w[4096]->y[1x4096]                        0.064ms    20.480 K      0.00   24.00 KiB      0.39
    9  SwiGLU    0  a[1x5504]+b[1x5504]->y[1x5504]                      0.025ms    33.024 K      0.00   32.25 KiB      1.33
   10  SwiGLU    1  a[1x5504]+b[1x5504]->y[1x5504]                      0.022ms    33.024 K      0.00   32.25 KiB      1.52
   11  Add      -1  a[1x4096]+b[1x4096]->y[1x4096]                      0.016ms     4.096 K      0.00   24.00 KiB      1.58
[gpu-debug] segment avg latency (cuda_events): 0.256 ms
[gpu-debug] sum(per-op)               : 0.392 ms (ratio=1.533)
[gpu-debug] NOTE: sum(per-op) may differ from segment latency due to Python overhead, event/launch overhead, and allocator/cache effects.
[gpu-debug] cuda mem before warmup: alloc=73.46 MiB reserved=82.00 MiB
[gpu-debug] cuda mem after warmup : alloc=76.18 MiB reserved=82.00 MiB
[gpu-debug] cuda mem peak (this segment): max_alloc=76.20 MiB max_reserved=82.00 MiB
========================================================================================
[gpu-debug] segment_key=npu|decode|9|48322b0ab0207f84448cb08e6eac5594
[gpu-debug] sig: device_type=npu phase=decode step=9 (count_hint=32)
[gpu-debug] ops_repr: LN:-1,QK:0,QK:1,Softmax:0,Softmax:1,SV:0,SV:1,Add:-1,LN:-1,SwiGLU:0,SwiGLU:1,Add:-1
[gpu-debug] cfg: device=cuda dtype=torch.bfloat16 dim=4096 ffn_dim=11008 n_heads=32 shards=2
[gpu-debug] op plan (with inferred tensor shapes):
  - op#00  op=LN       shard=-1  x=[1x4096] + w=[4096]  ->  y=[1x4096]  (T=1, K=358)
  - op#01  op=QK       shard=0   q=[16x1x128] + k=[16x128x358]  ->  y=[16x1x358]  (T=1, K=358)
  - op#02  op=QK       shard=1   q=[16x1x128] + k=[16x128x358]  ->  y=[16x1x358]  (T=1, K=358)
  - op#03  op=Softmax  shard=0   scores=[16x1x358]  ->  y=[16x1x358]  (T=1, K=358)
  - op#04  op=Softmax  shard=1   scores=[16x1x358]  ->  y=[16x1x358]  (T=1, K=358)
  - op#05  op=SV       shard=0   p=[16x1x358] + v=[16x358x128]  ->  y=[16x1x128]  (T=1, K=358)
  - op#06  op=SV       shard=1   p=[16x1x358] + v=[16x358x128]  ->  y=[16x1x128]  (T=1, K=358)
  - op#07  op=Add      shard=-1  a=[1x4096] + b=[1x4096]  ->  y=[1x4096]  (T=1, K=358)
  - op#08  op=LN       shard=-1  x=[1x4096] + w=[4096]  ->  y=[1x4096]  (T=1, K=358)
  - op#09  op=SwiGLU   shard=0   a=[1x5504] + b=[1x5504]  ->  y=[1x5504]  (T=1, K=358)
  - op#10  op=SwiGLU   shard=1   a=[1x5504] + b=[1x5504]  ->  y=[1x5504]  (T=1, K=358)
  - op#11  op=Add      shard=-1  a=[1x4096] + b=[1x4096]  ->  y=[1x4096]  (T=1, K=358)
[gpu-debug] per-op timing breakdown (avg over iters):
  idx  op       sh  io                                                    time   est_flops    TFLOPs       bytes      GB/s
  ------------------------------------------------------------------------------------------------------------------------
    0  LN       -1  x[1x4096]+w[4096]->y[1x4096]                        0.063ms    20.480 K      0.00   24.00 KiB      0.39
    1  QK        0  q[16x1x128]+k[16x128x358]->y[16x1x358]              0.053ms     1.466 M      0.03    1.41 MiB     28.10
    2  QK        1  q[16x1x128]+k[16x128x358]->y[16x1x358]              0.041ms     1.466 M      0.04    1.41 MiB     36.00
    3  Softmax   0  scores[16x1x358]->y[16x1x358]                       0.019ms    28.640 K      0.00   22.38 KiB      1.24
    4  Softmax   1  scores[16x1x358]->y[16x1x358]                       0.015ms    28.640 K      0.00   22.38 KiB      1.50
    5  SV        0  p[16x1x358]+v[16x358x128]->y[16x1x128]              0.031ms     1.466 M      0.05    1.41 MiB     48.40
    6  SV        1  p[16x1x358]+v[16x358x128]->y[16x1x128]              0.027ms     1.466 M      0.05    1.41 MiB     54.61
    7  Add      -1  a[1x4096]+b[1x4096]->y[1x4096]                      0.018ms     4.096 K      0.00   24.00 KiB      1.37
    8  LN       -1  x[1x4096]+w[4096]->y[1x4096]                        0.064ms    20.480 K      0.00   24.00 KiB      0.39
    9  SwiGLU    0  a[1x5504]+b[1x5504]->y[1x5504]                      0.025ms    33.024 K      0.00   32.25 KiB      1.33
   10  SwiGLU    1  a[1x5504]+b[1x5504]->y[1x5504]                      0.022ms    33.024 K      0.00   32.25 KiB      1.53
   11  Add      -1  a[1x4096]+b[1x4096]->y[1x4096]                      0.016ms     4.096 K      0.00   24.00 KiB      1.57
[gpu-debug] segment avg latency (cuda_events): 0.257 ms
[gpu-debug] sum(per-op)               : 0.392 ms (ratio=1.524)
[gpu-debug] NOTE: sum(per-op) may differ from segment latency due to Python overhead, event/launch overhead, and allocator/cache effects.
[gpu-debug] cuda mem before warmup: alloc=76.18 MiB reserved=82.00 MiB
[gpu-debug] cuda mem after warmup : alloc=78.98 MiB reserved=82.00 MiB
[gpu-debug] cuda mem peak (this segment): max_alloc=79.01 MiB max_reserved=82.00 MiB
========================================================================================
[gpu-debug] segment_key=npu|prefill|-1|48322b0ab0207f84448cb08e6eac5594
[gpu-debug] sig: device_type=npu phase=prefill step=-1 (count_hint=32)
[gpu-debug] ops_repr: LN:-1,QK:0,QK:1,Softmax:0,Softmax:1,SV:0,SV:1,Add:-1,LN:-1,SwiGLU:0,SwiGLU:1,Add:-1
[gpu-debug] cfg: device=cuda dtype=torch.bfloat16 dim=4096 ffn_dim=11008 n_heads=32 shards=2
[gpu-debug] op plan (with inferred tensor shapes):
  - op#00  op=LN       shard=-1  x=[262x4096] + w=[4096]  ->  y=[262x4096]  (T=262, K=262)
  - op#01  op=QK       shard=0   q=[16x262x128] + k=[16x128x262]  ->  y=[16x262x262]  (T=262, K=262)
  - op#02  op=QK       shard=1   q=[16x262x128] + k=[16x128x262]  ->  y=[16x262x262]  (T=262, K=262)
  - op#03  op=Softmax  shard=0   scores=[16x262x262]  ->  y=[16x262x262]  (T=262, K=262)
  - op#04  op=Softmax  shard=1   scores=[16x262x262]  ->  y=[16x262x262]  (T=262, K=262)
  - op#05  op=SV       shard=0   p=[16x262x262] + v=[16x262x128]  ->  y=[16x262x128]  (T=262, K=262)
  - op#06  op=SV       shard=1   p=[16x262x262] + v=[16x262x128]  ->  y=[16x262x128]  (T=262, K=262)
  - op#07  op=Add      shard=-1  a=[262x4096] + b=[262x4096]  ->  y=[262x4096]  (T=262, K=262)
  - op#08  op=LN       shard=-1  x=[262x4096] + w=[4096]  ->  y=[262x4096]  (T=262, K=262)
  - op#09  op=SwiGLU   shard=0   a=[262x5504] + b=[262x5504]  ->  y=[262x5504]  (T=262, K=262)
  - op#10  op=SwiGLU   shard=1   a=[262x5504] + b=[262x5504]  ->  y=[262x5504]  (T=262, K=262)
  - op#11  op=Add      shard=-1  a=[262x4096] + b=[262x4096]  ->  y=[262x4096]  (T=262, K=262)
[gpu-debug] per-op timing breakdown (avg over iters):
  idx  op       sh  io                                                    time   est_flops    TFLOPs       bytes      GB/s
  ------------------------------------------------------------------------------------------------------------------------
    0  LN       -1  x[262x4096]+w[4096]->y[262x4096]                    0.081ms     5.366 M      0.07    4.10 MiB     52.90
    1  QK        0  q[16x262x128]+k[16x128x262]->y[16x262x262]          0.049ms   281.166 M      5.73    4.14 MiB     88.54
    2  QK        1  q[16x262x128]+k[16x128x262]->y[16x262x262]          0.049ms   281.166 M      5.73    4.14 MiB     88.54
    3  Softmax   0  scores[16x262x262]->y[16x262x262]                   0.019ms     5.492 M      0.29    4.19 MiB    230.66
    4  Softmax   1  scores[16x262x262]->y[16x262x262]                   0.019ms     5.492 M      0.30    4.19 MiB    237.03
    5  SV        0  p[16x262x262]+v[16x262x128]->y[16x262x128]          0.036ms   281.166 M      7.73    4.14 MiB    119.47
    6  SV        1  p[16x262x262]+v[16x262x128]->y[16x262x128]          0.031ms   281.166 M      9.12    4.14 MiB    140.90
    7  Add      -1  a[262x4096]+b[262x4096]->y[262x4096]                0.014ms     1.073 M      0.08    6.14 MiB    462.35
    8  LN       -1  x[262x4096]+w[4096]->y[262x4096]                    0.082ms     5.366 M      0.07    4.10 MiB     52.50
    9  SwiGLU    0  a[262x5504]+b[262x5504]->y[262x5504]                0.023ms     8.652 M      0.38    8.25 MiB    375.53
   10  SwiGLU    1  a[262x5504]+b[262x5504]->y[262x5504]                0.023ms     8.652 M      0.38    8.25 MiB    382.33
   11  Add      -1  a[262x4096]+b[262x4096]->y[262x4096]                0.013ms     1.073 M      0.08    6.14 MiB    491.25
[gpu-debug] segment avg latency (cuda_events): 0.322 ms
[gpu-debug] sum(per-op)               : 0.439 ms (ratio=1.362)
[gpu-debug] NOTE: sum(per-op) may differ from segment latency due to Python overhead, event/launch overhead, and allocator/cache effects.
[gpu-debug] cuda mem before warmup: alloc=78.98 MiB reserved=82.00 MiB
[gpu-debug] cuda mem after warmup : alloc=88.22 MiB reserved=102.00 MiB
[gpu-debug] cuda mem peak (this segment): max_alloc=93.72 MiB max_reserved=102.00 MiB
  progress 24/24
[run-gpu] wrote /lustre/home/2501111916/workspace/XPUPIM_0226_gpupim_parameter/TriForm/verify/hw_hardware_1gpu_2aim/st12/llama_7b_bf16_b1_s12/weights_on_pim_262x262.gpu_results.json
[slurm] wrote OK_FILE=/lustre/home/2501111916/workspace/XPUPIM_0226_gpupim_parameter/TriForm/verify/hw_hardware_1gpu_2aim/st12/llama_7b_bf16_b1_s12/weights_on_pim_262x262.gpu.ok
