[slurm] jobid=9730476 nodelist=l12gpu04
[slurm] CUDA_VISIBLE_DEVICES=0
Fri Feb 27 10:07:28 2026       
+-----------------------------------------------------------------------------------------+
| NVIDIA-SMI 560.35.03              Driver Version: 560.35.03      CUDA Version: 12.6     |
|-----------------------------------------+------------------------+----------------------+
| GPU  Name                 Persistence-M | Bus-Id          Disp.A | Volatile Uncorr. ECC |
| Fan  Temp   Perf          Pwr:Usage/Cap |           Memory-Usage | GPU-Util  Compute M. |
|                                         |                        |               MIG M. |
|=========================================+========================+======================|
|   0  NVIDIA A100-PCIE-40GB          On  |   00000000:B1:00.0 Off |                    0 |
| N/A   33C    P0             32W /  250W |       1MiB /  40960MiB |      0%      Default |
|                                         |                        |             Disabled |
+-----------------------------------------+------------------------+----------------------+
                                                                                         
+-----------------------------------------------------------------------------------------+
| Processes:                                                                              |
|  GPU   GI   CI        PID   Type   Process name                              GPU Memory |
|        ID   ID                                                               Usage      |
|=========================================================================================|
|  No running processes found                                                             |
+-----------------------------------------------------------------------------------------+
torch: 2.8.0+cu126
cuda available: True
device: NVIDIA A100-PCIE-40GB
[slurm] PY_SCRIPT=/lustre/home/2501111916/workspace/XPUPIM_0226_gpupim_parameter/TriForm/verify/schedule_deploy_verify.py
[slurm] TASKS_JSON=/lustre/home/2501111916/workspace/XPUPIM_0226_gpupim_parameter/TriForm/verify/hw_hardware_1gpu_2aim/st12/llama_7b_bf16_b1_s12/heft_128x262.gpu_tasks.json
[slurm] OUT_JSON=/lustre/home/2501111916/workspace/XPUPIM_0226_gpupim_parameter/TriForm/verify/hw_hardware_1gpu_2aim/st12/llama_7b_bf16_b1_s12/heft_128x262.gpu_results.json
[slurm] WARMUP=3 ITERS=10 DEVICE=cuda GPU_DTYPE=bf16
[slurm] OK_FILE=/lustre/home/2501111916/workspace/XPUPIM_0226_gpupim_parameter/TriForm/verify/hw_hardware_1gpu_2aim/st12/llama_7b_bf16_b1_s12/heft_128x262.gpu.ok
[slurm] Running: python /lustre/home/2501111916/workspace/XPUPIM_0226_gpupim_parameter/TriForm/verify/schedule_deploy_verify.py run-gpu --tasks /lustre/home/2501111916/workspace/XPUPIM_0226_gpupim_parameter/TriForm/verify/hw_hardware_1gpu_2aim/st12/llama_7b_bf16_b1_s12/heft_128x262.gpu_tasks.json --out /lustre/home/2501111916/workspace/XPUPIM_0226_gpupim_parameter/TriForm/verify/hw_hardware_1gpu_2aim/st12/llama_7b_bf16_b1_s12/heft_128x262.gpu_results.json --debug --debug-txt /lustre/home/2501111916/workspace/XPUPIM_0226_gpupim_parameter/TriForm/verify/hw_hardware_1gpu_2aim/st12/llama_7b_bf16_b1_s12/heft_128x262.gpu_debug.log --warmup 3 --iters 10 --device cuda --gpu-dtype bf16
[run-gpu] tasks=24 warmup=3 iters=10 device=cuda dtype=bf16 segment_scope=layer
[run-gpu] extra weight_load_s=0.200256s (will be added in merge)
[run-gpu] GPU[0] NVIDIA A100-PCIE-40GB; SM=108, CC=8.0
[run-gpu] nvidia-smi -L: GPU 0: NVIDIA A100-PCIE-40GB (UUID: GPU-10fd0274-d52f-ca61-05e2-aaf982e4391e)
[run-gpu] nvidia-smi query: NVIDIA A100-PCIE-40GB, GPU-10fd0274-d52f-ca61-05e2-aaf982e4391e, 560.35.03, 40960
[run-gpu][debug] torch_default_dtype=torch.float32
[run-gpu][debug] torch.backends.cuda.matmul.allow_tf32=False
[run-gpu][debug] cudnn.enabled=True benchmark=False deterministic=False allow_tf32=True
[run-gpu][debug] nvidia-smi snapshot: 0, 0, 0, 4, 40960, 33, 33.01, 250.00
========================================================================================
[gpu-debug] segment_key=npu|decode|0|49c28e1b9f3b0630867d036cc3768f2b
[gpu-debug] sig: device_type=npu phase=decode step=0 (count_hint=32)
[gpu-debug] ops_repr: Q:0,Q:1,V:0,O:1,FFN_W1:0,FFN_W1:1,FFN_W2:0
[gpu-debug] cfg: device=cuda dtype=torch.bfloat16 dim=4096 ffn_dim=11008 n_heads=32 shards=2
[gpu-debug] op plan (with inferred tensor shapes):
  - op#00  op=Q        shard=0   x=[1x4096] + w=[2048x4096]  ->  y=[1x2048]  (T=1, K=129)
  - op#01  op=Q        shard=1   x=[1x4096] + w=[2048x4096]  ->  y=[1x2048]  (T=1, K=129)
  - op#02  op=V        shard=0   x=[1x4096] + w=[2048x4096]  ->  y=[1x2048]  (T=1, K=129)
  - op#03  op=O        shard=1   x=[1x2048] + w=[4096x2048]  ->  y=[1x4096]  (T=1, K=129)
  - op#04  op=FFN_W1   shard=0   x=[1x4096] + w=[5504x4096]  ->  y=[1x5504]  (T=1, K=129)
  - op#05  op=FFN_W1   shard=1   x=[1x4096] + w=[5504x4096]  ->  y=[1x5504]  (T=1, K=129)
  - op#06  op=FFN_W2   shard=0   x=[1x5504] + w=[4096x5504]  ->  y=[1x4096]  (T=1, K=129)
[gpu-debug] per-op timing breakdown (avg over iters):
  idx  op       sh  io                                                    time   est_flops    TFLOPs       bytes      GB/s
  ------------------------------------------------------------------------------------------------------------------------
    0  Q         0  x[1x4096]+w[2048x4096]->y[1x2048]                   0.044ms    16.777 M      0.38   16.01 MiB    382.19
    1  Q         1  x[1x4096]+w[2048x4096]->y[1x2048]                   0.034ms    16.777 M      0.49   16.01 MiB    489.43
    2  V         0  x[1x4096]+w[2048x4096]->y[1x2048]                   0.034ms    16.777 M      0.50   16.01 MiB    496.85
    3  O         1  x[1x2048]+w[4096x2048]->y[1x4096]                   0.028ms    16.777 M      0.60   16.01 MiB    602.79
    4  FFN_W1    0  x[1x4096]+w[5504x4096]->y[1x5504]                   0.047ms    45.089 M      0.95   43.02 MiB    951.42
    5  FFN_W1    1  x[1x4096]+w[5504x4096]->y[1x5504]                   0.048ms    45.089 M      0.93   43.02 MiB    935.26
    6  FFN_W2    0  x[1x5504]+w[4096x5504]->y[1x4096]                   0.051ms    45.089 M      0.89   43.02 MiB    891.72
[gpu-debug] segment avg latency (cuda_events): 0.253 ms
[gpu-debug] sum(per-op)               : 0.286 ms (ratio=1.132)
[gpu-debug] NOTE: sum(per-op) may differ from segment latency due to Python overhead, event/launch overhead, and allocator/cache effects.
[gpu-debug] cuda mem before warmup: alloc=0 B reserved=0 B
[gpu-debug] cuda mem after warmup : alloc=204.15 MiB reserved=218.00 MiB
[gpu-debug] cuda mem peak (this segment): max_alloc=204.16 MiB max_reserved=218.00 MiB
========================================================================================
[gpu-debug] segment_key=npu|decode|10|49c28e1b9f3b0630867d036cc3768f2b
[gpu-debug] sig: device_type=npu phase=decode step=10 (count_hint=32)
[gpu-debug] ops_repr: Q:0,Q:1,V:0,O:1,FFN_W1:0,FFN_W1:1,FFN_W2:0
[gpu-debug] cfg: device=cuda dtype=torch.bfloat16 dim=4096 ffn_dim=11008 n_heads=32 shards=2
[gpu-debug] op plan (with inferred tensor shapes):
  - op#00  op=Q        shard=0   x=[1x4096] + w=[2048x4096]  ->  y=[1x2048]  (T=1, K=236)
  - op#01  op=Q        shard=1   x=[1x4096] + w=[2048x4096]  ->  y=[1x2048]  (T=1, K=236)
  - op#02  op=V        shard=0   x=[1x4096] + w=[2048x4096]  ->  y=[1x2048]  (T=1, K=236)
  - op#03  op=O        shard=1   x=[1x2048] + w=[4096x2048]  ->  y=[1x4096]  (T=1, K=236)
  - op#04  op=FFN_W1   shard=0   x=[1x4096] + w=[5504x4096]  ->  y=[1x5504]  (T=1, K=236)
  - op#05  op=FFN_W1   shard=1   x=[1x4096] + w=[5504x4096]  ->  y=[1x5504]  (T=1, K=236)
  - op#06  op=FFN_W2   shard=0   x=[1x5504] + w=[4096x5504]  ->  y=[1x4096]  (T=1, K=236)
[gpu-debug] per-op timing breakdown (avg over iters):
  idx  op       sh  io                                                    time   est_flops    TFLOPs       bytes      GB/s
  ------------------------------------------------------------------------------------------------------------------------
    0  Q         0  x[1x4096]+w[2048x4096]->y[1x2048]                   0.044ms    16.777 M      0.38   16.01 MiB    384.88
    1  Q         1  x[1x4096]+w[2048x4096]->y[1x2048]                   0.034ms    16.777 M      0.50   16.01 MiB    498.36
    2  V         0  x[1x4096]+w[2048x4096]->y[1x2048]                   0.033ms    16.777 M      0.50   16.01 MiB    501.41
    3  O         1  x[1x2048]+w[4096x2048]->y[1x4096]                   0.028ms    16.777 M      0.60   16.01 MiB    598.39
    4  FFN_W1    0  x[1x4096]+w[5504x4096]->y[1x5504]                   0.047ms    45.089 M      0.95   43.02 MiB    953.48
    5  FFN_W1    1  x[1x4096]+w[5504x4096]->y[1x5504]                   0.048ms    45.089 M      0.93   43.02 MiB    931.31
    6  FFN_W2    0  x[1x5504]+w[4096x5504]->y[1x4096]                   0.051ms    45.089 M      0.89   43.02 MiB    889.91
[gpu-debug] segment avg latency (cuda_events): 0.251 ms
[gpu-debug] sum(per-op)               : 0.285 ms (ratio=1.136)
[gpu-debug] NOTE: sum(per-op) may differ from segment latency due to Python overhead, event/launch overhead, and allocator/cache effects.
[gpu-debug] cuda mem before warmup: alloc=204.15 MiB reserved=218.00 MiB
[gpu-debug] cuda mem after warmup : alloc=204.15 MiB reserved=218.00 MiB
[gpu-debug] cuda mem peak (this segment): max_alloc=204.16 MiB max_reserved=218.00 MiB
========================================================================================
[gpu-debug] segment_key=npu|decode|11|49c28e1b9f3b0630867d036cc3768f2b
[gpu-debug] sig: device_type=npu phase=decode step=11 (count_hint=32)
[gpu-debug] ops_repr: Q:0,Q:1,V:0,O:1,FFN_W1:0,FFN_W1:1,FFN_W2:0
[gpu-debug] cfg: device=cuda dtype=torch.bfloat16 dim=4096 ffn_dim=11008 n_heads=32 shards=2
[gpu-debug] op plan (with inferred tensor shapes):
  - op#00  op=Q        shard=0   x=[1x4096] + w=[2048x4096]  ->  y=[1x2048]  (T=1, K=248)
  - op#01  op=Q        shard=1   x=[1x4096] + w=[2048x4096]  ->  y=[1x2048]  (T=1, K=248)
  - op#02  op=V        shard=0   x=[1x4096] + w=[2048x4096]  ->  y=[1x2048]  (T=1, K=248)
  - op#03  op=O        shard=1   x=[1x2048] + w=[4096x2048]  ->  y=[1x4096]  (T=1, K=248)
  - op#04  op=FFN_W1   shard=0   x=[1x4096] + w=[5504x4096]  ->  y=[1x5504]  (T=1, K=248)
  - op#05  op=FFN_W1   shard=1   x=[1x4096] + w=[5504x4096]  ->  y=[1x5504]  (T=1, K=248)
  - op#06  op=FFN_W2   shard=0   x=[1x5504] + w=[4096x5504]  ->  y=[1x4096]  (T=1, K=248)
[gpu-debug] per-op timing breakdown (avg over iters):
  idx  op       sh  io                                                    time   est_flops    TFLOPs       bytes      GB/s
  ------------------------------------------------------------------------------------------------------------------------
    0  Q         0  x[1x4096]+w[2048x4096]->y[1x2048]                   0.043ms    16.777 M      0.39   16.01 MiB    391.31
    1  Q         1  x[1x4096]+w[2048x4096]->y[1x2048]                   0.034ms    16.777 M      0.50   16.01 MiB    496.85
    2  V         0  x[1x4096]+w[2048x4096]->y[1x2048]                   0.033ms    16.777 M      0.50   16.01 MiB    501.41
    3  O         1  x[1x2048]+w[4096x2048]->y[1x4096]                   0.028ms    16.777 M      0.60   16.01 MiB    596.22
    4  FFN_W1    0  x[1x4096]+w[5504x4096]->y[1x5504]                   0.047ms    45.089 M      0.95   43.02 MiB    951.42
    5  FFN_W1    1  x[1x4096]+w[5504x4096]->y[1x5504]                   0.048ms    45.089 M      0.93   43.02 MiB    935.26
    6  FFN_W2    0  x[1x5504]+w[4096x5504]->y[1x4096]                   0.051ms    45.089 M      0.89   43.02 MiB    888.12
[gpu-debug] segment avg latency (cuda_events): 0.248 ms
[gpu-debug] sum(per-op)               : 0.285 ms (ratio=1.146)
[gpu-debug] NOTE: sum(per-op) may differ from segment latency due to Python overhead, event/launch overhead, and allocator/cache effects.
[gpu-debug] cuda mem before warmup: alloc=204.15 MiB reserved=218.00 MiB
[gpu-debug] cuda mem after warmup : alloc=204.15 MiB reserved=218.00 MiB
[gpu-debug] cuda mem peak (this segment): max_alloc=204.16 MiB max_reserved=218.00 MiB
========================================================================================
[gpu-debug] segment_key=npu|decode|12|49c28e1b9f3b0630867d036cc3768f2b
[gpu-debug] sig: device_type=npu phase=decode step=12 (count_hint=32)
[gpu-debug] ops_repr: Q:0,Q:1,V:0,O:1,FFN_W1:0,FFN_W1:1,FFN_W2:0
[gpu-debug] cfg: device=cuda dtype=torch.bfloat16 dim=4096 ffn_dim=11008 n_heads=32 shards=2
[gpu-debug] op plan (with inferred tensor shapes):
  - op#00  op=Q        shard=0   x=[1x4096] + w=[2048x4096]  ->  y=[1x2048]  (T=1, K=260)
  - op#01  op=Q        shard=1   x=[1x4096] + w=[2048x4096]  ->  y=[1x2048]  (T=1, K=260)
  - op#02  op=V        shard=0   x=[1x4096] + w=[2048x4096]  ->  y=[1x2048]  (T=1, K=260)
  - op#03  op=O        shard=1   x=[1x2048] + w=[4096x2048]  ->  y=[1x4096]  (T=1, K=260)
  - op#04  op=FFN_W1   shard=0   x=[1x4096] + w=[5504x4096]  ->  y=[1x5504]  (T=1, K=260)
  - op#05  op=FFN_W1   shard=1   x=[1x4096] + w=[5504x4096]  ->  y=[1x5504]  (T=1, K=260)
  - op#06  op=FFN_W2   shard=0   x=[1x5504] + w=[4096x5504]  ->  y=[1x4096]  (T=1, K=260)
[gpu-debug] per-op timing breakdown (avg over iters):
  idx  op       sh  io                                                    time   est_flops    TFLOPs       bytes      GB/s
  ------------------------------------------------------------------------------------------------------------------------
    0  Q         0  x[1x4096]+w[2048x4096]->y[1x2048]                   0.043ms    16.777 M      0.39   16.01 MiB    389.45
    1  Q         1  x[1x4096]+w[2048x4096]->y[1x2048]                   0.034ms    16.777 M      0.49   16.01 MiB    495.35
    2  V         0  x[1x4096]+w[2048x4096]->y[1x2048]                   0.033ms    16.777 M      0.50   16.01 MiB    504.49
    3  O         1  x[1x2048]+w[4096x2048]->y[1x4096]                   0.028ms    16.777 M      0.60   16.01 MiB    598.39
    4  FFN_W1    0  x[1x4096]+w[5504x4096]->y[1x5504]                   0.048ms    45.089 M      0.95   43.02 MiB    947.33
    5  FFN_W1    1  x[1x4096]+w[5504x4096]->y[1x5504]                   0.049ms    45.089 M      0.93   43.02 MiB    929.34
    6  FFN_W2    0  x[1x5504]+w[4096x5504]->y[1x4096]                   0.051ms    45.089 M      0.89   43.02 MiB    891.72
[gpu-debug] segment avg latency (cuda_events): 0.249 ms
[gpu-debug] sum(per-op)               : 0.285 ms (ratio=1.146)
[gpu-debug] NOTE: sum(per-op) may differ from segment latency due to Python overhead, event/launch overhead, and allocator/cache effects.
[gpu-debug] cuda mem before warmup: alloc=204.15 MiB reserved=218.00 MiB
[gpu-debug] cuda mem after warmup : alloc=204.15 MiB reserved=218.00 MiB
[gpu-debug] cuda mem peak (this segment): max_alloc=204.16 MiB max_reserved=218.00 MiB
========================================================================================
[gpu-debug] segment_key=npu|decode|13|49c28e1b9f3b0630867d036cc3768f2b
[gpu-debug] sig: device_type=npu phase=decode step=13 (count_hint=32)
[gpu-debug] ops_repr: Q:0,Q:1,V:0,O:1,FFN_W1:0,FFN_W1:1,FFN_W2:0
[gpu-debug] cfg: device=cuda dtype=torch.bfloat16 dim=4096 ffn_dim=11008 n_heads=32 shards=2
[gpu-debug] op plan (with inferred tensor shapes):
  - op#00  op=Q        shard=0   x=[1x4096] + w=[2048x4096]  ->  y=[1x2048]  (T=1, K=272)
  - op#01  op=Q        shard=1   x=[1x4096] + w=[2048x4096]  ->  y=[1x2048]  (T=1, K=272)
  - op#02  op=V        shard=0   x=[1x4096] + w=[2048x4096]  ->  y=[1x2048]  (T=1, K=272)
  - op#03  op=O        shard=1   x=[1x2048] + w=[4096x2048]  ->  y=[1x4096]  (T=1, K=272)
  - op#04  op=FFN_W1   shard=0   x=[1x4096] + w=[5504x4096]  ->  y=[1x5504]  (T=1, K=272)
  - op#05  op=FFN_W1   shard=1   x=[1x4096] + w=[5504x4096]  ->  y=[1x5504]  (T=1, K=272)
  - op#06  op=FFN_W2   shard=0   x=[1x5504] + w=[4096x5504]  ->  y=[1x4096]  (T=1, K=272)
[gpu-debug] per-op timing breakdown (avg over iters):
  idx  op       sh  io                                                    time   est_flops    TFLOPs       bytes      GB/s
  ------------------------------------------------------------------------------------------------------------------------
    0  Q         0  x[1x4096]+w[2048x4096]->y[1x2048]                   0.044ms    16.777 M      0.39   16.01 MiB    385.79
    1  Q         1  x[1x4096]+w[2048x4096]->y[1x2048]                   0.034ms    16.777 M      0.50   16.01 MiB    496.85
    2  V         0  x[1x4096]+w[2048x4096]->y[1x2048]                   0.034ms    16.777 M      0.50   16.01 MiB    496.85
    3  O         1  x[1x2048]+w[4096x2048]->y[1x4096]                   0.028ms    16.777 M      0.59   16.01 MiB    594.06
    4  FFN_W1    0  x[1x4096]+w[5504x4096]->y[1x5504]                   0.047ms    45.089 M      0.95   43.02 MiB    951.42
    5  FFN_W1    1  x[1x4096]+w[5504x4096]->y[1x5504]                   0.048ms    45.089 M      0.94   43.02 MiB    943.27
    6  FFN_W2    0  x[1x5504]+w[4096x5504]->y[1x4096]                   0.051ms    45.089 M      0.89   43.02 MiB    888.12
[gpu-debug] segment avg latency (cuda_events): 0.249 ms
[gpu-debug] sum(per-op)               : 0.285 ms (ratio=1.148)
[gpu-debug] NOTE: sum(per-op) may differ from segment latency due to Python overhead, event/launch overhead, and allocator/cache effects.
[gpu-debug] cuda mem before warmup: alloc=204.15 MiB reserved=218.00 MiB
[gpu-debug] cuda mem after warmup : alloc=204.15 MiB reserved=218.00 MiB
[gpu-debug] cuda mem peak (this segment): max_alloc=204.16 MiB max_reserved=218.00 MiB
========================================================================================
[gpu-debug] segment_key=npu|decode|14|49c28e1b9f3b0630867d036cc3768f2b
[gpu-debug] sig: device_type=npu phase=decode step=14 (count_hint=32)
[gpu-debug] ops_repr: Q:0,Q:1,V:0,O:1,FFN_W1:0,FFN_W1:1,FFN_W2:0
[gpu-debug] cfg: device=cuda dtype=torch.bfloat16 dim=4096 ffn_dim=11008 n_heads=32 shards=2
[gpu-debug] op plan (with inferred tensor shapes):
  - op#00  op=Q        shard=0   x=[1x4096] + w=[2048x4096]  ->  y=[1x2048]  (T=1, K=284)
  - op#01  op=Q        shard=1   x=[1x4096] + w=[2048x4096]  ->  y=[1x2048]  (T=1, K=284)
  - op#02  op=V        shard=0   x=[1x4096] + w=[2048x4096]  ->  y=[1x2048]  (T=1, K=284)
  - op#03  op=O        shard=1   x=[1x2048] + w=[4096x2048]  ->  y=[1x4096]  (T=1, K=284)
  - op#04  op=FFN_W1   shard=0   x=[1x4096] + w=[5504x4096]  ->  y=[1x5504]  (T=1, K=284)
  - op#05  op=FFN_W1   shard=1   x=[1x4096] + w=[5504x4096]  ->  y=[1x5504]  (T=1, K=284)
  - op#06  op=FFN_W2   shard=0   x=[1x5504] + w=[4096x5504]  ->  y=[1x4096]  (T=1, K=284)
[gpu-debug] per-op timing breakdown (avg over iters):
  idx  op       sh  io                                                    time   est_flops    TFLOPs       bytes      GB/s
  ------------------------------------------------------------------------------------------------------------------------
    0  Q         0  x[1x4096]+w[2048x4096]->y[1x2048]                   0.043ms    16.777 M      0.39   16.01 MiB    389.45
    1  Q         1  x[1x4096]+w[2048x4096]->y[1x2048]                   0.034ms    16.777 M      0.50   16.01 MiB    498.36
    2  V         0  x[1x4096]+w[2048x4096]->y[1x2048]                   0.033ms    16.777 M      0.50   16.01 MiB    502.94
    3  O         1  x[1x2048]+w[4096x2048]->y[1x4096]                   0.028ms    16.777 M      0.59   16.01 MiB    594.06
    4  FFN_W1    0  x[1x4096]+w[5504x4096]->y[1x5504]                   0.048ms    45.089 M      0.95   43.02 MiB    949.37
    5  FFN_W1    1  x[1x4096]+w[5504x4096]->y[1x5504]                   0.048ms    45.089 M      0.93   43.02 MiB    933.28
    6  FFN_W2    0  x[1x5504]+w[4096x5504]->y[1x4096]                   0.051ms    45.089 M      0.89   43.02 MiB    888.12
[gpu-debug] segment avg latency (cuda_events): 0.249 ms
[gpu-debug] sum(per-op)               : 0.285 ms (ratio=1.147)
[gpu-debug] NOTE: sum(per-op) may differ from segment latency due to Python overhead, event/launch overhead, and allocator/cache effects.
[gpu-debug] cuda mem before warmup: alloc=204.15 MiB reserved=218.00 MiB
[gpu-debug] cuda mem after warmup : alloc=204.15 MiB reserved=218.00 MiB
[gpu-debug] cuda mem peak (this segment): max_alloc=204.16 MiB max_reserved=218.00 MiB
========================================================================================
[gpu-debug] segment_key=npu|decode|15|49c28e1b9f3b0630867d036cc3768f2b
[gpu-debug] sig: device_type=npu phase=decode step=15 (count_hint=32)
[gpu-debug] ops_repr: Q:0,Q:1,V:0,O:1,FFN_W1:0,FFN_W1:1,FFN_W2:0
[gpu-debug] cfg: device=cuda dtype=torch.bfloat16 dim=4096 ffn_dim=11008 n_heads=32 shards=2
[gpu-debug] op plan (with inferred tensor shapes):
  - op#00  op=Q        shard=0   x=[1x4096] + w=[2048x4096]  ->  y=[1x2048]  (T=1, K=296)
  - op#01  op=Q        shard=1   x=[1x4096] + w=[2048x4096]  ->  y=[1x2048]  (T=1, K=296)
  - op#02  op=V        shard=0   x=[1x4096] + w=[2048x4096]  ->  y=[1x2048]  (T=1, K=296)
  - op#03  op=O        shard=1   x=[1x2048] + w=[4096x2048]  ->  y=[1x4096]  (T=1, K=296)
  - op#04  op=FFN_W1   shard=0   x=[1x4096] + w=[5504x4096]  ->  y=[1x5504]  (T=1, K=296)
  - op#05  op=FFN_W1   shard=1   x=[1x4096] + w=[5504x4096]  ->  y=[1x5504]  (T=1, K=296)
  - op#06  op=FFN_W2   shard=0   x=[1x5504] + w=[4096x5504]  ->  y=[1x4096]  (T=1, K=296)
[gpu-debug] per-op timing breakdown (avg over iters):
  idx  op       sh  io                                                    time   est_flops    TFLOPs       bytes      GB/s
  ------------------------------------------------------------------------------------------------------------------------
    0  Q         0  x[1x4096]+w[2048x4096]->y[1x2048]                   0.043ms    16.777 M      0.39   16.01 MiB    391.31
    1  Q         1  x[1x4096]+w[2048x4096]->y[1x2048]                   0.034ms    16.777 M      0.50   16.01 MiB    496.85
    2  V         0  x[1x4096]+w[2048x4096]->y[1x2048]                   0.034ms    16.777 M      0.50   16.01 MiB    496.85
    3  O         1  x[1x2048]+w[4096x2048]->y[1x4096]                   0.028ms    16.777 M      0.60   16.01 MiB    600.59
    4  FFN_W1    0  x[1x4096]+w[5504x4096]->y[1x5504]                   0.047ms    45.089 M      0.96   43.02 MiB    955.55
    5  FFN_W1    1  x[1x4096]+w[5504x4096]->y[1x5504]                   0.049ms    45.089 M      0.93   43.02 MiB    929.34
    6  FFN_W2    0  x[1x5504]+w[4096x5504]->y[1x4096]                   0.051ms    45.089 M      0.89   43.02 MiB    888.12
[gpu-debug] segment avg latency (cuda_events): 0.249 ms
[gpu-debug] sum(per-op)               : 0.285 ms (ratio=1.146)
[gpu-debug] NOTE: sum(per-op) may differ from segment latency due to Python overhead, event/launch overhead, and allocator/cache effects.
[gpu-debug] cuda mem before warmup: alloc=204.15 MiB reserved=218.00 MiB
[gpu-debug] cuda mem after warmup : alloc=204.15 MiB reserved=218.00 MiB
[gpu-debug] cuda mem peak (this segment): max_alloc=204.16 MiB max_reserved=218.00 MiB
========================================================================================
[gpu-debug] segment_key=npu|decode|16|49c28e1b9f3b0630867d036cc3768f2b
[gpu-debug] sig: device_type=npu phase=decode step=16 (count_hint=32)
[gpu-debug] ops_repr: Q:0,Q:1,V:0,O:1,FFN_W1:0,FFN_W1:1,FFN_W2:0
[gpu-debug] cfg: device=cuda dtype=torch.bfloat16 dim=4096 ffn_dim=11008 n_heads=32 shards=2
[gpu-debug] op plan (with inferred tensor shapes):
  - op#00  op=Q        shard=0   x=[1x4096] + w=[2048x4096]  ->  y=[1x2048]  (T=1, K=308)
  - op#01  op=Q        shard=1   x=[1x4096] + w=[2048x4096]  ->  y=[1x2048]  (T=1, K=308)
  - op#02  op=V        shard=0   x=[1x4096] + w=[2048x4096]  ->  y=[1x2048]  (T=1, K=308)
  - op#03  op=O        shard=1   x=[1x2048] + w=[4096x2048]  ->  y=[1x4096]  (T=1, K=308)
  - op#04  op=FFN_W1   shard=0   x=[1x4096] + w=[5504x4096]  ->  y=[1x5504]  (T=1, K=308)
  - op#05  op=FFN_W1   shard=1   x=[1x4096] + w=[5504x4096]  ->  y=[1x5504]  (T=1, K=308)
  - op#06  op=FFN_W2   shard=0   x=[1x5504] + w=[4096x5504]  ->  y=[1x4096]  (T=1, K=308)
[gpu-debug] per-op timing breakdown (avg over iters):
  idx  op       sh  io                                                    time   est_flops    TFLOPs       bytes      GB/s
  ------------------------------------------------------------------------------------------------------------------------
    0  Q         0  x[1x4096]+w[2048x4096]->y[1x2048]                   0.043ms    16.777 M      0.39   16.01 MiB    387.61
    1  Q         1  x[1x4096]+w[2048x4096]->y[1x2048]                   0.034ms    16.777 M      0.50   16.01 MiB    498.36
    2  V         0  x[1x4096]+w[2048x4096]->y[1x2048]                   0.033ms    16.777 M      0.50   16.01 MiB    501.41
    3  O         1  x[1x2048]+w[4096x2048]->y[1x4096]                   0.028ms    16.777 M      0.59   16.01 MiB    594.06
    4  FFN_W1    0  x[1x4096]+w[5504x4096]->y[1x5504]                   0.047ms    45.089 M      0.95   43.02 MiB    951.42
    5  FFN_W1    1  x[1x4096]+w[5504x4096]->y[1x5504]                   0.048ms    45.089 M      0.93   43.02 MiB    931.31
    6  FFN_W2    0  x[1x5504]+w[4096x5504]->y[1x4096]                   0.051ms    45.089 M      0.89   43.02 MiB    889.91
[gpu-debug] segment avg latency (cuda_events): 0.249 ms
[gpu-debug] sum(per-op)               : 0.285 ms (ratio=1.145)
[gpu-debug] NOTE: sum(per-op) may differ from segment latency due to Python overhead, event/launch overhead, and allocator/cache effects.
[gpu-debug] cuda mem before warmup: alloc=204.15 MiB reserved=218.00 MiB
[gpu-debug] cuda mem after warmup : alloc=204.15 MiB reserved=218.00 MiB
[gpu-debug] cuda mem peak (this segment): max_alloc=204.16 MiB max_reserved=218.00 MiB
========================================================================================
[gpu-debug] segment_key=npu|decode|17|49c28e1b9f3b0630867d036cc3768f2b
[gpu-debug] sig: device_type=npu phase=decode step=17 (count_hint=32)
[gpu-debug] ops_repr: Q:0,Q:1,V:0,O:1,FFN_W1:0,FFN_W1:1,FFN_W2:0
[gpu-debug] cfg: device=cuda dtype=torch.bfloat16 dim=4096 ffn_dim=11008 n_heads=32 shards=2
[gpu-debug] op plan (with inferred tensor shapes):
  - op#00  op=Q        shard=0   x=[1x4096] + w=[2048x4096]  ->  y=[1x2048]  (T=1, K=320)
  - op#01  op=Q        shard=1   x=[1x4096] + w=[2048x4096]  ->  y=[1x2048]  (T=1, K=320)
  - op#02  op=V        shard=0   x=[1x4096] + w=[2048x4096]  ->  y=[1x2048]  (T=1, K=320)
  - op#03  op=O        shard=1   x=[1x2048] + w=[4096x2048]  ->  y=[1x4096]  (T=1, K=320)
  - op#04  op=FFN_W1   shard=0   x=[1x4096] + w=[5504x4096]  ->  y=[1x5504]  (T=1, K=320)
  - op#05  op=FFN_W1   shard=1   x=[1x4096] + w=[5504x4096]  ->  y=[1x5504]  (T=1, K=320)
  - op#06  op=FFN_W2   shard=0   x=[1x5504] + w=[4096x5504]  ->  y=[1x4096]  (T=1, K=320)
[gpu-debug] per-op timing breakdown (avg over iters):
  idx  op       sh  io                                                    time   est_flops    TFLOPs       bytes      GB/s
  ------------------------------------------------------------------------------------------------------------------------
    0  Q         0  x[1x4096]+w[2048x4096]->y[1x2048]                   0.043ms    16.777 M      0.39   16.01 MiB    392.25
    1  Q         1  x[1x4096]+w[2048x4096]->y[1x2048]                   0.034ms    16.777 M      0.49   16.01 MiB    495.35
    2  V         0  x[1x4096]+w[2048x4096]->y[1x2048]                   0.033ms    16.777 M      0.50   16.01 MiB    501.41
    3  O         1  x[1x2048]+w[4096x2048]->y[1x4096]                   0.028ms    16.777 M      0.59   16.01 MiB    594.06
    4  FFN_W1    0  x[1x4096]+w[5504x4096]->y[1x5504]                   0.047ms    45.089 M      0.95   43.02 MiB    953.48
    5  FFN_W1    1  x[1x4096]+w[5504x4096]->y[1x5504]                   0.048ms    45.089 M      0.94   43.02 MiB    939.25
    6  FFN_W2    0  x[1x5504]+w[4096x5504]->y[1x4096]                   0.051ms    45.089 M      0.89   43.02 MiB    891.72
[gpu-debug] segment avg latency (cuda_events): 0.250 ms
[gpu-debug] sum(per-op)               : 0.284 ms (ratio=1.139)
[gpu-debug] NOTE: sum(per-op) may differ from segment latency due to Python overhead, event/launch overhead, and allocator/cache effects.
[gpu-debug] cuda mem before warmup: alloc=204.15 MiB reserved=218.00 MiB
[gpu-debug] cuda mem after warmup : alloc=204.15 MiB reserved=218.00 MiB
[gpu-debug] cuda mem peak (this segment): max_alloc=204.16 MiB max_reserved=218.00 MiB
========================================================================================
[gpu-debug] segment_key=npu|decode|18|49c28e1b9f3b0630867d036cc3768f2b
[gpu-debug] sig: device_type=npu phase=decode step=18 (count_hint=32)
[gpu-debug] ops_repr: Q:0,Q:1,V:0,O:1,FFN_W1:0,FFN_W1:1,FFN_W2:0
[gpu-debug] cfg: device=cuda dtype=torch.bfloat16 dim=4096 ffn_dim=11008 n_heads=32 shards=2
[gpu-debug] op plan (with inferred tensor shapes):
  - op#00  op=Q        shard=0   x=[1x4096] + w=[2048x4096]  ->  y=[1x2048]  (T=1, K=332)
  - op#01  op=Q        shard=1   x=[1x4096] + w=[2048x4096]  ->  y=[1x2048]  (T=1, K=332)
  - op#02  op=V        shard=0   x=[1x4096] + w=[2048x4096]  ->  y=[1x2048]  (T=1, K=332)
  - op#03  op=O        shard=1   x=[1x2048] + w=[4096x2048]  ->  y=[1x4096]  (T=1, K=332)
  - op#04  op=FFN_W1   shard=0   x=[1x4096] + w=[5504x4096]  ->  y=[1x5504]  (T=1, K=332)
  - op#05  op=FFN_W1   shard=1   x=[1x4096] + w=[5504x4096]  ->  y=[1x5504]  (T=1, K=332)
  - op#06  op=FFN_W2   shard=0   x=[1x5504] + w=[4096x5504]  ->  y=[1x4096]  (T=1, K=332)
[gpu-debug] per-op timing breakdown (avg over iters):
  idx  op       sh  io                                                    time   est_flops    TFLOPs       bytes      GB/s
  ------------------------------------------------------------------------------------------------------------------------
    0  Q         0  x[1x4096]+w[2048x4096]->y[1x2048]                   0.043ms    16.777 M      0.39   16.01 MiB    393.19
    1  Q         1  x[1x4096]+w[2048x4096]->y[1x2048]                   0.034ms    16.777 M      0.50   16.01 MiB    498.36
    2  V         0  x[1x4096]+w[2048x4096]->y[1x2048]                   0.033ms    16.777 M      0.50   16.01 MiB    502.94
    3  O         1  x[1x2048]+w[4096x2048]->y[1x4096]                   0.028ms    16.777 M      0.60   16.01 MiB    598.39
    4  FFN_W1    0  x[1x4096]+w[5504x4096]->y[1x5504]                   0.047ms    45.089 M      0.95   43.02 MiB    953.48
    5  FFN_W1    1  x[1x4096]+w[5504x4096]->y[1x5504]                   0.048ms    45.089 M      0.93   43.02 MiB    935.26
    6  FFN_W2    0  x[1x5504]+w[4096x5504]->y[1x4096]                   0.051ms    45.089 M      0.89   43.02 MiB    889.91
[gpu-debug] segment avg latency (cuda_events): 0.248 ms
[gpu-debug] sum(per-op)               : 0.284 ms (ratio=1.145)
[gpu-debug] NOTE: sum(per-op) may differ from segment latency due to Python overhead, event/launch overhead, and allocator/cache effects.
[gpu-debug] cuda mem before warmup: alloc=204.15 MiB reserved=218.00 MiB
[gpu-debug] cuda mem after warmup : alloc=204.15 MiB reserved=218.00 MiB
[gpu-debug] cuda mem peak (this segment): max_alloc=204.16 MiB max_reserved=218.00 MiB
========================================================================================
[gpu-debug] segment_key=npu|decode|19|49c28e1b9f3b0630867d036cc3768f2b
[gpu-debug] sig: device_type=npu phase=decode step=19 (count_hint=32)
[gpu-debug] ops_repr: Q:0,Q:1,V:0,O:1,FFN_W1:0,FFN_W1:1,FFN_W2:0
[gpu-debug] cfg: device=cuda dtype=torch.bfloat16 dim=4096 ffn_dim=11008 n_heads=32 shards=2
[gpu-debug] op plan (with inferred tensor shapes):
  - op#00  op=Q        shard=0   x=[1x4096] + w=[2048x4096]  ->  y=[1x2048]  (T=1, K=344)
  - op#01  op=Q        shard=1   x=[1x4096] + w=[2048x4096]  ->  y=[1x2048]  (T=1, K=344)
  - op#02  op=V        shard=0   x=[1x4096] + w=[2048x4096]  ->  y=[1x2048]  (T=1, K=344)
  - op#03  op=O        shard=1   x=[1x2048] + w=[4096x2048]  ->  y=[1x4096]  (T=1, K=344)
  - op#04  op=FFN_W1   shard=0   x=[1x4096] + w=[5504x4096]  ->  y=[1x5504]  (T=1, K=344)
  - op#05  op=FFN_W1   shard=1   x=[1x4096] + w=[5504x4096]  ->  y=[1x5504]  (T=1, K=344)
  - op#06  op=FFN_W2   shard=0   x=[1x5504] + w=[4096x5504]  ->  y=[1x4096]  (T=1, K=344)
[gpu-debug] per-op timing breakdown (avg over iters):
  idx  op       sh  io                                                    time   est_flops    TFLOPs       bytes      GB/s
  ------------------------------------------------------------------------------------------------------------------------
    0  Q         0  x[1x4096]+w[2048x4096]->y[1x2048]                   0.043ms    16.777 M      0.39   16.01 MiB    393.19
    1  Q         1  x[1x4096]+w[2048x4096]->y[1x2048]                   0.034ms    16.777 M      0.50   16.01 MiB    496.85
    2  V         0  x[1x4096]+w[2048x4096]->y[1x2048]                   0.033ms    16.777 M      0.50   16.01 MiB    502.94
    3  O         1  x[1x2048]+w[4096x2048]->y[1x4096]                   0.028ms    16.777 M      0.60   16.01 MiB    596.22
    4  FFN_W1    0  x[1x4096]+w[5504x4096]->y[1x5504]                   0.047ms    45.089 M      0.95   43.02 MiB    953.48
    5  FFN_W1    1  x[1x4096]+w[5504x4096]->y[1x5504]                   0.048ms    45.089 M      0.93   43.02 MiB    933.28
    6  FFN_W2    0  x[1x5504]+w[4096x5504]->y[1x4096]                   0.051ms    45.089 M      0.89   43.02 MiB    889.91
[gpu-debug] segment avg latency (cuda_events): 0.249 ms
[gpu-debug] sum(per-op)               : 0.284 ms (ratio=1.141)
[gpu-debug] NOTE: sum(per-op) may differ from segment latency due to Python overhead, event/launch overhead, and allocator/cache effects.
[gpu-debug] cuda mem before warmup: alloc=204.15 MiB reserved=218.00 MiB
[gpu-debug] cuda mem after warmup : alloc=204.15 MiB reserved=218.00 MiB
[gpu-debug] cuda mem peak (this segment): max_alloc=204.16 MiB max_reserved=218.00 MiB
========================================================================================
[gpu-debug] segment_key=npu|decode|1|49c28e1b9f3b0630867d036cc3768f2b
[gpu-debug] sig: device_type=npu phase=decode step=1 (count_hint=32)
[gpu-debug] ops_repr: Q:0,Q:1,V:0,O:1,FFN_W1:0,FFN_W1:1,FFN_W2:0
[gpu-debug] cfg: device=cuda dtype=torch.bfloat16 dim=4096 ffn_dim=11008 n_heads=32 shards=2
[gpu-debug] op plan (with inferred tensor shapes):
  - op#00  op=Q        shard=0   x=[1x4096] + w=[2048x4096]  ->  y=[1x2048]  (T=1, K=130)
  - op#01  op=Q        shard=1   x=[1x4096] + w=[2048x4096]  ->  y=[1x2048]  (T=1, K=130)
  - op#02  op=V        shard=0   x=[1x4096] + w=[2048x4096]  ->  y=[1x2048]  (T=1, K=130)
  - op#03  op=O        shard=1   x=[1x2048] + w=[4096x2048]  ->  y=[1x4096]  (T=1, K=130)
  - op#04  op=FFN_W1   shard=0   x=[1x4096] + w=[5504x4096]  ->  y=[1x5504]  (T=1, K=130)
  - op#05  op=FFN_W1   shard=1   x=[1x4096] + w=[5504x4096]  ->  y=[1x5504]  (T=1, K=130)
  - op#06  op=FFN_W2   shard=0   x=[1x5504] + w=[4096x5504]  ->  y=[1x4096]  (T=1, K=130)
[gpu-debug] per-op timing breakdown (avg over iters):
  idx  op       sh  io                                                    time   est_flops    TFLOPs       bytes      GB/s
  ------------------------------------------------------------------------------------------------------------------------
    0  Q         0  x[1x4096]+w[2048x4096]->y[1x2048]                   0.043ms    16.777 M      0.39   16.01 MiB    389.45
    1  Q         1  x[1x4096]+w[2048x4096]->y[1x2048]                   0.034ms    16.777 M      0.49   16.01 MiB    495.35
    2  V         0  x[1x4096]+w[2048x4096]->y[1x2048]                   0.034ms    16.777 M      0.50   16.01 MiB    498.36
    3  O         1  x[1x2048]+w[4096x2048]->y[1x4096]                   0.028ms    16.777 M      0.60   16.01 MiB    596.22
    4  FFN_W1    0  x[1x4096]+w[5504x4096]->y[1x5504]                   0.047ms    45.089 M      0.96   43.02 MiB    955.55
    5  FFN_W1    1  x[1x4096]+w[5504x4096]->y[1x5504]                   0.048ms    45.089 M      0.94   43.02 MiB    939.25
    6  FFN_W2    0  x[1x5504]+w[4096x5504]->y[1x4096]                   0.050ms    45.089 M      0.89   43.02 MiB    893.52
[gpu-debug] segment avg latency (cuda_events): 0.249 ms
[gpu-debug] sum(per-op)               : 0.285 ms (ratio=1.141)
[gpu-debug] NOTE: sum(per-op) may differ from segment latency due to Python overhead, event/launch overhead, and allocator/cache effects.
[gpu-debug] cuda mem before warmup: alloc=204.15 MiB reserved=218.00 MiB
[gpu-debug] cuda mem after warmup : alloc=204.15 MiB reserved=218.00 MiB
[gpu-debug] cuda mem peak (this segment): max_alloc=204.16 MiB max_reserved=218.00 MiB
========================================================================================
[gpu-debug] segment_key=npu|decode|20|49c28e1b9f3b0630867d036cc3768f2b
[gpu-debug] sig: device_type=npu phase=decode step=20 (count_hint=32)
[gpu-debug] ops_repr: Q:0,Q:1,V:0,O:1,FFN_W1:0,FFN_W1:1,FFN_W2:0
[gpu-debug] cfg: device=cuda dtype=torch.bfloat16 dim=4096 ffn_dim=11008 n_heads=32 shards=2
[gpu-debug] op plan (with inferred tensor shapes):
  - op#00  op=Q        shard=0   x=[1x4096] + w=[2048x4096]  ->  y=[1x2048]  (T=1, K=356)
  - op#01  op=Q        shard=1   x=[1x4096] + w=[2048x4096]  ->  y=[1x2048]  (T=1, K=356)
  - op#02  op=V        shard=0   x=[1x4096] + w=[2048x4096]  ->  y=[1x2048]  (T=1, K=356)
  - op#03  op=O        shard=1   x=[1x2048] + w=[4096x2048]  ->  y=[1x4096]  (T=1, K=356)
  - op#04  op=FFN_W1   shard=0   x=[1x4096] + w=[5504x4096]  ->  y=[1x5504]  (T=1, K=356)
  - op#05  op=FFN_W1   shard=1   x=[1x4096] + w=[5504x4096]  ->  y=[1x5504]  (T=1, K=356)
  - op#06  op=FFN_W2   shard=0   x=[1x5504] + w=[4096x5504]  ->  y=[1x4096]  (T=1, K=356)
[gpu-debug] per-op timing breakdown (avg over iters):
  idx  op       sh  io                                                    time   est_flops    TFLOPs       bytes      GB/s
  ------------------------------------------------------------------------------------------------------------------------
    0  Q         0  x[1x4096]+w[2048x4096]->y[1x2048]                   0.043ms    16.777 M      0.39   16.01 MiB    392.25
    1  Q         1  x[1x4096]+w[2048x4096]->y[1x2048]                   0.034ms    16.777 M      0.50   16.01 MiB    499.88
    2  V         0  x[1x4096]+w[2048x4096]->y[1x2048]                   0.033ms    16.777 M      0.50   16.01 MiB    504.49
    3  O         1  x[1x2048]+w[4096x2048]->y[1x4096]                   0.028ms    16.777 M      0.59   16.01 MiB    589.78
    4  FFN_W1    0  x[1x4096]+w[5504x4096]->y[1x5504]                   0.048ms    45.089 M      0.95   43.02 MiB    947.33
    5  FFN_W1    1  x[1x4096]+w[5504x4096]->y[1x5504]                   0.048ms    45.089 M      0.94   43.02 MiB    939.25
    6  FFN_W2    0  x[1x5504]+w[4096x5504]->y[1x4096]                   0.050ms    45.089 M      0.90   43.02 MiB    897.16
[gpu-debug] segment avg latency (cuda_events): 0.249 ms
[gpu-debug] sum(per-op)               : 0.284 ms (ratio=1.141)
[gpu-debug] NOTE: sum(per-op) may differ from segment latency due to Python overhead, event/launch overhead, and allocator/cache effects.
[gpu-debug] cuda mem before warmup: alloc=204.15 MiB reserved=218.00 MiB
[gpu-debug] cuda mem after warmup : alloc=204.15 MiB reserved=218.00 MiB
[gpu-debug] cuda mem peak (this segment): max_alloc=204.16 MiB max_reserved=218.00 MiB
========================================================================================
[gpu-debug] segment_key=npu|decode|21|49c28e1b9f3b0630867d036cc3768f2b
[gpu-debug] sig: device_type=npu phase=decode step=21 (count_hint=32)
[gpu-debug] ops_repr: Q:0,Q:1,V:0,O:1,FFN_W1:0,FFN_W1:1,FFN_W2:0
[gpu-debug] cfg: device=cuda dtype=torch.bfloat16 dim=4096 ffn_dim=11008 n_heads=32 shards=2
[gpu-debug] op plan (with inferred tensor shapes):
  - op#00  op=Q        shard=0   x=[1x4096] + w=[2048x4096]  ->  y=[1x2048]  (T=1, K=368)
  - op#01  op=Q        shard=1   x=[1x4096] + w=[2048x4096]  ->  y=[1x2048]  (T=1, K=368)
  - op#02  op=V        shard=0   x=[1x4096] + w=[2048x4096]  ->  y=[1x2048]  (T=1, K=368)
  - op#03  op=O        shard=1   x=[1x2048] + w=[4096x2048]  ->  y=[1x4096]  (T=1, K=368)
  - op#04  op=FFN_W1   shard=0   x=[1x4096] + w=[5504x4096]  ->  y=[1x5504]  (T=1, K=368)
  - op#05  op=FFN_W1   shard=1   x=[1x4096] + w=[5504x4096]  ->  y=[1x5504]  (T=1, K=368)
  - op#06  op=FFN_W2   shard=0   x=[1x5504] + w=[4096x5504]  ->  y=[1x4096]  (T=1, K=368)
[gpu-debug] per-op timing breakdown (avg over iters):
  idx  op       sh  io                                                    time   est_flops    TFLOPs       bytes      GB/s
  ------------------------------------------------------------------------------------------------------------------------
    0  Q         0  x[1x4096]+w[2048x4096]->y[1x2048]                   0.043ms    16.777 M      0.39   16.01 MiB    393.19
    1  Q         1  x[1x4096]+w[2048x4096]->y[1x2048]                   0.034ms    16.777 M      0.49   16.01 MiB    495.35
    2  V         0  x[1x4096]+w[2048x4096]->y[1x2048]                   0.033ms    16.777 M      0.50   16.01 MiB    501.41
    3  O         1  x[1x2048]+w[4096x2048]->y[1x4096]                   0.028ms    16.777 M      0.59   16.01 MiB    594.06
    4  FFN_W1    0  x[1x4096]+w[5504x4096]->y[1x5504]                   0.048ms    45.089 M      0.95   43.02 MiB    949.37
    5  FFN_W1    1  x[1x4096]+w[5504x4096]->y[1x5504]                   0.048ms    45.089 M      0.93   43.02 MiB    935.26
    6  FFN_W2    0  x[1x5504]+w[4096x5504]->y[1x4096]                   0.051ms    45.089 M      0.89   43.02 MiB    889.91
[gpu-debug] segment avg latency (cuda_events): 0.249 ms
[gpu-debug] sum(per-op)               : 0.285 ms (ratio=1.143)
[gpu-debug] NOTE: sum(per-op) may differ from segment latency due to Python overhead, event/launch overhead, and allocator/cache effects.
[gpu-debug] cuda mem before warmup: alloc=204.15 MiB reserved=218.00 MiB
[gpu-debug] cuda mem after warmup : alloc=204.15 MiB reserved=218.00 MiB
[gpu-debug] cuda mem peak (this segment): max_alloc=204.16 MiB max_reserved=218.00 MiB
========================================================================================
[gpu-debug] segment_key=npu|decode|22|49c28e1b9f3b0630867d036cc3768f2b
[gpu-debug] sig: device_type=npu phase=decode step=22 (count_hint=32)
[gpu-debug] ops_repr: Q:0,Q:1,V:0,O:1,FFN_W1:0,FFN_W1:1,FFN_W2:0
[gpu-debug] cfg: device=cuda dtype=torch.bfloat16 dim=4096 ffn_dim=11008 n_heads=32 shards=2
[gpu-debug] op plan (with inferred tensor shapes):
  - op#00  op=Q        shard=0   x=[1x4096] + w=[2048x4096]  ->  y=[1x2048]  (T=1, K=380)
  - op#01  op=Q        shard=1   x=[1x4096] + w=[2048x4096]  ->  y=[1x2048]  (T=1, K=380)
  - op#02  op=V        shard=0   x=[1x4096] + w=[2048x4096]  ->  y=[1x2048]  (T=1, K=380)
  - op#03  op=O        shard=1   x=[1x2048] + w=[4096x2048]  ->  y=[1x4096]  (T=1, K=380)
  - op#04  op=FFN_W1   shard=0   x=[1x4096] + w=[5504x4096]  ->  y=[1x5504]  (T=1, K=380)
  - op#05  op=FFN_W1   shard=1   x=[1x4096] + w=[5504x4096]  ->  y=[1x5504]  (T=1, K=380)
  - op#06  op=FFN_W2   shard=0   x=[1x5504] + w=[4096x5504]  ->  y=[1x4096]  (T=1, K=380)
[gpu-debug] per-op timing breakdown (avg over iters):
  idx  op       sh  io                                                    time   est_flops    TFLOPs       bytes      GB/s
  ------------------------------------------------------------------------------------------------------------------------
    0  Q         0  x[1x4096]+w[2048x4096]->y[1x2048]                   0.043ms    16.777 M      0.39   16.01 MiB    388.53
    1  Q         1  x[1x4096]+w[2048x4096]->y[1x2048]                   0.034ms    16.777 M      0.49   16.01 MiB    495.35
    2  V         0  x[1x4096]+w[2048x4096]->y[1x2048]                   0.034ms    16.777 M      0.50   16.01 MiB    499.88
    3  O         1  x[1x2048]+w[4096x2048]->y[1x4096]                   0.028ms    16.777 M      0.60   16.01 MiB    598.39
    4  FFN_W1    0  x[1x4096]+w[5504x4096]->y[1x5504]                   0.047ms    45.089 M      0.95   43.02 MiB    951.42
    5  FFN_W1    1  x[1x4096]+w[5504x4096]->y[1x5504]                   0.048ms    45.089 M      0.94   43.02 MiB    941.26
    6  FFN_W2    0  x[1x5504]+w[4096x5504]->y[1x4096]                   0.051ms    45.089 M      0.89   43.02 MiB    891.72
[gpu-debug] segment avg latency (cuda_events): 0.249 ms
[gpu-debug] sum(per-op)               : 0.285 ms (ratio=1.144)
[gpu-debug] NOTE: sum(per-op) may differ from segment latency due to Python overhead, event/launch overhead, and allocator/cache effects.
[gpu-debug] cuda mem before warmup: alloc=204.15 MiB reserved=218.00 MiB
[gpu-debug] cuda mem after warmup : alloc=204.15 MiB reserved=218.00 MiB
[gpu-debug] cuda mem peak (this segment): max_alloc=204.16 MiB max_reserved=218.00 MiB
========================================================================================
[gpu-debug] segment_key=npu|decode|2|49c28e1b9f3b0630867d036cc3768f2b
[gpu-debug] sig: device_type=npu phase=decode step=2 (count_hint=32)
[gpu-debug] ops_repr: Q:0,Q:1,V:0,O:1,FFN_W1:0,FFN_W1:1,FFN_W2:0
[gpu-debug] cfg: device=cuda dtype=torch.bfloat16 dim=4096 ffn_dim=11008 n_heads=32 shards=2
[gpu-debug] op plan (with inferred tensor shapes):
  - op#00  op=Q        shard=0   x=[1x4096] + w=[2048x4096]  ->  y=[1x2048]  (T=1, K=140)
  - op#01  op=Q        shard=1   x=[1x4096] + w=[2048x4096]  ->  y=[1x2048]  (T=1, K=140)
  - op#02  op=V        shard=0   x=[1x4096] + w=[2048x4096]  ->  y=[1x2048]  (T=1, K=140)
  - op#03  op=O        shard=1   x=[1x2048] + w=[4096x2048]  ->  y=[1x4096]  (T=1, K=140)
  - op#04  op=FFN_W1   shard=0   x=[1x4096] + w=[5504x4096]  ->  y=[1x5504]  (T=1, K=140)
  - op#05  op=FFN_W1   shard=1   x=[1x4096] + w=[5504x4096]  ->  y=[1x5504]  (T=1, K=140)
  - op#06  op=FFN_W2   shard=0   x=[1x5504] + w=[4096x5504]  ->  y=[1x4096]  (T=1, K=140)
[gpu-debug] per-op timing breakdown (avg over iters):
  idx  op       sh  io                                                    time   est_flops    TFLOPs       bytes      GB/s
  ------------------------------------------------------------------------------------------------------------------------
    0  Q         0  x[1x4096]+w[2048x4096]->y[1x2048]                   0.043ms    16.777 M      0.39   16.01 MiB    389.45
    1  Q         1  x[1x4096]+w[2048x4096]->y[1x2048]                   0.033ms    16.777 M      0.50   16.01 MiB    502.94
    2  V         0  x[1x4096]+w[2048x4096]->y[1x2048]                   0.034ms    16.777 M      0.50   16.01 MiB    498.36
    3  O         1  x[1x2048]+w[4096x2048]->y[1x4096]                   0.028ms    16.777 M      0.59   16.01 MiB    591.91
    4  FFN_W1    0  x[1x4096]+w[5504x4096]->y[1x5504]                   0.047ms    45.089 M      0.95   43.02 MiB    953.48
    5  FFN_W1    1  x[1x4096]+w[5504x4096]->y[1x5504]                   0.048ms    45.089 M      0.94   43.02 MiB    939.25
    6  FFN_W2    0  x[1x5504]+w[4096x5504]->y[1x4096]                   0.051ms    45.089 M      0.89   43.02 MiB    889.91
[gpu-debug] segment avg latency (cuda_events): 0.248 ms
[gpu-debug] sum(per-op)               : 0.285 ms (ratio=1.146)
[gpu-debug] NOTE: sum(per-op) may differ from segment latency due to Python overhead, event/launch overhead, and allocator/cache effects.
[gpu-debug] cuda mem before warmup: alloc=204.15 MiB reserved=218.00 MiB
[gpu-debug] cuda mem after warmup : alloc=204.15 MiB reserved=218.00 MiB
[gpu-debug] cuda mem peak (this segment): max_alloc=204.16 MiB max_reserved=218.00 MiB
========================================================================================
[gpu-debug] segment_key=npu|decode|3|49c28e1b9f3b0630867d036cc3768f2b
[gpu-debug] sig: device_type=npu phase=decode step=3 (count_hint=32)
[gpu-debug] ops_repr: Q:0,Q:1,V:0,O:1,FFN_W1:0,FFN_W1:1,FFN_W2:0
[gpu-debug] cfg: device=cuda dtype=torch.bfloat16 dim=4096 ffn_dim=11008 n_heads=32 shards=2
[gpu-debug] op plan (with inferred tensor shapes):
  - op#00  op=Q        shard=0   x=[1x4096] + w=[2048x4096]  ->  y=[1x2048]  (T=1, K=152)
  - op#01  op=Q        shard=1   x=[1x4096] + w=[2048x4096]  ->  y=[1x2048]  (T=1, K=152)
  - op#02  op=V        shard=0   x=[1x4096] + w=[2048x4096]  ->  y=[1x2048]  (T=1, K=152)
  - op#03  op=O        shard=1   x=[1x2048] + w=[4096x2048]  ->  y=[1x4096]  (T=1, K=152)
  - op#04  op=FFN_W1   shard=0   x=[1x4096] + w=[5504x4096]  ->  y=[1x5504]  (T=1, K=152)
  - op#05  op=FFN_W1   shard=1   x=[1x4096] + w=[5504x4096]  ->  y=[1x5504]  (T=1, K=152)
  - op#06  op=FFN_W2   shard=0   x=[1x5504] + w=[4096x5504]  ->  y=[1x4096]  (T=1, K=152)
[gpu-debug] per-op timing breakdown (avg over iters):
  idx  op       sh  io                                                    time   est_flops    TFLOPs       bytes      GB/s
  ------------------------------------------------------------------------------------------------------------------------
    0  Q         0  x[1x4096]+w[2048x4096]->y[1x2048]                   0.043ms    16.777 M      0.39   16.01 MiB    391.31
    1  Q         1  x[1x4096]+w[2048x4096]->y[1x2048]                   0.033ms    16.777 M      0.50   16.01 MiB    501.41
    2  V         0  x[1x4096]+w[2048x4096]->y[1x2048]                   0.033ms    16.777 M      0.50   16.01 MiB    501.41
    3  O         1  x[1x2048]+w[4096x2048]->y[1x4096]                   0.028ms    16.777 M      0.60   16.01 MiB    600.59
    4  FFN_W1    0  x[1x4096]+w[5504x4096]->y[1x5504]                   0.047ms    45.089 M      0.95   43.02 MiB    951.42
    5  FFN_W1    1  x[1x4096]+w[5504x4096]->y[1x5504]                   0.048ms    45.089 M      0.94   43.02 MiB    937.25
    6  FFN_W2    0  x[1x5504]+w[4096x5504]->y[1x4096]                   0.050ms    45.089 M      0.89   43.02 MiB    895.34
[gpu-debug] segment avg latency (cuda_events): 0.249 ms
[gpu-debug] sum(per-op)               : 0.284 ms (ratio=1.138)
[gpu-debug] NOTE: sum(per-op) may differ from segment latency due to Python overhead, event/launch overhead, and allocator/cache effects.
[gpu-debug] cuda mem before warmup: alloc=204.15 MiB reserved=218.00 MiB
[gpu-debug] cuda mem after warmup : alloc=204.15 MiB reserved=218.00 MiB
[gpu-debug] cuda mem peak (this segment): max_alloc=204.16 MiB max_reserved=218.00 MiB
========================================================================================
[gpu-debug] segment_key=npu|decode|4|49c28e1b9f3b0630867d036cc3768f2b
[gpu-debug] sig: device_type=npu phase=decode step=4 (count_hint=32)
[gpu-debug] ops_repr: Q:0,Q:1,V:0,O:1,FFN_W1:0,FFN_W1:1,FFN_W2:0
[gpu-debug] cfg: device=cuda dtype=torch.bfloat16 dim=4096 ffn_dim=11008 n_heads=32 shards=2
[gpu-debug] op plan (with inferred tensor shapes):
  - op#00  op=Q        shard=0   x=[1x4096] + w=[2048x4096]  ->  y=[1x2048]  (T=1, K=164)
  - op#01  op=Q        shard=1   x=[1x4096] + w=[2048x4096]  ->  y=[1x2048]  (T=1, K=164)
  - op#02  op=V        shard=0   x=[1x4096] + w=[2048x4096]  ->  y=[1x2048]  (T=1, K=164)
  - op#03  op=O        shard=1   x=[1x2048] + w=[4096x2048]  ->  y=[1x4096]  (T=1, K=164)
  - op#04  op=FFN_W1   shard=0   x=[1x4096] + w=[5504x4096]  ->  y=[1x5504]  (T=1, K=164)
  - op#05  op=FFN_W1   shard=1   x=[1x4096] + w=[5504x4096]  ->  y=[1x5504]  (T=1, K=164)
  - op#06  op=FFN_W2   shard=0   x=[1x5504] + w=[4096x5504]  ->  y=[1x4096]  (T=1, K=164)
[gpu-debug] per-op timing breakdown (avg over iters):
  idx  op       sh  io                                                    time   est_flops    TFLOPs       bytes      GB/s
  ------------------------------------------------------------------------------------------------------------------------
    0  Q         0  x[1x4096]+w[2048x4096]->y[1x2048]                   0.043ms    16.777 M      0.39   16.01 MiB    386.70
    1  Q         1  x[1x4096]+w[2048x4096]->y[1x2048]                   0.033ms    16.777 M      0.50   16.01 MiB    502.94
    2  V         0  x[1x4096]+w[2048x4096]->y[1x2048]                   0.034ms    16.777 M      0.50   16.01 MiB    499.88
    3  O         1  x[1x2048]+w[4096x2048]->y[1x4096]                   0.028ms    16.777 M      0.60   16.01 MiB    596.22
    4  FFN_W1    0  x[1x4096]+w[5504x4096]->y[1x5504]                   0.047ms    45.089 M      0.96   43.02 MiB    955.55
    5  FFN_W1    1  x[1x4096]+w[5504x4096]->y[1x5504]                   0.048ms    45.089 M      0.93   43.02 MiB    933.28
    6  FFN_W2    0  x[1x5504]+w[4096x5504]->y[1x4096]                   0.051ms    45.089 M      0.89   43.02 MiB    888.12
[gpu-debug] segment avg latency (cuda_events): 0.249 ms
[gpu-debug] sum(per-op)               : 0.285 ms (ratio=1.143)
[gpu-debug] NOTE: sum(per-op) may differ from segment latency due to Python overhead, event/launch overhead, and allocator/cache effects.
[gpu-debug] cuda mem before warmup: alloc=204.15 MiB reserved=218.00 MiB
[gpu-debug] cuda mem after warmup : alloc=204.15 MiB reserved=218.00 MiB
[gpu-debug] cuda mem peak (this segment): max_alloc=204.16 MiB max_reserved=218.00 MiB
========================================================================================
[gpu-debug] segment_key=npu|decode|5|49c28e1b9f3b0630867d036cc3768f2b
[gpu-debug] sig: device_type=npu phase=decode step=5 (count_hint=32)
[gpu-debug] ops_repr: Q:0,Q:1,V:0,O:1,FFN_W1:0,FFN_W1:1,FFN_W2:0
[gpu-debug] cfg: device=cuda dtype=torch.bfloat16 dim=4096 ffn_dim=11008 n_heads=32 shards=2
[gpu-debug] op plan (with inferred tensor shapes):
  - op#00  op=Q        shard=0   x=[1x4096] + w=[2048x4096]  ->  y=[1x2048]  (T=1, K=176)
  - op#01  op=Q        shard=1   x=[1x4096] + w=[2048x4096]  ->  y=[1x2048]  (T=1, K=176)
  - op#02  op=V        shard=0   x=[1x4096] + w=[2048x4096]  ->  y=[1x2048]  (T=1, K=176)
  - op#03  op=O        shard=1   x=[1x2048] + w=[4096x2048]  ->  y=[1x4096]  (T=1, K=176)
  - op#04  op=FFN_W1   shard=0   x=[1x4096] + w=[5504x4096]  ->  y=[1x5504]  (T=1, K=176)
  - op#05  op=FFN_W1   shard=1   x=[1x4096] + w=[5504x4096]  ->  y=[1x5504]  (T=1, K=176)
  - op#06  op=FFN_W2   shard=0   x=[1x5504] + w=[4096x5504]  ->  y=[1x4096]  (T=1, K=176)
[gpu-debug] per-op timing breakdown (avg over iters):
  idx  op       sh  io                                                    time   est_flops    TFLOPs       bytes      GB/s
  ------------------------------------------------------------------------------------------------------------------------
    0  Q         0  x[1x4096]+w[2048x4096]->y[1x2048]                   0.043ms    16.777 M      0.39   16.01 MiB    393.19
    1  Q         1  x[1x4096]+w[2048x4096]->y[1x2048]                   0.034ms    16.777 M      0.50   16.01 MiB    499.88
    2  V         0  x[1x4096]+w[2048x4096]->y[1x2048]                   0.034ms    16.777 M      0.50   16.01 MiB    499.88
    3  O         1  x[1x2048]+w[4096x2048]->y[1x4096]                   0.028ms    16.777 M      0.60   16.01 MiB    602.79
    4  FFN_W1    0  x[1x4096]+w[5504x4096]->y[1x5504]                   0.047ms    45.089 M      0.95   43.02 MiB    953.48
    5  FFN_W1    1  x[1x4096]+w[5504x4096]->y[1x5504]                   0.048ms    45.089 M      0.93   43.02 MiB    933.28
    6  FFN_W2    0  x[1x5504]+w[4096x5504]->y[1x4096]                   0.050ms    45.089 M      0.89   43.02 MiB    893.52
[gpu-debug] segment avg latency (cuda_events): 0.249 ms
[gpu-debug] sum(per-op)               : 0.284 ms (ratio=1.138)
[gpu-debug] NOTE: sum(per-op) may differ from segment latency due to Python overhead, event/launch overhead, and allocator/cache effects.
[gpu-debug] cuda mem before warmup: alloc=204.15 MiB reserved=218.00 MiB
[gpu-debug] cuda mem after warmup : alloc=204.15 MiB reserved=218.00 MiB
[gpu-debug] cuda mem peak (this segment): max_alloc=204.16 MiB max_reserved=218.00 MiB
========================================================================================
[gpu-debug] segment_key=npu|decode|6|49c28e1b9f3b0630867d036cc3768f2b
[gpu-debug] sig: device_type=npu phase=decode step=6 (count_hint=32)
[gpu-debug] ops_repr: Q:0,Q:1,V:0,O:1,FFN_W1:0,FFN_W1:1,FFN_W2:0
[gpu-debug] cfg: device=cuda dtype=torch.bfloat16 dim=4096 ffn_dim=11008 n_heads=32 shards=2
[gpu-debug] op plan (with inferred tensor shapes):
  - op#00  op=Q        shard=0   x=[1x4096] + w=[2048x4096]  ->  y=[1x2048]  (T=1, K=188)
  - op#01  op=Q        shard=1   x=[1x4096] + w=[2048x4096]  ->  y=[1x2048]  (T=1, K=188)
  - op#02  op=V        shard=0   x=[1x4096] + w=[2048x4096]  ->  y=[1x2048]  (T=1, K=188)
  - op#03  op=O        shard=1   x=[1x2048] + w=[4096x2048]  ->  y=[1x4096]  (T=1, K=188)
  - op#04  op=FFN_W1   shard=0   x=[1x4096] + w=[5504x4096]  ->  y=[1x5504]  (T=1, K=188)
  - op#05  op=FFN_W1   shard=1   x=[1x4096] + w=[5504x4096]  ->  y=[1x5504]  (T=1, K=188)
  - op#06  op=FFN_W2   shard=0   x=[1x5504] + w=[4096x5504]  ->  y=[1x4096]  (T=1, K=188)
[gpu-debug] per-op timing breakdown (avg over iters):
  idx  op       sh  io                                                    time   est_flops    TFLOPs       bytes      GB/s
  ------------------------------------------------------------------------------------------------------------------------
    0  Q         0  x[1x4096]+w[2048x4096]->y[1x2048]                   0.043ms    16.777 M      0.39   16.01 MiB    387.61
    1  Q         1  x[1x4096]+w[2048x4096]->y[1x2048]                   0.034ms    16.777 M      0.49   16.01 MiB    495.35
    2  V         0  x[1x4096]+w[2048x4096]->y[1x2048]                   0.034ms    16.777 M      0.50   16.01 MiB    499.88
    3  O         1  x[1x2048]+w[4096x2048]->y[1x4096]                   0.028ms    16.777 M      0.60   16.01 MiB    598.39
    4  FFN_W1    0  x[1x4096]+w[5504x4096]->y[1x5504]                   0.047ms    45.089 M      0.96   43.02 MiB    955.55
    5  FFN_W1    1  x[1x4096]+w[5504x4096]->y[1x5504]                   0.048ms    45.089 M      0.94   43.02 MiB    939.25
    6  FFN_W2    0  x[1x5504]+w[4096x5504]->y[1x4096]                   0.051ms    45.089 M      0.89   43.02 MiB    891.72
[gpu-debug] segment avg latency (cuda_events): 0.249 ms
[gpu-debug] sum(per-op)               : 0.285 ms (ratio=1.141)
[gpu-debug] NOTE: sum(per-op) may differ from segment latency due to Python overhead, event/launch overhead, and allocator/cache effects.
[gpu-debug] cuda mem before warmup: alloc=204.15 MiB reserved=218.00 MiB
[gpu-debug] cuda mem after warmup : alloc=204.15 MiB reserved=218.00 MiB
[gpu-debug] cuda mem peak (this segment): max_alloc=204.16 MiB max_reserved=218.00 MiB
  progress 20/24
========================================================================================
[gpu-debug] segment_key=npu|decode|7|49c28e1b9f3b0630867d036cc3768f2b
[gpu-debug] sig: device_type=npu phase=decode step=7 (count_hint=32)
[gpu-debug] ops_repr: Q:0,Q:1,V:0,O:1,FFN_W1:0,FFN_W1:1,FFN_W2:0
[gpu-debug] cfg: device=cuda dtype=torch.bfloat16 dim=4096 ffn_dim=11008 n_heads=32 shards=2
[gpu-debug] op plan (with inferred tensor shapes):
  - op#00  op=Q        shard=0   x=[1x4096] + w=[2048x4096]  ->  y=[1x2048]  (T=1, K=200)
  - op#01  op=Q        shard=1   x=[1x4096] + w=[2048x4096]  ->  y=[1x2048]  (T=1, K=200)
  - op#02  op=V        shard=0   x=[1x4096] + w=[2048x4096]  ->  y=[1x2048]  (T=1, K=200)
  - op#03  op=O        shard=1   x=[1x2048] + w=[4096x2048]  ->  y=[1x4096]  (T=1, K=200)
  - op#04  op=FFN_W1   shard=0   x=[1x4096] + w=[5504x4096]  ->  y=[1x5504]  (T=1, K=200)
  - op#05  op=FFN_W1   shard=1   x=[1x4096] + w=[5504x4096]  ->  y=[1x5504]  (T=1, K=200)
  - op#06  op=FFN_W2   shard=0   x=[1x5504] + w=[4096x5504]  ->  y=[1x4096]  (T=1, K=200)
[gpu-debug] per-op timing breakdown (avg over iters):
  idx  op       sh  io                                                    time   est_flops    TFLOPs       bytes      GB/s
  ------------------------------------------------------------------------------------------------------------------------
    0  Q         0  x[1x4096]+w[2048x4096]->y[1x2048]                   0.043ms    16.777 M      0.39   16.01 MiB    390.38
    1  Q         1  x[1x4096]+w[2048x4096]->y[1x2048]                   0.034ms    16.777 M      0.49   16.01 MiB    493.86
    2  V         0  x[1x4096]+w[2048x4096]->y[1x2048]                   0.034ms    16.777 M      0.50   16.01 MiB    499.88
    3  O         1  x[1x2048]+w[4096x2048]->y[1x4096]                   0.028ms    16.777 M      0.60   16.01 MiB    596.22
    4  FFN_W1    0  x[1x4096]+w[5504x4096]->y[1x5504]                   0.047ms    45.089 M      0.95   43.02 MiB    951.42
    5  FFN_W1    1  x[1x4096]+w[5504x4096]->y[1x5504]                   0.048ms    45.089 M      0.93   43.02 MiB    933.28
    6  FFN_W2    0  x[1x5504]+w[4096x5504]->y[1x4096]                   0.051ms    45.089 M      0.89   43.02 MiB    889.91
[gpu-debug] segment avg latency (cuda_events): 0.249 ms
[gpu-debug] sum(per-op)               : 0.285 ms (ratio=1.145)
[gpu-debug] NOTE: sum(per-op) may differ from segment latency due to Python overhead, event/launch overhead, and allocator/cache effects.
[gpu-debug] cuda mem before warmup: alloc=204.15 MiB reserved=218.00 MiB
[gpu-debug] cuda mem after warmup : alloc=204.15 MiB reserved=218.00 MiB
[gpu-debug] cuda mem peak (this segment): max_alloc=204.16 MiB max_reserved=218.00 MiB
========================================================================================
[gpu-debug] segment_key=npu|decode|8|49c28e1b9f3b0630867d036cc3768f2b
[gpu-debug] sig: device_type=npu phase=decode step=8 (count_hint=32)
[gpu-debug] ops_repr: Q:0,Q:1,V:0,O:1,FFN_W1:0,FFN_W1:1,FFN_W2:0
[gpu-debug] cfg: device=cuda dtype=torch.bfloat16 dim=4096 ffn_dim=11008 n_heads=32 shards=2
[gpu-debug] op plan (with inferred tensor shapes):
  - op#00  op=Q        shard=0   x=[1x4096] + w=[2048x4096]  ->  y=[1x2048]  (T=1, K=212)
  - op#01  op=Q        shard=1   x=[1x4096] + w=[2048x4096]  ->  y=[1x2048]  (T=1, K=212)
  - op#02  op=V        shard=0   x=[1x4096] + w=[2048x4096]  ->  y=[1x2048]  (T=1, K=212)
  - op#03  op=O        shard=1   x=[1x2048] + w=[4096x2048]  ->  y=[1x4096]  (T=1, K=212)
  - op#04  op=FFN_W1   shard=0   x=[1x4096] + w=[5504x4096]  ->  y=[1x5504]  (T=1, K=212)
  - op#05  op=FFN_W1   shard=1   x=[1x4096] + w=[5504x4096]  ->  y=[1x5504]  (T=1, K=212)
  - op#06  op=FFN_W2   shard=0   x=[1x5504] + w=[4096x5504]  ->  y=[1x4096]  (T=1, K=212)
[gpu-debug] per-op timing breakdown (avg over iters):
  idx  op       sh  io                                                    time   est_flops    TFLOPs       bytes      GB/s
  ------------------------------------------------------------------------------------------------------------------------
    0  Q         0  x[1x4096]+w[2048x4096]->y[1x2048]                   0.043ms    16.777 M      0.39   16.01 MiB    393.19
    1  Q         1  x[1x4096]+w[2048x4096]->y[1x2048]                   0.034ms    16.777 M      0.50   16.01 MiB    496.85
    2  V         0  x[1x4096]+w[2048x4096]->y[1x2048]                   0.033ms    16.777 M      0.50   16.01 MiB    504.49
    3  O         1  x[1x2048]+w[4096x2048]->y[1x4096]                   0.028ms    16.777 M      0.59   16.01 MiB    594.06
    4  FFN_W1    0  x[1x4096]+w[5504x4096]->y[1x5504]                   0.047ms    45.089 M      0.95   43.02 MiB    953.48
    5  FFN_W1    1  x[1x4096]+w[5504x4096]->y[1x5504]                   0.048ms    45.089 M      0.94   43.02 MiB    941.26
    6  FFN_W2    0  x[1x5504]+w[4096x5504]->y[1x4096]                   0.051ms    45.089 M      0.89   43.02 MiB    888.12
[gpu-debug] segment avg latency (cuda_events): 0.249 ms
[gpu-debug] sum(per-op)               : 0.284 ms (ratio=1.142)
[gpu-debug] NOTE: sum(per-op) may differ from segment latency due to Python overhead, event/launch overhead, and allocator/cache effects.
[gpu-debug] cuda mem before warmup: alloc=204.15 MiB reserved=218.00 MiB
[gpu-debug] cuda mem after warmup : alloc=204.15 MiB reserved=218.00 MiB
[gpu-debug] cuda mem peak (this segment): max_alloc=204.16 MiB max_reserved=218.00 MiB
========================================================================================
[gpu-debug] segment_key=npu|decode|9|49c28e1b9f3b0630867d036cc3768f2b
[gpu-debug] sig: device_type=npu phase=decode step=9 (count_hint=32)
[gpu-debug] ops_repr: Q:0,Q:1,V:0,O:1,FFN_W1:0,FFN_W1:1,FFN_W2:0
[gpu-debug] cfg: device=cuda dtype=torch.bfloat16 dim=4096 ffn_dim=11008 n_heads=32 shards=2
[gpu-debug] op plan (with inferred tensor shapes):
  - op#00  op=Q        shard=0   x=[1x4096] + w=[2048x4096]  ->  y=[1x2048]  (T=1, K=224)
  - op#01  op=Q        shard=1   x=[1x4096] + w=[2048x4096]  ->  y=[1x2048]  (T=1, K=224)
  - op#02  op=V        shard=0   x=[1x4096] + w=[2048x4096]  ->  y=[1x2048]  (T=1, K=224)
  - op#03  op=O        shard=1   x=[1x2048] + w=[4096x2048]  ->  y=[1x4096]  (T=1, K=224)
  - op#04  op=FFN_W1   shard=0   x=[1x4096] + w=[5504x4096]  ->  y=[1x5504]  (T=1, K=224)
  - op#05  op=FFN_W1   shard=1   x=[1x4096] + w=[5504x4096]  ->  y=[1x5504]  (T=1, K=224)
  - op#06  op=FFN_W2   shard=0   x=[1x5504] + w=[4096x5504]  ->  y=[1x4096]  (T=1, K=224)
[gpu-debug] per-op timing breakdown (avg over iters):
  idx  op       sh  io                                                    time   est_flops    TFLOPs       bytes      GB/s
  ------------------------------------------------------------------------------------------------------------------------
    0  Q         0  x[1x4096]+w[2048x4096]->y[1x2048]                   0.043ms    16.777 M      0.39   16.01 MiB    392.25
    1  Q         1  x[1x4096]+w[2048x4096]->y[1x2048]                   0.034ms    16.777 M      0.50   16.01 MiB    498.36
    2  V         0  x[1x4096]+w[2048x4096]->y[1x2048]                   0.034ms    16.777 M      0.50   16.01 MiB    496.85
    3  O         1  x[1x2048]+w[4096x2048]->y[1x4096]                   0.028ms    16.777 M      0.60   16.01 MiB    602.79
    4  FFN_W1    0  x[1x4096]+w[5504x4096]->y[1x5504]                   0.047ms    45.089 M      0.96   43.02 MiB    955.55
    5  FFN_W1    1  x[1x4096]+w[5504x4096]->y[1x5504]                   0.048ms    45.089 M      0.93   43.02 MiB    935.26
    6  FFN_W2    0  x[1x5504]+w[4096x5504]->y[1x4096]                   0.051ms    45.089 M      0.89   43.02 MiB    889.91
[gpu-debug] segment avg latency (cuda_events): 0.249 ms
[gpu-debug] sum(per-op)               : 0.284 ms (ratio=1.141)
[gpu-debug] NOTE: sum(per-op) may differ from segment latency due to Python overhead, event/launch overhead, and allocator/cache effects.
[gpu-debug] cuda mem before warmup: alloc=204.15 MiB reserved=218.00 MiB
[gpu-debug] cuda mem after warmup : alloc=204.15 MiB reserved=218.00 MiB
[gpu-debug] cuda mem peak (this segment): max_alloc=204.16 MiB max_reserved=218.00 MiB
========================================================================================
[gpu-debug] segment_key=npu|prefill|-1|bb7f6d15abcf86dfdbe332fcf771018e
[gpu-debug] sig: device_type=npu phase=prefill step=-1 (count_hint=32)
[gpu-debug] ops_repr: LN:-1,Q:0,Q:1,V:0,QK:1,Softmax:1,SV:0,SV:1,O:1,LN:-1,FFN_W1:0,FFN_W1:1,SwiGLU:1,FFN_W2:0
[gpu-debug] cfg: device=cuda dtype=torch.bfloat16 dim=4096 ffn_dim=11008 n_heads=32 shards=2
[gpu-debug] op plan (with inferred tensor shapes):
  - op#00  op=LN       shard=-1  x=[128x4096] + w=[4096]  ->  y=[128x4096]  (T=128, K=128)
  - op#01  op=Q        shard=0   x=[128x4096] + w=[2048x4096]  ->  y=[128x2048]  (T=128, K=128)
  - op#02  op=Q        shard=1   x=[128x4096] + w=[2048x4096]  ->  y=[128x2048]  (T=128, K=128)
  - op#03  op=V        shard=0   x=[128x4096] + w=[2048x4096]  ->  y=[128x2048]  (T=128, K=128)
  - op#04  op=QK       shard=1   q=[16x128x128] + k=[16x128x128]  ->  y=[16x128x128]  (T=128, K=128)
  - op#05  op=Softmax  shard=1   scores=[16x128x128]  ->  y=[16x128x128]  (T=128, K=128)
  - op#06  op=SV       shard=0   p=[16x128x128] + v=[16x128x128]  ->  y=[16x128x128]  (T=128, K=128)
  - op#07  op=SV       shard=1   p=[16x128x128] + v=[16x128x128]  ->  y=[16x128x128]  (T=128, K=128)
  - op#08  op=O        shard=1   x=[128x2048] + w=[4096x2048]  ->  y=[128x4096]  (T=128, K=128)
  - op#09  op=LN       shard=-1  x=[128x4096] + w=[4096]  ->  y=[128x4096]  (T=128, K=128)
  - op#10  op=FFN_W1   shard=0   x=[128x4096] + w=[5504x4096]  ->  y=[128x5504]  (T=128, K=128)
  - op#11  op=FFN_W1   shard=1   x=[128x4096] + w=[5504x4096]  ->  y=[128x5504]  (T=128, K=128)
  - op#12  op=SwiGLU   shard=1   a=[128x5504] + b=[128x5504]  ->  y=[128x5504]  (T=128, K=128)
  - op#13  op=FFN_W2   shard=0   x=[128x5504] + w=[4096x5504]  ->  y=[128x4096]  (T=128, K=128)
[gpu-debug] per-op timing breakdown (avg over iters):
  idx  op       sh  io                                                    time   est_flops    TFLOPs       bytes      GB/s
  ------------------------------------------------------------------------------------------------------------------------
    0  LN       -1  x[128x4096]+w[4096]->y[128x4096]                    0.070ms     2.621 M      0.04    2.01 MiB     29.88
    1  Q         0  x[128x4096]+w[2048x4096]->y[128x2048]               0.046ms     2.147 G     46.71   17.50 MiB    399.11
    2  Q         1  x[128x4096]+w[2048x4096]->y[128x2048]               0.033ms     2.147 G     64.53   17.50 MiB    551.38
    3  V         0  x[128x4096]+w[2048x4096]->y[128x2048]               0.029ms     2.147 G     75.17   17.50 MiB    642.29
    4  QK        1  q[16x128x128]+k[16x128x128]->y[16x128x128]          0.045ms    67.109 M      1.51    1.50 MiB     35.31
    5  Softmax   1  scores[16x128x128]->y[16x128x128]                   0.018ms     1.311 M      0.07    1.00 MiB     56.89
    6  SV        0  p[16x128x128]+v[16x128x128]->y[16x128x128]          0.031ms    67.109 M      2.14    1.50 MiB     50.20
    7  SV        1  p[16x128x128]+v[16x128x128]->y[16x128x128]          0.027ms    67.109 M      2.45    1.50 MiB     57.31
    8  O         1  x[128x2048]+w[4096x2048]->y[128x4096]               0.038ms     2.147 G     56.07   17.50 MiB    479.14
    9  LN       -1  x[128x4096]+w[4096]->y[128x4096]                    0.066ms     2.621 M      0.04    2.01 MiB     31.98
   10  FFN_W1    0  x[128x4096]+w[5504x4096]->y[128x5504]               0.073ms     5.771 G     79.16   45.34 MiB    652.13
   11  FFN_W1    1  x[128x4096]+w[5504x4096]->y[128x5504]               0.055ms     5.771 G    104.96   45.34 MiB    864.66
   12  SwiGLU    1  a[128x5504]+b[128x5504]->y[128x5504]                0.012ms     4.227 M      0.35    4.03 MiB    349.83
   13  FFN_W2    0  x[128x5504]+w[4096x5504]->y[128x4096]               0.055ms     5.771 G    104.37   45.34 MiB    859.85
[gpu-debug] segment avg latency (cuda_events): 0.384 ms
[gpu-debug] sum(per-op)               : 0.599 ms (ratio=1.561)
[gpu-debug] NOTE: sum(per-op) may differ from segment latency due to Python overhead, event/launch overhead, and allocator/cache effects.
[gpu-debug] cuda mem before warmup: alloc=204.15 MiB reserved=218.00 MiB
[gpu-debug] cuda mem after warmup : alloc=207.50 MiB reserved=222.00 MiB
[gpu-debug] cuda mem peak (this segment): max_alloc=210.19 MiB max_reserved=222.00 MiB
  progress 24/24
[run-gpu] wrote /lustre/home/2501111916/workspace/XPUPIM_0226_gpupim_parameter/TriForm/verify/hw_hardware_1gpu_2aim/st12/llama_7b_bf16_b1_s12/heft_128x262.gpu_results.json
[slurm] wrote OK_FILE=/lustre/home/2501111916/workspace/XPUPIM_0226_gpupim_parameter/TriForm/verify/hw_hardware_1gpu_2aim/st12/llama_7b_bf16_b1_s12/heft_128x262.gpu.ok
