[slurm] jobid=9730508 nodelist=l12gpu04
[slurm] CUDA_VISIBLE_DEVICES=0
Fri Feb 27 10:08:49 2026       
+-----------------------------------------------------------------------------------------+
| NVIDIA-SMI 560.35.03              Driver Version: 560.35.03      CUDA Version: 12.6     |
|-----------------------------------------+------------------------+----------------------+
| GPU  Name                 Persistence-M | Bus-Id          Disp.A | Volatile Uncorr. ECC |
| Fan  Temp   Perf          Pwr:Usage/Cap |           Memory-Usage | GPU-Util  Compute M. |
|                                         |                        |               MIG M. |
|=========================================+========================+======================|
|   0  NVIDIA A100-PCIE-40GB          On  |   00000000:B1:00.0 Off |                    0 |
| N/A   33C    P0             32W /  250W |       1MiB /  40960MiB |      0%      Default |
|                                         |                        |             Disabled |
+-----------------------------------------+------------------------+----------------------+
                                                                                         
+-----------------------------------------------------------------------------------------+
| Processes:                                                                              |
|  GPU   GI   CI        PID   Type   Process name                              GPU Memory |
|        ID   ID                                                               Usage      |
|=========================================================================================|
|  No running processes found                                                             |
+-----------------------------------------------------------------------------------------+
torch: 2.8.0+cu126
cuda available: True
device: NVIDIA A100-PCIE-40GB
[slurm] PY_SCRIPT=/lustre/home/2501111916/workspace/XPUPIM_0226_gpupim_parameter/TriForm/verify/schedule_deploy_verify.py
[slurm] TASKS_JSON=/lustre/home/2501111916/workspace/XPUPIM_0226_gpupim_parameter/TriForm/verify/hw_hardware_1gpu_2aim/st12/llama_7b_bf16_b1_s12/hefthint_128x67.gpu_tasks.json
[slurm] OUT_JSON=/lustre/home/2501111916/workspace/XPUPIM_0226_gpupim_parameter/TriForm/verify/hw_hardware_1gpu_2aim/st12/llama_7b_bf16_b1_s12/hefthint_128x67.gpu_results.json
[slurm] WARMUP=3 ITERS=10 DEVICE=cuda GPU_DTYPE=bf16
[slurm] OK_FILE=/lustre/home/2501111916/workspace/XPUPIM_0226_gpupim_parameter/TriForm/verify/hw_hardware_1gpu_2aim/st12/llama_7b_bf16_b1_s12/hefthint_128x67.gpu.ok
[slurm] Running: python /lustre/home/2501111916/workspace/XPUPIM_0226_gpupim_parameter/TriForm/verify/schedule_deploy_verify.py run-gpu --tasks /lustre/home/2501111916/workspace/XPUPIM_0226_gpupim_parameter/TriForm/verify/hw_hardware_1gpu_2aim/st12/llama_7b_bf16_b1_s12/hefthint_128x67.gpu_tasks.json --out /lustre/home/2501111916/workspace/XPUPIM_0226_gpupim_parameter/TriForm/verify/hw_hardware_1gpu_2aim/st12/llama_7b_bf16_b1_s12/hefthint_128x67.gpu_results.json --debug --debug-txt /lustre/home/2501111916/workspace/XPUPIM_0226_gpupim_parameter/TriForm/verify/hw_hardware_1gpu_2aim/st12/llama_7b_bf16_b1_s12/hefthint_128x67.gpu_debug.log --warmup 3 --iters 10 --device cuda --gpu-dtype bf16
[run-gpu] tasks=15 warmup=3 iters=10 device=cuda dtype=bf16 segment_scope=layer
[run-gpu] GPU[0] NVIDIA A100-PCIE-40GB; SM=108, CC=8.0
[run-gpu] nvidia-smi -L: GPU 0: NVIDIA A100-PCIE-40GB (UUID: GPU-10fd0274-d52f-ca61-05e2-aaf982e4391e)
[run-gpu] nvidia-smi query: NVIDIA A100-PCIE-40GB, GPU-10fd0274-d52f-ca61-05e2-aaf982e4391e, 560.35.03, 40960
[run-gpu][debug] torch_default_dtype=torch.float32
[run-gpu][debug] torch.backends.cuda.matmul.allow_tf32=False
[run-gpu][debug] cudnn.enabled=True benchmark=False deterministic=False allow_tf32=True
[run-gpu][debug] nvidia-smi snapshot: 0, 0, 0, 4, 40960, 33, 33.12, 250.00
========================================================================================
[gpu-debug] segment_key=npu|decode|0|307a197e3ce88b480cf4c5382b3cb30c
[gpu-debug] sig: device_type=npu phase=decode step=0 (count_hint=1)
[gpu-debug] ops_repr: Softmax:1
[gpu-debug] cfg: device=cuda dtype=torch.bfloat16 dim=4096 ffn_dim=11008 n_heads=32 shards=2
[gpu-debug] op plan (with inferred tensor shapes):
  - op#00  op=Softmax  shard=1   scores=[16x1x129]  ->  y=[16x1x129]  (T=1, K=129)
[gpu-debug] per-op timing breakdown (avg over iters):
  idx  op       sh  io                                                    time   est_flops    TFLOPs       bytes      GB/s
  ------------------------------------------------------------------------------------------------------------------------
    0  Softmax   1  scores[16x1x129]->y[16x1x129]                       0.017ms    10.320 K      0.00    8.06 KiB      0.48
[gpu-debug] segment avg latency (cuda_events): 0.016 ms
[gpu-debug] sum(per-op)               : 0.017 ms (ratio=1.043)
[gpu-debug] NOTE: sum(per-op) may differ from segment latency due to Python overhead, event/launch overhead, and allocator/cache effects.
[gpu-debug] cuda mem before warmup: alloc=0 B reserved=0 B
[gpu-debug] cuda mem after warmup : alloc=4.50 KiB reserved=2.00 MiB
[gpu-debug] cuda mem peak (this segment): max_alloc=9.00 KiB max_reserved=2.00 MiB
========================================================================================
[gpu-debug] segment_key=npu|decode|0|6e4eed79a7a597c6844e1e8a97d0ac5d
[gpu-debug] sig: device_type=npu phase=decode step=0 (count_hint=8)
[gpu-debug] ops_repr: Softmax:0
[gpu-debug] cfg: device=cuda dtype=torch.bfloat16 dim=4096 ffn_dim=11008 n_heads=32 shards=2
[gpu-debug] op plan (with inferred tensor shapes):
  - op#00  op=Softmax  shard=0   scores=[16x1x129]  ->  y=[16x1x129]  (T=1, K=129)
[gpu-debug] per-op timing breakdown (avg over iters):
  idx  op       sh  io                                                    time   est_flops    TFLOPs       bytes      GB/s
  ------------------------------------------------------------------------------------------------------------------------
    0  Softmax   0  scores[16x1x129]->y[16x1x129]                       0.016ms    10.320 K      0.00    8.06 KiB      0.51
[gpu-debug] segment avg latency (cuda_events): 0.011 ms
[gpu-debug] sum(per-op)               : 0.016 ms (ratio=1.423)
[gpu-debug] NOTE: sum(per-op) may differ from segment latency due to Python overhead, event/launch overhead, and allocator/cache effects.
[gpu-debug] cuda mem before warmup: alloc=4.50 KiB reserved=2.00 MiB
[gpu-debug] cuda mem after warmup : alloc=4.50 KiB reserved=2.00 MiB
[gpu-debug] cuda mem peak (this segment): max_alloc=9.00 KiB max_reserved=2.00 MiB
========================================================================================
[gpu-debug] segment_key=npu|decode|1|307a197e3ce88b480cf4c5382b3cb30c
[gpu-debug] sig: device_type=npu phase=decode step=1 (count_hint=9)
[gpu-debug] ops_repr: Softmax:1
[gpu-debug] cfg: device=cuda dtype=torch.bfloat16 dim=4096 ffn_dim=11008 n_heads=32 shards=2
[gpu-debug] op plan (with inferred tensor shapes):
  - op#00  op=Softmax  shard=1   scores=[16x1x130]  ->  y=[16x1x130]  (T=1, K=130)
[gpu-debug] per-op timing breakdown (avg over iters):
  idx  op       sh  io                                                    time   est_flops    TFLOPs       bytes      GB/s
  ------------------------------------------------------------------------------------------------------------------------
    0  Softmax   1  scores[16x1x130]->y[16x1x130]                       0.017ms    10.400 K      0.00    8.12 KiB      0.49
[gpu-debug] segment avg latency (cuda_events): 0.011 ms
[gpu-debug] sum(per-op)               : 0.017 ms (ratio=1.561)
[gpu-debug] NOTE: sum(per-op) may differ from segment latency due to Python overhead, event/launch overhead, and allocator/cache effects.
[gpu-debug] cuda mem before warmup: alloc=4.50 KiB reserved=2.00 MiB
[gpu-debug] cuda mem after warmup : alloc=9.00 KiB reserved=2.00 MiB
[gpu-debug] cuda mem peak (this segment): max_alloc=13.50 KiB max_reserved=2.00 MiB
========================================================================================
[gpu-debug] segment_key=npu|decode|1|6e4eed79a7a597c6844e1e8a97d0ac5d
[gpu-debug] sig: device_type=npu phase=decode step=1 (count_hint=9)
[gpu-debug] ops_repr: Softmax:0
[gpu-debug] cfg: device=cuda dtype=torch.bfloat16 dim=4096 ffn_dim=11008 n_heads=32 shards=2
[gpu-debug] op plan (with inferred tensor shapes):
  - op#00  op=Softmax  shard=0   scores=[16x1x130]  ->  y=[16x1x130]  (T=1, K=130)
[gpu-debug] per-op timing breakdown (avg over iters):
  idx  op       sh  io                                                    time   est_flops    TFLOPs       bytes      GB/s
  ------------------------------------------------------------------------------------------------------------------------
    0  Softmax   0  scores[16x1x130]->y[16x1x130]                       0.016ms    10.400 K      0.00    8.12 KiB      0.52
[gpu-debug] segment avg latency (cuda_events): 0.011 ms
[gpu-debug] sum(per-op)               : 0.016 ms (ratio=1.472)
[gpu-debug] NOTE: sum(per-op) may differ from segment latency due to Python overhead, event/launch overhead, and allocator/cache effects.
[gpu-debug] cuda mem before warmup: alloc=9.00 KiB reserved=2.00 MiB
[gpu-debug] cuda mem after warmup : alloc=9.00 KiB reserved=2.00 MiB
[gpu-debug] cuda mem peak (this segment): max_alloc=13.50 KiB max_reserved=2.00 MiB
========================================================================================
[gpu-debug] segment_key=npu|decode|2|307a197e3ce88b480cf4c5382b3cb30c
[gpu-debug] sig: device_type=npu phase=decode step=2 (count_hint=9)
[gpu-debug] ops_repr: Softmax:1
[gpu-debug] cfg: device=cuda dtype=torch.bfloat16 dim=4096 ffn_dim=11008 n_heads=32 shards=2
[gpu-debug] op plan (with inferred tensor shapes):
  - op#00  op=Softmax  shard=1   scores=[16x1x140]  ->  y=[16x1x140]  (T=1, K=140)
[gpu-debug] per-op timing breakdown (avg over iters):
  idx  op       sh  io                                                    time   est_flops    TFLOPs       bytes      GB/s
  ------------------------------------------------------------------------------------------------------------------------
    0  Softmax   1  scores[16x1x140]->y[16x1x140]                       0.016ms    11.200 K      0.00    8.75 KiB      0.56
[gpu-debug] segment avg latency (cuda_events): 0.011 ms
[gpu-debug] sum(per-op)               : 0.016 ms (ratio=1.458)
[gpu-debug] NOTE: sum(per-op) may differ from segment latency due to Python overhead, event/launch overhead, and allocator/cache effects.
[gpu-debug] cuda mem before warmup: alloc=9.00 KiB reserved=2.00 MiB
[gpu-debug] cuda mem after warmup : alloc=13.50 KiB reserved=2.00 MiB
[gpu-debug] cuda mem peak (this segment): max_alloc=18.00 KiB max_reserved=2.00 MiB
========================================================================================
[gpu-debug] segment_key=npu|decode|2|6e4eed79a7a597c6844e1e8a97d0ac5d
[gpu-debug] sig: device_type=npu phase=decode step=2 (count_hint=9)
[gpu-debug] ops_repr: Softmax:0
[gpu-debug] cfg: device=cuda dtype=torch.bfloat16 dim=4096 ffn_dim=11008 n_heads=32 shards=2
[gpu-debug] op plan (with inferred tensor shapes):
  - op#00  op=Softmax  shard=0   scores=[16x1x140]  ->  y=[16x1x140]  (T=1, K=140)
[gpu-debug] per-op timing breakdown (avg over iters):
  idx  op       sh  io                                                    time   est_flops    TFLOPs       bytes      GB/s
  ------------------------------------------------------------------------------------------------------------------------
    0  Softmax   0  scores[16x1x140]->y[16x1x140]                       0.016ms    11.200 K      0.00    8.75 KiB      0.56
[gpu-debug] segment avg latency (cuda_events): 0.011 ms
[gpu-debug] sum(per-op)               : 0.016 ms (ratio=1.486)
[gpu-debug] NOTE: sum(per-op) may differ from segment latency due to Python overhead, event/launch overhead, and allocator/cache effects.
[gpu-debug] cuda mem before warmup: alloc=13.50 KiB reserved=2.00 MiB
[gpu-debug] cuda mem after warmup : alloc=13.50 KiB reserved=2.00 MiB
[gpu-debug] cuda mem peak (this segment): max_alloc=18.00 KiB max_reserved=2.00 MiB
========================================================================================
[gpu-debug] segment_key=npu|decode|3|307a197e3ce88b480cf4c5382b3cb30c
[gpu-debug] sig: device_type=npu phase=decode step=3 (count_hint=9)
[gpu-debug] ops_repr: Softmax:1
[gpu-debug] cfg: device=cuda dtype=torch.bfloat16 dim=4096 ffn_dim=11008 n_heads=32 shards=2
[gpu-debug] op plan (with inferred tensor shapes):
  - op#00  op=Softmax  shard=1   scores=[16x1x152]  ->  y=[16x1x152]  (T=1, K=152)
[gpu-debug] per-op timing breakdown (avg over iters):
  idx  op       sh  io                                                    time   est_flops    TFLOPs       bytes      GB/s
  ------------------------------------------------------------------------------------------------------------------------
    0  Softmax   1  scores[16x1x152]->y[16x1x152]                       0.016ms    12.160 K      0.00    9.50 KiB      0.61
[gpu-debug] segment avg latency (cuda_events): 0.011 ms
[gpu-debug] sum(per-op)               : 0.016 ms (ratio=1.481)
[gpu-debug] NOTE: sum(per-op) may differ from segment latency due to Python overhead, event/launch overhead, and allocator/cache effects.
[gpu-debug] cuda mem before warmup: alloc=13.50 KiB reserved=2.00 MiB
[gpu-debug] cuda mem after warmup : alloc=18.50 KiB reserved=2.00 MiB
[gpu-debug] cuda mem peak (this segment): max_alloc=23.50 KiB max_reserved=2.00 MiB
========================================================================================
[gpu-debug] segment_key=npu|decode|3|6e4eed79a7a597c6844e1e8a97d0ac5d
[gpu-debug] sig: device_type=npu phase=decode step=3 (count_hint=9)
[gpu-debug] ops_repr: Softmax:0
[gpu-debug] cfg: device=cuda dtype=torch.bfloat16 dim=4096 ffn_dim=11008 n_heads=32 shards=2
[gpu-debug] op plan (with inferred tensor shapes):
  - op#00  op=Softmax  shard=0   scores=[16x1x152]  ->  y=[16x1x152]  (T=1, K=152)
[gpu-debug] per-op timing breakdown (avg over iters):
  idx  op       sh  io                                                    time   est_flops    TFLOPs       bytes      GB/s
  ------------------------------------------------------------------------------------------------------------------------
    0  Softmax   0  scores[16x1x152]->y[16x1x152]                       0.017ms    12.160 K      0.00    9.50 KiB      0.58
[gpu-debug] segment avg latency (cuda_events): 0.011 ms
[gpu-debug] sum(per-op)               : 0.017 ms (ratio=1.562)
[gpu-debug] NOTE: sum(per-op) may differ from segment latency due to Python overhead, event/launch overhead, and allocator/cache effects.
[gpu-debug] cuda mem before warmup: alloc=18.50 KiB reserved=2.00 MiB
[gpu-debug] cuda mem after warmup : alloc=18.50 KiB reserved=2.00 MiB
[gpu-debug] cuda mem peak (this segment): max_alloc=23.50 KiB max_reserved=2.00 MiB
========================================================================================
[gpu-debug] segment_key=npu|decode|4|307a197e3ce88b480cf4c5382b3cb30c
[gpu-debug] sig: device_type=npu phase=decode step=4 (count_hint=9)
[gpu-debug] ops_repr: Softmax:1
[gpu-debug] cfg: device=cuda dtype=torch.bfloat16 dim=4096 ffn_dim=11008 n_heads=32 shards=2
[gpu-debug] op plan (with inferred tensor shapes):
  - op#00  op=Softmax  shard=1   scores=[16x1x164]  ->  y=[16x1x164]  (T=1, K=164)
[gpu-debug] per-op timing breakdown (avg over iters):
  idx  op       sh  io                                                    time   est_flops    TFLOPs       bytes      GB/s
  ------------------------------------------------------------------------------------------------------------------------
    0  Softmax   1  scores[16x1x164]->y[16x1x164]                       0.016ms    13.120 K      0.00   10.25 KiB      0.66
[gpu-debug] segment avg latency (cuda_events): 0.011 ms
[gpu-debug] sum(per-op)               : 0.016 ms (ratio=1.393)
[gpu-debug] NOTE: sum(per-op) may differ from segment latency due to Python overhead, event/launch overhead, and allocator/cache effects.
[gpu-debug] cuda mem before warmup: alloc=18.50 KiB reserved=2.00 MiB
[gpu-debug] cuda mem after warmup : alloc=24.00 KiB reserved=2.00 MiB
[gpu-debug] cuda mem peak (this segment): max_alloc=29.50 KiB max_reserved=2.00 MiB
========================================================================================
[gpu-debug] segment_key=npu|decode|4|6e4eed79a7a597c6844e1e8a97d0ac5d
[gpu-debug] sig: device_type=npu phase=decode step=4 (count_hint=9)
[gpu-debug] ops_repr: Softmax:0
[gpu-debug] cfg: device=cuda dtype=torch.bfloat16 dim=4096 ffn_dim=11008 n_heads=32 shards=2
[gpu-debug] op plan (with inferred tensor shapes):
  - op#00  op=Softmax  shard=0   scores=[16x1x164]  ->  y=[16x1x164]  (T=1, K=164)
[gpu-debug] per-op timing breakdown (avg over iters):
  idx  op       sh  io                                                    time   est_flops    TFLOPs       bytes      GB/s
  ------------------------------------------------------------------------------------------------------------------------
    0  Softmax   0  scores[16x1x164]->y[16x1x164]                       0.016ms    13.120 K      0.00   10.25 KiB      0.64
[gpu-debug] segment avg latency (cuda_events): 0.011 ms
[gpu-debug] sum(per-op)               : 0.016 ms (ratio=1.514)
[gpu-debug] NOTE: sum(per-op) may differ from segment latency due to Python overhead, event/launch overhead, and allocator/cache effects.
[gpu-debug] cuda mem before warmup: alloc=24.00 KiB reserved=2.00 MiB
[gpu-debug] cuda mem after warmup : alloc=24.00 KiB reserved=2.00 MiB
[gpu-debug] cuda mem peak (this segment): max_alloc=29.50 KiB max_reserved=2.00 MiB
========================================================================================
[gpu-debug] segment_key=npu|decode|5|307a197e3ce88b480cf4c5382b3cb30c
[gpu-debug] sig: device_type=npu phase=decode step=5 (count_hint=10)
[gpu-debug] ops_repr: Softmax:1
[gpu-debug] cfg: device=cuda dtype=torch.bfloat16 dim=4096 ffn_dim=11008 n_heads=32 shards=2
[gpu-debug] op plan (with inferred tensor shapes):
  - op#00  op=Softmax  shard=1   scores=[16x1x176]  ->  y=[16x1x176]  (T=1, K=176)
[gpu-debug] per-op timing breakdown (avg over iters):
  idx  op       sh  io                                                    time   est_flops    TFLOPs       bytes      GB/s
  ------------------------------------------------------------------------------------------------------------------------
    0  Softmax   1  scores[16x1x176]->y[16x1x176]                       0.016ms    14.080 K      0.00   11.00 KiB      0.71
[gpu-debug] segment avg latency (cuda_events): 0.011 ms
[gpu-debug] sum(per-op)               : 0.016 ms (ratio=1.453)
[gpu-debug] NOTE: sum(per-op) may differ from segment latency due to Python overhead, event/launch overhead, and allocator/cache effects.
[gpu-debug] cuda mem before warmup: alloc=24.00 KiB reserved=2.00 MiB
[gpu-debug] cuda mem after warmup : alloc=29.50 KiB reserved=2.00 MiB
[gpu-debug] cuda mem peak (this segment): max_alloc=35.00 KiB max_reserved=2.00 MiB
========================================================================================
[gpu-debug] segment_key=npu|decode|5|6e4eed79a7a597c6844e1e8a97d0ac5d
[gpu-debug] sig: device_type=npu phase=decode step=5 (count_hint=8)
[gpu-debug] ops_repr: Softmax:0
[gpu-debug] cfg: device=cuda dtype=torch.bfloat16 dim=4096 ffn_dim=11008 n_heads=32 shards=2
[gpu-debug] op plan (with inferred tensor shapes):
  - op#00  op=Softmax  shard=0   scores=[16x1x176]  ->  y=[16x1x176]  (T=1, K=176)
[gpu-debug] per-op timing breakdown (avg over iters):
  idx  op       sh  io                                                    time   est_flops    TFLOPs       bytes      GB/s
  ------------------------------------------------------------------------------------------------------------------------
    0  Softmax   0  scores[16x1x176]->y[16x1x176]                       0.017ms    14.080 K      0.00   11.00 KiB      0.68
[gpu-debug] segment avg latency (cuda_events): 0.011 ms
[gpu-debug] sum(per-op)               : 0.017 ms (ratio=1.558)
[gpu-debug] NOTE: sum(per-op) may differ from segment latency due to Python overhead, event/launch overhead, and allocator/cache effects.
[gpu-debug] cuda mem before warmup: alloc=29.50 KiB reserved=2.00 MiB
[gpu-debug] cuda mem after warmup : alloc=29.50 KiB reserved=2.00 MiB
[gpu-debug] cuda mem peak (this segment): max_alloc=35.00 KiB max_reserved=2.00 MiB
========================================================================================
[gpu-debug] segment_key=npu|decode|6|307a197e3ce88b480cf4c5382b3cb30c
[gpu-debug] sig: device_type=npu phase=decode step=6 (count_hint=9)
[gpu-debug] ops_repr: Softmax:1
[gpu-debug] cfg: device=cuda dtype=torch.bfloat16 dim=4096 ffn_dim=11008 n_heads=32 shards=2
[gpu-debug] op plan (with inferred tensor shapes):
  - op#00  op=Softmax  shard=1   scores=[16x1x188]  ->  y=[16x1x188]  (T=1, K=188)
[gpu-debug] per-op timing breakdown (avg over iters):
  idx  op       sh  io                                                    time   est_flops    TFLOPs       bytes      GB/s
  ------------------------------------------------------------------------------------------------------------------------
    0  Softmax   1  scores[16x1x188]->y[16x1x188]                       0.016ms    15.040 K      0.00   11.75 KiB      0.75
[gpu-debug] segment avg latency (cuda_events): 0.011 ms
[gpu-debug] sum(per-op)               : 0.016 ms (ratio=1.405)
[gpu-debug] NOTE: sum(per-op) may differ from segment latency due to Python overhead, event/launch overhead, and allocator/cache effects.
[gpu-debug] cuda mem before warmup: alloc=29.50 KiB reserved=2.00 MiB
[gpu-debug] cuda mem after warmup : alloc=35.50 KiB reserved=2.00 MiB
[gpu-debug] cuda mem peak (this segment): max_alloc=41.50 KiB max_reserved=2.00 MiB
========================================================================================
[gpu-debug] segment_key=npu|decode|6|6e4eed79a7a597c6844e1e8a97d0ac5d
[gpu-debug] sig: device_type=npu phase=decode step=6 (count_hint=9)
[gpu-debug] ops_repr: Softmax:0
[gpu-debug] cfg: device=cuda dtype=torch.bfloat16 dim=4096 ffn_dim=11008 n_heads=32 shards=2
[gpu-debug] op plan (with inferred tensor shapes):
  - op#00  op=Softmax  shard=0   scores=[16x1x188]  ->  y=[16x1x188]  (T=1, K=188)
[gpu-debug] per-op timing breakdown (avg over iters):
  idx  op       sh  io                                                    time   est_flops    TFLOPs       bytes      GB/s
  ------------------------------------------------------------------------------------------------------------------------
    0  Softmax   0  scores[16x1x188]->y[16x1x188]                       0.016ms    15.040 K      0.00   11.75 KiB      0.75
[gpu-debug] segment avg latency (cuda_events): 0.011 ms
[gpu-debug] sum(per-op)               : 0.016 ms (ratio=1.486)
[gpu-debug] NOTE: sum(per-op) may differ from segment latency due to Python overhead, event/launch overhead, and allocator/cache effects.
[gpu-debug] cuda mem before warmup: alloc=35.50 KiB reserved=2.00 MiB
[gpu-debug] cuda mem after warmup : alloc=35.50 KiB reserved=2.00 MiB
[gpu-debug] cuda mem peak (this segment): max_alloc=41.50 KiB max_reserved=2.00 MiB
========================================================================================
[gpu-debug] segment_key=npu|prefill|-1|484c97cbafe846cd6cda66e063d38e2a
[gpu-debug] sig: device_type=npu phase=prefill step=-1 (count_hint=32)
[gpu-debug] ops_repr: LN:-1,QK:0,QK:1,Softmax:0,Softmax:1,SV:0,SV:1,LN:-1
[gpu-debug] cfg: device=cuda dtype=torch.bfloat16 dim=4096 ffn_dim=11008 n_heads=32 shards=2
[gpu-debug] op plan (with inferred tensor shapes):
  - op#00  op=LN       shard=-1  x=[128x4096] + w=[4096]  ->  y=[128x4096]  (T=128, K=128)
  - op#01  op=QK       shard=0   q=[16x128x128] + k=[16x128x128]  ->  y=[16x128x128]  (T=128, K=128)
  - op#02  op=QK       shard=1   q=[16x128x128] + k=[16x128x128]  ->  y=[16x128x128]  (T=128, K=128)
  - op#03  op=Softmax  shard=0   scores=[16x128x128]  ->  y=[16x128x128]  (T=128, K=128)
  - op#04  op=Softmax  shard=1   scores=[16x128x128]  ->  y=[16x128x128]  (T=128, K=128)
  - op#05  op=SV       shard=0   p=[16x128x128] + v=[16x128x128]  ->  y=[16x128x128]  (T=128, K=128)
  - op#06  op=SV       shard=1   p=[16x128x128] + v=[16x128x128]  ->  y=[16x128x128]  (T=128, K=128)
  - op#07  op=LN       shard=-1  x=[128x4096] + w=[4096]  ->  y=[128x4096]  (T=128, K=128)
[gpu-debug] per-op timing breakdown (avg over iters):
  idx  op       sh  io                                                    time   est_flops    TFLOPs       bytes      GB/s
  ------------------------------------------------------------------------------------------------------------------------
    0  LN       -1  x[128x4096]+w[4096]->y[128x4096]                    0.074ms     2.621 M      0.04    2.01 MiB     28.36
    1  QK        0  q[16x128x128]+k[16x128x128]->y[16x128x128]          0.043ms    67.109 M      1.56    1.50 MiB     36.57
    2  QK        1  q[16x128x128]+k[16x128x128]->y[16x128x128]          0.043ms    67.109 M      1.56    1.50 MiB     36.66
    3  Softmax   0  scores[16x128x128]->y[16x128x128]                   0.019ms     1.311 M      0.07    1.00 MiB     55.96
    4  Softmax   1  scores[16x128x128]->y[16x128x128]                   0.016ms     1.311 M      0.08    1.00 MiB     66.49
    5  SV        0  p[16x128x128]+v[16x128x128]->y[16x128x128]          0.031ms    67.109 M      2.16    1.50 MiB     50.53
    6  SV        1  p[16x128x128]+v[16x128x128]->y[16x128x128]          0.030ms    67.109 M      2.27    1.50 MiB     53.15
    7  LN       -1  x[128x4096]+w[4096]->y[128x4096]                    0.076ms     2.621 M      0.03    2.01 MiB     27.63
[gpu-debug] segment avg latency (cuda_events): 0.222 ms
[gpu-debug] sum(per-op)               : 0.332 ms (ratio=1.496)
[gpu-debug] NOTE: sum(per-op) may differ from segment latency due to Python overhead, event/launch overhead, and allocator/cache effects.
[gpu-debug] cuda mem before warmup: alloc=35.50 KiB reserved=2.00 MiB
[gpu-debug] cuda mem after warmup : alloc=9.67 MiB reserved=24.00 MiB
[gpu-debug] cuda mem peak (this segment): max_alloc=11.67 MiB max_reserved=24.00 MiB
  progress 15/15
[run-gpu] wrote /lustre/home/2501111916/workspace/XPUPIM_0226_gpupim_parameter/TriForm/verify/hw_hardware_1gpu_2aim/st12/llama_7b_bf16_b1_s12/hefthint_128x67.gpu_results.json
[slurm] wrote OK_FILE=/lustre/home/2501111916/workspace/XPUPIM_0226_gpupim_parameter/TriForm/verify/hw_hardware_1gpu_2aim/st12/llama_7b_bf16_b1_s12/hefthint_128x67.gpu.ok
