[slurm] jobid=9730439 nodelist=l12gpu04
[slurm] CUDA_VISIBLE_DEVICES=0
Fri Feb 27 10:05:26 2026       
+-----------------------------------------------------------------------------------------+
| NVIDIA-SMI 560.35.03              Driver Version: 560.35.03      CUDA Version: 12.6     |
|-----------------------------------------+------------------------+----------------------+
| GPU  Name                 Persistence-M | Bus-Id          Disp.A | Volatile Uncorr. ECC |
| Fan  Temp   Perf          Pwr:Usage/Cap |           Memory-Usage | GPU-Util  Compute M. |
|                                         |                        |               MIG M. |
|=========================================+========================+======================|
|   0  NVIDIA A100-PCIE-40GB          On  |   00000000:98:00.0 Off |                    0 |
| N/A   28C    P0             35W /  250W |       1MiB /  40960MiB |      0%      Default |
|                                         |                        |             Disabled |
+-----------------------------------------+------------------------+----------------------+
                                                                                         
+-----------------------------------------------------------------------------------------+
| Processes:                                                                              |
|  GPU   GI   CI        PID   Type   Process name                              GPU Memory |
|        ID   ID                                                               Usage      |
|=========================================================================================|
|  No running processes found                                                             |
+-----------------------------------------------------------------------------------------+
torch: 2.8.0+cu126
cuda available: True
device: NVIDIA A100-PCIE-40GB
[slurm] PY_SCRIPT=/lustre/home/2501111916/workspace/XPUPIM_0226_gpupim_parameter/TriForm/verify/schedule_deploy_verify.py
[slurm] TASKS_JSON=/lustre/home/2501111916/workspace/XPUPIM_0226_gpupim_parameter/TriForm/verify/hw_hardware_1gpu_2aim/st12/llama_7b_bf16_b1_s12/facil_128x128.gpu_tasks.json
[slurm] OUT_JSON=/lustre/home/2501111916/workspace/XPUPIM_0226_gpupim_parameter/TriForm/verify/hw_hardware_1gpu_2aim/st12/llama_7b_bf16_b1_s12/facil_128x128.gpu_results.json
[slurm] WARMUP=3 ITERS=10 DEVICE=cuda GPU_DTYPE=bf16
[slurm] OK_FILE=/lustre/home/2501111916/workspace/XPUPIM_0226_gpupim_parameter/TriForm/verify/hw_hardware_1gpu_2aim/st12/llama_7b_bf16_b1_s12/facil_128x128.gpu.ok
[slurm] Running: python /lustre/home/2501111916/workspace/XPUPIM_0226_gpupim_parameter/TriForm/verify/schedule_deploy_verify.py run-gpu --tasks /lustre/home/2501111916/workspace/XPUPIM_0226_gpupim_parameter/TriForm/verify/hw_hardware_1gpu_2aim/st12/llama_7b_bf16_b1_s12/facil_128x128.gpu_tasks.json --out /lustre/home/2501111916/workspace/XPUPIM_0226_gpupim_parameter/TriForm/verify/hw_hardware_1gpu_2aim/st12/llama_7b_bf16_b1_s12/facil_128x128.gpu_results.json --debug --debug-txt /lustre/home/2501111916/workspace/XPUPIM_0226_gpupim_parameter/TriForm/verify/hw_hardware_1gpu_2aim/st12/llama_7b_bf16_b1_s12/facil_128x128.gpu_debug.log --warmup 3 --iters 10 --device cuda --gpu-dtype bf16
[run-gpu] tasks=13 warmup=3 iters=10 device=cuda dtype=bf16 segment_scope=layer
[run-gpu] extra weight_load_s=0.400513s (will be added in merge)
[run-gpu] GPU[0] NVIDIA A100-PCIE-40GB; SM=108, CC=8.0
[run-gpu] nvidia-smi -L: GPU 0: NVIDIA A100-PCIE-40GB (UUID: GPU-6d440a5b-63f1-384a-e57b-cc3200e8df52)
[run-gpu] nvidia-smi query: NVIDIA A100-PCIE-40GB, GPU-6d440a5b-63f1-384a-e57b-cc3200e8df52, 560.35.03, 40960
[run-gpu][debug] torch_default_dtype=torch.float32
[run-gpu][debug] torch.backends.cuda.matmul.allow_tf32=False
[run-gpu][debug] cudnn.enabled=True benchmark=False deterministic=False allow_tf32=True
[run-gpu][debug] nvidia-smi snapshot: 0, 0, 0, 4, 40960, 28, 35.16, 250.00
========================================================================================
[gpu-debug] segment_key=npu|decode|0|ff6dcf33668f3ebc9cf61e7eb43c6a84
[gpu-debug] sig: device_type=npu phase=decode step=0 (count_hint=32)
[gpu-debug] ops_repr: LN:-1,Add:-1,LN:-1,FFN_W3:0,FFN_W3:1,SwiGLU:0,SwiGLU:1,Add:-1
[gpu-debug] cfg: device=cuda dtype=torch.bfloat16 dim=4096 ffn_dim=11008 n_heads=32 shards=2
[gpu-debug] op plan (with inferred tensor shapes):
  - op#00  op=LN       shard=-1  x=[1x4096] + w=[4096]  ->  y=[1x4096]  (T=1, K=129)
  - op#01  op=Add      shard=-1  a=[1x4096] + b=[1x4096]  ->  y=[1x4096]  (T=1, K=129)
  - op#02  op=LN       shard=-1  x=[1x4096] + w=[4096]  ->  y=[1x4096]  (T=1, K=129)
  - op#03  op=FFN_W3   shard=0   x=[1x4096] + w=[5504x4096]  ->  y=[1x5504]  (T=1, K=129)
  - op#04  op=FFN_W3   shard=1   x=[1x4096] + w=[5504x4096]  ->  y=[1x5504]  (T=1, K=129)
  - op#05  op=SwiGLU   shard=0   a=[1x5504] + b=[1x5504]  ->  y=[1x5504]  (T=1, K=129)
  - op#06  op=SwiGLU   shard=1   a=[1x5504] + b=[1x5504]  ->  y=[1x5504]  (T=1, K=129)
  - op#07  op=Add      shard=-1  a=[1x4096] + b=[1x4096]  ->  y=[1x4096]  (T=1, K=129)
[gpu-debug] per-op timing breakdown (avg over iters):
  idx  op       sh  io                                                    time   est_flops    TFLOPs       bytes      GB/s
  ------------------------------------------------------------------------------------------------------------------------
    0  LN       -1  x[1x4096]+w[4096]->y[1x4096]                        0.067ms    20.480 K      0.00   24.00 KiB      0.37
    1  Add      -1  a[1x4096]+b[1x4096]->y[1x4096]                      0.017ms     4.096 K      0.00   24.00 KiB      1.41
    2  LN       -1  x[1x4096]+w[4096]->y[1x4096]                        0.058ms    20.480 K      0.00   24.00 KiB      0.43
    3  FFN_W3    0  x[1x4096]+w[5504x4096]->y[1x5504]                   0.065ms    45.089 M      0.69   43.02 MiB    689.37
    4  FFN_W3    1  x[1x4096]+w[5504x4096]->y[1x5504]                   0.048ms    45.089 M      0.94   43.02 MiB    937.25
    5  SwiGLU    0  a[1x5504]+b[1x5504]->y[1x5504]                      0.016ms    33.024 K      0.00   32.25 KiB      2.11
    6  SwiGLU    1  a[1x5504]+b[1x5504]->y[1x5504]                      0.015ms    33.024 K      0.00   32.25 KiB      2.18
    7  Add      -1  a[1x4096]+b[1x4096]->y[1x4096]                      0.010ms     4.096 K      0.00   24.00 KiB      2.42
[gpu-debug] segment avg latency (cuda_events): 0.209 ms
[gpu-debug] sum(per-op)               : 0.297 ms (ratio=1.419)
[gpu-debug] NOTE: sum(per-op) may differ from segment latency due to Python overhead, event/launch overhead, and allocator/cache effects.
[gpu-debug] cuda mem before warmup: alloc=0 B reserved=0 B
[gpu-debug] cuda mem after warmup : alloc=96.15 MiB reserved=110.00 MiB
[gpu-debug] cuda mem peak (this segment): max_alloc=96.17 MiB max_reserved=110.00 MiB
========================================================================================
[gpu-debug] segment_key=npu|decode|10|ff6dcf33668f3ebc9cf61e7eb43c6a84
[gpu-debug] sig: device_type=npu phase=decode step=10 (count_hint=32)
[gpu-debug] ops_repr: LN:-1,Add:-1,LN:-1,FFN_W3:0,FFN_W3:1,SwiGLU:0,SwiGLU:1,Add:-1
[gpu-debug] cfg: device=cuda dtype=torch.bfloat16 dim=4096 ffn_dim=11008 n_heads=32 shards=2
[gpu-debug] op plan (with inferred tensor shapes):
  - op#00  op=LN       shard=-1  x=[1x4096] + w=[4096]  ->  y=[1x4096]  (T=1, K=236)
  - op#01  op=Add      shard=-1  a=[1x4096] + b=[1x4096]  ->  y=[1x4096]  (T=1, K=236)
  - op#02  op=LN       shard=-1  x=[1x4096] + w=[4096]  ->  y=[1x4096]  (T=1, K=236)
  - op#03  op=FFN_W3   shard=0   x=[1x4096] + w=[5504x4096]  ->  y=[1x5504]  (T=1, K=236)
  - op#04  op=FFN_W3   shard=1   x=[1x4096] + w=[5504x4096]  ->  y=[1x5504]  (T=1, K=236)
  - op#05  op=SwiGLU   shard=0   a=[1x5504] + b=[1x5504]  ->  y=[1x5504]  (T=1, K=236)
  - op#06  op=SwiGLU   shard=1   a=[1x5504] + b=[1x5504]  ->  y=[1x5504]  (T=1, K=236)
  - op#07  op=Add      shard=-1  a=[1x4096] + b=[1x4096]  ->  y=[1x4096]  (T=1, K=236)
[gpu-debug] per-op timing breakdown (avg over iters):
  idx  op       sh  io                                                    time   est_flops    TFLOPs       bytes      GB/s
  ------------------------------------------------------------------------------------------------------------------------
    0  LN       -1  x[1x4096]+w[4096]->y[1x4096]                        0.066ms    20.480 K      0.00   24.00 KiB      0.37
    1  Add      -1  a[1x4096]+b[1x4096]->y[1x4096]                      0.017ms     4.096 K      0.00   24.00 KiB      1.47
    2  LN       -1  x[1x4096]+w[4096]->y[1x4096]                        0.057ms    20.480 K      0.00   24.00 KiB      0.43
    3  FFN_W3    0  x[1x4096]+w[5504x4096]->y[1x5504]                   0.065ms    45.089 M      0.69   43.02 MiB    691.53
    4  FFN_W3    1  x[1x4096]+w[5504x4096]->y[1x5504]                   0.048ms    45.089 M      0.94   43.02 MiB    945.30
    5  SwiGLU    0  a[1x5504]+b[1x5504]->y[1x5504]                      0.016ms    33.024 K      0.00   32.25 KiB      2.11
    6  SwiGLU    1  a[1x5504]+b[1x5504]->y[1x5504]                      0.015ms    33.024 K      0.00   32.25 KiB      2.21
    7  Add      -1  a[1x4096]+b[1x4096]->y[1x4096]                      0.009ms     4.096 K      0.00   24.00 KiB      2.64
[gpu-debug] segment avg latency (cuda_events): 0.202 ms
[gpu-debug] sum(per-op)               : 0.293 ms (ratio=1.453)
[gpu-debug] NOTE: sum(per-op) may differ from segment latency due to Python overhead, event/launch overhead, and allocator/cache effects.
[gpu-debug] cuda mem before warmup: alloc=96.15 MiB reserved=110.00 MiB
[gpu-debug] cuda mem after warmup : alloc=96.15 MiB reserved=110.00 MiB
[gpu-debug] cuda mem peak (this segment): max_alloc=96.17 MiB max_reserved=110.00 MiB
========================================================================================
[gpu-debug] segment_key=npu|decode|11|ff6dcf33668f3ebc9cf61e7eb43c6a84
[gpu-debug] sig: device_type=npu phase=decode step=11 (count_hint=32)
[gpu-debug] ops_repr: LN:-1,Add:-1,LN:-1,FFN_W3:0,FFN_W3:1,SwiGLU:0,SwiGLU:1,Add:-1
[gpu-debug] cfg: device=cuda dtype=torch.bfloat16 dim=4096 ffn_dim=11008 n_heads=32 shards=2
[gpu-debug] op plan (with inferred tensor shapes):
  - op#00  op=LN       shard=-1  x=[1x4096] + w=[4096]  ->  y=[1x4096]  (T=1, K=248)
  - op#01  op=Add      shard=-1  a=[1x4096] + b=[1x4096]  ->  y=[1x4096]  (T=1, K=248)
  - op#02  op=LN       shard=-1  x=[1x4096] + w=[4096]  ->  y=[1x4096]  (T=1, K=248)
  - op#03  op=FFN_W3   shard=0   x=[1x4096] + w=[5504x4096]  ->  y=[1x5504]  (T=1, K=248)
  - op#04  op=FFN_W3   shard=1   x=[1x4096] + w=[5504x4096]  ->  y=[1x5504]  (T=1, K=248)
  - op#05  op=SwiGLU   shard=0   a=[1x5504] + b=[1x5504]  ->  y=[1x5504]  (T=1, K=248)
  - op#06  op=SwiGLU   shard=1   a=[1x5504] + b=[1x5504]  ->  y=[1x5504]  (T=1, K=248)
  - op#07  op=Add      shard=-1  a=[1x4096] + b=[1x4096]  ->  y=[1x4096]  (T=1, K=248)
[gpu-debug] per-op timing breakdown (avg over iters):
  idx  op       sh  io                                                    time   est_flops    TFLOPs       bytes      GB/s
  ------------------------------------------------------------------------------------------------------------------------
    0  LN       -1  x[1x4096]+w[4096]->y[1x4096]                        0.066ms    20.480 K      0.00   24.00 KiB      0.37
    1  Add      -1  a[1x4096]+b[1x4096]->y[1x4096]                      0.017ms     4.096 K      0.00   24.00 KiB      1.48
    2  LN       -1  x[1x4096]+w[4096]->y[1x4096]                        0.057ms    20.480 K      0.00   24.00 KiB      0.43
    3  FFN_W3    0  x[1x4096]+w[5504x4096]->y[1x5504]                   0.064ms    45.089 M      0.70   43.02 MiB    700.33
    4  FFN_W3    1  x[1x4096]+w[5504x4096]->y[1x5504]                   0.048ms    45.089 M      0.94   43.02 MiB    941.26
    5  SwiGLU    0  a[1x5504]+b[1x5504]->y[1x5504]                      0.015ms    33.024 K      0.00   32.25 KiB      2.14
    6  SwiGLU    1  a[1x5504]+b[1x5504]->y[1x5504]                      0.015ms    33.024 K      0.00   32.25 KiB      2.18
    7  Add      -1  a[1x4096]+b[1x4096]->y[1x4096]                      0.009ms     4.096 K      0.00   24.00 KiB      2.61
[gpu-debug] segment avg latency (cuda_events): 0.200 ms
[gpu-debug] sum(per-op)               : 0.293 ms (ratio=1.465)
[gpu-debug] NOTE: sum(per-op) may differ from segment latency due to Python overhead, event/launch overhead, and allocator/cache effects.
[gpu-debug] cuda mem before warmup: alloc=96.15 MiB reserved=110.00 MiB
[gpu-debug] cuda mem after warmup : alloc=96.15 MiB reserved=110.00 MiB
[gpu-debug] cuda mem peak (this segment): max_alloc=96.17 MiB max_reserved=110.00 MiB
========================================================================================
[gpu-debug] segment_key=npu|decode|1|ff6dcf33668f3ebc9cf61e7eb43c6a84
[gpu-debug] sig: device_type=npu phase=decode step=1 (count_hint=32)
[gpu-debug] ops_repr: LN:-1,Add:-1,LN:-1,FFN_W3:0,FFN_W3:1,SwiGLU:0,SwiGLU:1,Add:-1
[gpu-debug] cfg: device=cuda dtype=torch.bfloat16 dim=4096 ffn_dim=11008 n_heads=32 shards=2
[gpu-debug] op plan (with inferred tensor shapes):
  - op#00  op=LN       shard=-1  x=[1x4096] + w=[4096]  ->  y=[1x4096]  (T=1, K=130)
  - op#01  op=Add      shard=-1  a=[1x4096] + b=[1x4096]  ->  y=[1x4096]  (T=1, K=130)
  - op#02  op=LN       shard=-1  x=[1x4096] + w=[4096]  ->  y=[1x4096]  (T=1, K=130)
  - op#03  op=FFN_W3   shard=0   x=[1x4096] + w=[5504x4096]  ->  y=[1x5504]  (T=1, K=130)
  - op#04  op=FFN_W3   shard=1   x=[1x4096] + w=[5504x4096]  ->  y=[1x5504]  (T=1, K=130)
  - op#05  op=SwiGLU   shard=0   a=[1x5504] + b=[1x5504]  ->  y=[1x5504]  (T=1, K=130)
  - op#06  op=SwiGLU   shard=1   a=[1x5504] + b=[1x5504]  ->  y=[1x5504]  (T=1, K=130)
  - op#07  op=Add      shard=-1  a=[1x4096] + b=[1x4096]  ->  y=[1x4096]  (T=1, K=130)
[gpu-debug] per-op timing breakdown (avg over iters):
  idx  op       sh  io                                                    time   est_flops    TFLOPs       bytes      GB/s
  ------------------------------------------------------------------------------------------------------------------------
    0  LN       -1  x[1x4096]+w[4096]->y[1x4096]                        0.066ms    20.480 K      0.00   24.00 KiB      0.37
    1  Add      -1  a[1x4096]+b[1x4096]->y[1x4096]                      0.016ms     4.096 K      0.00   24.00 KiB      1.49
    2  LN       -1  x[1x4096]+w[4096]->y[1x4096]                        0.058ms    20.480 K      0.00   24.00 KiB      0.42
    3  FFN_W3    0  x[1x4096]+w[5504x4096]->y[1x5504]                   0.064ms    45.089 M      0.70   43.02 MiB    702.56
    4  FFN_W3    1  x[1x4096]+w[5504x4096]->y[1x5504]                   0.048ms    45.089 M      0.94   43.02 MiB    943.27
    5  SwiGLU    0  a[1x5504]+b[1x5504]->y[1x5504]                      0.016ms    33.024 K      0.00   32.25 KiB      2.08
    6  SwiGLU    1  a[1x5504]+b[1x5504]->y[1x5504]                      0.015ms    33.024 K      0.00   32.25 KiB      2.18
    7  Add      -1  a[1x4096]+b[1x4096]->y[1x4096]                      0.009ms     4.096 K      0.00   24.00 KiB      2.61
[gpu-debug] segment avg latency (cuda_events): 0.200 ms
[gpu-debug] sum(per-op)               : 0.293 ms (ratio=1.467)
[gpu-debug] NOTE: sum(per-op) may differ from segment latency due to Python overhead, event/launch overhead, and allocator/cache effects.
[gpu-debug] cuda mem before warmup: alloc=96.15 MiB reserved=110.00 MiB
[gpu-debug] cuda mem after warmup : alloc=96.15 MiB reserved=110.00 MiB
[gpu-debug] cuda mem peak (this segment): max_alloc=96.17 MiB max_reserved=110.00 MiB
========================================================================================
[gpu-debug] segment_key=npu|decode|2|ff6dcf33668f3ebc9cf61e7eb43c6a84
[gpu-debug] sig: device_type=npu phase=decode step=2 (count_hint=32)
[gpu-debug] ops_repr: LN:-1,Add:-1,LN:-1,FFN_W3:0,FFN_W3:1,SwiGLU:0,SwiGLU:1,Add:-1
[gpu-debug] cfg: device=cuda dtype=torch.bfloat16 dim=4096 ffn_dim=11008 n_heads=32 shards=2
[gpu-debug] op plan (with inferred tensor shapes):
  - op#00  op=LN       shard=-1  x=[1x4096] + w=[4096]  ->  y=[1x4096]  (T=1, K=140)
  - op#01  op=Add      shard=-1  a=[1x4096] + b=[1x4096]  ->  y=[1x4096]  (T=1, K=140)
  - op#02  op=LN       shard=-1  x=[1x4096] + w=[4096]  ->  y=[1x4096]  (T=1, K=140)
  - op#03  op=FFN_W3   shard=0   x=[1x4096] + w=[5504x4096]  ->  y=[1x5504]  (T=1, K=140)
  - op#04  op=FFN_W3   shard=1   x=[1x4096] + w=[5504x4096]  ->  y=[1x5504]  (T=1, K=140)
  - op#05  op=SwiGLU   shard=0   a=[1x5504] + b=[1x5504]  ->  y=[1x5504]  (T=1, K=140)
  - op#06  op=SwiGLU   shard=1   a=[1x5504] + b=[1x5504]  ->  y=[1x5504]  (T=1, K=140)
  - op#07  op=Add      shard=-1  a=[1x4096] + b=[1x4096]  ->  y=[1x4096]  (T=1, K=140)
[gpu-debug] per-op timing breakdown (avg over iters):
  idx  op       sh  io                                                    time   est_flops    TFLOPs       bytes      GB/s
  ------------------------------------------------------------------------------------------------------------------------
    0  LN       -1  x[1x4096]+w[4096]->y[1x4096]                        0.065ms    20.480 K      0.00   24.00 KiB      0.38
    1  Add      -1  a[1x4096]+b[1x4096]->y[1x4096]                      0.016ms     4.096 K      0.00   24.00 KiB      1.49
    2  LN       -1  x[1x4096]+w[4096]->y[1x4096]                        0.057ms    20.480 K      0.00   24.00 KiB      0.43
    3  FFN_W3    0  x[1x4096]+w[5504x4096]->y[1x5504]                   0.064ms    45.089 M      0.70   43.02 MiB    702.56
    4  FFN_W3    1  x[1x4096]+w[5504x4096]->y[1x5504]                   0.048ms    45.089 M      0.94   43.02 MiB    945.30
    5  SwiGLU    0  a[1x5504]+b[1x5504]->y[1x5504]                      0.015ms    33.024 K      0.00   32.25 KiB      2.14
    6  SwiGLU    1  a[1x5504]+b[1x5504]->y[1x5504]                      0.015ms    33.024 K      0.00   32.25 KiB      2.16
    7  Add      -1  a[1x4096]+b[1x4096]->y[1x4096]                      0.009ms     4.096 K      0.00   24.00 KiB      2.64
[gpu-debug] segment avg latency (cuda_events): 0.199 ms
[gpu-debug] sum(per-op)               : 0.291 ms (ratio=1.458)
[gpu-debug] NOTE: sum(per-op) may differ from segment latency due to Python overhead, event/launch overhead, and allocator/cache effects.
[gpu-debug] cuda mem before warmup: alloc=96.15 MiB reserved=110.00 MiB
[gpu-debug] cuda mem after warmup : alloc=96.15 MiB reserved=110.00 MiB
[gpu-debug] cuda mem peak (this segment): max_alloc=96.17 MiB max_reserved=110.00 MiB
========================================================================================
[gpu-debug] segment_key=npu|decode|3|ff6dcf33668f3ebc9cf61e7eb43c6a84
[gpu-debug] sig: device_type=npu phase=decode step=3 (count_hint=32)
[gpu-debug] ops_repr: LN:-1,Add:-1,LN:-1,FFN_W3:0,FFN_W3:1,SwiGLU:0,SwiGLU:1,Add:-1
[gpu-debug] cfg: device=cuda dtype=torch.bfloat16 dim=4096 ffn_dim=11008 n_heads=32 shards=2
[gpu-debug] op plan (with inferred tensor shapes):
  - op#00  op=LN       shard=-1  x=[1x4096] + w=[4096]  ->  y=[1x4096]  (T=1, K=152)
  - op#01  op=Add      shard=-1  a=[1x4096] + b=[1x4096]  ->  y=[1x4096]  (T=1, K=152)
  - op#02  op=LN       shard=-1  x=[1x4096] + w=[4096]  ->  y=[1x4096]  (T=1, K=152)
  - op#03  op=FFN_W3   shard=0   x=[1x4096] + w=[5504x4096]  ->  y=[1x5504]  (T=1, K=152)
  - op#04  op=FFN_W3   shard=1   x=[1x4096] + w=[5504x4096]  ->  y=[1x5504]  (T=1, K=152)
  - op#05  op=SwiGLU   shard=0   a=[1x5504] + b=[1x5504]  ->  y=[1x5504]  (T=1, K=152)
  - op#06  op=SwiGLU   shard=1   a=[1x5504] + b=[1x5504]  ->  y=[1x5504]  (T=1, K=152)
  - op#07  op=Add      shard=-1  a=[1x4096] + b=[1x4096]  ->  y=[1x4096]  (T=1, K=152)
[gpu-debug] per-op timing breakdown (avg over iters):
  idx  op       sh  io                                                    time   est_flops    TFLOPs       bytes      GB/s
  ------------------------------------------------------------------------------------------------------------------------
    0  LN       -1  x[1x4096]+w[4096]->y[1x4096]                        0.065ms    20.480 K      0.00   24.00 KiB      0.38
    1  Add      -1  a[1x4096]+b[1x4096]->y[1x4096]                      0.017ms     4.096 K      0.00   24.00 KiB      1.48
    2  LN       -1  x[1x4096]+w[4096]->y[1x4096]                        0.058ms    20.480 K      0.00   24.00 KiB      0.43
    3  FFN_W3    0  x[1x4096]+w[5504x4096]->y[1x5504]                   0.064ms    45.089 M      0.70   43.02 MiB    702.56
    4  FFN_W3    1  x[1x4096]+w[5504x4096]->y[1x5504]                   0.048ms    45.089 M      0.94   43.02 MiB    939.25
    5  SwiGLU    0  a[1x5504]+b[1x5504]->y[1x5504]                      0.016ms    33.024 K      0.00   32.25 KiB      2.11
    6  SwiGLU    1  a[1x5504]+b[1x5504]->y[1x5504]                      0.016ms    33.024 K      0.00   32.25 KiB      2.12
    7  Add      -1  a[1x4096]+b[1x4096]->y[1x4096]                      0.010ms     4.096 K      0.00   24.00 KiB      2.53
[gpu-debug] segment avg latency (cuda_events): 0.199 ms
[gpu-debug] sum(per-op)               : 0.293 ms (ratio=1.468)
[gpu-debug] NOTE: sum(per-op) may differ from segment latency due to Python overhead, event/launch overhead, and allocator/cache effects.
[gpu-debug] cuda mem before warmup: alloc=96.15 MiB reserved=110.00 MiB
[gpu-debug] cuda mem after warmup : alloc=96.15 MiB reserved=110.00 MiB
[gpu-debug] cuda mem peak (this segment): max_alloc=96.17 MiB max_reserved=110.00 MiB
========================================================================================
[gpu-debug] segment_key=npu|decode|4|ff6dcf33668f3ebc9cf61e7eb43c6a84
[gpu-debug] sig: device_type=npu phase=decode step=4 (count_hint=32)
[gpu-debug] ops_repr: LN:-1,Add:-1,LN:-1,FFN_W3:0,FFN_W3:1,SwiGLU:0,SwiGLU:1,Add:-1
[gpu-debug] cfg: device=cuda dtype=torch.bfloat16 dim=4096 ffn_dim=11008 n_heads=32 shards=2
[gpu-debug] op plan (with inferred tensor shapes):
  - op#00  op=LN       shard=-1  x=[1x4096] + w=[4096]  ->  y=[1x4096]  (T=1, K=164)
  - op#01  op=Add      shard=-1  a=[1x4096] + b=[1x4096]  ->  y=[1x4096]  (T=1, K=164)
  - op#02  op=LN       shard=-1  x=[1x4096] + w=[4096]  ->  y=[1x4096]  (T=1, K=164)
  - op#03  op=FFN_W3   shard=0   x=[1x4096] + w=[5504x4096]  ->  y=[1x5504]  (T=1, K=164)
  - op#04  op=FFN_W3   shard=1   x=[1x4096] + w=[5504x4096]  ->  y=[1x5504]  (T=1, K=164)
  - op#05  op=SwiGLU   shard=0   a=[1x5504] + b=[1x5504]  ->  y=[1x5504]  (T=1, K=164)
  - op#06  op=SwiGLU   shard=1   a=[1x5504] + b=[1x5504]  ->  y=[1x5504]  (T=1, K=164)
  - op#07  op=Add      shard=-1  a=[1x4096] + b=[1x4096]  ->  y=[1x4096]  (T=1, K=164)
[gpu-debug] per-op timing breakdown (avg over iters):
  idx  op       sh  io                                                    time   est_flops    TFLOPs       bytes      GB/s
  ------------------------------------------------------------------------------------------------------------------------
    0  LN       -1  x[1x4096]+w[4096]->y[1x4096]                        0.066ms    20.480 K      0.00   24.00 KiB      0.37
    1  Add      -1  a[1x4096]+b[1x4096]->y[1x4096]                      0.017ms     4.096 K      0.00   24.00 KiB      1.48
    2  LN       -1  x[1x4096]+w[4096]->y[1x4096]                        0.057ms    20.480 K      0.00   24.00 KiB      0.43
    3  FFN_W3    0  x[1x4096]+w[5504x4096]->y[1x5504]                   0.065ms    45.089 M      0.70   43.02 MiB    697.01
    4  FFN_W3    1  x[1x4096]+w[5504x4096]->y[1x5504]                   0.048ms    45.089 M      0.95   43.02 MiB    947.33
    5  SwiGLU    0  a[1x5504]+b[1x5504]->y[1x5504]                      0.016ms    33.024 K      0.00   32.25 KiB      2.09
    6  SwiGLU    1  a[1x5504]+b[1x5504]->y[1x5504]                      0.015ms    33.024 K      0.00   32.25 KiB      2.19
    7  Add      -1  a[1x4096]+b[1x4096]->y[1x4096]                      0.009ms     4.096 K      0.00   24.00 KiB      2.61
[gpu-debug] segment avg latency (cuda_events): 0.199 ms
[gpu-debug] sum(per-op)               : 0.292 ms (ratio=1.465)
[gpu-debug] NOTE: sum(per-op) may differ from segment latency due to Python overhead, event/launch overhead, and allocator/cache effects.
[gpu-debug] cuda mem before warmup: alloc=96.15 MiB reserved=110.00 MiB
[gpu-debug] cuda mem after warmup : alloc=96.15 MiB reserved=110.00 MiB
[gpu-debug] cuda mem peak (this segment): max_alloc=96.17 MiB max_reserved=110.00 MiB
========================================================================================
[gpu-debug] segment_key=npu|decode|5|ff6dcf33668f3ebc9cf61e7eb43c6a84
[gpu-debug] sig: device_type=npu phase=decode step=5 (count_hint=32)
[gpu-debug] ops_repr: LN:-1,Add:-1,LN:-1,FFN_W3:0,FFN_W3:1,SwiGLU:0,SwiGLU:1,Add:-1
[gpu-debug] cfg: device=cuda dtype=torch.bfloat16 dim=4096 ffn_dim=11008 n_heads=32 shards=2
[gpu-debug] op plan (with inferred tensor shapes):
  - op#00  op=LN       shard=-1  x=[1x4096] + w=[4096]  ->  y=[1x4096]  (T=1, K=176)
  - op#01  op=Add      shard=-1  a=[1x4096] + b=[1x4096]  ->  y=[1x4096]  (T=1, K=176)
  - op#02  op=LN       shard=-1  x=[1x4096] + w=[4096]  ->  y=[1x4096]  (T=1, K=176)
  - op#03  op=FFN_W3   shard=0   x=[1x4096] + w=[5504x4096]  ->  y=[1x5504]  (T=1, K=176)
  - op#04  op=FFN_W3   shard=1   x=[1x4096] + w=[5504x4096]  ->  y=[1x5504]  (T=1, K=176)
  - op#05  op=SwiGLU   shard=0   a=[1x5504] + b=[1x5504]  ->  y=[1x5504]  (T=1, K=176)
  - op#06  op=SwiGLU   shard=1   a=[1x5504] + b=[1x5504]  ->  y=[1x5504]  (T=1, K=176)
  - op#07  op=Add      shard=-1  a=[1x4096] + b=[1x4096]  ->  y=[1x4096]  (T=1, K=176)
[gpu-debug] per-op timing breakdown (avg over iters):
  idx  op       sh  io                                                    time   est_flops    TFLOPs       bytes      GB/s
  ------------------------------------------------------------------------------------------------------------------------
    0  LN       -1  x[1x4096]+w[4096]->y[1x4096]                        0.065ms    20.480 K      0.00   24.00 KiB      0.38
    1  Add      -1  a[1x4096]+b[1x4096]->y[1x4096]                      0.017ms     4.096 K      0.00   24.00 KiB      1.44
    2  LN       -1  x[1x4096]+w[4096]->y[1x4096]                        0.058ms    20.480 K      0.00   24.00 KiB      0.43
    3  FFN_W3    0  x[1x4096]+w[5504x4096]->y[1x5504]                   0.064ms    45.089 M      0.70   43.02 MiB    700.33
    4  FFN_W3    1  x[1x4096]+w[5504x4096]->y[1x5504]                   0.048ms    45.089 M      0.95   43.02 MiB    949.37
    5  SwiGLU    0  a[1x5504]+b[1x5504]->y[1x5504]                      0.016ms    33.024 K      0.00   32.25 KiB      2.11
    6  SwiGLU    1  a[1x5504]+b[1x5504]->y[1x5504]                      0.015ms    33.024 K      0.00   32.25 KiB      2.18
    7  Add      -1  a[1x4096]+b[1x4096]->y[1x4096]                      0.009ms     4.096 K      0.00   24.00 KiB      2.64
[gpu-debug] segment avg latency (cuda_events): 0.198 ms
[gpu-debug] sum(per-op)               : 0.292 ms (ratio=1.473)
[gpu-debug] NOTE: sum(per-op) may differ from segment latency due to Python overhead, event/launch overhead, and allocator/cache effects.
[gpu-debug] cuda mem before warmup: alloc=96.15 MiB reserved=110.00 MiB
[gpu-debug] cuda mem after warmup : alloc=96.15 MiB reserved=110.00 MiB
[gpu-debug] cuda mem peak (this segment): max_alloc=96.17 MiB max_reserved=110.00 MiB
========================================================================================
[gpu-debug] segment_key=npu|decode|6|ff6dcf33668f3ebc9cf61e7eb43c6a84
[gpu-debug] sig: device_type=npu phase=decode step=6 (count_hint=32)
[gpu-debug] ops_repr: LN:-1,Add:-1,LN:-1,FFN_W3:0,FFN_W3:1,SwiGLU:0,SwiGLU:1,Add:-1
[gpu-debug] cfg: device=cuda dtype=torch.bfloat16 dim=4096 ffn_dim=11008 n_heads=32 shards=2
[gpu-debug] op plan (with inferred tensor shapes):
  - op#00  op=LN       shard=-1  x=[1x4096] + w=[4096]  ->  y=[1x4096]  (T=1, K=188)
  - op#01  op=Add      shard=-1  a=[1x4096] + b=[1x4096]  ->  y=[1x4096]  (T=1, K=188)
  - op#02  op=LN       shard=-1  x=[1x4096] + w=[4096]  ->  y=[1x4096]  (T=1, K=188)
  - op#03  op=FFN_W3   shard=0   x=[1x4096] + w=[5504x4096]  ->  y=[1x5504]  (T=1, K=188)
  - op#04  op=FFN_W3   shard=1   x=[1x4096] + w=[5504x4096]  ->  y=[1x5504]  (T=1, K=188)
  - op#05  op=SwiGLU   shard=0   a=[1x5504] + b=[1x5504]  ->  y=[1x5504]  (T=1, K=188)
  - op#06  op=SwiGLU   shard=1   a=[1x5504] + b=[1x5504]  ->  y=[1x5504]  (T=1, K=188)
  - op#07  op=Add      shard=-1  a=[1x4096] + b=[1x4096]  ->  y=[1x4096]  (T=1, K=188)
[gpu-debug] per-op timing breakdown (avg over iters):
  idx  op       sh  io                                                    time   est_flops    TFLOPs       bytes      GB/s
  ------------------------------------------------------------------------------------------------------------------------
    0  LN       -1  x[1x4096]+w[4096]->y[1x4096]                        0.066ms    20.480 K      0.00   24.00 KiB      0.37
    1  Add      -1  a[1x4096]+b[1x4096]->y[1x4096]                      0.016ms     4.096 K      0.00   24.00 KiB      1.50
    2  LN       -1  x[1x4096]+w[4096]->y[1x4096]                        0.057ms    20.480 K      0.00   24.00 KiB      0.43
    3  FFN_W3    0  x[1x4096]+w[5504x4096]->y[1x5504]                   0.065ms    45.089 M      0.70   43.02 MiB    697.01
    4  FFN_W3    1  x[1x4096]+w[5504x4096]->y[1x5504]                   0.048ms    45.089 M      0.94   43.02 MiB    941.26
    5  SwiGLU    0  a[1x5504]+b[1x5504]->y[1x5504]                      0.016ms    33.024 K      0.00   32.25 KiB      2.12
    6  SwiGLU    1  a[1x5504]+b[1x5504]->y[1x5504]                      0.015ms    33.024 K      0.00   32.25 KiB      2.19
    7  Add      -1  a[1x4096]+b[1x4096]->y[1x4096]                      0.009ms     4.096 K      0.00   24.00 KiB      2.61
[gpu-debug] segment avg latency (cuda_events): 0.199 ms
[gpu-debug] sum(per-op)               : 0.292 ms (ratio=1.468)
[gpu-debug] NOTE: sum(per-op) may differ from segment latency due to Python overhead, event/launch overhead, and allocator/cache effects.
[gpu-debug] cuda mem before warmup: alloc=96.15 MiB reserved=110.00 MiB
[gpu-debug] cuda mem after warmup : alloc=96.15 MiB reserved=110.00 MiB
[gpu-debug] cuda mem peak (this segment): max_alloc=96.17 MiB max_reserved=110.00 MiB
========================================================================================
[gpu-debug] segment_key=npu|decode|7|ff6dcf33668f3ebc9cf61e7eb43c6a84
[gpu-debug] sig: device_type=npu phase=decode step=7 (count_hint=32)
[gpu-debug] ops_repr: LN:-1,Add:-1,LN:-1,FFN_W3:0,FFN_W3:1,SwiGLU:0,SwiGLU:1,Add:-1
[gpu-debug] cfg: device=cuda dtype=torch.bfloat16 dim=4096 ffn_dim=11008 n_heads=32 shards=2
[gpu-debug] op plan (with inferred tensor shapes):
  - op#00  op=LN       shard=-1  x=[1x4096] + w=[4096]  ->  y=[1x4096]  (T=1, K=200)
  - op#01  op=Add      shard=-1  a=[1x4096] + b=[1x4096]  ->  y=[1x4096]  (T=1, K=200)
  - op#02  op=LN       shard=-1  x=[1x4096] + w=[4096]  ->  y=[1x4096]  (T=1, K=200)
  - op#03  op=FFN_W3   shard=0   x=[1x4096] + w=[5504x4096]  ->  y=[1x5504]  (T=1, K=200)
  - op#04  op=FFN_W3   shard=1   x=[1x4096] + w=[5504x4096]  ->  y=[1x5504]  (T=1, K=200)
  - op#05  op=SwiGLU   shard=0   a=[1x5504] + b=[1x5504]  ->  y=[1x5504]  (T=1, K=200)
  - op#06  op=SwiGLU   shard=1   a=[1x5504] + b=[1x5504]  ->  y=[1x5504]  (T=1, K=200)
  - op#07  op=Add      shard=-1  a=[1x4096] + b=[1x4096]  ->  y=[1x4096]  (T=1, K=200)
[gpu-debug] per-op timing breakdown (avg over iters):
  idx  op       sh  io                                                    time   est_flops    TFLOPs       bytes      GB/s
  ------------------------------------------------------------------------------------------------------------------------
    0  LN       -1  x[1x4096]+w[4096]->y[1x4096]                        0.066ms    20.480 K      0.00   24.00 KiB      0.37
    1  Add      -1  a[1x4096]+b[1x4096]->y[1x4096]                      0.017ms     4.096 K      0.00   24.00 KiB      1.45
    2  LN       -1  x[1x4096]+w[4096]->y[1x4096]                        0.058ms    20.480 K      0.00   24.00 KiB      0.43
    3  FFN_W3    0  x[1x4096]+w[5504x4096]->y[1x5504]                   0.064ms    45.089 M      0.70   43.02 MiB    701.45
    4  FFN_W3    1  x[1x4096]+w[5504x4096]->y[1x5504]                   0.048ms    45.089 M      0.94   43.02 MiB    945.30
    5  SwiGLU    0  a[1x5504]+b[1x5504]->y[1x5504]                      0.016ms    33.024 K      0.00   32.25 KiB      2.12
    6  SwiGLU    1  a[1x5504]+b[1x5504]->y[1x5504]                      0.015ms    33.024 K      0.00   32.25 KiB      2.15
    7  Add      -1  a[1x4096]+b[1x4096]->y[1x4096]                      0.009ms     4.096 K      0.00   24.00 KiB      2.64
[gpu-debug] segment avg latency (cuda_events): 0.199 ms
[gpu-debug] sum(per-op)               : 0.293 ms (ratio=1.467)
[gpu-debug] NOTE: sum(per-op) may differ from segment latency due to Python overhead, event/launch overhead, and allocator/cache effects.
[gpu-debug] cuda mem before warmup: alloc=96.15 MiB reserved=110.00 MiB
[gpu-debug] cuda mem after warmup : alloc=96.15 MiB reserved=110.00 MiB
[gpu-debug] cuda mem peak (this segment): max_alloc=96.17 MiB max_reserved=110.00 MiB
========================================================================================
[gpu-debug] segment_key=npu|decode|8|ff6dcf33668f3ebc9cf61e7eb43c6a84
[gpu-debug] sig: device_type=npu phase=decode step=8 (count_hint=32)
[gpu-debug] ops_repr: LN:-1,Add:-1,LN:-1,FFN_W3:0,FFN_W3:1,SwiGLU:0,SwiGLU:1,Add:-1
[gpu-debug] cfg: device=cuda dtype=torch.bfloat16 dim=4096 ffn_dim=11008 n_heads=32 shards=2
[gpu-debug] op plan (with inferred tensor shapes):
  - op#00  op=LN       shard=-1  x=[1x4096] + w=[4096]  ->  y=[1x4096]  (T=1, K=212)
  - op#01  op=Add      shard=-1  a=[1x4096] + b=[1x4096]  ->  y=[1x4096]  (T=1, K=212)
  - op#02  op=LN       shard=-1  x=[1x4096] + w=[4096]  ->  y=[1x4096]  (T=1, K=212)
  - op#03  op=FFN_W3   shard=0   x=[1x4096] + w=[5504x4096]  ->  y=[1x5504]  (T=1, K=212)
  - op#04  op=FFN_W3   shard=1   x=[1x4096] + w=[5504x4096]  ->  y=[1x5504]  (T=1, K=212)
  - op#05  op=SwiGLU   shard=0   a=[1x5504] + b=[1x5504]  ->  y=[1x5504]  (T=1, K=212)
  - op#06  op=SwiGLU   shard=1   a=[1x5504] + b=[1x5504]  ->  y=[1x5504]  (T=1, K=212)
  - op#07  op=Add      shard=-1  a=[1x4096] + b=[1x4096]  ->  y=[1x4096]  (T=1, K=212)
[gpu-debug] per-op timing breakdown (avg over iters):
  idx  op       sh  io                                                    time   est_flops    TFLOPs       bytes      GB/s
  ------------------------------------------------------------------------------------------------------------------------
    0  LN       -1  x[1x4096]+w[4096]->y[1x4096]                        0.066ms    20.480 K      0.00   24.00 KiB      0.37
    1  Add      -1  a[1x4096]+b[1x4096]->y[1x4096]                      0.017ms     4.096 K      0.00   24.00 KiB      1.48
    2  LN       -1  x[1x4096]+w[4096]->y[1x4096]                        0.057ms    20.480 K      0.00   24.00 KiB      0.43
    3  FFN_W3    0  x[1x4096]+w[5504x4096]->y[1x5504]                   0.065ms    45.089 M      0.70   43.02 MiB    698.11
    4  FFN_W3    1  x[1x4096]+w[5504x4096]->y[1x5504]                   0.048ms    45.089 M      0.94   43.02 MiB    945.30
    5  SwiGLU    0  a[1x5504]+b[1x5504]->y[1x5504]                      0.015ms    33.024 K      0.00   32.25 KiB      2.16
    6  SwiGLU    1  a[1x5504]+b[1x5504]->y[1x5504]                      0.015ms    33.024 K      0.00   32.25 KiB      2.16
    7  Add      -1  a[1x4096]+b[1x4096]->y[1x4096]                      0.009ms     4.096 K      0.00   24.00 KiB      2.61
[gpu-debug] segment avg latency (cuda_events): 0.199 ms
[gpu-debug] sum(per-op)               : 0.292 ms (ratio=1.465)
[gpu-debug] NOTE: sum(per-op) may differ from segment latency due to Python overhead, event/launch overhead, and allocator/cache effects.
[gpu-debug] cuda mem before warmup: alloc=96.15 MiB reserved=110.00 MiB
[gpu-debug] cuda mem after warmup : alloc=96.15 MiB reserved=110.00 MiB
[gpu-debug] cuda mem peak (this segment): max_alloc=96.17 MiB max_reserved=110.00 MiB
========================================================================================
[gpu-debug] segment_key=npu|decode|9|ff6dcf33668f3ebc9cf61e7eb43c6a84
[gpu-debug] sig: device_type=npu phase=decode step=9 (count_hint=32)
[gpu-debug] ops_repr: LN:-1,Add:-1,LN:-1,FFN_W3:0,FFN_W3:1,SwiGLU:0,SwiGLU:1,Add:-1
[gpu-debug] cfg: device=cuda dtype=torch.bfloat16 dim=4096 ffn_dim=11008 n_heads=32 shards=2
[gpu-debug] op plan (with inferred tensor shapes):
  - op#00  op=LN       shard=-1  x=[1x4096] + w=[4096]  ->  y=[1x4096]  (T=1, K=224)
  - op#01  op=Add      shard=-1  a=[1x4096] + b=[1x4096]  ->  y=[1x4096]  (T=1, K=224)
  - op#02  op=LN       shard=-1  x=[1x4096] + w=[4096]  ->  y=[1x4096]  (T=1, K=224)
  - op#03  op=FFN_W3   shard=0   x=[1x4096] + w=[5504x4096]  ->  y=[1x5504]  (T=1, K=224)
  - op#04  op=FFN_W3   shard=1   x=[1x4096] + w=[5504x4096]  ->  y=[1x5504]  (T=1, K=224)
  - op#05  op=SwiGLU   shard=0   a=[1x5504] + b=[1x5504]  ->  y=[1x5504]  (T=1, K=224)
  - op#06  op=SwiGLU   shard=1   a=[1x5504] + b=[1x5504]  ->  y=[1x5504]  (T=1, K=224)
  - op#07  op=Add      shard=-1  a=[1x4096] + b=[1x4096]  ->  y=[1x4096]  (T=1, K=224)
[gpu-debug] per-op timing breakdown (avg over iters):
  idx  op       sh  io                                                    time   est_flops    TFLOPs       bytes      GB/s
  ------------------------------------------------------------------------------------------------------------------------
    0  LN       -1  x[1x4096]+w[4096]->y[1x4096]                        0.066ms    20.480 K      0.00   24.00 KiB      0.37
    1  Add      -1  a[1x4096]+b[1x4096]->y[1x4096]                      0.017ms     4.096 K      0.00   24.00 KiB      1.47
    2  LN       -1  x[1x4096]+w[4096]->y[1x4096]                        0.057ms    20.480 K      0.00   24.00 KiB      0.43
    3  FFN_W3    0  x[1x4096]+w[5504x4096]->y[1x5504]                   0.064ms    45.089 M      0.70   43.02 MiB    704.81
    4  FFN_W3    1  x[1x4096]+w[5504x4096]->y[1x5504]                   0.048ms    45.089 M      0.95   43.02 MiB    947.33
    5  SwiGLU    0  a[1x5504]+b[1x5504]->y[1x5504]                      0.016ms    33.024 K      0.00   32.25 KiB      2.11
    6  SwiGLU    1  a[1x5504]+b[1x5504]->y[1x5504]                      0.015ms    33.024 K      0.00   32.25 KiB      2.16
    7  Add      -1  a[1x4096]+b[1x4096]->y[1x4096]                      0.009ms     4.096 K      0.00   24.00 KiB      2.61
[gpu-debug] segment avg latency (cuda_events): 0.199 ms
[gpu-debug] sum(per-op)               : 0.291 ms (ratio=1.459)
[gpu-debug] NOTE: sum(per-op) may differ from segment latency due to Python overhead, event/launch overhead, and allocator/cache effects.
[gpu-debug] cuda mem before warmup: alloc=96.15 MiB reserved=110.00 MiB
[gpu-debug] cuda mem after warmup : alloc=96.15 MiB reserved=110.00 MiB
[gpu-debug] cuda mem peak (this segment): max_alloc=96.17 MiB max_reserved=110.00 MiB
========================================================================================
[gpu-debug] segment_key=npu|prefill|-1|7f370cc7d97df3530a56c775d62964d4
[gpu-debug] sig: device_type=npu phase=prefill step=-1 (count_hint=32)
[gpu-debug] ops_repr: LN:-1,Q:0,K:0,V:0,Q:1,K:1,V:1,QK:0,QK:1,Softmax:0,Softmax:1,SV:0,SV:1,O:0,O:1,Add:-1,LN:-1,FFN_W1:0,FFN_W3:0,FFN_W1:1,FFN_W3:1,SwiGLU:0,SwiGLU:1,FFN_W2:0,FFN_W2:1,Add:-1
[gpu-debug] cfg: device=cuda dtype=torch.bfloat16 dim=4096 ffn_dim=11008 n_heads=32 shards=2
[gpu-debug] op plan (with inferred tensor shapes):
  - op#00  op=LN       shard=-1  x=[128x4096] + w=[4096]  ->  y=[128x4096]  (T=128, K=128)
  - op#01  op=Q        shard=0   x=[128x4096] + w=[2048x4096]  ->  y=[128x2048]  (T=128, K=128)
  - op#02  op=K        shard=0   x=[128x4096] + w=[2048x4096]  ->  y=[128x2048]  (T=128, K=128)
  - op#03  op=V        shard=0   x=[128x4096] + w=[2048x4096]  ->  y=[128x2048]  (T=128, K=128)
  - op#04  op=Q        shard=1   x=[128x4096] + w=[2048x4096]  ->  y=[128x2048]  (T=128, K=128)
  - op#05  op=K        shard=1   x=[128x4096] + w=[2048x4096]  ->  y=[128x2048]  (T=128, K=128)
  - op#06  op=V        shard=1   x=[128x4096] + w=[2048x4096]  ->  y=[128x2048]  (T=128, K=128)
  - op#07  op=QK       shard=0   q=[16x128x128] + k=[16x128x128]  ->  y=[16x128x128]  (T=128, K=128)
  - op#08  op=QK       shard=1   q=[16x128x128] + k=[16x128x128]  ->  y=[16x128x128]  (T=128, K=128)
  - op#09  op=Softmax  shard=0   scores=[16x128x128]  ->  y=[16x128x128]  (T=128, K=128)
  - op#10  op=Softmax  shard=1   scores=[16x128x128]  ->  y=[16x128x128]  (T=128, K=128)
  - op#11  op=SV       shard=0   p=[16x128x128] + v=[16x128x128]  ->  y=[16x128x128]  (T=128, K=128)
  - op#12  op=SV       shard=1   p=[16x128x128] + v=[16x128x128]  ->  y=[16x128x128]  (T=128, K=128)
  - op#13  op=O        shard=0   x=[128x2048] + w=[4096x2048]  ->  y=[128x4096]  (T=128, K=128)
  - op#14  op=O        shard=1   x=[128x2048] + w=[4096x2048]  ->  y=[128x4096]  (T=128, K=128)
  - op#15  op=Add      shard=-1  a=[128x4096] + b=[128x4096]  ->  y=[128x4096]  (T=128, K=128)
  - op#16  op=LN       shard=-1  x=[128x4096] + w=[4096]  ->  y=[128x4096]  (T=128, K=128)
  - op#17  op=FFN_W1   shard=0   x=[128x4096] + w=[5504x4096]  ->  y=[128x5504]  (T=128, K=128)
  - op#18  op=FFN_W3   shard=0   x=[128x4096] + w=[5504x4096]  ->  y=[128x5504]  (T=128, K=128)
  - op#19  op=FFN_W1   shard=1   x=[128x4096] + w=[5504x4096]  ->  y=[128x5504]  (T=128, K=128)
  - op#20  op=FFN_W3   shard=1   x=[128x4096] + w=[5504x4096]  ->  y=[128x5504]  (T=128, K=128)
  - op#21  op=SwiGLU   shard=0   a=[128x5504] + b=[128x5504]  ->  y=[128x5504]  (T=128, K=128)
  - op#22  op=SwiGLU   shard=1   a=[128x5504] + b=[128x5504]  ->  y=[128x5504]  (T=128, K=128)
  - op#23  op=FFN_W2   shard=0   x=[128x5504] + w=[4096x5504]  ->  y=[128x4096]  (T=128, K=128)
  - op#24  op=FFN_W2   shard=1   x=[128x5504] + w=[4096x5504]  ->  y=[128x4096]  (T=128, K=128)
  - op#25  op=Add      shard=-1  a=[128x4096] + b=[128x4096]  ->  y=[128x4096]  (T=128, K=128)
[gpu-debug] per-op timing breakdown (avg over iters):
  idx  op       sh  io                                                    time   est_flops    TFLOPs       bytes      GB/s
  ------------------------------------------------------------------------------------------------------------------------
    0  LN       -1  x[128x4096]+w[4096]->y[128x4096]                    0.080ms     2.621 M      0.03    2.01 MiB     26.19
    1  Q         0  x[128x4096]+w[2048x4096]->y[128x2048]               0.058ms     2.147 G     37.05   17.50 MiB    316.61
    2  K         0  x[128x4096]+w[2048x4096]->y[128x2048]               0.046ms     2.147 G     46.81   17.50 MiB    400.00
    3  V         0  x[128x4096]+w[2048x4096]->y[128x2048]               0.047ms     2.147 G     45.59   17.50 MiB    389.57
    4  Q         1  x[128x4096]+w[2048x4096]->y[128x2048]               0.046ms     2.147 G     46.71   17.50 MiB    399.11
    5  K         1  x[128x4096]+w[2048x4096]->y[128x2048]               0.047ms     2.147 G     45.59   17.50 MiB    389.57
    6  V         1  x[128x4096]+w[2048x4096]->y[128x2048]               0.046ms     2.147 G     46.92   17.50 MiB    400.89
    7  QK        0  q[16x128x128]+k[16x128x128]->y[16x128x128]          0.024ms    67.109 M      2.85    1.50 MiB     66.78
    8  QK        1  q[16x128x128]+k[16x128x128]->y[16x128x128]          0.023ms    67.109 M      2.98    1.50 MiB     69.82
    9  Softmax   0  scores[16x128x128]->y[16x128x128]                   0.013ms     1.311 M      0.10    1.00 MiB     81.27
   10  Softmax   1  scores[16x128x128]->y[16x128x128]                   0.012ms     1.311 M      0.11    1.00 MiB     84.63
   11  SV        0  p[16x128x128]+v[16x128x128]->y[16x128x128]          0.018ms    67.109 M      3.74    1.50 MiB     87.77
   12  SV        1  p[16x128x128]+v[16x128x128]->y[16x128x128]          0.018ms    67.109 M      3.79    1.50 MiB     88.79
   13  O         0  x[128x2048]+w[4096x2048]->y[128x4096]               0.044ms     2.147 G     48.66   17.50 MiB    415.78
   14  O         1  x[128x2048]+w[4096x2048]->y[128x4096]               0.039ms     2.147 G     54.47   17.50 MiB    465.45
   15  Add      -1  a[128x4096]+b[128x4096]->y[128x4096]                0.011ms   524.288 K      0.05    3.00 MiB    276.76
   16  LN       -1  x[128x4096]+w[4096]->y[128x4096]                    0.068ms     2.621 M      0.04    2.01 MiB     31.06
   17  FFN_W1    0  x[128x4096]+w[5504x4096]->y[128x5504]               0.077ms     5.771 G     74.75   45.34 MiB    615.81
   18  FFN_W3    0  x[128x4096]+w[5504x4096]->y[128x5504]               0.074ms     5.771 G     77.95   45.34 MiB    642.21
   19  FFN_W1    1  x[128x4096]+w[5504x4096]->y[128x5504]               0.074ms     5.771 G     77.53   45.34 MiB    638.68
   20  FFN_W3    1  x[128x4096]+w[5504x4096]->y[128x5504]               0.075ms     5.771 G     76.89   45.34 MiB    633.45
   21  SwiGLU    0  a[128x5504]+b[128x5504]->y[128x5504]                0.020ms     4.227 M      0.21    4.03 MiB    207.44
   22  SwiGLU    1  a[128x5504]+b[128x5504]->y[128x5504]                0.020ms     4.227 M      0.22    4.03 MiB    215.00
   23  FFN_W2    0  x[128x5504]+w[4096x5504]->y[128x4096]               0.075ms     5.771 G     76.79   45.34 MiB    632.59
   24  FFN_W2    1  x[128x5504]+w[4096x5504]->y[128x4096]               0.076ms     5.771 G     76.16   45.34 MiB    627.46
   25  Add      -1  a[128x4096]+b[128x4096]->y[128x4096]                0.012ms   524.288 K      0.04    3.00 MiB    256.00
[gpu-debug] segment avg latency (cuda_events): 1.002 ms
[gpu-debug] sum(per-op)               : 1.144 ms (ratio=1.141)
[gpu-debug] NOTE: sum(per-op) may differ from segment latency due to Python overhead, event/launch overhead, and allocator/cache effects.
[gpu-debug] cuda mem before warmup: alloc=96.15 MiB reserved=110.00 MiB
[gpu-debug] cuda mem after warmup : alloc=403.50 MiB reserved=418.00 MiB
[gpu-debug] cuda mem peak (this segment): max_alloc=406.18 MiB max_reserved=418.00 MiB
  progress 13/13
[run-gpu] wrote /lustre/home/2501111916/workspace/XPUPIM_0226_gpupim_parameter/TriForm/verify/hw_hardware_1gpu_2aim/st12/llama_7b_bf16_b1_s12/facil_128x128.gpu_results.json
[slurm] wrote OK_FILE=/lustre/home/2501111916/workspace/XPUPIM_0226_gpupim_parameter/TriForm/verify/hw_hardware_1gpu_2aim/st12/llama_7b_bf16_b1_s12/facil_128x128.gpu.ok
