[slurm] jobid=9730464 nodelist=l12gpu04
[slurm] CUDA_VISIBLE_DEVICES=0
Fri Feb 27 10:06:35 2026       
+-----------------------------------------------------------------------------------------+
| NVIDIA-SMI 560.35.03              Driver Version: 560.35.03      CUDA Version: 12.6     |
|-----------------------------------------+------------------------+----------------------+
| GPU  Name                 Persistence-M | Bus-Id          Disp.A | Volatile Uncorr. ECC |
| Fan  Temp   Perf          Pwr:Usage/Cap |           Memory-Usage | GPU-Util  Compute M. |
|                                         |                        |               MIG M. |
|=========================================+========================+======================|
|   0  NVIDIA A100-PCIE-40GB          On  |   00000000:B1:00.0 Off |                    0 |
| N/A   32C    P0             32W /  250W |       1MiB /  40960MiB |      0%      Default |
|                                         |                        |             Disabled |
+-----------------------------------------+------------------------+----------------------+
                                                                                         
+-----------------------------------------------------------------------------------------+
| Processes:                                                                              |
|  GPU   GI   CI        PID   Type   Process name                              GPU Memory |
|        ID   ID                                                               Usage      |
|=========================================================================================|
|  No running processes found                                                             |
+-----------------------------------------------------------------------------------------+
torch: 2.8.0+cu126
cuda available: True
device: NVIDIA A100-PCIE-40GB
[slurm] PY_SCRIPT=/lustre/home/2501111916/workspace/XPUPIM_0226_gpupim_parameter/TriForm/verify/schedule_deploy_verify.py
[slurm] TASKS_JSON=/lustre/home/2501111916/workspace/XPUPIM_0226_gpupim_parameter/TriForm/verify/hw_hardware_1gpu_2aim/st12/llama_7b_bf16_b1_s12/heft_128x128.gpu_tasks.json
[slurm] OUT_JSON=/lustre/home/2501111916/workspace/XPUPIM_0226_gpupim_parameter/TriForm/verify/hw_hardware_1gpu_2aim/st12/llama_7b_bf16_b1_s12/heft_128x128.gpu_results.json
[slurm] WARMUP=3 ITERS=10 DEVICE=cuda GPU_DTYPE=bf16
[slurm] OK_FILE=/lustre/home/2501111916/workspace/XPUPIM_0226_gpupim_parameter/TriForm/verify/hw_hardware_1gpu_2aim/st12/llama_7b_bf16_b1_s12/heft_128x128.gpu.ok
[slurm] Running: python /lustre/home/2501111916/workspace/XPUPIM_0226_gpupim_parameter/TriForm/verify/schedule_deploy_verify.py run-gpu --tasks /lustre/home/2501111916/workspace/XPUPIM_0226_gpupim_parameter/TriForm/verify/hw_hardware_1gpu_2aim/st12/llama_7b_bf16_b1_s12/heft_128x128.gpu_tasks.json --out /lustre/home/2501111916/workspace/XPUPIM_0226_gpupim_parameter/TriForm/verify/hw_hardware_1gpu_2aim/st12/llama_7b_bf16_b1_s12/heft_128x128.gpu_results.json --debug --debug-txt /lustre/home/2501111916/workspace/XPUPIM_0226_gpupim_parameter/TriForm/verify/hw_hardware_1gpu_2aim/st12/llama_7b_bf16_b1_s12/heft_128x128.gpu_debug.log --warmup 3 --iters 10 --device cuda --gpu-dtype bf16
[run-gpu] tasks=13 warmup=3 iters=10 device=cuda dtype=bf16 segment_scope=layer
[run-gpu] extra weight_load_s=0.200256s (will be added in merge)
[run-gpu] GPU[0] NVIDIA A100-PCIE-40GB; SM=108, CC=8.0
[run-gpu] nvidia-smi -L: GPU 0: NVIDIA A100-PCIE-40GB (UUID: GPU-10fd0274-d52f-ca61-05e2-aaf982e4391e)
[run-gpu] nvidia-smi query: NVIDIA A100-PCIE-40GB, GPU-10fd0274-d52f-ca61-05e2-aaf982e4391e, 560.35.03, 40960
[run-gpu][debug] torch_default_dtype=torch.float32
[run-gpu][debug] torch.backends.cuda.matmul.allow_tf32=False
[run-gpu][debug] cudnn.enabled=True benchmark=False deterministic=False allow_tf32=True
[run-gpu][debug] nvidia-smi snapshot: 0, 0, 0, 4, 40960, 32, 32.71, 250.00
========================================================================================
[gpu-debug] segment_key=npu|decode|0|49c28e1b9f3b0630867d036cc3768f2b
[gpu-debug] sig: device_type=npu phase=decode step=0 (count_hint=32)
[gpu-debug] ops_repr: Q:0,Q:1,V:0,O:1,FFN_W1:0,FFN_W1:1,FFN_W2:0
[gpu-debug] cfg: device=cuda dtype=torch.bfloat16 dim=4096 ffn_dim=11008 n_heads=32 shards=2
[gpu-debug] op plan (with inferred tensor shapes):
  - op#00  op=Q        shard=0   x=[1x4096] + w=[2048x4096]  ->  y=[1x2048]  (T=1, K=129)
  - op#01  op=Q        shard=1   x=[1x4096] + w=[2048x4096]  ->  y=[1x2048]  (T=1, K=129)
  - op#02  op=V        shard=0   x=[1x4096] + w=[2048x4096]  ->  y=[1x2048]  (T=1, K=129)
  - op#03  op=O        shard=1   x=[1x2048] + w=[4096x2048]  ->  y=[1x4096]  (T=1, K=129)
  - op#04  op=FFN_W1   shard=0   x=[1x4096] + w=[5504x4096]  ->  y=[1x5504]  (T=1, K=129)
  - op#05  op=FFN_W1   shard=1   x=[1x4096] + w=[5504x4096]  ->  y=[1x5504]  (T=1, K=129)
  - op#06  op=FFN_W2   shard=0   x=[1x5504] + w=[4096x5504]  ->  y=[1x4096]  (T=1, K=129)
[gpu-debug] per-op timing breakdown (avg over iters):
  idx  op       sh  io                                                    time   est_flops    TFLOPs       bytes      GB/s
  ------------------------------------------------------------------------------------------------------------------------
    0  Q         0  x[1x4096]+w[2048x4096]->y[1x2048]                   0.040ms    16.777 M      0.42   16.01 MiB    420.41
    1  Q         1  x[1x4096]+w[2048x4096]->y[1x2048]                   0.030ms    16.777 M      0.56   16.01 MiB    561.51
    2  V         0  x[1x4096]+w[2048x4096]->y[1x2048]                   0.029ms    16.777 M      0.58   16.01 MiB    577.32
    3  O         1  x[1x2048]+w[4096x2048]->y[1x4096]                   0.025ms    16.777 M      0.66   16.01 MiB    663.81
    4  FFN_W1    0  x[1x4096]+w[5504x4096]->y[1x5504]                   0.045ms    45.089 M      1.01   43.02 MiB   1008.03
    5  FFN_W1    1  x[1x4096]+w[5504x4096]->y[1x5504]                   0.045ms    45.089 M      0.99   43.02 MiB    994.37
    6  FFN_W2    0  x[1x5504]+w[4096x5504]->y[1x4096]                   0.047ms    45.089 M      0.96   43.02 MiB    959.71
[gpu-debug] segment avg latency (cuda_events): 0.232 ms
[gpu-debug] sum(per-op)               : 0.261 ms (ratio=1.129)
[gpu-debug] NOTE: sum(per-op) may differ from segment latency due to Python overhead, event/launch overhead, and allocator/cache effects.
[gpu-debug] cuda mem before warmup: alloc=0 B reserved=0 B
[gpu-debug] cuda mem after warmup : alloc=204.15 MiB reserved=218.00 MiB
[gpu-debug] cuda mem peak (this segment): max_alloc=204.16 MiB max_reserved=218.00 MiB
========================================================================================
[gpu-debug] segment_key=npu|decode|10|49c28e1b9f3b0630867d036cc3768f2b
[gpu-debug] sig: device_type=npu phase=decode step=10 (count_hint=32)
[gpu-debug] ops_repr: Q:0,Q:1,V:0,O:1,FFN_W1:0,FFN_W1:1,FFN_W2:0
[gpu-debug] cfg: device=cuda dtype=torch.bfloat16 dim=4096 ffn_dim=11008 n_heads=32 shards=2
[gpu-debug] op plan (with inferred tensor shapes):
  - op#00  op=Q        shard=0   x=[1x4096] + w=[2048x4096]  ->  y=[1x2048]  (T=1, K=236)
  - op#01  op=Q        shard=1   x=[1x4096] + w=[2048x4096]  ->  y=[1x2048]  (T=1, K=236)
  - op#02  op=V        shard=0   x=[1x4096] + w=[2048x4096]  ->  y=[1x2048]  (T=1, K=236)
  - op#03  op=O        shard=1   x=[1x2048] + w=[4096x2048]  ->  y=[1x4096]  (T=1, K=236)
  - op#04  op=FFN_W1   shard=0   x=[1x4096] + w=[5504x4096]  ->  y=[1x5504]  (T=1, K=236)
  - op#05  op=FFN_W1   shard=1   x=[1x4096] + w=[5504x4096]  ->  y=[1x5504]  (T=1, K=236)
  - op#06  op=FFN_W2   shard=0   x=[1x5504] + w=[4096x5504]  ->  y=[1x4096]  (T=1, K=236)
[gpu-debug] per-op timing breakdown (avg over iters):
  idx  op       sh  io                                                    time   est_flops    TFLOPs       bytes      GB/s
  ------------------------------------------------------------------------------------------------------------------------
    0  Q         0  x[1x4096]+w[2048x4096]->y[1x2048]                   0.040ms    16.777 M      0.42   16.01 MiB    424.77
    1  Q         1  x[1x4096]+w[2048x4096]->y[1x2048]                   0.030ms    16.777 M      0.56   16.01 MiB    557.69
    2  V         0  x[1x4096]+w[2048x4096]->y[1x2048]                   0.029ms    16.777 M      0.57   16.01 MiB    575.30
    3  O         1  x[1x2048]+w[4096x2048]->y[1x4096]                   0.025ms    16.777 M      0.67   16.01 MiB    666.50
    4  FFN_W1    0  x[1x4096]+w[5504x4096]->y[1x5504]                   0.045ms    45.089 M      1.01   43.02 MiB   1008.03
    5  FFN_W1    1  x[1x4096]+w[5504x4096]->y[1x5504]                   0.045ms    45.089 M      0.99   43.02 MiB    992.13
    6  FFN_W2    0  x[1x5504]+w[4096x5504]->y[1x4096]                   0.047ms    45.089 M      0.95   43.02 MiB    953.48
[gpu-debug] segment avg latency (cuda_events): 0.230 ms
[gpu-debug] sum(per-op)               : 0.262 ms (ratio=1.135)
[gpu-debug] NOTE: sum(per-op) may differ from segment latency due to Python overhead, event/launch overhead, and allocator/cache effects.
[gpu-debug] cuda mem before warmup: alloc=204.15 MiB reserved=218.00 MiB
[gpu-debug] cuda mem after warmup : alloc=204.15 MiB reserved=218.00 MiB
[gpu-debug] cuda mem peak (this segment): max_alloc=204.16 MiB max_reserved=218.00 MiB
========================================================================================
[gpu-debug] segment_key=npu|decode|11|49c28e1b9f3b0630867d036cc3768f2b
[gpu-debug] sig: device_type=npu phase=decode step=11 (count_hint=32)
[gpu-debug] ops_repr: Q:0,Q:1,V:0,O:1,FFN_W1:0,FFN_W1:1,FFN_W2:0
[gpu-debug] cfg: device=cuda dtype=torch.bfloat16 dim=4096 ffn_dim=11008 n_heads=32 shards=2
[gpu-debug] op plan (with inferred tensor shapes):
  - op#00  op=Q        shard=0   x=[1x4096] + w=[2048x4096]  ->  y=[1x2048]  (T=1, K=248)
  - op#01  op=Q        shard=1   x=[1x4096] + w=[2048x4096]  ->  y=[1x2048]  (T=1, K=248)
  - op#02  op=V        shard=0   x=[1x4096] + w=[2048x4096]  ->  y=[1x2048]  (T=1, K=248)
  - op#03  op=O        shard=1   x=[1x2048] + w=[4096x2048]  ->  y=[1x4096]  (T=1, K=248)
  - op#04  op=FFN_W1   shard=0   x=[1x4096] + w=[5504x4096]  ->  y=[1x5504]  (T=1, K=248)
  - op#05  op=FFN_W1   shard=1   x=[1x4096] + w=[5504x4096]  ->  y=[1x5504]  (T=1, K=248)
  - op#06  op=FFN_W2   shard=0   x=[1x5504] + w=[4096x5504]  ->  y=[1x4096]  (T=1, K=248)
[gpu-debug] per-op timing breakdown (avg over iters):
  idx  op       sh  io                                                    time   est_flops    TFLOPs       bytes      GB/s
  ------------------------------------------------------------------------------------------------------------------------
    0  Q         0  x[1x4096]+w[2048x4096]->y[1x2048]                   0.039ms    16.777 M      0.43   16.01 MiB    429.21
    1  Q         1  x[1x4096]+w[2048x4096]->y[1x2048]                   0.030ms    16.777 M      0.56   16.01 MiB    561.51
    2  V         0  x[1x4096]+w[2048x4096]->y[1x2048]                   0.029ms    16.777 M      0.58   16.01 MiB    579.36
    3  O         1  x[1x2048]+w[4096x2048]->y[1x4096]                   0.025ms    16.777 M      0.67   16.01 MiB    669.22
    4  FFN_W1    0  x[1x4096]+w[5504x4096]->y[1x5504]                   0.045ms    45.089 M      1.01   43.02 MiB   1012.66
    5  FFN_W1    1  x[1x4096]+w[5504x4096]->y[1x5504]                   0.045ms    45.089 M      0.99   43.02 MiB    994.37
    6  FFN_W2    0  x[1x5504]+w[4096x5504]->y[1x4096]                   0.047ms    45.089 M      0.96   43.02 MiB    959.71
[gpu-debug] segment avg latency (cuda_events): 0.228 ms
[gpu-debug] sum(per-op)               : 0.260 ms (ratio=1.140)
[gpu-debug] NOTE: sum(per-op) may differ from segment latency due to Python overhead, event/launch overhead, and allocator/cache effects.
[gpu-debug] cuda mem before warmup: alloc=204.15 MiB reserved=218.00 MiB
[gpu-debug] cuda mem after warmup : alloc=204.15 MiB reserved=218.00 MiB
[gpu-debug] cuda mem peak (this segment): max_alloc=204.16 MiB max_reserved=218.00 MiB
========================================================================================
[gpu-debug] segment_key=npu|decode|1|49c28e1b9f3b0630867d036cc3768f2b
[gpu-debug] sig: device_type=npu phase=decode step=1 (count_hint=32)
[gpu-debug] ops_repr: Q:0,Q:1,V:0,O:1,FFN_W1:0,FFN_W1:1,FFN_W2:0
[gpu-debug] cfg: device=cuda dtype=torch.bfloat16 dim=4096 ffn_dim=11008 n_heads=32 shards=2
[gpu-debug] op plan (with inferred tensor shapes):
  - op#00  op=Q        shard=0   x=[1x4096] + w=[2048x4096]  ->  y=[1x2048]  (T=1, K=130)
  - op#01  op=Q        shard=1   x=[1x4096] + w=[2048x4096]  ->  y=[1x2048]  (T=1, K=130)
  - op#02  op=V        shard=0   x=[1x4096] + w=[2048x4096]  ->  y=[1x2048]  (T=1, K=130)
  - op#03  op=O        shard=1   x=[1x2048] + w=[4096x2048]  ->  y=[1x4096]  (T=1, K=130)
  - op#04  op=FFN_W1   shard=0   x=[1x4096] + w=[5504x4096]  ->  y=[1x5504]  (T=1, K=130)
  - op#05  op=FFN_W1   shard=1   x=[1x4096] + w=[5504x4096]  ->  y=[1x5504]  (T=1, K=130)
  - op#06  op=FFN_W2   shard=0   x=[1x5504] + w=[4096x5504]  ->  y=[1x4096]  (T=1, K=130)
[gpu-debug] per-op timing breakdown (avg over iters):
  idx  op       sh  io                                                    time   est_flops    TFLOPs       bytes      GB/s
  ------------------------------------------------------------------------------------------------------------------------
    0  Q         0  x[1x4096]+w[2048x4096]->y[1x2048]                   0.039ms    16.777 M      0.43   16.01 MiB    426.98
    1  Q         1  x[1x4096]+w[2048x4096]->y[1x2048]                   0.030ms    16.777 M      0.56   16.01 MiB    565.38
    2  V         0  x[1x4096]+w[2048x4096]->y[1x2048]                   0.029ms    16.777 M      0.58   16.01 MiB    579.36
    3  O         1  x[1x2048]+w[4096x2048]->y[1x4096]                   0.025ms    16.777 M      0.67   16.01 MiB    674.73
    4  FFN_W1    0  x[1x4096]+w[5504x4096]->y[1x5504]                   0.045ms    45.089 M      1.01   43.02 MiB   1012.66
    5  FFN_W1    1  x[1x4096]+w[5504x4096]->y[1x5504]                   0.046ms    45.089 M      0.99   43.02 MiB    987.68
    6  FFN_W2    0  x[1x5504]+w[4096x5504]->y[1x4096]                   0.047ms    45.089 M      0.96   43.02 MiB    955.55
[gpu-debug] segment avg latency (cuda_events): 0.228 ms
[gpu-debug] sum(per-op)               : 0.260 ms (ratio=1.142)
[gpu-debug] NOTE: sum(per-op) may differ from segment latency due to Python overhead, event/launch overhead, and allocator/cache effects.
[gpu-debug] cuda mem before warmup: alloc=204.15 MiB reserved=218.00 MiB
[gpu-debug] cuda mem after warmup : alloc=204.15 MiB reserved=218.00 MiB
[gpu-debug] cuda mem peak (this segment): max_alloc=204.16 MiB max_reserved=218.00 MiB
========================================================================================
[gpu-debug] segment_key=npu|decode|2|49c28e1b9f3b0630867d036cc3768f2b
[gpu-debug] sig: device_type=npu phase=decode step=2 (count_hint=32)
[gpu-debug] ops_repr: Q:0,Q:1,V:0,O:1,FFN_W1:0,FFN_W1:1,FFN_W2:0
[gpu-debug] cfg: device=cuda dtype=torch.bfloat16 dim=4096 ffn_dim=11008 n_heads=32 shards=2
[gpu-debug] op plan (with inferred tensor shapes):
  - op#00  op=Q        shard=0   x=[1x4096] + w=[2048x4096]  ->  y=[1x2048]  (T=1, K=140)
  - op#01  op=Q        shard=1   x=[1x4096] + w=[2048x4096]  ->  y=[1x2048]  (T=1, K=140)
  - op#02  op=V        shard=0   x=[1x4096] + w=[2048x4096]  ->  y=[1x2048]  (T=1, K=140)
  - op#03  op=O        shard=1   x=[1x2048] + w=[4096x2048]  ->  y=[1x4096]  (T=1, K=140)
  - op#04  op=FFN_W1   shard=0   x=[1x4096] + w=[5504x4096]  ->  y=[1x5504]  (T=1, K=140)
  - op#05  op=FFN_W1   shard=1   x=[1x4096] + w=[5504x4096]  ->  y=[1x5504]  (T=1, K=140)
  - op#06  op=FFN_W2   shard=0   x=[1x5504] + w=[4096x5504]  ->  y=[1x4096]  (T=1, K=140)
[gpu-debug] per-op timing breakdown (avg over iters):
  idx  op       sh  io                                                    time   est_flops    TFLOPs       bytes      GB/s
  ------------------------------------------------------------------------------------------------------------------------
    0  Q         0  x[1x4096]+w[2048x4096]->y[1x2048]                   0.039ms    16.777 M      0.43   16.01 MiB    426.98
    1  Q         1  x[1x4096]+w[2048x4096]->y[1x2048]                   0.030ms    16.777 M      0.55   16.01 MiB    553.92
    2  V         0  x[1x4096]+w[2048x4096]->y[1x2048]                   0.029ms    16.777 M      0.58   16.01 MiB    577.32
    3  O         1  x[1x2048]+w[4096x2048]->y[1x4096]                   0.025ms    16.777 M      0.67   16.01 MiB    666.50
    4  FFN_W1    0  x[1x4096]+w[5504x4096]->y[1x5504]                   0.045ms    45.089 M      1.01   43.02 MiB   1012.66
    5  FFN_W1    1  x[1x4096]+w[5504x4096]->y[1x5504]                   0.045ms    45.089 M      0.99   43.02 MiB    994.37
    6  FFN_W2    0  x[1x5504]+w[4096x5504]->y[1x4096]                   0.047ms    45.089 M      0.95   43.02 MiB    951.42
[gpu-debug] segment avg latency (cuda_events): 0.228 ms
[gpu-debug] sum(per-op)               : 0.261 ms (ratio=1.147)
[gpu-debug] NOTE: sum(per-op) may differ from segment latency due to Python overhead, event/launch overhead, and allocator/cache effects.
[gpu-debug] cuda mem before warmup: alloc=204.15 MiB reserved=218.00 MiB
[gpu-debug] cuda mem after warmup : alloc=204.15 MiB reserved=218.00 MiB
[gpu-debug] cuda mem peak (this segment): max_alloc=204.16 MiB max_reserved=218.00 MiB
========================================================================================
[gpu-debug] segment_key=npu|decode|3|49c28e1b9f3b0630867d036cc3768f2b
[gpu-debug] sig: device_type=npu phase=decode step=3 (count_hint=32)
[gpu-debug] ops_repr: Q:0,Q:1,V:0,O:1,FFN_W1:0,FFN_W1:1,FFN_W2:0
[gpu-debug] cfg: device=cuda dtype=torch.bfloat16 dim=4096 ffn_dim=11008 n_heads=32 shards=2
[gpu-debug] op plan (with inferred tensor shapes):
  - op#00  op=Q        shard=0   x=[1x4096] + w=[2048x4096]  ->  y=[1x2048]  (T=1, K=152)
  - op#01  op=Q        shard=1   x=[1x4096] + w=[2048x4096]  ->  y=[1x2048]  (T=1, K=152)
  - op#02  op=V        shard=0   x=[1x4096] + w=[2048x4096]  ->  y=[1x2048]  (T=1, K=152)
  - op#03  op=O        shard=1   x=[1x2048] + w=[4096x2048]  ->  y=[1x4096]  (T=1, K=152)
  - op#04  op=FFN_W1   shard=0   x=[1x4096] + w=[5504x4096]  ->  y=[1x5504]  (T=1, K=152)
  - op#05  op=FFN_W1   shard=1   x=[1x4096] + w=[5504x4096]  ->  y=[1x5504]  (T=1, K=152)
  - op#06  op=FFN_W2   shard=0   x=[1x5504] + w=[4096x5504]  ->  y=[1x4096]  (T=1, K=152)
[gpu-debug] per-op timing breakdown (avg over iters):
  idx  op       sh  io                                                    time   est_flops    TFLOPs       bytes      GB/s
  ------------------------------------------------------------------------------------------------------------------------
    0  Q         0  x[1x4096]+w[2048x4096]->y[1x2048]                   0.039ms    16.777 M      0.43   16.01 MiB    426.98
    1  Q         1  x[1x4096]+w[2048x4096]->y[1x2048]                   0.030ms    16.777 M      0.56   16.01 MiB    563.44
    2  V         0  x[1x4096]+w[2048x4096]->y[1x2048]                   0.029ms    16.777 M      0.58   16.01 MiB    577.32
    3  O         1  x[1x2048]+w[4096x2048]->y[1x4096]                   0.025ms    16.777 M      0.66   16.01 MiB    661.13
    4  FFN_W1    0  x[1x4096]+w[5504x4096]->y[1x5504]                   0.045ms    45.089 M      1.01   43.02 MiB   1010.34
    5  FFN_W1    1  x[1x4096]+w[5504x4096]->y[1x5504]                   0.045ms    45.089 M      1.00   43.02 MiB   1001.15
    6  FFN_W2    0  x[1x5504]+w[4096x5504]->y[1x4096]                   0.047ms    45.089 M      0.96   43.02 MiB    955.55
[gpu-debug] segment avg latency (cuda_events): 0.229 ms
[gpu-debug] sum(per-op)               : 0.261 ms (ratio=1.136)
[gpu-debug] NOTE: sum(per-op) may differ from segment latency due to Python overhead, event/launch overhead, and allocator/cache effects.
[gpu-debug] cuda mem before warmup: alloc=204.15 MiB reserved=218.00 MiB
[gpu-debug] cuda mem after warmup : alloc=204.15 MiB reserved=218.00 MiB
[gpu-debug] cuda mem peak (this segment): max_alloc=204.16 MiB max_reserved=218.00 MiB
========================================================================================
[gpu-debug] segment_key=npu|decode|4|49c28e1b9f3b0630867d036cc3768f2b
[gpu-debug] sig: device_type=npu phase=decode step=4 (count_hint=32)
[gpu-debug] ops_repr: Q:0,Q:1,V:0,O:1,FFN_W1:0,FFN_W1:1,FFN_W2:0
[gpu-debug] cfg: device=cuda dtype=torch.bfloat16 dim=4096 ffn_dim=11008 n_heads=32 shards=2
[gpu-debug] op plan (with inferred tensor shapes):
  - op#00  op=Q        shard=0   x=[1x4096] + w=[2048x4096]  ->  y=[1x2048]  (T=1, K=164)
  - op#01  op=Q        shard=1   x=[1x4096] + w=[2048x4096]  ->  y=[1x2048]  (T=1, K=164)
  - op#02  op=V        shard=0   x=[1x4096] + w=[2048x4096]  ->  y=[1x2048]  (T=1, K=164)
  - op#03  op=O        shard=1   x=[1x2048] + w=[4096x2048]  ->  y=[1x4096]  (T=1, K=164)
  - op#04  op=FFN_W1   shard=0   x=[1x4096] + w=[5504x4096]  ->  y=[1x5504]  (T=1, K=164)
  - op#05  op=FFN_W1   shard=1   x=[1x4096] + w=[5504x4096]  ->  y=[1x5504]  (T=1, K=164)
  - op#06  op=FFN_W2   shard=0   x=[1x5504] + w=[4096x5504]  ->  y=[1x4096]  (T=1, K=164)
[gpu-debug] per-op timing breakdown (avg over iters):
  idx  op       sh  io                                                    time   est_flops    TFLOPs       bytes      GB/s
  ------------------------------------------------------------------------------------------------------------------------
    0  Q         0  x[1x4096]+w[2048x4096]->y[1x2048]                   0.039ms    16.777 M      0.43   16.01 MiB    429.21
    1  Q         1  x[1x4096]+w[2048x4096]->y[1x2048]                   0.030ms    16.777 M      0.57   16.01 MiB    567.34
    2  V         0  x[1x4096]+w[2048x4096]->y[1x2048]                   0.029ms    16.777 M      0.57   16.01 MiB    573.29
    3  O         1  x[1x2048]+w[4096x2048]->y[1x4096]                   0.025ms    16.777 M      0.66   16.01 MiB    663.81
    4  FFN_W1    0  x[1x4096]+w[5504x4096]->y[1x5504]                   0.045ms    45.089 M      1.00   43.02 MiB    998.88
    5  FFN_W1    1  x[1x4096]+w[5504x4096]->y[1x5504]                   0.046ms    45.089 M      0.99   43.02 MiB    985.48
    6  FFN_W2    0  x[1x5504]+w[4096x5504]->y[1x4096]                   0.047ms    45.089 M      0.96   43.02 MiB    955.55
[gpu-debug] segment avg latency (cuda_events): 0.228 ms
[gpu-debug] sum(per-op)               : 0.261 ms (ratio=1.147)
[gpu-debug] NOTE: sum(per-op) may differ from segment latency due to Python overhead, event/launch overhead, and allocator/cache effects.
[gpu-debug] cuda mem before warmup: alloc=204.15 MiB reserved=218.00 MiB
[gpu-debug] cuda mem after warmup : alloc=204.15 MiB reserved=218.00 MiB
[gpu-debug] cuda mem peak (this segment): max_alloc=204.16 MiB max_reserved=218.00 MiB
========================================================================================
[gpu-debug] segment_key=npu|decode|5|49c28e1b9f3b0630867d036cc3768f2b
[gpu-debug] sig: device_type=npu phase=decode step=5 (count_hint=32)
[gpu-debug] ops_repr: Q:0,Q:1,V:0,O:1,FFN_W1:0,FFN_W1:1,FFN_W2:0
[gpu-debug] cfg: device=cuda dtype=torch.bfloat16 dim=4096 ffn_dim=11008 n_heads=32 shards=2
[gpu-debug] op plan (with inferred tensor shapes):
  - op#00  op=Q        shard=0   x=[1x4096] + w=[2048x4096]  ->  y=[1x2048]  (T=1, K=176)
  - op#01  op=Q        shard=1   x=[1x4096] + w=[2048x4096]  ->  y=[1x2048]  (T=1, K=176)
  - op#02  op=V        shard=0   x=[1x4096] + w=[2048x4096]  ->  y=[1x2048]  (T=1, K=176)
  - op#03  op=O        shard=1   x=[1x2048] + w=[4096x2048]  ->  y=[1x4096]  (T=1, K=176)
  - op#04  op=FFN_W1   shard=0   x=[1x4096] + w=[5504x4096]  ->  y=[1x5504]  (T=1, K=176)
  - op#05  op=FFN_W1   shard=1   x=[1x4096] + w=[5504x4096]  ->  y=[1x5504]  (T=1, K=176)
  - op#06  op=FFN_W2   shard=0   x=[1x5504] + w=[4096x5504]  ->  y=[1x4096]  (T=1, K=176)
[gpu-debug] per-op timing breakdown (avg over iters):
  idx  op       sh  io                                                    time   est_flops    TFLOPs       bytes      GB/s
  ------------------------------------------------------------------------------------------------------------------------
    0  Q         0  x[1x4096]+w[2048x4096]->y[1x2048]                   0.039ms    16.777 M      0.43   16.01 MiB    429.21
    1  Q         1  x[1x4096]+w[2048x4096]->y[1x2048]                   0.030ms    16.777 M      0.56   16.01 MiB    563.44
    2  V         0  x[1x4096]+w[2048x4096]->y[1x2048]                   0.029ms    16.777 M      0.57   16.01 MiB    573.29
    3  O         1  x[1x2048]+w[4096x2048]->y[1x4096]                   0.025ms    16.777 M      0.67   16.01 MiB    666.50
    4  FFN_W1    0  x[1x4096]+w[5504x4096]->y[1x5504]                   0.045ms    45.089 M      1.00   43.02 MiB   1003.43
    5  FFN_W1    1  x[1x4096]+w[5504x4096]->y[1x5504]                   0.046ms    45.089 M      0.98   43.02 MiB    983.28
    6  FFN_W2    0  x[1x5504]+w[4096x5504]->y[1x4096]                   0.047ms    45.089 M      0.95   43.02 MiB    953.48
[gpu-debug] segment avg latency (cuda_events): 0.227 ms
[gpu-debug] sum(per-op)               : 0.262 ms (ratio=1.150)
[gpu-debug] NOTE: sum(per-op) may differ from segment latency due to Python overhead, event/launch overhead, and allocator/cache effects.
[gpu-debug] cuda mem before warmup: alloc=204.15 MiB reserved=218.00 MiB
[gpu-debug] cuda mem after warmup : alloc=204.15 MiB reserved=218.00 MiB
[gpu-debug] cuda mem peak (this segment): max_alloc=204.16 MiB max_reserved=218.00 MiB
========================================================================================
[gpu-debug] segment_key=npu|decode|6|49c28e1b9f3b0630867d036cc3768f2b
[gpu-debug] sig: device_type=npu phase=decode step=6 (count_hint=32)
[gpu-debug] ops_repr: Q:0,Q:1,V:0,O:1,FFN_W1:0,FFN_W1:1,FFN_W2:0
[gpu-debug] cfg: device=cuda dtype=torch.bfloat16 dim=4096 ffn_dim=11008 n_heads=32 shards=2
[gpu-debug] op plan (with inferred tensor shapes):
  - op#00  op=Q        shard=0   x=[1x4096] + w=[2048x4096]  ->  y=[1x2048]  (T=1, K=188)
  - op#01  op=Q        shard=1   x=[1x4096] + w=[2048x4096]  ->  y=[1x2048]  (T=1, K=188)
  - op#02  op=V        shard=0   x=[1x4096] + w=[2048x4096]  ->  y=[1x2048]  (T=1, K=188)
  - op#03  op=O        shard=1   x=[1x2048] + w=[4096x2048]  ->  y=[1x4096]  (T=1, K=188)
  - op#04  op=FFN_W1   shard=0   x=[1x4096] + w=[5504x4096]  ->  y=[1x5504]  (T=1, K=188)
  - op#05  op=FFN_W1   shard=1   x=[1x4096] + w=[5504x4096]  ->  y=[1x5504]  (T=1, K=188)
  - op#06  op=FFN_W2   shard=0   x=[1x5504] + w=[4096x5504]  ->  y=[1x4096]  (T=1, K=188)
[gpu-debug] per-op timing breakdown (avg over iters):
  idx  op       sh  io                                                    time   est_flops    TFLOPs       bytes      GB/s
  ------------------------------------------------------------------------------------------------------------------------
    0  Q         0  x[1x4096]+w[2048x4096]->y[1x2048]                   0.039ms    16.777 M      0.43   16.01 MiB    429.21
    1  Q         1  x[1x4096]+w[2048x4096]->y[1x2048]                   0.030ms    16.777 M      0.56   16.01 MiB    563.44
    2  V         0  x[1x4096]+w[2048x4096]->y[1x2048]                   0.029ms    16.777 M      0.57   16.01 MiB    573.29
    3  O         1  x[1x2048]+w[4096x2048]->y[1x4096]                   0.025ms    16.777 M      0.66   16.01 MiB    661.13
    4  FFN_W1    0  x[1x4096]+w[5504x4096]->y[1x5504]                   0.045ms    45.089 M      1.01   43.02 MiB   1010.34
    5  FFN_W1    1  x[1x4096]+w[5504x4096]->y[1x5504]                   0.045ms    45.089 M      0.99   43.02 MiB    994.37
    6  FFN_W2    0  x[1x5504]+w[4096x5504]->y[1x4096]                   0.047ms    45.089 M      0.96   43.02 MiB    955.55
[gpu-debug] segment avg latency (cuda_events): 0.228 ms
[gpu-debug] sum(per-op)               : 0.261 ms (ratio=1.146)
[gpu-debug] NOTE: sum(per-op) may differ from segment latency due to Python overhead, event/launch overhead, and allocator/cache effects.
[gpu-debug] cuda mem before warmup: alloc=204.15 MiB reserved=218.00 MiB
[gpu-debug] cuda mem after warmup : alloc=204.15 MiB reserved=218.00 MiB
[gpu-debug] cuda mem peak (this segment): max_alloc=204.16 MiB max_reserved=218.00 MiB
========================================================================================
[gpu-debug] segment_key=npu|decode|7|49c28e1b9f3b0630867d036cc3768f2b
[gpu-debug] sig: device_type=npu phase=decode step=7 (count_hint=32)
[gpu-debug] ops_repr: Q:0,Q:1,V:0,O:1,FFN_W1:0,FFN_W1:1,FFN_W2:0
[gpu-debug] cfg: device=cuda dtype=torch.bfloat16 dim=4096 ffn_dim=11008 n_heads=32 shards=2
[gpu-debug] op plan (with inferred tensor shapes):
  - op#00  op=Q        shard=0   x=[1x4096] + w=[2048x4096]  ->  y=[1x2048]  (T=1, K=200)
  - op#01  op=Q        shard=1   x=[1x4096] + w=[2048x4096]  ->  y=[1x2048]  (T=1, K=200)
  - op#02  op=V        shard=0   x=[1x4096] + w=[2048x4096]  ->  y=[1x2048]  (T=1, K=200)
  - op#03  op=O        shard=1   x=[1x2048] + w=[4096x2048]  ->  y=[1x4096]  (T=1, K=200)
  - op#04  op=FFN_W1   shard=0   x=[1x4096] + w=[5504x4096]  ->  y=[1x5504]  (T=1, K=200)
  - op#05  op=FFN_W1   shard=1   x=[1x4096] + w=[5504x4096]  ->  y=[1x5504]  (T=1, K=200)
  - op#06  op=FFN_W2   shard=0   x=[1x5504] + w=[4096x5504]  ->  y=[1x4096]  (T=1, K=200)
[gpu-debug] per-op timing breakdown (avg over iters):
  idx  op       sh  io                                                    time   est_flops    TFLOPs       bytes      GB/s
  ------------------------------------------------------------------------------------------------------------------------
    0  Q         0  x[1x4096]+w[2048x4096]->y[1x2048]                   0.039ms    16.777 M      0.43   16.01 MiB    428.09
    1  Q         1  x[1x4096]+w[2048x4096]->y[1x2048]                   0.030ms    16.777 M      0.56   16.01 MiB    561.51
    2  V         0  x[1x4096]+w[2048x4096]->y[1x2048]                   0.029ms    16.777 M      0.58   16.01 MiB    579.36
    3  O         1  x[1x2048]+w[4096x2048]->y[1x4096]                   0.025ms    16.777 M      0.66   16.01 MiB    663.81
    4  FFN_W1    0  x[1x4096]+w[5504x4096]->y[1x5504]                   0.044ms    45.089 M      1.01   43.02 MiB   1014.99
    5  FFN_W1    1  x[1x4096]+w[5504x4096]->y[1x5504]                   0.045ms    45.089 M      0.99   43.02 MiB    994.37
    6  FFN_W2    0  x[1x5504]+w[4096x5504]->y[1x4096]                   0.047ms    45.089 M      0.97   43.02 MiB    968.15
[gpu-debug] segment avg latency (cuda_events): 0.227 ms
[gpu-debug] sum(per-op)               : 0.260 ms (ratio=1.143)
[gpu-debug] NOTE: sum(per-op) may differ from segment latency due to Python overhead, event/launch overhead, and allocator/cache effects.
[gpu-debug] cuda mem before warmup: alloc=204.15 MiB reserved=218.00 MiB
[gpu-debug] cuda mem after warmup : alloc=204.15 MiB reserved=218.00 MiB
[gpu-debug] cuda mem peak (this segment): max_alloc=204.16 MiB max_reserved=218.00 MiB
========================================================================================
[gpu-debug] segment_key=npu|decode|8|49c28e1b9f3b0630867d036cc3768f2b
[gpu-debug] sig: device_type=npu phase=decode step=8 (count_hint=32)
[gpu-debug] ops_repr: Q:0,Q:1,V:0,O:1,FFN_W1:0,FFN_W1:1,FFN_W2:0
[gpu-debug] cfg: device=cuda dtype=torch.bfloat16 dim=4096 ffn_dim=11008 n_heads=32 shards=2
[gpu-debug] op plan (with inferred tensor shapes):
  - op#00  op=Q        shard=0   x=[1x4096] + w=[2048x4096]  ->  y=[1x2048]  (T=1, K=212)
  - op#01  op=Q        shard=1   x=[1x4096] + w=[2048x4096]  ->  y=[1x2048]  (T=1, K=212)
  - op#02  op=V        shard=0   x=[1x4096] + w=[2048x4096]  ->  y=[1x2048]  (T=1, K=212)
  - op#03  op=O        shard=1   x=[1x2048] + w=[4096x2048]  ->  y=[1x4096]  (T=1, K=212)
  - op#04  op=FFN_W1   shard=0   x=[1x4096] + w=[5504x4096]  ->  y=[1x5504]  (T=1, K=212)
  - op#05  op=FFN_W1   shard=1   x=[1x4096] + w=[5504x4096]  ->  y=[1x5504]  (T=1, K=212)
  - op#06  op=FFN_W2   shard=0   x=[1x5504] + w=[4096x5504]  ->  y=[1x4096]  (T=1, K=212)
[gpu-debug] per-op timing breakdown (avg over iters):
  idx  op       sh  io                                                    time   est_flops    TFLOPs       bytes      GB/s
  ------------------------------------------------------------------------------------------------------------------------
    0  Q         0  x[1x4096]+w[2048x4096]->y[1x2048]                   0.039ms    16.777 M      0.43   16.01 MiB    426.98
    1  Q         1  x[1x4096]+w[2048x4096]->y[1x2048]                   0.030ms    16.777 M      0.56   16.01 MiB    563.44
    2  V         0  x[1x4096]+w[2048x4096]->y[1x2048]                   0.029ms    16.777 M      0.57   16.01 MiB    575.30
    3  O         1  x[1x2048]+w[4096x2048]->y[1x4096]                   0.025ms    16.777 M      0.66   16.01 MiB    661.13
    4  FFN_W1    0  x[1x4096]+w[5504x4096]->y[1x5504]                   0.045ms    45.089 M      1.01   43.02 MiB   1005.72
    5  FFN_W1    1  x[1x4096]+w[5504x4096]->y[1x5504]                   0.046ms    45.089 M      0.99   43.02 MiB    989.90
    6  FFN_W2    0  x[1x5504]+w[4096x5504]->y[1x4096]                   0.047ms    45.089 M      0.96   43.02 MiB    957.62
[gpu-debug] segment avg latency (cuda_events): 0.228 ms
[gpu-debug] sum(per-op)               : 0.261 ms (ratio=1.147)
[gpu-debug] NOTE: sum(per-op) may differ from segment latency due to Python overhead, event/launch overhead, and allocator/cache effects.
[gpu-debug] cuda mem before warmup: alloc=204.15 MiB reserved=218.00 MiB
[gpu-debug] cuda mem after warmup : alloc=204.15 MiB reserved=218.00 MiB
[gpu-debug] cuda mem peak (this segment): max_alloc=204.16 MiB max_reserved=218.00 MiB
========================================================================================
[gpu-debug] segment_key=npu|decode|9|49c28e1b9f3b0630867d036cc3768f2b
[gpu-debug] sig: device_type=npu phase=decode step=9 (count_hint=32)
[gpu-debug] ops_repr: Q:0,Q:1,V:0,O:1,FFN_W1:0,FFN_W1:1,FFN_W2:0
[gpu-debug] cfg: device=cuda dtype=torch.bfloat16 dim=4096 ffn_dim=11008 n_heads=32 shards=2
[gpu-debug] op plan (with inferred tensor shapes):
  - op#00  op=Q        shard=0   x=[1x4096] + w=[2048x4096]  ->  y=[1x2048]  (T=1, K=224)
  - op#01  op=Q        shard=1   x=[1x4096] + w=[2048x4096]  ->  y=[1x2048]  (T=1, K=224)
  - op#02  op=V        shard=0   x=[1x4096] + w=[2048x4096]  ->  y=[1x2048]  (T=1, K=224)
  - op#03  op=O        shard=1   x=[1x2048] + w=[4096x2048]  ->  y=[1x4096]  (T=1, K=224)
  - op#04  op=FFN_W1   shard=0   x=[1x4096] + w=[5504x4096]  ->  y=[1x5504]  (T=1, K=224)
  - op#05  op=FFN_W1   shard=1   x=[1x4096] + w=[5504x4096]  ->  y=[1x5504]  (T=1, K=224)
  - op#06  op=FFN_W2   shard=0   x=[1x5504] + w=[4096x5504]  ->  y=[1x4096]  (T=1, K=224)
[gpu-debug] per-op timing breakdown (avg over iters):
  idx  op       sh  io                                                    time   est_flops    TFLOPs       bytes      GB/s
  ------------------------------------------------------------------------------------------------------------------------
    0  Q         0  x[1x4096]+w[2048x4096]->y[1x2048]                   0.040ms    16.777 M      0.42   16.01 MiB    419.34
    1  Q         1  x[1x4096]+w[2048x4096]->y[1x2048]                   0.029ms    16.777 M      0.57   16.01 MiB    569.31
    2  V         0  x[1x4096]+w[2048x4096]->y[1x2048]                   0.030ms    16.777 M      0.57   16.01 MiB    567.34
    3  O         1  x[1x2048]+w[4096x2048]->y[1x4096]                   0.025ms    16.777 M      0.67   16.01 MiB    669.22
    4  FFN_W1    0  x[1x4096]+w[5504x4096]->y[1x5504]                   0.045ms    45.089 M      1.01   43.02 MiB   1010.34
    5  FFN_W1    1  x[1x4096]+w[5504x4096]->y[1x5504]                   0.045ms    45.089 M      1.00   43.02 MiB    998.88
    6  FFN_W2    0  x[1x5504]+w[4096x5504]->y[1x4096]                   0.047ms    45.089 M      0.97   43.02 MiB    966.03
[gpu-debug] segment avg latency (cuda_events): 0.227 ms
[gpu-debug] sum(per-op)               : 0.261 ms (ratio=1.147)
[gpu-debug] NOTE: sum(per-op) may differ from segment latency due to Python overhead, event/launch overhead, and allocator/cache effects.
[gpu-debug] cuda mem before warmup: alloc=204.15 MiB reserved=218.00 MiB
[gpu-debug] cuda mem after warmup : alloc=204.15 MiB reserved=218.00 MiB
[gpu-debug] cuda mem peak (this segment): max_alloc=204.16 MiB max_reserved=218.00 MiB
========================================================================================
[gpu-debug] segment_key=npu|prefill|-1|bb7f6d15abcf86dfdbe332fcf771018e
[gpu-debug] sig: device_type=npu phase=prefill step=-1 (count_hint=32)
[gpu-debug] ops_repr: LN:-1,Q:0,Q:1,V:0,QK:1,Softmax:1,SV:0,SV:1,O:1,LN:-1,FFN_W1:0,FFN_W1:1,SwiGLU:1,FFN_W2:0
[gpu-debug] cfg: device=cuda dtype=torch.bfloat16 dim=4096 ffn_dim=11008 n_heads=32 shards=2
[gpu-debug] op plan (with inferred tensor shapes):
  - op#00  op=LN       shard=-1  x=[128x4096] + w=[4096]  ->  y=[128x4096]  (T=128, K=128)
  - op#01  op=Q        shard=0   x=[128x4096] + w=[2048x4096]  ->  y=[128x2048]  (T=128, K=128)
  - op#02  op=Q        shard=1   x=[128x4096] + w=[2048x4096]  ->  y=[128x2048]  (T=128, K=128)
  - op#03  op=V        shard=0   x=[128x4096] + w=[2048x4096]  ->  y=[128x2048]  (T=128, K=128)
  - op#04  op=QK       shard=1   q=[16x128x128] + k=[16x128x128]  ->  y=[16x128x128]  (T=128, K=128)
  - op#05  op=Softmax  shard=1   scores=[16x128x128]  ->  y=[16x128x128]  (T=128, K=128)
  - op#06  op=SV       shard=0   p=[16x128x128] + v=[16x128x128]  ->  y=[16x128x128]  (T=128, K=128)
  - op#07  op=SV       shard=1   p=[16x128x128] + v=[16x128x128]  ->  y=[16x128x128]  (T=128, K=128)
  - op#08  op=O        shard=1   x=[128x2048] + w=[4096x2048]  ->  y=[128x4096]  (T=128, K=128)
  - op#09  op=LN       shard=-1  x=[128x4096] + w=[4096]  ->  y=[128x4096]  (T=128, K=128)
  - op#10  op=FFN_W1   shard=0   x=[128x4096] + w=[5504x4096]  ->  y=[128x5504]  (T=128, K=128)
  - op#11  op=FFN_W1   shard=1   x=[128x4096] + w=[5504x4096]  ->  y=[128x5504]  (T=128, K=128)
  - op#12  op=SwiGLU   shard=1   a=[128x5504] + b=[128x5504]  ->  y=[128x5504]  (T=128, K=128)
  - op#13  op=FFN_W2   shard=0   x=[128x5504] + w=[4096x5504]  ->  y=[128x4096]  (T=128, K=128)
[gpu-debug] per-op timing breakdown (avg over iters):
  idx  op       sh  io                                                    time   est_flops    TFLOPs       bytes      GB/s
  ------------------------------------------------------------------------------------------------------------------------
    0  LN       -1  x[128x4096]+w[4096]->y[128x4096]                    0.072ms     2.621 M      0.04    2.01 MiB     29.16
    1  Q         0  x[128x4096]+w[2048x4096]->y[128x2048]               0.056ms     2.147 G     38.27   17.50 MiB    327.01
    2  Q         1  x[128x4096]+w[2048x4096]->y[128x2048]               0.040ms     2.147 G     54.19   17.50 MiB    463.05
    3  V         0  x[128x4096]+w[2048x4096]->y[128x2048]               0.039ms     2.147 G     55.63   17.50 MiB    475.33
    4  QK        1  q[16x128x128]+k[16x128x128]->y[16x128x128]          0.021ms    67.109 M      3.23    1.50 MiB     75.67
    5  Softmax   1  scores[16x128x128]->y[16x128x128]                   0.020ms     1.311 M      0.07    1.00 MiB     52.51
    6  SV        0  p[16x128x128]+v[16x128x128]->y[16x128x128]          0.032ms    67.109 M      2.09    1.50 MiB     48.92
    7  SV        1  p[16x128x128]+v[16x128x128]->y[16x128x128]          0.028ms    67.109 M      2.38    1.50 MiB     55.85
    8  O         1  x[128x2048]+w[4096x2048]->y[128x4096]               0.045ms     2.147 G     47.34   17.50 MiB    404.51
    9  LN       -1  x[128x4096]+w[4096]->y[128x4096]                    0.060ms     2.621 M      0.04    2.01 MiB     35.33
   10  FFN_W1    0  x[128x4096]+w[5504x4096]->y[128x5504]               0.083ms     5.771 G     69.24   45.34 MiB    570.42
   11  FFN_W1    1  x[128x4096]+w[5504x4096]->y[128x5504]               0.065ms     5.771 G     88.76   45.34 MiB    731.21
   12  SwiGLU    1  a[128x5504]+b[128x5504]->y[128x5504]                0.017ms     4.227 M      0.24    4.03 MiB    244.26
   13  FFN_W2    0  x[128x5504]+w[4096x5504]->y[128x4096]               0.066ms     5.771 G     86.84   45.34 MiB    715.44
[gpu-debug] segment avg latency (cuda_events): 0.491 ms
[gpu-debug] sum(per-op)               : 0.645 ms (ratio=1.313)
[gpu-debug] NOTE: sum(per-op) may differ from segment latency due to Python overhead, event/launch overhead, and allocator/cache effects.
[gpu-debug] cuda mem before warmup: alloc=204.15 MiB reserved=218.00 MiB
[gpu-debug] cuda mem after warmup : alloc=207.50 MiB reserved=222.00 MiB
[gpu-debug] cuda mem peak (this segment): max_alloc=210.19 MiB max_reserved=222.00 MiB
  progress 13/13
[run-gpu] wrote /lustre/home/2501111916/workspace/XPUPIM_0226_gpupim_parameter/TriForm/verify/hw_hardware_1gpu_2aim/st12/llama_7b_bf16_b1_s12/heft_128x128.gpu_results.json
[slurm] wrote OK_FILE=/lustre/home/2501111916/workspace/XPUPIM_0226_gpupim_parameter/TriForm/verify/hw_hardware_1gpu_2aim/st12/llama_7b_bf16_b1_s12/heft_128x128.gpu.ok
