[slurm] jobid=9730619 nodelist=l12gpu04
[slurm] CUDA_VISIBLE_DEVICES=0
Fri Feb 27 10:38:00 2026       
+-----------------------------------------------------------------------------------------+
| NVIDIA-SMI 560.35.03              Driver Version: 560.35.03      CUDA Version: 12.6     |
|-----------------------------------------+------------------------+----------------------+
| GPU  Name                 Persistence-M | Bus-Id          Disp.A | Volatile Uncorr. ECC |
| Fan  Temp   Perf          Pwr:Usage/Cap |           Memory-Usage | GPU-Util  Compute M. |
|                                         |                        |               MIG M. |
|=========================================+========================+======================|
|   0  NVIDIA A100-PCIE-40GB          On  |   00000000:B1:00.0 Off |                    0 |
| N/A   32C    P0             32W /  250W |       1MiB /  40960MiB |      0%      Default |
|                                         |                        |             Disabled |
+-----------------------------------------+------------------------+----------------------+
                                                                                         
+-----------------------------------------------------------------------------------------+
| Processes:                                                                              |
|  GPU   GI   CI        PID   Type   Process name                              GPU Memory |
|        ID   ID                                                               Usage      |
|=========================================================================================|
|  No running processes found                                                             |
+-----------------------------------------------------------------------------------------+
torch: 2.8.0+cu126
cuda available: True
device: NVIDIA A100-PCIE-40GB
[slurm] PY_SCRIPT=/lustre/home/2501111916/workspace/XPUPIM_0226_gpupim_parameter/TriForm/verify/schedule_deploy_verify.py
[slurm] TASKS_JSON=/lustre/home/2501111916/workspace/XPUPIM_0226_gpupim_parameter/TriForm/verify/hw_hardware_1gpu_2aim/st12/llama_7b_bf16_b1_s12/attacc_262x67.gpu_tasks.json
[slurm] OUT_JSON=/lustre/home/2501111916/workspace/XPUPIM_0226_gpupim_parameter/TriForm/verify/hw_hardware_1gpu_2aim/st12/llama_7b_bf16_b1_s12/attacc_262x67.gpu_results.json
[slurm] WARMUP=3 ITERS=10 DEVICE=cuda GPU_DTYPE=bf16
[slurm] OK_FILE=/lustre/home/2501111916/workspace/XPUPIM_0226_gpupim_parameter/TriForm/verify/hw_hardware_1gpu_2aim/st12/llama_7b_bf16_b1_s12/attacc_262x67.gpu.ok
[slurm] Running: python /lustre/home/2501111916/workspace/XPUPIM_0226_gpupim_parameter/TriForm/verify/schedule_deploy_verify.py run-gpu --tasks /lustre/home/2501111916/workspace/XPUPIM_0226_gpupim_parameter/TriForm/verify/hw_hardware_1gpu_2aim/st12/llama_7b_bf16_b1_s12/attacc_262x67.gpu_tasks.json --out /lustre/home/2501111916/workspace/XPUPIM_0226_gpupim_parameter/TriForm/verify/hw_hardware_1gpu_2aim/st12/llama_7b_bf16_b1_s12/attacc_262x67.gpu_results.json --debug --debug-txt /lustre/home/2501111916/workspace/XPUPIM_0226_gpupim_parameter/TriForm/verify/hw_hardware_1gpu_2aim/st12/llama_7b_bf16_b1_s12/attacc_262x67.gpu_debug.log --warmup 3 --iters 10 --device cuda --gpu-dtype bf16
[run-gpu] tasks=8 warmup=3 iters=10 device=cuda dtype=bf16 segment_scope=layer
[run-gpu] extra weight_load_s=0.400513s (will be added in merge)
[run-gpu] GPU[0] NVIDIA A100-PCIE-40GB; SM=108, CC=8.0
[run-gpu] nvidia-smi -L: GPU 0: NVIDIA A100-PCIE-40GB (UUID: GPU-10fd0274-d52f-ca61-05e2-aaf982e4391e)
[run-gpu] nvidia-smi query: NVIDIA A100-PCIE-40GB, GPU-10fd0274-d52f-ca61-05e2-aaf982e4391e, 560.35.03, 40960
[run-gpu][debug] torch_default_dtype=torch.float32
[run-gpu][debug] torch.backends.cuda.matmul.allow_tf32=False
[run-gpu][debug] cudnn.enabled=True benchmark=False deterministic=False allow_tf32=True
[run-gpu][debug] nvidia-smi snapshot: 0, 0, 0, 4, 40960, 32, 32.90, 250.00
========================================================================================
[gpu-debug] segment_key=npu|decode|0|f47f2b13c8c0ddb8e4ddc9de5ce41aad
[gpu-debug] sig: device_type=npu phase=decode step=0 (count_hint=32)
[gpu-debug] ops_repr: LN:-1,Q:0,K:0,V:0,Q:1,K:1,V:1,O:0,O:1,Add:-1,LN:-1,FFN_W1:0,FFN_W3:0,FFN_W1:1,FFN_W3:1,SwiGLU:0,SwiGLU:1,FFN_W2:0,FFN_W2:1,Add:-1
[gpu-debug] cfg: device=cuda dtype=torch.bfloat16 dim=4096 ffn_dim=11008 n_heads=32 shards=2
[gpu-debug] op plan (with inferred tensor shapes):
  - op#00  op=LN       shard=-1  x=[1x4096] + w=[4096]  ->  y=[1x4096]  (T=1, K=263)
  - op#01  op=Q        shard=0   x=[1x4096] + w=[2048x4096]  ->  y=[1x2048]  (T=1, K=263)
  - op#02  op=K        shard=0   x=[1x4096] + w=[2048x4096]  ->  y=[1x2048]  (T=1, K=263)
  - op#03  op=V        shard=0   x=[1x4096] + w=[2048x4096]  ->  y=[1x2048]  (T=1, K=263)
  - op#04  op=Q        shard=1   x=[1x4096] + w=[2048x4096]  ->  y=[1x2048]  (T=1, K=263)
  - op#05  op=K        shard=1   x=[1x4096] + w=[2048x4096]  ->  y=[1x2048]  (T=1, K=263)
  - op#06  op=V        shard=1   x=[1x4096] + w=[2048x4096]  ->  y=[1x2048]  (T=1, K=263)
  - op#07  op=O        shard=0   x=[1x2048] + w=[4096x2048]  ->  y=[1x4096]  (T=1, K=263)
  - op#08  op=O        shard=1   x=[1x2048] + w=[4096x2048]  ->  y=[1x4096]  (T=1, K=263)
  - op#09  op=Add      shard=-1  a=[1x4096] + b=[1x4096]  ->  y=[1x4096]  (T=1, K=263)
  - op#10  op=LN       shard=-1  x=[1x4096] + w=[4096]  ->  y=[1x4096]  (T=1, K=263)
  - op#11  op=FFN_W1   shard=0   x=[1x4096] + w=[5504x4096]  ->  y=[1x5504]  (T=1, K=263)
  - op#12  op=FFN_W3   shard=0   x=[1x4096] + w=[5504x4096]  ->  y=[1x5504]  (T=1, K=263)
  - op#13  op=FFN_W1   shard=1   x=[1x4096] + w=[5504x4096]  ->  y=[1x5504]  (T=1, K=263)
  - op#14  op=FFN_W3   shard=1   x=[1x4096] + w=[5504x4096]  ->  y=[1x5504]  (T=1, K=263)
  - op#15  op=SwiGLU   shard=0   a=[1x5504] + b=[1x5504]  ->  y=[1x5504]  (T=1, K=263)
  - op#16  op=SwiGLU   shard=1   a=[1x5504] + b=[1x5504]  ->  y=[1x5504]  (T=1, K=263)
  - op#17  op=FFN_W2   shard=0   x=[1x5504] + w=[4096x5504]  ->  y=[1x4096]  (T=1, K=263)
  - op#18  op=FFN_W2   shard=1   x=[1x5504] + w=[4096x5504]  ->  y=[1x4096]  (T=1, K=263)
  - op#19  op=Add      shard=-1  a=[1x4096] + b=[1x4096]  ->  y=[1x4096]  (T=1, K=263)
[gpu-debug] per-op timing breakdown (avg over iters):
  idx  op       sh  io                                                    time   est_flops    TFLOPs       bytes      GB/s
  ------------------------------------------------------------------------------------------------------------------------
    0  LN       -1  x[1x4096]+w[4096]->y[1x4096]                        0.069ms    20.480 K      0.00   24.00 KiB      0.36
    1  Q         0  x[1x4096]+w[2048x4096]->y[1x2048]                   0.047ms    16.777 M      0.36   16.01 MiB    356.43
    2  K         0  x[1x4096]+w[2048x4096]->y[1x2048]                   0.031ms    16.777 M      0.55   16.01 MiB    550.20
    3  V         0  x[1x4096]+w[2048x4096]->y[1x2048]                   0.030ms    16.777 M      0.56   16.01 MiB    561.51
    4  Q         1  x[1x4096]+w[2048x4096]->y[1x2048]                   0.030ms    16.777 M      0.55   16.01 MiB    552.05
    5  K         1  x[1x4096]+w[2048x4096]->y[1x2048]                   0.031ms    16.777 M      0.54   16.01 MiB    539.34
    6  V         1  x[1x4096]+w[2048x4096]->y[1x2048]                   0.031ms    16.777 M      0.54   16.01 MiB    544.72
    7  O         0  x[1x2048]+w[4096x2048]->y[1x4096]                   0.025ms    16.777 M      0.66   16.01 MiB    658.47
    8  O         1  x[1x2048]+w[4096x2048]->y[1x4096]                   0.026ms    16.777 M      0.66   16.01 MiB    655.84
    9  Add      -1  a[1x4096]+b[1x4096]->y[1x4096]                      0.009ms     4.096 K      0.00   24.00 KiB      2.67
   10  LN       -1  x[1x4096]+w[4096]->y[1x4096]                        0.041ms    20.480 K      0.00   24.00 KiB      0.60
   11  FFN_W1    0  x[1x4096]+w[5504x4096]->y[1x5504]                   0.059ms    45.089 M      0.77   43.02 MiB    766.10
   12  FFN_W3    0  x[1x4096]+w[5504x4096]->y[1x5504]                   0.046ms    45.089 M      0.97   43.02 MiB    974.57
   13  FFN_W1    1  x[1x4096]+w[5504x4096]->y[1x5504]                   0.046ms    45.089 M      0.99   43.02 MiB    987.68
   14  FFN_W3    1  x[1x4096]+w[5504x4096]->y[1x5504]                   0.045ms    45.089 M      1.01   43.02 MiB   1010.34
   15  SwiGLU    0  a[1x5504]+b[1x5504]->y[1x5504]                      0.014ms    33.024 K      0.00   32.25 KiB      2.29
   16  SwiGLU    1  a[1x5504]+b[1x5504]->y[1x5504]                      0.014ms    33.024 K      0.00   32.25 KiB      2.44
   17  FFN_W2    0  x[1x5504]+w[4096x5504]->y[1x4096]                   0.048ms    45.089 M      0.95   43.02 MiB    949.37
   18  FFN_W2    1  x[1x5504]+w[4096x5504]->y[1x4096]                   0.048ms    45.089 M      0.94   43.02 MiB    939.25
   19  Add      -1  a[1x4096]+b[1x4096]->y[1x4096]                      0.008ms     4.096 K      0.00   24.00 KiB      2.93
[gpu-debug] segment avg latency (cuda_events): 0.563 ms
[gpu-debug] sum(per-op)               : 0.698 ms (ratio=1.239)
[gpu-debug] NOTE: sum(per-op) may differ from segment latency due to Python overhead, event/launch overhead, and allocator/cache effects.
[gpu-debug] cuda mem before warmup: alloc=0 B reserved=0 B
[gpu-debug] cuda mem after warmup : alloc=400.16 MiB reserved=414.00 MiB
[gpu-debug] cuda mem peak (this segment): max_alloc=400.18 MiB max_reserved=414.00 MiB
========================================================================================
[gpu-debug] segment_key=npu|decode|1|f47f2b13c8c0ddb8e4ddc9de5ce41aad
[gpu-debug] sig: device_type=npu phase=decode step=1 (count_hint=32)
[gpu-debug] ops_repr: LN:-1,Q:0,K:0,V:0,Q:1,K:1,V:1,O:0,O:1,Add:-1,LN:-1,FFN_W1:0,FFN_W3:0,FFN_W1:1,FFN_W3:1,SwiGLU:0,SwiGLU:1,FFN_W2:0,FFN_W2:1,Add:-1
[gpu-debug] cfg: device=cuda dtype=torch.bfloat16 dim=4096 ffn_dim=11008 n_heads=32 shards=2
[gpu-debug] op plan (with inferred tensor shapes):
  - op#00  op=LN       shard=-1  x=[1x4096] + w=[4096]  ->  y=[1x4096]  (T=1, K=264)
  - op#01  op=Q        shard=0   x=[1x4096] + w=[2048x4096]  ->  y=[1x2048]  (T=1, K=264)
  - op#02  op=K        shard=0   x=[1x4096] + w=[2048x4096]  ->  y=[1x2048]  (T=1, K=264)
  - op#03  op=V        shard=0   x=[1x4096] + w=[2048x4096]  ->  y=[1x2048]  (T=1, K=264)
  - op#04  op=Q        shard=1   x=[1x4096] + w=[2048x4096]  ->  y=[1x2048]  (T=1, K=264)
  - op#05  op=K        shard=1   x=[1x4096] + w=[2048x4096]  ->  y=[1x2048]  (T=1, K=264)
  - op#06  op=V        shard=1   x=[1x4096] + w=[2048x4096]  ->  y=[1x2048]  (T=1, K=264)
  - op#07  op=O        shard=0   x=[1x2048] + w=[4096x2048]  ->  y=[1x4096]  (T=1, K=264)
  - op#08  op=O        shard=1   x=[1x2048] + w=[4096x2048]  ->  y=[1x4096]  (T=1, K=264)
  - op#09  op=Add      shard=-1  a=[1x4096] + b=[1x4096]  ->  y=[1x4096]  (T=1, K=264)
  - op#10  op=LN       shard=-1  x=[1x4096] + w=[4096]  ->  y=[1x4096]  (T=1, K=264)
  - op#11  op=FFN_W1   shard=0   x=[1x4096] + w=[5504x4096]  ->  y=[1x5504]  (T=1, K=264)
  - op#12  op=FFN_W3   shard=0   x=[1x4096] + w=[5504x4096]  ->  y=[1x5504]  (T=1, K=264)
  - op#13  op=FFN_W1   shard=1   x=[1x4096] + w=[5504x4096]  ->  y=[1x5504]  (T=1, K=264)
  - op#14  op=FFN_W3   shard=1   x=[1x4096] + w=[5504x4096]  ->  y=[1x5504]  (T=1, K=264)
  - op#15  op=SwiGLU   shard=0   a=[1x5504] + b=[1x5504]  ->  y=[1x5504]  (T=1, K=264)
  - op#16  op=SwiGLU   shard=1   a=[1x5504] + b=[1x5504]  ->  y=[1x5504]  (T=1, K=264)
  - op#17  op=FFN_W2   shard=0   x=[1x5504] + w=[4096x5504]  ->  y=[1x4096]  (T=1, K=264)
  - op#18  op=FFN_W2   shard=1   x=[1x5504] + w=[4096x5504]  ->  y=[1x4096]  (T=1, K=264)
  - op#19  op=Add      shard=-1  a=[1x4096] + b=[1x4096]  ->  y=[1x4096]  (T=1, K=264)
[gpu-debug] per-op timing breakdown (avg over iters):
  idx  op       sh  io                                                    time   est_flops    TFLOPs       bytes      GB/s
  ------------------------------------------------------------------------------------------------------------------------
    0  LN       -1  x[1x4096]+w[4096]->y[1x4096]                        0.068ms    20.480 K      0.00   24.00 KiB      0.36
    1  Q         0  x[1x4096]+w[2048x4096]->y[1x2048]                   0.046ms    16.777 M      0.36   16.01 MiB    363.55
    2  K         0  x[1x4096]+w[2048x4096]->y[1x2048]                   0.030ms    16.777 M      0.55   16.01 MiB    553.92
    3  V         0  x[1x4096]+w[2048x4096]->y[1x2048]                   0.030ms    16.777 M      0.56   16.01 MiB    561.51
    4  Q         1  x[1x4096]+w[2048x4096]->y[1x2048]                   0.030ms    16.777 M      0.56   16.01 MiB    557.69
    5  K         1  x[1x4096]+w[2048x4096]->y[1x2048]                   0.031ms    16.777 M      0.54   16.01 MiB    535.82
    6  V         1  x[1x4096]+w[2048x4096]->y[1x2048]                   0.030ms    16.777 M      0.56   16.01 MiB    557.69
    7  O         0  x[1x2048]+w[4096x2048]->y[1x4096]                   0.026ms    16.777 M      0.66   16.01 MiB    655.84
    8  O         1  x[1x2048]+w[4096x2048]->y[1x4096]                   0.026ms    16.777 M      0.65   16.01 MiB    653.23
    9  Add      -1  a[1x4096]+b[1x4096]->y[1x4096]                      0.009ms     4.096 K      0.00   24.00 KiB      2.82
   10  LN       -1  x[1x4096]+w[4096]->y[1x4096]                        0.039ms    20.480 K      0.00   24.00 KiB      0.63
   11  FFN_W1    0  x[1x4096]+w[5504x4096]->y[1x5504]                   0.057ms    45.089 M      0.78   43.02 MiB    785.22
   12  FFN_W3    0  x[1x4096]+w[5504x4096]->y[1x5504]                   0.046ms    45.089 M      0.97   43.02 MiB    974.57
   13  FFN_W1    1  x[1x4096]+w[5504x4096]->y[1x5504]                   0.046ms    45.089 M      0.99   43.02 MiB    985.48
   14  FFN_W3    1  x[1x4096]+w[5504x4096]->y[1x5504]                   0.045ms    45.089 M      1.01   43.02 MiB   1005.72
   15  SwiGLU    0  a[1x5504]+b[1x5504]->y[1x5504]                      0.015ms    33.024 K      0.00   32.25 KiB      2.26
   16  SwiGLU    1  a[1x5504]+b[1x5504]->y[1x5504]                      0.013ms    33.024 K      0.00   32.25 KiB      2.48
   17  FFN_W2    0  x[1x5504]+w[4096x5504]->y[1x4096]                   0.047ms    45.089 M      0.95   43.02 MiB    953.48
   18  FFN_W2    1  x[1x5504]+w[4096x5504]->y[1x4096]                   0.048ms    45.089 M      0.94   43.02 MiB    937.25
   19  Add      -1  a[1x4096]+b[1x4096]->y[1x4096]                      0.008ms     4.096 K      0.00   24.00 KiB      2.96
[gpu-debug] segment avg latency (cuda_events): 0.559 ms
[gpu-debug] sum(per-op)               : 0.691 ms (ratio=1.235)
[gpu-debug] NOTE: sum(per-op) may differ from segment latency due to Python overhead, event/launch overhead, and allocator/cache effects.
[gpu-debug] cuda mem before warmup: alloc=400.16 MiB reserved=414.00 MiB
[gpu-debug] cuda mem after warmup : alloc=400.16 MiB reserved=414.00 MiB
[gpu-debug] cuda mem peak (this segment): max_alloc=400.18 MiB max_reserved=414.00 MiB
========================================================================================
[gpu-debug] segment_key=npu|decode|2|f47f2b13c8c0ddb8e4ddc9de5ce41aad
[gpu-debug] sig: device_type=npu phase=decode step=2 (count_hint=32)
[gpu-debug] ops_repr: LN:-1,Q:0,K:0,V:0,Q:1,K:1,V:1,O:0,O:1,Add:-1,LN:-1,FFN_W1:0,FFN_W3:0,FFN_W1:1,FFN_W3:1,SwiGLU:0,SwiGLU:1,FFN_W2:0,FFN_W2:1,Add:-1
[gpu-debug] cfg: device=cuda dtype=torch.bfloat16 dim=4096 ffn_dim=11008 n_heads=32 shards=2
[gpu-debug] op plan (with inferred tensor shapes):
  - op#00  op=LN       shard=-1  x=[1x4096] + w=[4096]  ->  y=[1x4096]  (T=1, K=274)
  - op#01  op=Q        shard=0   x=[1x4096] + w=[2048x4096]  ->  y=[1x2048]  (T=1, K=274)
  - op#02  op=K        shard=0   x=[1x4096] + w=[2048x4096]  ->  y=[1x2048]  (T=1, K=274)
  - op#03  op=V        shard=0   x=[1x4096] + w=[2048x4096]  ->  y=[1x2048]  (T=1, K=274)
  - op#04  op=Q        shard=1   x=[1x4096] + w=[2048x4096]  ->  y=[1x2048]  (T=1, K=274)
  - op#05  op=K        shard=1   x=[1x4096] + w=[2048x4096]  ->  y=[1x2048]  (T=1, K=274)
  - op#06  op=V        shard=1   x=[1x4096] + w=[2048x4096]  ->  y=[1x2048]  (T=1, K=274)
  - op#07  op=O        shard=0   x=[1x2048] + w=[4096x2048]  ->  y=[1x4096]  (T=1, K=274)
  - op#08  op=O        shard=1   x=[1x2048] + w=[4096x2048]  ->  y=[1x4096]  (T=1, K=274)
  - op#09  op=Add      shard=-1  a=[1x4096] + b=[1x4096]  ->  y=[1x4096]  (T=1, K=274)
  - op#10  op=LN       shard=-1  x=[1x4096] + w=[4096]  ->  y=[1x4096]  (T=1, K=274)
  - op#11  op=FFN_W1   shard=0   x=[1x4096] + w=[5504x4096]  ->  y=[1x5504]  (T=1, K=274)
  - op#12  op=FFN_W3   shard=0   x=[1x4096] + w=[5504x4096]  ->  y=[1x5504]  (T=1, K=274)
  - op#13  op=FFN_W1   shard=1   x=[1x4096] + w=[5504x4096]  ->  y=[1x5504]  (T=1, K=274)
  - op#14  op=FFN_W3   shard=1   x=[1x4096] + w=[5504x4096]  ->  y=[1x5504]  (T=1, K=274)
  - op#15  op=SwiGLU   shard=0   a=[1x5504] + b=[1x5504]  ->  y=[1x5504]  (T=1, K=274)
  - op#16  op=SwiGLU   shard=1   a=[1x5504] + b=[1x5504]  ->  y=[1x5504]  (T=1, K=274)
  - op#17  op=FFN_W2   shard=0   x=[1x5504] + w=[4096x5504]  ->  y=[1x4096]  (T=1, K=274)
  - op#18  op=FFN_W2   shard=1   x=[1x5504] + w=[4096x5504]  ->  y=[1x4096]  (T=1, K=274)
  - op#19  op=Add      shard=-1  a=[1x4096] + b=[1x4096]  ->  y=[1x4096]  (T=1, K=274)
[gpu-debug] per-op timing breakdown (avg over iters):
  idx  op       sh  io                                                    time   est_flops    TFLOPs       bytes      GB/s
  ------------------------------------------------------------------------------------------------------------------------
    0  LN       -1  x[1x4096]+w[4096]->y[1x4096]                        0.067ms    20.480 K      0.00   24.00 KiB      0.37
    1  Q         0  x[1x4096]+w[2048x4096]->y[1x2048]                   0.046ms    16.777 M      0.36   16.01 MiB    361.15
    2  K         0  x[1x4096]+w[2048x4096]->y[1x2048]                   0.030ms    16.777 M      0.56   16.01 MiB    559.59
    3  V         0  x[1x4096]+w[2048x4096]->y[1x2048]                   0.029ms    16.777 M      0.57   16.01 MiB    569.31
    4  Q         1  x[1x4096]+w[2048x4096]->y[1x2048]                   0.030ms    16.777 M      0.56   16.01 MiB    559.59
    5  K         1  x[1x4096]+w[2048x4096]->y[1x2048]                   0.031ms    16.777 M      0.54   16.01 MiB    537.57
    6  V         1  x[1x4096]+w[2048x4096]->y[1x2048]                   0.031ms    16.777 M      0.54   16.01 MiB    544.72
    7  O         0  x[1x2048]+w[4096x2048]->y[1x4096]                   0.025ms    16.777 M      0.66   16.01 MiB    658.47
    8  O         1  x[1x2048]+w[4096x2048]->y[1x4096]                   0.025ms    16.777 M      0.66   16.01 MiB    658.47
    9  Add      -1  a[1x4096]+b[1x4096]->y[1x4096]                      0.009ms     4.096 K      0.00   24.00 KiB      2.73
   10  LN       -1  x[1x4096]+w[4096]->y[1x4096]                        0.038ms    20.480 K      0.00   24.00 KiB      0.64
   11  FFN_W1    0  x[1x4096]+w[5504x4096]->y[1x5504]                   0.059ms    45.089 M      0.77   43.02 MiB    768.77
   12  FFN_W3    0  x[1x4096]+w[5504x4096]->y[1x5504]                   0.047ms    45.089 M      0.97   43.02 MiB    968.15
   13  FFN_W1    1  x[1x4096]+w[5504x4096]->y[1x5504]                   0.045ms    45.089 M      1.00   43.02 MiB    996.62
   14  FFN_W3    1  x[1x4096]+w[5504x4096]->y[1x5504]                   0.045ms    45.089 M      1.01   43.02 MiB   1012.66
   15  SwiGLU    0  a[1x5504]+b[1x5504]->y[1x5504]                      0.015ms    33.024 K      0.00   32.25 KiB      2.26
   16  SwiGLU    1  a[1x5504]+b[1x5504]->y[1x5504]                      0.013ms    33.024 K      0.00   32.25 KiB      2.54
   17  FFN_W2    0  x[1x5504]+w[4096x5504]->y[1x4096]                   0.048ms    45.089 M      0.95   43.02 MiB    949.37
   18  FFN_W2    1  x[1x5504]+w[4096x5504]->y[1x4096]                   0.048ms    45.089 M      0.94   43.02 MiB    939.25
   19  Add      -1  a[1x4096]+b[1x4096]->y[1x4096]                      0.008ms     4.096 K      0.00   24.00 KiB      3.00
[gpu-debug] segment avg latency (cuda_events): 0.558 ms
[gpu-debug] sum(per-op)               : 0.690 ms (ratio=1.235)
[gpu-debug] NOTE: sum(per-op) may differ from segment latency due to Python overhead, event/launch overhead, and allocator/cache effects.
[gpu-debug] cuda mem before warmup: alloc=400.16 MiB reserved=414.00 MiB
[gpu-debug] cuda mem after warmup : alloc=400.16 MiB reserved=414.00 MiB
[gpu-debug] cuda mem peak (this segment): max_alloc=400.18 MiB max_reserved=414.00 MiB
========================================================================================
[gpu-debug] segment_key=npu|decode|3|f47f2b13c8c0ddb8e4ddc9de5ce41aad
[gpu-debug] sig: device_type=npu phase=decode step=3 (count_hint=32)
[gpu-debug] ops_repr: LN:-1,Q:0,K:0,V:0,Q:1,K:1,V:1,O:0,O:1,Add:-1,LN:-1,FFN_W1:0,FFN_W3:0,FFN_W1:1,FFN_W3:1,SwiGLU:0,SwiGLU:1,FFN_W2:0,FFN_W2:1,Add:-1
[gpu-debug] cfg: device=cuda dtype=torch.bfloat16 dim=4096 ffn_dim=11008 n_heads=32 shards=2
[gpu-debug] op plan (with inferred tensor shapes):
  - op#00  op=LN       shard=-1  x=[1x4096] + w=[4096]  ->  y=[1x4096]  (T=1, K=286)
  - op#01  op=Q        shard=0   x=[1x4096] + w=[2048x4096]  ->  y=[1x2048]  (T=1, K=286)
  - op#02  op=K        shard=0   x=[1x4096] + w=[2048x4096]  ->  y=[1x2048]  (T=1, K=286)
  - op#03  op=V        shard=0   x=[1x4096] + w=[2048x4096]  ->  y=[1x2048]  (T=1, K=286)
  - op#04  op=Q        shard=1   x=[1x4096] + w=[2048x4096]  ->  y=[1x2048]  (T=1, K=286)
  - op#05  op=K        shard=1   x=[1x4096] + w=[2048x4096]  ->  y=[1x2048]  (T=1, K=286)
  - op#06  op=V        shard=1   x=[1x4096] + w=[2048x4096]  ->  y=[1x2048]  (T=1, K=286)
  - op#07  op=O        shard=0   x=[1x2048] + w=[4096x2048]  ->  y=[1x4096]  (T=1, K=286)
  - op#08  op=O        shard=1   x=[1x2048] + w=[4096x2048]  ->  y=[1x4096]  (T=1, K=286)
  - op#09  op=Add      shard=-1  a=[1x4096] + b=[1x4096]  ->  y=[1x4096]  (T=1, K=286)
  - op#10  op=LN       shard=-1  x=[1x4096] + w=[4096]  ->  y=[1x4096]  (T=1, K=286)
  - op#11  op=FFN_W1   shard=0   x=[1x4096] + w=[5504x4096]  ->  y=[1x5504]  (T=1, K=286)
  - op#12  op=FFN_W3   shard=0   x=[1x4096] + w=[5504x4096]  ->  y=[1x5504]  (T=1, K=286)
  - op#13  op=FFN_W1   shard=1   x=[1x4096] + w=[5504x4096]  ->  y=[1x5504]  (T=1, K=286)
  - op#14  op=FFN_W3   shard=1   x=[1x4096] + w=[5504x4096]  ->  y=[1x5504]  (T=1, K=286)
  - op#15  op=SwiGLU   shard=0   a=[1x5504] + b=[1x5504]  ->  y=[1x5504]  (T=1, K=286)
  - op#16  op=SwiGLU   shard=1   a=[1x5504] + b=[1x5504]  ->  y=[1x5504]  (T=1, K=286)
  - op#17  op=FFN_W2   shard=0   x=[1x5504] + w=[4096x5504]  ->  y=[1x4096]  (T=1, K=286)
  - op#18  op=FFN_W2   shard=1   x=[1x5504] + w=[4096x5504]  ->  y=[1x4096]  (T=1, K=286)
  - op#19  op=Add      shard=-1  a=[1x4096] + b=[1x4096]  ->  y=[1x4096]  (T=1, K=286)
[gpu-debug] per-op timing breakdown (avg over iters):
  idx  op       sh  io                                                    time   est_flops    TFLOPs       bytes      GB/s
  ------------------------------------------------------------------------------------------------------------------------
    0  LN       -1  x[1x4096]+w[4096]->y[1x4096]                        0.068ms    20.480 K      0.00   24.00 KiB      0.36
    1  Q         0  x[1x4096]+w[2048x4096]->y[1x2048]                   0.046ms    16.777 M      0.36   16.01 MiB    362.74
    2  K         0  x[1x4096]+w[2048x4096]->y[1x2048]                   0.031ms    16.777 M      0.54   16.01 MiB    544.72
    3  V         0  x[1x4096]+w[2048x4096]->y[1x2048]                   0.030ms    16.777 M      0.56   16.01 MiB    557.69
    4  Q         1  x[1x4096]+w[2048x4096]->y[1x2048]                   0.030ms    16.777 M      0.55   16.01 MiB    552.05
    5  K         1  x[1x4096]+w[2048x4096]->y[1x2048]                   0.032ms    16.777 M      0.53   16.01 MiB    532.34
    6  V         1  x[1x4096]+w[2048x4096]->y[1x2048]                   0.031ms    16.777 M      0.55   16.01 MiB    546.53
    7  O         0  x[1x2048]+w[4096x2048]->y[1x4096]                   0.026ms    16.777 M      0.65   16.01 MiB    650.63
    8  O         1  x[1x2048]+w[4096x2048]->y[1x4096]                   0.025ms    16.777 M      0.66   16.01 MiB    658.47
    9  Add      -1  a[1x4096]+b[1x4096]->y[1x4096]                      0.009ms     4.096 K      0.00   24.00 KiB      2.73
   10  LN       -1  x[1x4096]+w[4096]->y[1x4096]                        0.038ms    20.480 K      0.00   24.00 KiB      0.65
   11  FFN_W1    0  x[1x4096]+w[5504x4096]->y[1x5504]                   0.058ms    45.089 M      0.78   43.02 MiB    783.82
   12  FFN_W3    0  x[1x4096]+w[5504x4096]->y[1x5504]                   0.046ms    45.089 M      0.98   43.02 MiB    983.28
   13  FFN_W1    1  x[1x4096]+w[5504x4096]->y[1x5504]                   0.046ms    45.089 M      0.99   43.02 MiB    989.90
   14  FFN_W3    1  x[1x4096]+w[5504x4096]->y[1x5504]                   0.045ms    45.089 M      1.01   43.02 MiB   1012.66
   15  SwiGLU    0  a[1x5504]+b[1x5504]->y[1x5504]                      0.015ms    33.024 K      0.00   32.25 KiB      2.21
   16  SwiGLU    1  a[1x5504]+b[1x5504]->y[1x5504]                      0.013ms    33.024 K      0.00   32.25 KiB      2.48
   17  FFN_W2    0  x[1x5504]+w[4096x5504]->y[1x4096]                   0.048ms    45.089 M      0.95   43.02 MiB    949.37
   18  FFN_W2    1  x[1x5504]+w[4096x5504]->y[1x4096]                   0.048ms    45.089 M      0.94   43.02 MiB    939.25
   19  Add      -1  a[1x4096]+b[1x4096]->y[1x4096]                      0.008ms     4.096 K      0.00   24.00 KiB      3.00
[gpu-debug] segment avg latency (cuda_events): 0.558 ms
[gpu-debug] sum(per-op)               : 0.692 ms (ratio=1.239)
[gpu-debug] NOTE: sum(per-op) may differ from segment latency due to Python overhead, event/launch overhead, and allocator/cache effects.
[gpu-debug] cuda mem before warmup: alloc=400.16 MiB reserved=414.00 MiB
[gpu-debug] cuda mem after warmup : alloc=400.16 MiB reserved=414.00 MiB
[gpu-debug] cuda mem peak (this segment): max_alloc=400.18 MiB max_reserved=414.00 MiB
========================================================================================
[gpu-debug] segment_key=npu|decode|4|f47f2b13c8c0ddb8e4ddc9de5ce41aad
[gpu-debug] sig: device_type=npu phase=decode step=4 (count_hint=32)
[gpu-debug] ops_repr: LN:-1,Q:0,K:0,V:0,Q:1,K:1,V:1,O:0,O:1,Add:-1,LN:-1,FFN_W1:0,FFN_W3:0,FFN_W1:1,FFN_W3:1,SwiGLU:0,SwiGLU:1,FFN_W2:0,FFN_W2:1,Add:-1
[gpu-debug] cfg: device=cuda dtype=torch.bfloat16 dim=4096 ffn_dim=11008 n_heads=32 shards=2
[gpu-debug] op plan (with inferred tensor shapes):
  - op#00  op=LN       shard=-1  x=[1x4096] + w=[4096]  ->  y=[1x4096]  (T=1, K=298)
  - op#01  op=Q        shard=0   x=[1x4096] + w=[2048x4096]  ->  y=[1x2048]  (T=1, K=298)
  - op#02  op=K        shard=0   x=[1x4096] + w=[2048x4096]  ->  y=[1x2048]  (T=1, K=298)
  - op#03  op=V        shard=0   x=[1x4096] + w=[2048x4096]  ->  y=[1x2048]  (T=1, K=298)
  - op#04  op=Q        shard=1   x=[1x4096] + w=[2048x4096]  ->  y=[1x2048]  (T=1, K=298)
  - op#05  op=K        shard=1   x=[1x4096] + w=[2048x4096]  ->  y=[1x2048]  (T=1, K=298)
  - op#06  op=V        shard=1   x=[1x4096] + w=[2048x4096]  ->  y=[1x2048]  (T=1, K=298)
  - op#07  op=O        shard=0   x=[1x2048] + w=[4096x2048]  ->  y=[1x4096]  (T=1, K=298)
  - op#08  op=O        shard=1   x=[1x2048] + w=[4096x2048]  ->  y=[1x4096]  (T=1, K=298)
  - op#09  op=Add      shard=-1  a=[1x4096] + b=[1x4096]  ->  y=[1x4096]  (T=1, K=298)
  - op#10  op=LN       shard=-1  x=[1x4096] + w=[4096]  ->  y=[1x4096]  (T=1, K=298)
  - op#11  op=FFN_W1   shard=0   x=[1x4096] + w=[5504x4096]  ->  y=[1x5504]  (T=1, K=298)
  - op#12  op=FFN_W3   shard=0   x=[1x4096] + w=[5504x4096]  ->  y=[1x5504]  (T=1, K=298)
  - op#13  op=FFN_W1   shard=1   x=[1x4096] + w=[5504x4096]  ->  y=[1x5504]  (T=1, K=298)
  - op#14  op=FFN_W3   shard=1   x=[1x4096] + w=[5504x4096]  ->  y=[1x5504]  (T=1, K=298)
  - op#15  op=SwiGLU   shard=0   a=[1x5504] + b=[1x5504]  ->  y=[1x5504]  (T=1, K=298)
  - op#16  op=SwiGLU   shard=1   a=[1x5504] + b=[1x5504]  ->  y=[1x5504]  (T=1, K=298)
  - op#17  op=FFN_W2   shard=0   x=[1x5504] + w=[4096x5504]  ->  y=[1x4096]  (T=1, K=298)
  - op#18  op=FFN_W2   shard=1   x=[1x5504] + w=[4096x5504]  ->  y=[1x4096]  (T=1, K=298)
  - op#19  op=Add      shard=-1  a=[1x4096] + b=[1x4096]  ->  y=[1x4096]  (T=1, K=298)
[gpu-debug] per-op timing breakdown (avg over iters):
  idx  op       sh  io                                                    time   est_flops    TFLOPs       bytes      GB/s
  ------------------------------------------------------------------------------------------------------------------------
    0  LN       -1  x[1x4096]+w[4096]->y[1x4096]                        0.068ms    20.480 K      0.00   24.00 KiB      0.36
    1  Q         0  x[1x4096]+w[2048x4096]->y[1x2048]                   0.046ms    16.777 M      0.37   16.01 MiB    365.98
    2  K         0  x[1x4096]+w[2048x4096]->y[1x2048]                   0.030ms    16.777 M      0.55   16.01 MiB    553.92
    3  V         0  x[1x4096]+w[2048x4096]->y[1x2048]                   0.030ms    16.777 M      0.56   16.01 MiB    555.80
    4  Q         1  x[1x4096]+w[2048x4096]->y[1x2048]                   0.030ms    16.777 M      0.56   16.01 MiB    555.80
    5  K         1  x[1x4096]+w[2048x4096]->y[1x2048]                   0.031ms    16.777 M      0.54   16.01 MiB    539.34
    6  V         1  x[1x4096]+w[2048x4096]->y[1x2048]                   0.031ms    16.777 M      0.55   16.01 MiB    550.20
    7  O         0  x[1x2048]+w[4096x2048]->y[1x4096]                   0.025ms    16.777 M      0.66   16.01 MiB    658.47
    8  O         1  x[1x2048]+w[4096x2048]->y[1x4096]                   0.025ms    16.777 M      0.66   16.01 MiB    658.47
    9  Add      -1  a[1x4096]+b[1x4096]->y[1x4096]                      0.009ms     4.096 K      0.00   24.00 KiB      2.67
   10  LN       -1  x[1x4096]+w[4096]->y[1x4096]                        0.038ms    20.480 K      0.00   24.00 KiB      0.65
   11  FFN_W1    0  x[1x4096]+w[5504x4096]->y[1x5504]                   0.058ms    45.089 M      0.78   43.02 MiB    781.04
   12  FFN_W3    0  x[1x4096]+w[5504x4096]->y[1x5504]                   0.047ms    45.089 M      0.97   43.02 MiB    968.15
   13  FFN_W1    1  x[1x4096]+w[5504x4096]->y[1x5504]                   0.046ms    45.089 M      0.98   43.02 MiB    976.74
   14  FFN_W3    1  x[1x4096]+w[5504x4096]->y[1x5504]                   0.044ms    45.089 M      1.01   43.02 MiB   1014.99
   15  SwiGLU    0  a[1x5504]+b[1x5504]->y[1x5504]                      0.015ms    33.024 K      0.00   32.25 KiB      2.26
   16  SwiGLU    1  a[1x5504]+b[1x5504]->y[1x5504]                      0.013ms    33.024 K      0.00   32.25 KiB      2.46
   17  FFN_W2    0  x[1x5504]+w[4096x5504]->y[1x4096]                   0.047ms    45.089 M      0.95   43.02 MiB    951.42
   18  FFN_W2    1  x[1x5504]+w[4096x5504]->y[1x4096]                   0.048ms    45.089 M      0.94   43.02 MiB    943.27
   19  Add      -1  a[1x4096]+b[1x4096]->y[1x4096]                      0.008ms     4.096 K      0.00   24.00 KiB      2.96
[gpu-debug] segment avg latency (cuda_events): 0.561 ms
[gpu-debug] sum(per-op)               : 0.691 ms (ratio=1.232)
[gpu-debug] NOTE: sum(per-op) may differ from segment latency due to Python overhead, event/launch overhead, and allocator/cache effects.
[gpu-debug] cuda mem before warmup: alloc=400.16 MiB reserved=414.00 MiB
[gpu-debug] cuda mem after warmup : alloc=400.16 MiB reserved=414.00 MiB
[gpu-debug] cuda mem peak (this segment): max_alloc=400.18 MiB max_reserved=414.00 MiB
========================================================================================
[gpu-debug] segment_key=npu|decode|5|f47f2b13c8c0ddb8e4ddc9de5ce41aad
[gpu-debug] sig: device_type=npu phase=decode step=5 (count_hint=32)
[gpu-debug] ops_repr: LN:-1,Q:0,K:0,V:0,Q:1,K:1,V:1,O:0,O:1,Add:-1,LN:-1,FFN_W1:0,FFN_W3:0,FFN_W1:1,FFN_W3:1,SwiGLU:0,SwiGLU:1,FFN_W2:0,FFN_W2:1,Add:-1
[gpu-debug] cfg: device=cuda dtype=torch.bfloat16 dim=4096 ffn_dim=11008 n_heads=32 shards=2
[gpu-debug] op plan (with inferred tensor shapes):
  - op#00  op=LN       shard=-1  x=[1x4096] + w=[4096]  ->  y=[1x4096]  (T=1, K=310)
  - op#01  op=Q        shard=0   x=[1x4096] + w=[2048x4096]  ->  y=[1x2048]  (T=1, K=310)
  - op#02  op=K        shard=0   x=[1x4096] + w=[2048x4096]  ->  y=[1x2048]  (T=1, K=310)
  - op#03  op=V        shard=0   x=[1x4096] + w=[2048x4096]  ->  y=[1x2048]  (T=1, K=310)
  - op#04  op=Q        shard=1   x=[1x4096] + w=[2048x4096]  ->  y=[1x2048]  (T=1, K=310)
  - op#05  op=K        shard=1   x=[1x4096] + w=[2048x4096]  ->  y=[1x2048]  (T=1, K=310)
  - op#06  op=V        shard=1   x=[1x4096] + w=[2048x4096]  ->  y=[1x2048]  (T=1, K=310)
  - op#07  op=O        shard=0   x=[1x2048] + w=[4096x2048]  ->  y=[1x4096]  (T=1, K=310)
  - op#08  op=O        shard=1   x=[1x2048] + w=[4096x2048]  ->  y=[1x4096]  (T=1, K=310)
  - op#09  op=Add      shard=-1  a=[1x4096] + b=[1x4096]  ->  y=[1x4096]  (T=1, K=310)
  - op#10  op=LN       shard=-1  x=[1x4096] + w=[4096]  ->  y=[1x4096]  (T=1, K=310)
  - op#11  op=FFN_W1   shard=0   x=[1x4096] + w=[5504x4096]  ->  y=[1x5504]  (T=1, K=310)
  - op#12  op=FFN_W3   shard=0   x=[1x4096] + w=[5504x4096]  ->  y=[1x5504]  (T=1, K=310)
  - op#13  op=FFN_W1   shard=1   x=[1x4096] + w=[5504x4096]  ->  y=[1x5504]  (T=1, K=310)
  - op#14  op=FFN_W3   shard=1   x=[1x4096] + w=[5504x4096]  ->  y=[1x5504]  (T=1, K=310)
  - op#15  op=SwiGLU   shard=0   a=[1x5504] + b=[1x5504]  ->  y=[1x5504]  (T=1, K=310)
  - op#16  op=SwiGLU   shard=1   a=[1x5504] + b=[1x5504]  ->  y=[1x5504]  (T=1, K=310)
  - op#17  op=FFN_W2   shard=0   x=[1x5504] + w=[4096x5504]  ->  y=[1x4096]  (T=1, K=310)
  - op#18  op=FFN_W2   shard=1   x=[1x5504] + w=[4096x5504]  ->  y=[1x4096]  (T=1, K=310)
  - op#19  op=Add      shard=-1  a=[1x4096] + b=[1x4096]  ->  y=[1x4096]  (T=1, K=310)
[gpu-debug] per-op timing breakdown (avg over iters):
  idx  op       sh  io                                                    time   est_flops    TFLOPs       bytes      GB/s
  ------------------------------------------------------------------------------------------------------------------------
    0  LN       -1  x[1x4096]+w[4096]->y[1x4096]                        0.067ms    20.480 K      0.00   24.00 KiB      0.37
    1  Q         0  x[1x4096]+w[2048x4096]->y[1x2048]                   0.045ms    16.777 M      0.37   16.01 MiB    370.95
    2  K         0  x[1x4096]+w[2048x4096]->y[1x2048]                   0.031ms    16.777 M      0.55   16.01 MiB    546.53
    3  V         0  x[1x4096]+w[2048x4096]->y[1x2048]                   0.030ms    16.777 M      0.56   16.01 MiB    557.69
    4  Q         1  x[1x4096]+w[2048x4096]->y[1x2048]                   0.030ms    16.777 M      0.56   16.01 MiB    563.44
    5  K         1  x[1x4096]+w[2048x4096]->y[1x2048]                   0.031ms    16.777 M      0.54   16.01 MiB    537.57
    6  V         1  x[1x4096]+w[2048x4096]->y[1x2048]                   0.031ms    16.777 M      0.55   16.01 MiB    546.53
    7  O         0  x[1x2048]+w[4096x2048]->y[1x4096]                   0.025ms    16.777 M      0.66   16.01 MiB    658.47
    8  O         1  x[1x2048]+w[4096x2048]->y[1x4096]                   0.025ms    16.777 M      0.66   16.01 MiB    658.47
    9  Add      -1  a[1x4096]+b[1x4096]->y[1x4096]                      0.009ms     4.096 K      0.00   24.00 KiB      2.79
   10  LN       -1  x[1x4096]+w[4096]->y[1x4096]                        0.038ms    20.480 K      0.00   24.00 KiB      0.65
   11  FFN_W1    0  x[1x4096]+w[5504x4096]->y[1x5504]                   0.058ms    45.089 M      0.78   43.02 MiB    776.91
   12  FFN_W3    0  x[1x4096]+w[5504x4096]->y[1x5504]                   0.046ms    45.089 M      0.98   43.02 MiB    978.91
   13  FFN_W1    1  x[1x4096]+w[5504x4096]->y[1x5504]                   0.046ms    45.089 M      0.99   43.02 MiB    987.68
   14  FFN_W3    1  x[1x4096]+w[5504x4096]->y[1x5504]                   0.045ms    45.089 M      1.01   43.02 MiB   1010.34
   15  SwiGLU    0  a[1x5504]+b[1x5504]->y[1x5504]                      0.015ms    33.024 K      0.00   32.25 KiB      2.22
   16  SwiGLU    1  a[1x5504]+b[1x5504]->y[1x5504]                      0.013ms    33.024 K      0.00   32.25 KiB      2.48
   17  FFN_W2    0  x[1x5504]+w[4096x5504]->y[1x4096]                   0.047ms    45.089 M      0.95   43.02 MiB    953.48
   18  FFN_W2    1  x[1x5504]+w[4096x5504]->y[1x4096]                   0.048ms    45.089 M      0.94   43.02 MiB    937.25
   19  Add      -1  a[1x4096]+b[1x4096]->y[1x4096]                      0.008ms     4.096 K      0.00   24.00 KiB      3.00
[gpu-debug] segment avg latency (cuda_events): 0.558 ms
[gpu-debug] sum(per-op)               : 0.688 ms (ratio=1.233)
[gpu-debug] NOTE: sum(per-op) may differ from segment latency due to Python overhead, event/launch overhead, and allocator/cache effects.
[gpu-debug] cuda mem before warmup: alloc=400.16 MiB reserved=414.00 MiB
[gpu-debug] cuda mem after warmup : alloc=400.16 MiB reserved=414.00 MiB
[gpu-debug] cuda mem peak (this segment): max_alloc=400.18 MiB max_reserved=414.00 MiB
========================================================================================
[gpu-debug] segment_key=npu|decode|6|f47f2b13c8c0ddb8e4ddc9de5ce41aad
[gpu-debug] sig: device_type=npu phase=decode step=6 (count_hint=32)
[gpu-debug] ops_repr: LN:-1,Q:0,K:0,V:0,Q:1,K:1,V:1,O:0,O:1,Add:-1,LN:-1,FFN_W1:0,FFN_W3:0,FFN_W1:1,FFN_W3:1,SwiGLU:0,SwiGLU:1,FFN_W2:0,FFN_W2:1,Add:-1
[gpu-debug] cfg: device=cuda dtype=torch.bfloat16 dim=4096 ffn_dim=11008 n_heads=32 shards=2
[gpu-debug] op plan (with inferred tensor shapes):
  - op#00  op=LN       shard=-1  x=[1x4096] + w=[4096]  ->  y=[1x4096]  (T=1, K=322)
  - op#01  op=Q        shard=0   x=[1x4096] + w=[2048x4096]  ->  y=[1x2048]  (T=1, K=322)
  - op#02  op=K        shard=0   x=[1x4096] + w=[2048x4096]  ->  y=[1x2048]  (T=1, K=322)
  - op#03  op=V        shard=0   x=[1x4096] + w=[2048x4096]  ->  y=[1x2048]  (T=1, K=322)
  - op#04  op=Q        shard=1   x=[1x4096] + w=[2048x4096]  ->  y=[1x2048]  (T=1, K=322)
  - op#05  op=K        shard=1   x=[1x4096] + w=[2048x4096]  ->  y=[1x2048]  (T=1, K=322)
  - op#06  op=V        shard=1   x=[1x4096] + w=[2048x4096]  ->  y=[1x2048]  (T=1, K=322)
  - op#07  op=O        shard=0   x=[1x2048] + w=[4096x2048]  ->  y=[1x4096]  (T=1, K=322)
  - op#08  op=O        shard=1   x=[1x2048] + w=[4096x2048]  ->  y=[1x4096]  (T=1, K=322)
  - op#09  op=Add      shard=-1  a=[1x4096] + b=[1x4096]  ->  y=[1x4096]  (T=1, K=322)
  - op#10  op=LN       shard=-1  x=[1x4096] + w=[4096]  ->  y=[1x4096]  (T=1, K=322)
  - op#11  op=FFN_W1   shard=0   x=[1x4096] + w=[5504x4096]  ->  y=[1x5504]  (T=1, K=322)
  - op#12  op=FFN_W3   shard=0   x=[1x4096] + w=[5504x4096]  ->  y=[1x5504]  (T=1, K=322)
  - op#13  op=FFN_W1   shard=1   x=[1x4096] + w=[5504x4096]  ->  y=[1x5504]  (T=1, K=322)
  - op#14  op=FFN_W3   shard=1   x=[1x4096] + w=[5504x4096]  ->  y=[1x5504]  (T=1, K=322)
  - op#15  op=SwiGLU   shard=0   a=[1x5504] + b=[1x5504]  ->  y=[1x5504]  (T=1, K=322)
  - op#16  op=SwiGLU   shard=1   a=[1x5504] + b=[1x5504]  ->  y=[1x5504]  (T=1, K=322)
  - op#17  op=FFN_W2   shard=0   x=[1x5504] + w=[4096x5504]  ->  y=[1x4096]  (T=1, K=322)
  - op#18  op=FFN_W2   shard=1   x=[1x5504] + w=[4096x5504]  ->  y=[1x4096]  (T=1, K=322)
  - op#19  op=Add      shard=-1  a=[1x4096] + b=[1x4096]  ->  y=[1x4096]  (T=1, K=322)
[gpu-debug] per-op timing breakdown (avg over iters):
  idx  op       sh  io                                                    time   est_flops    TFLOPs       bytes      GB/s
  ------------------------------------------------------------------------------------------------------------------------
    0  LN       -1  x[1x4096]+w[4096]->y[1x4096]                        0.067ms    20.480 K      0.00   24.00 KiB      0.37
    1  Q         0  x[1x4096]+w[2048x4096]->y[1x2048]                   0.046ms    16.777 M      0.36   16.01 MiB    364.36
    2  K         0  x[1x4096]+w[2048x4096]->y[1x2048]                   0.030ms    16.777 M      0.55   16.01 MiB    552.05
    3  V         0  x[1x4096]+w[2048x4096]->y[1x2048]                   0.030ms    16.777 M      0.56   16.01 MiB    557.69
    4  Q         1  x[1x4096]+w[2048x4096]->y[1x2048]                   0.030ms    16.777 M      0.55   16.01 MiB    553.92
    5  K         1  x[1x4096]+w[2048x4096]->y[1x2048]                   0.031ms    16.777 M      0.54   16.01 MiB    539.34
    6  V         1  x[1x4096]+w[2048x4096]->y[1x2048]                   0.030ms    16.777 M      0.55   16.01 MiB    552.05
    7  O         0  x[1x2048]+w[4096x2048]->y[1x4096]                   0.025ms    16.777 M      0.66   16.01 MiB    658.47
    8  O         1  x[1x2048]+w[4096x2048]->y[1x4096]                   0.025ms    16.777 M      0.66   16.01 MiB    663.81
    9  Add      -1  a[1x4096]+b[1x4096]->y[1x4096]                      0.009ms     4.096 K      0.00   24.00 KiB      2.70
   10  LN       -1  x[1x4096]+w[4096]->y[1x4096]                        0.040ms    20.480 K      0.00   24.00 KiB      0.62
   11  FFN_W1    0  x[1x4096]+w[5504x4096]->y[1x5504]                   0.059ms    45.089 M      0.77   43.02 MiB    767.43
   12  FFN_W3    0  x[1x4096]+w[5504x4096]->y[1x5504]                   0.046ms    45.089 M      0.98   43.02 MiB    983.28
   13  FFN_W1    1  x[1x4096]+w[5504x4096]->y[1x5504]                   0.046ms    45.089 M      0.99   43.02 MiB    985.48
   14  FFN_W3    1  x[1x4096]+w[5504x4096]->y[1x5504]                   0.045ms    45.089 M      1.00   43.02 MiB   1003.43
   15  SwiGLU    0  a[1x5504]+b[1x5504]->y[1x5504]                      0.015ms    33.024 K      0.00   32.25 KiB      2.27
   16  SwiGLU    1  a[1x5504]+b[1x5504]->y[1x5504]                      0.013ms    33.024 K      0.00   32.25 KiB      2.54
   17  FFN_W2    0  x[1x5504]+w[4096x5504]->y[1x4096]                   0.047ms    45.089 M      0.95   43.02 MiB    953.48
   18  FFN_W2    1  x[1x5504]+w[4096x5504]->y[1x4096]                   0.048ms    45.089 M      0.94   43.02 MiB    937.25
   19  Add      -1  a[1x4096]+b[1x4096]->y[1x4096]                      0.008ms     4.096 K      0.00   24.00 KiB      3.04
[gpu-debug] segment avg latency (cuda_events): 0.558 ms
[gpu-debug] sum(per-op)               : 0.692 ms (ratio=1.239)
[gpu-debug] NOTE: sum(per-op) may differ from segment latency due to Python overhead, event/launch overhead, and allocator/cache effects.
[gpu-debug] cuda mem before warmup: alloc=400.16 MiB reserved=414.00 MiB
[gpu-debug] cuda mem after warmup : alloc=400.16 MiB reserved=414.00 MiB
[gpu-debug] cuda mem peak (this segment): max_alloc=400.18 MiB max_reserved=414.00 MiB
========================================================================================
[gpu-debug] segment_key=npu|prefill|-1|7f370cc7d97df3530a56c775d62964d4
[gpu-debug] sig: device_type=npu phase=prefill step=-1 (count_hint=32)
[gpu-debug] ops_repr: LN:-1,Q:0,K:0,V:0,Q:1,K:1,V:1,QK:0,QK:1,Softmax:0,Softmax:1,SV:0,SV:1,O:0,O:1,Add:-1,LN:-1,FFN_W1:0,FFN_W3:0,FFN_W1:1,FFN_W3:1,SwiGLU:0,SwiGLU:1,FFN_W2:0,FFN_W2:1,Add:-1
[gpu-debug] cfg: device=cuda dtype=torch.bfloat16 dim=4096 ffn_dim=11008 n_heads=32 shards=2
[gpu-debug] op plan (with inferred tensor shapes):
  - op#00  op=LN       shard=-1  x=[262x4096] + w=[4096]  ->  y=[262x4096]  (T=262, K=262)
  - op#01  op=Q        shard=0   x=[262x4096] + w=[2048x4096]  ->  y=[262x2048]  (T=262, K=262)
  - op#02  op=K        shard=0   x=[262x4096] + w=[2048x4096]  ->  y=[262x2048]  (T=262, K=262)
  - op#03  op=V        shard=0   x=[262x4096] + w=[2048x4096]  ->  y=[262x2048]  (T=262, K=262)
  - op#04  op=Q        shard=1   x=[262x4096] + w=[2048x4096]  ->  y=[262x2048]  (T=262, K=262)
  - op#05  op=K        shard=1   x=[262x4096] + w=[2048x4096]  ->  y=[262x2048]  (T=262, K=262)
  - op#06  op=V        shard=1   x=[262x4096] + w=[2048x4096]  ->  y=[262x2048]  (T=262, K=262)
  - op#07  op=QK       shard=0   q=[16x262x128] + k=[16x128x262]  ->  y=[16x262x262]  (T=262, K=262)
  - op#08  op=QK       shard=1   q=[16x262x128] + k=[16x128x262]  ->  y=[16x262x262]  (T=262, K=262)
  - op#09  op=Softmax  shard=0   scores=[16x262x262]  ->  y=[16x262x262]  (T=262, K=262)
  - op#10  op=Softmax  shard=1   scores=[16x262x262]  ->  y=[16x262x262]  (T=262, K=262)
  - op#11  op=SV       shard=0   p=[16x262x262] + v=[16x262x128]  ->  y=[16x262x128]  (T=262, K=262)
  - op#12  op=SV       shard=1   p=[16x262x262] + v=[16x262x128]  ->  y=[16x262x128]  (T=262, K=262)
  - op#13  op=O        shard=0   x=[262x2048] + w=[4096x2048]  ->  y=[262x4096]  (T=262, K=262)
  - op#14  op=O        shard=1   x=[262x2048] + w=[4096x2048]  ->  y=[262x4096]  (T=262, K=262)
  - op#15  op=Add      shard=-1  a=[262x4096] + b=[262x4096]  ->  y=[262x4096]  (T=262, K=262)
  - op#16  op=LN       shard=-1  x=[262x4096] + w=[4096]  ->  y=[262x4096]  (T=262, K=262)
  - op#17  op=FFN_W1   shard=0   x=[262x4096] + w=[5504x4096]  ->  y=[262x5504]  (T=262, K=262)
  - op#18  op=FFN_W3   shard=0   x=[262x4096] + w=[5504x4096]  ->  y=[262x5504]  (T=262, K=262)
  - op#19  op=FFN_W1   shard=1   x=[262x4096] + w=[5504x4096]  ->  y=[262x5504]  (T=262, K=262)
  - op#20  op=FFN_W3   shard=1   x=[262x4096] + w=[5504x4096]  ->  y=[262x5504]  (T=262, K=262)
  - op#21  op=SwiGLU   shard=0   a=[262x5504] + b=[262x5504]  ->  y=[262x5504]  (T=262, K=262)
  - op#22  op=SwiGLU   shard=1   a=[262x5504] + b=[262x5504]  ->  y=[262x5504]  (T=262, K=262)
  - op#23  op=FFN_W2   shard=0   x=[262x5504] + w=[4096x5504]  ->  y=[262x4096]  (T=262, K=262)
  - op#24  op=FFN_W2   shard=1   x=[262x5504] + w=[4096x5504]  ->  y=[262x4096]  (T=262, K=262)
  - op#25  op=Add      shard=-1  a=[262x4096] + b=[262x4096]  ->  y=[262x4096]  (T=262, K=262)
[gpu-debug] per-op timing breakdown (avg over iters):
  idx  op       sh  io                                                    time   est_flops    TFLOPs       bytes      GB/s
  ------------------------------------------------------------------------------------------------------------------------
    0  LN       -1  x[262x4096]+w[4096]->y[262x4096]                    0.081ms     5.366 M      0.07    4.10 MiB     52.90
    1  Q         0  x[262x4096]+w[2048x4096]->y[262x2048]               0.070ms     4.396 G     62.76   19.07 MiB    285.50
    2  K         0  x[262x4096]+w[2048x4096]->y[262x2048]               0.059ms     4.396 G     74.40   19.07 MiB    338.44
    3  V         0  x[262x4096]+w[2048x4096]->y[262x2048]               0.059ms     4.396 G     74.65   19.07 MiB    339.62
    4  Q         1  x[262x4096]+w[2048x4096]->y[262x2048]               0.060ms     4.396 G     73.76   19.07 MiB    335.53
    5  K         1  x[262x4096]+w[2048x4096]->y[262x2048]               0.058ms     4.396 G     75.44   19.07 MiB    343.20
    6  V         1  x[262x4096]+w[2048x4096]->y[262x2048]               0.059ms     4.396 G     74.78   19.07 MiB    340.21
    7  QK        0  q[16x262x128]+k[16x128x262]->y[16x262x262]          0.033ms   281.166 M      8.55    4.14 MiB    132.12
    8  QK        1  q[16x262x128]+k[16x128x262]->y[16x262x262]          0.032ms   281.166 M      8.89    4.14 MiB    137.25
    9  Softmax   0  scores[16x262x262]->y[16x262x262]                   0.018ms     5.492 M      0.30    4.19 MiB    239.68
   10  Softmax   1  scores[16x262x262]->y[16x262x262]                   0.016ms     5.492 M      0.34    4.19 MiB    269.83
   11  SV        0  p[16x262x262]+v[16x262x128]->y[16x262x128]          0.022ms   281.166 M     12.89    4.14 MiB    199.11
   12  SV        1  p[16x262x262]+v[16x262x128]->y[16x262x128]          0.020ms   281.166 M     13.73    4.14 MiB    212.06
   13  O         0  x[262x2048]+w[4096x2048]->y[262x4096]               0.055ms     4.396 G     79.79   19.07 MiB    362.97
   14  O         1  x[262x2048]+w[4096x2048]->y[262x4096]               0.054ms     4.396 G     81.45   19.07 MiB    370.55
   15  Add      -1  a[262x4096]+b[262x4096]->y[262x4096]                0.011ms     1.073 M      0.09    6.14 MiB    561.43
   16  LN       -1  x[262x4096]+w[4096]->y[262x4096]                    0.067ms     5.366 M      0.08    4.10 MiB     63.93
   17  FFN_W1    0  x[262x4096]+w[5504x4096]->y[262x5504]               0.146ms    11.813 G     81.18   47.80 MiB    344.44
   18  FFN_W3    0  x[262x4096]+w[5504x4096]->y[262x5504]               0.145ms    11.813 G     81.30   47.80 MiB    344.92
   19  FFN_W1    1  x[262x4096]+w[5504x4096]->y[262x5504]               0.145ms    11.813 G     81.30   47.80 MiB    344.92
   20  FFN_W3    1  x[262x4096]+w[5504x4096]->y[262x5504]               0.146ms    11.813 G     81.07   47.80 MiB    343.95
   21  SwiGLU    0  a[262x5504]+b[262x5504]->y[262x5504]                0.022ms     8.652 M      0.39    8.25 MiB    394.84
   22  SwiGLU    1  a[262x5504]+b[262x5504]->y[262x5504]                0.021ms     8.652 M      0.40    8.25 MiB    404.28
   23  FFN_W2    0  x[262x5504]+w[4096x5504]->y[262x4096]               0.119ms    11.813 G     98.94   47.80 MiB    419.76
   24  FFN_W2    1  x[262x5504]+w[4096x5504]->y[262x4096]               0.119ms    11.813 G     99.37   47.80 MiB    421.57
   25  Add      -1  a[262x4096]+b[262x4096]->y[262x4096]                0.011ms     1.073 M      0.09    6.14 MiB    566.49
[gpu-debug] segment avg latency (cuda_events): 1.527 ms
[gpu-debug] sum(per-op)               : 1.650 ms (ratio=1.081)
[gpu-debug] NOTE: sum(per-op) may differ from segment latency due to Python overhead, event/launch overhead, and allocator/cache effects.
[gpu-debug] cuda mem before warmup: alloc=400.16 MiB reserved=414.00 MiB
[gpu-debug] cuda mem after warmup : alloc=410.12 MiB reserved=434.00 MiB
[gpu-debug] cuda mem peak (this segment): max_alloc=415.62 MiB max_reserved=434.00 MiB
  progress 8/8
[run-gpu] wrote /lustre/home/2501111916/workspace/XPUPIM_0226_gpupim_parameter/TriForm/verify/hw_hardware_1gpu_2aim/st12/llama_7b_bf16_b1_s12/attacc_262x67.gpu_results.json
[slurm] wrote OK_FILE=/lustre/home/2501111916/workspace/XPUPIM_0226_gpupim_parameter/TriForm/verify/hw_hardware_1gpu_2aim/st12/llama_7b_bf16_b1_s12/attacc_262x67.gpu.ok
