AiM WR_GB 16 0 0xffffffff
AiM WR_BIAS 0 0xffffffff
AiM WR_BIAS 0 0xffffffff
AiM MAC_ABK 16 0xffffffff 141
AiM MAC_ABK 16 0xffffffff 149
AiM RD_MAC 0 0xffffffff
AiM RD_MAC 0 0xffffffff
AiM WR_GB 16 0 0xffffffff
AiM WR_BIAS 0 0xffffffff
AiM WR_BIAS 0 0xffffffff
AiM MAC_ABK 16 0xffffffff 142
AiM MAC_ABK 16 0xffffffff 150
AiM RD_MAC 0 0xffffffff
AiM RD_MAC 0 0xffffffff
AiM WR_GB 16 0 0xffffffff
AiM WR_BIAS 0 0xffffffff
AiM WR_BIAS 0 0xffffffff
AiM MAC_ABK 16 0xffffffff 143
AiM MAC_ABK 16 0xffffffff 151
AiM RD_MAC 0 0xffffffff
AiM RD_MAC 0 0xffffffff
AiM WR_GB 16 0 0xffffffff
AiM WR_BIAS 0 0xffffffff
AiM WR_BIAS 0 0xffffffff
AiM MAC_ABK 16 0xffffffff 144
AiM MAC_ABK 16 0xffffffff 152
AiM RD_MAC 0 0xffffffff
AiM RD_MAC 0 0xffffffff
AiM WR_GB 16 0 0xffffffff
AiM WR_BIAS 0 0xffffffff
AiM WR_BIAS 0 0xffffffff
AiM MAC_ABK 16 0xffffffff 145
AiM MAC_ABK 16 0xffffffff 153
AiM RD_MAC 0 0xffffffff
AiM RD_MAC 0 0xffffffff
AiM WR_GB 16 0 0xffffffff
AiM WR_BIAS 0 0xffffffff
AiM WR_BIAS 0 0xffffffff
AiM MAC_ABK 16 0xffffffff 146
AiM MAC_ABK 16 0xffffffff 154
AiM RD_MAC 0 0xffffffff
AiM RD_MAC 0 0xffffffff
AiM WR_GB 16 0 0xffffffff
AiM WR_BIAS 0 0xffffffff
AiM WR_BIAS 0 0xffffffff
AiM MAC_ABK 16 0xffffffff 147
AiM MAC_ABK 16 0xffffffff 155
AiM RD_MAC 0 0xffffffff
AiM RD_MAC 0 0xffffffff
AiM WR_GB 16 0 0xffffffff
AiM WR_BIAS 0 0xffffffff
AiM WR_BIAS 0 0xffffffff
AiM MAC_ABK 16 0xffffffff 148
AiM MAC_ABK 16 0xffffffff 156
AiM RD_MAC 0 0xffffffff
AiM RD_MAC 0 0xffffffff
AiM EOC
