[slurm] jobid=9740186 nodelist=l12gpu02
[slurm] CUDA_VISIBLE_DEVICES=0
Sat Feb 28 09:04:05 2026       
+-----------------------------------------------------------------------------------------+
| NVIDIA-SMI 560.35.03              Driver Version: 560.35.03      CUDA Version: 12.6     |
|-----------------------------------------+------------------------+----------------------+
| GPU  Name                 Persistence-M | Bus-Id          Disp.A | Volatile Uncorr. ECC |
| Fan  Temp   Perf          Pwr:Usage/Cap |           Memory-Usage | GPU-Util  Compute M. |
|                                         |                        |               MIG M. |
|=========================================+========================+======================|
|   0  NVIDIA A100-PCIE-40GB          On  |   00000000:31:00.0 Off |                    0 |
| N/A   32C    P0             34W /  250W |       1MiB /  40960MiB |      0%      Default |
|                                         |                        |             Disabled |
+-----------------------------------------+------------------------+----------------------+
                                                                                         
+-----------------------------------------------------------------------------------------+
| Processes:                                                                              |
|  GPU   GI   CI        PID   Type   Process name                              GPU Memory |
|        ID   ID                                                               Usage      |
|=========================================================================================|
|  No running processes found                                                             |
+-----------------------------------------------------------------------------------------+
torch: 2.8.0+cu126
cuda available: True
device: NVIDIA A100-PCIE-40GB
[slurm] PY_SCRIPT=/lustre/home/2501111916/workspace/XPUPIM_0226_gpupim_parameter/TriForm/verify/schedule_deploy_verify.py
[slurm] TASKS_JSON=/lustre/home/2501111916/workspace/XPUPIM_0226_gpupim_parameter/TriForm/verify/hw_hardware_1gpu_2aim/st64/llama_7b_bf16_b1_s64/ianus_1024x512.gpu_tasks.json
[slurm] OUT_JSON=/lustre/home/2501111916/workspace/XPUPIM_0226_gpupim_parameter/TriForm/verify/hw_hardware_1gpu_2aim/st64/llama_7b_bf16_b1_s64/ianus_1024x512.gpu_results.json
[slurm] WARMUP=3 ITERS=10 DEVICE=cuda GPU_DTYPE=bf16 BATCH=1
[slurm] OK_FILE=/lustre/home/2501111916/workspace/XPUPIM_0226_gpupim_parameter/TriForm/verify/hw_hardware_1gpu_2aim/st64/llama_7b_bf16_b1_s64/ianus_1024x512.gpu.ok
[slurm] Running: python /lustre/home/2501111916/workspace/XPUPIM_0226_gpupim_parameter/TriForm/verify/schedule_deploy_verify.py run-gpu --tasks /lustre/home/2501111916/workspace/XPUPIM_0226_gpupim_parameter/TriForm/verify/hw_hardware_1gpu_2aim/st64/llama_7b_bf16_b1_s64/ianus_1024x512.gpu_tasks.json --out /lustre/home/2501111916/workspace/XPUPIM_0226_gpupim_parameter/TriForm/verify/hw_hardware_1gpu_2aim/st64/llama_7b_bf16_b1_s64/ianus_1024x512.gpu_results.json --warmup 3 --iters 10 --debug --debug-txt /lustre/home/2501111916/workspace/XPUPIM_0226_gpupim_parameter/TriForm/verify/hw_hardware_1gpu_2aim/st64/llama_7b_bf16_b1_s64/ianus_1024x512.gpu_debug.log --device cuda --gpu-dtype bf16 --batch 1
[run-gpu] tasks=19 warmup=3 iters=10 device=cuda dtype=bf16 batch=1 segment_scope=layer
[run-gpu] extra weight_load_s=0.400513s (will be added in merge)
[run-gpu] GPU[0] NVIDIA A100-PCIE-40GB; SM=108, CC=8.0
[run-gpu] nvidia-smi -L: GPU 0: NVIDIA A100-PCIE-40GB (UUID: GPU-d9e583db-d970-f6cd-7563-aefa55d156db)
[run-gpu] nvidia-smi query: NVIDIA A100-PCIE-40GB, GPU-d9e583db-d970-f6cd-7563-aefa55d156db, 560.35.03, 40960
[run-gpu][debug] torch_default_dtype=torch.float32
[run-gpu][debug] torch.backends.cuda.matmul.allow_tf32=False
[run-gpu][debug] cudnn.enabled=True benchmark=False deterministic=False allow_tf32=True
[run-gpu][debug] nvidia-smi snapshot: 0, 0, 0, 4, 40960, 32, 34.65, 250.00
========================================================================================
[gpu-debug] segment_key=npu|decode|0|2a5538c8f9df4db4add3d84eaac8c78a
[gpu-debug] sig: device_type=npu phase=decode step=0 (count_hint=1)
[gpu-debug] ops_repr: LN:-1,Q:0,K:0,Q:1,K:1,QK:0,QK:1,Softmax:0,Softmax:1,O:0,Add:-1,FFN_W3:0,FFN_W3:1,SwiGLU:0,Add:-1
[gpu-debug] cfg: device=cuda dtype=torch.bfloat16 batch=1 dim=4096 ffn_dim=11008 n_heads=32 shards=2
[gpu-debug] op plan (with inferred tensor shapes):
  - op#00  op=LN       shard=-1  x=[1x1x4096] + w=[4096]  ->  y=[1x1x4096]  (T=1, K=1025)
  - op#01  op=Q        shard=0   x=[1x1x4096] + w=[2048x4096]  ->  y=[1x1x2048]  (T=1, K=1025)
  - op#02  op=K        shard=0   x=[1x1x4096] + w=[2048x4096]  ->  y=[1x1x2048]  (T=1, K=1025)
  - op#03  op=Q        shard=1   x=[1x1x4096] + w=[2048x4096]  ->  y=[1x1x2048]  (T=1, K=1025)
  - op#04  op=K        shard=1   x=[1x1x4096] + w=[2048x4096]  ->  y=[1x1x2048]  (T=1, K=1025)
  - op#05  op=QK       shard=0   q=[1x16x1x128] + k=[1x16x128x1025]  ->  y=[1x16x1x1025]  (T=1, K=1025)
  - op#06  op=QK       shard=1   q=[1x16x1x128] + k=[1x16x128x1025]  ->  y=[1x16x1x1025]  (T=1, K=1025)
  - op#07  op=Softmax  shard=0   scores=[1x16x1x1025]  ->  y=[1x16x1x1025]  (T=1, K=1025)
  - op#08  op=Softmax  shard=1   scores=[1x16x1x1025]  ->  y=[1x16x1x1025]  (T=1, K=1025)
  - op#09  op=O        shard=0   x=[1x1x2048] + w=[4096x2048]  ->  y=[1x1x4096]  (T=1, K=1025)
  - op#10  op=Add      shard=-1  a=[1x1x4096] + b=[1x1x4096]  ->  y=[1x1x4096]  (T=1, K=1025)
  - op#11  op=FFN_W3   shard=0   x=[1x1x4096] + w=[5504x4096]  ->  y=[1x1x5504]  (T=1, K=1025)
  - op#12  op=FFN_W3   shard=1   x=[1x1x4096] + w=[5504x4096]  ->  y=[1x1x5504]  (T=1, K=1025)
  - op#13  op=SwiGLU   shard=0   a=[1x1x5504] + b=[1x1x5504]  ->  y=[1x1x5504]  (T=1, K=1025)
  - op#14  op=Add      shard=-1  a=[1x1x4096] + b=[1x1x4096]  ->  y=[1x1x4096]  (T=1, K=1025)
[gpu-debug] per-op timing breakdown (avg over iters):
  idx  op       sh  io                                                    time   est_flops    TFLOPs       bytes      GB/s
  ------------------------------------------------------------------------------------------------------------------------
    0  LN       -1  x[1x1x4096]+w[4096]->y[1x1x4096]                    0.071ms    20.480 K      0.00   24.00 KiB      0.34
    1  Q         0  x[1x1x4096]+w[2048x4096]->y[1x1x2048]               0.053ms    16.777 M      0.32   16.01 MiB    318.37
    2  K         0  x[1x1x4096]+w[2048x4096]->y[1x1x2048]               0.034ms    16.777 M      0.50   16.01 MiB    496.85
    3  Q         1  x[1x1x4096]+w[2048x4096]->y[1x1x2048]               0.032ms    16.777 M      0.52   16.01 MiB    520.51
    4  K         1  x[1x1x4096]+w[2048x4096]->y[1x1x2048]               0.033ms    16.777 M      0.51   16.01 MiB    512.38
    5  QK        0  q[1x16x1x128]+k[1x16x128x1025]->y[1x16x1x1025]      0.023ms     4.198 M      0.18    4.04 MiB    182.20
    6  QK        1  q[1x16x1x128]+k[1x16x128x1025]->y[1x16x1x1025]      0.037ms     4.198 M      0.11    4.04 MiB    113.01
    7  Softmax   0  scores[1x16x1x1025]->y[1x16x1x1025]                 0.028ms    82.000 K      0.00   64.06 KiB      2.35
    8  Softmax   1  scores[1x16x1x1025]->y[1x16x1x1025]                 0.019ms    82.000 K      0.00   64.06 KiB      3.41
    9  O         0  x[1x1x2048]+w[4096x2048]->y[1x1x4096]               0.032ms    16.777 M      0.52   16.01 MiB    523.83
   10  Add      -1  a[1x1x4096]+b[1x1x4096]->y[1x1x4096]                0.011ms     4.096 K      0.00   24.00 KiB      2.31
   11  FFN_W3    0  x[1x1x4096]+w[5504x4096]->y[1x1x5504]               0.060ms    45.089 M      0.76   43.02 MiB    755.59
   12  FFN_W3    1  x[1x1x4096]+w[5504x4096]->y[1x1x5504]               0.048ms    45.089 M      0.95   43.02 MiB    947.33
   13  SwiGLU    0  a[1x1x5504]+b[1x1x5504]->y[1x1x5504]                0.016ms    33.024 K      0.00   32.25 KiB      2.02
   14  Add      -1  a[1x1x4096]+b[1x1x4096]->y[1x1x4096]                0.009ms     4.096 K      0.00   24.00 KiB      2.70
[gpu-debug] segment avg latency (cuda_events): 0.366 ms
[gpu-debug] sum(per-op)               : 0.506 ms (ratio=1.384)
[gpu-debug] NOTE: sum(per-op) may differ from segment latency due to Python overhead, event/launch overhead, and allocator/cache effects.
[gpu-debug] cuda mem before warmup: alloc=0 B reserved=0 B
[gpu-debug] cuda mem after warmup : alloc=180.19 MiB reserved=190.00 MiB
[gpu-debug] cuda mem peak (this segment): max_alloc=180.26 MiB max_reserved=190.00 MiB
========================================================================================
[gpu-debug] segment_key=npu|decode|0|671eabfb3c980b3de830460630434eeb
[gpu-debug] sig: device_type=npu phase=decode step=0 (count_hint=31)
[gpu-debug] ops_repr: Q:0,K:0,Q:1,K:1,QK:0,QK:1,Softmax:0,Softmax:1,O:0,Add:-1,FFN_W3:0,FFN_W3:1,SwiGLU:0,Add:-1
[gpu-debug] cfg: device=cuda dtype=torch.bfloat16 batch=1 dim=4096 ffn_dim=11008 n_heads=32 shards=2
[gpu-debug] op plan (with inferred tensor shapes):
  - op#00  op=Q        shard=0   x=[1x1x4096] + w=[2048x4096]  ->  y=[1x1x2048]  (T=1, K=1025)
  - op#01  op=K        shard=0   x=[1x1x4096] + w=[2048x4096]  ->  y=[1x1x2048]  (T=1, K=1025)
  - op#02  op=Q        shard=1   x=[1x1x4096] + w=[2048x4096]  ->  y=[1x1x2048]  (T=1, K=1025)
  - op#03  op=K        shard=1   x=[1x1x4096] + w=[2048x4096]  ->  y=[1x1x2048]  (T=1, K=1025)
  - op#04  op=QK       shard=0   q=[1x16x1x128] + k=[1x16x128x1025]  ->  y=[1x16x1x1025]  (T=1, K=1025)
  - op#05  op=QK       shard=1   q=[1x16x1x128] + k=[1x16x128x1025]  ->  y=[1x16x1x1025]  (T=1, K=1025)
  - op#06  op=Softmax  shard=0   scores=[1x16x1x1025]  ->  y=[1x16x1x1025]  (T=1, K=1025)
  - op#07  op=Softmax  shard=1   scores=[1x16x1x1025]  ->  y=[1x16x1x1025]  (T=1, K=1025)
  - op#08  op=O        shard=0   x=[1x1x2048] + w=[4096x2048]  ->  y=[1x1x4096]  (T=1, K=1025)
  - op#09  op=Add      shard=-1  a=[1x1x4096] + b=[1x1x4096]  ->  y=[1x1x4096]  (T=1, K=1025)
  - op#10  op=FFN_W3   shard=0   x=[1x1x4096] + w=[5504x4096]  ->  y=[1x1x5504]  (T=1, K=1025)
  - op#11  op=FFN_W3   shard=1   x=[1x1x4096] + w=[5504x4096]  ->  y=[1x1x5504]  (T=1, K=1025)
  - op#12  op=SwiGLU   shard=0   a=[1x1x5504] + b=[1x1x5504]  ->  y=[1x1x5504]  (T=1, K=1025)
  - op#13  op=Add      shard=-1  a=[1x1x4096] + b=[1x1x4096]  ->  y=[1x1x4096]  (T=1, K=1025)
[gpu-debug] per-op timing breakdown (avg over iters):
  idx  op       sh  io                                                    time   est_flops    TFLOPs       bytes      GB/s
  ------------------------------------------------------------------------------------------------------------------------
    0  Q         0  x[1x1x4096]+w[2048x4096]->y[1x1x2048]               0.047ms    16.777 M      0.35   16.01 MiB    354.13
    1  K         0  x[1x1x4096]+w[2048x4096]->y[1x1x2048]               0.034ms    16.777 M      0.50   16.01 MiB    498.36
    2  Q         1  x[1x1x4096]+w[2048x4096]->y[1x1x2048]               0.033ms    16.777 M      0.51   16.01 MiB    509.19
    3  K         1  x[1x1x4096]+w[2048x4096]->y[1x1x2048]               0.033ms    16.777 M      0.51   16.01 MiB    512.38
    4  QK        0  q[1x16x1x128]+k[1x16x128x1025]->y[1x16x1x1025]      0.023ms     4.198 M      0.19    4.04 MiB    187.15
    5  QK        1  q[1x16x1x128]+k[1x16x128x1025]->y[1x16x1x1025]      0.037ms     4.198 M      0.11    4.04 MiB    115.86
    6  Softmax   0  scores[1x16x1x1025]->y[1x16x1x1025]                 0.027ms    82.000 K      0.00   64.06 KiB      2.45
    7  Softmax   1  scores[1x16x1x1025]->y[1x16x1x1025]                 0.019ms    82.000 K      0.00   64.06 KiB      3.44
    8  O         0  x[1x1x2048]+w[4096x2048]->y[1x1x4096]               0.032ms    16.777 M      0.53   16.01 MiB    527.20
    9  Add      -1  a[1x1x4096]+b[1x1x4096]->y[1x1x4096]                0.010ms     4.096 K      0.00   24.00 KiB      2.47
   10  FFN_W3    0  x[1x1x4096]+w[5504x4096]->y[1x1x5504]               0.059ms    45.089 M      0.76   43.02 MiB    762.12
   11  FFN_W3    1  x[1x1x4096]+w[5504x4096]->y[1x1x5504]               0.048ms    45.089 M      0.94   43.02 MiB    943.27
   12  SwiGLU    0  a[1x1x5504]+b[1x1x5504]->y[1x1x5504]                0.016ms    33.024 K      0.00   32.25 KiB      2.02
   13  Add      -1  a[1x1x4096]+b[1x1x4096]->y[1x1x4096]                0.009ms     4.096 K      0.00   24.00 KiB      2.61
[gpu-debug] segment avg latency (cuda_events): 0.319 ms
[gpu-debug] sum(per-op)               : 0.426 ms (ratio=1.336)
[gpu-debug] NOTE: sum(per-op) may differ from segment latency due to Python overhead, event/launch overhead, and allocator/cache effects.
[gpu-debug] cuda mem before warmup: alloc=180.19 MiB reserved=190.00 MiB
[gpu-debug] cuda mem after warmup : alloc=180.19 MiB reserved=190.00 MiB
[gpu-debug] cuda mem peak (this segment): max_alloc=180.26 MiB max_reserved=190.00 MiB
========================================================================================
[gpu-debug] segment_key=npu|decode|1|306225b6c1ce23ab6c915712037d7ab7
[gpu-debug] sig: device_type=npu phase=decode step=1 (count_hint=1)
[gpu-debug] ops_repr: LN:-1,Q:0,K:0,Q:1,K:1,QK:0,QK:1,Softmax:0,Softmax:1,O:0,Add:-1,FFN_W3:0,SwiGLU:1,Add:-1
[gpu-debug] cfg: device=cuda dtype=torch.bfloat16 batch=1 dim=4096 ffn_dim=11008 n_heads=32 shards=2
[gpu-debug] op plan (with inferred tensor shapes):
  - op#00  op=LN       shard=-1  x=[1x1x4096] + w=[4096]  ->  y=[1x1x4096]  (T=1, K=1026)
  - op#01  op=Q        shard=0   x=[1x1x4096] + w=[2048x4096]  ->  y=[1x1x2048]  (T=1, K=1026)
  - op#02  op=K        shard=0   x=[1x1x4096] + w=[2048x4096]  ->  y=[1x1x2048]  (T=1, K=1026)
  - op#03  op=Q        shard=1   x=[1x1x4096] + w=[2048x4096]  ->  y=[1x1x2048]  (T=1, K=1026)
  - op#04  op=K        shard=1   x=[1x1x4096] + w=[2048x4096]  ->  y=[1x1x2048]  (T=1, K=1026)
  - op#05  op=QK       shard=0   q=[1x16x1x128] + k=[1x16x128x1026]  ->  y=[1x16x1x1026]  (T=1, K=1026)
  - op#06  op=QK       shard=1   q=[1x16x1x128] + k=[1x16x128x1026]  ->  y=[1x16x1x1026]  (T=1, K=1026)
  - op#07  op=Softmax  shard=0   scores=[1x16x1x1026]  ->  y=[1x16x1x1026]  (T=1, K=1026)
  - op#08  op=Softmax  shard=1   scores=[1x16x1x1026]  ->  y=[1x16x1x1026]  (T=1, K=1026)
  - op#09  op=O        shard=0   x=[1x1x2048] + w=[4096x2048]  ->  y=[1x1x4096]  (T=1, K=1026)
  - op#10  op=Add      shard=-1  a=[1x1x4096] + b=[1x1x4096]  ->  y=[1x1x4096]  (T=1, K=1026)
  - op#11  op=FFN_W3   shard=0   x=[1x1x4096] + w=[5504x4096]  ->  y=[1x1x5504]  (T=1, K=1026)
  - op#12  op=SwiGLU   shard=1   a=[1x1x5504] + b=[1x1x5504]  ->  y=[1x1x5504]  (T=1, K=1026)
  - op#13  op=Add      shard=-1  a=[1x1x4096] + b=[1x1x4096]  ->  y=[1x1x4096]  (T=1, K=1026)
[gpu-debug] per-op timing breakdown (avg over iters):
  idx  op       sh  io                                                    time   est_flops    TFLOPs       bytes      GB/s
  ------------------------------------------------------------------------------------------------------------------------
    0  LN       -1  x[1x1x4096]+w[4096]->y[1x1x4096]                    0.069ms    20.480 K      0.00   24.00 KiB      0.36
    1  Q         0  x[1x1x4096]+w[2048x4096]->y[1x1x2048]               0.051ms    16.777 M      0.33   16.01 MiB    328.58
    2  K         0  x[1x1x4096]+w[2048x4096]->y[1x1x2048]               0.033ms    16.777 M      0.50   16.01 MiB    501.41
    3  Q         1  x[1x1x4096]+w[2048x4096]->y[1x1x2048]               0.033ms    16.777 M      0.51   16.01 MiB    507.62
    4  K         1  x[1x1x4096]+w[2048x4096]->y[1x1x2048]               0.033ms    16.777 M      0.51   16.01 MiB    510.78
    5  QK        0  q[1x16x1x128]+k[1x16x128x1026]->y[1x16x1x1026]      0.022ms     4.202 M      0.19    4.04 MiB    189.91
    6  QK        1  q[1x16x1x128]+k[1x16x128x1026]->y[1x16x1x1026]      0.036ms     4.202 M      0.12    4.04 MiB    117.28
    7  Softmax   0  scores[1x16x1x1026]->y[1x16x1x1026]                 0.028ms    82.080 K      0.00   64.12 KiB      2.37
    8  Softmax   1  scores[1x16x1x1026]->y[1x16x1x1026]                 0.019ms    82.080 K      0.00   64.12 KiB      3.38
    9  O         0  x[1x1x2048]+w[4096x2048]->y[1x1x4096]               0.032ms    16.777 M      0.53   16.01 MiB    530.61
   10  Add      -1  a[1x1x4096]+b[1x1x4096]->y[1x1x4096]                0.011ms     4.096 K      0.00   24.00 KiB      2.33
   11  FFN_W3    0  x[1x1x4096]+w[5504x4096]->y[1x1x5504]               0.060ms    45.089 M      0.76   43.02 MiB    755.59
   12  SwiGLU    1  a[1x1x5504]+b[1x1x5504]->y[1x1x5504]                0.017ms    33.024 K      0.00   32.25 KiB      1.98
   13  Add      -1  a[1x1x4096]+b[1x1x4096]->y[1x1x4096]                0.009ms     4.096 K      0.00   24.00 KiB      2.67
[gpu-debug] segment avg latency (cuda_events): 0.316 ms
[gpu-debug] sum(per-op)               : 0.453 ms (ratio=1.433)
[gpu-debug] NOTE: sum(per-op) may differ from segment latency due to Python overhead, event/launch overhead, and allocator/cache effects.
[gpu-debug] cuda mem before warmup: alloc=180.19 MiB reserved=190.00 MiB
[gpu-debug] cuda mem after warmup : alloc=184.23 MiB reserved=190.00 MiB
[gpu-debug] cuda mem peak (this segment): max_alloc=184.30 MiB max_reserved=190.00 MiB
========================================================================================
[gpu-debug] segment_key=npu|decode|1|d06fca3464dd4b0d50891de375916443
[gpu-debug] sig: device_type=npu phase=decode step=1 (count_hint=31)
[gpu-debug] ops_repr: Q:0,K:0,Q:1,K:1,QK:0,QK:1,Softmax:0,Softmax:1,O:0,Add:-1,FFN_W3:0,SwiGLU:1,Add:-1
[gpu-debug] cfg: device=cuda dtype=torch.bfloat16 batch=1 dim=4096 ffn_dim=11008 n_heads=32 shards=2
[gpu-debug] op plan (with inferred tensor shapes):
  - op#00  op=Q        shard=0   x=[1x1x4096] + w=[2048x4096]  ->  y=[1x1x2048]  (T=1, K=1026)
  - op#01  op=K        shard=0   x=[1x1x4096] + w=[2048x4096]  ->  y=[1x1x2048]  (T=1, K=1026)
  - op#02  op=Q        shard=1   x=[1x1x4096] + w=[2048x4096]  ->  y=[1x1x2048]  (T=1, K=1026)
  - op#03  op=K        shard=1   x=[1x1x4096] + w=[2048x4096]  ->  y=[1x1x2048]  (T=1, K=1026)
  - op#04  op=QK       shard=0   q=[1x16x1x128] + k=[1x16x128x1026]  ->  y=[1x16x1x1026]  (T=1, K=1026)
  - op#05  op=QK       shard=1   q=[1x16x1x128] + k=[1x16x128x1026]  ->  y=[1x16x1x1026]  (T=1, K=1026)
  - op#06  op=Softmax  shard=0   scores=[1x16x1x1026]  ->  y=[1x16x1x1026]  (T=1, K=1026)
  - op#07  op=Softmax  shard=1   scores=[1x16x1x1026]  ->  y=[1x16x1x1026]  (T=1, K=1026)
  - op#08  op=O        shard=0   x=[1x1x2048] + w=[4096x2048]  ->  y=[1x1x4096]  (T=1, K=1026)
  - op#09  op=Add      shard=-1  a=[1x1x4096] + b=[1x1x4096]  ->  y=[1x1x4096]  (T=1, K=1026)
  - op#10  op=FFN_W3   shard=0   x=[1x1x4096] + w=[5504x4096]  ->  y=[1x1x5504]  (T=1, K=1026)
  - op#11  op=SwiGLU   shard=1   a=[1x1x5504] + b=[1x1x5504]  ->  y=[1x1x5504]  (T=1, K=1026)
  - op#12  op=Add      shard=-1  a=[1x1x4096] + b=[1x1x4096]  ->  y=[1x1x4096]  (T=1, K=1026)
[gpu-debug] per-op timing breakdown (avg over iters):
  idx  op       sh  io                                                    time   est_flops    TFLOPs       bytes      GB/s
  ------------------------------------------------------------------------------------------------------------------------
    0  Q         0  x[1x1x4096]+w[2048x4096]->y[1x1x2048]               0.048ms    16.777 M      0.35   16.01 MiB    352.60
    1  K         0  x[1x1x4096]+w[2048x4096]->y[1x1x2048]               0.033ms    16.777 M      0.50   16.01 MiB    501.41
    2  Q         1  x[1x1x4096]+w[2048x4096]->y[1x1x2048]               0.033ms    16.777 M      0.51   16.01 MiB    506.05
    3  K         1  x[1x1x4096]+w[2048x4096]->y[1x1x2048]               0.033ms    16.777 M      0.51   16.01 MiB    513.98
    4  QK        0  q[1x16x1x128]+k[1x16x128x1026]->y[1x16x1x1026]      0.023ms     4.202 M      0.18    4.04 MiB    186.49
    5  QK        1  q[1x16x1x128]+k[1x16x128x1026]->y[1x16x1x1026]      0.034ms     4.202 M      0.12    4.04 MiB    125.84
    6  Softmax   0  scores[1x16x1x1026]->y[1x16x1x1026]                 0.027ms    82.080 K      0.00   64.12 KiB      2.42
    7  Softmax   1  scores[1x16x1x1026]->y[1x16x1x1026]                 0.019ms    82.080 K      0.00   64.12 KiB      3.45
    8  O         0  x[1x1x2048]+w[4096x2048]->y[1x1x4096]               0.032ms    16.777 M      0.53   16.01 MiB    525.51
    9  Add      -1  a[1x1x4096]+b[1x1x4096]->y[1x1x4096]                0.011ms     4.096 K      0.00   24.00 KiB      2.31
   10  FFN_W3    0  x[1x1x4096]+w[5504x4096]->y[1x1x5504]               0.059ms    45.089 M      0.76   43.02 MiB    758.19
   11  SwiGLU    1  a[1x1x5504]+b[1x1x5504]->y[1x1x5504]                0.017ms    33.024 K      0.00   32.25 KiB      1.99
   12  Add      -1  a[1x1x4096]+b[1x1x4096]->y[1x1x4096]                0.009ms     4.096 K      0.00   24.00 KiB      2.70
[gpu-debug] segment avg latency (cuda_events): 0.276 ms
[gpu-debug] sum(per-op)               : 0.377 ms (ratio=1.369)
[gpu-debug] NOTE: sum(per-op) may differ from segment latency due to Python overhead, event/launch overhead, and allocator/cache effects.
[gpu-debug] cuda mem before warmup: alloc=184.23 MiB reserved=190.00 MiB
[gpu-debug] cuda mem after warmup : alloc=184.23 MiB reserved=190.00 MiB
[gpu-debug] cuda mem peak (this segment): max_alloc=184.30 MiB max_reserved=190.00 MiB
========================================================================================
[gpu-debug] segment_key=npu|decode|2|640d8d104afb310d48bef041f7a6f0e0
[gpu-debug] sig: device_type=npu phase=decode step=2 (count_hint=31)
[gpu-debug] ops_repr: Q:0,K:0,Q:1,K:1,QK:0,QK:1,Softmax:0,Softmax:1,O:0,Add:-1,FFN_W3:0,FFN_W2:1,Add:-1
[gpu-debug] cfg: device=cuda dtype=torch.bfloat16 batch=1 dim=4096 ffn_dim=11008 n_heads=32 shards=2
[gpu-debug] op plan (with inferred tensor shapes):
  - op#00  op=Q        shard=0   x=[1x1x4096] + w=[2048x4096]  ->  y=[1x1x2048]  (T=1, K=1088)
  - op#01  op=K        shard=0   x=[1x1x4096] + w=[2048x4096]  ->  y=[1x1x2048]  (T=1, K=1088)
  - op#02  op=Q        shard=1   x=[1x1x4096] + w=[2048x4096]  ->  y=[1x1x2048]  (T=1, K=1088)
  - op#03  op=K        shard=1   x=[1x1x4096] + w=[2048x4096]  ->  y=[1x1x2048]  (T=1, K=1088)
  - op#04  op=QK       shard=0   q=[1x16x1x128] + k=[1x16x128x1088]  ->  y=[1x16x1x1088]  (T=1, K=1088)
  - op#05  op=QK       shard=1   q=[1x16x1x128] + k=[1x16x128x1088]  ->  y=[1x16x1x1088]  (T=1, K=1088)
  - op#06  op=Softmax  shard=0   scores=[1x16x1x1088]  ->  y=[1x16x1x1088]  (T=1, K=1088)
  - op#07  op=Softmax  shard=1   scores=[1x16x1x1088]  ->  y=[1x16x1x1088]  (T=1, K=1088)
  - op#08  op=O        shard=0   x=[1x1x2048] + w=[4096x2048]  ->  y=[1x1x4096]  (T=1, K=1088)
  - op#09  op=Add      shard=-1  a=[1x1x4096] + b=[1x1x4096]  ->  y=[1x1x4096]  (T=1, K=1088)
  - op#10  op=FFN_W3   shard=0   x=[1x1x4096] + w=[5504x4096]  ->  y=[1x1x5504]  (T=1, K=1088)
  - op#11  op=FFN_W2   shard=1   x=[1x1x5504] + w=[4096x5504]  ->  y=[1x1x4096]  (T=1, K=1088)
  - op#12  op=Add      shard=-1  a=[1x1x4096] + b=[1x1x4096]  ->  y=[1x1x4096]  (T=1, K=1088)
[gpu-debug] per-op timing breakdown (avg over iters):
  idx  op       sh  io                                                    time   est_flops    TFLOPs       bytes      GB/s
  ------------------------------------------------------------------------------------------------------------------------
    0  Q         0  x[1x1x4096]+w[2048x4096]->y[1x1x2048]               0.046ms    16.777 M      0.37   16.01 MiB    366.80
    1  K         0  x[1x1x4096]+w[2048x4096]->y[1x1x2048]               0.033ms    16.777 M      0.50   16.01 MiB    502.94
    2  Q         1  x[1x1x4096]+w[2048x4096]->y[1x1x2048]               0.033ms    16.777 M      0.51   16.01 MiB    507.62
    3  K         1  x[1x1x4096]+w[2048x4096]->y[1x1x2048]               0.033ms    16.777 M      0.51   16.01 MiB    507.62
    4  QK        0  q[1x16x1x128]+k[1x16x128x1088]->y[1x16x1x1088]      0.026ms     4.456 M      0.17    4.29 MiB    175.60
    5  QK        1  q[1x16x1x128]+k[1x16x128x1088]->y[1x16x1x1088]      0.039ms     4.456 M      0.11    4.29 MiB    114.32
    6  Softmax   0  scores[1x16x1x1088]->y[1x16x1x1088]                 0.028ms    87.040 K      0.00   68.00 KiB      2.51
    7  Softmax   1  scores[1x16x1x1088]->y[1x16x1x1088]                 0.020ms    87.040 K      0.00   68.00 KiB      3.52
    8  O         0  x[1x1x2048]+w[4096x2048]->y[1x1x4096]               0.032ms    16.777 M      0.53   16.01 MiB    527.20
    9  Add      -1  a[1x1x4096]+b[1x1x4096]->y[1x1x4096]                0.010ms     4.096 K      0.00   24.00 KiB      2.38
   10  FFN_W3    0  x[1x1x4096]+w[5504x4096]->y[1x1x5504]               0.059ms    45.089 M      0.77   43.02 MiB    768.77
   11  FFN_W2    1  x[1x1x5504]+w[4096x5504]->y[1x1x4096]               0.050ms    45.089 M      0.89   43.02 MiB    895.34
   12  Add      -1  a[1x1x4096]+b[1x1x4096]->y[1x1x4096]                0.009ms     4.096 K      0.00   24.00 KiB      2.64
[gpu-debug] segment avg latency (cuda_events): 0.316 ms
[gpu-debug] sum(per-op)               : 0.418 ms (ratio=1.322)
[gpu-debug] NOTE: sum(per-op) may differ from segment latency due to Python overhead, event/launch overhead, and allocator/cache effects.
[gpu-debug] cuda mem before warmup: alloc=184.23 MiB reserved=190.00 MiB
[gpu-debug] cuda mem after warmup : alloc=232.52 MiB reserved=254.00 MiB
[gpu-debug] cuda mem peak (this segment): max_alloc=232.58 MiB max_reserved=254.00 MiB
========================================================================================
[gpu-debug] segment_key=npu|decode|2|b9bb60d957286896489e50322b6f73a4
[gpu-debug] sig: device_type=npu phase=decode step=2 (count_hint=1)
[gpu-debug] ops_repr: LN:-1,Q:0,K:0,Q:1,K:1,QK:0,QK:1,Softmax:0,Softmax:1,O:0,Add:-1,FFN_W3:0,FFN_W2:1,Add:-1
[gpu-debug] cfg: device=cuda dtype=torch.bfloat16 batch=1 dim=4096 ffn_dim=11008 n_heads=32 shards=2
[gpu-debug] op plan (with inferred tensor shapes):
  - op#00  op=LN       shard=-1  x=[1x1x4096] + w=[4096]  ->  y=[1x1x4096]  (T=1, K=1088)
  - op#01  op=Q        shard=0   x=[1x1x4096] + w=[2048x4096]  ->  y=[1x1x2048]  (T=1, K=1088)
  - op#02  op=K        shard=0   x=[1x1x4096] + w=[2048x4096]  ->  y=[1x1x2048]  (T=1, K=1088)
  - op#03  op=Q        shard=1   x=[1x1x4096] + w=[2048x4096]  ->  y=[1x1x2048]  (T=1, K=1088)
  - op#04  op=K        shard=1   x=[1x1x4096] + w=[2048x4096]  ->  y=[1x1x2048]  (T=1, K=1088)
  - op#05  op=QK       shard=0   q=[1x16x1x128] + k=[1x16x128x1088]  ->  y=[1x16x1x1088]  (T=1, K=1088)
  - op#06  op=QK       shard=1   q=[1x16x1x128] + k=[1x16x128x1088]  ->  y=[1x16x1x1088]  (T=1, K=1088)
  - op#07  op=Softmax  shard=0   scores=[1x16x1x1088]  ->  y=[1x16x1x1088]  (T=1, K=1088)
  - op#08  op=Softmax  shard=1   scores=[1x16x1x1088]  ->  y=[1x16x1x1088]  (T=1, K=1088)
  - op#09  op=O        shard=0   x=[1x1x2048] + w=[4096x2048]  ->  y=[1x1x4096]  (T=1, K=1088)
  - op#10  op=Add      shard=-1  a=[1x1x4096] + b=[1x1x4096]  ->  y=[1x1x4096]  (T=1, K=1088)
  - op#11  op=FFN_W3   shard=0   x=[1x1x4096] + w=[5504x4096]  ->  y=[1x1x5504]  (T=1, K=1088)
  - op#12  op=FFN_W2   shard=1   x=[1x1x5504] + w=[4096x5504]  ->  y=[1x1x4096]  (T=1, K=1088)
  - op#13  op=Add      shard=-1  a=[1x1x4096] + b=[1x1x4096]  ->  y=[1x1x4096]  (T=1, K=1088)
[gpu-debug] per-op timing breakdown (avg over iters):
  idx  op       sh  io                                                    time   est_flops    TFLOPs       bytes      GB/s
  ------------------------------------------------------------------------------------------------------------------------
    0  LN       -1  x[1x1x4096]+w[4096]->y[1x1x4096]                    0.070ms    20.480 K      0.00   24.00 KiB      0.35
    1  Q         0  x[1x1x4096]+w[2048x4096]->y[1x1x2048]               0.050ms    16.777 M      0.34   16.01 MiB    335.30
    2  K         0  x[1x1x4096]+w[2048x4096]->y[1x1x2048]               0.033ms    16.777 M      0.51   16.01 MiB    506.05
    3  Q         1  x[1x1x4096]+w[2048x4096]->y[1x1x2048]               0.032ms    16.777 M      0.52   16.01 MiB    520.51
    4  K         1  x[1x1x4096]+w[2048x4096]->y[1x1x2048]               0.033ms    16.777 M      0.51   16.01 MiB    509.19
    5  QK        0  q[1x16x1x128]+k[1x16x128x1088]->y[1x16x1x1088]      0.027ms     4.456 M      0.17    4.29 MiB    168.85
    6  QK        1  q[1x16x1x128]+k[1x16x128x1088]->y[1x16x1x1088]      0.041ms     4.456 M      0.11    4.29 MiB    110.30
    7  Softmax   0  scores[1x16x1x1088]->y[1x16x1x1088]                 0.029ms    87.040 K      0.00   68.00 KiB      2.39
    8  Softmax   1  scores[1x16x1x1088]->y[1x16x1x1088]                 0.019ms    87.040 K      0.00   68.00 KiB      3.60
    9  O         0  x[1x1x2048]+w[4096x2048]->y[1x1x4096]               0.031ms    16.777 M      0.54   16.01 MiB    542.91
   10  Add      -1  a[1x1x4096]+b[1x1x4096]->y[1x1x4096]                0.010ms     4.096 K      0.00   24.00 KiB      2.40
   11  FFN_W3    0  x[1x1x4096]+w[5504x4096]->y[1x1x5504]               0.059ms    45.089 M      0.76   43.02 MiB    762.12
   12  FFN_W2    1  x[1x1x5504]+w[4096x5504]->y[1x1x4096]               0.051ms    45.089 M      0.89   43.02 MiB    891.72
   13  Add      -1  a[1x1x4096]+b[1x1x4096]->y[1x1x4096]                0.009ms     4.096 K      0.00   24.00 KiB      2.61
[gpu-debug] segment avg latency (cuda_events): 0.357 ms
[gpu-debug] sum(per-op)               : 0.494 ms (ratio=1.386)
[gpu-debug] NOTE: sum(per-op) may differ from segment latency due to Python overhead, event/launch overhead, and allocator/cache effects.
[gpu-debug] cuda mem before warmup: alloc=232.52 MiB reserved=254.00 MiB
[gpu-debug] cuda mem after warmup : alloc=232.52 MiB reserved=254.00 MiB
[gpu-debug] cuda mem peak (this segment): max_alloc=232.58 MiB max_reserved=254.00 MiB
========================================================================================
[gpu-debug] segment_key=npu|decode|3|640d8d104afb310d48bef041f7a6f0e0
[gpu-debug] sig: device_type=npu phase=decode step=3 (count_hint=31)
[gpu-debug] ops_repr: Q:0,K:0,Q:1,K:1,QK:0,QK:1,Softmax:0,Softmax:1,O:0,Add:-1,FFN_W3:0,FFN_W2:1,Add:-1
[gpu-debug] cfg: device=cuda dtype=torch.bfloat16 batch=1 dim=4096 ffn_dim=11008 n_heads=32 shards=2
[gpu-debug] op plan (with inferred tensor shapes):
  - op#00  op=Q        shard=0   x=[1x1x4096] + w=[2048x4096]  ->  y=[1x1x2048]  (T=1, K=1152)
  - op#01  op=K        shard=0   x=[1x1x4096] + w=[2048x4096]  ->  y=[1x1x2048]  (T=1, K=1152)
  - op#02  op=Q        shard=1   x=[1x1x4096] + w=[2048x4096]  ->  y=[1x1x2048]  (T=1, K=1152)
  - op#03  op=K        shard=1   x=[1x1x4096] + w=[2048x4096]  ->  y=[1x1x2048]  (T=1, K=1152)
  - op#04  op=QK       shard=0   q=[1x16x1x128] + k=[1x16x128x1152]  ->  y=[1x16x1x1152]  (T=1, K=1152)
  - op#05  op=QK       shard=1   q=[1x16x1x128] + k=[1x16x128x1152]  ->  y=[1x16x1x1152]  (T=1, K=1152)
  - op#06  op=Softmax  shard=0   scores=[1x16x1x1152]  ->  y=[1x16x1x1152]  (T=1, K=1152)
  - op#07  op=Softmax  shard=1   scores=[1x16x1x1152]  ->  y=[1x16x1x1152]  (T=1, K=1152)
  - op#08  op=O        shard=0   x=[1x1x2048] + w=[4096x2048]  ->  y=[1x1x4096]  (T=1, K=1152)
  - op#09  op=Add      shard=-1  a=[1x1x4096] + b=[1x1x4096]  ->  y=[1x1x4096]  (T=1, K=1152)
  - op#10  op=FFN_W3   shard=0   x=[1x1x4096] + w=[5504x4096]  ->  y=[1x1x5504]  (T=1, K=1152)
  - op#11  op=FFN_W2   shard=1   x=[1x1x5504] + w=[4096x5504]  ->  y=[1x1x4096]  (T=1, K=1152)
  - op#12  op=Add      shard=-1  a=[1x1x4096] + b=[1x1x4096]  ->  y=[1x1x4096]  (T=1, K=1152)
[gpu-debug] per-op timing breakdown (avg over iters):
  idx  op       sh  io                                                    time   est_flops    TFLOPs       bytes      GB/s
  ------------------------------------------------------------------------------------------------------------------------
    0  Q         0  x[1x1x4096]+w[2048x4096]->y[1x1x2048]               0.046ms    16.777 M      0.37   16.01 MiB    367.62
    1  K         0  x[1x1x4096]+w[2048x4096]->y[1x1x2048]               0.034ms    16.777 M      0.49   16.01 MiB    493.86
    2  Q         1  x[1x1x4096]+w[2048x4096]->y[1x1x2048]               0.033ms    16.777 M      0.51   16.01 MiB    509.19
    3  K         1  x[1x1x4096]+w[2048x4096]->y[1x1x2048]               0.033ms    16.777 M      0.52   16.01 MiB    515.60
    4  QK        0  q[1x16x1x128]+k[1x16x128x1152]->y[1x16x1x1152]      0.026ms     4.719 M      0.18    4.54 MiB    180.16
    5  QK        1  q[1x16x1x128]+k[1x16x128x1152]->y[1x16x1x1152]      0.038ms     4.719 M      0.13    4.54 MiB    126.30
    6  Softmax   0  scores[1x16x1x1152]->y[1x16x1x1152]                 0.028ms    92.160 K      0.00   72.00 KiB      2.63
    7  Softmax   1  scores[1x16x1x1152]->y[1x16x1x1152]                 0.020ms    92.160 K      0.00   72.00 KiB      3.75
    8  O         0  x[1x1x2048]+w[4096x2048]->y[1x1x4096]               0.030ms    16.777 M      0.56   16.01 MiB    555.80
    9  Add      -1  a[1x1x4096]+b[1x1x4096]->y[1x1x4096]                0.011ms     4.096 K      0.00   24.00 KiB      2.33
   10  FFN_W3    0  x[1x1x4096]+w[5504x4096]->y[1x1x5504]               0.059ms    45.089 M      0.77   43.02 MiB    767.43
   11  FFN_W2    1  x[1x1x5504]+w[4096x5504]->y[1x1x4096]               0.051ms    45.089 M      0.89   43.02 MiB    889.91
   12  Add      -1  a[1x1x4096]+b[1x1x4096]->y[1x1x4096]                0.010ms     4.096 K      0.00   24.00 KiB      2.58
[gpu-debug] segment avg latency (cuda_events): 0.317 ms
[gpu-debug] sum(per-op)               : 0.417 ms (ratio=1.315)
[gpu-debug] NOTE: sum(per-op) may differ from segment latency due to Python overhead, event/launch overhead, and allocator/cache effects.
[gpu-debug] cuda mem before warmup: alloc=232.52 MiB reserved=254.00 MiB
[gpu-debug] cuda mem after warmup : alloc=237.05 MiB reserved=254.00 MiB
[gpu-debug] cuda mem peak (this segment): max_alloc=237.12 MiB max_reserved=254.00 MiB
========================================================================================
[gpu-debug] segment_key=npu|decode|3|b9bb60d957286896489e50322b6f73a4
[gpu-debug] sig: device_type=npu phase=decode step=3 (count_hint=1)
[gpu-debug] ops_repr: LN:-1,Q:0,K:0,Q:1,K:1,QK:0,QK:1,Softmax:0,Softmax:1,O:0,Add:-1,FFN_W3:0,FFN_W2:1,Add:-1
[gpu-debug] cfg: device=cuda dtype=torch.bfloat16 batch=1 dim=4096 ffn_dim=11008 n_heads=32 shards=2
[gpu-debug] op plan (with inferred tensor shapes):
  - op#00  op=LN       shard=-1  x=[1x1x4096] + w=[4096]  ->  y=[1x1x4096]  (T=1, K=1152)
  - op#01  op=Q        shard=0   x=[1x1x4096] + w=[2048x4096]  ->  y=[1x1x2048]  (T=1, K=1152)
  - op#02  op=K        shard=0   x=[1x1x4096] + w=[2048x4096]  ->  y=[1x1x2048]  (T=1, K=1152)
  - op#03  op=Q        shard=1   x=[1x1x4096] + w=[2048x4096]  ->  y=[1x1x2048]  (T=1, K=1152)
  - op#04  op=K        shard=1   x=[1x1x4096] + w=[2048x4096]  ->  y=[1x1x2048]  (T=1, K=1152)
  - op#05  op=QK       shard=0   q=[1x16x1x128] + k=[1x16x128x1152]  ->  y=[1x16x1x1152]  (T=1, K=1152)
  - op#06  op=QK       shard=1   q=[1x16x1x128] + k=[1x16x128x1152]  ->  y=[1x16x1x1152]  (T=1, K=1152)
  - op#07  op=Softmax  shard=0   scores=[1x16x1x1152]  ->  y=[1x16x1x1152]  (T=1, K=1152)
  - op#08  op=Softmax  shard=1   scores=[1x16x1x1152]  ->  y=[1x16x1x1152]  (T=1, K=1152)
  - op#09  op=O        shard=0   x=[1x1x2048] + w=[4096x2048]  ->  y=[1x1x4096]  (T=1, K=1152)
  - op#10  op=Add      shard=-1  a=[1x1x4096] + b=[1x1x4096]  ->  y=[1x1x4096]  (T=1, K=1152)
  - op#11  op=FFN_W3   shard=0   x=[1x1x4096] + w=[5504x4096]  ->  y=[1x1x5504]  (T=1, K=1152)
  - op#12  op=FFN_W2   shard=1   x=[1x1x5504] + w=[4096x5504]  ->  y=[1x1x4096]  (T=1, K=1152)
  - op#13  op=Add      shard=-1  a=[1x1x4096] + b=[1x1x4096]  ->  y=[1x1x4096]  (T=1, K=1152)
[gpu-debug] per-op timing breakdown (avg over iters):
  idx  op       sh  io                                                    time   est_flops    TFLOPs       bytes      GB/s
  ------------------------------------------------------------------------------------------------------------------------
    0  LN       -1  x[1x1x4096]+w[4096]->y[1x1x4096]                    0.070ms    20.480 K      0.00   24.00 KiB      0.35
    1  Q         0  x[1x1x4096]+w[2048x4096]->y[1x1x2048]               0.050ms    16.777 M      0.34   16.01 MiB    336.67
    2  K         0  x[1x1x4096]+w[2048x4096]->y[1x1x2048]               0.034ms    16.777 M      0.50   16.01 MiB    499.88
    3  Q         1  x[1x1x4096]+w[2048x4096]->y[1x1x2048]               0.033ms    16.777 M      0.51   16.01 MiB    509.19
    4  K         1  x[1x1x4096]+w[2048x4096]->y[1x1x2048]               0.033ms    16.777 M      0.51   16.01 MiB    513.98
    5  QK        0  q[1x16x1x128]+k[1x16x128x1152]->y[1x16x1x1152]      0.026ms     4.719 M      0.18    4.54 MiB    183.72
    6  QK        1  q[1x16x1x128]+k[1x16x128x1152]->y[1x16x1x1152]      0.041ms     4.719 M      0.12    4.54 MiB    117.37
    7  Softmax   0  scores[1x16x1x1152]->y[1x16x1x1152]                 0.029ms    92.160 K      0.00   72.00 KiB      2.53
    8  Softmax   1  scores[1x16x1x1152]->y[1x16x1x1152]                 0.020ms    92.160 K      0.00   72.00 KiB      3.69
    9  O         0  x[1x1x2048]+w[4096x2048]->y[1x1x4096]               0.031ms    16.777 M      0.54   16.01 MiB    537.57
   10  Add      -1  a[1x1x4096]+b[1x1x4096]->y[1x1x4096]                0.011ms     4.096 K      0.00   24.00 KiB      2.22
   11  FFN_W3    0  x[1x1x4096]+w[5504x4096]->y[1x1x5504]               0.059ms    45.089 M      0.76   43.02 MiB    763.44
   12  FFN_W2    1  x[1x1x5504]+w[4096x5504]->y[1x1x4096]               0.050ms    45.089 M      0.90   43.02 MiB    897.16
   13  Add      -1  a[1x1x4096]+b[1x1x4096]->y[1x1x4096]                0.009ms     4.096 K      0.00   24.00 KiB      2.64
[gpu-debug] segment avg latency (cuda_events): 0.359 ms
[gpu-debug] sum(per-op)               : 0.496 ms (ratio=1.381)
[gpu-debug] NOTE: sum(per-op) may differ from segment latency due to Python overhead, event/launch overhead, and allocator/cache effects.
[gpu-debug] cuda mem before warmup: alloc=237.05 MiB reserved=254.00 MiB
[gpu-debug] cuda mem after warmup : alloc=237.05 MiB reserved=254.00 MiB
[gpu-debug] cuda mem peak (this segment): max_alloc=237.12 MiB max_reserved=254.00 MiB
========================================================================================
[gpu-debug] segment_key=npu|decode|4|640d8d104afb310d48bef041f7a6f0e0
[gpu-debug] sig: device_type=npu phase=decode step=4 (count_hint=31)
[gpu-debug] ops_repr: Q:0,K:0,Q:1,K:1,QK:0,QK:1,Softmax:0,Softmax:1,O:0,Add:-1,FFN_W3:0,FFN_W2:1,Add:-1
[gpu-debug] cfg: device=cuda dtype=torch.bfloat16 batch=1 dim=4096 ffn_dim=11008 n_heads=32 shards=2
[gpu-debug] op plan (with inferred tensor shapes):
  - op#00  op=Q        shard=0   x=[1x1x4096] + w=[2048x4096]  ->  y=[1x1x2048]  (T=1, K=1216)
  - op#01  op=K        shard=0   x=[1x1x4096] + w=[2048x4096]  ->  y=[1x1x2048]  (T=1, K=1216)
  - op#02  op=Q        shard=1   x=[1x1x4096] + w=[2048x4096]  ->  y=[1x1x2048]  (T=1, K=1216)
  - op#03  op=K        shard=1   x=[1x1x4096] + w=[2048x4096]  ->  y=[1x1x2048]  (T=1, K=1216)
  - op#04  op=QK       shard=0   q=[1x16x1x128] + k=[1x16x128x1216]  ->  y=[1x16x1x1216]  (T=1, K=1216)
  - op#05  op=QK       shard=1   q=[1x16x1x128] + k=[1x16x128x1216]  ->  y=[1x16x1x1216]  (T=1, K=1216)
  - op#06  op=Softmax  shard=0   scores=[1x16x1x1216]  ->  y=[1x16x1x1216]  (T=1, K=1216)
  - op#07  op=Softmax  shard=1   scores=[1x16x1x1216]  ->  y=[1x16x1x1216]  (T=1, K=1216)
  - op#08  op=O        shard=0   x=[1x1x2048] + w=[4096x2048]  ->  y=[1x1x4096]  (T=1, K=1216)
  - op#09  op=Add      shard=-1  a=[1x1x4096] + b=[1x1x4096]  ->  y=[1x1x4096]  (T=1, K=1216)
  - op#10  op=FFN_W3   shard=0   x=[1x1x4096] + w=[5504x4096]  ->  y=[1x1x5504]  (T=1, K=1216)
  - op#11  op=FFN_W2   shard=1   x=[1x1x5504] + w=[4096x5504]  ->  y=[1x1x4096]  (T=1, K=1216)
  - op#12  op=Add      shard=-1  a=[1x1x4096] + b=[1x1x4096]  ->  y=[1x1x4096]  (T=1, K=1216)
[gpu-debug] per-op timing breakdown (avg over iters):
  idx  op       sh  io                                                    time   est_flops    TFLOPs       bytes      GB/s
  ------------------------------------------------------------------------------------------------------------------------
    0  Q         0  x[1x1x4096]+w[2048x4096]->y[1x1x2048]               0.046ms    16.777 M      0.36   16.01 MiB    362.74
    1  K         0  x[1x1x4096]+w[2048x4096]->y[1x1x2048]               0.033ms    16.777 M      0.51   16.01 MiB    507.62
    2  Q         1  x[1x1x4096]+w[2048x4096]->y[1x1x2048]               0.033ms    16.777 M      0.51   16.01 MiB    512.38
    3  K         1  x[1x1x4096]+w[2048x4096]->y[1x1x2048]               0.033ms    16.777 M      0.51   16.01 MiB    512.38
    4  QK        0  q[1x16x1x128]+k[1x16x128x1216]->y[1x16x1x1216]      0.026ms     4.981 M      0.19    4.79 MiB    190.89
    5  QK        1  q[1x16x1x128]+k[1x16x128x1216]->y[1x16x1x1216]      0.034ms     4.981 M      0.14    4.79 MiB    146.01
    6  Softmax   0  scores[1x16x1x1216]->y[1x16x1x1216]                 0.028ms    97.280 K      0.00   76.00 KiB      2.75
    7  Softmax   1  scores[1x16x1x1216]->y[1x16x1x1216]                 0.020ms    97.280 K      0.00   76.00 KiB      3.88
    8  O         0  x[1x1x2048]+w[4096x2048]->y[1x1x4096]               0.030ms    16.777 M      0.56   16.01 MiB    565.38
    9  Add      -1  a[1x1x4096]+b[1x1x4096]->y[1x1x4096]                0.010ms     4.096 K      0.00   24.00 KiB      2.42
   10  FFN_W3    0  x[1x1x4096]+w[5504x4096]->y[1x1x5504]               0.061ms    45.089 M      0.74   43.02 MiB    742.85
   11  FFN_W2    1  x[1x1x5504]+w[4096x5504]->y[1x1x4096]               0.051ms    45.089 M      0.89   43.02 MiB    888.12
   12  Add      -1  a[1x1x4096]+b[1x1x4096]->y[1x1x4096]                0.009ms     4.096 K      0.00   24.00 KiB      2.64
[gpu-debug] segment avg latency (cuda_events): 0.319 ms
[gpu-debug] sum(per-op)               : 0.415 ms (ratio=1.299)
[gpu-debug] NOTE: sum(per-op) may differ from segment latency due to Python overhead, event/launch overhead, and allocator/cache effects.
[gpu-debug] cuda mem before warmup: alloc=237.05 MiB reserved=254.00 MiB
[gpu-debug] cuda mem after warmup : alloc=241.84 MiB reserved=254.00 MiB
[gpu-debug] cuda mem peak (this segment): max_alloc=241.91 MiB max_reserved=254.00 MiB
========================================================================================
[gpu-debug] segment_key=npu|decode|4|b9bb60d957286896489e50322b6f73a4
[gpu-debug] sig: device_type=npu phase=decode step=4 (count_hint=1)
[gpu-debug] ops_repr: LN:-1,Q:0,K:0,Q:1,K:1,QK:0,QK:1,Softmax:0,Softmax:1,O:0,Add:-1,FFN_W3:0,FFN_W2:1,Add:-1
[gpu-debug] cfg: device=cuda dtype=torch.bfloat16 batch=1 dim=4096 ffn_dim=11008 n_heads=32 shards=2
[gpu-debug] op plan (with inferred tensor shapes):
  - op#00  op=LN       shard=-1  x=[1x1x4096] + w=[4096]  ->  y=[1x1x4096]  (T=1, K=1216)
  - op#01  op=Q        shard=0   x=[1x1x4096] + w=[2048x4096]  ->  y=[1x1x2048]  (T=1, K=1216)
  - op#02  op=K        shard=0   x=[1x1x4096] + w=[2048x4096]  ->  y=[1x1x2048]  (T=1, K=1216)
  - op#03  op=Q        shard=1   x=[1x1x4096] + w=[2048x4096]  ->  y=[1x1x2048]  (T=1, K=1216)
  - op#04  op=K        shard=1   x=[1x1x4096] + w=[2048x4096]  ->  y=[1x1x2048]  (T=1, K=1216)
  - op#05  op=QK       shard=0   q=[1x16x1x128] + k=[1x16x128x1216]  ->  y=[1x16x1x1216]  (T=1, K=1216)
  - op#06  op=QK       shard=1   q=[1x16x1x128] + k=[1x16x128x1216]  ->  y=[1x16x1x1216]  (T=1, K=1216)
  - op#07  op=Softmax  shard=0   scores=[1x16x1x1216]  ->  y=[1x16x1x1216]  (T=1, K=1216)
  - op#08  op=Softmax  shard=1   scores=[1x16x1x1216]  ->  y=[1x16x1x1216]  (T=1, K=1216)
  - op#09  op=O        shard=0   x=[1x1x2048] + w=[4096x2048]  ->  y=[1x1x4096]  (T=1, K=1216)
  - op#10  op=Add      shard=-1  a=[1x1x4096] + b=[1x1x4096]  ->  y=[1x1x4096]  (T=1, K=1216)
  - op#11  op=FFN_W3   shard=0   x=[1x1x4096] + w=[5504x4096]  ->  y=[1x1x5504]  (T=1, K=1216)
  - op#12  op=FFN_W2   shard=1   x=[1x1x5504] + w=[4096x5504]  ->  y=[1x1x4096]  (T=1, K=1216)
  - op#13  op=Add      shard=-1  a=[1x1x4096] + b=[1x1x4096]  ->  y=[1x1x4096]  (T=1, K=1216)
[gpu-debug] per-op timing breakdown (avg over iters):
  idx  op       sh  io                                                    time   est_flops    TFLOPs       bytes      GB/s
  ------------------------------------------------------------------------------------------------------------------------
    0  LN       -1  x[1x1x4096]+w[4096]->y[1x1x4096]                    0.069ms    20.480 K      0.00   24.00 KiB      0.35
    1  Q         0  x[1x1x4096]+w[2048x4096]->y[1x1x2048]               0.050ms    16.777 M      0.34   16.01 MiB    335.30
    2  K         0  x[1x1x4096]+w[2048x4096]->y[1x1x2048]               0.034ms    16.777 M      0.50   16.01 MiB    498.36
    3  Q         1  x[1x1x4096]+w[2048x4096]->y[1x1x2048]               0.033ms    16.777 M      0.51   16.01 MiB    510.78
    4  K         1  x[1x1x4096]+w[2048x4096]->y[1x1x2048]               0.033ms    16.777 M      0.51   16.01 MiB    510.78
    5  QK        0  q[1x16x1x128]+k[1x16x128x1216]->y[1x16x1x1216]      0.026ms     4.981 M      0.19    4.79 MiB    190.89
    6  QK        1  q[1x16x1x128]+k[1x16x128x1216]->y[1x16x1x1216]      0.038ms     4.981 M      0.13    4.79 MiB    132.24
    7  Softmax   0  scores[1x16x1x1216]->y[1x16x1x1216]                 0.030ms    97.280 K      0.00   76.00 KiB      2.63
    8  Softmax   1  scores[1x16x1x1216]->y[1x16x1x1216]                 0.020ms    97.280 K      0.00   76.00 KiB      3.88
    9  O         0  x[1x1x2048]+w[4096x2048]->y[1x1x4096]               0.030ms    16.777 M      0.56   16.01 MiB    557.69
   10  Add      -1  a[1x1x4096]+b[1x1x4096]->y[1x1x4096]                0.011ms     4.096 K      0.00   24.00 KiB      2.31
   11  FFN_W3    0  x[1x1x4096]+w[5504x4096]->y[1x1x5504]               0.059ms    45.089 M      0.76   43.02 MiB    759.50
   12  FFN_W2    1  x[1x1x5504]+w[4096x5504]->y[1x1x4096]               0.050ms    45.089 M      0.89   43.02 MiB    893.52
   13  Add      -1  a[1x1x4096]+b[1x1x4096]->y[1x1x4096]                0.009ms     4.096 K      0.00   24.00 KiB      2.61
[gpu-debug] segment avg latency (cuda_events): 0.359 ms
[gpu-debug] sum(per-op)               : 0.493 ms (ratio=1.373)
[gpu-debug] NOTE: sum(per-op) may differ from segment latency due to Python overhead, event/launch overhead, and allocator/cache effects.
[gpu-debug] cuda mem before warmup: alloc=241.84 MiB reserved=254.00 MiB
[gpu-debug] cuda mem after warmup : alloc=241.84 MiB reserved=254.00 MiB
[gpu-debug] cuda mem peak (this segment): max_alloc=241.91 MiB max_reserved=254.00 MiB
========================================================================================
[gpu-debug] segment_key=npu|decode|5|640d8d104afb310d48bef041f7a6f0e0
[gpu-debug] sig: device_type=npu phase=decode step=5 (count_hint=31)
[gpu-debug] ops_repr: Q:0,K:0,Q:1,K:1,QK:0,QK:1,Softmax:0,Softmax:1,O:0,Add:-1,FFN_W3:0,FFN_W2:1,Add:-1
[gpu-debug] cfg: device=cuda dtype=torch.bfloat16 batch=1 dim=4096 ffn_dim=11008 n_heads=32 shards=2
[gpu-debug] op plan (with inferred tensor shapes):
  - op#00  op=Q        shard=0   x=[1x1x4096] + w=[2048x4096]  ->  y=[1x1x2048]  (T=1, K=1280)
  - op#01  op=K        shard=0   x=[1x1x4096] + w=[2048x4096]  ->  y=[1x1x2048]  (T=1, K=1280)
  - op#02  op=Q        shard=1   x=[1x1x4096] + w=[2048x4096]  ->  y=[1x1x2048]  (T=1, K=1280)
  - op#03  op=K        shard=1   x=[1x1x4096] + w=[2048x4096]  ->  y=[1x1x2048]  (T=1, K=1280)
  - op#04  op=QK       shard=0   q=[1x16x1x128] + k=[1x16x128x1280]  ->  y=[1x16x1x1280]  (T=1, K=1280)
  - op#05  op=QK       shard=1   q=[1x16x1x128] + k=[1x16x128x1280]  ->  y=[1x16x1x1280]  (T=1, K=1280)
  - op#06  op=Softmax  shard=0   scores=[1x16x1x1280]  ->  y=[1x16x1x1280]  (T=1, K=1280)
  - op#07  op=Softmax  shard=1   scores=[1x16x1x1280]  ->  y=[1x16x1x1280]  (T=1, K=1280)
  - op#08  op=O        shard=0   x=[1x1x2048] + w=[4096x2048]  ->  y=[1x1x4096]  (T=1, K=1280)
  - op#09  op=Add      shard=-1  a=[1x1x4096] + b=[1x1x4096]  ->  y=[1x1x4096]  (T=1, K=1280)
  - op#10  op=FFN_W3   shard=0   x=[1x1x4096] + w=[5504x4096]  ->  y=[1x1x5504]  (T=1, K=1280)
  - op#11  op=FFN_W2   shard=1   x=[1x1x5504] + w=[4096x5504]  ->  y=[1x1x4096]  (T=1, K=1280)
  - op#12  op=Add      shard=-1  a=[1x1x4096] + b=[1x1x4096]  ->  y=[1x1x4096]  (T=1, K=1280)
[gpu-debug] per-op timing breakdown (avg over iters):
  idx  op       sh  io                                                    time   est_flops    TFLOPs       bytes      GB/s
  ------------------------------------------------------------------------------------------------------------------------
    0  Q         0  x[1x1x4096]+w[2048x4096]->y[1x1x2048]               0.046ms    16.777 M      0.36   16.01 MiB    363.55
    1  K         0  x[1x1x4096]+w[2048x4096]->y[1x1x2048]               0.033ms    16.777 M      0.50   16.01 MiB    502.94
    2  Q         1  x[1x1x4096]+w[2048x4096]->y[1x1x2048]               0.033ms    16.777 M      0.51   16.01 MiB    506.05
    3  K         1  x[1x1x4096]+w[2048x4096]->y[1x1x2048]               0.033ms    16.777 M      0.52   16.01 MiB    515.60
    4  QK        0  q[1x16x1x128]+k[1x16x128x1280]->y[1x16x1x1280]      0.027ms     5.243 M      0.19    5.04 MiB    195.61
    5  QK        1  q[1x16x1x128]+k[1x16x128x1280]->y[1x16x1x1280]      0.037ms     5.243 M      0.14    5.04 MiB    144.65
    6  Softmax   0  scores[1x16x1x1280]->y[1x16x1x1280]                 0.029ms   102.400 K      0.00   80.00 KiB      2.80
    7  Softmax   1  scores[1x16x1x1280]->y[1x16x1x1280]                 0.021ms   102.400 K      0.00   80.00 KiB      3.94
    8  O         0  x[1x1x2048]+w[4096x2048]->y[1x1x4096]               0.029ms    16.777 M      0.59   16.01 MiB    587.67
    9  Add      -1  a[1x1x4096]+b[1x1x4096]->y[1x1x4096]                0.011ms     4.096 K      0.00   24.00 KiB      2.29
   10  FFN_W3    0  x[1x1x4096]+w[5504x4096]->y[1x1x5504]               0.061ms    45.089 M      0.74   43.02 MiB    737.87
   11  FFN_W2    1  x[1x1x5504]+w[4096x5504]->y[1x1x4096]               0.051ms    45.089 M      0.89   43.02 MiB    889.91
   12  Add      -1  a[1x1x4096]+b[1x1x4096]->y[1x1x4096]                0.009ms     4.096 K      0.00   24.00 KiB      2.61
[gpu-debug] segment avg latency (cuda_events): 0.321 ms
[gpu-debug] sum(per-op)               : 0.420 ms (ratio=1.308)
[gpu-debug] NOTE: sum(per-op) may differ from segment latency due to Python overhead, event/launch overhead, and allocator/cache effects.
[gpu-debug] cuda mem before warmup: alloc=241.84 MiB reserved=254.00 MiB
[gpu-debug] cuda mem after warmup : alloc=246.88 MiB reserved=254.00 MiB
[gpu-debug] cuda mem peak (this segment): max_alloc=246.96 MiB max_reserved=254.00 MiB
========================================================================================
[gpu-debug] segment_key=npu|decode|5|b9bb60d957286896489e50322b6f73a4
[gpu-debug] sig: device_type=npu phase=decode step=5 (count_hint=1)
[gpu-debug] ops_repr: LN:-1,Q:0,K:0,Q:1,K:1,QK:0,QK:1,Softmax:0,Softmax:1,O:0,Add:-1,FFN_W3:0,FFN_W2:1,Add:-1
[gpu-debug] cfg: device=cuda dtype=torch.bfloat16 batch=1 dim=4096 ffn_dim=11008 n_heads=32 shards=2
[gpu-debug] op plan (with inferred tensor shapes):
  - op#00  op=LN       shard=-1  x=[1x1x4096] + w=[4096]  ->  y=[1x1x4096]  (T=1, K=1280)
  - op#01  op=Q        shard=0   x=[1x1x4096] + w=[2048x4096]  ->  y=[1x1x2048]  (T=1, K=1280)
  - op#02  op=K        shard=0   x=[1x1x4096] + w=[2048x4096]  ->  y=[1x1x2048]  (T=1, K=1280)
  - op#03  op=Q        shard=1   x=[1x1x4096] + w=[2048x4096]  ->  y=[1x1x2048]  (T=1, K=1280)
  - op#04  op=K        shard=1   x=[1x1x4096] + w=[2048x4096]  ->  y=[1x1x2048]  (T=1, K=1280)
  - op#05  op=QK       shard=0   q=[1x16x1x128] + k=[1x16x128x1280]  ->  y=[1x16x1x1280]  (T=1, K=1280)
  - op#06  op=QK       shard=1   q=[1x16x1x128] + k=[1x16x128x1280]  ->  y=[1x16x1x1280]  (T=1, K=1280)
  - op#07  op=Softmax  shard=0   scores=[1x16x1x1280]  ->  y=[1x16x1x1280]  (T=1, K=1280)
  - op#08  op=Softmax  shard=1   scores=[1x16x1x1280]  ->  y=[1x16x1x1280]  (T=1, K=1280)
  - op#09  op=O        shard=0   x=[1x1x2048] + w=[4096x2048]  ->  y=[1x1x4096]  (T=1, K=1280)
  - op#10  op=Add      shard=-1  a=[1x1x4096] + b=[1x1x4096]  ->  y=[1x1x4096]  (T=1, K=1280)
  - op#11  op=FFN_W3   shard=0   x=[1x1x4096] + w=[5504x4096]  ->  y=[1x1x5504]  (T=1, K=1280)
  - op#12  op=FFN_W2   shard=1   x=[1x1x5504] + w=[4096x5504]  ->  y=[1x1x4096]  (T=1, K=1280)
  - op#13  op=Add      shard=-1  a=[1x1x4096] + b=[1x1x4096]  ->  y=[1x1x4096]  (T=1, K=1280)
[gpu-debug] per-op timing breakdown (avg over iters):
  idx  op       sh  io                                                    time   est_flops    TFLOPs       bytes      GB/s
  ------------------------------------------------------------------------------------------------------------------------
    0  LN       -1  x[1x1x4096]+w[4096]->y[1x1x4096]                    0.069ms    20.480 K      0.00   24.00 KiB      0.35
    1  Q         0  x[1x1x4096]+w[2048x4096]->y[1x1x2048]               0.050ms    16.777 M      0.34   16.01 MiB    336.67
    2  K         0  x[1x1x4096]+w[2048x4096]->y[1x1x2048]               0.033ms    16.777 M      0.50   16.01 MiB    501.41
    3  Q         1  x[1x1x4096]+w[2048x4096]->y[1x1x2048]               0.033ms    16.777 M      0.51   16.01 MiB    512.38
    4  K         1  x[1x1x4096]+w[2048x4096]->y[1x1x2048]               0.033ms    16.777 M      0.51   16.01 MiB    513.98
    5  QK        0  q[1x16x1x128]+k[1x16x128x1280]->y[1x16x1x1280]      0.026ms     5.243 M      0.20    5.04 MiB    203.31
    6  QK        1  q[1x16x1x128]+k[1x16x128x1280]->y[1x16x1x1280]      0.039ms     5.243 M      0.13    5.04 MiB    134.13
    7  Softmax   0  scores[1x16x1x1280]->y[1x16x1x1280]                 0.030ms   102.400 K      0.00   80.00 KiB      2.69
    8  Softmax   1  scores[1x16x1x1280]->y[1x16x1x1280]                 0.021ms   102.400 K      0.00   80.00 KiB      3.94
    9  O         0  x[1x1x2048]+w[4096x2048]->y[1x1x4096]               0.029ms    16.777 M      0.58   16.01 MiB    577.32
   10  Add      -1  a[1x1x4096]+b[1x1x4096]->y[1x1x4096]                0.011ms     4.096 K      0.00   24.00 KiB      2.20
   11  FFN_W3    0  x[1x1x4096]+w[5504x4096]->y[1x1x5504]               0.060ms    45.089 M      0.75   43.02 MiB    753.00
   12  FFN_W2    1  x[1x1x5504]+w[4096x5504]->y[1x1x4096]               0.050ms    45.089 M      0.90   43.02 MiB    897.16
   13  Add      -1  a[1x1x4096]+b[1x1x4096]->y[1x1x4096]                0.009ms     4.096 K      0.00   24.00 KiB      2.64
[gpu-debug] segment avg latency (cuda_events): 0.363 ms
[gpu-debug] sum(per-op)               : 0.495 ms (ratio=1.363)
[gpu-debug] NOTE: sum(per-op) may differ from segment latency due to Python overhead, event/launch overhead, and allocator/cache effects.
[gpu-debug] cuda mem before warmup: alloc=246.88 MiB reserved=254.00 MiB
[gpu-debug] cuda mem after warmup : alloc=246.88 MiB reserved=254.00 MiB
[gpu-debug] cuda mem peak (this segment): max_alloc=246.96 MiB max_reserved=254.00 MiB
========================================================================================
[gpu-debug] segment_key=npu|decode|6|640d8d104afb310d48bef041f7a6f0e0
[gpu-debug] sig: device_type=npu phase=decode step=6 (count_hint=31)
[gpu-debug] ops_repr: Q:0,K:0,Q:1,K:1,QK:0,QK:1,Softmax:0,Softmax:1,O:0,Add:-1,FFN_W3:0,FFN_W2:1,Add:-1
[gpu-debug] cfg: device=cuda dtype=torch.bfloat16 batch=1 dim=4096 ffn_dim=11008 n_heads=32 shards=2
[gpu-debug] op plan (with inferred tensor shapes):
  - op#00  op=Q        shard=0   x=[1x1x4096] + w=[2048x4096]  ->  y=[1x1x2048]  (T=1, K=1344)
  - op#01  op=K        shard=0   x=[1x1x4096] + w=[2048x4096]  ->  y=[1x1x2048]  (T=1, K=1344)
  - op#02  op=Q        shard=1   x=[1x1x4096] + w=[2048x4096]  ->  y=[1x1x2048]  (T=1, K=1344)
  - op#03  op=K        shard=1   x=[1x1x4096] + w=[2048x4096]  ->  y=[1x1x2048]  (T=1, K=1344)
  - op#04  op=QK       shard=0   q=[1x16x1x128] + k=[1x16x128x1344]  ->  y=[1x16x1x1344]  (T=1, K=1344)
  - op#05  op=QK       shard=1   q=[1x16x1x128] + k=[1x16x128x1344]  ->  y=[1x16x1x1344]  (T=1, K=1344)
  - op#06  op=Softmax  shard=0   scores=[1x16x1x1344]  ->  y=[1x16x1x1344]  (T=1, K=1344)
  - op#07  op=Softmax  shard=1   scores=[1x16x1x1344]  ->  y=[1x16x1x1344]  (T=1, K=1344)
  - op#08  op=O        shard=0   x=[1x1x2048] + w=[4096x2048]  ->  y=[1x1x4096]  (T=1, K=1344)
  - op#09  op=Add      shard=-1  a=[1x1x4096] + b=[1x1x4096]  ->  y=[1x1x4096]  (T=1, K=1344)
  - op#10  op=FFN_W3   shard=0   x=[1x1x4096] + w=[5504x4096]  ->  y=[1x1x5504]  (T=1, K=1344)
  - op#11  op=FFN_W2   shard=1   x=[1x1x5504] + w=[4096x5504]  ->  y=[1x1x4096]  (T=1, K=1344)
  - op#12  op=Add      shard=-1  a=[1x1x4096] + b=[1x1x4096]  ->  y=[1x1x4096]  (T=1, K=1344)
[gpu-debug] per-op timing breakdown (avg over iters):
  idx  op       sh  io                                                    time   est_flops    TFLOPs       bytes      GB/s
  ------------------------------------------------------------------------------------------------------------------------
    0  Q         0  x[1x1x4096]+w[2048x4096]->y[1x1x2048]               0.046ms    16.777 M      0.36   16.01 MiB    362.74
    1  K         0  x[1x1x4096]+w[2048x4096]->y[1x1x2048]               0.033ms    16.777 M      0.50   16.01 MiB    501.41
    2  Q         1  x[1x1x4096]+w[2048x4096]->y[1x1x2048]               0.033ms    16.777 M      0.51   16.01 MiB    509.19
    3  K         1  x[1x1x4096]+w[2048x4096]->y[1x1x2048]               0.033ms    16.777 M      0.51   16.01 MiB    506.05
    4  QK        0  q[1x16x1x128]+k[1x16x128x1344]->y[1x16x1x1344]      0.028ms     5.505 M      0.20    5.29 MiB    200.07
    5  QK        1  q[1x16x1x128]+k[1x16x128x1344]->y[1x16x1x1344]      0.035ms     5.505 M      0.16    5.29 MiB    158.54
    6  Softmax   0  scores[1x16x1x1344]->y[1x16x1x1344]                 0.030ms   107.520 K      0.00   84.00 KiB      2.89
    7  Softmax   1  scores[1x16x1x1344]->y[1x16x1x1344]                 0.021ms   107.520 K      0.01   84.00 KiB      4.06
    8  O         0  x[1x1x2048]+w[4096x2048]->y[1x1x4096]               0.028ms    16.777 M      0.60   16.01 MiB    600.59
    9  Add      -1  a[1x1x4096]+b[1x1x4096]->y[1x1x4096]                0.010ms     4.096 K      0.00   24.00 KiB      2.50
   10  FFN_W3    0  x[1x1x4096]+w[5504x4096]->y[1x1x5504]               0.059ms    45.089 M      0.76   43.02 MiB    763.44
   11  FFN_W2    1  x[1x1x5504]+w[4096x5504]->y[1x1x4096]               0.051ms    45.089 M      0.89   43.02 MiB    888.12
   12  Add      -1  a[1x1x4096]+b[1x1x4096]->y[1x1x4096]                0.009ms     4.096 K      0.00   24.00 KiB      2.61
[gpu-debug] segment avg latency (cuda_events): 0.323 ms
[gpu-debug] sum(per-op)               : 0.417 ms (ratio=1.289)
[gpu-debug] NOTE: sum(per-op) may differ from segment latency due to Python overhead, event/launch overhead, and allocator/cache effects.
[gpu-debug] cuda mem before warmup: alloc=246.88 MiB reserved=254.00 MiB
[gpu-debug] cuda mem after warmup : alloc=252.17 MiB reserved=274.00 MiB
[gpu-debug] cuda mem peak (this segment): max_alloc=252.25 MiB max_reserved=274.00 MiB
========================================================================================
[gpu-debug] segment_key=npu|decode|6|b9bb60d957286896489e50322b6f73a4
[gpu-debug] sig: device_type=npu phase=decode step=6 (count_hint=1)
[gpu-debug] ops_repr: LN:-1,Q:0,K:0,Q:1,K:1,QK:0,QK:1,Softmax:0,Softmax:1,O:0,Add:-1,FFN_W3:0,FFN_W2:1,Add:-1
[gpu-debug] cfg: device=cuda dtype=torch.bfloat16 batch=1 dim=4096 ffn_dim=11008 n_heads=32 shards=2
[gpu-debug] op plan (with inferred tensor shapes):
  - op#00  op=LN       shard=-1  x=[1x1x4096] + w=[4096]  ->  y=[1x1x4096]  (T=1, K=1344)
  - op#01  op=Q        shard=0   x=[1x1x4096] + w=[2048x4096]  ->  y=[1x1x2048]  (T=1, K=1344)
  - op#02  op=K        shard=0   x=[1x1x4096] + w=[2048x4096]  ->  y=[1x1x2048]  (T=1, K=1344)
  - op#03  op=Q        shard=1   x=[1x1x4096] + w=[2048x4096]  ->  y=[1x1x2048]  (T=1, K=1344)
  - op#04  op=K        shard=1   x=[1x1x4096] + w=[2048x4096]  ->  y=[1x1x2048]  (T=1, K=1344)
  - op#05  op=QK       shard=0   q=[1x16x1x128] + k=[1x16x128x1344]  ->  y=[1x16x1x1344]  (T=1, K=1344)
  - op#06  op=QK       shard=1   q=[1x16x1x128] + k=[1x16x128x1344]  ->  y=[1x16x1x1344]  (T=1, K=1344)
  - op#07  op=Softmax  shard=0   scores=[1x16x1x1344]  ->  y=[1x16x1x1344]  (T=1, K=1344)
  - op#08  op=Softmax  shard=1   scores=[1x16x1x1344]  ->  y=[1x16x1x1344]  (T=1, K=1344)
  - op#09  op=O        shard=0   x=[1x1x2048] + w=[4096x2048]  ->  y=[1x1x4096]  (T=1, K=1344)
  - op#10  op=Add      shard=-1  a=[1x1x4096] + b=[1x1x4096]  ->  y=[1x1x4096]  (T=1, K=1344)
  - op#11  op=FFN_W3   shard=0   x=[1x1x4096] + w=[5504x4096]  ->  y=[1x1x5504]  (T=1, K=1344)
  - op#12  op=FFN_W2   shard=1   x=[1x1x5504] + w=[4096x5504]  ->  y=[1x1x4096]  (T=1, K=1344)
  - op#13  op=Add      shard=-1  a=[1x1x4096] + b=[1x1x4096]  ->  y=[1x1x4096]  (T=1, K=1344)
[gpu-debug] per-op timing breakdown (avg over iters):
  idx  op       sh  io                                                    time   est_flops    TFLOPs       bytes      GB/s
  ------------------------------------------------------------------------------------------------------------------------
    0  LN       -1  x[1x1x4096]+w[4096]->y[1x1x4096]                    0.070ms    20.480 K      0.00   24.00 KiB      0.35
    1  Q         0  x[1x1x4096]+w[2048x4096]->y[1x1x2048]               0.050ms    16.777 M      0.33   16.01 MiB    332.58
    2  K         0  x[1x1x4096]+w[2048x4096]->y[1x1x2048]               0.033ms    16.777 M      0.51   16.01 MiB    507.62
    3  Q         1  x[1x1x4096]+w[2048x4096]->y[1x1x2048]               0.033ms    16.777 M      0.50   16.01 MiB    504.49
    4  K         1  x[1x1x4096]+w[2048x4096]->y[1x1x2048]               0.032ms    16.777 M      0.52   16.01 MiB    518.86
    5  QK        0  q[1x16x1x128]+k[1x16x128x1344]->y[1x16x1x1344]      0.028ms     5.505 M      0.20    5.29 MiB    198.61
    6  QK        1  q[1x16x1x128]+k[1x16x128x1344]->y[1x16x1x1344]      0.039ms     5.505 M      0.14    5.29 MiB    143.06
    7  Softmax   0  scores[1x16x1x1344]->y[1x16x1x1344]                 0.031ms   107.520 K      0.00   84.00 KiB      2.80
    8  Softmax   1  scores[1x16x1x1344]->y[1x16x1x1344]                 0.021ms   107.520 K      0.01   84.00 KiB      4.06
    9  O         0  x[1x1x2048]+w[4096x2048]->y[1x1x4096]               0.029ms    16.777 M      0.58   16.01 MiB    583.49
   10  Add      -1  a[1x1x4096]+b[1x1x4096]->y[1x1x4096]                0.010ms     4.096 K      0.00   24.00 KiB      2.38
   11  FFN_W3    0  x[1x1x4096]+w[5504x4096]->y[1x1x5504]               0.060ms    45.089 M      0.75   43.02 MiB    753.00
   12  FFN_W2    1  x[1x1x5504]+w[4096x5504]->y[1x1x4096]               0.050ms    45.089 M      0.89   43.02 MiB    895.34
   13  Add      -1  a[1x1x4096]+b[1x1x4096]->y[1x1x4096]                0.009ms     4.096 K      0.00   24.00 KiB      2.64
[gpu-debug] segment avg latency (cuda_events): 0.366 ms
[gpu-debug] sum(per-op)               : 0.496 ms (ratio=1.354)
[gpu-debug] NOTE: sum(per-op) may differ from segment latency due to Python overhead, event/launch overhead, and allocator/cache effects.
[gpu-debug] cuda mem before warmup: alloc=252.17 MiB reserved=274.00 MiB
[gpu-debug] cuda mem after warmup : alloc=252.17 MiB reserved=274.00 MiB
[gpu-debug] cuda mem peak (this segment): max_alloc=252.25 MiB max_reserved=274.00 MiB
========================================================================================
[gpu-debug] segment_key=npu|decode|7|640d8d104afb310d48bef041f7a6f0e0
[gpu-debug] sig: device_type=npu phase=decode step=7 (count_hint=31)
[gpu-debug] ops_repr: Q:0,K:0,Q:1,K:1,QK:0,QK:1,Softmax:0,Softmax:1,O:0,Add:-1,FFN_W3:0,FFN_W2:1,Add:-1
[gpu-debug] cfg: device=cuda dtype=torch.bfloat16 batch=1 dim=4096 ffn_dim=11008 n_heads=32 shards=2
[gpu-debug] op plan (with inferred tensor shapes):
  - op#00  op=Q        shard=0   x=[1x1x4096] + w=[2048x4096]  ->  y=[1x1x2048]  (T=1, K=1408)
  - op#01  op=K        shard=0   x=[1x1x4096] + w=[2048x4096]  ->  y=[1x1x2048]  (T=1, K=1408)
  - op#02  op=Q        shard=1   x=[1x1x4096] + w=[2048x4096]  ->  y=[1x1x2048]  (T=1, K=1408)
  - op#03  op=K        shard=1   x=[1x1x4096] + w=[2048x4096]  ->  y=[1x1x2048]  (T=1, K=1408)
  - op#04  op=QK       shard=0   q=[1x16x1x128] + k=[1x16x128x1408]  ->  y=[1x16x1x1408]  (T=1, K=1408)
  - op#05  op=QK       shard=1   q=[1x16x1x128] + k=[1x16x128x1408]  ->  y=[1x16x1x1408]  (T=1, K=1408)
  - op#06  op=Softmax  shard=0   scores=[1x16x1x1408]  ->  y=[1x16x1x1408]  (T=1, K=1408)
  - op#07  op=Softmax  shard=1   scores=[1x16x1x1408]  ->  y=[1x16x1x1408]  (T=1, K=1408)
  - op#08  op=O        shard=0   x=[1x1x2048] + w=[4096x2048]  ->  y=[1x1x4096]  (T=1, K=1408)
  - op#09  op=Add      shard=-1  a=[1x1x4096] + b=[1x1x4096]  ->  y=[1x1x4096]  (T=1, K=1408)
  - op#10  op=FFN_W3   shard=0   x=[1x1x4096] + w=[5504x4096]  ->  y=[1x1x5504]  (T=1, K=1408)
  - op#11  op=FFN_W2   shard=1   x=[1x1x5504] + w=[4096x5504]  ->  y=[1x1x4096]  (T=1, K=1408)
  - op#12  op=Add      shard=-1  a=[1x1x4096] + b=[1x1x4096]  ->  y=[1x1x4096]  (T=1, K=1408)
[gpu-debug] per-op timing breakdown (avg over iters):
  idx  op       sh  io                                                    time   est_flops    TFLOPs       bytes      GB/s
  ------------------------------------------------------------------------------------------------------------------------
    0  Q         0  x[1x1x4096]+w[2048x4096]->y[1x1x2048]               0.046ms    16.777 M      0.36   16.01 MiB    363.55
    1  K         0  x[1x1x4096]+w[2048x4096]->y[1x1x2048]               0.033ms    16.777 M      0.50   16.01 MiB    502.94
    2  Q         1  x[1x1x4096]+w[2048x4096]->y[1x1x2048]               0.032ms    16.777 M      0.52   16.01 MiB    517.22
    3  K         1  x[1x1x4096]+w[2048x4096]->y[1x1x2048]               0.033ms    16.777 M      0.51   16.01 MiB    507.62
    4  QK        0  q[1x16x1x128]+k[1x16x128x1408]->y[1x16x1x1408]      0.028ms     5.767 M      0.21    5.55 MiB    209.59
    5  QK        1  q[1x16x1x128]+k[1x16x128x1408]->y[1x16x1x1408]      0.036ms     5.767 M      0.16    5.55 MiB    163.69
    6  Softmax   0  scores[1x16x1x1408]->y[1x16x1x1408]                 0.030ms   112.640 K      0.00   88.00 KiB      3.00
    7  Softmax   1  scores[1x16x1x1408]->y[1x16x1x1408]                 0.022ms   112.640 K      0.01   88.00 KiB      4.19
    8  O         0  x[1x1x2048]+w[4096x2048]->y[1x1x4096]               0.029ms    16.777 M      0.57   16.01 MiB    569.31
    9  Add      -1  a[1x1x4096]+b[1x1x4096]->y[1x1x4096]                0.012ms     4.096 K      0.00   24.00 KiB      2.12
   10  FFN_W3    0  x[1x1x4096]+w[5504x4096]->y[1x1x5504]               0.059ms    45.089 M      0.76   43.02 MiB    758.19
   11  FFN_W2    1  x[1x1x5504]+w[4096x5504]->y[1x1x4096]               0.051ms    45.089 M      0.89   43.02 MiB    891.72
   12  Add      -1  a[1x1x4096]+b[1x1x4096]->y[1x1x4096]                0.010ms     4.096 K      0.00   24.00 KiB      2.58
[gpu-debug] segment avg latency (cuda_events): 0.324 ms
[gpu-debug] sum(per-op)               : 0.421 ms (ratio=1.297)
[gpu-debug] NOTE: sum(per-op) may differ from segment latency due to Python overhead, event/launch overhead, and allocator/cache effects.
[gpu-debug] cuda mem before warmup: alloc=252.17 MiB reserved=274.00 MiB
[gpu-debug] cuda mem after warmup : alloc=257.71 MiB reserved=274.00 MiB
[gpu-debug] cuda mem peak (this segment): max_alloc=257.80 MiB max_reserved=274.00 MiB
========================================================================================
[gpu-debug] segment_key=npu|decode|7|b9bb60d957286896489e50322b6f73a4
[gpu-debug] sig: device_type=npu phase=decode step=7 (count_hint=1)
[gpu-debug] ops_repr: LN:-1,Q:0,K:0,Q:1,K:1,QK:0,QK:1,Softmax:0,Softmax:1,O:0,Add:-1,FFN_W3:0,FFN_W2:1,Add:-1
[gpu-debug] cfg: device=cuda dtype=torch.bfloat16 batch=1 dim=4096 ffn_dim=11008 n_heads=32 shards=2
[gpu-debug] op plan (with inferred tensor shapes):
  - op#00  op=LN       shard=-1  x=[1x1x4096] + w=[4096]  ->  y=[1x1x4096]  (T=1, K=1408)
  - op#01  op=Q        shard=0   x=[1x1x4096] + w=[2048x4096]  ->  y=[1x1x2048]  (T=1, K=1408)
  - op#02  op=K        shard=0   x=[1x1x4096] + w=[2048x4096]  ->  y=[1x1x2048]  (T=1, K=1408)
  - op#03  op=Q        shard=1   x=[1x1x4096] + w=[2048x4096]  ->  y=[1x1x2048]  (T=1, K=1408)
  - op#04  op=K        shard=1   x=[1x1x4096] + w=[2048x4096]  ->  y=[1x1x2048]  (T=1, K=1408)
  - op#05  op=QK       shard=0   q=[1x16x1x128] + k=[1x16x128x1408]  ->  y=[1x16x1x1408]  (T=1, K=1408)
  - op#06  op=QK       shard=1   q=[1x16x1x128] + k=[1x16x128x1408]  ->  y=[1x16x1x1408]  (T=1, K=1408)
  - op#07  op=Softmax  shard=0   scores=[1x16x1x1408]  ->  y=[1x16x1x1408]  (T=1, K=1408)
  - op#08  op=Softmax  shard=1   scores=[1x16x1x1408]  ->  y=[1x16x1x1408]  (T=1, K=1408)
  - op#09  op=O        shard=0   x=[1x1x2048] + w=[4096x2048]  ->  y=[1x1x4096]  (T=1, K=1408)
  - op#10  op=Add      shard=-1  a=[1x1x4096] + b=[1x1x4096]  ->  y=[1x1x4096]  (T=1, K=1408)
  - op#11  op=FFN_W3   shard=0   x=[1x1x4096] + w=[5504x4096]  ->  y=[1x1x5504]  (T=1, K=1408)
  - op#12  op=FFN_W2   shard=1   x=[1x1x5504] + w=[4096x5504]  ->  y=[1x1x4096]  (T=1, K=1408)
  - op#13  op=Add      shard=-1  a=[1x1x4096] + b=[1x1x4096]  ->  y=[1x1x4096]  (T=1, K=1408)
[gpu-debug] per-op timing breakdown (avg over iters):
  idx  op       sh  io                                                    time   est_flops    TFLOPs       bytes      GB/s
  ------------------------------------------------------------------------------------------------------------------------
    0  LN       -1  x[1x1x4096]+w[4096]->y[1x1x4096]                    0.069ms    20.480 K      0.00   24.00 KiB      0.36
    1  Q         0  x[1x1x4096]+w[2048x4096]->y[1x1x2048]               0.042ms    16.777 M      0.40   16.01 MiB    397.00
    2  K         0  x[1x1x4096]+w[2048x4096]->y[1x1x2048]               0.031ms    16.777 M      0.54   16.01 MiB    544.72
    3  Q         1  x[1x1x4096]+w[2048x4096]->y[1x1x2048]               0.029ms    16.777 M      0.58   16.01 MiB    579.36
    4  K         1  x[1x1x4096]+w[2048x4096]->y[1x1x2048]               0.028ms    16.777 M      0.60   16.01 MiB    600.59
    5  QK        0  q[1x16x1x128]+k[1x16x128x1408]->y[1x16x1x1408]      0.043ms     5.767 M      0.14    5.55 MiB    136.21
    6  QK        1  q[1x16x1x128]+k[1x16x128x1408]->y[1x16x1x1408]      0.044ms     5.767 M      0.13    5.55 MiB    133.33
    7  Softmax   0  scores[1x16x1x1408]->y[1x16x1x1408]                 0.024ms   112.640 K      0.00   88.00 KiB      3.78
    8  Softmax   1  scores[1x16x1x1408]->y[1x16x1x1408]                 0.016ms   112.640 K      0.01   88.00 KiB      5.75
    9  O         0  x[1x1x2048]+w[4096x2048]->y[1x1x4096]               0.037ms    16.777 M      0.45   16.01 MiB    454.18
   10  Add      -1  a[1x1x4096]+b[1x1x4096]->y[1x1x4096]                0.016ms     4.096 K      0.00   24.00 KiB      1.57
   11  FFN_W3    0  x[1x1x4096]+w[5504x4096]->y[1x1x5504]               0.055ms    45.089 M      0.82   43.02 MiB    815.75
   12  FFN_W2    1  x[1x1x5504]+w[4096x5504]->y[1x1x4096]               0.043ms    45.089 M      1.04   43.02 MiB   1038.93
   13  Add      -1  a[1x1x4096]+b[1x1x4096]->y[1x1x4096]                0.006ms     4.096 K      0.00   24.00 KiB      3.93
[gpu-debug] segment avg latency (cuda_events): 0.326 ms
[gpu-debug] sum(per-op)               : 0.482 ms (ratio=1.481)
[gpu-debug] NOTE: sum(per-op) may differ from segment latency due to Python overhead, event/launch overhead, and allocator/cache effects.
[gpu-debug] cuda mem before warmup: alloc=257.71 MiB reserved=274.00 MiB
[gpu-debug] cuda mem after warmup : alloc=257.71 MiB reserved=274.00 MiB
[gpu-debug] cuda mem peak (this segment): max_alloc=257.80 MiB max_reserved=274.00 MiB
========================================================================================
[gpu-debug] segment_key=npu|decode|8|640d8d104afb310d48bef041f7a6f0e0
[gpu-debug] sig: device_type=npu phase=decode step=8 (count_hint=31)
[gpu-debug] ops_repr: Q:0,K:0,Q:1,K:1,QK:0,QK:1,Softmax:0,Softmax:1,O:0,Add:-1,FFN_W3:0,FFN_W2:1,Add:-1
[gpu-debug] cfg: device=cuda dtype=torch.bfloat16 batch=1 dim=4096 ffn_dim=11008 n_heads=32 shards=2
[gpu-debug] op plan (with inferred tensor shapes):
  - op#00  op=Q        shard=0   x=[1x1x4096] + w=[2048x4096]  ->  y=[1x1x2048]  (T=1, K=1472)
  - op#01  op=K        shard=0   x=[1x1x4096] + w=[2048x4096]  ->  y=[1x1x2048]  (T=1, K=1472)
  - op#02  op=Q        shard=1   x=[1x1x4096] + w=[2048x4096]  ->  y=[1x1x2048]  (T=1, K=1472)
  - op#03  op=K        shard=1   x=[1x1x4096] + w=[2048x4096]  ->  y=[1x1x2048]  (T=1, K=1472)
  - op#04  op=QK       shard=0   q=[1x16x1x128] + k=[1x16x128x1472]  ->  y=[1x16x1x1472]  (T=1, K=1472)
  - op#05  op=QK       shard=1   q=[1x16x1x128] + k=[1x16x128x1472]  ->  y=[1x16x1x1472]  (T=1, K=1472)
  - op#06  op=Softmax  shard=0   scores=[1x16x1x1472]  ->  y=[1x16x1x1472]  (T=1, K=1472)
  - op#07  op=Softmax  shard=1   scores=[1x16x1x1472]  ->  y=[1x16x1x1472]  (T=1, K=1472)
  - op#08  op=O        shard=0   x=[1x1x2048] + w=[4096x2048]  ->  y=[1x1x4096]  (T=1, K=1472)
  - op#09  op=Add      shard=-1  a=[1x1x4096] + b=[1x1x4096]  ->  y=[1x1x4096]  (T=1, K=1472)
  - op#10  op=FFN_W3   shard=0   x=[1x1x4096] + w=[5504x4096]  ->  y=[1x1x5504]  (T=1, K=1472)
  - op#11  op=FFN_W2   shard=1   x=[1x1x5504] + w=[4096x5504]  ->  y=[1x1x4096]  (T=1, K=1472)
  - op#12  op=Add      shard=-1  a=[1x1x4096] + b=[1x1x4096]  ->  y=[1x1x4096]  (T=1, K=1472)
[gpu-debug] per-op timing breakdown (avg over iters):
  idx  op       sh  io                                                    time   est_flops    TFLOPs       bytes      GB/s
  ------------------------------------------------------------------------------------------------------------------------
    0  Q         0  x[1x1x4096]+w[2048x4096]->y[1x1x2048]               0.039ms    16.777 M      0.43   16.01 MiB    430.34
    1  K         0  x[1x1x4096]+w[2048x4096]->y[1x1x2048]               0.030ms    16.777 M      0.56   16.01 MiB    559.59
    2  Q         1  x[1x1x4096]+w[2048x4096]->y[1x1x2048]               0.028ms    16.777 M      0.61   16.01 MiB    607.26
    3  K         1  x[1x1x4096]+w[2048x4096]->y[1x1x2048]               0.027ms    16.777 M      0.62   16.01 MiB    623.42
    4  QK        0  q[1x16x1x128]+k[1x16x128x1472]->y[1x16x1x1472]      0.044ms     6.029 M      0.14    5.80 MiB    139.06
    5  QK        1  q[1x16x1x128]+k[1x16x128x1472]->y[1x16x1x1472]      0.043ms     6.029 M      0.14    5.80 MiB    140.05
    6  Softmax   0  scores[1x16x1x1472]->y[1x16x1x1472]                 0.023ms   117.760 K      0.01   92.00 KiB      4.11
    7  Softmax   1  scores[1x16x1x1472]->y[1x16x1x1472]                 0.016ms   117.760 K      0.01   92.00 KiB      5.79
    8  O         0  x[1x1x2048]+w[4096x2048]->y[1x1x4096]               0.037ms    16.777 M      0.46   16.01 MiB    456.71
    9  Add      -1  a[1x1x4096]+b[1x1x4096]->y[1x1x4096]                0.015ms     4.096 K      0.00   24.00 KiB      1.63
   10  FFN_W3    0  x[1x1x4096]+w[5504x4096]->y[1x1x5504]               0.055ms    45.089 M      0.82   43.02 MiB    823.38
   11  FFN_W2    1  x[1x1x5504]+w[4096x5504]->y[1x1x4096]               0.043ms    45.089 M      1.05   43.02 MiB   1046.34
   12  Add      -1  a[1x1x4096]+b[1x1x4096]->y[1x1x4096]                0.006ms     4.096 K      0.00   24.00 KiB      3.81
[gpu-debug] segment avg latency (cuda_events): 0.250 ms
[gpu-debug] sum(per-op)               : 0.406 ms (ratio=1.624)
[gpu-debug] NOTE: sum(per-op) may differ from segment latency due to Python overhead, event/launch overhead, and allocator/cache effects.
[gpu-debug] cuda mem before warmup: alloc=257.71 MiB reserved=274.00 MiB
[gpu-debug] cuda mem after warmup : alloc=263.51 MiB reserved=274.00 MiB
[gpu-debug] cuda mem peak (this segment): max_alloc=263.60 MiB max_reserved=274.00 MiB
========================================================================================
[gpu-debug] segment_key=npu|decode|8|b9bb60d957286896489e50322b6f73a4
[gpu-debug] sig: device_type=npu phase=decode step=8 (count_hint=1)
[gpu-debug] ops_repr: LN:-1,Q:0,K:0,Q:1,K:1,QK:0,QK:1,Softmax:0,Softmax:1,O:0,Add:-1,FFN_W3:0,FFN_W2:1,Add:-1
[gpu-debug] cfg: device=cuda dtype=torch.bfloat16 batch=1 dim=4096 ffn_dim=11008 n_heads=32 shards=2
[gpu-debug] op plan (with inferred tensor shapes):
  - op#00  op=LN       shard=-1  x=[1x1x4096] + w=[4096]  ->  y=[1x1x4096]  (T=1, K=1472)
  - op#01  op=Q        shard=0   x=[1x1x4096] + w=[2048x4096]  ->  y=[1x1x2048]  (T=1, K=1472)
  - op#02  op=K        shard=0   x=[1x1x4096] + w=[2048x4096]  ->  y=[1x1x2048]  (T=1, K=1472)
  - op#03  op=Q        shard=1   x=[1x1x4096] + w=[2048x4096]  ->  y=[1x1x2048]  (T=1, K=1472)
  - op#04  op=K        shard=1   x=[1x1x4096] + w=[2048x4096]  ->  y=[1x1x2048]  (T=1, K=1472)
  - op#05  op=QK       shard=0   q=[1x16x1x128] + k=[1x16x128x1472]  ->  y=[1x16x1x1472]  (T=1, K=1472)
  - op#06  op=QK       shard=1   q=[1x16x1x128] + k=[1x16x128x1472]  ->  y=[1x16x1x1472]  (T=1, K=1472)
  - op#07  op=Softmax  shard=0   scores=[1x16x1x1472]  ->  y=[1x16x1x1472]  (T=1, K=1472)
  - op#08  op=Softmax  shard=1   scores=[1x16x1x1472]  ->  y=[1x16x1x1472]  (T=1, K=1472)
  - op#09  op=O        shard=0   x=[1x1x2048] + w=[4096x2048]  ->  y=[1x1x4096]  (T=1, K=1472)
  - op#10  op=Add      shard=-1  a=[1x1x4096] + b=[1x1x4096]  ->  y=[1x1x4096]  (T=1, K=1472)
  - op#11  op=FFN_W3   shard=0   x=[1x1x4096] + w=[5504x4096]  ->  y=[1x1x5504]  (T=1, K=1472)
  - op#12  op=FFN_W2   shard=1   x=[1x1x5504] + w=[4096x5504]  ->  y=[1x1x4096]  (T=1, K=1472)
  - op#13  op=Add      shard=-1  a=[1x1x4096] + b=[1x1x4096]  ->  y=[1x1x4096]  (T=1, K=1472)
[gpu-debug] per-op timing breakdown (avg over iters):
  idx  op       sh  io                                                    time   est_flops    TFLOPs       bytes      GB/s
  ------------------------------------------------------------------------------------------------------------------------
    0  LN       -1  x[1x1x4096]+w[4096]->y[1x1x4096]                    0.070ms    20.480 K      0.00   24.00 KiB      0.35
    1  Q         0  x[1x1x4096]+w[2048x4096]->y[1x1x2048]               0.043ms    16.777 M      0.39   16.01 MiB    394.13
    2  K         0  x[1x1x4096]+w[2048x4096]->y[1x1x2048]               0.031ms    16.777 M      0.54   16.01 MiB    537.57
    3  Q         1  x[1x1x4096]+w[2048x4096]->y[1x1x2048]               0.028ms    16.777 M      0.60   16.01 MiB    602.79
    4  K         1  x[1x1x4096]+w[2048x4096]->y[1x1x2048]               0.028ms    16.777 M      0.60   16.01 MiB    596.22
    5  QK        0  q[1x16x1x128]+k[1x16x128x1472]->y[1x16x1x1472]      0.042ms     6.029 M      0.14    5.80 MiB    143.08
    6  QK        1  q[1x16x1x128]+k[1x16x128x1472]->y[1x16x1x1472]      0.042ms     6.029 M      0.14    5.80 MiB    143.43
    7  Softmax   0  scores[1x16x1x1472]->y[1x16x1x1472]                 0.024ms   117.760 K      0.00   92.00 KiB      3.88
    8  Softmax   1  scores[1x16x1x1472]->y[1x16x1x1472]                 0.016ms   117.760 K      0.01   92.00 KiB      6.05
    9  O         0  x[1x1x2048]+w[4096x2048]->y[1x1x4096]               0.037ms    16.777 M      0.45   16.01 MiB    449.21
   10  Add      -1  a[1x1x4096]+b[1x1x4096]->y[1x1x4096]                0.015ms     4.096 K      0.00   24.00 KiB      1.60
   11  FFN_W3    0  x[1x1x4096]+w[5504x4096]->y[1x1x5504]               0.055ms    45.089 M      0.82   43.02 MiB    823.38
   12  FFN_W2    1  x[1x1x5504]+w[4096x5504]->y[1x1x4096]               0.043ms    45.089 M      1.05   43.02 MiB   1046.34
   13  Add      -1  a[1x1x4096]+b[1x1x4096]->y[1x1x4096]                0.006ms     4.096 K      0.00   24.00 KiB      3.81
[gpu-debug] segment avg latency (cuda_events): 0.278 ms
[gpu-debug] sum(per-op)               : 0.481 ms (ratio=1.731)
[gpu-debug] NOTE: sum(per-op) may differ from segment latency due to Python overhead, event/launch overhead, and allocator/cache effects.
[gpu-debug] cuda mem before warmup: alloc=263.51 MiB reserved=274.00 MiB
[gpu-debug] cuda mem after warmup : alloc=263.51 MiB reserved=274.00 MiB
[gpu-debug] cuda mem peak (this segment): max_alloc=263.60 MiB max_reserved=274.00 MiB
========================================================================================
[gpu-debug] segment_key=npu|prefill|-1|7f370cc7d97df3530a56c775d62964d4
[gpu-debug] sig: device_type=npu phase=prefill step=-1 (count_hint=32)
[gpu-debug] ops_repr: LN:-1,Q:0,K:0,V:0,Q:1,K:1,V:1,QK:0,QK:1,Softmax:0,Softmax:1,SV:0,SV:1,O:0,O:1,Add:-1,LN:-1,FFN_W1:0,FFN_W3:0,FFN_W1:1,FFN_W3:1,SwiGLU:0,SwiGLU:1,FFN_W2:0,FFN_W2:1,Add:-1
[gpu-debug] cfg: device=cuda dtype=torch.bfloat16 batch=1 dim=4096 ffn_dim=11008 n_heads=32 shards=2
[gpu-debug] op plan (with inferred tensor shapes):
  - op#00  op=LN       shard=-1  x=[1x1024x4096] + w=[4096]  ->  y=[1x1024x4096]  (T=1024, K=1024)
  - op#01  op=Q        shard=0   x=[1x1024x4096] + w=[2048x4096]  ->  y=[1x1024x2048]  (T=1024, K=1024)
  - op#02  op=K        shard=0   x=[1x1024x4096] + w=[2048x4096]  ->  y=[1x1024x2048]  (T=1024, K=1024)
  - op#03  op=V        shard=0   x=[1x1024x4096] + w=[2048x4096]  ->  y=[1x1024x2048]  (T=1024, K=1024)
  - op#04  op=Q        shard=1   x=[1x1024x4096] + w=[2048x4096]  ->  y=[1x1024x2048]  (T=1024, K=1024)
  - op#05  op=K        shard=1   x=[1x1024x4096] + w=[2048x4096]  ->  y=[1x1024x2048]  (T=1024, K=1024)
  - op#06  op=V        shard=1   x=[1x1024x4096] + w=[2048x4096]  ->  y=[1x1024x2048]  (T=1024, K=1024)
  - op#07  op=QK       shard=0   q=[1x16x1024x128] + k=[1x16x128x1024]  ->  y=[1x16x1024x1024]  (T=1024, K=1024)
  - op#08  op=QK       shard=1   q=[1x16x1024x128] + k=[1x16x128x1024]  ->  y=[1x16x1024x1024]  (T=1024, K=1024)
  - op#09  op=Softmax  shard=0   scores=[1x16x1024x1024]  ->  y=[1x16x1024x1024]  (T=1024, K=1024)
  - op#10  op=Softmax  shard=1   scores=[1x16x1024x1024]  ->  y=[1x16x1024x1024]  (T=1024, K=1024)
  - op#11  op=SV       shard=0   p=[1x16x1024x1024] + v=[1x16x1024x128]  ->  y=[1x16x1024x128]  (T=1024, K=1024)
  - op#12  op=SV       shard=1   p=[1x16x1024x1024] + v=[1x16x1024x128]  ->  y=[1x16x1024x128]  (T=1024, K=1024)
  - op#13  op=O        shard=0   x=[1x1024x2048] + w=[4096x2048]  ->  y=[1x1024x4096]  (T=1024, K=1024)
  - op#14  op=O        shard=1   x=[1x1024x2048] + w=[4096x2048]  ->  y=[1x1024x4096]  (T=1024, K=1024)
  - op#15  op=Add      shard=-1  a=[1x1024x4096] + b=[1x1024x4096]  ->  y=[1x1024x4096]  (T=1024, K=1024)
  - op#16  op=LN       shard=-1  x=[1x1024x4096] + w=[4096]  ->  y=[1x1024x4096]  (T=1024, K=1024)
  - op#17  op=FFN_W1   shard=0   x=[1x1024x4096] + w=[5504x4096]  ->  y=[1x1024x5504]  (T=1024, K=1024)
  - op#18  op=FFN_W3   shard=0   x=[1x1024x4096] + w=[5504x4096]  ->  y=[1x1024x5504]  (T=1024, K=1024)
  - op#19  op=FFN_W1   shard=1   x=[1x1024x4096] + w=[5504x4096]  ->  y=[1x1024x5504]  (T=1024, K=1024)
  - op#20  op=FFN_W3   shard=1   x=[1x1024x4096] + w=[5504x4096]  ->  y=[1x1024x5504]  (T=1024, K=1024)
  - op#21  op=SwiGLU   shard=0   a=[1x1024x5504] + b=[1x1024x5504]  ->  y=[1x1024x5504]  (T=1024, K=1024)
  - op#22  op=SwiGLU   shard=1   a=[1x1024x5504] + b=[1x1024x5504]  ->  y=[1x1024x5504]  (T=1024, K=1024)
  - op#23  op=FFN_W2   shard=0   x=[1x1024x5504] + w=[4096x5504]  ->  y=[1x1024x4096]  (T=1024, K=1024)
  - op#24  op=FFN_W2   shard=1   x=[1x1024x5504] + w=[4096x5504]  ->  y=[1x1024x4096]  (T=1024, K=1024)
  - op#25  op=Add      shard=-1  a=[1x1024x4096] + b=[1x1024x4096]  ->  y=[1x1024x4096]  (T=1024, K=1024)
[gpu-debug] per-op timing breakdown (avg over iters):
  idx  op       sh  io                                                    time   est_flops    TFLOPs       bytes      GB/s
  ------------------------------------------------------------------------------------------------------------------------
    0  LN       -1  x[1x1024x4096]+w[4096]->y[1x1024x4096]              0.091ms    20.972 M      0.23   16.01 MiB    185.43
    1  Q         0  x[1x1024x4096]+w[2048x4096]->y[1x1024x2048]         0.116ms    17.180 G    148.60   28.00 MiB    253.96
    2  K         0  x[1x1024x4096]+w[2048x4096]->y[1x1024x2048]         0.108ms    17.180 G    158.88   28.00 MiB    271.52
    3  V         0  x[1x1024x4096]+w[2048x4096]->y[1x1024x2048]         0.108ms    17.180 G    159.33   28.00 MiB    272.29
    4  Q         1  x[1x1024x4096]+w[2048x4096]->y[1x1024x2048]         0.108ms    17.180 G    159.33   28.00 MiB    272.29
    5  K         1  x[1x1024x4096]+w[2048x4096]->y[1x1024x2048]         0.108ms    17.180 G    159.48   28.00 MiB    272.55
    6  V         1  x[1x1024x4096]+w[2048x4096]->y[1x1024x2048]         0.108ms    17.180 G    158.88   28.00 MiB    271.52
    7  QK        0  q[1x16x1024x128]+k[1x16x128x1024]->y[1x16x1...      0.112ms     4.295 G     38.44   40.00 MiB    375.44
    8  QK        1  q[1x16x1024x128]+k[1x16x128x1024]->y[1x16x1...      0.114ms     4.295 G     37.55   40.00 MiB    366.70
    9  Softmax   0  scores[1x16x1024x1024]->y[1x16x1024x1024]           0.074ms    83.886 M      1.13   64.00 MiB    906.45
   10  Softmax   1  scores[1x16x1024x1024]->y[1x16x1024x1024]           0.071ms    83.886 M      1.18   64.00 MiB    945.69
   11  SV        0  p[1x16x1024x1024]+v[1x16x1024x128]->y[1x16x...      0.058ms     4.295 G     73.46   40.00 MiB    717.34
   12  SV        1  p[1x16x1024x1024]+v[1x16x1024x128]->y[1x16x...      0.053ms     4.295 G     80.35   40.00 MiB    784.67
   13  O         0  x[1x1024x2048]+w[4096x2048]->y[1x1024x4096]         0.130ms    17.180 G    131.79   28.00 MiB    225.23
   14  O         1  x[1x1024x2048]+w[4096x2048]->y[1x1024x4096]         0.130ms    17.180 G    132.21   28.00 MiB    225.94
   15  Add      -1  a[1x1024x4096]+b[1x1024x4096]->y[1x1024x4096]       0.014ms     4.194 M      0.31   24.00 MiB   1847.82
   16  LN       -1  x[1x1024x4096]+w[4096]->y[1x1024x4096]              0.073ms    20.972 M      0.29   16.01 MiB    229.90
   17  FFN_W1    0  x[1x1024x4096]+w[5504x4096]->y[1x1024x5504]         0.241ms    46.171 G    191.87   61.75 MiB    269.07
   18  FFN_W3    0  x[1x1024x4096]+w[5504x4096]->y[1x1024x5504]         0.240ms    46.171 G    192.03   61.75 MiB    269.30
   19  FFN_W1    1  x[1x1024x4096]+w[5504x4096]->y[1x1024x5504]         0.241ms    46.171 G    191.46   61.75 MiB    268.50
   20  FFN_W3    1  x[1x1024x4096]+w[5504x4096]->y[1x1024x5504]         0.240ms    46.171 G    192.03   61.75 MiB    269.30
   21  SwiGLU    0  a[1x1024x5504]+b[1x1024x5504]->y[1x1024x5504]       0.033ms    33.817 M      1.04   32.25 MiB   1035.24
   22  SwiGLU    1  a[1x1024x5504]+b[1x1024x5504]->y[1x1024x5504]       0.034ms    33.817 M      1.00   32.25 MiB   1000.73
   23  FFN_W2    0  x[1x1024x5504]+w[4096x5504]->y[1x1024x4096]         0.315ms    46.171 G    146.44   61.75 MiB    205.37
   24  FFN_W2    1  x[1x1024x5504]+w[4096x5504]->y[1x1024x4096]         0.316ms    46.171 G    146.25   61.75 MiB    205.10
   25  Add      -1  a[1x1024x4096]+b[1x1024x4096]->y[1x1024x4096]       0.015ms     4.194 M      0.27   24.00 MiB   1649.40
[gpu-debug] segment avg latency (cuda_events): 3.163 ms
[gpu-debug] sum(per-op)               : 3.251 ms (ratio=1.028)
[gpu-debug] NOTE: sum(per-op) may differ from segment latency due to Python overhead, event/launch overhead, and allocator/cache effects.
[gpu-debug] cuda mem before warmup: alloc=263.51 MiB reserved=274.00 MiB
[gpu-debug] cuda mem after warmup : alloc=506.26 MiB reserved=614.00 MiB
[gpu-debug] cuda mem peak (this segment): max_alloc=570.26 MiB max_reserved=614.00 MiB
  progress 19/19
[run-gpu] wrote /lustre/home/2501111916/workspace/XPUPIM_0226_gpupim_parameter/TriForm/verify/hw_hardware_1gpu_2aim/st64/llama_7b_bf16_b1_s64/ianus_1024x512.gpu_results.json
[slurm] wrote OK_FILE=/lustre/home/2501111916/workspace/XPUPIM_0226_gpupim_parameter/TriForm/verify/hw_hardware_1gpu_2aim/st64/llama_7b_bf16_b1_s64/ianus_1024x512.gpu.ok
