[slurm] jobid=9740145 nodelist=l12gpu02
[slurm] CUDA_VISIBLE_DEVICES=0
Sat Feb 28 09:03:20 2026       
+-----------------------------------------------------------------------------------------+
| NVIDIA-SMI 560.35.03              Driver Version: 560.35.03      CUDA Version: 12.6     |
|-----------------------------------------+------------------------+----------------------+
| GPU  Name                 Persistence-M | Bus-Id          Disp.A | Volatile Uncorr. ECC |
| Fan  Temp   Perf          Pwr:Usage/Cap |           Memory-Usage | GPU-Util  Compute M. |
|                                         |                        |               MIG M. |
|=========================================+========================+======================|
|   0  NVIDIA A100-PCIE-40GB          On  |   00000000:4B:00.0 Off |                    0 |
| N/A   33C    P0             35W /  250W |       1MiB /  40960MiB |      0%      Default |
|                                         |                        |             Disabled |
+-----------------------------------------+------------------------+----------------------+
                                                                                         
+-----------------------------------------------------------------------------------------+
| Processes:                                                                              |
|  GPU   GI   CI        PID   Type   Process name                              GPU Memory |
|        ID   ID                                                               Usage      |
|=========================================================================================|
|  No running processes found                                                             |
+-----------------------------------------------------------------------------------------+
torch: 2.8.0+cu126
cuda available: True
device: NVIDIA A100-PCIE-40GB
[slurm] PY_SCRIPT=/lustre/home/2501111916/workspace/XPUPIM_0226_gpupim_parameter/TriForm/verify/schedule_deploy_verify.py
[slurm] TASKS_JSON=/lustre/home/2501111916/workspace/XPUPIM_0226_gpupim_parameter/TriForm/verify/hw_hardware_1gpu_2aim/st64/llama_7b_bf16_b1_s64/heft_1024x512.gpu_tasks.json
[slurm] OUT_JSON=/lustre/home/2501111916/workspace/XPUPIM_0226_gpupim_parameter/TriForm/verify/hw_hardware_1gpu_2aim/st64/llama_7b_bf16_b1_s64/heft_1024x512.gpu_results.json
[slurm] WARMUP=3 ITERS=10 DEVICE=cuda GPU_DTYPE=bf16 BATCH=1
[slurm] OK_FILE=/lustre/home/2501111916/workspace/XPUPIM_0226_gpupim_parameter/TriForm/verify/hw_hardware_1gpu_2aim/st64/llama_7b_bf16_b1_s64/heft_1024x512.gpu.ok
[slurm] Running: python /lustre/home/2501111916/workspace/XPUPIM_0226_gpupim_parameter/TriForm/verify/schedule_deploy_verify.py run-gpu --tasks /lustre/home/2501111916/workspace/XPUPIM_0226_gpupim_parameter/TriForm/verify/hw_hardware_1gpu_2aim/st64/llama_7b_bf16_b1_s64/heft_1024x512.gpu_tasks.json --out /lustre/home/2501111916/workspace/XPUPIM_0226_gpupim_parameter/TriForm/verify/hw_hardware_1gpu_2aim/st64/llama_7b_bf16_b1_s64/heft_1024x512.gpu_results.json --warmup 3 --iters 10 --debug --debug-txt /lustre/home/2501111916/workspace/XPUPIM_0226_gpupim_parameter/TriForm/verify/hw_hardware_1gpu_2aim/st64/llama_7b_bf16_b1_s64/heft_1024x512.gpu_debug.log --device cuda --gpu-dtype bf16 --batch 1
[run-gpu] tasks=10 warmup=3 iters=10 device=cuda dtype=bf16 batch=1 segment_scope=layer
[run-gpu] extra weight_load_s=0.400513s (will be added in merge)
[run-gpu] GPU[0] NVIDIA A100-PCIE-40GB; SM=108, CC=8.0
[run-gpu] nvidia-smi -L: GPU 0: NVIDIA A100-PCIE-40GB (UUID: GPU-3a25190b-6d42-bf4d-0f10-086a078d065c)
[run-gpu] nvidia-smi query: NVIDIA A100-PCIE-40GB, GPU-3a25190b-6d42-bf4d-0f10-086a078d065c, 560.35.03, 40960
[run-gpu][debug] torch_default_dtype=torch.float32
[run-gpu][debug] torch.backends.cuda.matmul.allow_tf32=False
[run-gpu][debug] cudnn.enabled=True benchmark=False deterministic=False allow_tf32=True
[run-gpu][debug] nvidia-smi snapshot: 0, 0, 0, 4, 40960, 33, 36.06, 250.00
========================================================================================
[gpu-debug] segment_key=npu|decode|0|58672e7680bc9d88d790ef6aa34bd903
[gpu-debug] sig: device_type=npu phase=decode step=0 (count_hint=32)
[gpu-debug] ops_repr: Q:0,Q:1,K:0,K:1,V:0,V:1,O:0,O:1,FFN_W1:0,FFN_W3:0,FFN_W1:1,FFN_W3:1,FFN_W2:0,FFN_W2:1
[gpu-debug] cfg: device=cuda dtype=torch.bfloat16 batch=1 dim=4096 ffn_dim=11008 n_heads=32 shards=2
[gpu-debug] op plan (with inferred tensor shapes):
  - op#00  op=Q        shard=0   x=[1x1x4096] + w=[2048x4096]  ->  y=[1x1x2048]  (T=1, K=1025)
  - op#01  op=Q        shard=1   x=[1x1x4096] + w=[2048x4096]  ->  y=[1x1x2048]  (T=1, K=1025)
  - op#02  op=K        shard=0   x=[1x1x4096] + w=[2048x4096]  ->  y=[1x1x2048]  (T=1, K=1025)
  - op#03  op=K        shard=1   x=[1x1x4096] + w=[2048x4096]  ->  y=[1x1x2048]  (T=1, K=1025)
  - op#04  op=V        shard=0   x=[1x1x4096] + w=[2048x4096]  ->  y=[1x1x2048]  (T=1, K=1025)
  - op#05  op=V        shard=1   x=[1x1x4096] + w=[2048x4096]  ->  y=[1x1x2048]  (T=1, K=1025)
  - op#06  op=O        shard=0   x=[1x1x2048] + w=[4096x2048]  ->  y=[1x1x4096]  (T=1, K=1025)
  - op#07  op=O        shard=1   x=[1x1x2048] + w=[4096x2048]  ->  y=[1x1x4096]  (T=1, K=1025)
  - op#08  op=FFN_W1   shard=0   x=[1x1x4096] + w=[5504x4096]  ->  y=[1x1x5504]  (T=1, K=1025)
  - op#09  op=FFN_W3   shard=0   x=[1x1x4096] + w=[5504x4096]  ->  y=[1x1x5504]  (T=1, K=1025)
  - op#10  op=FFN_W1   shard=1   x=[1x1x4096] + w=[5504x4096]  ->  y=[1x1x5504]  (T=1, K=1025)
  - op#11  op=FFN_W3   shard=1   x=[1x1x4096] + w=[5504x4096]  ->  y=[1x1x5504]  (T=1, K=1025)
  - op#12  op=FFN_W2   shard=0   x=[1x1x5504] + w=[4096x5504]  ->  y=[1x1x4096]  (T=1, K=1025)
  - op#13  op=FFN_W2   shard=1   x=[1x1x5504] + w=[4096x5504]  ->  y=[1x1x4096]  (T=1, K=1025)
[gpu-debug] per-op timing breakdown (avg over iters):
  idx  op       sh  io                                                    time   est_flops    TFLOPs       bytes      GB/s
  ------------------------------------------------------------------------------------------------------------------------
    0  Q         0  x[1x1x4096]+w[2048x4096]->y[1x1x2048]               0.048ms    16.777 M      0.35   16.01 MiB    351.85
    1  Q         1  x[1x1x4096]+w[2048x4096]->y[1x1x2048]               0.035ms    16.777 M      0.48   16.01 MiB    482.24
    2  K         0  x[1x1x4096]+w[2048x4096]->y[1x1x2048]               0.034ms    16.777 M      0.49   16.01 MiB    489.43
    3  K         1  x[1x1x4096]+w[2048x4096]->y[1x1x2048]               0.035ms    16.777 M      0.48   16.01 MiB    485.09
    4  V         0  x[1x1x4096]+w[2048x4096]->y[1x1x2048]               0.034ms    16.777 M      0.50   16.01 MiB    498.36
    5  V         1  x[1x1x4096]+w[2048x4096]->y[1x1x2048]               0.034ms    16.777 M      0.49   16.01 MiB    490.90
    6  O         0  x[1x1x2048]+w[4096x2048]->y[1x1x4096]               0.028ms    16.777 M      0.60   16.01 MiB    602.79
    7  O         1  x[1x1x2048]+w[4096x2048]->y[1x1x4096]               0.028ms    16.777 M      0.59   16.01 MiB    591.91
    8  FFN_W1    0  x[1x1x4096]+w[5504x4096]->y[1x1x5504]               0.047ms    45.089 M      0.96   43.02 MiB    961.81
    9  FFN_W3    0  x[1x1x4096]+w[5504x4096]->y[1x1x5504]               0.047ms    45.089 M      0.95   43.02 MiB    951.42
   10  FFN_W1    1  x[1x1x4096]+w[5504x4096]->y[1x1x5504]               0.047ms    45.089 M      0.96   43.02 MiB    957.62
   11  FFN_W3    1  x[1x1x4096]+w[5504x4096]->y[1x1x5504]               0.047ms    45.089 M      0.97   43.02 MiB    966.03
   12  FFN_W2    0  x[1x1x5504]+w[4096x5504]->y[1x1x4096]               0.050ms    45.089 M      0.90   43.02 MiB    897.16
   13  FFN_W2    1  x[1x1x5504]+w[4096x5504]->y[1x1x4096]               0.050ms    45.089 M      0.89   43.02 MiB    893.52
[gpu-debug] segment avg latency (cuda_events): 0.499 ms
[gpu-debug] sum(per-op)               : 0.564 ms (ratio=1.132)
[gpu-debug] NOTE: sum(per-op) may differ from segment latency due to Python overhead, event/launch overhead, and allocator/cache effects.
[gpu-debug] cuda mem before warmup: alloc=0 B reserved=0 B
[gpu-debug] cuda mem after warmup : alloc=400.15 MiB reserved=414.00 MiB
[gpu-debug] cuda mem peak (this segment): max_alloc=400.16 MiB max_reserved=414.00 MiB
========================================================================================
[gpu-debug] segment_key=npu|decode|1|58672e7680bc9d88d790ef6aa34bd903
[gpu-debug] sig: device_type=npu phase=decode step=1 (count_hint=32)
[gpu-debug] ops_repr: Q:0,Q:1,K:0,K:1,V:0,V:1,O:0,O:1,FFN_W1:0,FFN_W3:0,FFN_W1:1,FFN_W3:1,FFN_W2:0,FFN_W2:1
[gpu-debug] cfg: device=cuda dtype=torch.bfloat16 batch=1 dim=4096 ffn_dim=11008 n_heads=32 shards=2
[gpu-debug] op plan (with inferred tensor shapes):
  - op#00  op=Q        shard=0   x=[1x1x4096] + w=[2048x4096]  ->  y=[1x1x2048]  (T=1, K=1026)
  - op#01  op=Q        shard=1   x=[1x1x4096] + w=[2048x4096]  ->  y=[1x1x2048]  (T=1, K=1026)
  - op#02  op=K        shard=0   x=[1x1x4096] + w=[2048x4096]  ->  y=[1x1x2048]  (T=1, K=1026)
  - op#03  op=K        shard=1   x=[1x1x4096] + w=[2048x4096]  ->  y=[1x1x2048]  (T=1, K=1026)
  - op#04  op=V        shard=0   x=[1x1x4096] + w=[2048x4096]  ->  y=[1x1x2048]  (T=1, K=1026)
  - op#05  op=V        shard=1   x=[1x1x4096] + w=[2048x4096]  ->  y=[1x1x2048]  (T=1, K=1026)
  - op#06  op=O        shard=0   x=[1x1x2048] + w=[4096x2048]  ->  y=[1x1x4096]  (T=1, K=1026)
  - op#07  op=O        shard=1   x=[1x1x2048] + w=[4096x2048]  ->  y=[1x1x4096]  (T=1, K=1026)
  - op#08  op=FFN_W1   shard=0   x=[1x1x4096] + w=[5504x4096]  ->  y=[1x1x5504]  (T=1, K=1026)
  - op#09  op=FFN_W3   shard=0   x=[1x1x4096] + w=[5504x4096]  ->  y=[1x1x5504]  (T=1, K=1026)
  - op#10  op=FFN_W1   shard=1   x=[1x1x4096] + w=[5504x4096]  ->  y=[1x1x5504]  (T=1, K=1026)
  - op#11  op=FFN_W3   shard=1   x=[1x1x4096] + w=[5504x4096]  ->  y=[1x1x5504]  (T=1, K=1026)
  - op#12  op=FFN_W2   shard=0   x=[1x1x5504] + w=[4096x5504]  ->  y=[1x1x4096]  (T=1, K=1026)
  - op#13  op=FFN_W2   shard=1   x=[1x1x5504] + w=[4096x5504]  ->  y=[1x1x4096]  (T=1, K=1026)
[gpu-debug] per-op timing breakdown (avg over iters):
  idx  op       sh  io                                                    time   est_flops    TFLOPs       bytes      GB/s
  ------------------------------------------------------------------------------------------------------------------------
    0  Q         0  x[1x1x4096]+w[2048x4096]->y[1x1x2048]               0.047ms    16.777 M      0.36   16.01 MiB    359.56
    1  Q         1  x[1x1x4096]+w[2048x4096]->y[1x1x2048]               0.035ms    16.777 M      0.48   16.01 MiB    483.66
    2  K         0  x[1x1x4096]+w[2048x4096]->y[1x1x2048]               0.035ms    16.777 M      0.48   16.01 MiB    485.09
    3  K         1  x[1x1x4096]+w[2048x4096]->y[1x1x2048]               0.034ms    16.777 M      0.49   16.01 MiB    492.37
    4  V         0  x[1x1x4096]+w[2048x4096]->y[1x1x2048]               0.034ms    16.777 M      0.49   16.01 MiB    489.43
    5  V         1  x[1x1x4096]+w[2048x4096]->y[1x1x2048]               0.034ms    16.777 M      0.49   16.01 MiB    493.86
    6  O         0  x[1x1x2048]+w[4096x2048]->y[1x1x4096]               0.028ms    16.777 M      0.60   16.01 MiB    605.02
    7  O         1  x[1x1x2048]+w[4096x2048]->y[1x1x4096]               0.028ms    16.777 M      0.59   16.01 MiB    589.78
    8  FFN_W1    0  x[1x1x4096]+w[5504x4096]->y[1x1x5504]               0.048ms    45.089 M      0.95   43.02 MiB    949.37
    9  FFN_W3    0  x[1x1x4096]+w[5504x4096]->y[1x1x5504]               0.048ms    45.089 M      0.95   43.02 MiB    949.37
   10  FFN_W1    1  x[1x1x4096]+w[5504x4096]->y[1x1x5504]               0.047ms    45.089 M      0.96   43.02 MiB    963.91
   11  FFN_W3    1  x[1x1x4096]+w[5504x4096]->y[1x1x5504]               0.047ms    45.089 M      0.96   43.02 MiB    961.81
   12  FFN_W2    0  x[1x1x5504]+w[4096x5504]->y[1x1x4096]               0.050ms    45.089 M      0.89   43.02 MiB    893.52
   13  FFN_W2    1  x[1x1x5504]+w[4096x5504]->y[1x1x4096]               0.050ms    45.089 M      0.90   43.02 MiB    897.16
[gpu-debug] segment avg latency (cuda_events): 0.495 ms
[gpu-debug] sum(per-op)               : 0.564 ms (ratio=1.139)
[gpu-debug] NOTE: sum(per-op) may differ from segment latency due to Python overhead, event/launch overhead, and allocator/cache effects.
[gpu-debug] cuda mem before warmup: alloc=400.15 MiB reserved=414.00 MiB
[gpu-debug] cuda mem after warmup : alloc=400.15 MiB reserved=414.00 MiB
[gpu-debug] cuda mem peak (this segment): max_alloc=400.16 MiB max_reserved=414.00 MiB
========================================================================================
[gpu-debug] segment_key=npu|decode|2|58672e7680bc9d88d790ef6aa34bd903
[gpu-debug] sig: device_type=npu phase=decode step=2 (count_hint=32)
[gpu-debug] ops_repr: Q:0,Q:1,K:0,K:1,V:0,V:1,O:0,O:1,FFN_W1:0,FFN_W3:0,FFN_W1:1,FFN_W3:1,FFN_W2:0,FFN_W2:1
[gpu-debug] cfg: device=cuda dtype=torch.bfloat16 batch=1 dim=4096 ffn_dim=11008 n_heads=32 shards=2
[gpu-debug] op plan (with inferred tensor shapes):
  - op#00  op=Q        shard=0   x=[1x1x4096] + w=[2048x4096]  ->  y=[1x1x2048]  (T=1, K=1088)
  - op#01  op=Q        shard=1   x=[1x1x4096] + w=[2048x4096]  ->  y=[1x1x2048]  (T=1, K=1088)
  - op#02  op=K        shard=0   x=[1x1x4096] + w=[2048x4096]  ->  y=[1x1x2048]  (T=1, K=1088)
  - op#03  op=K        shard=1   x=[1x1x4096] + w=[2048x4096]  ->  y=[1x1x2048]  (T=1, K=1088)
  - op#04  op=V        shard=0   x=[1x1x4096] + w=[2048x4096]  ->  y=[1x1x2048]  (T=1, K=1088)
  - op#05  op=V        shard=1   x=[1x1x4096] + w=[2048x4096]  ->  y=[1x1x2048]  (T=1, K=1088)
  - op#06  op=O        shard=0   x=[1x1x2048] + w=[4096x2048]  ->  y=[1x1x4096]  (T=1, K=1088)
  - op#07  op=O        shard=1   x=[1x1x2048] + w=[4096x2048]  ->  y=[1x1x4096]  (T=1, K=1088)
  - op#08  op=FFN_W1   shard=0   x=[1x1x4096] + w=[5504x4096]  ->  y=[1x1x5504]  (T=1, K=1088)
  - op#09  op=FFN_W3   shard=0   x=[1x1x4096] + w=[5504x4096]  ->  y=[1x1x5504]  (T=1, K=1088)
  - op#10  op=FFN_W1   shard=1   x=[1x1x4096] + w=[5504x4096]  ->  y=[1x1x5504]  (T=1, K=1088)
  - op#11  op=FFN_W3   shard=1   x=[1x1x4096] + w=[5504x4096]  ->  y=[1x1x5504]  (T=1, K=1088)
  - op#12  op=FFN_W2   shard=0   x=[1x1x5504] + w=[4096x5504]  ->  y=[1x1x4096]  (T=1, K=1088)
  - op#13  op=FFN_W2   shard=1   x=[1x1x5504] + w=[4096x5504]  ->  y=[1x1x4096]  (T=1, K=1088)
[gpu-debug] per-op timing breakdown (avg over iters):
  idx  op       sh  io                                                    time   est_flops    TFLOPs       bytes      GB/s
  ------------------------------------------------------------------------------------------------------------------------
    0  Q         0  x[1x1x4096]+w[2048x4096]->y[1x1x2048]               0.047ms    16.777 M      0.36   16.01 MiB    357.21
    1  Q         1  x[1x1x4096]+w[2048x4096]->y[1x1x2048]               0.034ms    16.777 M      0.49   16.01 MiB    489.43
    2  K         0  x[1x1x4096]+w[2048x4096]->y[1x1x2048]               0.035ms    16.777 M      0.48   16.01 MiB    482.24
    3  K         1  x[1x1x4096]+w[2048x4096]->y[1x1x2048]               0.034ms    16.777 M      0.49   16.01 MiB    493.86
    4  V         0  x[1x1x4096]+w[2048x4096]->y[1x1x2048]               0.034ms    16.777 M      0.49   16.01 MiB    490.90
    5  V         1  x[1x1x4096]+w[2048x4096]->y[1x1x2048]               0.034ms    16.777 M      0.49   16.01 MiB    493.86
    6  O         0  x[1x1x2048]+w[4096x2048]->y[1x1x4096]               0.028ms    16.777 M      0.60   16.01 MiB    600.59
    7  O         1  x[1x1x2048]+w[4096x2048]->y[1x1x4096]               0.028ms    16.777 M      0.59   16.01 MiB    591.91
    8  FFN_W1    0  x[1x1x4096]+w[5504x4096]->y[1x1x5504]               0.047ms    45.089 M      0.96   43.02 MiB    961.81
    9  FFN_W3    0  x[1x1x4096]+w[5504x4096]->y[1x1x5504]               0.048ms    45.089 M      0.95   43.02 MiB    949.37
   10  FFN_W1    1  x[1x1x4096]+w[5504x4096]->y[1x1x5504]               0.047ms    45.089 M      0.96   43.02 MiB    955.55
   11  FFN_W3    1  x[1x1x4096]+w[5504x4096]->y[1x1x5504]               0.047ms    45.089 M      0.96   43.02 MiB    959.71
   12  FFN_W2    0  x[1x1x5504]+w[4096x5504]->y[1x1x4096]               0.050ms    45.089 M      0.90   43.02 MiB    897.16
   13  FFN_W2    1  x[1x1x5504]+w[4096x5504]->y[1x1x4096]               0.050ms    45.089 M      0.90   43.02 MiB    897.16
[gpu-debug] segment avg latency (cuda_events): 0.495 ms
[gpu-debug] sum(per-op)               : 0.564 ms (ratio=1.139)
[gpu-debug] NOTE: sum(per-op) may differ from segment latency due to Python overhead, event/launch overhead, and allocator/cache effects.
[gpu-debug] cuda mem before warmup: alloc=400.15 MiB reserved=414.00 MiB
[gpu-debug] cuda mem after warmup : alloc=400.15 MiB reserved=414.00 MiB
[gpu-debug] cuda mem peak (this segment): max_alloc=400.16 MiB max_reserved=414.00 MiB
========================================================================================
[gpu-debug] segment_key=npu|decode|3|58672e7680bc9d88d790ef6aa34bd903
[gpu-debug] sig: device_type=npu phase=decode step=3 (count_hint=32)
[gpu-debug] ops_repr: Q:0,Q:1,K:0,K:1,V:0,V:1,O:0,O:1,FFN_W1:0,FFN_W3:0,FFN_W1:1,FFN_W3:1,FFN_W2:0,FFN_W2:1
[gpu-debug] cfg: device=cuda dtype=torch.bfloat16 batch=1 dim=4096 ffn_dim=11008 n_heads=32 shards=2
[gpu-debug] op plan (with inferred tensor shapes):
  - op#00  op=Q        shard=0   x=[1x1x4096] + w=[2048x4096]  ->  y=[1x1x2048]  (T=1, K=1152)
  - op#01  op=Q        shard=1   x=[1x1x4096] + w=[2048x4096]  ->  y=[1x1x2048]  (T=1, K=1152)
  - op#02  op=K        shard=0   x=[1x1x4096] + w=[2048x4096]  ->  y=[1x1x2048]  (T=1, K=1152)
  - op#03  op=K        shard=1   x=[1x1x4096] + w=[2048x4096]  ->  y=[1x1x2048]  (T=1, K=1152)
  - op#04  op=V        shard=0   x=[1x1x4096] + w=[2048x4096]  ->  y=[1x1x2048]  (T=1, K=1152)
  - op#05  op=V        shard=1   x=[1x1x4096] + w=[2048x4096]  ->  y=[1x1x2048]  (T=1, K=1152)
  - op#06  op=O        shard=0   x=[1x1x2048] + w=[4096x2048]  ->  y=[1x1x4096]  (T=1, K=1152)
  - op#07  op=O        shard=1   x=[1x1x2048] + w=[4096x2048]  ->  y=[1x1x4096]  (T=1, K=1152)
  - op#08  op=FFN_W1   shard=0   x=[1x1x4096] + w=[5504x4096]  ->  y=[1x1x5504]  (T=1, K=1152)
  - op#09  op=FFN_W3   shard=0   x=[1x1x4096] + w=[5504x4096]  ->  y=[1x1x5504]  (T=1, K=1152)
  - op#10  op=FFN_W1   shard=1   x=[1x1x4096] + w=[5504x4096]  ->  y=[1x1x5504]  (T=1, K=1152)
  - op#11  op=FFN_W3   shard=1   x=[1x1x4096] + w=[5504x4096]  ->  y=[1x1x5504]  (T=1, K=1152)
  - op#12  op=FFN_W2   shard=0   x=[1x1x5504] + w=[4096x5504]  ->  y=[1x1x4096]  (T=1, K=1152)
  - op#13  op=FFN_W2   shard=1   x=[1x1x5504] + w=[4096x5504]  ->  y=[1x1x4096]  (T=1, K=1152)
[gpu-debug] per-op timing breakdown (avg over iters):
  idx  op       sh  io                                                    time   est_flops    TFLOPs       bytes      GB/s
  ------------------------------------------------------------------------------------------------------------------------
    0  Q         0  x[1x1x4096]+w[2048x4096]->y[1x1x2048]               0.047ms    16.777 M      0.36   16.01 MiB    359.56
    1  Q         1  x[1x1x4096]+w[2048x4096]->y[1x1x2048]               0.034ms    16.777 M      0.49   16.01 MiB    487.98
    2  K         0  x[1x1x4096]+w[2048x4096]->y[1x1x2048]               0.034ms    16.777 M      0.49   16.01 MiB    487.98
    3  K         1  x[1x1x4096]+w[2048x4096]->y[1x1x2048]               0.035ms    16.777 M      0.49   16.01 MiB    486.53
    4  V         0  x[1x1x4096]+w[2048x4096]->y[1x1x2048]               0.034ms    16.777 M      0.49   16.01 MiB    489.43
    5  V         1  x[1x1x4096]+w[2048x4096]->y[1x1x2048]               0.034ms    16.777 M      0.49   16.01 MiB    492.37
    6  O         0  x[1x1x2048]+w[4096x2048]->y[1x1x4096]               0.028ms    16.777 M      0.59   16.01 MiB    594.06
    7  O         1  x[1x1x2048]+w[4096x2048]->y[1x1x4096]               0.028ms    16.777 M      0.59   16.01 MiB    589.78
    8  FFN_W1    0  x[1x1x4096]+w[5504x4096]->y[1x1x5504]               0.047ms    45.089 M      0.96   43.02 MiB    961.81
    9  FFN_W3    0  x[1x1x4096]+w[5504x4096]->y[1x1x5504]               0.047ms    45.089 M      0.95   43.02 MiB    951.42
   10  FFN_W1    1  x[1x1x4096]+w[5504x4096]->y[1x1x5504]               0.047ms    45.089 M      0.96   43.02 MiB    959.71
   11  FFN_W3    1  x[1x1x4096]+w[5504x4096]->y[1x1x5504]               0.047ms    45.089 M      0.96   43.02 MiB    963.91
   12  FFN_W2    0  x[1x1x5504]+w[4096x5504]->y[1x1x4096]               0.050ms    45.089 M      0.89   43.02 MiB    893.52
   13  FFN_W2    1  x[1x1x5504]+w[4096x5504]->y[1x1x4096]               0.050ms    45.089 M      0.89   43.02 MiB    895.34
[gpu-debug] segment avg latency (cuda_events): 0.496 ms
[gpu-debug] sum(per-op)               : 0.564 ms (ratio=1.138)
[gpu-debug] NOTE: sum(per-op) may differ from segment latency due to Python overhead, event/launch overhead, and allocator/cache effects.
[gpu-debug] cuda mem before warmup: alloc=400.15 MiB reserved=414.00 MiB
[gpu-debug] cuda mem after warmup : alloc=400.15 MiB reserved=414.00 MiB
[gpu-debug] cuda mem peak (this segment): max_alloc=400.16 MiB max_reserved=414.00 MiB
========================================================================================
[gpu-debug] segment_key=npu|decode|4|58672e7680bc9d88d790ef6aa34bd903
[gpu-debug] sig: device_type=npu phase=decode step=4 (count_hint=32)
[gpu-debug] ops_repr: Q:0,Q:1,K:0,K:1,V:0,V:1,O:0,O:1,FFN_W1:0,FFN_W3:0,FFN_W1:1,FFN_W3:1,FFN_W2:0,FFN_W2:1
[gpu-debug] cfg: device=cuda dtype=torch.bfloat16 batch=1 dim=4096 ffn_dim=11008 n_heads=32 shards=2
[gpu-debug] op plan (with inferred tensor shapes):
  - op#00  op=Q        shard=0   x=[1x1x4096] + w=[2048x4096]  ->  y=[1x1x2048]  (T=1, K=1216)
  - op#01  op=Q        shard=1   x=[1x1x4096] + w=[2048x4096]  ->  y=[1x1x2048]  (T=1, K=1216)
  - op#02  op=K        shard=0   x=[1x1x4096] + w=[2048x4096]  ->  y=[1x1x2048]  (T=1, K=1216)
  - op#03  op=K        shard=1   x=[1x1x4096] + w=[2048x4096]  ->  y=[1x1x2048]  (T=1, K=1216)
  - op#04  op=V        shard=0   x=[1x1x4096] + w=[2048x4096]  ->  y=[1x1x2048]  (T=1, K=1216)
  - op#05  op=V        shard=1   x=[1x1x4096] + w=[2048x4096]  ->  y=[1x1x2048]  (T=1, K=1216)
  - op#06  op=O        shard=0   x=[1x1x2048] + w=[4096x2048]  ->  y=[1x1x4096]  (T=1, K=1216)
  - op#07  op=O        shard=1   x=[1x1x2048] + w=[4096x2048]  ->  y=[1x1x4096]  (T=1, K=1216)
  - op#08  op=FFN_W1   shard=0   x=[1x1x4096] + w=[5504x4096]  ->  y=[1x1x5504]  (T=1, K=1216)
  - op#09  op=FFN_W3   shard=0   x=[1x1x4096] + w=[5504x4096]  ->  y=[1x1x5504]  (T=1, K=1216)
  - op#10  op=FFN_W1   shard=1   x=[1x1x4096] + w=[5504x4096]  ->  y=[1x1x5504]  (T=1, K=1216)
  - op#11  op=FFN_W3   shard=1   x=[1x1x4096] + w=[5504x4096]  ->  y=[1x1x5504]  (T=1, K=1216)
  - op#12  op=FFN_W2   shard=0   x=[1x1x5504] + w=[4096x5504]  ->  y=[1x1x4096]  (T=1, K=1216)
  - op#13  op=FFN_W2   shard=1   x=[1x1x5504] + w=[4096x5504]  ->  y=[1x1x4096]  (T=1, K=1216)
[gpu-debug] per-op timing breakdown (avg over iters):
  idx  op       sh  io                                                    time   est_flops    TFLOPs       bytes      GB/s
  ------------------------------------------------------------------------------------------------------------------------
    0  Q         0  x[1x1x4096]+w[2048x4096]->y[1x1x2048]               0.048ms    16.777 M      0.35   16.01 MiB    348.11
    1  Q         1  x[1x1x4096]+w[2048x4096]->y[1x1x2048]               0.035ms    16.777 M      0.48   16.01 MiB    483.66
    2  K         0  x[1x1x4096]+w[2048x4096]->y[1x1x2048]               0.034ms    16.777 M      0.49   16.01 MiB    489.43
    3  K         1  x[1x1x4096]+w[2048x4096]->y[1x1x2048]               0.035ms    16.777 M      0.49   16.01 MiB    486.53
    4  V         0  x[1x1x4096]+w[2048x4096]->y[1x1x2048]               0.034ms    16.777 M      0.49   16.01 MiB    492.37
    5  V         1  x[1x1x4096]+w[2048x4096]->y[1x1x2048]               0.034ms    16.777 M      0.49   16.01 MiB    495.35
    6  O         0  x[1x1x2048]+w[4096x2048]->y[1x1x4096]               0.028ms    16.777 M      0.60   16.01 MiB    598.39
    7  O         1  x[1x1x2048]+w[4096x2048]->y[1x1x4096]               0.028ms    16.777 M      0.59   16.01 MiB    589.78
    8  FFN_W1    0  x[1x1x4096]+w[5504x4096]->y[1x1x5504]               0.047ms    45.089 M      0.96   43.02 MiB    963.91
    9  FFN_W3    0  x[1x1x4096]+w[5504x4096]->y[1x1x5504]               0.048ms    45.089 M      0.94   43.02 MiB    945.30
   10  FFN_W1    1  x[1x1x4096]+w[5504x4096]->y[1x1x5504]               0.047ms    45.089 M      0.96   43.02 MiB    959.71
   11  FFN_W3    1  x[1x1x4096]+w[5504x4096]->y[1x1x5504]               0.047ms    45.089 M      0.96   43.02 MiB    963.91
   12  FFN_W2    0  x[1x1x5504]+w[4096x5504]->y[1x1x4096]               0.050ms    45.089 M      0.89   43.02 MiB    893.52
   13  FFN_W2    1  x[1x1x5504]+w[4096x5504]->y[1x1x4096]               0.050ms    45.089 M      0.90   43.02 MiB    897.16
[gpu-debug] segment avg latency (cuda_events): 0.495 ms
[gpu-debug] sum(per-op)               : 0.565 ms (ratio=1.142)
[gpu-debug] NOTE: sum(per-op) may differ from segment latency due to Python overhead, event/launch overhead, and allocator/cache effects.
[gpu-debug] cuda mem before warmup: alloc=400.15 MiB reserved=414.00 MiB
[gpu-debug] cuda mem after warmup : alloc=400.15 MiB reserved=414.00 MiB
[gpu-debug] cuda mem peak (this segment): max_alloc=400.16 MiB max_reserved=414.00 MiB
========================================================================================
[gpu-debug] segment_key=npu|decode|5|58672e7680bc9d88d790ef6aa34bd903
[gpu-debug] sig: device_type=npu phase=decode step=5 (count_hint=32)
[gpu-debug] ops_repr: Q:0,Q:1,K:0,K:1,V:0,V:1,O:0,O:1,FFN_W1:0,FFN_W3:0,FFN_W1:1,FFN_W3:1,FFN_W2:0,FFN_W2:1
[gpu-debug] cfg: device=cuda dtype=torch.bfloat16 batch=1 dim=4096 ffn_dim=11008 n_heads=32 shards=2
[gpu-debug] op plan (with inferred tensor shapes):
  - op#00  op=Q        shard=0   x=[1x1x4096] + w=[2048x4096]  ->  y=[1x1x2048]  (T=1, K=1280)
  - op#01  op=Q        shard=1   x=[1x1x4096] + w=[2048x4096]  ->  y=[1x1x2048]  (T=1, K=1280)
  - op#02  op=K        shard=0   x=[1x1x4096] + w=[2048x4096]  ->  y=[1x1x2048]  (T=1, K=1280)
  - op#03  op=K        shard=1   x=[1x1x4096] + w=[2048x4096]  ->  y=[1x1x2048]  (T=1, K=1280)
  - op#04  op=V        shard=0   x=[1x1x4096] + w=[2048x4096]  ->  y=[1x1x2048]  (T=1, K=1280)
  - op#05  op=V        shard=1   x=[1x1x4096] + w=[2048x4096]  ->  y=[1x1x2048]  (T=1, K=1280)
  - op#06  op=O        shard=0   x=[1x1x2048] + w=[4096x2048]  ->  y=[1x1x4096]  (T=1, K=1280)
  - op#07  op=O        shard=1   x=[1x1x2048] + w=[4096x2048]  ->  y=[1x1x4096]  (T=1, K=1280)
  - op#08  op=FFN_W1   shard=0   x=[1x1x4096] + w=[5504x4096]  ->  y=[1x1x5504]  (T=1, K=1280)
  - op#09  op=FFN_W3   shard=0   x=[1x1x4096] + w=[5504x4096]  ->  y=[1x1x5504]  (T=1, K=1280)
  - op#10  op=FFN_W1   shard=1   x=[1x1x4096] + w=[5504x4096]  ->  y=[1x1x5504]  (T=1, K=1280)
  - op#11  op=FFN_W3   shard=1   x=[1x1x4096] + w=[5504x4096]  ->  y=[1x1x5504]  (T=1, K=1280)
  - op#12  op=FFN_W2   shard=0   x=[1x1x5504] + w=[4096x5504]  ->  y=[1x1x4096]  (T=1, K=1280)
  - op#13  op=FFN_W2   shard=1   x=[1x1x5504] + w=[4096x5504]  ->  y=[1x1x4096]  (T=1, K=1280)
[gpu-debug] per-op timing breakdown (avg over iters):
  idx  op       sh  io                                                    time   est_flops    TFLOPs       bytes      GB/s
  ------------------------------------------------------------------------------------------------------------------------
    0  Q         0  x[1x1x4096]+w[2048x4096]->y[1x1x2048]               0.047ms    16.777 M      0.36   16.01 MiB    360.35
    1  Q         1  x[1x1x4096]+w[2048x4096]->y[1x1x2048]               0.035ms    16.777 M      0.48   16.01 MiB    482.24
    2  K         0  x[1x1x4096]+w[2048x4096]->y[1x1x2048]               0.034ms    16.777 M      0.49   16.01 MiB    487.98
    3  K         1  x[1x1x4096]+w[2048x4096]->y[1x1x2048]               0.034ms    16.777 M      0.49   16.01 MiB    493.86
    4  V         0  x[1x1x4096]+w[2048x4096]->y[1x1x2048]               0.034ms    16.777 M      0.49   16.01 MiB    490.90
    5  V         1  x[1x1x4096]+w[2048x4096]->y[1x1x2048]               0.034ms    16.777 M      0.49   16.01 MiB    490.90
    6  O         0  x[1x1x2048]+w[4096x2048]->y[1x1x4096]               0.028ms    16.777 M      0.60   16.01 MiB    605.02
    7  O         1  x[1x1x2048]+w[4096x2048]->y[1x1x4096]               0.028ms    16.777 M      0.59   16.01 MiB    594.06
    8  FFN_W1    0  x[1x1x4096]+w[5504x4096]->y[1x1x5504]               0.047ms    45.089 M      0.96   43.02 MiB    959.71
    9  FFN_W3    0  x[1x1x4096]+w[5504x4096]->y[1x1x5504]               0.047ms    45.089 M      0.95   43.02 MiB    953.48
   10  FFN_W1    1  x[1x1x4096]+w[5504x4096]->y[1x1x5504]               0.047ms    45.089 M      0.96   43.02 MiB    957.62
   11  FFN_W3    1  x[1x1x4096]+w[5504x4096]->y[1x1x5504]               0.047ms    45.089 M      0.96   43.02 MiB    959.71
   12  FFN_W2    0  x[1x1x5504]+w[4096x5504]->y[1x1x4096]               0.050ms    45.089 M      0.89   43.02 MiB    895.34
   13  FFN_W2    1  x[1x1x5504]+w[4096x5504]->y[1x1x4096]               0.050ms    45.089 M      0.90   43.02 MiB    897.16
[gpu-debug] segment avg latency (cuda_events): 0.496 ms
[gpu-debug] sum(per-op)               : 0.563 ms (ratio=1.136)
[gpu-debug] NOTE: sum(per-op) may differ from segment latency due to Python overhead, event/launch overhead, and allocator/cache effects.
[gpu-debug] cuda mem before warmup: alloc=400.15 MiB reserved=414.00 MiB
[gpu-debug] cuda mem after warmup : alloc=400.15 MiB reserved=414.00 MiB
[gpu-debug] cuda mem peak (this segment): max_alloc=400.16 MiB max_reserved=414.00 MiB
========================================================================================
[gpu-debug] segment_key=npu|decode|6|58672e7680bc9d88d790ef6aa34bd903
[gpu-debug] sig: device_type=npu phase=decode step=6 (count_hint=32)
[gpu-debug] ops_repr: Q:0,Q:1,K:0,K:1,V:0,V:1,O:0,O:1,FFN_W1:0,FFN_W3:0,FFN_W1:1,FFN_W3:1,FFN_W2:0,FFN_W2:1
[gpu-debug] cfg: device=cuda dtype=torch.bfloat16 batch=1 dim=4096 ffn_dim=11008 n_heads=32 shards=2
[gpu-debug] op plan (with inferred tensor shapes):
  - op#00  op=Q        shard=0   x=[1x1x4096] + w=[2048x4096]  ->  y=[1x1x2048]  (T=1, K=1344)
  - op#01  op=Q        shard=1   x=[1x1x4096] + w=[2048x4096]  ->  y=[1x1x2048]  (T=1, K=1344)
  - op#02  op=K        shard=0   x=[1x1x4096] + w=[2048x4096]  ->  y=[1x1x2048]  (T=1, K=1344)
  - op#03  op=K        shard=1   x=[1x1x4096] + w=[2048x4096]  ->  y=[1x1x2048]  (T=1, K=1344)
  - op#04  op=V        shard=0   x=[1x1x4096] + w=[2048x4096]  ->  y=[1x1x2048]  (T=1, K=1344)
  - op#05  op=V        shard=1   x=[1x1x4096] + w=[2048x4096]  ->  y=[1x1x2048]  (T=1, K=1344)
  - op#06  op=O        shard=0   x=[1x1x2048] + w=[4096x2048]  ->  y=[1x1x4096]  (T=1, K=1344)
  - op#07  op=O        shard=1   x=[1x1x2048] + w=[4096x2048]  ->  y=[1x1x4096]  (T=1, K=1344)
  - op#08  op=FFN_W1   shard=0   x=[1x1x4096] + w=[5504x4096]  ->  y=[1x1x5504]  (T=1, K=1344)
  - op#09  op=FFN_W3   shard=0   x=[1x1x4096] + w=[5504x4096]  ->  y=[1x1x5504]  (T=1, K=1344)
  - op#10  op=FFN_W1   shard=1   x=[1x1x4096] + w=[5504x4096]  ->  y=[1x1x5504]  (T=1, K=1344)
  - op#11  op=FFN_W3   shard=1   x=[1x1x4096] + w=[5504x4096]  ->  y=[1x1x5504]  (T=1, K=1344)
  - op#12  op=FFN_W2   shard=0   x=[1x1x5504] + w=[4096x5504]  ->  y=[1x1x4096]  (T=1, K=1344)
  - op#13  op=FFN_W2   shard=1   x=[1x1x5504] + w=[4096x5504]  ->  y=[1x1x4096]  (T=1, K=1344)
[gpu-debug] per-op timing breakdown (avg over iters):
  idx  op       sh  io                                                    time   est_flops    TFLOPs       bytes      GB/s
  ------------------------------------------------------------------------------------------------------------------------
    0  Q         0  x[1x1x4096]+w[2048x4096]->y[1x1x2048]               0.046ms    16.777 M      0.36   16.01 MiB    361.15
    1  Q         1  x[1x1x4096]+w[2048x4096]->y[1x1x2048]               0.034ms    16.777 M      0.49   16.01 MiB    490.90
    2  K         0  x[1x1x4096]+w[2048x4096]->y[1x1x2048]               0.034ms    16.777 M      0.49   16.01 MiB    493.86
    3  K         1  x[1x1x4096]+w[2048x4096]->y[1x1x2048]               0.034ms    16.777 M      0.49   16.01 MiB    487.98
    4  V         0  x[1x1x4096]+w[2048x4096]->y[1x1x2048]               0.034ms    16.777 M      0.49   16.01 MiB    489.43
    5  V         1  x[1x1x4096]+w[2048x4096]->y[1x1x2048]               0.034ms    16.777 M      0.49   16.01 MiB    493.86
    6  O         0  x[1x1x2048]+w[4096x2048]->y[1x1x4096]               0.028ms    16.777 M      0.60   16.01 MiB    600.59
    7  O         1  x[1x1x2048]+w[4096x2048]->y[1x1x4096]               0.028ms    16.777 M      0.59   16.01 MiB    589.78
    8  FFN_W1    0  x[1x1x4096]+w[5504x4096]->y[1x1x5504]               0.047ms    45.089 M      0.96   43.02 MiB    959.71
    9  FFN_W3    0  x[1x1x4096]+w[5504x4096]->y[1x1x5504]               0.047ms    45.089 M      0.95   43.02 MiB    951.42
   10  FFN_W1    1  x[1x1x4096]+w[5504x4096]->y[1x1x5504]               0.047ms    45.089 M      0.96   43.02 MiB    955.55
   11  FFN_W3    1  x[1x1x4096]+w[5504x4096]->y[1x1x5504]               0.047ms    45.089 M      0.97   43.02 MiB    966.03
   12  FFN_W2    0  x[1x1x5504]+w[4096x5504]->y[1x1x4096]               0.050ms    45.089 M      0.89   43.02 MiB    893.52
   13  FFN_W2    1  x[1x1x5504]+w[4096x5504]->y[1x1x4096]               0.050ms    45.089 M      0.89   43.02 MiB    893.52
[gpu-debug] segment avg latency (cuda_events): 0.495 ms
[gpu-debug] sum(per-op)               : 0.563 ms (ratio=1.137)
[gpu-debug] NOTE: sum(per-op) may differ from segment latency due to Python overhead, event/launch overhead, and allocator/cache effects.
[gpu-debug] cuda mem before warmup: alloc=400.15 MiB reserved=414.00 MiB
[gpu-debug] cuda mem after warmup : alloc=400.15 MiB reserved=414.00 MiB
[gpu-debug] cuda mem peak (this segment): max_alloc=400.16 MiB max_reserved=414.00 MiB
========================================================================================
[gpu-debug] segment_key=npu|decode|7|58672e7680bc9d88d790ef6aa34bd903
[gpu-debug] sig: device_type=npu phase=decode step=7 (count_hint=32)
[gpu-debug] ops_repr: Q:0,Q:1,K:0,K:1,V:0,V:1,O:0,O:1,FFN_W1:0,FFN_W3:0,FFN_W1:1,FFN_W3:1,FFN_W2:0,FFN_W2:1
[gpu-debug] cfg: device=cuda dtype=torch.bfloat16 batch=1 dim=4096 ffn_dim=11008 n_heads=32 shards=2
[gpu-debug] op plan (with inferred tensor shapes):
  - op#00  op=Q        shard=0   x=[1x1x4096] + w=[2048x4096]  ->  y=[1x1x2048]  (T=1, K=1408)
  - op#01  op=Q        shard=1   x=[1x1x4096] + w=[2048x4096]  ->  y=[1x1x2048]  (T=1, K=1408)
  - op#02  op=K        shard=0   x=[1x1x4096] + w=[2048x4096]  ->  y=[1x1x2048]  (T=1, K=1408)
  - op#03  op=K        shard=1   x=[1x1x4096] + w=[2048x4096]  ->  y=[1x1x2048]  (T=1, K=1408)
  - op#04  op=V        shard=0   x=[1x1x4096] + w=[2048x4096]  ->  y=[1x1x2048]  (T=1, K=1408)
  - op#05  op=V        shard=1   x=[1x1x4096] + w=[2048x4096]  ->  y=[1x1x2048]  (T=1, K=1408)
  - op#06  op=O        shard=0   x=[1x1x2048] + w=[4096x2048]  ->  y=[1x1x4096]  (T=1, K=1408)
  - op#07  op=O        shard=1   x=[1x1x2048] + w=[4096x2048]  ->  y=[1x1x4096]  (T=1, K=1408)
  - op#08  op=FFN_W1   shard=0   x=[1x1x4096] + w=[5504x4096]  ->  y=[1x1x5504]  (T=1, K=1408)
  - op#09  op=FFN_W3   shard=0   x=[1x1x4096] + w=[5504x4096]  ->  y=[1x1x5504]  (T=1, K=1408)
  - op#10  op=FFN_W1   shard=1   x=[1x1x4096] + w=[5504x4096]  ->  y=[1x1x5504]  (T=1, K=1408)
  - op#11  op=FFN_W3   shard=1   x=[1x1x4096] + w=[5504x4096]  ->  y=[1x1x5504]  (T=1, K=1408)
  - op#12  op=FFN_W2   shard=0   x=[1x1x5504] + w=[4096x5504]  ->  y=[1x1x4096]  (T=1, K=1408)
  - op#13  op=FFN_W2   shard=1   x=[1x1x5504] + w=[4096x5504]  ->  y=[1x1x4096]  (T=1, K=1408)
[gpu-debug] per-op timing breakdown (avg over iters):
  idx  op       sh  io                                                    time   est_flops    TFLOPs       bytes      GB/s
  ------------------------------------------------------------------------------------------------------------------------
    0  Q         0  x[1x1x4096]+w[2048x4096]->y[1x1x2048]               0.047ms    16.777 M      0.36   16.01 MiB    357.99
    1  Q         1  x[1x1x4096]+w[2048x4096]->y[1x1x2048]               0.035ms    16.777 M      0.49   16.01 MiB    486.53
    2  K         0  x[1x1x4096]+w[2048x4096]->y[1x1x2048]               0.035ms    16.777 M      0.49   16.01 MiB    486.53
    3  K         1  x[1x1x4096]+w[2048x4096]->y[1x1x2048]               0.034ms    16.777 M      0.49   16.01 MiB    490.90
    4  V         0  x[1x1x4096]+w[2048x4096]->y[1x1x2048]               0.034ms    16.777 M      0.49   16.01 MiB    487.98
    5  V         1  x[1x1x4096]+w[2048x4096]->y[1x1x2048]               0.034ms    16.777 M      0.50   16.01 MiB    499.88
    6  O         0  x[1x1x2048]+w[4096x2048]->y[1x1x4096]               0.028ms    16.777 M      0.60   16.01 MiB    596.22
    7  O         1  x[1x1x2048]+w[4096x2048]->y[1x1x4096]               0.028ms    16.777 M      0.59   16.01 MiB    594.06
    8  FFN_W1    0  x[1x1x4096]+w[5504x4096]->y[1x1x5504]               0.047ms    45.089 M      0.97   43.02 MiB    966.03
    9  FFN_W3    0  x[1x1x4096]+w[5504x4096]->y[1x1x5504]               0.048ms    45.089 M      0.95   43.02 MiB    949.37
   10  FFN_W1    1  x[1x1x4096]+w[5504x4096]->y[1x1x5504]               0.047ms    45.089 M      0.96   43.02 MiB    957.62
   11  FFN_W3    1  x[1x1x4096]+w[5504x4096]->y[1x1x5504]               0.047ms    45.089 M      0.96   43.02 MiB    961.81
   12  FFN_W2    0  x[1x1x5504]+w[4096x5504]->y[1x1x4096]               0.050ms    45.089 M      0.90   43.02 MiB    898.99
   13  FFN_W2    1  x[1x1x5504]+w[4096x5504]->y[1x1x4096]               0.050ms    45.089 M      0.90   43.02 MiB    902.68
[gpu-debug] segment avg latency (cuda_events): 0.495 ms
[gpu-debug] sum(per-op)               : 0.563 ms (ratio=1.138)
[gpu-debug] NOTE: sum(per-op) may differ from segment latency due to Python overhead, event/launch overhead, and allocator/cache effects.
[gpu-debug] cuda mem before warmup: alloc=400.15 MiB reserved=414.00 MiB
[gpu-debug] cuda mem after warmup : alloc=400.15 MiB reserved=414.00 MiB
[gpu-debug] cuda mem peak (this segment): max_alloc=400.16 MiB max_reserved=414.00 MiB
========================================================================================
[gpu-debug] segment_key=npu|decode|8|58672e7680bc9d88d790ef6aa34bd903
[gpu-debug] sig: device_type=npu phase=decode step=8 (count_hint=32)
[gpu-debug] ops_repr: Q:0,Q:1,K:0,K:1,V:0,V:1,O:0,O:1,FFN_W1:0,FFN_W3:0,FFN_W1:1,FFN_W3:1,FFN_W2:0,FFN_W2:1
[gpu-debug] cfg: device=cuda dtype=torch.bfloat16 batch=1 dim=4096 ffn_dim=11008 n_heads=32 shards=2
[gpu-debug] op plan (with inferred tensor shapes):
  - op#00  op=Q        shard=0   x=[1x1x4096] + w=[2048x4096]  ->  y=[1x1x2048]  (T=1, K=1472)
  - op#01  op=Q        shard=1   x=[1x1x4096] + w=[2048x4096]  ->  y=[1x1x2048]  (T=1, K=1472)
  - op#02  op=K        shard=0   x=[1x1x4096] + w=[2048x4096]  ->  y=[1x1x2048]  (T=1, K=1472)
  - op#03  op=K        shard=1   x=[1x1x4096] + w=[2048x4096]  ->  y=[1x1x2048]  (T=1, K=1472)
  - op#04  op=V        shard=0   x=[1x1x4096] + w=[2048x4096]  ->  y=[1x1x2048]  (T=1, K=1472)
  - op#05  op=V        shard=1   x=[1x1x4096] + w=[2048x4096]  ->  y=[1x1x2048]  (T=1, K=1472)
  - op#06  op=O        shard=0   x=[1x1x2048] + w=[4096x2048]  ->  y=[1x1x4096]  (T=1, K=1472)
  - op#07  op=O        shard=1   x=[1x1x2048] + w=[4096x2048]  ->  y=[1x1x4096]  (T=1, K=1472)
  - op#08  op=FFN_W1   shard=0   x=[1x1x4096] + w=[5504x4096]  ->  y=[1x1x5504]  (T=1, K=1472)
  - op#09  op=FFN_W3   shard=0   x=[1x1x4096] + w=[5504x4096]  ->  y=[1x1x5504]  (T=1, K=1472)
  - op#10  op=FFN_W1   shard=1   x=[1x1x4096] + w=[5504x4096]  ->  y=[1x1x5504]  (T=1, K=1472)
  - op#11  op=FFN_W3   shard=1   x=[1x1x4096] + w=[5504x4096]  ->  y=[1x1x5504]  (T=1, K=1472)
  - op#12  op=FFN_W2   shard=0   x=[1x1x5504] + w=[4096x5504]  ->  y=[1x1x4096]  (T=1, K=1472)
  - op#13  op=FFN_W2   shard=1   x=[1x1x5504] + w=[4096x5504]  ->  y=[1x1x4096]  (T=1, K=1472)
[gpu-debug] per-op timing breakdown (avg over iters):
  idx  op       sh  io                                                    time   est_flops    TFLOPs       bytes      GB/s
  ------------------------------------------------------------------------------------------------------------------------
    0  Q         0  x[1x1x4096]+w[2048x4096]->y[1x1x2048]               0.046ms    16.777 M      0.36   16.01 MiB    361.94
    1  Q         1  x[1x1x4096]+w[2048x4096]->y[1x1x2048]               0.034ms    16.777 M      0.49   16.01 MiB    495.35
    2  K         0  x[1x1x4096]+w[2048x4096]->y[1x1x2048]               0.034ms    16.777 M      0.49   16.01 MiB    490.90
    3  K         1  x[1x1x4096]+w[2048x4096]->y[1x1x2048]               0.035ms    16.777 M      0.48   16.01 MiB    483.66
    4  V         0  x[1x1x4096]+w[2048x4096]->y[1x1x2048]               0.035ms    16.777 M      0.48   16.01 MiB    483.66
    5  V         1  x[1x1x4096]+w[2048x4096]->y[1x1x2048]               0.034ms    16.777 M      0.50   16.01 MiB    499.88
    6  O         0  x[1x1x2048]+w[4096x2048]->y[1x1x4096]               0.028ms    16.777 M      0.60   16.01 MiB    600.59
    7  O         1  x[1x1x2048]+w[4096x2048]->y[1x1x4096]               0.028ms    16.777 M      0.59   16.01 MiB    594.06
    8  FFN_W1    0  x[1x1x4096]+w[5504x4096]->y[1x1x5504]               0.047ms    45.089 M      0.96   43.02 MiB    957.62
    9  FFN_W3    0  x[1x1x4096]+w[5504x4096]->y[1x1x5504]               0.047ms    45.089 M      0.95   43.02 MiB    951.42
   10  FFN_W1    1  x[1x1x4096]+w[5504x4096]->y[1x1x5504]               0.047ms    45.089 M      0.96   43.02 MiB    959.71
   11  FFN_W3    1  x[1x1x4096]+w[5504x4096]->y[1x1x5504]               0.047ms    45.089 M      0.96   43.02 MiB    961.81
   12  FFN_W2    0  x[1x1x5504]+w[4096x5504]->y[1x1x4096]               0.050ms    45.089 M      0.89   43.02 MiB    895.34
   13  FFN_W2    1  x[1x1x5504]+w[4096x5504]->y[1x1x4096]               0.050ms    45.089 M      0.89   43.02 MiB    895.34
[gpu-debug] segment avg latency (cuda_events): 0.496 ms
[gpu-debug] sum(per-op)               : 0.563 ms (ratio=1.135)
[gpu-debug] NOTE: sum(per-op) may differ from segment latency due to Python overhead, event/launch overhead, and allocator/cache effects.
[gpu-debug] cuda mem before warmup: alloc=400.15 MiB reserved=414.00 MiB
[gpu-debug] cuda mem after warmup : alloc=400.15 MiB reserved=414.00 MiB
[gpu-debug] cuda mem peak (this segment): max_alloc=400.16 MiB max_reserved=414.00 MiB
========================================================================================
[gpu-debug] segment_key=npu|prefill|-1|2a331687201a3abf6e73ab65b42cfdd2
[gpu-debug] sig: device_type=npu phase=prefill step=-1 (count_hint=32)
[gpu-debug] ops_repr: LN:-1,Q:0,Q:1,K:0,K:1,V:0,V:1,QK:0,QK:1,Softmax:0,Softmax:1,SV:0,SV:1,O:0,O:1,Add:-1,LN:-1,FFN_W1:0,FFN_W3:0,FFN_W1:1,FFN_W3:1,SwiGLU:1,FFN_W2:0,FFN_W2:1,Add:-1
[gpu-debug] cfg: device=cuda dtype=torch.bfloat16 batch=1 dim=4096 ffn_dim=11008 n_heads=32 shards=2
[gpu-debug] op plan (with inferred tensor shapes):
  - op#00  op=LN       shard=-1  x=[1x1024x4096] + w=[4096]  ->  y=[1x1024x4096]  (T=1024, K=1024)
  - op#01  op=Q        shard=0   x=[1x1024x4096] + w=[2048x4096]  ->  y=[1x1024x2048]  (T=1024, K=1024)
  - op#02  op=Q        shard=1   x=[1x1024x4096] + w=[2048x4096]  ->  y=[1x1024x2048]  (T=1024, K=1024)
  - op#03  op=K        shard=0   x=[1x1024x4096] + w=[2048x4096]  ->  y=[1x1024x2048]  (T=1024, K=1024)
  - op#04  op=K        shard=1   x=[1x1024x4096] + w=[2048x4096]  ->  y=[1x1024x2048]  (T=1024, K=1024)
  - op#05  op=V        shard=0   x=[1x1024x4096] + w=[2048x4096]  ->  y=[1x1024x2048]  (T=1024, K=1024)
  - op#06  op=V        shard=1   x=[1x1024x4096] + w=[2048x4096]  ->  y=[1x1024x2048]  (T=1024, K=1024)
  - op#07  op=QK       shard=0   q=[1x16x1024x128] + k=[1x16x128x1024]  ->  y=[1x16x1024x1024]  (T=1024, K=1024)
  - op#08  op=QK       shard=1   q=[1x16x1024x128] + k=[1x16x128x1024]  ->  y=[1x16x1024x1024]  (T=1024, K=1024)
  - op#09  op=Softmax  shard=0   scores=[1x16x1024x1024]  ->  y=[1x16x1024x1024]  (T=1024, K=1024)
  - op#10  op=Softmax  shard=1   scores=[1x16x1024x1024]  ->  y=[1x16x1024x1024]  (T=1024, K=1024)
  - op#11  op=SV       shard=0   p=[1x16x1024x1024] + v=[1x16x1024x128]  ->  y=[1x16x1024x128]  (T=1024, K=1024)
  - op#12  op=SV       shard=1   p=[1x16x1024x1024] + v=[1x16x1024x128]  ->  y=[1x16x1024x128]  (T=1024, K=1024)
  - op#13  op=O        shard=0   x=[1x1024x2048] + w=[4096x2048]  ->  y=[1x1024x4096]  (T=1024, K=1024)
  - op#14  op=O        shard=1   x=[1x1024x2048] + w=[4096x2048]  ->  y=[1x1024x4096]  (T=1024, K=1024)
  - op#15  op=Add      shard=-1  a=[1x1024x4096] + b=[1x1024x4096]  ->  y=[1x1024x4096]  (T=1024, K=1024)
  - op#16  op=LN       shard=-1  x=[1x1024x4096] + w=[4096]  ->  y=[1x1024x4096]  (T=1024, K=1024)
  - op#17  op=FFN_W1   shard=0   x=[1x1024x4096] + w=[5504x4096]  ->  y=[1x1024x5504]  (T=1024, K=1024)
  - op#18  op=FFN_W3   shard=0   x=[1x1024x4096] + w=[5504x4096]  ->  y=[1x1024x5504]  (T=1024, K=1024)
  - op#19  op=FFN_W1   shard=1   x=[1x1024x4096] + w=[5504x4096]  ->  y=[1x1024x5504]  (T=1024, K=1024)
  - op#20  op=FFN_W3   shard=1   x=[1x1024x4096] + w=[5504x4096]  ->  y=[1x1024x5504]  (T=1024, K=1024)
  - op#21  op=SwiGLU   shard=1   a=[1x1024x5504] + b=[1x1024x5504]  ->  y=[1x1024x5504]  (T=1024, K=1024)
  - op#22  op=FFN_W2   shard=0   x=[1x1024x5504] + w=[4096x5504]  ->  y=[1x1024x4096]  (T=1024, K=1024)
  - op#23  op=FFN_W2   shard=1   x=[1x1024x5504] + w=[4096x5504]  ->  y=[1x1024x4096]  (T=1024, K=1024)
  - op#24  op=Add      shard=-1  a=[1x1024x4096] + b=[1x1024x4096]  ->  y=[1x1024x4096]  (T=1024, K=1024)
[gpu-debug] per-op timing breakdown (avg over iters):
  idx  op       sh  io                                                    time   est_flops    TFLOPs       bytes      GB/s
  ------------------------------------------------------------------------------------------------------------------------
    0  LN       -1  x[1x1024x4096]+w[4096]->y[1x1024x4096]              0.088ms    20.972 M      0.24   16.01 MiB    189.72
    1  Q         0  x[1x1024x4096]+w[2048x4096]->y[1x1024x2048]         0.113ms    17.180 G    151.56   28.00 MiB    259.01
    2  Q         1  x[1x1024x4096]+w[2048x4096]->y[1x1024x2048]         0.105ms    17.180 G    163.84   28.00 MiB    280.00
    3  K         0  x[1x1024x4096]+w[2048x4096]->y[1x1024x2048]         0.105ms    17.180 G    163.84   28.00 MiB    280.00
    4  K         1  x[1x1024x4096]+w[2048x4096]->y[1x1024x2048]         0.105ms    17.180 G    163.84   28.00 MiB    280.00
    5  V         0  x[1x1024x4096]+w[2048x4096]->y[1x1024x2048]         0.105ms    17.180 G    164.16   28.00 MiB    280.55
    6  V         1  x[1x1024x4096]+w[2048x4096]->y[1x1024x2048]         0.105ms    17.180 G    164.16   28.00 MiB    280.55
    7  QK        0  q[1x16x1024x128]+k[1x16x128x1024]->y[1x16x1...      0.110ms     4.295 G     39.05   40.00 MiB    381.38
    8  QK        1  q[1x16x1024x128]+k[1x16x128x1024]->y[1x16x1...      0.113ms     4.295 G     38.16   40.00 MiB    372.70
    9  Softmax   0  scores[1x16x1024x1024]->y[1x16x1024x1024]           0.073ms    83.886 M      1.14   64.00 MiB    914.03
   10  Softmax   1  scores[1x16x1024x1024]->y[1x16x1024x1024]           0.070ms    83.886 M      1.20   64.00 MiB    956.73
   11  SV        0  p[1x16x1024x1024]+v[1x16x1024x128]->y[1x16x...      0.058ms     4.295 G     73.97   40.00 MiB    722.40
   12  SV        1  p[1x16x1024x1024]+v[1x16x1024x128]->y[1x16x...      0.052ms     4.295 G     82.40   40.00 MiB    804.72
   13  O         0  x[1x1024x2048]+w[4096x2048]->y[1x1024x4096]         0.127ms    17.180 G    135.63   28.00 MiB    231.79
   14  O         1  x[1x1024x2048]+w[4096x2048]->y[1x1024x4096]         0.126ms    17.180 G    136.29   28.00 MiB    232.92
   15  Add      -1  a[1x1024x4096]+b[1x1024x4096]->y[1x1024x4096]       0.013ms     4.194 M      0.31   24.00 MiB   1876.03
   16  LN       -1  x[1x1024x4096]+w[4096]->y[1x1024x4096]              0.070ms    20.972 M      0.30   16.01 MiB    238.26
   17  FFN_W1    0  x[1x1024x4096]+w[5504x4096]->y[1x1024x5504]         0.234ms    46.171 G    196.89   61.75 MiB    276.12
   18  FFN_W3    0  x[1x1024x4096]+w[5504x4096]->y[1x1024x5504]         0.234ms    46.171 G    197.24   61.75 MiB    276.61
   19  FFN_W1    1  x[1x1024x4096]+w[5504x4096]->y[1x1024x5504]         0.234ms    46.171 G    197.07   61.75 MiB    276.36
   20  FFN_W3    1  x[1x1024x4096]+w[5504x4096]->y[1x1024x5504]         0.234ms    46.171 G    196.98   61.75 MiB    276.24
   21  SwiGLU    1  a[1x1024x5504]+b[1x1024x5504]->y[1x1024x5504]       0.032ms    33.817 M      1.06   32.25 MiB   1055.08
   22  FFN_W2    0  x[1x1024x5504]+w[4096x5504]->y[1x1024x4096]         0.307ms    46.171 G    150.35   61.75 MiB    210.84
   23  FFN_W2    1  x[1x1024x5504]+w[4096x5504]->y[1x1024x4096]         0.307ms    46.171 G    150.25   61.75 MiB    210.70
   24  Add      -1  a[1x1024x4096]+b[1x1024x4096]->y[1x1024x4096]       0.015ms     4.194 M      0.27   24.00 MiB   1638.40
[gpu-debug] segment avg latency (cuda_events): 3.046 ms
[gpu-debug] sum(per-op)               : 3.138 ms (ratio=1.030)
[gpu-debug] NOTE: sum(per-op) may differ from segment latency due to Python overhead, event/launch overhead, and allocator/cache effects.
[gpu-debug] cuda mem before warmup: alloc=400.15 MiB reserved=414.00 MiB
[gpu-debug] cuda mem after warmup : alloc=462.91 MiB reserved=574.00 MiB
[gpu-debug] cuda mem peak (this segment): max_alloc=526.91 MiB max_reserved=574.00 MiB
  progress 10/10
[run-gpu] wrote /lustre/home/2501111916/workspace/XPUPIM_0226_gpupim_parameter/TriForm/verify/hw_hardware_1gpu_2aim/st64/llama_7b_bf16_b1_s64/heft_1024x512.gpu_results.json
[slurm] wrote OK_FILE=/lustre/home/2501111916/workspace/XPUPIM_0226_gpupim_parameter/TriForm/verify/hw_hardware_1gpu_2aim/st64/llama_7b_bf16_b1_s64/heft_1024x512.gpu.ok
