================================================================================
[run-pim][debug] Using cost_model_pim_backend._get_pim_latency_via_trace
[run-pim][debug] shard_policy='fine' shards=2
[run-pim][debug] model: dim=4096 ffn_dim=11008 n_heads=32 n_kv_heads=auto->n_heads
[run-pim][debug] lengths: prefill_len=1024 decode_stride=64 decode_context_lens_len=3
[run-pim][debug] pim_config=/lustre/home/2501111916/workspace/XPUPIM_0226_gpupim_parameter/TriForm/algorithms/aim_simulator/PIM_AiM.json (from pim_hw_json_path)
[run-pim][debug] ramulator_config=/lustre/home/2501111916/workspace/XPUPIM_0226_gpupim_parameter/TriForm/algorithms/aim_simulator/example.yaml
[run-pim][debug] ramulator_bin=/lustre/home/2501111916/workspace/XPUPIM_0226_gpupim_parameter/TriForm/algorithms/ramulator2 (exported as env RAMULATOR2_BIN)
[run-pim][debug] ramulator_timeout_s=3000
[run-pim][debug] cache_enabled=False
[run-pim][debug] schedule cfg.pim_freq_ghz=1.0
[run-pim][debug] cost_model config.PIM_FREQ_GHZ=1.0
================================================================================
========================================================================================
[pim-debug] segment_key=pim|decode|0|583a2f400a32ef30361deb25375d6d1d
[pim-debug] sig: device_type=pim phase=decode step=0 (count_hint=32)
[pim-debug] ops_repr: QK:1,Softmax:1,SV:1
[pim-debug] cfg: shard_policy='fine' shards=2 dim=4096 ffn_dim=11008 n_heads=32 n_kv_heads=auto->n_heads
[pim-debug] pim_config=/lustre/home/2501111916/workspace/XPUPIM_0226_gpupim_parameter/TriForm/algorithms/aim_simulator/PIM_AiM.json
[pim-debug] ramulator_config=/lustre/home/2501111916/workspace/XPUPIM_0226_gpupim_parameter/TriForm/algorithms/aim_simulator/example.yaml
[pim-debug] cost_model config.PIM_FREQ_GHZ=1.0
[pim-debug] op plan (logical shapes inferred from schedule cfg):
  - op#00  op=QK       shard=1   q=[16x1x128] + k=[16x128x1025]  ->  y=[16x1x1025]  (T=1, K=1025)
  - op#01  op=Softmax  shard=1   scores=[16x1x1025]  ->  y=[16x1x1025]  (T=1, K=1025)
  - op#02  op=SV       shard=1   p=[16x1x1025] + v=[16x1025x128]  ->  y=[16x1x128]  (T=1, K=1025)
[pim-debug] NOTE: CENT(AiM) trace backend internally uses x shape (1,1,dim) and handles prefill by repeating ops;
           the table below shows the *effective parameters* passed into cost_model_pim_backend for each op.
[pim-debug] op#00 op=QK       norm=score      sh=1  dim=4096  heads=16  hd=128 q_dim=2048  kv_heads=16  kv_dim=2048  o_dim=2048  ffn_dim=5504   seqlen=1025   qlen=1   cache=N lat=    0.005ms cycles≈5424
[pim-debug] op#01 op=Softmax  norm=softmax    sh=1  dim=4096  heads=16  hd=128 q_dim=2048  kv_heads=16  kv_dim=2048  o_dim=2048  ffn_dim=5504   seqlen=1025   qlen=1   cache=N lat=    0.004ms cycles≈4057
[pim-debug] op#02 op=SV       norm=output     sh=1  dim=4096  heads=16  hd=128 q_dim=2048  kv_heads=16  kv_dim=2048  o_dim=2048  ffn_dim=5504   seqlen=1025   qlen=1   cache=N lat=    0.004ms cycles≈3698
[pim-debug] segment total latency: 0.013 ms
========================================================================================
[pim-debug] segment_key=pim|decode|0|eba483edef50291578f13ab69ef2efef
[pim-debug] sig: device_type=pim phase=decode step=0 (count_hint=32)
[pim-debug] ops_repr: LN:-1,QK:0,Softmax:0,SV:0,Add:-1,LN:-1,SwiGLU:0,SwiGLU:1,Add:-1
[pim-debug] cfg: shard_policy='fine' shards=2 dim=4096 ffn_dim=11008 n_heads=32 n_kv_heads=auto->n_heads
[pim-debug] pim_config=/lustre/home/2501111916/workspace/XPUPIM_0226_gpupim_parameter/TriForm/algorithms/aim_simulator/PIM_AiM.json
[pim-debug] ramulator_config=/lustre/home/2501111916/workspace/XPUPIM_0226_gpupim_parameter/TriForm/algorithms/aim_simulator/example.yaml
[pim-debug] cost_model config.PIM_FREQ_GHZ=1.0
[pim-debug] op plan (logical shapes inferred from schedule cfg):
  - op#00  op=LN       shard=-1  x=[1x4096] + w=[4096]  ->  y=[1x4096]  (T=1, K=1025)
  - op#01  op=QK       shard=0   q=[16x1x128] + k=[16x128x1025]  ->  y=[16x1x1025]  (T=1, K=1025)
  - op#02  op=Softmax  shard=0   scores=[16x1x1025]  ->  y=[16x1x1025]  (T=1, K=1025)
  - op#03  op=SV       shard=0   p=[16x1x1025] + v=[16x1025x128]  ->  y=[16x1x128]  (T=1, K=1025)
  - op#04  op=Add      shard=-1  a=[1x4096] + b=[1x4096]  ->  y=[1x4096]  (T=1, K=1025)
  - op#05  op=LN       shard=-1  x=[1x4096] + w=[4096]  ->  y=[1x4096]  (T=1, K=1025)
  - op#06  op=SwiGLU   shard=0   a=[1x5504] + b=[1x5504]  ->  y=[1x5504]  (T=1, K=1025)
  - op#07  op=SwiGLU   shard=1   a=[1x5504] + b=[1x5504]  ->  y=[1x5504]  (T=1, K=1025)
  - op#08  op=Add      shard=-1  a=[1x4096] + b=[1x4096]  ->  y=[1x4096]  (T=1, K=1025)
[pim-debug] NOTE: CENT(AiM) trace backend internally uses x shape (1,1,dim) and handles prefill by repeating ops;
           the table below shows the *effective parameters* passed into cost_model_pim_backend for each op.
[pim-debug] op#00 op=LN       norm=rmsnorm    sh=-1 dim=4096  heads=32  hd=128 q_dim=4096  kv_heads=32  kv_dim=4096  o_dim=4096  ffn_dim=11008  seqlen=1025   qlen=1   cache=N lat=    0.001ms cycles≈1314
[pim-debug] op#01 op=QK       norm=score      sh=0  dim=4096  heads=16  hd=128 q_dim=2048  kv_heads=16  kv_dim=2048  o_dim=2048  ffn_dim=5504   seqlen=1025   qlen=1   cache=N lat=    0.005ms cycles≈5424
[pim-debug] op#02 op=Softmax  norm=softmax    sh=0  dim=4096  heads=16  hd=128 q_dim=2048  kv_heads=16  kv_dim=2048  o_dim=2048  ffn_dim=5504   seqlen=1025   qlen=1   cache=N lat=    0.004ms cycles≈4057
[pim-debug] op#03 op=SV       norm=output     sh=0  dim=4096  heads=16  hd=128 q_dim=2048  kv_heads=16  kv_dim=2048  o_dim=2048  ffn_dim=5504   seqlen=1025   qlen=1   cache=N lat=    0.004ms cycles≈3698
[pim-debug] op#04 op=Add      norm=residual   sh=-1 dim=4096  heads=32  hd=128 q_dim=4096  kv_heads=32  kv_dim=4096  o_dim=4096  ffn_dim=11008  seqlen=1025   qlen=1   cache=N lat=    0.000ms cycles≈3
[pim-debug] op#05 op=LN       norm=rmsnorm    sh=-1 dim=4096  heads=32  hd=128 q_dim=4096  kv_heads=32  kv_dim=4096  o_dim=4096  ffn_dim=11008  seqlen=1025   qlen=1   cache=N lat=    0.001ms cycles≈1314
[pim-debug] op#06 op=SwiGLU   norm=silu       sh=0  dim=4096  heads=16  hd=128 q_dim=2048  kv_heads=16  kv_dim=2048  o_dim=2048  ffn_dim=5504   seqlen=1025   qlen=1   cache=N lat=    0.001ms cycles≈503
[pim-debug] op#07 op=SwiGLU   norm=silu       sh=1  dim=4096  heads=16  hd=128 q_dim=2048  kv_heads=16  kv_dim=2048  o_dim=2048  ffn_dim=5504   seqlen=1025   qlen=1   cache=N lat=    0.001ms cycles≈503
[pim-debug] op#08 op=Add      norm=residual   sh=-1 dim=4096  heads=32  hd=128 q_dim=4096  kv_heads=32  kv_dim=4096  o_dim=4096  ffn_dim=11008  seqlen=1025   qlen=1   cache=N lat=    0.000ms cycles≈3
[pim-debug] segment total latency: 0.017 ms
========================================================================================
[pim-debug] segment_key=pim|decode|1|583a2f400a32ef30361deb25375d6d1d
[pim-debug] sig: device_type=pim phase=decode step=1 (count_hint=32)
[pim-debug] ops_repr: QK:1,Softmax:1,SV:1
[pim-debug] cfg: shard_policy='fine' shards=2 dim=4096 ffn_dim=11008 n_heads=32 n_kv_heads=auto->n_heads
[pim-debug] pim_config=/lustre/home/2501111916/workspace/XPUPIM_0226_gpupim_parameter/TriForm/algorithms/aim_simulator/PIM_AiM.json
[pim-debug] ramulator_config=/lustre/home/2501111916/workspace/XPUPIM_0226_gpupim_parameter/TriForm/algorithms/aim_simulator/example.yaml
[pim-debug] cost_model config.PIM_FREQ_GHZ=1.0
[pim-debug] op plan (logical shapes inferred from schedule cfg):
  - op#00  op=QK       shard=1   q=[16x1x128] + k=[16x128x1026]  ->  y=[16x1x1026]  (T=1, K=1026)
  - op#01  op=Softmax  shard=1   scores=[16x1x1026]  ->  y=[16x1x1026]  (T=1, K=1026)
  - op#02  op=SV       shard=1   p=[16x1x1026] + v=[16x1026x128]  ->  y=[16x1x128]  (T=1, K=1026)
[pim-debug] NOTE: CENT(AiM) trace backend internally uses x shape (1,1,dim) and handles prefill by repeating ops;
           the table below shows the *effective parameters* passed into cost_model_pim_backend for each op.
[pim-debug] op#00 op=QK       norm=score      sh=1  dim=4096  heads=16  hd=128 q_dim=2048  kv_heads=16  kv_dim=2048  o_dim=2048  ffn_dim=5504   seqlen=1026   qlen=1   cache=N lat=    0.005ms cycles≈5424
[pim-debug] op#01 op=Softmax  norm=softmax    sh=1  dim=4096  heads=16  hd=128 q_dim=2048  kv_heads=16  kv_dim=2048  o_dim=2048  ffn_dim=5504   seqlen=1026   qlen=1   cache=N lat=    0.004ms cycles≈4057
[pim-debug] op#02 op=SV       norm=output     sh=1  dim=4096  heads=16  hd=128 q_dim=2048  kv_heads=16  kv_dim=2048  o_dim=2048  ffn_dim=5504   seqlen=1026   qlen=1   cache=N lat=    0.004ms cycles≈3698
[pim-debug] segment total latency: 0.013 ms
========================================================================================
[pim-debug] segment_key=pim|decode|1|eba483edef50291578f13ab69ef2efef
[pim-debug] sig: device_type=pim phase=decode step=1 (count_hint=32)
[pim-debug] ops_repr: LN:-1,QK:0,Softmax:0,SV:0,Add:-1,LN:-1,SwiGLU:0,SwiGLU:1,Add:-1
[pim-debug] cfg: shard_policy='fine' shards=2 dim=4096 ffn_dim=11008 n_heads=32 n_kv_heads=auto->n_heads
[pim-debug] pim_config=/lustre/home/2501111916/workspace/XPUPIM_0226_gpupim_parameter/TriForm/algorithms/aim_simulator/PIM_AiM.json
[pim-debug] ramulator_config=/lustre/home/2501111916/workspace/XPUPIM_0226_gpupim_parameter/TriForm/algorithms/aim_simulator/example.yaml
[pim-debug] cost_model config.PIM_FREQ_GHZ=1.0
[pim-debug] op plan (logical shapes inferred from schedule cfg):
  - op#00  op=LN       shard=-1  x=[1x4096] + w=[4096]  ->  y=[1x4096]  (T=1, K=1026)
  - op#01  op=QK       shard=0   q=[16x1x128] + k=[16x128x1026]  ->  y=[16x1x1026]  (T=1, K=1026)
  - op#02  op=Softmax  shard=0   scores=[16x1x1026]  ->  y=[16x1x1026]  (T=1, K=1026)
  - op#03  op=SV       shard=0   p=[16x1x1026] + v=[16x1026x128]  ->  y=[16x1x128]  (T=1, K=1026)
  - op#04  op=Add      shard=-1  a=[1x4096] + b=[1x4096]  ->  y=[1x4096]  (T=1, K=1026)
  - op#05  op=LN       shard=-1  x=[1x4096] + w=[4096]  ->  y=[1x4096]  (T=1, K=1026)
  - op#06  op=SwiGLU   shard=0   a=[1x5504] + b=[1x5504]  ->  y=[1x5504]  (T=1, K=1026)
  - op#07  op=SwiGLU   shard=1   a=[1x5504] + b=[1x5504]  ->  y=[1x5504]  (T=1, K=1026)
  - op#08  op=Add      shard=-1  a=[1x4096] + b=[1x4096]  ->  y=[1x4096]  (T=1, K=1026)
[pim-debug] NOTE: CENT(AiM) trace backend internally uses x shape (1,1,dim) and handles prefill by repeating ops;
           the table below shows the *effective parameters* passed into cost_model_pim_backend for each op.
[pim-debug] op#00 op=LN       norm=rmsnorm    sh=-1 dim=4096  heads=32  hd=128 q_dim=4096  kv_heads=32  kv_dim=4096  o_dim=4096  ffn_dim=11008  seqlen=1026   qlen=1   cache=N lat=    0.001ms cycles≈1314
[pim-debug] op#01 op=QK       norm=score      sh=0  dim=4096  heads=16  hd=128 q_dim=2048  kv_heads=16  kv_dim=2048  o_dim=2048  ffn_dim=5504   seqlen=1026   qlen=1   cache=N lat=    0.005ms cycles≈5424
[pim-debug] op#02 op=Softmax  norm=softmax    sh=0  dim=4096  heads=16  hd=128 q_dim=2048  kv_heads=16  kv_dim=2048  o_dim=2048  ffn_dim=5504   seqlen=1026   qlen=1   cache=N lat=    0.004ms cycles≈4057
[pim-debug] op#03 op=SV       norm=output     sh=0  dim=4096  heads=16  hd=128 q_dim=2048  kv_heads=16  kv_dim=2048  o_dim=2048  ffn_dim=5504   seqlen=1026   qlen=1   cache=N lat=    0.004ms cycles≈3698
[pim-debug] op#04 op=Add      norm=residual   sh=-1 dim=4096  heads=32  hd=128 q_dim=4096  kv_heads=32  kv_dim=4096  o_dim=4096  ffn_dim=11008  seqlen=1026   qlen=1   cache=N lat=    0.000ms cycles≈3
[pim-debug] op#05 op=LN       norm=rmsnorm    sh=-1 dim=4096  heads=32  hd=128 q_dim=4096  kv_heads=32  kv_dim=4096  o_dim=4096  ffn_dim=11008  seqlen=1026   qlen=1   cache=N lat=    0.001ms cycles≈1314
[pim-debug] op#06 op=SwiGLU   norm=silu       sh=0  dim=4096  heads=16  hd=128 q_dim=2048  kv_heads=16  kv_dim=2048  o_dim=2048  ffn_dim=5504   seqlen=1026   qlen=1   cache=N lat=    0.001ms cycles≈503
[pim-debug] op#07 op=SwiGLU   norm=silu       sh=1  dim=4096  heads=16  hd=128 q_dim=2048  kv_heads=16  kv_dim=2048  o_dim=2048  ffn_dim=5504   seqlen=1026   qlen=1   cache=N lat=    0.001ms cycles≈503
[pim-debug] op#08 op=Add      norm=residual   sh=-1 dim=4096  heads=32  hd=128 q_dim=4096  kv_heads=32  kv_dim=4096  o_dim=4096  ffn_dim=11008  seqlen=1026   qlen=1   cache=N lat=    0.000ms cycles≈3
[pim-debug] segment total latency: 0.017 ms
========================================================================================
[pim-debug] segment_key=pim|decode|2|583a2f400a32ef30361deb25375d6d1d
[pim-debug] sig: device_type=pim phase=decode step=2 (count_hint=32)
[pim-debug] ops_repr: QK:1,Softmax:1,SV:1
[pim-debug] cfg: shard_policy='fine' shards=2 dim=4096 ffn_dim=11008 n_heads=32 n_kv_heads=auto->n_heads
[pim-debug] pim_config=/lustre/home/2501111916/workspace/XPUPIM_0226_gpupim_parameter/TriForm/algorithms/aim_simulator/PIM_AiM.json
[pim-debug] ramulator_config=/lustre/home/2501111916/workspace/XPUPIM_0226_gpupim_parameter/TriForm/algorithms/aim_simulator/example.yaml
[pim-debug] cost_model config.PIM_FREQ_GHZ=1.0
[pim-debug] op plan (logical shapes inferred from schedule cfg):
  - op#00  op=QK       shard=1   q=[16x1x128] + k=[16x128x1088]  ->  y=[16x1x1088]  (T=1, K=1088)
  - op#01  op=Softmax  shard=1   scores=[16x1x1088]  ->  y=[16x1x1088]  (T=1, K=1088)
  - op#02  op=SV       shard=1   p=[16x1x1088] + v=[16x1088x128]  ->  y=[16x1x128]  (T=1, K=1088)
[pim-debug] NOTE: CENT(AiM) trace backend internally uses x shape (1,1,dim) and handles prefill by repeating ops;
           the table below shows the *effective parameters* passed into cost_model_pim_backend for each op.
[pim-debug] op#00 op=QK       norm=score      sh=1  dim=4096  heads=16  hd=128 q_dim=2048  kv_heads=16  kv_dim=2048  o_dim=2048  ffn_dim=5504   seqlen=1088   qlen=1   cache=N lat=    0.005ms cycles≈5424
[pim-debug] op#01 op=Softmax  norm=softmax    sh=1  dim=4096  heads=16  hd=128 q_dim=2048  kv_heads=16  kv_dim=2048  o_dim=2048  ffn_dim=5504   seqlen=1088   qlen=1   cache=N lat=    0.004ms cycles≈4177
[pim-debug] op#02 op=SV       norm=output     sh=1  dim=4096  heads=16  hd=128 q_dim=2048  kv_heads=16  kv_dim=2048  o_dim=2048  ffn_dim=5504   seqlen=1088   qlen=1   cache=N lat=    0.004ms cycles≈3752
[pim-debug] segment total latency: 0.013 ms
========================================================================================
[pim-debug] segment_key=pim|decode|2|eba483edef50291578f13ab69ef2efef
[pim-debug] sig: device_type=pim phase=decode step=2 (count_hint=32)
[pim-debug] ops_repr: LN:-1,QK:0,Softmax:0,SV:0,Add:-1,LN:-1,SwiGLU:0,SwiGLU:1,Add:-1
[pim-debug] cfg: shard_policy='fine' shards=2 dim=4096 ffn_dim=11008 n_heads=32 n_kv_heads=auto->n_heads
[pim-debug] pim_config=/lustre/home/2501111916/workspace/XPUPIM_0226_gpupim_parameter/TriForm/algorithms/aim_simulator/PIM_AiM.json
[pim-debug] ramulator_config=/lustre/home/2501111916/workspace/XPUPIM_0226_gpupim_parameter/TriForm/algorithms/aim_simulator/example.yaml
[pim-debug] cost_model config.PIM_FREQ_GHZ=1.0
[pim-debug] op plan (logical shapes inferred from schedule cfg):
  - op#00  op=LN       shard=-1  x=[1x4096] + w=[4096]  ->  y=[1x4096]  (T=1, K=1088)
  - op#01  op=QK       shard=0   q=[16x1x128] + k=[16x128x1088]  ->  y=[16x1x1088]  (T=1, K=1088)
  - op#02  op=Softmax  shard=0   scores=[16x1x1088]  ->  y=[16x1x1088]  (T=1, K=1088)
  - op#03  op=SV       shard=0   p=[16x1x1088] + v=[16x1088x128]  ->  y=[16x1x128]  (T=1, K=1088)
  - op#04  op=Add      shard=-1  a=[1x4096] + b=[1x4096]  ->  y=[1x4096]  (T=1, K=1088)
  - op#05  op=LN       shard=-1  x=[1x4096] + w=[4096]  ->  y=[1x4096]  (T=1, K=1088)
  - op#06  op=SwiGLU   shard=0   a=[1x5504] + b=[1x5504]  ->  y=[1x5504]  (T=1, K=1088)
  - op#07  op=SwiGLU   shard=1   a=[1x5504] + b=[1x5504]  ->  y=[1x5504]  (T=1, K=1088)
  - op#08  op=Add      shard=-1  a=[1x4096] + b=[1x4096]  ->  y=[1x4096]  (T=1, K=1088)
[pim-debug] NOTE: CENT(AiM) trace backend internally uses x shape (1,1,dim) and handles prefill by repeating ops;
           the table below shows the *effective parameters* passed into cost_model_pim_backend for each op.
[pim-debug] op#00 op=LN       norm=rmsnorm    sh=-1 dim=4096  heads=32  hd=128 q_dim=4096  kv_heads=32  kv_dim=4096  o_dim=4096  ffn_dim=11008  seqlen=1088   qlen=1   cache=N lat=    0.001ms cycles≈1314
[pim-debug] op#01 op=QK       norm=score      sh=0  dim=4096  heads=16  hd=128 q_dim=2048  kv_heads=16  kv_dim=2048  o_dim=2048  ffn_dim=5504   seqlen=1088   qlen=1   cache=N lat=    0.005ms cycles≈5424
[pim-debug] op#02 op=Softmax  norm=softmax    sh=0  dim=4096  heads=16  hd=128 q_dim=2048  kv_heads=16  kv_dim=2048  o_dim=2048  ffn_dim=5504   seqlen=1088   qlen=1   cache=N lat=    0.004ms cycles≈4177
[pim-debug] op#03 op=SV       norm=output     sh=0  dim=4096  heads=16  hd=128 q_dim=2048  kv_heads=16  kv_dim=2048  o_dim=2048  ffn_dim=5504   seqlen=1088   qlen=1   cache=N lat=    0.004ms cycles≈3752
[pim-debug] op#04 op=Add      norm=residual   sh=-1 dim=4096  heads=32  hd=128 q_dim=4096  kv_heads=32  kv_dim=4096  o_dim=4096  ffn_dim=11008  seqlen=1088   qlen=1   cache=N lat=    0.000ms cycles≈3
[pim-debug] op#05 op=LN       norm=rmsnorm    sh=-1 dim=4096  heads=32  hd=128 q_dim=4096  kv_heads=32  kv_dim=4096  o_dim=4096  ffn_dim=11008  seqlen=1088   qlen=1   cache=N lat=    0.001ms cycles≈1314
[pim-debug] op#06 op=SwiGLU   norm=silu       sh=0  dim=4096  heads=16  hd=128 q_dim=2048  kv_heads=16  kv_dim=2048  o_dim=2048  ffn_dim=5504   seqlen=1088   qlen=1   cache=N lat=    0.001ms cycles≈503
[pim-debug] op#07 op=SwiGLU   norm=silu       sh=1  dim=4096  heads=16  hd=128 q_dim=2048  kv_heads=16  kv_dim=2048  o_dim=2048  ffn_dim=5504   seqlen=1088   qlen=1   cache=N lat=    0.001ms cycles≈503
[pim-debug] op#08 op=Add      norm=residual   sh=-1 dim=4096  heads=32  hd=128 q_dim=4096  kv_heads=32  kv_dim=4096  o_dim=4096  ffn_dim=11008  seqlen=1088   qlen=1   cache=N lat=    0.000ms cycles≈3
[pim-debug] segment total latency: 0.017 ms
========================================================================================
[pim-debug] segment_key=pim|prefill|-1|09fa0d473c03d2ded15b4a74881ced42
[pim-debug] sig: device_type=pim phase=prefill step=-1 (count_hint=32)
[pim-debug] ops_repr: SwiGLU:0
[pim-debug] cfg: shard_policy='fine' shards=2 dim=4096 ffn_dim=11008 n_heads=32 n_kv_heads=auto->n_heads
[pim-debug] pim_config=/lustre/home/2501111916/workspace/XPUPIM_0226_gpupim_parameter/TriForm/algorithms/aim_simulator/PIM_AiM.json
[pim-debug] ramulator_config=/lustre/home/2501111916/workspace/XPUPIM_0226_gpupim_parameter/TriForm/algorithms/aim_simulator/example.yaml
[pim-debug] cost_model config.PIM_FREQ_GHZ=1.0
[pim-debug] op plan (logical shapes inferred from schedule cfg):
  - op#00  op=SwiGLU   shard=0   a=[1024x5504] + b=[1024x5504]  ->  y=[1024x5504]  (T=1024, K=1024)
[pim-debug] NOTE: CENT(AiM) trace backend internally uses x shape (1,1,dim) and handles prefill by repeating ops;
           the table below shows the *effective parameters* passed into cost_model_pim_backend for each op.
[pim-debug] op#00 op=SwiGLU   norm=silu       sh=0  dim=4096  heads=16  hd=128 q_dim=2048  kv_heads=16  kv_dim=2048  o_dim=2048  ffn_dim=5504   seqlen=1024   qlen=1024 cache=N lat=    0.515ms cycles≈515072
[pim-debug] segment total latency: 0.515 ms
