[run-gpu] tasks=18 warmup=3 iters=10 device=cuda dtype=bf16 batch=1 segment_scope=layer
[run-gpu] extra weight_load_s=0.400513s (will be added in merge)
[run-gpu] GPU[0] NVIDIA A100-PCIE-40GB; SM=108, CC=8.0
[run-gpu] nvidia-smi -L: GPU 0: NVIDIA A100-PCIE-40GB (UUID: GPU-d9e583db-d970-f6cd-7563-aefa55d156db)
[run-gpu] nvidia-smi query: NVIDIA A100-PCIE-40GB, GPU-d9e583db-d970-f6cd-7563-aefa55d156db, 560.35.03, 40960
[run-gpu][debug] torch_default_dtype=torch.float32
[run-gpu][debug] torch.backends.cuda.matmul.allow_tf32=False
[run-gpu][debug] cudnn.enabled=True benchmark=False deterministic=False allow_tf32=True
[run-gpu][debug] nvidia-smi snapshot: 0, 0, 0, 4, 40960, 32, 34.85, 250.00
========================================================================================
[gpu-debug] segment_key=npu|decode|0|58672e7680bc9d88d790ef6aa34bd903
[gpu-debug] sig: device_type=npu phase=decode step=0 (count_hint=32)
[gpu-debug] ops_repr: Q:0,Q:1,K:0,K:1,V:0,V:1,O:0,O:1,FFN_W1:0,FFN_W3:0,FFN_W1:1,FFN_W3:1,FFN_W2:0,FFN_W2:1
[gpu-debug] cfg: device=cuda dtype=torch.bfloat16 batch=1 dim=4096 ffn_dim=11008 n_heads=32 shards=2
[gpu-debug] op plan (with inferred tensor shapes):
  - op#00  op=Q        shard=0   x=[1x1x4096] + w=[2048x4096]  ->  y=[1x1x2048]  (T=1, K=1025)
  - op#01  op=Q        shard=1   x=[1x1x4096] + w=[2048x4096]  ->  y=[1x1x2048]  (T=1, K=1025)
  - op#02  op=K        shard=0   x=[1x1x4096] + w=[2048x4096]  ->  y=[1x1x2048]  (T=1, K=1025)
  - op#03  op=K        shard=1   x=[1x1x4096] + w=[2048x4096]  ->  y=[1x1x2048]  (T=1, K=1025)
  - op#04  op=V        shard=0   x=[1x1x4096] + w=[2048x4096]  ->  y=[1x1x2048]  (T=1, K=1025)
  - op#05  op=V        shard=1   x=[1x1x4096] + w=[2048x4096]  ->  y=[1x1x2048]  (T=1, K=1025)
  - op#06  op=O        shard=0   x=[1x1x2048] + w=[4096x2048]  ->  y=[1x1x4096]  (T=1, K=1025)
  - op#07  op=O        shard=1   x=[1x1x2048] + w=[4096x2048]  ->  y=[1x1x4096]  (T=1, K=1025)
  - op#08  op=FFN_W1   shard=0   x=[1x1x4096] + w=[5504x4096]  ->  y=[1x1x5504]  (T=1, K=1025)
  - op#09  op=FFN_W3   shard=0   x=[1x1x4096] + w=[5504x4096]  ->  y=[1x1x5504]  (T=1, K=1025)
  - op#10  op=FFN_W1   shard=1   x=[1x1x4096] + w=[5504x4096]  ->  y=[1x1x5504]  (T=1, K=1025)
  - op#11  op=FFN_W3   shard=1   x=[1x1x4096] + w=[5504x4096]  ->  y=[1x1x5504]  (T=1, K=1025)
  - op#12  op=FFN_W2   shard=0   x=[1x1x5504] + w=[4096x5504]  ->  y=[1x1x4096]  (T=1, K=1025)
  - op#13  op=FFN_W2   shard=1   x=[1x1x5504] + w=[4096x5504]  ->  y=[1x1x4096]  (T=1, K=1025)
[gpu-debug] per-op timing breakdown (avg over iters):
  idx  op       sh  io                                                    time   est_flops    TFLOPs       bytes      GB/s
  ------------------------------------------------------------------------------------------------------------------------
    0  Q         0  x[1x1x4096]+w[2048x4096]->y[1x1x2048]               0.043ms    16.777 M      0.39   16.01 MiB    391.31
    1  Q         1  x[1x1x4096]+w[2048x4096]->y[1x1x2048]               0.031ms    16.777 M      0.55   16.01 MiB    550.20
    2  K         0  x[1x1x4096]+w[2048x4096]->y[1x1x2048]               0.030ms    16.777 M      0.56   16.01 MiB    555.80
    3  K         1  x[1x1x4096]+w[2048x4096]->y[1x1x2048]               0.029ms    16.777 M      0.58   16.01 MiB    579.36
    4  V         0  x[1x1x4096]+w[2048x4096]->y[1x1x2048]               0.029ms    16.777 M      0.57   16.01 MiB    569.31
    5  V         1  x[1x1x4096]+w[2048x4096]->y[1x1x2048]               0.030ms    16.777 M      0.56   16.01 MiB    561.51
    6  O         0  x[1x1x2048]+w[4096x2048]->y[1x1x4096]               0.025ms    16.777 M      0.67   16.01 MiB    671.97
    7  O         1  x[1x1x2048]+w[4096x2048]->y[1x1x4096]               0.027ms    16.777 M      0.63   16.01 MiB    628.20
    8  FFN_W1    0  x[1x1x4096]+w[5504x4096]->y[1x1x5504]               0.046ms    45.089 M      0.99   43.02 MiB    987.68
    9  FFN_W3    0  x[1x1x4096]+w[5504x4096]->y[1x1x5504]               0.045ms    45.089 M      1.00   43.02 MiB    998.88
   10  FFN_W1    1  x[1x1x4096]+w[5504x4096]->y[1x1x5504]               0.046ms    45.089 M      0.99   43.02 MiB    989.90
   11  FFN_W3    1  x[1x1x4096]+w[5504x4096]->y[1x1x5504]               0.045ms    45.089 M      1.01   43.02 MiB   1008.03
   12  FFN_W2    0  x[1x1x5504]+w[4096x5504]->y[1x1x4096]               0.047ms    45.089 M      0.96   43.02 MiB    961.81
   13  FFN_W2    1  x[1x1x5504]+w[4096x5504]->y[1x1x4096]               0.047ms    45.089 M      0.96   43.02 MiB    961.81
[gpu-debug] segment avg latency (cuda_events): 0.459 ms
[gpu-debug] sum(per-op)               : 0.519 ms (ratio=1.131)
[gpu-debug] NOTE: sum(per-op) may differ from segment latency due to Python overhead, event/launch overhead, and allocator/cache effects.
[gpu-debug] cuda mem before warmup: alloc=0 B reserved=0 B
[gpu-debug] cuda mem after warmup : alloc=400.15 MiB reserved=414.00 MiB
[gpu-debug] cuda mem peak (this segment): max_alloc=400.16 MiB max_reserved=414.00 MiB
========================================================================================
[gpu-debug] segment_key=npu|decode|10|58672e7680bc9d88d790ef6aa34bd903
[gpu-debug] sig: device_type=npu phase=decode step=10 (count_hint=32)
[gpu-debug] ops_repr: Q:0,Q:1,K:0,K:1,V:0,V:1,O:0,O:1,FFN_W1:0,FFN_W3:0,FFN_W1:1,FFN_W3:1,FFN_W2:0,FFN_W2:1
[gpu-debug] cfg: device=cuda dtype=torch.bfloat16 batch=1 dim=4096 ffn_dim=11008 n_heads=32 shards=2
[gpu-debug] op plan (with inferred tensor shapes):
  - op#00  op=Q        shard=0   x=[1x1x4096] + w=[2048x4096]  ->  y=[1x1x2048]  (T=1, K=1600)
  - op#01  op=Q        shard=1   x=[1x1x4096] + w=[2048x4096]  ->  y=[1x1x2048]  (T=1, K=1600)
  - op#02  op=K        shard=0   x=[1x1x4096] + w=[2048x4096]  ->  y=[1x1x2048]  (T=1, K=1600)
  - op#03  op=K        shard=1   x=[1x1x4096] + w=[2048x4096]  ->  y=[1x1x2048]  (T=1, K=1600)
  - op#04  op=V        shard=0   x=[1x1x4096] + w=[2048x4096]  ->  y=[1x1x2048]  (T=1, K=1600)
  - op#05  op=V        shard=1   x=[1x1x4096] + w=[2048x4096]  ->  y=[1x1x2048]  (T=1, K=1600)
  - op#06  op=O        shard=0   x=[1x1x2048] + w=[4096x2048]  ->  y=[1x1x4096]  (T=1, K=1600)
  - op#07  op=O        shard=1   x=[1x1x2048] + w=[4096x2048]  ->  y=[1x1x4096]  (T=1, K=1600)
  - op#08  op=FFN_W1   shard=0   x=[1x1x4096] + w=[5504x4096]  ->  y=[1x1x5504]  (T=1, K=1600)
  - op#09  op=FFN_W3   shard=0   x=[1x1x4096] + w=[5504x4096]  ->  y=[1x1x5504]  (T=1, K=1600)
  - op#10  op=FFN_W1   shard=1   x=[1x1x4096] + w=[5504x4096]  ->  y=[1x1x5504]  (T=1, K=1600)
  - op#11  op=FFN_W3   shard=1   x=[1x1x4096] + w=[5504x4096]  ->  y=[1x1x5504]  (T=1, K=1600)
  - op#12  op=FFN_W2   shard=0   x=[1x1x5504] + w=[4096x5504]  ->  y=[1x1x4096]  (T=1, K=1600)
  - op#13  op=FFN_W2   shard=1   x=[1x1x5504] + w=[4096x5504]  ->  y=[1x1x4096]  (T=1, K=1600)
[gpu-debug] per-op timing breakdown (avg over iters):
  idx  op       sh  io                                                    time   est_flops    TFLOPs       bytes      GB/s
  ------------------------------------------------------------------------------------------------------------------------
    0  Q         0  x[1x1x4096]+w[2048x4096]->y[1x1x2048]               0.042ms    16.777 M      0.40   16.01 MiB    396.04
    1  Q         1  x[1x1x4096]+w[2048x4096]->y[1x1x2048]               0.030ms    16.777 M      0.56   16.01 MiB    561.51
    2  K         0  x[1x1x4096]+w[2048x4096]->y[1x1x2048]               0.030ms    16.777 M      0.55   16.01 MiB    552.05
    3  K         1  x[1x1x4096]+w[2048x4096]->y[1x1x2048]               0.029ms    16.777 M      0.57   16.01 MiB    569.31
    4  V         0  x[1x1x4096]+w[2048x4096]->y[1x1x2048]               0.029ms    16.777 M      0.57   16.01 MiB    573.29
    5  V         1  x[1x1x4096]+w[2048x4096]->y[1x1x2048]               0.030ms    16.777 M      0.56   16.01 MiB    555.80
    6  O         0  x[1x1x2048]+w[4096x2048]->y[1x1x4096]               0.025ms    16.777 M      0.67   16.01 MiB    671.97
    7  O         1  x[1x1x2048]+w[4096x2048]->y[1x1x4096]               0.026ms    16.777 M      0.65   16.01 MiB    645.51
    8  FFN_W1    0  x[1x1x4096]+w[5504x4096]->y[1x1x5504]               0.046ms    45.089 M      0.98   43.02 MiB    983.28
    9  FFN_W3    0  x[1x1x4096]+w[5504x4096]->y[1x1x5504]               0.045ms    45.089 M      0.99   43.02 MiB    994.37
   10  FFN_W1    1  x[1x1x4096]+w[5504x4096]->y[1x1x5504]               0.045ms    45.089 M      0.99   43.02 MiB    992.13
   11  FFN_W3    1  x[1x1x4096]+w[5504x4096]->y[1x1x5504]               0.045ms    45.089 M      1.01   43.02 MiB   1010.34
   12  FFN_W2    0  x[1x1x5504]+w[4096x5504]->y[1x1x4096]               0.046ms    45.089 M      0.97   43.02 MiB    970.28
   13  FFN_W2    1  x[1x1x5504]+w[4096x5504]->y[1x1x4096]               0.047ms    45.089 M      0.96   43.02 MiB    963.91
[gpu-debug] segment avg latency (cuda_events): 0.455 ms
[gpu-debug] sum(per-op)               : 0.517 ms (ratio=1.136)
[gpu-debug] NOTE: sum(per-op) may differ from segment latency due to Python overhead, event/launch overhead, and allocator/cache effects.
[gpu-debug] cuda mem before warmup: alloc=400.15 MiB reserved=414.00 MiB
[gpu-debug] cuda mem after warmup : alloc=400.15 MiB reserved=414.00 MiB
[gpu-debug] cuda mem peak (this segment): max_alloc=400.16 MiB max_reserved=414.00 MiB
========================================================================================
[gpu-debug] segment_key=npu|decode|11|58672e7680bc9d88d790ef6aa34bd903
[gpu-debug] sig: device_type=npu phase=decode step=11 (count_hint=32)
[gpu-debug] ops_repr: Q:0,Q:1,K:0,K:1,V:0,V:1,O:0,O:1,FFN_W1:0,FFN_W3:0,FFN_W1:1,FFN_W3:1,FFN_W2:0,FFN_W2:1
[gpu-debug] cfg: device=cuda dtype=torch.bfloat16 batch=1 dim=4096 ffn_dim=11008 n_heads=32 shards=2
[gpu-debug] op plan (with inferred tensor shapes):
  - op#00  op=Q        shard=0   x=[1x1x4096] + w=[2048x4096]  ->  y=[1x1x2048]  (T=1, K=1664)
  - op#01  op=Q        shard=1   x=[1x1x4096] + w=[2048x4096]  ->  y=[1x1x2048]  (T=1, K=1664)
  - op#02  op=K        shard=0   x=[1x1x4096] + w=[2048x4096]  ->  y=[1x1x2048]  (T=1, K=1664)
  - op#03  op=K        shard=1   x=[1x1x4096] + w=[2048x4096]  ->  y=[1x1x2048]  (T=1, K=1664)
  - op#04  op=V        shard=0   x=[1x1x4096] + w=[2048x4096]  ->  y=[1x1x2048]  (T=1, K=1664)
  - op#05  op=V        shard=1   x=[1x1x4096] + w=[2048x4096]  ->  y=[1x1x2048]  (T=1, K=1664)
  - op#06  op=O        shard=0   x=[1x1x2048] + w=[4096x2048]  ->  y=[1x1x4096]  (T=1, K=1664)
  - op#07  op=O        shard=1   x=[1x1x2048] + w=[4096x2048]  ->  y=[1x1x4096]  (T=1, K=1664)
  - op#08  op=FFN_W1   shard=0   x=[1x1x4096] + w=[5504x4096]  ->  y=[1x1x5504]  (T=1, K=1664)
  - op#09  op=FFN_W3   shard=0   x=[1x1x4096] + w=[5504x4096]  ->  y=[1x1x5504]  (T=1, K=1664)
  - op#10  op=FFN_W1   shard=1   x=[1x1x4096] + w=[5504x4096]  ->  y=[1x1x5504]  (T=1, K=1664)
  - op#11  op=FFN_W3   shard=1   x=[1x1x4096] + w=[5504x4096]  ->  y=[1x1x5504]  (T=1, K=1664)
  - op#12  op=FFN_W2   shard=0   x=[1x1x5504] + w=[4096x5504]  ->  y=[1x1x4096]  (T=1, K=1664)
  - op#13  op=FFN_W2   shard=1   x=[1x1x5504] + w=[4096x5504]  ->  y=[1x1x4096]  (T=1, K=1664)
[gpu-debug] per-op timing breakdown (avg over iters):
  idx  op       sh  io                                                    time   est_flops    TFLOPs       bytes      GB/s
  ------------------------------------------------------------------------------------------------------------------------
    0  Q         0  x[1x1x4096]+w[2048x4096]->y[1x1x2048]               0.042ms    16.777 M      0.40   16.01 MiB    398.93
    1  Q         1  x[1x1x4096]+w[2048x4096]->y[1x1x2048]               0.030ms    16.777 M      0.55   16.01 MiB    553.92
    2  K         0  x[1x1x4096]+w[2048x4096]->y[1x1x2048]               0.030ms    16.777 M      0.56   16.01 MiB    561.51
    3  K         1  x[1x1x4096]+w[2048x4096]->y[1x1x2048]               0.030ms    16.777 M      0.57   16.01 MiB    567.34
    4  V         0  x[1x1x4096]+w[2048x4096]->y[1x1x2048]               0.030ms    16.777 M      0.57   16.01 MiB    567.34
    5  V         1  x[1x1x4096]+w[2048x4096]->y[1x1x2048]               0.030ms    16.777 M      0.57   16.01 MiB    567.34
    6  O         0  x[1x1x2048]+w[4096x2048]->y[1x1x4096]               0.025ms    16.777 M      0.67   16.01 MiB    669.22
    7  O         1  x[1x1x2048]+w[4096x2048]->y[1x1x4096]               0.026ms    16.777 M      0.65   16.01 MiB    650.63
    8  FFN_W1    0  x[1x1x4096]+w[5504x4096]->y[1x1x5504]               0.045ms    45.089 M      0.99   43.02 MiB    994.37
    9  FFN_W3    0  x[1x1x4096]+w[5504x4096]->y[1x1x5504]               0.045ms    45.089 M      1.00   43.02 MiB    996.62
   10  FFN_W1    1  x[1x1x4096]+w[5504x4096]->y[1x1x5504]               0.046ms    45.089 M      0.99   43.02 MiB    985.48
   11  FFN_W3    1  x[1x1x4096]+w[5504x4096]->y[1x1x5504]               0.045ms    45.089 M      1.01   43.02 MiB   1012.66
   12  FFN_W2    0  x[1x1x5504]+w[4096x5504]->y[1x1x4096]               0.047ms    45.089 M      0.96   43.02 MiB    963.91
   13  FFN_W2    1  x[1x1x5504]+w[4096x5504]->y[1x1x4096]               0.047ms    45.089 M      0.97   43.02 MiB    968.15
[gpu-debug] segment avg latency (cuda_events): 0.454 ms
[gpu-debug] sum(per-op)               : 0.516 ms (ratio=1.138)
[gpu-debug] NOTE: sum(per-op) may differ from segment latency due to Python overhead, event/launch overhead, and allocator/cache effects.
[gpu-debug] cuda mem before warmup: alloc=400.15 MiB reserved=414.00 MiB
[gpu-debug] cuda mem after warmup : alloc=400.15 MiB reserved=414.00 MiB
[gpu-debug] cuda mem peak (this segment): max_alloc=400.16 MiB max_reserved=414.00 MiB
========================================================================================
[gpu-debug] segment_key=npu|decode|12|58672e7680bc9d88d790ef6aa34bd903
[gpu-debug] sig: device_type=npu phase=decode step=12 (count_hint=32)
[gpu-debug] ops_repr: Q:0,Q:1,K:0,K:1,V:0,V:1,O:0,O:1,FFN_W1:0,FFN_W3:0,FFN_W1:1,FFN_W3:1,FFN_W2:0,FFN_W2:1
[gpu-debug] cfg: device=cuda dtype=torch.bfloat16 batch=1 dim=4096 ffn_dim=11008 n_heads=32 shards=2
[gpu-debug] op plan (with inferred tensor shapes):
  - op#00  op=Q        shard=0   x=[1x1x4096] + w=[2048x4096]  ->  y=[1x1x2048]  (T=1, K=1728)
  - op#01  op=Q        shard=1   x=[1x1x4096] + w=[2048x4096]  ->  y=[1x1x2048]  (T=1, K=1728)
  - op#02  op=K        shard=0   x=[1x1x4096] + w=[2048x4096]  ->  y=[1x1x2048]  (T=1, K=1728)
  - op#03  op=K        shard=1   x=[1x1x4096] + w=[2048x4096]  ->  y=[1x1x2048]  (T=1, K=1728)
  - op#04  op=V        shard=0   x=[1x1x4096] + w=[2048x4096]  ->  y=[1x1x2048]  (T=1, K=1728)
  - op#05  op=V        shard=1   x=[1x1x4096] + w=[2048x4096]  ->  y=[1x1x2048]  (T=1, K=1728)
  - op#06  op=O        shard=0   x=[1x1x2048] + w=[4096x2048]  ->  y=[1x1x4096]  (T=1, K=1728)
  - op#07  op=O        shard=1   x=[1x1x2048] + w=[4096x2048]  ->  y=[1x1x4096]  (T=1, K=1728)
  - op#08  op=FFN_W1   shard=0   x=[1x1x4096] + w=[5504x4096]  ->  y=[1x1x5504]  (T=1, K=1728)
  - op#09  op=FFN_W3   shard=0   x=[1x1x4096] + w=[5504x4096]  ->  y=[1x1x5504]  (T=1, K=1728)
  - op#10  op=FFN_W1   shard=1   x=[1x1x4096] + w=[5504x4096]  ->  y=[1x1x5504]  (T=1, K=1728)
  - op#11  op=FFN_W3   shard=1   x=[1x1x4096] + w=[5504x4096]  ->  y=[1x1x5504]  (T=1, K=1728)
  - op#12  op=FFN_W2   shard=0   x=[1x1x5504] + w=[4096x5504]  ->  y=[1x1x4096]  (T=1, K=1728)
  - op#13  op=FFN_W2   shard=1   x=[1x1x5504] + w=[4096x5504]  ->  y=[1x1x4096]  (T=1, K=1728)
[gpu-debug] per-op timing breakdown (avg over iters):
  idx  op       sh  io                                                    time   est_flops    TFLOPs       bytes      GB/s
  ------------------------------------------------------------------------------------------------------------------------
    0  Q         0  x[1x1x4096]+w[2048x4096]->y[1x1x2048]               0.042ms    16.777 M      0.40   16.01 MiB    396.04
    1  Q         1  x[1x1x4096]+w[2048x4096]->y[1x1x2048]               0.030ms    16.777 M      0.56   16.01 MiB    557.69
    2  K         0  x[1x1x4096]+w[2048x4096]->y[1x1x2048]               0.030ms    16.777 M      0.56   16.01 MiB    555.80
    3  K         1  x[1x1x4096]+w[2048x4096]->y[1x1x2048]               0.030ms    16.777 M      0.56   16.01 MiB    563.44
    4  V         0  x[1x1x4096]+w[2048x4096]->y[1x1x2048]               0.029ms    16.777 M      0.57   16.01 MiB    573.29
    5  V         1  x[1x1x4096]+w[2048x4096]->y[1x1x2048]               0.030ms    16.777 M      0.56   16.01 MiB    555.80
    6  O         0  x[1x1x2048]+w[4096x2048]->y[1x1x4096]               0.025ms    16.777 M      0.67   16.01 MiB    669.22
    7  O         1  x[1x1x2048]+w[4096x2048]->y[1x1x4096]               0.026ms    16.777 M      0.64   16.01 MiB    642.98
    8  FFN_W1    0  x[1x1x4096]+w[5504x4096]->y[1x1x5504]               0.046ms    45.089 M      0.99   43.02 MiB    989.90
    9  FFN_W3    0  x[1x1x4096]+w[5504x4096]->y[1x1x5504]               0.046ms    45.089 M      0.99   43.02 MiB    987.68
   10  FFN_W1    1  x[1x1x4096]+w[5504x4096]->y[1x1x5504]               0.045ms    45.089 M      0.99   43.02 MiB    994.37
   11  FFN_W3    1  x[1x1x4096]+w[5504x4096]->y[1x1x5504]               0.045ms    45.089 M      1.01   43.02 MiB   1008.03
   12  FFN_W2    0  x[1x1x5504]+w[4096x5504]->y[1x1x4096]               0.047ms    45.089 M      0.96   43.02 MiB    963.91
   13  FFN_W2    1  x[1x1x5504]+w[4096x5504]->y[1x1x4096]               0.047ms    45.089 M      0.97   43.02 MiB    966.03
[gpu-debug] segment avg latency (cuda_events): 0.454 ms
[gpu-debug] sum(per-op)               : 0.518 ms (ratio=1.140)
[gpu-debug] NOTE: sum(per-op) may differ from segment latency due to Python overhead, event/launch overhead, and allocator/cache effects.
[gpu-debug] cuda mem before warmup: alloc=400.15 MiB reserved=414.00 MiB
[gpu-debug] cuda mem after warmup : alloc=400.15 MiB reserved=414.00 MiB
[gpu-debug] cuda mem peak (this segment): max_alloc=400.16 MiB max_reserved=414.00 MiB
========================================================================================
[gpu-debug] segment_key=npu|decode|13|58672e7680bc9d88d790ef6aa34bd903
[gpu-debug] sig: device_type=npu phase=decode step=13 (count_hint=32)
[gpu-debug] ops_repr: Q:0,Q:1,K:0,K:1,V:0,V:1,O:0,O:1,FFN_W1:0,FFN_W3:0,FFN_W1:1,FFN_W3:1,FFN_W2:0,FFN_W2:1
[gpu-debug] cfg: device=cuda dtype=torch.bfloat16 batch=1 dim=4096 ffn_dim=11008 n_heads=32 shards=2
[gpu-debug] op plan (with inferred tensor shapes):
  - op#00  op=Q        shard=0   x=[1x1x4096] + w=[2048x4096]  ->  y=[1x1x2048]  (T=1, K=1792)
  - op#01  op=Q        shard=1   x=[1x1x4096] + w=[2048x4096]  ->  y=[1x1x2048]  (T=1, K=1792)
  - op#02  op=K        shard=0   x=[1x1x4096] + w=[2048x4096]  ->  y=[1x1x2048]  (T=1, K=1792)
  - op#03  op=K        shard=1   x=[1x1x4096] + w=[2048x4096]  ->  y=[1x1x2048]  (T=1, K=1792)
  - op#04  op=V        shard=0   x=[1x1x4096] + w=[2048x4096]  ->  y=[1x1x2048]  (T=1, K=1792)
  - op#05  op=V        shard=1   x=[1x1x4096] + w=[2048x4096]  ->  y=[1x1x2048]  (T=1, K=1792)
  - op#06  op=O        shard=0   x=[1x1x2048] + w=[4096x2048]  ->  y=[1x1x4096]  (T=1, K=1792)
  - op#07  op=O        shard=1   x=[1x1x2048] + w=[4096x2048]  ->  y=[1x1x4096]  (T=1, K=1792)
  - op#08  op=FFN_W1   shard=0   x=[1x1x4096] + w=[5504x4096]  ->  y=[1x1x5504]  (T=1, K=1792)
  - op#09  op=FFN_W3   shard=0   x=[1x1x4096] + w=[5504x4096]  ->  y=[1x1x5504]  (T=1, K=1792)
  - op#10  op=FFN_W1   shard=1   x=[1x1x4096] + w=[5504x4096]  ->  y=[1x1x5504]  (T=1, K=1792)
  - op#11  op=FFN_W3   shard=1   x=[1x1x4096] + w=[5504x4096]  ->  y=[1x1x5504]  (T=1, K=1792)
  - op#12  op=FFN_W2   shard=0   x=[1x1x5504] + w=[4096x5504]  ->  y=[1x1x4096]  (T=1, K=1792)
  - op#13  op=FFN_W2   shard=1   x=[1x1x5504] + w=[4096x5504]  ->  y=[1x1x4096]  (T=1, K=1792)
[gpu-debug] per-op timing breakdown (avg over iters):
  idx  op       sh  io                                                    time   est_flops    TFLOPs       bytes      GB/s
  ------------------------------------------------------------------------------------------------------------------------
    0  Q         0  x[1x1x4096]+w[2048x4096]->y[1x1x2048]               0.043ms    16.777 M      0.39   16.01 MiB    392.25
    1  Q         1  x[1x1x4096]+w[2048x4096]->y[1x1x2048]               0.031ms    16.777 M      0.55   16.01 MiB    550.20
    2  K         0  x[1x1x4096]+w[2048x4096]->y[1x1x2048]               0.030ms    16.777 M      0.56   16.01 MiB    563.44
    3  K         1  x[1x1x4096]+w[2048x4096]->y[1x1x2048]               0.030ms    16.777 M      0.57   16.01 MiB    567.34
    4  V         0  x[1x1x4096]+w[2048x4096]->y[1x1x2048]               0.030ms    16.777 M      0.57   16.01 MiB    567.34
    5  V         1  x[1x1x4096]+w[2048x4096]->y[1x1x2048]               0.030ms    16.777 M      0.56   16.01 MiB    565.38
    6  O         0  x[1x1x2048]+w[4096x2048]->y[1x1x4096]               0.025ms    16.777 M      0.68   16.01 MiB    677.52
    7  O         1  x[1x1x2048]+w[4096x2048]->y[1x1x4096]               0.026ms    16.777 M      0.64   16.01 MiB    637.98
    8  FFN_W1    0  x[1x1x4096]+w[5504x4096]->y[1x1x5504]               0.046ms    45.089 M      0.99   43.02 MiB    989.90
    9  FFN_W3    0  x[1x1x4096]+w[5504x4096]->y[1x1x5504]               0.045ms    45.089 M      0.99   43.02 MiB    994.37
   10  FFN_W1    1  x[1x1x4096]+w[5504x4096]->y[1x1x5504]               0.046ms    45.089 M      0.99   43.02 MiB    989.90
   11  FFN_W3    1  x[1x1x4096]+w[5504x4096]->y[1x1x5504]               0.045ms    45.089 M      1.01   43.02 MiB   1010.34
   12  FFN_W2    0  x[1x1x5504]+w[4096x5504]->y[1x1x4096]               0.047ms    45.089 M      0.96   43.02 MiB    963.91
   13  FFN_W2    1  x[1x1x5504]+w[4096x5504]->y[1x1x4096]               0.047ms    45.089 M      0.96   43.02 MiB    963.91
[gpu-debug] segment avg latency (cuda_events): 0.454 ms
[gpu-debug] sum(per-op)               : 0.518 ms (ratio=1.140)
[gpu-debug] NOTE: sum(per-op) may differ from segment latency due to Python overhead, event/launch overhead, and allocator/cache effects.
[gpu-debug] cuda mem before warmup: alloc=400.15 MiB reserved=414.00 MiB
[gpu-debug] cuda mem after warmup : alloc=400.15 MiB reserved=414.00 MiB
[gpu-debug] cuda mem peak (this segment): max_alloc=400.16 MiB max_reserved=414.00 MiB
========================================================================================
[gpu-debug] segment_key=npu|decode|14|58672e7680bc9d88d790ef6aa34bd903
[gpu-debug] sig: device_type=npu phase=decode step=14 (count_hint=32)
[gpu-debug] ops_repr: Q:0,Q:1,K:0,K:1,V:0,V:1,O:0,O:1,FFN_W1:0,FFN_W3:0,FFN_W1:1,FFN_W3:1,FFN_W2:0,FFN_W2:1
[gpu-debug] cfg: device=cuda dtype=torch.bfloat16 batch=1 dim=4096 ffn_dim=11008 n_heads=32 shards=2
[gpu-debug] op plan (with inferred tensor shapes):
  - op#00  op=Q        shard=0   x=[1x1x4096] + w=[2048x4096]  ->  y=[1x1x2048]  (T=1, K=1856)
  - op#01  op=Q        shard=1   x=[1x1x4096] + w=[2048x4096]  ->  y=[1x1x2048]  (T=1, K=1856)
  - op#02  op=K        shard=0   x=[1x1x4096] + w=[2048x4096]  ->  y=[1x1x2048]  (T=1, K=1856)
  - op#03  op=K        shard=1   x=[1x1x4096] + w=[2048x4096]  ->  y=[1x1x2048]  (T=1, K=1856)
  - op#04  op=V        shard=0   x=[1x1x4096] + w=[2048x4096]  ->  y=[1x1x2048]  (T=1, K=1856)
  - op#05  op=V        shard=1   x=[1x1x4096] + w=[2048x4096]  ->  y=[1x1x2048]  (T=1, K=1856)
  - op#06  op=O        shard=0   x=[1x1x2048] + w=[4096x2048]  ->  y=[1x1x4096]  (T=1, K=1856)
  - op#07  op=O        shard=1   x=[1x1x2048] + w=[4096x2048]  ->  y=[1x1x4096]  (T=1, K=1856)
  - op#08  op=FFN_W1   shard=0   x=[1x1x4096] + w=[5504x4096]  ->  y=[1x1x5504]  (T=1, K=1856)
  - op#09  op=FFN_W3   shard=0   x=[1x1x4096] + w=[5504x4096]  ->  y=[1x1x5504]  (T=1, K=1856)
  - op#10  op=FFN_W1   shard=1   x=[1x1x4096] + w=[5504x4096]  ->  y=[1x1x5504]  (T=1, K=1856)
  - op#11  op=FFN_W3   shard=1   x=[1x1x4096] + w=[5504x4096]  ->  y=[1x1x5504]  (T=1, K=1856)
  - op#12  op=FFN_W2   shard=0   x=[1x1x5504] + w=[4096x5504]  ->  y=[1x1x4096]  (T=1, K=1856)
  - op#13  op=FFN_W2   shard=1   x=[1x1x5504] + w=[4096x5504]  ->  y=[1x1x4096]  (T=1, K=1856)
[gpu-debug] per-op timing breakdown (avg over iters):
  idx  op       sh  io                                                    time   est_flops    TFLOPs       bytes      GB/s
  ------------------------------------------------------------------------------------------------------------------------
    0  Q         0  x[1x1x4096]+w[2048x4096]->y[1x1x2048]               0.042ms    16.777 M      0.40   16.01 MiB    401.86
    1  Q         1  x[1x1x4096]+w[2048x4096]->y[1x1x2048]               0.030ms    16.777 M      0.56   16.01 MiB    559.59
    2  K         0  x[1x1x4096]+w[2048x4096]->y[1x1x2048]               0.030ms    16.777 M      0.56   16.01 MiB    559.59
    3  K         1  x[1x1x4096]+w[2048x4096]->y[1x1x2048]               0.030ms    16.777 M      0.56   16.01 MiB    565.38
    4  V         0  x[1x1x4096]+w[2048x4096]->y[1x1x2048]               0.029ms    16.777 M      0.57   16.01 MiB    571.29
    5  V         1  x[1x1x4096]+w[2048x4096]->y[1x1x2048]               0.030ms    16.777 M      0.56   16.01 MiB    555.80
    6  O         0  x[1x1x2048]+w[4096x2048]->y[1x1x4096]               0.025ms    16.777 M      0.67   16.01 MiB    669.22
    7  O         1  x[1x1x2048]+w[4096x2048]->y[1x1x4096]               0.026ms    16.777 M      0.65   16.01 MiB    648.06
    8  FFN_W1    0  x[1x1x4096]+w[5504x4096]->y[1x1x5504]               0.046ms    45.089 M      0.99   43.02 MiB    989.90
    9  FFN_W3    0  x[1x1x4096]+w[5504x4096]->y[1x1x5504]               0.046ms    45.089 M      0.99   43.02 MiB    987.68
   10  FFN_W1    1  x[1x1x4096]+w[5504x4096]->y[1x1x5504]               0.046ms    45.089 M      0.99   43.02 MiB    985.48
   11  FFN_W3    1  x[1x1x4096]+w[5504x4096]->y[1x1x5504]               0.045ms    45.089 M      1.01   43.02 MiB   1010.34
   12  FFN_W2    0  x[1x1x5504]+w[4096x5504]->y[1x1x4096]               0.047ms    45.089 M      0.96   43.02 MiB    963.91
   13  FFN_W2    1  x[1x1x5504]+w[4096x5504]->y[1x1x4096]               0.046ms    45.089 M      0.97   43.02 MiB    970.28
[gpu-debug] segment avg latency (cuda_events): 0.454 ms
[gpu-debug] sum(per-op)               : 0.517 ms (ratio=1.138)
[gpu-debug] NOTE: sum(per-op) may differ from segment latency due to Python overhead, event/launch overhead, and allocator/cache effects.
[gpu-debug] cuda mem before warmup: alloc=400.15 MiB reserved=414.00 MiB
[gpu-debug] cuda mem after warmup : alloc=400.15 MiB reserved=414.00 MiB
[gpu-debug] cuda mem peak (this segment): max_alloc=400.16 MiB max_reserved=414.00 MiB
========================================================================================
[gpu-debug] segment_key=npu|decode|15|58672e7680bc9d88d790ef6aa34bd903
[gpu-debug] sig: device_type=npu phase=decode step=15 (count_hint=32)
[gpu-debug] ops_repr: Q:0,Q:1,K:0,K:1,V:0,V:1,O:0,O:1,FFN_W1:0,FFN_W3:0,FFN_W1:1,FFN_W3:1,FFN_W2:0,FFN_W2:1
[gpu-debug] cfg: device=cuda dtype=torch.bfloat16 batch=1 dim=4096 ffn_dim=11008 n_heads=32 shards=2
[gpu-debug] op plan (with inferred tensor shapes):
  - op#00  op=Q        shard=0   x=[1x1x4096] + w=[2048x4096]  ->  y=[1x1x2048]  (T=1, K=1920)
  - op#01  op=Q        shard=1   x=[1x1x4096] + w=[2048x4096]  ->  y=[1x1x2048]  (T=1, K=1920)
  - op#02  op=K        shard=0   x=[1x1x4096] + w=[2048x4096]  ->  y=[1x1x2048]  (T=1, K=1920)
  - op#03  op=K        shard=1   x=[1x1x4096] + w=[2048x4096]  ->  y=[1x1x2048]  (T=1, K=1920)
  - op#04  op=V        shard=0   x=[1x1x4096] + w=[2048x4096]  ->  y=[1x1x2048]  (T=1, K=1920)
  - op#05  op=V        shard=1   x=[1x1x4096] + w=[2048x4096]  ->  y=[1x1x2048]  (T=1, K=1920)
  - op#06  op=O        shard=0   x=[1x1x2048] + w=[4096x2048]  ->  y=[1x1x4096]  (T=1, K=1920)
  - op#07  op=O        shard=1   x=[1x1x2048] + w=[4096x2048]  ->  y=[1x1x4096]  (T=1, K=1920)
  - op#08  op=FFN_W1   shard=0   x=[1x1x4096] + w=[5504x4096]  ->  y=[1x1x5504]  (T=1, K=1920)
  - op#09  op=FFN_W3   shard=0   x=[1x1x4096] + w=[5504x4096]  ->  y=[1x1x5504]  (T=1, K=1920)
  - op#10  op=FFN_W1   shard=1   x=[1x1x4096] + w=[5504x4096]  ->  y=[1x1x5504]  (T=1, K=1920)
  - op#11  op=FFN_W3   shard=1   x=[1x1x4096] + w=[5504x4096]  ->  y=[1x1x5504]  (T=1, K=1920)
  - op#12  op=FFN_W2   shard=0   x=[1x1x5504] + w=[4096x5504]  ->  y=[1x1x4096]  (T=1, K=1920)
  - op#13  op=FFN_W2   shard=1   x=[1x1x5504] + w=[4096x5504]  ->  y=[1x1x4096]  (T=1, K=1920)
[gpu-debug] per-op timing breakdown (avg over iters):
  idx  op       sh  io                                                    time   est_flops    TFLOPs       bytes      GB/s
  ------------------------------------------------------------------------------------------------------------------------
    0  Q         0  x[1x1x4096]+w[2048x4096]->y[1x1x2048]               0.042ms    16.777 M      0.40   16.01 MiB    396.04
    1  Q         1  x[1x1x4096]+w[2048x4096]->y[1x1x2048]               0.030ms    16.777 M      0.56   16.01 MiB    555.80
    2  K         0  x[1x1x4096]+w[2048x4096]->y[1x1x2048]               0.030ms    16.777 M      0.56   16.01 MiB    557.69
    3  K         1  x[1x1x4096]+w[2048x4096]->y[1x1x2048]               0.029ms    16.777 M      0.57   16.01 MiB    573.29
    4  V         0  x[1x1x4096]+w[2048x4096]->y[1x1x2048]               0.029ms    16.777 M      0.57   16.01 MiB    575.30
    5  V         1  x[1x1x4096]+w[2048x4096]->y[1x1x2048]               0.030ms    16.777 M      0.56   16.01 MiB    557.69
    6  O         0  x[1x1x2048]+w[4096x2048]->y[1x1x4096]               0.025ms    16.777 M      0.67   16.01 MiB    669.22
    7  O         1  x[1x1x2048]+w[4096x2048]->y[1x1x4096]               0.026ms    16.777 M      0.65   16.01 MiB    648.06
    8  FFN_W1    0  x[1x1x4096]+w[5504x4096]->y[1x1x5504]               0.046ms    45.089 M      0.99   43.02 MiB    987.68
    9  FFN_W3    0  x[1x1x4096]+w[5504x4096]->y[1x1x5504]               0.046ms    45.089 M      0.99   43.02 MiB    989.90
   10  FFN_W1    1  x[1x1x4096]+w[5504x4096]->y[1x1x5504]               0.045ms    45.089 M      0.99   43.02 MiB    992.13
   11  FFN_W3    1  x[1x1x4096]+w[5504x4096]->y[1x1x5504]               0.045ms    45.089 M      1.01   43.02 MiB   1005.72
   12  FFN_W2    0  x[1x1x5504]+w[4096x5504]->y[1x1x4096]               0.047ms    45.089 M      0.96   43.02 MiB    961.81
   13  FFN_W2    1  x[1x1x5504]+w[4096x5504]->y[1x1x4096]               0.047ms    45.089 M      0.96   43.02 MiB    961.81
[gpu-debug] segment avg latency (cuda_events): 0.454 ms
[gpu-debug] sum(per-op)               : 0.518 ms (ratio=1.140)
[gpu-debug] NOTE: sum(per-op) may differ from segment latency due to Python overhead, event/launch overhead, and allocator/cache effects.
[gpu-debug] cuda mem before warmup: alloc=400.15 MiB reserved=414.00 MiB
[gpu-debug] cuda mem after warmup : alloc=400.15 MiB reserved=414.00 MiB
[gpu-debug] cuda mem peak (this segment): max_alloc=400.16 MiB max_reserved=414.00 MiB
========================================================================================
[gpu-debug] segment_key=npu|decode|16|58672e7680bc9d88d790ef6aa34bd903
[gpu-debug] sig: device_type=npu phase=decode step=16 (count_hint=32)
[gpu-debug] ops_repr: Q:0,Q:1,K:0,K:1,V:0,V:1,O:0,O:1,FFN_W1:0,FFN_W3:0,FFN_W1:1,FFN_W3:1,FFN_W2:0,FFN_W2:1
[gpu-debug] cfg: device=cuda dtype=torch.bfloat16 batch=1 dim=4096 ffn_dim=11008 n_heads=32 shards=2
[gpu-debug] op plan (with inferred tensor shapes):
  - op#00  op=Q        shard=0   x=[1x1x4096] + w=[2048x4096]  ->  y=[1x1x2048]  (T=1, K=1984)
  - op#01  op=Q        shard=1   x=[1x1x4096] + w=[2048x4096]  ->  y=[1x1x2048]  (T=1, K=1984)
  - op#02  op=K        shard=0   x=[1x1x4096] + w=[2048x4096]  ->  y=[1x1x2048]  (T=1, K=1984)
  - op#03  op=K        shard=1   x=[1x1x4096] + w=[2048x4096]  ->  y=[1x1x2048]  (T=1, K=1984)
  - op#04  op=V        shard=0   x=[1x1x4096] + w=[2048x4096]  ->  y=[1x1x2048]  (T=1, K=1984)
  - op#05  op=V        shard=1   x=[1x1x4096] + w=[2048x4096]  ->  y=[1x1x2048]  (T=1, K=1984)
  - op#06  op=O        shard=0   x=[1x1x2048] + w=[4096x2048]  ->  y=[1x1x4096]  (T=1, K=1984)
  - op#07  op=O        shard=1   x=[1x1x2048] + w=[4096x2048]  ->  y=[1x1x4096]  (T=1, K=1984)
  - op#08  op=FFN_W1   shard=0   x=[1x1x4096] + w=[5504x4096]  ->  y=[1x1x5504]  (T=1, K=1984)
  - op#09  op=FFN_W3   shard=0   x=[1x1x4096] + w=[5504x4096]  ->  y=[1x1x5504]  (T=1, K=1984)
  - op#10  op=FFN_W1   shard=1   x=[1x1x4096] + w=[5504x4096]  ->  y=[1x1x5504]  (T=1, K=1984)
  - op#11  op=FFN_W3   shard=1   x=[1x1x4096] + w=[5504x4096]  ->  y=[1x1x5504]  (T=1, K=1984)
  - op#12  op=FFN_W2   shard=0   x=[1x1x5504] + w=[4096x5504]  ->  y=[1x1x4096]  (T=1, K=1984)
  - op#13  op=FFN_W2   shard=1   x=[1x1x5504] + w=[4096x5504]  ->  y=[1x1x4096]  (T=1, K=1984)
[gpu-debug] per-op timing breakdown (avg over iters):
  idx  op       sh  io                                                    time   est_flops    TFLOPs       bytes      GB/s
  ------------------------------------------------------------------------------------------------------------------------
    0  Q         0  x[1x1x4096]+w[2048x4096]->y[1x1x2048]               0.042ms    16.777 M      0.40   16.01 MiB    397.96
    1  Q         1  x[1x1x4096]+w[2048x4096]->y[1x1x2048]               0.030ms    16.777 M      0.56   16.01 MiB    563.44
    2  K         0  x[1x1x4096]+w[2048x4096]->y[1x1x2048]               0.030ms    16.777 M      0.56   16.01 MiB    559.59
    3  K         1  x[1x1x4096]+w[2048x4096]->y[1x1x2048]               0.030ms    16.777 M      0.56   16.01 MiB    565.38
    4  V         0  x[1x1x4096]+w[2048x4096]->y[1x1x2048]               0.029ms    16.777 M      0.57   16.01 MiB    575.30
    5  V         1  x[1x1x4096]+w[2048x4096]->y[1x1x2048]               0.030ms    16.777 M      0.56   16.01 MiB    561.51
    6  O         0  x[1x1x2048]+w[4096x2048]->y[1x1x4096]               0.025ms    16.777 M      0.67   16.01 MiB    666.50
    7  O         1  x[1x1x2048]+w[4096x2048]->y[1x1x4096]               0.026ms    16.777 M      0.64   16.01 MiB    640.47
    8  FFN_W1    0  x[1x1x4096]+w[5504x4096]->y[1x1x5504]               0.045ms    45.089 M      1.00   43.02 MiB    998.88
    9  FFN_W3    0  x[1x1x4096]+w[5504x4096]->y[1x1x5504]               0.045ms    45.089 M      1.00   43.02 MiB    996.62
   10  FFN_W1    1  x[1x1x4096]+w[5504x4096]->y[1x1x5504]               0.046ms    45.089 M      0.99   43.02 MiB    985.48
   11  FFN_W3    1  x[1x1x4096]+w[5504x4096]->y[1x1x5504]               0.045ms    45.089 M      1.00   43.02 MiB   1003.43
   12  FFN_W2    0  x[1x1x5504]+w[4096x5504]->y[1x1x4096]               0.047ms    45.089 M      0.96   43.02 MiB    959.71
   13  FFN_W2    1  x[1x1x5504]+w[4096x5504]->y[1x1x4096]               0.047ms    45.089 M      0.96   43.02 MiB    963.91
[gpu-debug] segment avg latency (cuda_events): 0.454 ms
[gpu-debug] sum(per-op)               : 0.517 ms (ratio=1.140)
[gpu-debug] NOTE: sum(per-op) may differ from segment latency due to Python overhead, event/launch overhead, and allocator/cache effects.
[gpu-debug] cuda mem before warmup: alloc=400.15 MiB reserved=414.00 MiB
[gpu-debug] cuda mem after warmup : alloc=400.15 MiB reserved=414.00 MiB
[gpu-debug] cuda mem peak (this segment): max_alloc=400.16 MiB max_reserved=414.00 MiB
========================================================================================
[gpu-debug] segment_key=npu|decode|1|58672e7680bc9d88d790ef6aa34bd903
[gpu-debug] sig: device_type=npu phase=decode step=1 (count_hint=32)
[gpu-debug] ops_repr: Q:0,Q:1,K:0,K:1,V:0,V:1,O:0,O:1,FFN_W1:0,FFN_W3:0,FFN_W1:1,FFN_W3:1,FFN_W2:0,FFN_W2:1
[gpu-debug] cfg: device=cuda dtype=torch.bfloat16 batch=1 dim=4096 ffn_dim=11008 n_heads=32 shards=2
[gpu-debug] op plan (with inferred tensor shapes):
  - op#00  op=Q        shard=0   x=[1x1x4096] + w=[2048x4096]  ->  y=[1x1x2048]  (T=1, K=1026)
  - op#01  op=Q        shard=1   x=[1x1x4096] + w=[2048x4096]  ->  y=[1x1x2048]  (T=1, K=1026)
  - op#02  op=K        shard=0   x=[1x1x4096] + w=[2048x4096]  ->  y=[1x1x2048]  (T=1, K=1026)
  - op#03  op=K        shard=1   x=[1x1x4096] + w=[2048x4096]  ->  y=[1x1x2048]  (T=1, K=1026)
  - op#04  op=V        shard=0   x=[1x1x4096] + w=[2048x4096]  ->  y=[1x1x2048]  (T=1, K=1026)
  - op#05  op=V        shard=1   x=[1x1x4096] + w=[2048x4096]  ->  y=[1x1x2048]  (T=1, K=1026)
  - op#06  op=O        shard=0   x=[1x1x2048] + w=[4096x2048]  ->  y=[1x1x4096]  (T=1, K=1026)
  - op#07  op=O        shard=1   x=[1x1x2048] + w=[4096x2048]  ->  y=[1x1x4096]  (T=1, K=1026)
  - op#08  op=FFN_W1   shard=0   x=[1x1x4096] + w=[5504x4096]  ->  y=[1x1x5504]  (T=1, K=1026)
  - op#09  op=FFN_W3   shard=0   x=[1x1x4096] + w=[5504x4096]  ->  y=[1x1x5504]  (T=1, K=1026)
  - op#10  op=FFN_W1   shard=1   x=[1x1x4096] + w=[5504x4096]  ->  y=[1x1x5504]  (T=1, K=1026)
  - op#11  op=FFN_W3   shard=1   x=[1x1x4096] + w=[5504x4096]  ->  y=[1x1x5504]  (T=1, K=1026)
  - op#12  op=FFN_W2   shard=0   x=[1x1x5504] + w=[4096x5504]  ->  y=[1x1x4096]  (T=1, K=1026)
  - op#13  op=FFN_W2   shard=1   x=[1x1x5504] + w=[4096x5504]  ->  y=[1x1x4096]  (T=1, K=1026)
[gpu-debug] per-op timing breakdown (avg over iters):
  idx  op       sh  io                                                    time   est_flops    TFLOPs       bytes      GB/s
  ------------------------------------------------------------------------------------------------------------------------
    0  Q         0  x[1x1x4096]+w[2048x4096]->y[1x1x2048]               0.042ms    16.777 M      0.40   16.01 MiB    398.93
    1  Q         1  x[1x1x4096]+w[2048x4096]->y[1x1x2048]               0.030ms    16.777 M      0.56   16.01 MiB    557.69
    2  K         0  x[1x1x4096]+w[2048x4096]->y[1x1x2048]               0.030ms    16.777 M      0.56   16.01 MiB    555.80
    3  K         1  x[1x1x4096]+w[2048x4096]->y[1x1x2048]               0.029ms    16.777 M      0.57   16.01 MiB    571.29
    4  V         0  x[1x1x4096]+w[2048x4096]->y[1x1x2048]               0.030ms    16.777 M      0.56   16.01 MiB    565.38
    5  V         1  x[1x1x4096]+w[2048x4096]->y[1x1x2048]               0.031ms    16.777 M      0.55   16.01 MiB    550.20
    6  O         0  x[1x1x2048]+w[4096x2048]->y[1x1x4096]               0.025ms    16.777 M      0.66   16.01 MiB    663.81
    7  O         1  x[1x1x2048]+w[4096x2048]->y[1x1x4096]               0.026ms    16.777 M      0.65   16.01 MiB    653.23
    8  FFN_W1    0  x[1x1x4096]+w[5504x4096]->y[1x1x5504]               0.045ms    45.089 M      1.00   43.02 MiB    996.62
    9  FFN_W3    0  x[1x1x4096]+w[5504x4096]->y[1x1x5504]               0.045ms    45.089 M      1.00   43.02 MiB    996.62
   10  FFN_W1    1  x[1x1x4096]+w[5504x4096]->y[1x1x5504]               0.045ms    45.089 M      0.99   43.02 MiB    992.13
   11  FFN_W3    1  x[1x1x4096]+w[5504x4096]->y[1x1x5504]               0.044ms    45.089 M      1.01   43.02 MiB   1014.99
   12  FFN_W2    0  x[1x1x5504]+w[4096x5504]->y[1x1x4096]               0.047ms    45.089 M      0.97   43.02 MiB    968.15
   13  FFN_W2    1  x[1x1x5504]+w[4096x5504]->y[1x1x4096]               0.046ms    45.089 M      0.97   43.02 MiB    970.28
[gpu-debug] segment avg latency (cuda_events): 0.454 ms
[gpu-debug] sum(per-op)               : 0.517 ms (ratio=1.138)
[gpu-debug] NOTE: sum(per-op) may differ from segment latency due to Python overhead, event/launch overhead, and allocator/cache effects.
[gpu-debug] cuda mem before warmup: alloc=400.15 MiB reserved=414.00 MiB
[gpu-debug] cuda mem after warmup : alloc=400.15 MiB reserved=414.00 MiB
[gpu-debug] cuda mem peak (this segment): max_alloc=400.16 MiB max_reserved=414.00 MiB
========================================================================================
[gpu-debug] segment_key=npu|decode|2|58672e7680bc9d88d790ef6aa34bd903
[gpu-debug] sig: device_type=npu phase=decode step=2 (count_hint=32)
[gpu-debug] ops_repr: Q:0,Q:1,K:0,K:1,V:0,V:1,O:0,O:1,FFN_W1:0,FFN_W3:0,FFN_W1:1,FFN_W3:1,FFN_W2:0,FFN_W2:1
[gpu-debug] cfg: device=cuda dtype=torch.bfloat16 batch=1 dim=4096 ffn_dim=11008 n_heads=32 shards=2
[gpu-debug] op plan (with inferred tensor shapes):
  - op#00  op=Q        shard=0   x=[1x1x4096] + w=[2048x4096]  ->  y=[1x1x2048]  (T=1, K=1088)
  - op#01  op=Q        shard=1   x=[1x1x4096] + w=[2048x4096]  ->  y=[1x1x2048]  (T=1, K=1088)
  - op#02  op=K        shard=0   x=[1x1x4096] + w=[2048x4096]  ->  y=[1x1x2048]  (T=1, K=1088)
  - op#03  op=K        shard=1   x=[1x1x4096] + w=[2048x4096]  ->  y=[1x1x2048]  (T=1, K=1088)
  - op#04  op=V        shard=0   x=[1x1x4096] + w=[2048x4096]  ->  y=[1x1x2048]  (T=1, K=1088)
  - op#05  op=V        shard=1   x=[1x1x4096] + w=[2048x4096]  ->  y=[1x1x2048]  (T=1, K=1088)
  - op#06  op=O        shard=0   x=[1x1x2048] + w=[4096x2048]  ->  y=[1x1x4096]  (T=1, K=1088)
  - op#07  op=O        shard=1   x=[1x1x2048] + w=[4096x2048]  ->  y=[1x1x4096]  (T=1, K=1088)
  - op#08  op=FFN_W1   shard=0   x=[1x1x4096] + w=[5504x4096]  ->  y=[1x1x5504]  (T=1, K=1088)
  - op#09  op=FFN_W3   shard=0   x=[1x1x4096] + w=[5504x4096]  ->  y=[1x1x5504]  (T=1, K=1088)
  - op#10  op=FFN_W1   shard=1   x=[1x1x4096] + w=[5504x4096]  ->  y=[1x1x5504]  (T=1, K=1088)
  - op#11  op=FFN_W3   shard=1   x=[1x1x4096] + w=[5504x4096]  ->  y=[1x1x5504]  (T=1, K=1088)
  - op#12  op=FFN_W2   shard=0   x=[1x1x5504] + w=[4096x5504]  ->  y=[1x1x4096]  (T=1, K=1088)
  - op#13  op=FFN_W2   shard=1   x=[1x1x5504] + w=[4096x5504]  ->  y=[1x1x4096]  (T=1, K=1088)
[gpu-debug] per-op timing breakdown (avg over iters):
  idx  op       sh  io                                                    time   est_flops    TFLOPs       bytes      GB/s
  ------------------------------------------------------------------------------------------------------------------------
    0  Q         0  x[1x1x4096]+w[2048x4096]->y[1x1x2048]               0.042ms    16.777 M      0.40   16.01 MiB    400.88
    1  Q         1  x[1x1x4096]+w[2048x4096]->y[1x1x2048]               0.031ms    16.777 M      0.55   16.01 MiB    550.20
    2  K         0  x[1x1x4096]+w[2048x4096]->y[1x1x2048]               0.030ms    16.777 M      0.56   16.01 MiB    565.38
    3  K         1  x[1x1x4096]+w[2048x4096]->y[1x1x2048]               0.030ms    16.777 M      0.57   16.01 MiB    567.34
    4  V         0  x[1x1x4096]+w[2048x4096]->y[1x1x2048]               0.029ms    16.777 M      0.57   16.01 MiB    573.29
    5  V         1  x[1x1x4096]+w[2048x4096]->y[1x1x2048]               0.030ms    16.777 M      0.56   16.01 MiB    555.80
    6  O         0  x[1x1x2048]+w[4096x2048]->y[1x1x4096]               0.025ms    16.777 M      0.67   16.01 MiB    671.97
    7  O         1  x[1x1x2048]+w[4096x2048]->y[1x1x4096]               0.026ms    16.777 M      0.65   16.01 MiB    645.51
    8  FFN_W1    0  x[1x1x4096]+w[5504x4096]->y[1x1x5504]               0.046ms    45.089 M      0.98   43.02 MiB    983.28
    9  FFN_W3    0  x[1x1x4096]+w[5504x4096]->y[1x1x5504]               0.045ms    45.089 M      0.99   43.02 MiB    992.13
   10  FFN_W1    1  x[1x1x4096]+w[5504x4096]->y[1x1x5504]               0.045ms    45.089 M      0.99   43.02 MiB    992.13
   11  FFN_W3    1  x[1x1x4096]+w[5504x4096]->y[1x1x5504]               0.045ms    45.089 M      1.01   43.02 MiB   1005.72
   12  FFN_W2    0  x[1x1x5504]+w[4096x5504]->y[1x1x4096]               0.047ms    45.089 M      0.96   43.02 MiB    963.91
   13  FFN_W2    1  x[1x1x5504]+w[4096x5504]->y[1x1x4096]               0.047ms    45.089 M      0.97   43.02 MiB    966.03
[gpu-debug] segment avg latency (cuda_events): 0.454 ms
[gpu-debug] sum(per-op)               : 0.517 ms (ratio=1.140)
[gpu-debug] NOTE: sum(per-op) may differ from segment latency due to Python overhead, event/launch overhead, and allocator/cache effects.
[gpu-debug] cuda mem before warmup: alloc=400.15 MiB reserved=414.00 MiB
[gpu-debug] cuda mem after warmup : alloc=400.15 MiB reserved=414.00 MiB
[gpu-debug] cuda mem peak (this segment): max_alloc=400.16 MiB max_reserved=414.00 MiB
========================================================================================
[gpu-debug] segment_key=npu|decode|3|58672e7680bc9d88d790ef6aa34bd903
[gpu-debug] sig: device_type=npu phase=decode step=3 (count_hint=32)
[gpu-debug] ops_repr: Q:0,Q:1,K:0,K:1,V:0,V:1,O:0,O:1,FFN_W1:0,FFN_W3:0,FFN_W1:1,FFN_W3:1,FFN_W2:0,FFN_W2:1
[gpu-debug] cfg: device=cuda dtype=torch.bfloat16 batch=1 dim=4096 ffn_dim=11008 n_heads=32 shards=2
[gpu-debug] op plan (with inferred tensor shapes):
  - op#00  op=Q        shard=0   x=[1x1x4096] + w=[2048x4096]  ->  y=[1x1x2048]  (T=1, K=1152)
  - op#01  op=Q        shard=1   x=[1x1x4096] + w=[2048x4096]  ->  y=[1x1x2048]  (T=1, K=1152)
  - op#02  op=K        shard=0   x=[1x1x4096] + w=[2048x4096]  ->  y=[1x1x2048]  (T=1, K=1152)
  - op#03  op=K        shard=1   x=[1x1x4096] + w=[2048x4096]  ->  y=[1x1x2048]  (T=1, K=1152)
  - op#04  op=V        shard=0   x=[1x1x4096] + w=[2048x4096]  ->  y=[1x1x2048]  (T=1, K=1152)
  - op#05  op=V        shard=1   x=[1x1x4096] + w=[2048x4096]  ->  y=[1x1x2048]  (T=1, K=1152)
  - op#06  op=O        shard=0   x=[1x1x2048] + w=[4096x2048]  ->  y=[1x1x4096]  (T=1, K=1152)
  - op#07  op=O        shard=1   x=[1x1x2048] + w=[4096x2048]  ->  y=[1x1x4096]  (T=1, K=1152)
  - op#08  op=FFN_W1   shard=0   x=[1x1x4096] + w=[5504x4096]  ->  y=[1x1x5504]  (T=1, K=1152)
  - op#09  op=FFN_W3   shard=0   x=[1x1x4096] + w=[5504x4096]  ->  y=[1x1x5504]  (T=1, K=1152)
  - op#10  op=FFN_W1   shard=1   x=[1x1x4096] + w=[5504x4096]  ->  y=[1x1x5504]  (T=1, K=1152)
  - op#11  op=FFN_W3   shard=1   x=[1x1x4096] + w=[5504x4096]  ->  y=[1x1x5504]  (T=1, K=1152)
  - op#12  op=FFN_W2   shard=0   x=[1x1x5504] + w=[4096x5504]  ->  y=[1x1x4096]  (T=1, K=1152)
  - op#13  op=FFN_W2   shard=1   x=[1x1x5504] + w=[4096x5504]  ->  y=[1x1x4096]  (T=1, K=1152)
[gpu-debug] per-op timing breakdown (avg over iters):
  idx  op       sh  io                                                    time   est_flops    TFLOPs       bytes      GB/s
  ------------------------------------------------------------------------------------------------------------------------
    0  Q         0  x[1x1x4096]+w[2048x4096]->y[1x1x2048]               0.042ms    16.777 M      0.40   16.01 MiB    401.86
    1  Q         1  x[1x1x4096]+w[2048x4096]->y[1x1x2048]               0.031ms    16.777 M      0.55   16.01 MiB    550.20
    2  K         0  x[1x1x4096]+w[2048x4096]->y[1x1x2048]               0.030ms    16.777 M      0.56   16.01 MiB    557.69
    3  K         1  x[1x1x4096]+w[2048x4096]->y[1x1x2048]               0.030ms    16.777 M      0.56   16.01 MiB    565.38
    4  V         0  x[1x1x4096]+w[2048x4096]->y[1x1x2048]               0.030ms    16.777 M      0.57   16.01 MiB    567.34
    5  V         1  x[1x1x4096]+w[2048x4096]->y[1x1x2048]               0.030ms    16.777 M      0.57   16.01 MiB    567.34
    6  O         0  x[1x1x2048]+w[4096x2048]->y[1x1x4096]               0.025ms    16.777 M      0.67   16.01 MiB    674.73
    7  O         1  x[1x1x2048]+w[4096x2048]->y[1x1x4096]               0.026ms    16.777 M      0.64   16.01 MiB    642.98
    8  FFN_W1    0  x[1x1x4096]+w[5504x4096]->y[1x1x5504]               0.045ms    45.089 M      0.99   43.02 MiB    992.13
    9  FFN_W3    0  x[1x1x4096]+w[5504x4096]->y[1x1x5504]               0.046ms    45.089 M      0.99   43.02 MiB    987.68
   10  FFN_W1    1  x[1x1x4096]+w[5504x4096]->y[1x1x5504]               0.045ms    45.089 M      0.99   43.02 MiB    992.13
   11  FFN_W3    1  x[1x1x4096]+w[5504x4096]->y[1x1x5504]               0.045ms    45.089 M      1.01   43.02 MiB   1012.66
   12  FFN_W2    0  x[1x1x5504]+w[4096x5504]->y[1x1x4096]               0.047ms    45.089 M      0.97   43.02 MiB    968.15
   13  FFN_W2    1  x[1x1x5504]+w[4096x5504]->y[1x1x4096]               0.046ms    45.089 M      0.97   43.02 MiB    970.28
[gpu-debug] segment avg latency (cuda_events): 0.454 ms
[gpu-debug] sum(per-op)               : 0.517 ms (ratio=1.137)
[gpu-debug] NOTE: sum(per-op) may differ from segment latency due to Python overhead, event/launch overhead, and allocator/cache effects.
[gpu-debug] cuda mem before warmup: alloc=400.15 MiB reserved=414.00 MiB
[gpu-debug] cuda mem after warmup : alloc=400.15 MiB reserved=414.00 MiB
[gpu-debug] cuda mem peak (this segment): max_alloc=400.16 MiB max_reserved=414.00 MiB
========================================================================================
[gpu-debug] segment_key=npu|decode|4|58672e7680bc9d88d790ef6aa34bd903
[gpu-debug] sig: device_type=npu phase=decode step=4 (count_hint=32)
[gpu-debug] ops_repr: Q:0,Q:1,K:0,K:1,V:0,V:1,O:0,O:1,FFN_W1:0,FFN_W3:0,FFN_W1:1,FFN_W3:1,FFN_W2:0,FFN_W2:1
[gpu-debug] cfg: device=cuda dtype=torch.bfloat16 batch=1 dim=4096 ffn_dim=11008 n_heads=32 shards=2
[gpu-debug] op plan (with inferred tensor shapes):
  - op#00  op=Q        shard=0   x=[1x1x4096] + w=[2048x4096]  ->  y=[1x1x2048]  (T=1, K=1216)
  - op#01  op=Q        shard=1   x=[1x1x4096] + w=[2048x4096]  ->  y=[1x1x2048]  (T=1, K=1216)
  - op#02  op=K        shard=0   x=[1x1x4096] + w=[2048x4096]  ->  y=[1x1x2048]  (T=1, K=1216)
  - op#03  op=K        shard=1   x=[1x1x4096] + w=[2048x4096]  ->  y=[1x1x2048]  (T=1, K=1216)
  - op#04  op=V        shard=0   x=[1x1x4096] + w=[2048x4096]  ->  y=[1x1x2048]  (T=1, K=1216)
  - op#05  op=V        shard=1   x=[1x1x4096] + w=[2048x4096]  ->  y=[1x1x2048]  (T=1, K=1216)
  - op#06  op=O        shard=0   x=[1x1x2048] + w=[4096x2048]  ->  y=[1x1x4096]  (T=1, K=1216)
  - op#07  op=O        shard=1   x=[1x1x2048] + w=[4096x2048]  ->  y=[1x1x4096]  (T=1, K=1216)
  - op#08  op=FFN_W1   shard=0   x=[1x1x4096] + w=[5504x4096]  ->  y=[1x1x5504]  (T=1, K=1216)
  - op#09  op=FFN_W3   shard=0   x=[1x1x4096] + w=[5504x4096]  ->  y=[1x1x5504]  (T=1, K=1216)
  - op#10  op=FFN_W1   shard=1   x=[1x1x4096] + w=[5504x4096]  ->  y=[1x1x5504]  (T=1, K=1216)
  - op#11  op=FFN_W3   shard=1   x=[1x1x4096] + w=[5504x4096]  ->  y=[1x1x5504]  (T=1, K=1216)
  - op#12  op=FFN_W2   shard=0   x=[1x1x5504] + w=[4096x5504]  ->  y=[1x1x4096]  (T=1, K=1216)
  - op#13  op=FFN_W2   shard=1   x=[1x1x5504] + w=[4096x5504]  ->  y=[1x1x4096]  (T=1, K=1216)
[gpu-debug] per-op timing breakdown (avg over iters):
  idx  op       sh  io                                                    time   est_flops    TFLOPs       bytes      GB/s
  ------------------------------------------------------------------------------------------------------------------------
    0  Q         0  x[1x1x4096]+w[2048x4096]->y[1x1x2048]               0.042ms    16.777 M      0.40   16.01 MiB    397.96
    1  Q         1  x[1x1x4096]+w[2048x4096]->y[1x1x2048]               0.030ms    16.777 M      0.56   16.01 MiB    557.69
    2  K         0  x[1x1x4096]+w[2048x4096]->y[1x1x2048]               0.031ms    16.777 M      0.55   16.01 MiB    550.20
    3  K         1  x[1x1x4096]+w[2048x4096]->y[1x1x2048]               0.029ms    16.777 M      0.57   16.01 MiB    569.31
    4  V         0  x[1x1x4096]+w[2048x4096]->y[1x1x2048]               0.029ms    16.777 M      0.57   16.01 MiB    575.30
    5  V         1  x[1x1x4096]+w[2048x4096]->y[1x1x2048]               0.030ms    16.777 M      0.57   16.01 MiB    567.34
    6  O         0  x[1x1x2048]+w[4096x2048]->y[1x1x4096]               0.025ms    16.777 M      0.67   16.01 MiB    669.22
    7  O         1  x[1x1x2048]+w[4096x2048]->y[1x1x4096]               0.026ms    16.777 M      0.64   16.01 MiB    642.98
    8  FFN_W1    0  x[1x1x4096]+w[5504x4096]->y[1x1x5504]               0.045ms    45.089 M      0.99   43.02 MiB    992.13
    9  FFN_W3    0  x[1x1x4096]+w[5504x4096]->y[1x1x5504]               0.045ms    45.089 M      1.00   43.02 MiB    996.62
   10  FFN_W1    1  x[1x1x4096]+w[5504x4096]->y[1x1x5504]               0.045ms    45.089 M      1.00   43.02 MiB    996.62
   11  FFN_W3    1  x[1x1x4096]+w[5504x4096]->y[1x1x5504]               0.045ms    45.089 M      1.01   43.02 MiB   1008.03
   12  FFN_W2    0  x[1x1x5504]+w[4096x5504]->y[1x1x4096]               0.047ms    45.089 M      0.96   43.02 MiB    957.62
   13  FFN_W2    1  x[1x1x5504]+w[4096x5504]->y[1x1x4096]               0.047ms    45.089 M      0.96   43.02 MiB    963.91
[gpu-debug] segment avg latency (cuda_events): 0.454 ms
[gpu-debug] sum(per-op)               : 0.517 ms (ratio=1.138)
[gpu-debug] NOTE: sum(per-op) may differ from segment latency due to Python overhead, event/launch overhead, and allocator/cache effects.
[gpu-debug] cuda mem before warmup: alloc=400.15 MiB reserved=414.00 MiB
[gpu-debug] cuda mem after warmup : alloc=400.15 MiB reserved=414.00 MiB
[gpu-debug] cuda mem peak (this segment): max_alloc=400.16 MiB max_reserved=414.00 MiB
========================================================================================
[gpu-debug] segment_key=npu|decode|5|58672e7680bc9d88d790ef6aa34bd903
[gpu-debug] sig: device_type=npu phase=decode step=5 (count_hint=32)
[gpu-debug] ops_repr: Q:0,Q:1,K:0,K:1,V:0,V:1,O:0,O:1,FFN_W1:0,FFN_W3:0,FFN_W1:1,FFN_W3:1,FFN_W2:0,FFN_W2:1
[gpu-debug] cfg: device=cuda dtype=torch.bfloat16 batch=1 dim=4096 ffn_dim=11008 n_heads=32 shards=2
[gpu-debug] op plan (with inferred tensor shapes):
  - op#00  op=Q        shard=0   x=[1x1x4096] + w=[2048x4096]  ->  y=[1x1x2048]  (T=1, K=1280)
  - op#01  op=Q        shard=1   x=[1x1x4096] + w=[2048x4096]  ->  y=[1x1x2048]  (T=1, K=1280)
  - op#02  op=K        shard=0   x=[1x1x4096] + w=[2048x4096]  ->  y=[1x1x2048]  (T=1, K=1280)
  - op#03  op=K        shard=1   x=[1x1x4096] + w=[2048x4096]  ->  y=[1x1x2048]  (T=1, K=1280)
  - op#04  op=V        shard=0   x=[1x1x4096] + w=[2048x4096]  ->  y=[1x1x2048]  (T=1, K=1280)
  - op#05  op=V        shard=1   x=[1x1x4096] + w=[2048x4096]  ->  y=[1x1x2048]  (T=1, K=1280)
  - op#06  op=O        shard=0   x=[1x1x2048] + w=[4096x2048]  ->  y=[1x1x4096]  (T=1, K=1280)
  - op#07  op=O        shard=1   x=[1x1x2048] + w=[4096x2048]  ->  y=[1x1x4096]  (T=1, K=1280)
  - op#08  op=FFN_W1   shard=0   x=[1x1x4096] + w=[5504x4096]  ->  y=[1x1x5504]  (T=1, K=1280)
  - op#09  op=FFN_W3   shard=0   x=[1x1x4096] + w=[5504x4096]  ->  y=[1x1x5504]  (T=1, K=1280)
  - op#10  op=FFN_W1   shard=1   x=[1x1x4096] + w=[5504x4096]  ->  y=[1x1x5504]  (T=1, K=1280)
  - op#11  op=FFN_W3   shard=1   x=[1x1x4096] + w=[5504x4096]  ->  y=[1x1x5504]  (T=1, K=1280)
  - op#12  op=FFN_W2   shard=0   x=[1x1x5504] + w=[4096x5504]  ->  y=[1x1x4096]  (T=1, K=1280)
  - op#13  op=FFN_W2   shard=1   x=[1x1x5504] + w=[4096x5504]  ->  y=[1x1x4096]  (T=1, K=1280)
[gpu-debug] per-op timing breakdown (avg over iters):
  idx  op       sh  io                                                    time   est_flops    TFLOPs       bytes      GB/s
  ------------------------------------------------------------------------------------------------------------------------
    0  Q         0  x[1x1x4096]+w[2048x4096]->y[1x1x2048]               0.042ms    16.777 M      0.39   16.01 MiB    395.08
    1  Q         1  x[1x1x4096]+w[2048x4096]->y[1x1x2048]               0.030ms    16.777 M      0.56   16.01 MiB    557.69
    2  K         0  x[1x1x4096]+w[2048x4096]->y[1x1x2048]               0.030ms    16.777 M      0.56   16.01 MiB    555.80
    3  K         1  x[1x1x4096]+w[2048x4096]->y[1x1x2048]               0.029ms    16.777 M      0.57   16.01 MiB    571.29
    4  V         0  x[1x1x4096]+w[2048x4096]->y[1x1x2048]               0.030ms    16.777 M      0.56   16.01 MiB    565.38
    5  V         1  x[1x1x4096]+w[2048x4096]->y[1x1x2048]               0.030ms    16.777 M      0.56   16.01 MiB    557.69
    6  O         0  x[1x1x2048]+w[4096x2048]->y[1x1x4096]               0.025ms    16.777 M      0.67   16.01 MiB    666.50
    7  O         1  x[1x1x2048]+w[4096x2048]->y[1x1x4096]               0.026ms    16.777 M      0.64   16.01 MiB    637.98
    8  FFN_W1    0  x[1x1x4096]+w[5504x4096]->y[1x1x5504]               0.045ms    45.089 M      1.00   43.02 MiB    996.62
    9  FFN_W3    0  x[1x1x4096]+w[5504x4096]->y[1x1x5504]               0.045ms    45.089 M      1.00   43.02 MiB    998.88
   10  FFN_W1    1  x[1x1x4096]+w[5504x4096]->y[1x1x5504]               0.046ms    45.089 M      0.98   43.02 MiB    978.91
   11  FFN_W3    1  x[1x1x4096]+w[5504x4096]->y[1x1x5504]               0.045ms    45.089 M      1.00   43.02 MiB   1003.43
   12  FFN_W2    0  x[1x1x5504]+w[4096x5504]->y[1x1x4096]               0.047ms    45.089 M      0.96   43.02 MiB    963.91
   13  FFN_W2    1  x[1x1x5504]+w[4096x5504]->y[1x1x4096]               0.047ms    45.089 M      0.96   43.02 MiB    961.81
[gpu-debug] segment avg latency (cuda_events): 0.454 ms
[gpu-debug] sum(per-op)               : 0.519 ms (ratio=1.143)
[gpu-debug] NOTE: sum(per-op) may differ from segment latency due to Python overhead, event/launch overhead, and allocator/cache effects.
[gpu-debug] cuda mem before warmup: alloc=400.15 MiB reserved=414.00 MiB
[gpu-debug] cuda mem after warmup : alloc=400.15 MiB reserved=414.00 MiB
[gpu-debug] cuda mem peak (this segment): max_alloc=400.16 MiB max_reserved=414.00 MiB
========================================================================================
[gpu-debug] segment_key=npu|decode|6|58672e7680bc9d88d790ef6aa34bd903
[gpu-debug] sig: device_type=npu phase=decode step=6 (count_hint=32)
[gpu-debug] ops_repr: Q:0,Q:1,K:0,K:1,V:0,V:1,O:0,O:1,FFN_W1:0,FFN_W3:0,FFN_W1:1,FFN_W3:1,FFN_W2:0,FFN_W2:1
[gpu-debug] cfg: device=cuda dtype=torch.bfloat16 batch=1 dim=4096 ffn_dim=11008 n_heads=32 shards=2
[gpu-debug] op plan (with inferred tensor shapes):
  - op#00  op=Q        shard=0   x=[1x1x4096] + w=[2048x4096]  ->  y=[1x1x2048]  (T=1, K=1344)
  - op#01  op=Q        shard=1   x=[1x1x4096] + w=[2048x4096]  ->  y=[1x1x2048]  (T=1, K=1344)
  - op#02  op=K        shard=0   x=[1x1x4096] + w=[2048x4096]  ->  y=[1x1x2048]  (T=1, K=1344)
  - op#03  op=K        shard=1   x=[1x1x4096] + w=[2048x4096]  ->  y=[1x1x2048]  (T=1, K=1344)
  - op#04  op=V        shard=0   x=[1x1x4096] + w=[2048x4096]  ->  y=[1x1x2048]  (T=1, K=1344)
  - op#05  op=V        shard=1   x=[1x1x4096] + w=[2048x4096]  ->  y=[1x1x2048]  (T=1, K=1344)
  - op#06  op=O        shard=0   x=[1x1x2048] + w=[4096x2048]  ->  y=[1x1x4096]  (T=1, K=1344)
  - op#07  op=O        shard=1   x=[1x1x2048] + w=[4096x2048]  ->  y=[1x1x4096]  (T=1, K=1344)
  - op#08  op=FFN_W1   shard=0   x=[1x1x4096] + w=[5504x4096]  ->  y=[1x1x5504]  (T=1, K=1344)
  - op#09  op=FFN_W3   shard=0   x=[1x1x4096] + w=[5504x4096]  ->  y=[1x1x5504]  (T=1, K=1344)
  - op#10  op=FFN_W1   shard=1   x=[1x1x4096] + w=[5504x4096]  ->  y=[1x1x5504]  (T=1, K=1344)
  - op#11  op=FFN_W3   shard=1   x=[1x1x4096] + w=[5504x4096]  ->  y=[1x1x5504]  (T=1, K=1344)
  - op#12  op=FFN_W2   shard=0   x=[1x1x5504] + w=[4096x5504]  ->  y=[1x1x4096]  (T=1, K=1344)
  - op#13  op=FFN_W2   shard=1   x=[1x1x5504] + w=[4096x5504]  ->  y=[1x1x4096]  (T=1, K=1344)
[gpu-debug] per-op timing breakdown (avg over iters):
  idx  op       sh  io                                                    time   est_flops    TFLOPs       bytes      GB/s
  ------------------------------------------------------------------------------------------------------------------------
    0  Q         0  x[1x1x4096]+w[2048x4096]->y[1x1x2048]               0.042ms    16.777 M      0.40   16.01 MiB    397.96
    1  Q         1  x[1x1x4096]+w[2048x4096]->y[1x1x2048]               0.030ms    16.777 M      0.55   16.01 MiB    553.92
    2  K         0  x[1x1x4096]+w[2048x4096]->y[1x1x2048]               0.030ms    16.777 M      0.56   16.01 MiB    555.80
    3  K         1  x[1x1x4096]+w[2048x4096]->y[1x1x2048]               0.029ms    16.777 M      0.57   16.01 MiB    573.29
    4  V         0  x[1x1x4096]+w[2048x4096]->y[1x1x2048]               0.029ms    16.777 M      0.57   16.01 MiB    571.29
    5  V         1  x[1x1x4096]+w[2048x4096]->y[1x1x2048]               0.030ms    16.777 M      0.56   16.01 MiB    563.44
    6  O         0  x[1x1x2048]+w[4096x2048]->y[1x1x4096]               0.025ms    16.777 M      0.67   16.01 MiB    669.22
    7  O         1  x[1x1x2048]+w[4096x2048]->y[1x1x4096]               0.026ms    16.777 M      0.65   16.01 MiB    650.63
    8  FFN_W1    0  x[1x1x4096]+w[5504x4096]->y[1x1x5504]               0.046ms    45.089 M      0.99   43.02 MiB    989.90
    9  FFN_W3    0  x[1x1x4096]+w[5504x4096]->y[1x1x5504]               0.045ms    45.089 M      1.00   43.02 MiB    998.88
   10  FFN_W1    1  x[1x1x4096]+w[5504x4096]->y[1x1x5504]               0.045ms    45.089 M      1.00   43.02 MiB    998.88
   11  FFN_W3    1  x[1x1x4096]+w[5504x4096]->y[1x1x5504]               0.045ms    45.089 M      1.01   43.02 MiB   1008.03
   12  FFN_W2    0  x[1x1x5504]+w[4096x5504]->y[1x1x4096]               0.047ms    45.089 M      0.97   43.02 MiB    966.03
   13  FFN_W2    1  x[1x1x5504]+w[4096x5504]->y[1x1x4096]               0.047ms    45.089 M      0.97   43.02 MiB    968.15
[gpu-debug] segment avg latency (cuda_events): 0.455 ms
[gpu-debug] sum(per-op)               : 0.516 ms (ratio=1.134)
[gpu-debug] NOTE: sum(per-op) may differ from segment latency due to Python overhead, event/launch overhead, and allocator/cache effects.
[gpu-debug] cuda mem before warmup: alloc=400.15 MiB reserved=414.00 MiB
[gpu-debug] cuda mem after warmup : alloc=400.15 MiB reserved=414.00 MiB
[gpu-debug] cuda mem peak (this segment): max_alloc=400.16 MiB max_reserved=414.00 MiB
========================================================================================
[gpu-debug] segment_key=npu|decode|7|58672e7680bc9d88d790ef6aa34bd903
[gpu-debug] sig: device_type=npu phase=decode step=7 (count_hint=32)
[gpu-debug] ops_repr: Q:0,Q:1,K:0,K:1,V:0,V:1,O:0,O:1,FFN_W1:0,FFN_W3:0,FFN_W1:1,FFN_W3:1,FFN_W2:0,FFN_W2:1
[gpu-debug] cfg: device=cuda dtype=torch.bfloat16 batch=1 dim=4096 ffn_dim=11008 n_heads=32 shards=2
[gpu-debug] op plan (with inferred tensor shapes):
  - op#00  op=Q        shard=0   x=[1x1x4096] + w=[2048x4096]  ->  y=[1x1x2048]  (T=1, K=1408)
  - op#01  op=Q        shard=1   x=[1x1x4096] + w=[2048x4096]  ->  y=[1x1x2048]  (T=1, K=1408)
  - op#02  op=K        shard=0   x=[1x1x4096] + w=[2048x4096]  ->  y=[1x1x2048]  (T=1, K=1408)
  - op#03  op=K        shard=1   x=[1x1x4096] + w=[2048x4096]  ->  y=[1x1x2048]  (T=1, K=1408)
  - op#04  op=V        shard=0   x=[1x1x4096] + w=[2048x4096]  ->  y=[1x1x2048]  (T=1, K=1408)
  - op#05  op=V        shard=1   x=[1x1x4096] + w=[2048x4096]  ->  y=[1x1x2048]  (T=1, K=1408)
  - op#06  op=O        shard=0   x=[1x1x2048] + w=[4096x2048]  ->  y=[1x1x4096]  (T=1, K=1408)
  - op#07  op=O        shard=1   x=[1x1x2048] + w=[4096x2048]  ->  y=[1x1x4096]  (T=1, K=1408)
  - op#08  op=FFN_W1   shard=0   x=[1x1x4096] + w=[5504x4096]  ->  y=[1x1x5504]  (T=1, K=1408)
  - op#09  op=FFN_W3   shard=0   x=[1x1x4096] + w=[5504x4096]  ->  y=[1x1x5504]  (T=1, K=1408)
  - op#10  op=FFN_W1   shard=1   x=[1x1x4096] + w=[5504x4096]  ->  y=[1x1x5504]  (T=1, K=1408)
  - op#11  op=FFN_W3   shard=1   x=[1x1x4096] + w=[5504x4096]  ->  y=[1x1x5504]  (T=1, K=1408)
  - op#12  op=FFN_W2   shard=0   x=[1x1x5504] + w=[4096x5504]  ->  y=[1x1x4096]  (T=1, K=1408)
  - op#13  op=FFN_W2   shard=1   x=[1x1x5504] + w=[4096x5504]  ->  y=[1x1x4096]  (T=1, K=1408)
[gpu-debug] per-op timing breakdown (avg over iters):
  idx  op       sh  io                                                    time   est_flops    TFLOPs       bytes      GB/s
  ------------------------------------------------------------------------------------------------------------------------
    0  Q         0  x[1x1x4096]+w[2048x4096]->y[1x1x2048]               0.042ms    16.777 M      0.40   16.01 MiB    400.88
    1  Q         1  x[1x1x4096]+w[2048x4096]->y[1x1x2048]               0.030ms    16.777 M      0.56   16.01 MiB    559.59
    2  K         0  x[1x1x4096]+w[2048x4096]->y[1x1x2048]               0.030ms    16.777 M      0.56   16.01 MiB    559.59
    3  K         1  x[1x1x4096]+w[2048x4096]->y[1x1x2048]               0.029ms    16.777 M      0.58   16.01 MiB    577.32
    4  V         0  x[1x1x4096]+w[2048x4096]->y[1x1x2048]               0.029ms    16.777 M      0.58   16.01 MiB    579.36
    5  V         1  x[1x1x4096]+w[2048x4096]->y[1x1x2048]               0.030ms    16.777 M      0.57   16.01 MiB    567.34
    6  O         0  x[1x1x2048]+w[4096x2048]->y[1x1x4096]               0.025ms    16.777 M      0.68   16.01 MiB    677.52
    7  O         1  x[1x1x2048]+w[4096x2048]->y[1x1x4096]               0.026ms    16.777 M      0.65   16.01 MiB    645.51
    8  FFN_W1    0  x[1x1x4096]+w[5504x4096]->y[1x1x5504]               0.046ms    45.089 M      0.99   43.02 MiB    987.68
    9  FFN_W3    0  x[1x1x4096]+w[5504x4096]->y[1x1x5504]               0.046ms    45.089 M      0.99   43.02 MiB    989.90
   10  FFN_W1    1  x[1x1x4096]+w[5504x4096]->y[1x1x5504]               0.045ms    45.089 M      0.99   43.02 MiB    992.13
   11  FFN_W3    1  x[1x1x4096]+w[5504x4096]->y[1x1x5504]               0.045ms    45.089 M      1.01   43.02 MiB   1012.66
   12  FFN_W2    0  x[1x1x5504]+w[4096x5504]->y[1x1x4096]               0.047ms    45.089 M      0.97   43.02 MiB    968.15
   13  FFN_W2    1  x[1x1x5504]+w[4096x5504]->y[1x1x4096]               0.047ms    45.089 M      0.96   43.02 MiB    963.91
[gpu-debug] segment avg latency (cuda_events): 0.453 ms
[gpu-debug] sum(per-op)               : 0.515 ms (ratio=1.136)
[gpu-debug] NOTE: sum(per-op) may differ from segment latency due to Python overhead, event/launch overhead, and allocator/cache effects.
[gpu-debug] cuda mem before warmup: alloc=400.15 MiB reserved=414.00 MiB
[gpu-debug] cuda mem after warmup : alloc=400.15 MiB reserved=414.00 MiB
[gpu-debug] cuda mem peak (this segment): max_alloc=400.16 MiB max_reserved=414.00 MiB
========================================================================================
[gpu-debug] segment_key=npu|decode|8|58672e7680bc9d88d790ef6aa34bd903
[gpu-debug] sig: device_type=npu phase=decode step=8 (count_hint=32)
[gpu-debug] ops_repr: Q:0,Q:1,K:0,K:1,V:0,V:1,O:0,O:1,FFN_W1:0,FFN_W3:0,FFN_W1:1,FFN_W3:1,FFN_W2:0,FFN_W2:1
[gpu-debug] cfg: device=cuda dtype=torch.bfloat16 batch=1 dim=4096 ffn_dim=11008 n_heads=32 shards=2
[gpu-debug] op plan (with inferred tensor shapes):
  - op#00  op=Q        shard=0   x=[1x1x4096] + w=[2048x4096]  ->  y=[1x1x2048]  (T=1, K=1472)
  - op#01  op=Q        shard=1   x=[1x1x4096] + w=[2048x4096]  ->  y=[1x1x2048]  (T=1, K=1472)
  - op#02  op=K        shard=0   x=[1x1x4096] + w=[2048x4096]  ->  y=[1x1x2048]  (T=1, K=1472)
  - op#03  op=K        shard=1   x=[1x1x4096] + w=[2048x4096]  ->  y=[1x1x2048]  (T=1, K=1472)
  - op#04  op=V        shard=0   x=[1x1x4096] + w=[2048x4096]  ->  y=[1x1x2048]  (T=1, K=1472)
  - op#05  op=V        shard=1   x=[1x1x4096] + w=[2048x4096]  ->  y=[1x1x2048]  (T=1, K=1472)
  - op#06  op=O        shard=0   x=[1x1x2048] + w=[4096x2048]  ->  y=[1x1x4096]  (T=1, K=1472)
  - op#07  op=O        shard=1   x=[1x1x2048] + w=[4096x2048]  ->  y=[1x1x4096]  (T=1, K=1472)
  - op#08  op=FFN_W1   shard=0   x=[1x1x4096] + w=[5504x4096]  ->  y=[1x1x5504]  (T=1, K=1472)
  - op#09  op=FFN_W3   shard=0   x=[1x1x4096] + w=[5504x4096]  ->  y=[1x1x5504]  (T=1, K=1472)
  - op#10  op=FFN_W1   shard=1   x=[1x1x4096] + w=[5504x4096]  ->  y=[1x1x5504]  (T=1, K=1472)
  - op#11  op=FFN_W3   shard=1   x=[1x1x4096] + w=[5504x4096]  ->  y=[1x1x5504]  (T=1, K=1472)
  - op#12  op=FFN_W2   shard=0   x=[1x1x5504] + w=[4096x5504]  ->  y=[1x1x4096]  (T=1, K=1472)
  - op#13  op=FFN_W2   shard=1   x=[1x1x5504] + w=[4096x5504]  ->  y=[1x1x4096]  (T=1, K=1472)
[gpu-debug] per-op timing breakdown (avg over iters):
  idx  op       sh  io                                                    time   est_flops    TFLOPs       bytes      GB/s
  ------------------------------------------------------------------------------------------------------------------------
    0  Q         0  x[1x1x4096]+w[2048x4096]->y[1x1x2048]               0.042ms    16.777 M      0.40   16.01 MiB    399.90
    1  Q         1  x[1x1x4096]+w[2048x4096]->y[1x1x2048]               0.030ms    16.777 M      0.56   16.01 MiB    559.59
    2  K         0  x[1x1x4096]+w[2048x4096]->y[1x1x2048]               0.030ms    16.777 M      0.56   16.01 MiB    561.51
    3  K         1  x[1x1x4096]+w[2048x4096]->y[1x1x2048]               0.030ms    16.777 M      0.56   16.01 MiB    563.44
    4  V         0  x[1x1x4096]+w[2048x4096]->y[1x1x2048]               0.029ms    16.777 M      0.57   16.01 MiB    571.29
    5  V         1  x[1x1x4096]+w[2048x4096]->y[1x1x2048]               0.030ms    16.777 M      0.56   16.01 MiB    561.51
    6  O         0  x[1x1x2048]+w[4096x2048]->y[1x1x4096]               0.025ms    16.777 M      0.67   16.01 MiB    674.73
    7  O         1  x[1x1x2048]+w[4096x2048]->y[1x1x4096]               0.026ms    16.777 M      0.65   16.01 MiB    650.63
    8  FFN_W1    0  x[1x1x4096]+w[5504x4096]->y[1x1x5504]               0.046ms    45.089 M      0.99   43.02 MiB    985.48
    9  FFN_W3    0  x[1x1x4096]+w[5504x4096]->y[1x1x5504]               0.046ms    45.089 M      0.99   43.02 MiB    987.68
   10  FFN_W1    1  x[1x1x4096]+w[5504x4096]->y[1x1x5504]               0.046ms    45.089 M      0.99   43.02 MiB    989.90
   11  FFN_W3    1  x[1x1x4096]+w[5504x4096]->y[1x1x5504]               0.045ms    45.089 M      1.01   43.02 MiB   1010.34
   12  FFN_W2    0  x[1x1x5504]+w[4096x5504]->y[1x1x4096]               0.047ms    45.089 M      0.97   43.02 MiB    966.03
   13  FFN_W2    1  x[1x1x5504]+w[4096x5504]->y[1x1x4096]               0.047ms    45.089 M      0.96   43.02 MiB    963.91
[gpu-debug] segment avg latency (cuda_events): 0.454 ms
[gpu-debug] sum(per-op)               : 0.517 ms (ratio=1.138)
[gpu-debug] NOTE: sum(per-op) may differ from segment latency due to Python overhead, event/launch overhead, and allocator/cache effects.
[gpu-debug] cuda mem before warmup: alloc=400.15 MiB reserved=414.00 MiB
[gpu-debug] cuda mem after warmup : alloc=400.15 MiB reserved=414.00 MiB
[gpu-debug] cuda mem peak (this segment): max_alloc=400.16 MiB max_reserved=414.00 MiB
========================================================================================
[gpu-debug] segment_key=npu|decode|9|58672e7680bc9d88d790ef6aa34bd903
[gpu-debug] sig: device_type=npu phase=decode step=9 (count_hint=32)
[gpu-debug] ops_repr: Q:0,Q:1,K:0,K:1,V:0,V:1,O:0,O:1,FFN_W1:0,FFN_W3:0,FFN_W1:1,FFN_W3:1,FFN_W2:0,FFN_W2:1
[gpu-debug] cfg: device=cuda dtype=torch.bfloat16 batch=1 dim=4096 ffn_dim=11008 n_heads=32 shards=2
[gpu-debug] op plan (with inferred tensor shapes):
  - op#00  op=Q        shard=0   x=[1x1x4096] + w=[2048x4096]  ->  y=[1x1x2048]  (T=1, K=1536)
  - op#01  op=Q        shard=1   x=[1x1x4096] + w=[2048x4096]  ->  y=[1x1x2048]  (T=1, K=1536)
  - op#02  op=K        shard=0   x=[1x1x4096] + w=[2048x4096]  ->  y=[1x1x2048]  (T=1, K=1536)
  - op#03  op=K        shard=1   x=[1x1x4096] + w=[2048x4096]  ->  y=[1x1x2048]  (T=1, K=1536)
  - op#04  op=V        shard=0   x=[1x1x4096] + w=[2048x4096]  ->  y=[1x1x2048]  (T=1, K=1536)
  - op#05  op=V        shard=1   x=[1x1x4096] + w=[2048x4096]  ->  y=[1x1x2048]  (T=1, K=1536)
  - op#06  op=O        shard=0   x=[1x1x2048] + w=[4096x2048]  ->  y=[1x1x4096]  (T=1, K=1536)
  - op#07  op=O        shard=1   x=[1x1x2048] + w=[4096x2048]  ->  y=[1x1x4096]  (T=1, K=1536)
  - op#08  op=FFN_W1   shard=0   x=[1x1x4096] + w=[5504x4096]  ->  y=[1x1x5504]  (T=1, K=1536)
  - op#09  op=FFN_W3   shard=0   x=[1x1x4096] + w=[5504x4096]  ->  y=[1x1x5504]  (T=1, K=1536)
  - op#10  op=FFN_W1   shard=1   x=[1x1x4096] + w=[5504x4096]  ->  y=[1x1x5504]  (T=1, K=1536)
  - op#11  op=FFN_W3   shard=1   x=[1x1x4096] + w=[5504x4096]  ->  y=[1x1x5504]  (T=1, K=1536)
  - op#12  op=FFN_W2   shard=0   x=[1x1x5504] + w=[4096x5504]  ->  y=[1x1x4096]  (T=1, K=1536)
  - op#13  op=FFN_W2   shard=1   x=[1x1x5504] + w=[4096x5504]  ->  y=[1x1x4096]  (T=1, K=1536)
[gpu-debug] per-op timing breakdown (avg over iters):
  idx  op       sh  io                                                    time   est_flops    TFLOPs       bytes      GB/s
  ------------------------------------------------------------------------------------------------------------------------
    0  Q         0  x[1x1x4096]+w[2048x4096]->y[1x1x2048]               0.042ms    16.777 M      0.40   16.01 MiB    402.85
    1  Q         1  x[1x1x4096]+w[2048x4096]->y[1x1x2048]               0.030ms    16.777 M      0.56   16.01 MiB    561.51
    2  K         0  x[1x1x4096]+w[2048x4096]->y[1x1x2048]               0.030ms    16.777 M      0.56   16.01 MiB    561.51
    3  K         1  x[1x1x4096]+w[2048x4096]->y[1x1x2048]               0.029ms    16.777 M      0.57   16.01 MiB    569.31
    4  V         0  x[1x1x4096]+w[2048x4096]->y[1x1x2048]               0.030ms    16.777 M      0.57   16.01 MiB    567.34
    5  V         1  x[1x1x4096]+w[2048x4096]->y[1x1x2048]               0.030ms    16.777 M      0.56   16.01 MiB    563.44
    6  O         0  x[1x1x2048]+w[4096x2048]->y[1x1x4096]               0.025ms    16.777 M      0.67   16.01 MiB    669.22
    7  O         1  x[1x1x2048]+w[4096x2048]->y[1x1x4096]               0.026ms    16.777 M      0.64   16.01 MiB    637.98
    8  FFN_W1    0  x[1x1x4096]+w[5504x4096]->y[1x1x5504]               0.045ms    45.089 M      0.99   43.02 MiB    994.37
    9  FFN_W3    0  x[1x1x4096]+w[5504x4096]->y[1x1x5504]               0.045ms    45.089 M      1.00   43.02 MiB    996.62
   10  FFN_W1    1  x[1x1x4096]+w[5504x4096]->y[1x1x5504]               0.046ms    45.089 M      0.99   43.02 MiB    985.48
   11  FFN_W3    1  x[1x1x4096]+w[5504x4096]->y[1x1x5504]               0.045ms    45.089 M      1.01   43.02 MiB   1005.72
   12  FFN_W2    0  x[1x1x5504]+w[4096x5504]->y[1x1x4096]               0.047ms    45.089 M      0.97   43.02 MiB    968.15
   13  FFN_W2    1  x[1x1x5504]+w[4096x5504]->y[1x1x4096]               0.047ms    45.089 M      0.96   43.02 MiB    963.91
[gpu-debug] segment avg latency (cuda_events): 0.454 ms
[gpu-debug] sum(per-op)               : 0.516 ms (ratio=1.138)
[gpu-debug] NOTE: sum(per-op) may differ from segment latency due to Python overhead, event/launch overhead, and allocator/cache effects.
[gpu-debug] cuda mem before warmup: alloc=400.15 MiB reserved=414.00 MiB
[gpu-debug] cuda mem after warmup : alloc=400.15 MiB reserved=414.00 MiB
[gpu-debug] cuda mem peak (this segment): max_alloc=400.16 MiB max_reserved=414.00 MiB
========================================================================================
[gpu-debug] segment_key=npu|prefill|-1|2a331687201a3abf6e73ab65b42cfdd2
[gpu-debug] sig: device_type=npu phase=prefill step=-1 (count_hint=32)
[gpu-debug] ops_repr: LN:-1,Q:0,Q:1,K:0,K:1,V:0,V:1,QK:0,QK:1,Softmax:0,Softmax:1,SV:0,SV:1,O:0,O:1,Add:-1,LN:-1,FFN_W1:0,FFN_W3:0,FFN_W1:1,FFN_W3:1,SwiGLU:1,FFN_W2:0,FFN_W2:1,Add:-1
[gpu-debug] cfg: device=cuda dtype=torch.bfloat16 batch=1 dim=4096 ffn_dim=11008 n_heads=32 shards=2
[gpu-debug] op plan (with inferred tensor shapes):
  - op#00  op=LN       shard=-1  x=[1x1024x4096] + w=[4096]  ->  y=[1x1024x4096]  (T=1024, K=1024)
  - op#01  op=Q        shard=0   x=[1x1024x4096] + w=[2048x4096]  ->  y=[1x1024x2048]  (T=1024, K=1024)
  - op#02  op=Q        shard=1   x=[1x1024x4096] + w=[2048x4096]  ->  y=[1x1024x2048]  (T=1024, K=1024)
  - op#03  op=K        shard=0   x=[1x1024x4096] + w=[2048x4096]  ->  y=[1x1024x2048]  (T=1024, K=1024)
  - op#04  op=K        shard=1   x=[1x1024x4096] + w=[2048x4096]  ->  y=[1x1024x2048]  (T=1024, K=1024)
  - op#05  op=V        shard=0   x=[1x1024x4096] + w=[2048x4096]  ->  y=[1x1024x2048]  (T=1024, K=1024)
  - op#06  op=V        shard=1   x=[1x1024x4096] + w=[2048x4096]  ->  y=[1x1024x2048]  (T=1024, K=1024)
  - op#07  op=QK       shard=0   q=[1x16x1024x128] + k=[1x16x128x1024]  ->  y=[1x16x1024x1024]  (T=1024, K=1024)
  - op#08  op=QK       shard=1   q=[1x16x1024x128] + k=[1x16x128x1024]  ->  y=[1x16x1024x1024]  (T=1024, K=1024)
  - op#09  op=Softmax  shard=0   scores=[1x16x1024x1024]  ->  y=[1x16x1024x1024]  (T=1024, K=1024)
  - op#10  op=Softmax  shard=1   scores=[1x16x1024x1024]  ->  y=[1x16x1024x1024]  (T=1024, K=1024)
  - op#11  op=SV       shard=0   p=[1x16x1024x1024] + v=[1x16x1024x128]  ->  y=[1x16x1024x128]  (T=1024, K=1024)
  - op#12  op=SV       shard=1   p=[1x16x1024x1024] + v=[1x16x1024x128]  ->  y=[1x16x1024x128]  (T=1024, K=1024)
  - op#13  op=O        shard=0   x=[1x1024x2048] + w=[4096x2048]  ->  y=[1x1024x4096]  (T=1024, K=1024)
  - op#14  op=O        shard=1   x=[1x1024x2048] + w=[4096x2048]  ->  y=[1x1024x4096]  (T=1024, K=1024)
  - op#15  op=Add      shard=-1  a=[1x1024x4096] + b=[1x1024x4096]  ->  y=[1x1024x4096]  (T=1024, K=1024)
  - op#16  op=LN       shard=-1  x=[1x1024x4096] + w=[4096]  ->  y=[1x1024x4096]  (T=1024, K=1024)
  - op#17  op=FFN_W1   shard=0   x=[1x1024x4096] + w=[5504x4096]  ->  y=[1x1024x5504]  (T=1024, K=1024)
  - op#18  op=FFN_W3   shard=0   x=[1x1024x4096] + w=[5504x4096]  ->  y=[1x1024x5504]  (T=1024, K=1024)
  - op#19  op=FFN_W1   shard=1   x=[1x1024x4096] + w=[5504x4096]  ->  y=[1x1024x5504]  (T=1024, K=1024)
  - op#20  op=FFN_W3   shard=1   x=[1x1024x4096] + w=[5504x4096]  ->  y=[1x1024x5504]  (T=1024, K=1024)
  - op#21  op=SwiGLU   shard=1   a=[1x1024x5504] + b=[1x1024x5504]  ->  y=[1x1024x5504]  (T=1024, K=1024)
  - op#22  op=FFN_W2   shard=0   x=[1x1024x5504] + w=[4096x5504]  ->  y=[1x1024x4096]  (T=1024, K=1024)
  - op#23  op=FFN_W2   shard=1   x=[1x1024x5504] + w=[4096x5504]  ->  y=[1x1024x4096]  (T=1024, K=1024)
  - op#24  op=Add      shard=-1  a=[1x1024x4096] + b=[1x1024x4096]  ->  y=[1x1024x4096]  (T=1024, K=1024)
[gpu-debug] per-op timing breakdown (avg over iters):
  idx  op       sh  io                                                    time   est_flops    TFLOPs       bytes      GB/s
  ------------------------------------------------------------------------------------------------------------------------
    0  LN       -1  x[1x1024x4096]+w[4096]->y[1x1024x4096]              0.088ms    20.972 M      0.24   16.01 MiB    190.16
    1  Q         0  x[1x1024x4096]+w[2048x4096]->y[1x1024x2048]         0.114ms    17.180 G    151.28   28.00 MiB    258.54
    2  Q         1  x[1x1024x4096]+w[2048x4096]->y[1x1024x2048]         0.103ms    17.180 G    166.94   28.00 MiB    285.29
    3  K         0  x[1x1024x4096]+w[2048x4096]->y[1x1024x2048]         0.103ms    17.180 G    166.28   28.00 MiB    284.16
    4  K         1  x[1x1024x4096]+w[2048x4096]->y[1x1024x2048]         0.103ms    17.180 G    166.11   28.00 MiB    283.88
    5  V         0  x[1x1024x4096]+w[2048x4096]->y[1x1024x2048]         0.103ms    17.180 G    167.60   28.00 MiB    286.43
    6  V         1  x[1x1024x4096]+w[2048x4096]->y[1x1024x2048]         0.103ms    17.180 G    167.10   28.00 MiB    285.58
    7  QK        0  q[1x16x1024x128]+k[1x16x128x1024]->y[1x16x1...      0.109ms     4.295 G     39.35   40.00 MiB    384.24
    8  QK        1  q[1x16x1024x128]+k[1x16x128x1024]->y[1x16x1...      0.112ms     4.295 G     38.41   40.00 MiB    375.09
    9  Softmax   0  scores[1x16x1024x1024]->y[1x16x1024x1024]           0.073ms    83.886 M      1.15   64.00 MiB    921.74
   10  Softmax   1  scores[1x16x1024x1024]->y[1x16x1024x1024]           0.070ms    83.886 M      1.20   64.00 MiB    959.53
   11  SV        0  p[1x16x1024x1024]+v[1x16x1024x128]->y[1x16x...      0.058ms     4.295 G     73.97   40.00 MiB    722.40
   12  SV        1  p[1x16x1024x1024]+v[1x16x1024x128]->y[1x16x...      0.051ms     4.295 G     83.72   40.00 MiB    817.56
   13  O         0  x[1x1024x2048]+w[4096x2048]->y[1x1024x4096]         0.125ms    17.180 G    136.96   28.00 MiB    234.06
   14  O         1  x[1x1024x2048]+w[4096x2048]->y[1x1024x4096]         0.125ms    17.180 G    137.86   28.00 MiB    235.60
   15  Add      -1  a[1x1024x4096]+b[1x1024x4096]->y[1x1024x4096]       0.013ms     4.194 M      0.32   24.00 MiB   1890.46
   16  LN       -1  x[1x1024x4096]+w[4096]->y[1x1024x4096]              0.070ms    20.972 M      0.30   16.01 MiB    241.06
   17  FFN_W1    0  x[1x1024x4096]+w[5504x4096]->y[1x1024x5504]         0.232ms    46.171 G    198.98   61.75 MiB    279.05
   18  FFN_W3    0  x[1x1024x4096]+w[5504x4096]->y[1x1024x5504]         0.232ms    46.171 G    198.80   61.75 MiB    278.80
   19  FFN_W1    1  x[1x1024x4096]+w[5504x4096]->y[1x1024x5504]         0.232ms    46.171 G    198.89   61.75 MiB    278.92
   20  FFN_W3    1  x[1x1024x4096]+w[5504x4096]->y[1x1024x5504]         0.232ms    46.171 G    198.89   61.75 MiB    278.92
   21  SwiGLU    1  a[1x1024x5504]+b[1x1024x5504]->y[1x1024x5504]       0.032ms    33.817 M      1.07   32.25 MiB   1072.21
   22  FFN_W2    0  x[1x1024x5504]+w[4096x5504]->y[1x1024x4096]         0.304ms    46.171 G    151.87   61.75 MiB    212.97
   23  FFN_W2    1  x[1x1024x5504]+w[4096x5504]->y[1x1024x4096]         0.305ms    46.171 G    151.61   61.75 MiB    212.62
   24  Add      -1  a[1x1024x4096]+b[1x1024x4096]->y[1x1024x4096]       0.014ms     4.194 M      0.29   24.00 MiB   1768.06
[gpu-debug] segment avg latency (cuda_events): 2.870 ms
[gpu-debug] sum(per-op)               : 3.106 ms (ratio=1.082)
[gpu-debug] NOTE: sum(per-op) may differ from segment latency due to Python overhead, event/launch overhead, and allocator/cache effects.
[gpu-debug] cuda mem before warmup: alloc=400.15 MiB reserved=414.00 MiB
[gpu-debug] cuda mem after warmup : alloc=462.91 MiB reserved=574.00 MiB
[gpu-debug] cuda mem peak (this segment): max_alloc=526.91 MiB max_reserved=574.00 MiB
  progress 18/18
