[run-gpu] tasks=13 warmup=3 iters=10 device=cuda dtype=bf16 batch=1 segment_scope=layer
[run-gpu] extra weight_load_s=0.155640s (will be added in merge)
[run-gpu] GPU[0] NVIDIA A100-PCIE-40GB; SM=108, CC=8.0
[run-gpu] nvidia-smi -L: GPU 0: NVIDIA A100-PCIE-40GB (UUID: GPU-4cd2dd8b-d779-5b24-29b5-80b860f437dd)
[run-gpu] nvidia-smi query: NVIDIA A100-PCIE-40GB, GPU-4cd2dd8b-d779-5b24-29b5-80b860f437dd, 560.35.03, 40960
[run-gpu][debug] torch_default_dtype=torch.float32
[run-gpu][debug] torch.backends.cuda.matmul.allow_tf32=False
[run-gpu][debug] cudnn.enabled=True benchmark=False deterministic=False allow_tf32=True
[run-gpu][debug] nvidia-smi snapshot: 0, 0, 0, 4, 40960, 34, 34.28, 250.00
========================================================================================
[gpu-debug] segment_key=npu|decode|0|07b5af7774bd3cd85539ab82091d9866
[gpu-debug] sig: device_type=npu phase=decode step=0 (count_hint=6)
[gpu-debug] ops_repr: K:0,K:1,V:0,V:1,FFN_W1:0,FFN_W1:1
[gpu-debug] cfg: device=cuda dtype=torch.bfloat16 batch=1 dim=4096 ffn_dim=11008 n_heads=32 shards=2
[gpu-debug] op plan (with inferred tensor shapes):
  - op#00  op=K        shard=0   x=[1x1x4096] + w=[2048x4096]  ->  y=[1x1x2048]  (T=1, K=1025)
  - op#01  op=K        shard=1   x=[1x1x4096] + w=[2048x4096]  ->  y=[1x1x2048]  (T=1, K=1025)
  - op#02  op=V        shard=0   x=[1x1x4096] + w=[2048x4096]  ->  y=[1x1x2048]  (T=1, K=1025)
  - op#03  op=V        shard=1   x=[1x1x4096] + w=[2048x4096]  ->  y=[1x1x2048]  (T=1, K=1025)
  - op#04  op=FFN_W1   shard=0   x=[1x1x4096] + w=[5504x4096]  ->  y=[1x1x5504]  (T=1, K=1025)
  - op#05  op=FFN_W1   shard=1   x=[1x1x4096] + w=[5504x4096]  ->  y=[1x1x5504]  (T=1, K=1025)
[gpu-debug] per-op timing breakdown (avg over iters):
  idx  op       sh  io                                                    time   est_flops    TFLOPs       bytes      GB/s
  ------------------------------------------------------------------------------------------------------------------------
    0  K         0  x[1x1x4096]+w[2048x4096]->y[1x1x2048]               0.046ms    16.777 M      0.36   16.01 MiB    365.17
    1  K         1  x[1x1x4096]+w[2048x4096]->y[1x1x2048]               0.035ms    16.777 M      0.48   16.01 MiB    483.66
    2  V         0  x[1x1x4096]+w[2048x4096]->y[1x1x2048]               0.035ms    16.777 M      0.49   16.01 MiB    486.53
    3  V         1  x[1x1x4096]+w[2048x4096]->y[1x1x2048]               0.036ms    16.777 M      0.47   16.01 MiB    471.15
    4  FFN_W1    0  x[1x1x4096]+w[5504x4096]->y[1x1x5504]               0.048ms    45.089 M      0.94   43.02 MiB    941.26
    5  FFN_W1    1  x[1x1x4096]+w[5504x4096]->y[1x1x5504]               0.049ms    45.089 M      0.92   43.02 MiB    921.56
[gpu-debug] segment avg latency (cuda_events): 0.217 ms
[gpu-debug] sum(per-op)               : 0.248 ms (ratio=1.140)
[gpu-debug] NOTE: sum(per-op) may differ from segment latency due to Python overhead, event/launch overhead, and allocator/cache effects.
[gpu-debug] cuda mem before warmup: alloc=0 B reserved=0 B
[gpu-debug] cuda mem after warmup : alloc=160.13 MiB reserved=174.00 MiB
[gpu-debug] cuda mem peak (this segment): max_alloc=160.14 MiB max_reserved=174.00 MiB
========================================================================================
[gpu-debug] segment_key=npu|decode|0|53b50f83dccd7c11f40cc8bb818465c5
[gpu-debug] sig: device_type=npu phase=decode step=0 (count_hint=8)
[gpu-debug] ops_repr: K:0,Softmax:0,K:1,Softmax:1,V:1,V:0,FFN_W1:0,FFN_W1:1
[gpu-debug] cfg: device=cuda dtype=torch.bfloat16 batch=1 dim=4096 ffn_dim=11008 n_heads=32 shards=2
[gpu-debug] op plan (with inferred tensor shapes):
  - op#00  op=K        shard=0   x=[1x1x4096] + w=[2048x4096]  ->  y=[1x1x2048]  (T=1, K=1025)
  - op#01  op=Softmax  shard=0   scores=[1x16x1x1025]  ->  y=[1x16x1x1025]  (T=1, K=1025)
  - op#02  op=K        shard=1   x=[1x1x4096] + w=[2048x4096]  ->  y=[1x1x2048]  (T=1, K=1025)
  - op#03  op=Softmax  shard=1   scores=[1x16x1x1025]  ->  y=[1x16x1x1025]  (T=1, K=1025)
  - op#04  op=V        shard=1   x=[1x1x4096] + w=[2048x4096]  ->  y=[1x1x2048]  (T=1, K=1025)
  - op#05  op=V        shard=0   x=[1x1x4096] + w=[2048x4096]  ->  y=[1x1x2048]  (T=1, K=1025)
  - op#06  op=FFN_W1   shard=0   x=[1x1x4096] + w=[5504x4096]  ->  y=[1x1x5504]  (T=1, K=1025)
  - op#07  op=FFN_W1   shard=1   x=[1x1x4096] + w=[5504x4096]  ->  y=[1x1x5504]  (T=1, K=1025)
[gpu-debug] per-op timing breakdown (avg over iters):
  idx  op       sh  io                                                    time   est_flops    TFLOPs       bytes      GB/s
  ------------------------------------------------------------------------------------------------------------------------
    0  K         0  x[1x1x4096]+w[2048x4096]->y[1x1x2048]               0.046ms    16.777 M      0.36   16.01 MiB    361.15
    1  Softmax   0  scores[1x16x1x1025]->y[1x16x1x1025]                 0.022ms    82.000 K      0.00   64.06 KiB      2.97
    2  K         1  x[1x1x4096]+w[2048x4096]->y[1x1x2048]               0.035ms    16.777 M      0.48   16.01 MiB    476.63
    3  Softmax   1  scores[1x16x1x1025]->y[1x16x1x1025]                 0.020ms    82.000 K      0.00   64.06 KiB      3.32
    4  V         1  x[1x1x4096]+w[2048x4096]->y[1x1x2048]               0.036ms    16.777 M      0.47   16.01 MiB    472.51
    5  V         0  x[1x1x4096]+w[2048x4096]->y[1x1x2048]               0.035ms    16.777 M      0.48   16.01 MiB    485.09
    6  FFN_W1    0  x[1x1x4096]+w[5504x4096]->y[1x1x5504]               0.049ms    45.089 M      0.92   43.02 MiB    917.72
    7  FFN_W1    1  x[1x1x4096]+w[5504x4096]->y[1x1x5504]               0.049ms    45.089 M      0.93   43.02 MiB    925.44
[gpu-debug] segment avg latency (cuda_events): 0.250 ms
[gpu-debug] sum(per-op)               : 0.292 ms (ratio=1.164)
[gpu-debug] NOTE: sum(per-op) may differ from segment latency due to Python overhead, event/launch overhead, and allocator/cache effects.
[gpu-debug] cuda mem before warmup: alloc=160.13 MiB reserved=174.00 MiB
[gpu-debug] cuda mem after warmup : alloc=160.16 MiB reserved=174.00 MiB
[gpu-debug] cuda mem peak (this segment): max_alloc=160.20 MiB max_reserved=174.00 MiB
========================================================================================
[gpu-debug] segment_key=npu|decode|0|a2fd2e8a8a0dfc426e37ab6dbed62b76
[gpu-debug] sig: device_type=npu phase=decode step=0 (count_hint=9)
[gpu-debug] ops_repr: K:0,K:1,V:0,V:1,FFN_W1:1,FFN_W1:0
[gpu-debug] cfg: device=cuda dtype=torch.bfloat16 batch=1 dim=4096 ffn_dim=11008 n_heads=32 shards=2
[gpu-debug] op plan (with inferred tensor shapes):
  - op#00  op=K        shard=0   x=[1x1x4096] + w=[2048x4096]  ->  y=[1x1x2048]  (T=1, K=1025)
  - op#01  op=K        shard=1   x=[1x1x4096] + w=[2048x4096]  ->  y=[1x1x2048]  (T=1, K=1025)
  - op#02  op=V        shard=0   x=[1x1x4096] + w=[2048x4096]  ->  y=[1x1x2048]  (T=1, K=1025)
  - op#03  op=V        shard=1   x=[1x1x4096] + w=[2048x4096]  ->  y=[1x1x2048]  (T=1, K=1025)
  - op#04  op=FFN_W1   shard=1   x=[1x1x4096] + w=[5504x4096]  ->  y=[1x1x5504]  (T=1, K=1025)
  - op#05  op=FFN_W1   shard=0   x=[1x1x4096] + w=[5504x4096]  ->  y=[1x1x5504]  (T=1, K=1025)
[gpu-debug] per-op timing breakdown (avg over iters):
  idx  op       sh  io                                                    time   est_flops    TFLOPs       bytes      GB/s
  ------------------------------------------------------------------------------------------------------------------------
    0  K         0  x[1x1x4096]+w[2048x4096]->y[1x1x2048]               0.045ms    16.777 M      0.37   16.01 MiB    370.95
    1  K         1  x[1x1x4096]+w[2048x4096]->y[1x1x2048]               0.035ms    16.777 M      0.48   16.01 MiB    480.82
    2  V         0  x[1x1x4096]+w[2048x4096]->y[1x1x2048]               0.035ms    16.777 M      0.48   16.01 MiB    483.66
    3  V         1  x[1x1x4096]+w[2048x4096]->y[1x1x2048]               0.035ms    16.777 M      0.47   16.01 MiB    475.25
    4  FFN_W1    1  x[1x1x4096]+w[5504x4096]->y[1x1x5504]               0.049ms    45.089 M      0.92   43.02 MiB    923.50
    5  FFN_W1    0  x[1x1x4096]+w[5504x4096]->y[1x1x5504]               0.049ms    45.089 M      0.92   43.02 MiB    923.50
[gpu-debug] segment avg latency (cuda_events): 0.215 ms
[gpu-debug] sum(per-op)               : 0.248 ms (ratio=1.156)
[gpu-debug] NOTE: sum(per-op) may differ from segment latency due to Python overhead, event/launch overhead, and allocator/cache effects.
[gpu-debug] cuda mem before warmup: alloc=160.16 MiB reserved=174.00 MiB
[gpu-debug] cuda mem after warmup : alloc=160.16 MiB reserved=174.00 MiB
[gpu-debug] cuda mem peak (this segment): max_alloc=160.18 MiB max_reserved=174.00 MiB
========================================================================================
[gpu-debug] segment_key=npu|decode|0|f4647f7e226760ead16262a3e1ecedeb
[gpu-debug] sig: device_type=npu phase=decode step=0 (count_hint=9)
[gpu-debug] ops_repr: K:0,Softmax:0,K:1,Softmax:1,V:1,V:0,FFN_W1:1,FFN_W1:0
[gpu-debug] cfg: device=cuda dtype=torch.bfloat16 batch=1 dim=4096 ffn_dim=11008 n_heads=32 shards=2
[gpu-debug] op plan (with inferred tensor shapes):
  - op#00  op=K        shard=0   x=[1x1x4096] + w=[2048x4096]  ->  y=[1x1x2048]  (T=1, K=1025)
  - op#01  op=Softmax  shard=0   scores=[1x16x1x1025]  ->  y=[1x16x1x1025]  (T=1, K=1025)
  - op#02  op=K        shard=1   x=[1x1x4096] + w=[2048x4096]  ->  y=[1x1x2048]  (T=1, K=1025)
  - op#03  op=Softmax  shard=1   scores=[1x16x1x1025]  ->  y=[1x16x1x1025]  (T=1, K=1025)
  - op#04  op=V        shard=1   x=[1x1x4096] + w=[2048x4096]  ->  y=[1x1x2048]  (T=1, K=1025)
  - op#05  op=V        shard=0   x=[1x1x4096] + w=[2048x4096]  ->  y=[1x1x2048]  (T=1, K=1025)
  - op#06  op=FFN_W1   shard=1   x=[1x1x4096] + w=[5504x4096]  ->  y=[1x1x5504]  (T=1, K=1025)
  - op#07  op=FFN_W1   shard=0   x=[1x1x4096] + w=[5504x4096]  ->  y=[1x1x5504]  (T=1, K=1025)
[gpu-debug] per-op timing breakdown (avg over iters):
  idx  op       sh  io                                                    time   est_flops    TFLOPs       bytes      GB/s
  ------------------------------------------------------------------------------------------------------------------------
    0  K         0  x[1x1x4096]+w[2048x4096]->y[1x1x2048]               0.046ms    16.777 M      0.36   16.01 MiB    363.55
    1  Softmax   0  scores[1x16x1x1025]->y[1x16x1x1025]                 0.022ms    82.000 K      0.00   64.06 KiB      2.97
    2  K         1  x[1x1x4096]+w[2048x4096]->y[1x1x2048]               0.035ms    16.777 M      0.48   16.01 MiB    478.02
    3  Softmax   1  scores[1x16x1x1025]->y[1x16x1x1025]                 0.020ms    82.000 K      0.00   64.06 KiB      3.29
    4  V         1  x[1x1x4096]+w[2048x4096]->y[1x1x2048]               0.036ms    16.777 M      0.47   16.01 MiB    465.80
    5  V         0  x[1x1x4096]+w[2048x4096]->y[1x1x2048]               0.035ms    16.777 M      0.49   16.01 MiB    486.53
    6  FFN_W1    1  x[1x1x4096]+w[5504x4096]->y[1x1x5504]               0.049ms    45.089 M      0.92   43.02 MiB    919.64
    7  FFN_W1    0  x[1x1x4096]+w[5504x4096]->y[1x1x5504]               0.048ms    45.089 M      0.93   43.02 MiB    933.28
[gpu-debug] segment avg latency (cuda_events): 0.248 ms
[gpu-debug] sum(per-op)               : 0.291 ms (ratio=1.175)
[gpu-debug] NOTE: sum(per-op) may differ from segment latency due to Python overhead, event/launch overhead, and allocator/cache effects.
[gpu-debug] cuda mem before warmup: alloc=160.16 MiB reserved=174.00 MiB
[gpu-debug] cuda mem after warmup : alloc=160.16 MiB reserved=174.00 MiB
[gpu-debug] cuda mem peak (this segment): max_alloc=160.20 MiB max_reserved=174.00 MiB
========================================================================================
[gpu-debug] segment_key=npu|decode|1|07b5af7774bd3cd85539ab82091d9866
[gpu-debug] sig: device_type=npu phase=decode step=1 (count_hint=6)
[gpu-debug] ops_repr: K:0,K:1,V:0,V:1,FFN_W1:0,FFN_W1:1
[gpu-debug] cfg: device=cuda dtype=torch.bfloat16 batch=1 dim=4096 ffn_dim=11008 n_heads=32 shards=2
[gpu-debug] op plan (with inferred tensor shapes):
  - op#00  op=K        shard=0   x=[1x1x4096] + w=[2048x4096]  ->  y=[1x1x2048]  (T=1, K=1026)
  - op#01  op=K        shard=1   x=[1x1x4096] + w=[2048x4096]  ->  y=[1x1x2048]  (T=1, K=1026)
  - op#02  op=V        shard=0   x=[1x1x4096] + w=[2048x4096]  ->  y=[1x1x2048]  (T=1, K=1026)
  - op#03  op=V        shard=1   x=[1x1x4096] + w=[2048x4096]  ->  y=[1x1x2048]  (T=1, K=1026)
  - op#04  op=FFN_W1   shard=0   x=[1x1x4096] + w=[5504x4096]  ->  y=[1x1x5504]  (T=1, K=1026)
  - op#05  op=FFN_W1   shard=1   x=[1x1x4096] + w=[5504x4096]  ->  y=[1x1x5504]  (T=1, K=1026)
[gpu-debug] per-op timing breakdown (avg over iters):
  idx  op       sh  io                                                    time   est_flops    TFLOPs       bytes      GB/s
  ------------------------------------------------------------------------------------------------------------------------
    0  K         0  x[1x1x4096]+w[2048x4096]->y[1x1x2048]               0.045ms    16.777 M      0.37   16.01 MiB    370.11
    1  K         1  x[1x1x4096]+w[2048x4096]->y[1x1x2048]               0.035ms    16.777 M      0.48   16.01 MiB    482.24
    2  V         0  x[1x1x4096]+w[2048x4096]->y[1x1x2048]               0.035ms    16.777 M      0.49   16.01 MiB    486.53
    3  V         1  x[1x1x4096]+w[2048x4096]->y[1x1x2048]               0.035ms    16.777 M      0.47   16.01 MiB    473.87
    4  FFN_W1    0  x[1x1x4096]+w[5504x4096]->y[1x1x5504]               0.049ms    45.089 M      0.92   43.02 MiB    923.50
    5  FFN_W1    1  x[1x1x4096]+w[5504x4096]->y[1x1x5504]               0.049ms    45.089 M      0.92   43.02 MiB    919.64
[gpu-debug] segment avg latency (cuda_events): 0.214 ms
[gpu-debug] sum(per-op)               : 0.248 ms (ratio=1.161)
[gpu-debug] NOTE: sum(per-op) may differ from segment latency due to Python overhead, event/launch overhead, and allocator/cache effects.
[gpu-debug] cuda mem before warmup: alloc=160.16 MiB reserved=174.00 MiB
[gpu-debug] cuda mem after warmup : alloc=160.16 MiB reserved=174.00 MiB
[gpu-debug] cuda mem peak (this segment): max_alloc=160.18 MiB max_reserved=174.00 MiB
========================================================================================
[gpu-debug] segment_key=npu|decode|1|53b50f83dccd7c11f40cc8bb818465c5
[gpu-debug] sig: device_type=npu phase=decode step=1 (count_hint=8)
[gpu-debug] ops_repr: K:0,Softmax:0,K:1,Softmax:1,V:1,V:0,FFN_W1:0,FFN_W1:1
[gpu-debug] cfg: device=cuda dtype=torch.bfloat16 batch=1 dim=4096 ffn_dim=11008 n_heads=32 shards=2
[gpu-debug] op plan (with inferred tensor shapes):
  - op#00  op=K        shard=0   x=[1x1x4096] + w=[2048x4096]  ->  y=[1x1x2048]  (T=1, K=1026)
  - op#01  op=Softmax  shard=0   scores=[1x16x1x1026]  ->  y=[1x16x1x1026]  (T=1, K=1026)
  - op#02  op=K        shard=1   x=[1x1x4096] + w=[2048x4096]  ->  y=[1x1x2048]  (T=1, K=1026)
  - op#03  op=Softmax  shard=1   scores=[1x16x1x1026]  ->  y=[1x16x1x1026]  (T=1, K=1026)
  - op#04  op=V        shard=1   x=[1x1x4096] + w=[2048x4096]  ->  y=[1x1x2048]  (T=1, K=1026)
  - op#05  op=V        shard=0   x=[1x1x4096] + w=[2048x4096]  ->  y=[1x1x2048]  (T=1, K=1026)
  - op#06  op=FFN_W1   shard=0   x=[1x1x4096] + w=[5504x4096]  ->  y=[1x1x5504]  (T=1, K=1026)
  - op#07  op=FFN_W1   shard=1   x=[1x1x4096] + w=[5504x4096]  ->  y=[1x1x5504]  (T=1, K=1026)
[gpu-debug] per-op timing breakdown (avg over iters):
  idx  op       sh  io                                                    time   est_flops    TFLOPs       bytes      GB/s
  ------------------------------------------------------------------------------------------------------------------------
    0  K         0  x[1x1x4096]+w[2048x4096]->y[1x1x2048]               0.045ms    16.777 M      0.37   16.01 MiB    370.11
    1  Softmax   0  scores[1x16x1x1026]->y[1x16x1x1026]                 0.023ms    82.080 K      0.00   64.12 KiB      2.85
    2  K         1  x[1x1x4096]+w[2048x4096]->y[1x1x2048]               0.035ms    16.777 M      0.48   16.01 MiB    482.24
    3  Softmax   1  scores[1x16x1x1026]->y[1x16x1x1026]                 0.020ms    82.080 K      0.00   64.12 KiB      3.26
    4  V         1  x[1x1x4096]+w[2048x4096]->y[1x1x2048]               0.035ms    16.777 M      0.48   16.01 MiB    476.63
    5  V         0  x[1x1x4096]+w[2048x4096]->y[1x1x2048]               0.035ms    16.777 M      0.48   16.01 MiB    479.42
    6  FFN_W1    0  x[1x1x4096]+w[5504x4096]->y[1x1x5504]               0.048ms    45.089 M      0.93   43.02 MiB    935.26
    7  FFN_W1    1  x[1x1x4096]+w[5504x4096]->y[1x1x5504]               0.049ms    45.089 M      0.93   43.02 MiB    929.34
[gpu-debug] segment avg latency (cuda_events): 0.248 ms
[gpu-debug] sum(per-op)               : 0.290 ms (ratio=1.173)
[gpu-debug] NOTE: sum(per-op) may differ from segment latency due to Python overhead, event/launch overhead, and allocator/cache effects.
[gpu-debug] cuda mem before warmup: alloc=160.16 MiB reserved=174.00 MiB
[gpu-debug] cuda mem after warmup : alloc=160.20 MiB reserved=174.00 MiB
[gpu-debug] cuda mem peak (this segment): max_alloc=160.23 MiB max_reserved=174.00 MiB
========================================================================================
[gpu-debug] segment_key=npu|decode|1|a2fd2e8a8a0dfc426e37ab6dbed62b76
[gpu-debug] sig: device_type=npu phase=decode step=1 (count_hint=9)
[gpu-debug] ops_repr: K:0,K:1,V:0,V:1,FFN_W1:1,FFN_W1:0
[gpu-debug] cfg: device=cuda dtype=torch.bfloat16 batch=1 dim=4096 ffn_dim=11008 n_heads=32 shards=2
[gpu-debug] op plan (with inferred tensor shapes):
  - op#00  op=K        shard=0   x=[1x1x4096] + w=[2048x4096]  ->  y=[1x1x2048]  (T=1, K=1026)
  - op#01  op=K        shard=1   x=[1x1x4096] + w=[2048x4096]  ->  y=[1x1x2048]  (T=1, K=1026)
  - op#02  op=V        shard=0   x=[1x1x4096] + w=[2048x4096]  ->  y=[1x1x2048]  (T=1, K=1026)
  - op#03  op=V        shard=1   x=[1x1x4096] + w=[2048x4096]  ->  y=[1x1x2048]  (T=1, K=1026)
  - op#04  op=FFN_W1   shard=1   x=[1x1x4096] + w=[5504x4096]  ->  y=[1x1x5504]  (T=1, K=1026)
  - op#05  op=FFN_W1   shard=0   x=[1x1x4096] + w=[5504x4096]  ->  y=[1x1x5504]  (T=1, K=1026)
[gpu-debug] per-op timing breakdown (avg over iters):
  idx  op       sh  io                                                    time   est_flops    TFLOPs       bytes      GB/s
  ------------------------------------------------------------------------------------------------------------------------
    0  K         0  x[1x1x4096]+w[2048x4096]->y[1x1x2048]               0.045ms    16.777 M      0.37   16.01 MiB    373.49
    1  K         1  x[1x1x4096]+w[2048x4096]->y[1x1x2048]               0.035ms    16.777 M      0.48   16.01 MiB    483.66
    2  V         0  x[1x1x4096]+w[2048x4096]->y[1x1x2048]               0.035ms    16.777 M      0.49   16.01 MiB    486.53
    3  V         1  x[1x1x4096]+w[2048x4096]->y[1x1x2048]               0.036ms    16.777 M      0.47   16.01 MiB    471.15
    4  FFN_W1    1  x[1x1x4096]+w[5504x4096]->y[1x1x5504]               0.049ms    45.089 M      0.93   43.02 MiB    929.34
    5  FFN_W1    0  x[1x1x4096]+w[5504x4096]->y[1x1x5504]               0.048ms    45.089 M      0.94   43.02 MiB    939.25
[gpu-debug] segment avg latency (cuda_events): 0.213 ms
[gpu-debug] sum(per-op)               : 0.246 ms (ratio=1.156)
[gpu-debug] NOTE: sum(per-op) may differ from segment latency due to Python overhead, event/launch overhead, and allocator/cache effects.
[gpu-debug] cuda mem before warmup: alloc=160.20 MiB reserved=174.00 MiB
[gpu-debug] cuda mem after warmup : alloc=160.20 MiB reserved=174.00 MiB
[gpu-debug] cuda mem peak (this segment): max_alloc=160.21 MiB max_reserved=174.00 MiB
========================================================================================
[gpu-debug] segment_key=npu|decode|1|f4647f7e226760ead16262a3e1ecedeb
[gpu-debug] sig: device_type=npu phase=decode step=1 (count_hint=9)
[gpu-debug] ops_repr: K:0,Softmax:0,K:1,Softmax:1,V:1,V:0,FFN_W1:1,FFN_W1:0
[gpu-debug] cfg: device=cuda dtype=torch.bfloat16 batch=1 dim=4096 ffn_dim=11008 n_heads=32 shards=2
[gpu-debug] op plan (with inferred tensor shapes):
  - op#00  op=K        shard=0   x=[1x1x4096] + w=[2048x4096]  ->  y=[1x1x2048]  (T=1, K=1026)
  - op#01  op=Softmax  shard=0   scores=[1x16x1x1026]  ->  y=[1x16x1x1026]  (T=1, K=1026)
  - op#02  op=K        shard=1   x=[1x1x4096] + w=[2048x4096]  ->  y=[1x1x2048]  (T=1, K=1026)
  - op#03  op=Softmax  shard=1   scores=[1x16x1x1026]  ->  y=[1x16x1x1026]  (T=1, K=1026)
  - op#04  op=V        shard=1   x=[1x1x4096] + w=[2048x4096]  ->  y=[1x1x2048]  (T=1, K=1026)
  - op#05  op=V        shard=0   x=[1x1x4096] + w=[2048x4096]  ->  y=[1x1x2048]  (T=1, K=1026)
  - op#06  op=FFN_W1   shard=1   x=[1x1x4096] + w=[5504x4096]  ->  y=[1x1x5504]  (T=1, K=1026)
  - op#07  op=FFN_W1   shard=0   x=[1x1x4096] + w=[5504x4096]  ->  y=[1x1x5504]  (T=1, K=1026)
[gpu-debug] per-op timing breakdown (avg over iters):
  idx  op       sh  io                                                    time   est_flops    TFLOPs       bytes      GB/s
  ------------------------------------------------------------------------------------------------------------------------
    0  K         0  x[1x1x4096]+w[2048x4096]->y[1x1x2048]               0.046ms    16.777 M      0.37   16.01 MiB    367.62
    1  Softmax   0  scores[1x16x1x1026]->y[1x16x1x1026]                 0.022ms    82.080 K      0.00   64.12 KiB      2.94
    2  K         1  x[1x1x4096]+w[2048x4096]->y[1x1x2048]               0.035ms    16.777 M      0.48   16.01 MiB    476.63
    3  Softmax   1  scores[1x16x1x1026]->y[1x16x1x1026]                 0.020ms    82.080 K      0.00   64.12 KiB      3.24
    4  V         1  x[1x1x4096]+w[2048x4096]->y[1x1x2048]               0.035ms    16.777 M      0.47   16.01 MiB    473.87
    5  V         0  x[1x1x4096]+w[2048x4096]->y[1x1x2048]               0.035ms    16.777 M      0.49   16.01 MiB    486.53
    6  FFN_W1    1  x[1x1x4096]+w[5504x4096]->y[1x1x5504]               0.048ms    45.089 M      0.93   43.02 MiB    931.31
    7  FFN_W1    0  x[1x1x4096]+w[5504x4096]->y[1x1x5504]               0.049ms    45.089 M      0.93   43.02 MiB    927.38
[gpu-debug] segment avg latency (cuda_events): 0.248 ms
[gpu-debug] sum(per-op)               : 0.291 ms (ratio=1.171)
[gpu-debug] NOTE: sum(per-op) may differ from segment latency due to Python overhead, event/launch overhead, and allocator/cache effects.
[gpu-debug] cuda mem before warmup: alloc=160.20 MiB reserved=174.00 MiB
[gpu-debug] cuda mem after warmup : alloc=160.20 MiB reserved=174.00 MiB
[gpu-debug] cuda mem peak (this segment): max_alloc=160.23 MiB max_reserved=174.00 MiB
========================================================================================
[gpu-debug] segment_key=npu|decode|2|07b5af7774bd3cd85539ab82091d9866
[gpu-debug] sig: device_type=npu phase=decode step=2 (count_hint=6)
[gpu-debug] ops_repr: K:0,K:1,V:0,V:1,FFN_W1:0,FFN_W1:1
[gpu-debug] cfg: device=cuda dtype=torch.bfloat16 batch=1 dim=4096 ffn_dim=11008 n_heads=32 shards=2
[gpu-debug] op plan (with inferred tensor shapes):
  - op#00  op=K        shard=0   x=[1x1x4096] + w=[2048x4096]  ->  y=[1x1x2048]  (T=1, K=1088)
  - op#01  op=K        shard=1   x=[1x1x4096] + w=[2048x4096]  ->  y=[1x1x2048]  (T=1, K=1088)
  - op#02  op=V        shard=0   x=[1x1x4096] + w=[2048x4096]  ->  y=[1x1x2048]  (T=1, K=1088)
  - op#03  op=V        shard=1   x=[1x1x4096] + w=[2048x4096]  ->  y=[1x1x2048]  (T=1, K=1088)
  - op#04  op=FFN_W1   shard=0   x=[1x1x4096] + w=[5504x4096]  ->  y=[1x1x5504]  (T=1, K=1088)
  - op#05  op=FFN_W1   shard=1   x=[1x1x4096] + w=[5504x4096]  ->  y=[1x1x5504]  (T=1, K=1088)
[gpu-debug] per-op timing breakdown (avg over iters):
  idx  op       sh  io                                                    time   est_flops    TFLOPs       bytes      GB/s
  ------------------------------------------------------------------------------------------------------------------------
    0  K         0  x[1x1x4096]+w[2048x4096]->y[1x1x2048]               0.045ms    16.777 M      0.37   16.01 MiB    371.79
    1  K         1  x[1x1x4096]+w[2048x4096]->y[1x1x2048]               0.035ms    16.777 M      0.48   16.01 MiB    483.66
    2  V         0  x[1x1x4096]+w[2048x4096]->y[1x1x2048]               0.035ms    16.777 M      0.49   16.01 MiB    486.53
    3  V         1  x[1x1x4096]+w[2048x4096]->y[1x1x2048]               0.035ms    16.777 M      0.47   16.01 MiB    475.25
    4  FFN_W1    0  x[1x1x4096]+w[5504x4096]->y[1x1x5504]               0.048ms    45.089 M      0.94   43.02 MiB    939.25
    5  FFN_W1    1  x[1x1x4096]+w[5504x4096]->y[1x1x5504]               0.049ms    45.089 M      0.92   43.02 MiB    923.50
[gpu-debug] segment avg latency (cuda_events): 0.213 ms
[gpu-debug] sum(per-op)               : 0.247 ms (ratio=1.156)
[gpu-debug] NOTE: sum(per-op) may differ from segment latency due to Python overhead, event/launch overhead, and allocator/cache effects.
[gpu-debug] cuda mem before warmup: alloc=160.20 MiB reserved=174.00 MiB
[gpu-debug] cuda mem after warmup : alloc=160.20 MiB reserved=174.00 MiB
[gpu-debug] cuda mem peak (this segment): max_alloc=160.21 MiB max_reserved=174.00 MiB
========================================================================================
[gpu-debug] segment_key=npu|decode|2|53b50f83dccd7c11f40cc8bb818465c5
[gpu-debug] sig: device_type=npu phase=decode step=2 (count_hint=8)
[gpu-debug] ops_repr: K:0,Softmax:0,K:1,Softmax:1,V:1,V:0,FFN_W1:0,FFN_W1:1
[gpu-debug] cfg: device=cuda dtype=torch.bfloat16 batch=1 dim=4096 ffn_dim=11008 n_heads=32 shards=2
[gpu-debug] op plan (with inferred tensor shapes):
  - op#00  op=K        shard=0   x=[1x1x4096] + w=[2048x4096]  ->  y=[1x1x2048]  (T=1, K=1088)
  - op#01  op=Softmax  shard=0   scores=[1x16x1x1088]  ->  y=[1x16x1x1088]  (T=1, K=1088)
  - op#02  op=K        shard=1   x=[1x1x4096] + w=[2048x4096]  ->  y=[1x1x2048]  (T=1, K=1088)
  - op#03  op=Softmax  shard=1   scores=[1x16x1x1088]  ->  y=[1x16x1x1088]  (T=1, K=1088)
  - op#04  op=V        shard=1   x=[1x1x4096] + w=[2048x4096]  ->  y=[1x1x2048]  (T=1, K=1088)
  - op#05  op=V        shard=0   x=[1x1x4096] + w=[2048x4096]  ->  y=[1x1x2048]  (T=1, K=1088)
  - op#06  op=FFN_W1   shard=0   x=[1x1x4096] + w=[5504x4096]  ->  y=[1x1x5504]  (T=1, K=1088)
  - op#07  op=FFN_W1   shard=1   x=[1x1x4096] + w=[5504x4096]  ->  y=[1x1x5504]  (T=1, K=1088)
[gpu-debug] per-op timing breakdown (avg over iters):
  idx  op       sh  io                                                    time   est_flops    TFLOPs       bytes      GB/s
  ------------------------------------------------------------------------------------------------------------------------
    0  K         0  x[1x1x4096]+w[2048x4096]->y[1x1x2048]               0.046ms    16.777 M      0.37   16.01 MiB    368.45
    1  Softmax   0  scores[1x16x1x1088]->y[1x16x1x1088]                 0.023ms    87.040 K      0.00   68.00 KiB      3.04
    2  K         1  x[1x1x4096]+w[2048x4096]->y[1x1x2048]               0.035ms    16.777 M      0.48   16.01 MiB    479.42
    3  Softmax   1  scores[1x16x1x1088]->y[1x16x1x1088]                 0.020ms    87.040 K      0.00   68.00 KiB      3.40
    4  V         1  x[1x1x4096]+w[2048x4096]->y[1x1x2048]               0.036ms    16.777 M      0.47   16.01 MiB    465.80
    5  V         0  x[1x1x4096]+w[2048x4096]->y[1x1x2048]               0.035ms    16.777 M      0.48   16.01 MiB    485.09
    6  FFN_W1    0  x[1x1x4096]+w[5504x4096]->y[1x1x5504]               0.048ms    45.089 M      0.93   43.02 MiB    931.31
    7  FFN_W1    1  x[1x1x4096]+w[5504x4096]->y[1x1x5504]               0.049ms    45.089 M      0.93   43.02 MiB    927.38
[gpu-debug] segment avg latency (cuda_events): 0.249 ms
[gpu-debug] sum(per-op)               : 0.292 ms (ratio=1.170)
[gpu-debug] NOTE: sum(per-op) may differ from segment latency due to Python overhead, event/launch overhead, and allocator/cache effects.
[gpu-debug] cuda mem before warmup: alloc=160.20 MiB reserved=174.00 MiB
[gpu-debug] cuda mem after warmup : alloc=160.23 MiB reserved=174.00 MiB
[gpu-debug] cuda mem peak (this segment): max_alloc=160.26 MiB max_reserved=174.00 MiB
========================================================================================
[gpu-debug] segment_key=npu|decode|2|a2fd2e8a8a0dfc426e37ab6dbed62b76
[gpu-debug] sig: device_type=npu phase=decode step=2 (count_hint=9)
[gpu-debug] ops_repr: K:0,K:1,V:0,V:1,FFN_W1:1,FFN_W1:0
[gpu-debug] cfg: device=cuda dtype=torch.bfloat16 batch=1 dim=4096 ffn_dim=11008 n_heads=32 shards=2
[gpu-debug] op plan (with inferred tensor shapes):
  - op#00  op=K        shard=0   x=[1x1x4096] + w=[2048x4096]  ->  y=[1x1x2048]  (T=1, K=1088)
  - op#01  op=K        shard=1   x=[1x1x4096] + w=[2048x4096]  ->  y=[1x1x2048]  (T=1, K=1088)
  - op#02  op=V        shard=0   x=[1x1x4096] + w=[2048x4096]  ->  y=[1x1x2048]  (T=1, K=1088)
  - op#03  op=V        shard=1   x=[1x1x4096] + w=[2048x4096]  ->  y=[1x1x2048]  (T=1, K=1088)
  - op#04  op=FFN_W1   shard=1   x=[1x1x4096] + w=[5504x4096]  ->  y=[1x1x5504]  (T=1, K=1088)
  - op#05  op=FFN_W1   shard=0   x=[1x1x4096] + w=[5504x4096]  ->  y=[1x1x5504]  (T=1, K=1088)
[gpu-debug] per-op timing breakdown (avg over iters):
  idx  op       sh  io                                                    time   est_flops    TFLOPs       bytes      GB/s
  ------------------------------------------------------------------------------------------------------------------------
    0  K         0  x[1x1x4096]+w[2048x4096]->y[1x1x2048]               0.045ms    16.777 M      0.37   16.01 MiB    370.11
    1  K         1  x[1x1x4096]+w[2048x4096]->y[1x1x2048]               0.035ms    16.777 M      0.48   16.01 MiB    483.66
    2  V         0  x[1x1x4096]+w[2048x4096]->y[1x1x2048]               0.035ms    16.777 M      0.48   16.01 MiB    482.24
    3  V         1  x[1x1x4096]+w[2048x4096]->y[1x1x2048]               0.036ms    16.777 M      0.47   16.01 MiB    471.15
    4  FFN_W1    1  x[1x1x4096]+w[5504x4096]->y[1x1x5504]               0.049ms    45.089 M      0.92   43.02 MiB    919.64
    5  FFN_W1    0  x[1x1x4096]+w[5504x4096]->y[1x1x5504]               0.048ms    45.089 M      0.94   43.02 MiB    943.27
[gpu-debug] segment avg latency (cuda_events): 0.213 ms
[gpu-debug] sum(per-op)               : 0.247 ms (ratio=1.161)
[gpu-debug] NOTE: sum(per-op) may differ from segment latency due to Python overhead, event/launch overhead, and allocator/cache effects.
[gpu-debug] cuda mem before warmup: alloc=160.23 MiB reserved=174.00 MiB
[gpu-debug] cuda mem after warmup : alloc=160.23 MiB reserved=174.00 MiB
[gpu-debug] cuda mem peak (this segment): max_alloc=160.24 MiB max_reserved=174.00 MiB
========================================================================================
[gpu-debug] segment_key=npu|decode|2|f4647f7e226760ead16262a3e1ecedeb
[gpu-debug] sig: device_type=npu phase=decode step=2 (count_hint=9)
[gpu-debug] ops_repr: K:0,Softmax:0,K:1,Softmax:1,V:1,V:0,FFN_W1:1,FFN_W1:0
[gpu-debug] cfg: device=cuda dtype=torch.bfloat16 batch=1 dim=4096 ffn_dim=11008 n_heads=32 shards=2
[gpu-debug] op plan (with inferred tensor shapes):
  - op#00  op=K        shard=0   x=[1x1x4096] + w=[2048x4096]  ->  y=[1x1x2048]  (T=1, K=1088)
  - op#01  op=Softmax  shard=0   scores=[1x16x1x1088]  ->  y=[1x16x1x1088]  (T=1, K=1088)
  - op#02  op=K        shard=1   x=[1x1x4096] + w=[2048x4096]  ->  y=[1x1x2048]  (T=1, K=1088)
  - op#03  op=Softmax  shard=1   scores=[1x16x1x1088]  ->  y=[1x16x1x1088]  (T=1, K=1088)
  - op#04  op=V        shard=1   x=[1x1x4096] + w=[2048x4096]  ->  y=[1x1x2048]  (T=1, K=1088)
  - op#05  op=V        shard=0   x=[1x1x4096] + w=[2048x4096]  ->  y=[1x1x2048]  (T=1, K=1088)
  - op#06  op=FFN_W1   shard=1   x=[1x1x4096] + w=[5504x4096]  ->  y=[1x1x5504]  (T=1, K=1088)
  - op#07  op=FFN_W1   shard=0   x=[1x1x4096] + w=[5504x4096]  ->  y=[1x1x5504]  (T=1, K=1088)
[gpu-debug] per-op timing breakdown (avg over iters):
  idx  op       sh  io                                                    time   est_flops    TFLOPs       bytes      GB/s
  ------------------------------------------------------------------------------------------------------------------------
    0  K         0  x[1x1x4096]+w[2048x4096]->y[1x1x2048]               0.046ms    16.777 M      0.36   16.01 MiB    365.17
    1  Softmax   0  scores[1x16x1x1088]->y[1x16x1x1088]                 0.023ms    87.040 K      0.00   68.00 KiB      3.04
    2  K         1  x[1x1x4096]+w[2048x4096]->y[1x1x2048]               0.036ms    16.777 M      0.47   16.01 MiB    472.51
    3  Softmax   1  scores[1x16x1x1088]->y[1x16x1x1088]                 0.021ms    87.040 K      0.00   68.00 KiB      3.37
    4  V         1  x[1x1x4096]+w[2048x4096]->y[1x1x2048]               0.036ms    16.777 M      0.47   16.01 MiB    469.80
    5  V         0  x[1x1x4096]+w[2048x4096]->y[1x1x2048]               0.034ms    16.777 M      0.49   16.01 MiB    487.98
    6  FFN_W1    1  x[1x1x4096]+w[5504x4096]->y[1x1x5504]               0.050ms    45.089 M      0.91   43.02 MiB    910.14
    7  FFN_W1    0  x[1x1x4096]+w[5504x4096]->y[1x1x5504]               0.048ms    45.089 M      0.93   43.02 MiB    933.28
[gpu-debug] segment avg latency (cuda_events): 0.248 ms
[gpu-debug] sum(per-op)               : 0.293 ms (ratio=1.181)
[gpu-debug] NOTE: sum(per-op) may differ from segment latency due to Python overhead, event/launch overhead, and allocator/cache effects.
[gpu-debug] cuda mem before warmup: alloc=160.23 MiB reserved=174.00 MiB
[gpu-debug] cuda mem after warmup : alloc=160.23 MiB reserved=174.00 MiB
[gpu-debug] cuda mem peak (this segment): max_alloc=160.26 MiB max_reserved=174.00 MiB
========================================================================================
[gpu-debug] segment_key=npu|prefill|-1|b23f571ac6567f9cb0d7430e037c9c7d
[gpu-debug] sig: device_type=npu phase=prefill step=-1 (count_hint=32)
[gpu-debug] ops_repr: LN:-1,K:0,K:1,V:0,V:1,QK:0,QK:1,Softmax:0,SV:0,Softmax:1,SV:1,LN:-1,FFN_W1:0,FFN_W1:1
[gpu-debug] cfg: device=cuda dtype=torch.bfloat16 batch=1 dim=4096 ffn_dim=11008 n_heads=32 shards=2
[gpu-debug] op plan (with inferred tensor shapes):
  - op#00  op=LN       shard=-1  x=[1x1024x4096] + w=[4096]  ->  y=[1x1024x4096]  (T=1024, K=1024)
  - op#01  op=K        shard=0   x=[1x1024x4096] + w=[2048x4096]  ->  y=[1x1024x2048]  (T=1024, K=1024)
  - op#02  op=K        shard=1   x=[1x1024x4096] + w=[2048x4096]  ->  y=[1x1024x2048]  (T=1024, K=1024)
  - op#03  op=V        shard=0   x=[1x1024x4096] + w=[2048x4096]  ->  y=[1x1024x2048]  (T=1024, K=1024)
  - op#04  op=V        shard=1   x=[1x1024x4096] + w=[2048x4096]  ->  y=[1x1024x2048]  (T=1024, K=1024)
  - op#05  op=QK       shard=0   q=[1x16x1024x128] + k=[1x16x128x1024]  ->  y=[1x16x1024x1024]  (T=1024, K=1024)
  - op#06  op=QK       shard=1   q=[1x16x1024x128] + k=[1x16x128x1024]  ->  y=[1x16x1024x1024]  (T=1024, K=1024)
  - op#07  op=Softmax  shard=0   scores=[1x16x1024x1024]  ->  y=[1x16x1024x1024]  (T=1024, K=1024)
  - op#08  op=SV       shard=0   p=[1x16x1024x1024] + v=[1x16x1024x128]  ->  y=[1x16x1024x128]  (T=1024, K=1024)
  - op#09  op=Softmax  shard=1   scores=[1x16x1024x1024]  ->  y=[1x16x1024x1024]  (T=1024, K=1024)
  - op#10  op=SV       shard=1   p=[1x16x1024x1024] + v=[1x16x1024x128]  ->  y=[1x16x1024x128]  (T=1024, K=1024)
  - op#11  op=LN       shard=-1  x=[1x1024x4096] + w=[4096]  ->  y=[1x1024x4096]  (T=1024, K=1024)
  - op#12  op=FFN_W1   shard=0   x=[1x1024x4096] + w=[5504x4096]  ->  y=[1x1024x5504]  (T=1024, K=1024)
  - op#13  op=FFN_W1   shard=1   x=[1x1024x4096] + w=[5504x4096]  ->  y=[1x1024x5504]  (T=1024, K=1024)
[gpu-debug] per-op timing breakdown (avg over iters):
  idx  op       sh  io                                                    time   est_flops    TFLOPs       bytes      GB/s
  ------------------------------------------------------------------------------------------------------------------------
    0  LN       -1  x[1x1024x4096]+w[4096]->y[1x1024x4096]              0.106ms    20.972 M      0.20   16.01 MiB    158.38
    1  K         0  x[1x1024x4096]+w[2048x4096]->y[1x1024x2048]         0.142ms    17.180 G    120.87   28.00 MiB    206.57
    2  K         1  x[1x1024x4096]+w[2048x4096]->y[1x1024x2048]         0.142ms    17.180 G    120.87   28.00 MiB    206.57
    3  V         0  x[1x1024x4096]+w[2048x4096]->y[1x1024x2048]         0.141ms    17.180 G    121.75   28.00 MiB    208.07
    4  V         1  x[1x1024x4096]+w[2048x4096]->y[1x1024x2048]         0.142ms    17.180 G    121.40   28.00 MiB    207.47
    5  QK        0  q[1x16x1024x128]+k[1x16x128x1024]->y[1x16x1...      0.131ms     4.295 G     32.90   40.00 MiB    321.25
    6  QK        1  q[1x16x1024x128]+k[1x16x128x1024]->y[1x16x1...      0.132ms     4.295 G     32.56   40.00 MiB    318.01
    7  Softmax   0  scores[1x16x1024x1024]->y[1x16x1024x1024]           0.086ms    83.886 M      0.98   64.00 MiB    780.19
    8  SV        0  p[1x16x1024x1024]+v[1x16x1024x128]->y[1x16x...      0.067ms     4.295 G     64.43   40.00 MiB    629.19
    9  Softmax   1  scores[1x16x1024x1024]->y[1x16x1024x1024]           0.078ms    83.886 M      1.08   64.00 MiB    865.73
   10  SV        1  p[1x16x1024x1024]+v[1x16x1024x128]->y[1x16x...      0.067ms     4.295 G     64.33   40.00 MiB    628.22
   11  LN       -1  x[1x1024x4096]+w[4096]->y[1x1024x4096]              0.099ms    20.972 M      0.21   16.01 MiB    169.34
   12  FFN_W1    0  x[1x1024x4096]+w[5504x4096]->y[1x1024x5504]         0.320ms    46.171 G    144.10   61.75 MiB    202.08
   13  FFN_W1    1  x[1x1024x4096]+w[5504x4096]->y[1x1024x5504]         0.320ms    46.171 G    144.19   61.75 MiB    202.21
[gpu-debug] segment avg latency (cuda_events): 1.951 ms
[gpu-debug] sum(per-op)               : 1.972 ms (ratio=1.011)
[gpu-debug] NOTE: sum(per-op) may differ from segment latency due to Python overhead, event/launch overhead, and allocator/cache effects.
[gpu-debug] cuda mem before warmup: alloc=160.23 MiB reserved=174.00 MiB
[gpu-debug] cuda mem after warmup : alloc=208.24 MiB reserved=290.00 MiB
[gpu-debug] cuda mem peak (this segment): max_alloc=272.24 MiB max_reserved=290.00 MiB
  progress 13/13
