[run-gpu] tasks=4 warmup=3 iters=10 device=cuda dtype=bf16 batch=1 segment_scope=layer
[run-gpu] extra weight_load_s=0.400513s (will be added in merge)
[run-gpu] GPU[0] NVIDIA A100-PCIE-40GB; SM=108, CC=8.0
[run-gpu] nvidia-smi -L: GPU 0: NVIDIA A100-PCIE-40GB (UUID: GPU-4cd2dd8b-d779-5b24-29b5-80b860f437dd)
[run-gpu] nvidia-smi query: NVIDIA A100-PCIE-40GB, GPU-4cd2dd8b-d779-5b24-29b5-80b860f437dd, 560.35.03, 40960
[run-gpu][debug] torch_default_dtype=torch.float32
[run-gpu][debug] torch.backends.cuda.matmul.allow_tf32=False
[run-gpu][debug] cudnn.enabled=True benchmark=False deterministic=False allow_tf32=True
[run-gpu][debug] nvidia-smi snapshot: 0, 0, 0, 4, 40960, 33, 34.37, 250.00
========================================================================================
[gpu-debug] segment_key=npu|decode|0|58672e7680bc9d88d790ef6aa34bd903
[gpu-debug] sig: device_type=npu phase=decode step=0 (count_hint=32)
[gpu-debug] ops_repr: Q:0,Q:1,K:0,K:1,V:0,V:1,O:0,O:1,FFN_W1:0,FFN_W3:0,FFN_W1:1,FFN_W3:1,FFN_W2:0,FFN_W2:1
[gpu-debug] cfg: device=cuda dtype=torch.bfloat16 batch=1 dim=4096 ffn_dim=11008 n_heads=32 shards=2
[gpu-debug] op plan (with inferred tensor shapes):
  - op#00  op=Q        shard=0   x=[1x1x4096] + w=[2048x4096]  ->  y=[1x1x2048]  (T=1, K=1025)
  - op#01  op=Q        shard=1   x=[1x1x4096] + w=[2048x4096]  ->  y=[1x1x2048]  (T=1, K=1025)
  - op#02  op=K        shard=0   x=[1x1x4096] + w=[2048x4096]  ->  y=[1x1x2048]  (T=1, K=1025)
  - op#03  op=K        shard=1   x=[1x1x4096] + w=[2048x4096]  ->  y=[1x1x2048]  (T=1, K=1025)
  - op#04  op=V        shard=0   x=[1x1x4096] + w=[2048x4096]  ->  y=[1x1x2048]  (T=1, K=1025)
  - op#05  op=V        shard=1   x=[1x1x4096] + w=[2048x4096]  ->  y=[1x1x2048]  (T=1, K=1025)
  - op#06  op=O        shard=0   x=[1x1x2048] + w=[4096x2048]  ->  y=[1x1x4096]  (T=1, K=1025)
  - op#07  op=O        shard=1   x=[1x1x2048] + w=[4096x2048]  ->  y=[1x1x4096]  (T=1, K=1025)
  - op#08  op=FFN_W1   shard=0   x=[1x1x4096] + w=[5504x4096]  ->  y=[1x1x5504]  (T=1, K=1025)
  - op#09  op=FFN_W3   shard=0   x=[1x1x4096] + w=[5504x4096]  ->  y=[1x1x5504]  (T=1, K=1025)
  - op#10  op=FFN_W1   shard=1   x=[1x1x4096] + w=[5504x4096]  ->  y=[1x1x5504]  (T=1, K=1025)
  - op#11  op=FFN_W3   shard=1   x=[1x1x4096] + w=[5504x4096]  ->  y=[1x1x5504]  (T=1, K=1025)
  - op#12  op=FFN_W2   shard=0   x=[1x1x5504] + w=[4096x5504]  ->  y=[1x1x4096]  (T=1, K=1025)
  - op#13  op=FFN_W2   shard=1   x=[1x1x5504] + w=[4096x5504]  ->  y=[1x1x4096]  (T=1, K=1025)
[gpu-debug] per-op timing breakdown (avg over iters):
  idx  op       sh  io                                                    time   est_flops    TFLOPs       bytes      GB/s
  ------------------------------------------------------------------------------------------------------------------------
    0  Q         0  x[1x1x4096]+w[2048x4096]->y[1x1x2048]               0.045ms    16.777 M      0.37   16.01 MiB    371.79
    1  Q         1  x[1x1x4096]+w[2048x4096]->y[1x1x2048]               0.033ms    16.777 M      0.51   16.01 MiB    506.05
    2  K         0  x[1x1x4096]+w[2048x4096]->y[1x1x2048]               0.033ms    16.777 M      0.52   16.01 MiB    515.60
    3  K         1  x[1x1x4096]+w[2048x4096]->y[1x1x2048]               0.034ms    16.777 M      0.50   16.01 MiB    498.36
    4  V         0  x[1x1x4096]+w[2048x4096]->y[1x1x2048]               0.033ms    16.777 M      0.51   16.01 MiB    513.98
    5  V         1  x[1x1x4096]+w[2048x4096]->y[1x1x2048]               0.034ms    16.777 M      0.49   16.01 MiB    495.35
    6  O         0  x[1x1x2048]+w[4096x2048]->y[1x1x4096]               0.027ms    16.777 M      0.62   16.01 MiB    623.42
    7  O         1  x[1x1x2048]+w[4096x2048]->y[1x1x4096]               0.028ms    16.777 M      0.60   16.01 MiB    602.79
    8  FFN_W1    0  x[1x1x4096]+w[5504x4096]->y[1x1x5504]               0.047ms    45.089 M      0.97   43.02 MiB    966.03
    9  FFN_W3    0  x[1x1x4096]+w[5504x4096]->y[1x1x5504]               0.047ms    45.089 M      0.96   43.02 MiB    961.81
   10  FFN_W1    1  x[1x1x4096]+w[5504x4096]->y[1x1x5504]               0.047ms    45.089 M      0.96   43.02 MiB    955.55
   11  FFN_W3    1  x[1x1x4096]+w[5504x4096]->y[1x1x5504]               0.047ms    45.089 M      0.96   43.02 MiB    963.91
   12  FFN_W2    0  x[1x1x5504]+w[4096x5504]->y[1x1x4096]               0.049ms    45.089 M      0.92   43.02 MiB    915.82
   13  FFN_W2    1  x[1x1x5504]+w[4096x5504]->y[1x1x4096]               0.049ms    45.089 M      0.91   43.02 MiB    913.92
[gpu-debug] segment avg latency (cuda_events): 0.488 ms
[gpu-debug] sum(per-op)               : 0.552 ms (ratio=1.132)
[gpu-debug] NOTE: sum(per-op) may differ from segment latency due to Python overhead, event/launch overhead, and allocator/cache effects.
[gpu-debug] cuda mem before warmup: alloc=0 B reserved=0 B
[gpu-debug] cuda mem after warmup : alloc=400.15 MiB reserved=414.00 MiB
[gpu-debug] cuda mem peak (this segment): max_alloc=400.16 MiB max_reserved=414.00 MiB
========================================================================================
[gpu-debug] segment_key=npu|decode|1|58672e7680bc9d88d790ef6aa34bd903
[gpu-debug] sig: device_type=npu phase=decode step=1 (count_hint=32)
[gpu-debug] ops_repr: Q:0,Q:1,K:0,K:1,V:0,V:1,O:0,O:1,FFN_W1:0,FFN_W3:0,FFN_W1:1,FFN_W3:1,FFN_W2:0,FFN_W2:1
[gpu-debug] cfg: device=cuda dtype=torch.bfloat16 batch=1 dim=4096 ffn_dim=11008 n_heads=32 shards=2
[gpu-debug] op plan (with inferred tensor shapes):
  - op#00  op=Q        shard=0   x=[1x1x4096] + w=[2048x4096]  ->  y=[1x1x2048]  (T=1, K=1026)
  - op#01  op=Q        shard=1   x=[1x1x4096] + w=[2048x4096]  ->  y=[1x1x2048]  (T=1, K=1026)
  - op#02  op=K        shard=0   x=[1x1x4096] + w=[2048x4096]  ->  y=[1x1x2048]  (T=1, K=1026)
  - op#03  op=K        shard=1   x=[1x1x4096] + w=[2048x4096]  ->  y=[1x1x2048]  (T=1, K=1026)
  - op#04  op=V        shard=0   x=[1x1x4096] + w=[2048x4096]  ->  y=[1x1x2048]  (T=1, K=1026)
  - op#05  op=V        shard=1   x=[1x1x4096] + w=[2048x4096]  ->  y=[1x1x2048]  (T=1, K=1026)
  - op#06  op=O        shard=0   x=[1x1x2048] + w=[4096x2048]  ->  y=[1x1x4096]  (T=1, K=1026)
  - op#07  op=O        shard=1   x=[1x1x2048] + w=[4096x2048]  ->  y=[1x1x4096]  (T=1, K=1026)
  - op#08  op=FFN_W1   shard=0   x=[1x1x4096] + w=[5504x4096]  ->  y=[1x1x5504]  (T=1, K=1026)
  - op#09  op=FFN_W3   shard=0   x=[1x1x4096] + w=[5504x4096]  ->  y=[1x1x5504]  (T=1, K=1026)
  - op#10  op=FFN_W1   shard=1   x=[1x1x4096] + w=[5504x4096]  ->  y=[1x1x5504]  (T=1, K=1026)
  - op#11  op=FFN_W3   shard=1   x=[1x1x4096] + w=[5504x4096]  ->  y=[1x1x5504]  (T=1, K=1026)
  - op#12  op=FFN_W2   shard=0   x=[1x1x5504] + w=[4096x5504]  ->  y=[1x1x4096]  (T=1, K=1026)
  - op#13  op=FFN_W2   shard=1   x=[1x1x5504] + w=[4096x5504]  ->  y=[1x1x4096]  (T=1, K=1026)
[gpu-debug] per-op timing breakdown (avg over iters):
  idx  op       sh  io                                                    time   est_flops    TFLOPs       bytes      GB/s
  ------------------------------------------------------------------------------------------------------------------------
    0  Q         0  x[1x1x4096]+w[2048x4096]->y[1x1x2048]               0.045ms    16.777 M      0.37   16.01 MiB    373.49
    1  Q         1  x[1x1x4096]+w[2048x4096]->y[1x1x2048]               0.033ms    16.777 M      0.51   16.01 MiB    506.05
    2  K         0  x[1x1x4096]+w[2048x4096]->y[1x1x2048]               0.033ms    16.777 M      0.51   16.01 MiB    507.62
    3  K         1  x[1x1x4096]+w[2048x4096]->y[1x1x2048]               0.034ms    16.777 M      0.50   16.01 MiB    496.85
    4  V         0  x[1x1x4096]+w[2048x4096]->y[1x1x2048]               0.032ms    16.777 M      0.52   16.01 MiB    517.22
    5  V         1  x[1x1x4096]+w[2048x4096]->y[1x1x2048]               0.033ms    16.777 M      0.50   16.01 MiB    504.49
    6  O         0  x[1x1x2048]+w[4096x2048]->y[1x1x4096]               0.027ms    16.777 M      0.63   16.01 MiB    625.80
    7  O         1  x[1x1x2048]+w[4096x2048]->y[1x1x4096]               0.028ms    16.777 M      0.60   16.01 MiB    600.59
    8  FFN_W1    0  x[1x1x4096]+w[5504x4096]->y[1x1x5504]               0.047ms    45.089 M      0.97   43.02 MiB    966.03
    9  FFN_W3    0  x[1x1x4096]+w[5504x4096]->y[1x1x5504]               0.047ms    45.089 M      0.97   43.02 MiB    966.03
   10  FFN_W1    1  x[1x1x4096]+w[5504x4096]->y[1x1x5504]               0.047ms    45.089 M      0.95   43.02 MiB    953.48
   11  FFN_W3    1  x[1x1x4096]+w[5504x4096]->y[1x1x5504]               0.046ms    45.089 M      0.97   43.02 MiB    970.28
   12  FFN_W2    0  x[1x1x5504]+w[4096x5504]->y[1x1x4096]               0.049ms    45.089 M      0.91   43.02 MiB    913.92
   13  FFN_W2    1  x[1x1x5504]+w[4096x5504]->y[1x1x4096]               0.049ms    45.089 M      0.92   43.02 MiB    919.64
[gpu-debug] segment avg latency (cuda_events): 0.486 ms
[gpu-debug] sum(per-op)               : 0.551 ms (ratio=1.134)
[gpu-debug] NOTE: sum(per-op) may differ from segment latency due to Python overhead, event/launch overhead, and allocator/cache effects.
[gpu-debug] cuda mem before warmup: alloc=400.15 MiB reserved=414.00 MiB
[gpu-debug] cuda mem after warmup : alloc=400.15 MiB reserved=414.00 MiB
[gpu-debug] cuda mem peak (this segment): max_alloc=400.16 MiB max_reserved=414.00 MiB
========================================================================================
[gpu-debug] segment_key=npu|decode|2|58672e7680bc9d88d790ef6aa34bd903
[gpu-debug] sig: device_type=npu phase=decode step=2 (count_hint=32)
[gpu-debug] ops_repr: Q:0,Q:1,K:0,K:1,V:0,V:1,O:0,O:1,FFN_W1:0,FFN_W3:0,FFN_W1:1,FFN_W3:1,FFN_W2:0,FFN_W2:1
[gpu-debug] cfg: device=cuda dtype=torch.bfloat16 batch=1 dim=4096 ffn_dim=11008 n_heads=32 shards=2
[gpu-debug] op plan (with inferred tensor shapes):
  - op#00  op=Q        shard=0   x=[1x1x4096] + w=[2048x4096]  ->  y=[1x1x2048]  (T=1, K=1088)
  - op#01  op=Q        shard=1   x=[1x1x4096] + w=[2048x4096]  ->  y=[1x1x2048]  (T=1, K=1088)
  - op#02  op=K        shard=0   x=[1x1x4096] + w=[2048x4096]  ->  y=[1x1x2048]  (T=1, K=1088)
  - op#03  op=K        shard=1   x=[1x1x4096] + w=[2048x4096]  ->  y=[1x1x2048]  (T=1, K=1088)
  - op#04  op=V        shard=0   x=[1x1x4096] + w=[2048x4096]  ->  y=[1x1x2048]  (T=1, K=1088)
  - op#05  op=V        shard=1   x=[1x1x4096] + w=[2048x4096]  ->  y=[1x1x2048]  (T=1, K=1088)
  - op#06  op=O        shard=0   x=[1x1x2048] + w=[4096x2048]  ->  y=[1x1x4096]  (T=1, K=1088)
  - op#07  op=O        shard=1   x=[1x1x2048] + w=[4096x2048]  ->  y=[1x1x4096]  (T=1, K=1088)
  - op#08  op=FFN_W1   shard=0   x=[1x1x4096] + w=[5504x4096]  ->  y=[1x1x5504]  (T=1, K=1088)
  - op#09  op=FFN_W3   shard=0   x=[1x1x4096] + w=[5504x4096]  ->  y=[1x1x5504]  (T=1, K=1088)
  - op#10  op=FFN_W1   shard=1   x=[1x1x4096] + w=[5504x4096]  ->  y=[1x1x5504]  (T=1, K=1088)
  - op#11  op=FFN_W3   shard=1   x=[1x1x4096] + w=[5504x4096]  ->  y=[1x1x5504]  (T=1, K=1088)
  - op#12  op=FFN_W2   shard=0   x=[1x1x5504] + w=[4096x5504]  ->  y=[1x1x4096]  (T=1, K=1088)
  - op#13  op=FFN_W2   shard=1   x=[1x1x5504] + w=[4096x5504]  ->  y=[1x1x4096]  (T=1, K=1088)
[gpu-debug] per-op timing breakdown (avg over iters):
  idx  op       sh  io                                                    time   est_flops    TFLOPs       bytes      GB/s
  ------------------------------------------------------------------------------------------------------------------------
    0  Q         0  x[1x1x4096]+w[2048x4096]->y[1x1x2048]               0.045ms    16.777 M      0.38   16.01 MiB    376.92
    1  Q         1  x[1x1x4096]+w[2048x4096]->y[1x1x2048]               0.033ms    16.777 M      0.51   16.01 MiB    512.38
    2  K         0  x[1x1x4096]+w[2048x4096]->y[1x1x2048]               0.033ms    16.777 M      0.51   16.01 MiB    507.62
    3  K         1  x[1x1x4096]+w[2048x4096]->y[1x1x2048]               0.034ms    16.777 M      0.50   16.01 MiB    498.36
    4  V         0  x[1x1x4096]+w[2048x4096]->y[1x1x2048]               0.033ms    16.777 M      0.51   16.01 MiB    510.78
    5  V         1  x[1x1x4096]+w[2048x4096]->y[1x1x2048]               0.034ms    16.777 M      0.50   16.01 MiB    499.88
    6  O         0  x[1x1x2048]+w[4096x2048]->y[1x1x4096]               0.027ms    16.777 M      0.62   16.01 MiB    621.06
    7  O         1  x[1x1x2048]+w[4096x2048]->y[1x1x4096]               0.028ms    16.777 M      0.61   16.01 MiB    607.26
    8  FFN_W1    0  x[1x1x4096]+w[5504x4096]->y[1x1x5504]               0.047ms    45.089 M      0.96   43.02 MiB    963.91
    9  FFN_W3    0  x[1x1x4096]+w[5504x4096]->y[1x1x5504]               0.047ms    45.089 M      0.96   43.02 MiB    961.81
   10  FFN_W1    1  x[1x1x4096]+w[5504x4096]->y[1x1x5504]               0.047ms    45.089 M      0.95   43.02 MiB    953.48
   11  FFN_W3    1  x[1x1x4096]+w[5504x4096]->y[1x1x5504]               0.046ms    45.089 M      0.97   43.02 MiB    972.42
   12  FFN_W2    0  x[1x1x5504]+w[4096x5504]->y[1x1x4096]               0.050ms    45.089 M      0.91   43.02 MiB    908.26
   13  FFN_W2    1  x[1x1x5504]+w[4096x5504]->y[1x1x4096]               0.049ms    45.089 M      0.91   43.02 MiB    913.92
[gpu-debug] segment avg latency (cuda_events): 0.485 ms
[gpu-debug] sum(per-op)               : 0.552 ms (ratio=1.138)
[gpu-debug] NOTE: sum(per-op) may differ from segment latency due to Python overhead, event/launch overhead, and allocator/cache effects.
[gpu-debug] cuda mem before warmup: alloc=400.15 MiB reserved=414.00 MiB
[gpu-debug] cuda mem after warmup : alloc=400.15 MiB reserved=414.00 MiB
[gpu-debug] cuda mem peak (this segment): max_alloc=400.16 MiB max_reserved=414.00 MiB
========================================================================================
[gpu-debug] segment_key=npu|prefill|-1|2a331687201a3abf6e73ab65b42cfdd2
[gpu-debug] sig: device_type=npu phase=prefill step=-1 (count_hint=32)
[gpu-debug] ops_repr: LN:-1,Q:0,Q:1,K:0,K:1,V:0,V:1,QK:0,QK:1,Softmax:0,Softmax:1,SV:0,SV:1,O:0,O:1,Add:-1,LN:-1,FFN_W1:0,FFN_W3:0,FFN_W1:1,FFN_W3:1,SwiGLU:1,FFN_W2:0,FFN_W2:1,Add:-1
[gpu-debug] cfg: device=cuda dtype=torch.bfloat16 batch=1 dim=4096 ffn_dim=11008 n_heads=32 shards=2
[gpu-debug] op plan (with inferred tensor shapes):
  - op#00  op=LN       shard=-1  x=[1x1024x4096] + w=[4096]  ->  y=[1x1024x4096]  (T=1024, K=1024)
  - op#01  op=Q        shard=0   x=[1x1024x4096] + w=[2048x4096]  ->  y=[1x1024x2048]  (T=1024, K=1024)
  - op#02  op=Q        shard=1   x=[1x1024x4096] + w=[2048x4096]  ->  y=[1x1024x2048]  (T=1024, K=1024)
  - op#03  op=K        shard=0   x=[1x1024x4096] + w=[2048x4096]  ->  y=[1x1024x2048]  (T=1024, K=1024)
  - op#04  op=K        shard=1   x=[1x1024x4096] + w=[2048x4096]  ->  y=[1x1024x2048]  (T=1024, K=1024)
  - op#05  op=V        shard=0   x=[1x1024x4096] + w=[2048x4096]  ->  y=[1x1024x2048]  (T=1024, K=1024)
  - op#06  op=V        shard=1   x=[1x1024x4096] + w=[2048x4096]  ->  y=[1x1024x2048]  (T=1024, K=1024)
  - op#07  op=QK       shard=0   q=[1x16x1024x128] + k=[1x16x128x1024]  ->  y=[1x16x1024x1024]  (T=1024, K=1024)
  - op#08  op=QK       shard=1   q=[1x16x1024x128] + k=[1x16x128x1024]  ->  y=[1x16x1024x1024]  (T=1024, K=1024)
  - op#09  op=Softmax  shard=0   scores=[1x16x1024x1024]  ->  y=[1x16x1024x1024]  (T=1024, K=1024)
  - op#10  op=Softmax  shard=1   scores=[1x16x1024x1024]  ->  y=[1x16x1024x1024]  (T=1024, K=1024)
  - op#11  op=SV       shard=0   p=[1x16x1024x1024] + v=[1x16x1024x128]  ->  y=[1x16x1024x128]  (T=1024, K=1024)
  - op#12  op=SV       shard=1   p=[1x16x1024x1024] + v=[1x16x1024x128]  ->  y=[1x16x1024x128]  (T=1024, K=1024)
  - op#13  op=O        shard=0   x=[1x1024x2048] + w=[4096x2048]  ->  y=[1x1024x4096]  (T=1024, K=1024)
  - op#14  op=O        shard=1   x=[1x1024x2048] + w=[4096x2048]  ->  y=[1x1024x4096]  (T=1024, K=1024)
  - op#15  op=Add      shard=-1  a=[1x1024x4096] + b=[1x1024x4096]  ->  y=[1x1024x4096]  (T=1024, K=1024)
  - op#16  op=LN       shard=-1  x=[1x1024x4096] + w=[4096]  ->  y=[1x1024x4096]  (T=1024, K=1024)
  - op#17  op=FFN_W1   shard=0   x=[1x1024x4096] + w=[5504x4096]  ->  y=[1x1024x5504]  (T=1024, K=1024)
  - op#18  op=FFN_W3   shard=0   x=[1x1024x4096] + w=[5504x4096]  ->  y=[1x1024x5504]  (T=1024, K=1024)
  - op#19  op=FFN_W1   shard=1   x=[1x1024x4096] + w=[5504x4096]  ->  y=[1x1024x5504]  (T=1024, K=1024)
  - op#20  op=FFN_W3   shard=1   x=[1x1024x4096] + w=[5504x4096]  ->  y=[1x1024x5504]  (T=1024, K=1024)
  - op#21  op=SwiGLU   shard=1   a=[1x1024x5504] + b=[1x1024x5504]  ->  y=[1x1024x5504]  (T=1024, K=1024)
  - op#22  op=FFN_W2   shard=0   x=[1x1024x5504] + w=[4096x5504]  ->  y=[1x1024x4096]  (T=1024, K=1024)
  - op#23  op=FFN_W2   shard=1   x=[1x1024x5504] + w=[4096x5504]  ->  y=[1x1024x4096]  (T=1024, K=1024)
  - op#24  op=Add      shard=-1  a=[1x1024x4096] + b=[1x1024x4096]  ->  y=[1x1024x4096]  (T=1024, K=1024)
[gpu-debug] per-op timing breakdown (avg over iters):
  idx  op       sh  io                                                    time   est_flops    TFLOPs       bytes      GB/s
  ------------------------------------------------------------------------------------------------------------------------
    0  LN       -1  x[1x1024x4096]+w[4096]->y[1x1024x4096]              0.118ms    20.972 M      0.18   16.01 MiB    142.66
    1  Q         0  x[1x1024x4096]+w[2048x4096]->y[1x1024x2048]         0.160ms    17.180 G    107.41   28.00 MiB    183.56
    2  Q         1  x[1x1024x4096]+w[2048x4096]->y[1x1024x2048]         0.159ms    17.180 G    108.17   28.00 MiB    184.86
    3  K         0  x[1x1024x4096]+w[2048x4096]->y[1x1024x2048]         0.159ms    17.180 G    107.75   28.00 MiB    184.15
    4  K         1  x[1x1024x4096]+w[2048x4096]->y[1x1024x2048]         0.159ms    17.180 G    107.89   28.00 MiB    184.39
    5  V         0  x[1x1024x4096]+w[2048x4096]->y[1x1024x2048]         0.159ms    17.180 G    108.03   28.00 MiB    184.62
    6  V         1  x[1x1024x4096]+w[2048x4096]->y[1x1024x2048]         0.158ms    17.180 G    108.45   28.00 MiB    185.34
    7  QK        0  q[1x16x1024x128]+k[1x16x128x1024]->y[1x16x1...      0.141ms     4.295 G     30.42   40.00 MiB    297.03
    8  QK        1  q[1x16x1024x128]+k[1x16x128x1024]->y[1x16x1...      0.142ms     4.295 G     30.17   40.00 MiB    294.68
    9  Softmax   0  scores[1x16x1024x1024]->y[1x16x1024x1024]           0.096ms    83.886 M      0.88   64.00 MiB    701.67
   10  Softmax   1  scores[1x16x1024x1024]->y[1x16x1024x1024]           0.092ms    83.886 M      0.91   64.00 MiB    729.80
   11  SV        0  p[1x16x1024x1024]+v[1x16x1024x128]->y[1x16x...      0.071ms     4.295 G     60.35   40.00 MiB    589.35
   12  SV        1  p[1x16x1024x1024]+v[1x16x1024x128]->y[1x16x...      0.066ms     4.295 G     64.93   40.00 MiB    634.06
   13  O         0  x[1x1024x2048]+w[4096x2048]->y[1x1024x4096]         0.194ms    17.180 G     88.39   28.00 MiB    151.06
   14  O         1  x[1x1024x2048]+w[4096x2048]->y[1x1024x4096]         0.193ms    17.180 G     88.82   28.00 MiB    151.78
   15  Add      -1  a[1x1024x4096]+b[1x1024x4096]->y[1x1024x4096]       0.019ms     4.194 M      0.22   24.00 MiB   1307.23
   16  LN       -1  x[1x1024x4096]+w[4096]->y[1x1024x4096]              0.109ms    20.972 M      0.19   16.01 MiB    153.92
   17  FFN_W1    0  x[1x1024x4096]+w[5504x4096]->y[1x1024x5504]         0.361ms    46.171 G    127.77   61.75 MiB    179.18
   18  FFN_W3    0  x[1x1024x4096]+w[5504x4096]->y[1x1024x5504]         0.361ms    46.171 G    127.77   61.75 MiB    179.18
   19  FFN_W1    1  x[1x1024x4096]+w[5504x4096]->y[1x1024x5504]         0.361ms    46.171 G    127.91   61.75 MiB    179.38
   20  FFN_W3    1  x[1x1024x4096]+w[5504x4096]->y[1x1024x5504]         0.361ms    46.171 G    127.80   61.75 MiB    179.23
   21  SwiGLU    1  a[1x1024x5504]+b[1x1024x5504]->y[1x1024x5504]       0.048ms    33.817 M      0.71   32.25 MiB    710.19
   22  FFN_W2    0  x[1x1024x5504]+w[4096x5504]->y[1x1024x4096]         0.475ms    46.171 G     97.26   61.75 MiB    136.39
   23  FFN_W2    1  x[1x1024x5504]+w[4096x5504]->y[1x1024x4096]         0.475ms    46.171 G     97.26   61.75 MiB    136.39
   24  Add      -1  a[1x1024x4096]+b[1x1024x4096]->y[1x1024x4096]       0.020ms     4.194 M      0.21   24.00 MiB   1273.37
[gpu-debug] segment avg latency (cuda_events): 4.556 ms
[gpu-debug] sum(per-op)               : 4.659 ms (ratio=1.023)
[gpu-debug] NOTE: sum(per-op) may differ from segment latency due to Python overhead, event/launch overhead, and allocator/cache effects.
[gpu-debug] cuda mem before warmup: alloc=400.15 MiB reserved=414.00 MiB
[gpu-debug] cuda mem after warmup : alloc=462.91 MiB reserved=574.00 MiB
[gpu-debug] cuda mem peak (this segment): max_alloc=526.91 MiB max_reserved=574.00 MiB
  progress 4/4
