[run-gpu] tasks=7 warmup=3 iters=10 device=cuda dtype=bf16 batch=1 segment_scope=layer
[run-gpu] extra weight_load_s=0.400513s (will be added in merge)
[run-gpu] GPU[0] NVIDIA A100-PCIE-40GB; SM=108, CC=8.0
[run-gpu] nvidia-smi -L: GPU 0: NVIDIA A100-PCIE-40GB (UUID: GPU-d9e583db-d970-f6cd-7563-aefa55d156db)
[run-gpu] nvidia-smi query: NVIDIA A100-PCIE-40GB, GPU-d9e583db-d970-f6cd-7563-aefa55d156db, 560.35.03, 40960
[run-gpu][debug] torch_default_dtype=torch.float32
[run-gpu][debug] torch.backends.cuda.matmul.allow_tf32=False
[run-gpu][debug] cudnn.enabled=True benchmark=False deterministic=False allow_tf32=True
[run-gpu][debug] nvidia-smi snapshot: 0, 0, 0, 4, 40960, 32, 34.54, 250.00
========================================================================================
[gpu-debug] segment_key=npu|decode|0|2a5538c8f9df4db4add3d84eaac8c78a
[gpu-debug] sig: device_type=npu phase=decode step=0 (count_hint=1)
[gpu-debug] ops_repr: LN:-1,Q:0,K:0,Q:1,K:1,QK:0,QK:1,Softmax:0,Softmax:1,O:0,Add:-1,FFN_W3:0,FFN_W3:1,SwiGLU:0,Add:-1
[gpu-debug] cfg: device=cuda dtype=torch.bfloat16 batch=1 dim=4096 ffn_dim=11008 n_heads=32 shards=2
[gpu-debug] op plan (with inferred tensor shapes):
  - op#00  op=LN       shard=-1  x=[1x1x4096] + w=[4096]  ->  y=[1x1x4096]  (T=1, K=1025)
  - op#01  op=Q        shard=0   x=[1x1x4096] + w=[2048x4096]  ->  y=[1x1x2048]  (T=1, K=1025)
  - op#02  op=K        shard=0   x=[1x1x4096] + w=[2048x4096]  ->  y=[1x1x2048]  (T=1, K=1025)
  - op#03  op=Q        shard=1   x=[1x1x4096] + w=[2048x4096]  ->  y=[1x1x2048]  (T=1, K=1025)
  - op#04  op=K        shard=1   x=[1x1x4096] + w=[2048x4096]  ->  y=[1x1x2048]  (T=1, K=1025)
  - op#05  op=QK       shard=0   q=[1x16x1x128] + k=[1x16x128x1025]  ->  y=[1x16x1x1025]  (T=1, K=1025)
  - op#06  op=QK       shard=1   q=[1x16x1x128] + k=[1x16x128x1025]  ->  y=[1x16x1x1025]  (T=1, K=1025)
  - op#07  op=Softmax  shard=0   scores=[1x16x1x1025]  ->  y=[1x16x1x1025]  (T=1, K=1025)
  - op#08  op=Softmax  shard=1   scores=[1x16x1x1025]  ->  y=[1x16x1x1025]  (T=1, K=1025)
  - op#09  op=O        shard=0   x=[1x1x2048] + w=[4096x2048]  ->  y=[1x1x4096]  (T=1, K=1025)
  - op#10  op=Add      shard=-1  a=[1x1x4096] + b=[1x1x4096]  ->  y=[1x1x4096]  (T=1, K=1025)
  - op#11  op=FFN_W3   shard=0   x=[1x1x4096] + w=[5504x4096]  ->  y=[1x1x5504]  (T=1, K=1025)
  - op#12  op=FFN_W3   shard=1   x=[1x1x4096] + w=[5504x4096]  ->  y=[1x1x5504]  (T=1, K=1025)
  - op#13  op=SwiGLU   shard=0   a=[1x1x5504] + b=[1x1x5504]  ->  y=[1x1x5504]  (T=1, K=1025)
  - op#14  op=Add      shard=-1  a=[1x1x4096] + b=[1x1x4096]  ->  y=[1x1x4096]  (T=1, K=1025)
[gpu-debug] per-op timing breakdown (avg over iters):
  idx  op       sh  io                                                    time   est_flops    TFLOPs       bytes      GB/s
  ------------------------------------------------------------------------------------------------------------------------
    0  LN       -1  x[1x1x4096]+w[4096]->y[1x1x4096]                    0.071ms    20.480 K      0.00   24.00 KiB      0.35
    1  Q         0  x[1x1x4096]+w[2048x4096]->y[1x1x2048]               0.052ms    16.777 M      0.32   16.01 MiB    324.67
    2  K         0  x[1x1x4096]+w[2048x4096]->y[1x1x2048]               0.033ms    16.777 M      0.50   16.01 MiB    504.49
    3  Q         1  x[1x1x4096]+w[2048x4096]->y[1x1x2048]               0.033ms    16.777 M      0.51   16.01 MiB    507.62
    4  K         1  x[1x1x4096]+w[2048x4096]->y[1x1x2048]               0.033ms    16.777 M      0.50   16.01 MiB    502.94
    5  QK        0  q[1x16x1x128]+k[1x16x128x1025]->y[1x16x1x1025]      0.024ms     4.198 M      0.17    4.04 MiB    174.52
    6  QK        1  q[1x16x1x128]+k[1x16x128x1025]->y[1x16x1x1025]      0.035ms     4.198 M      0.12    4.04 MiB    121.65
    7  Softmax   0  scores[1x16x1x1025]->y[1x16x1x1025]                 0.028ms    82.000 K      0.00   64.06 KiB      2.36
    8  Softmax   1  scores[1x16x1x1025]->y[1x16x1x1025]                 0.019ms    82.000 K      0.00   64.06 KiB      3.37
    9  O         0  x[1x1x2048]+w[4096x2048]->y[1x1x4096]               0.033ms    16.777 M      0.50   16.01 MiB    504.49
   10  Add      -1  a[1x1x4096]+b[1x1x4096]->y[1x1x4096]                0.010ms     4.096 K      0.00   24.00 KiB      2.42
   11  FFN_W3    0  x[1x1x4096]+w[5504x4096]->y[1x1x5504]               0.060ms    45.089 M      0.76   43.02 MiB    755.59
   12  FFN_W3    1  x[1x1x4096]+w[5504x4096]->y[1x1x5504]               0.048ms    45.089 M      0.94   43.02 MiB    943.27
   13  SwiGLU    0  a[1x1x5504]+b[1x1x5504]->y[1x1x5504]                0.016ms    33.024 K      0.00   32.25 KiB      2.09
   14  Add      -1  a[1x1x4096]+b[1x1x4096]->y[1x1x4096]                0.010ms     4.096 K      0.00   24.00 KiB      2.58
[gpu-debug] segment avg latency (cuda_events): 0.364 ms
[gpu-debug] sum(per-op)               : 0.505 ms (ratio=1.386)
[gpu-debug] NOTE: sum(per-op) may differ from segment latency due to Python overhead, event/launch overhead, and allocator/cache effects.
[gpu-debug] cuda mem before warmup: alloc=0 B reserved=0 B
[gpu-debug] cuda mem after warmup : alloc=180.19 MiB reserved=190.00 MiB
[gpu-debug] cuda mem peak (this segment): max_alloc=180.26 MiB max_reserved=190.00 MiB
========================================================================================
[gpu-debug] segment_key=npu|decode|0|671eabfb3c980b3de830460630434eeb
[gpu-debug] sig: device_type=npu phase=decode step=0 (count_hint=31)
[gpu-debug] ops_repr: Q:0,K:0,Q:1,K:1,QK:0,QK:1,Softmax:0,Softmax:1,O:0,Add:-1,FFN_W3:0,FFN_W3:1,SwiGLU:0,Add:-1
[gpu-debug] cfg: device=cuda dtype=torch.bfloat16 batch=1 dim=4096 ffn_dim=11008 n_heads=32 shards=2
[gpu-debug] op plan (with inferred tensor shapes):
  - op#00  op=Q        shard=0   x=[1x1x4096] + w=[2048x4096]  ->  y=[1x1x2048]  (T=1, K=1025)
  - op#01  op=K        shard=0   x=[1x1x4096] + w=[2048x4096]  ->  y=[1x1x2048]  (T=1, K=1025)
  - op#02  op=Q        shard=1   x=[1x1x4096] + w=[2048x4096]  ->  y=[1x1x2048]  (T=1, K=1025)
  - op#03  op=K        shard=1   x=[1x1x4096] + w=[2048x4096]  ->  y=[1x1x2048]  (T=1, K=1025)
  - op#04  op=QK       shard=0   q=[1x16x1x128] + k=[1x16x128x1025]  ->  y=[1x16x1x1025]  (T=1, K=1025)
  - op#05  op=QK       shard=1   q=[1x16x1x128] + k=[1x16x128x1025]  ->  y=[1x16x1x1025]  (T=1, K=1025)
  - op#06  op=Softmax  shard=0   scores=[1x16x1x1025]  ->  y=[1x16x1x1025]  (T=1, K=1025)
  - op#07  op=Softmax  shard=1   scores=[1x16x1x1025]  ->  y=[1x16x1x1025]  (T=1, K=1025)
  - op#08  op=O        shard=0   x=[1x1x2048] + w=[4096x2048]  ->  y=[1x1x4096]  (T=1, K=1025)
  - op#09  op=Add      shard=-1  a=[1x1x4096] + b=[1x1x4096]  ->  y=[1x1x4096]  (T=1, K=1025)
  - op#10  op=FFN_W3   shard=0   x=[1x1x4096] + w=[5504x4096]  ->  y=[1x1x5504]  (T=1, K=1025)
  - op#11  op=FFN_W3   shard=1   x=[1x1x4096] + w=[5504x4096]  ->  y=[1x1x5504]  (T=1, K=1025)
  - op#12  op=SwiGLU   shard=0   a=[1x1x5504] + b=[1x1x5504]  ->  y=[1x1x5504]  (T=1, K=1025)
  - op#13  op=Add      shard=-1  a=[1x1x4096] + b=[1x1x4096]  ->  y=[1x1x4096]  (T=1, K=1025)
[gpu-debug] per-op timing breakdown (avg over iters):
  idx  op       sh  io                                                    time   est_flops    TFLOPs       bytes      GB/s
  ------------------------------------------------------------------------------------------------------------------------
    0  Q         0  x[1x1x4096]+w[2048x4096]->y[1x1x2048]               0.047ms    16.777 M      0.36   16.01 MiB    357.21
    1  K         0  x[1x1x4096]+w[2048x4096]->y[1x1x2048]               0.034ms    16.777 M      0.50   16.01 MiB    498.36
    2  Q         1  x[1x1x4096]+w[2048x4096]->y[1x1x2048]               0.033ms    16.777 M      0.51   16.01 MiB    513.98
    3  K         1  x[1x1x4096]+w[2048x4096]->y[1x1x2048]               0.033ms    16.777 M      0.51   16.01 MiB    506.05
    4  QK        0  q[1x16x1x128]+k[1x16x128x1025]->y[1x16x1x1025]      0.023ms     4.198 M      0.18    4.04 MiB    184.64
    5  QK        1  q[1x16x1x128]+k[1x16x128x1025]->y[1x16x1x1025]      0.035ms     4.198 M      0.12    4.04 MiB    119.54
    6  Softmax   0  scores[1x16x1x1025]->y[1x16x1x1025]                 0.027ms    82.000 K      0.00   64.06 KiB      2.46
    7  Softmax   1  scores[1x16x1x1025]->y[1x16x1x1025]                 0.019ms    82.000 K      0.00   64.06 KiB      3.43
    8  O         0  x[1x1x2048]+w[4096x2048]->y[1x1x4096]               0.032ms    16.777 M      0.52   16.01 MiB    522.17
    9  Add      -1  a[1x1x4096]+b[1x1x4096]->y[1x1x4096]                0.010ms     4.096 K      0.00   24.00 KiB      2.55
   10  FFN_W3    0  x[1x1x4096]+w[5504x4096]->y[1x1x5504]               0.059ms    45.089 M      0.76   43.02 MiB    762.12
   11  FFN_W3    1  x[1x1x4096]+w[5504x4096]->y[1x1x5504]               0.047ms    45.089 M      0.95   43.02 MiB    951.42
   12  SwiGLU    0  a[1x1x5504]+b[1x1x5504]->y[1x1x5504]                0.016ms    33.024 K      0.00   32.25 KiB      2.09
   13  Add      -1  a[1x1x4096]+b[1x1x4096]->y[1x1x4096]                0.009ms     4.096 K      0.00   24.00 KiB      2.61
[gpu-debug] segment avg latency (cuda_events): 0.319 ms
[gpu-debug] sum(per-op)               : 0.424 ms (ratio=1.330)
[gpu-debug] NOTE: sum(per-op) may differ from segment latency due to Python overhead, event/launch overhead, and allocator/cache effects.
[gpu-debug] cuda mem before warmup: alloc=180.19 MiB reserved=190.00 MiB
[gpu-debug] cuda mem after warmup : alloc=180.19 MiB reserved=190.00 MiB
[gpu-debug] cuda mem peak (this segment): max_alloc=180.26 MiB max_reserved=190.00 MiB
========================================================================================
[gpu-debug] segment_key=npu|decode|1|306225b6c1ce23ab6c915712037d7ab7
[gpu-debug] sig: device_type=npu phase=decode step=1 (count_hint=1)
[gpu-debug] ops_repr: LN:-1,Q:0,K:0,Q:1,K:1,QK:0,QK:1,Softmax:0,Softmax:1,O:0,Add:-1,FFN_W3:0,SwiGLU:1,Add:-1
[gpu-debug] cfg: device=cuda dtype=torch.bfloat16 batch=1 dim=4096 ffn_dim=11008 n_heads=32 shards=2
[gpu-debug] op plan (with inferred tensor shapes):
  - op#00  op=LN       shard=-1  x=[1x1x4096] + w=[4096]  ->  y=[1x1x4096]  (T=1, K=1026)
  - op#01  op=Q        shard=0   x=[1x1x4096] + w=[2048x4096]  ->  y=[1x1x2048]  (T=1, K=1026)
  - op#02  op=K        shard=0   x=[1x1x4096] + w=[2048x4096]  ->  y=[1x1x2048]  (T=1, K=1026)
  - op#03  op=Q        shard=1   x=[1x1x4096] + w=[2048x4096]  ->  y=[1x1x2048]  (T=1, K=1026)
  - op#04  op=K        shard=1   x=[1x1x4096] + w=[2048x4096]  ->  y=[1x1x2048]  (T=1, K=1026)
  - op#05  op=QK       shard=0   q=[1x16x1x128] + k=[1x16x128x1026]  ->  y=[1x16x1x1026]  (T=1, K=1026)
  - op#06  op=QK       shard=1   q=[1x16x1x128] + k=[1x16x128x1026]  ->  y=[1x16x1x1026]  (T=1, K=1026)
  - op#07  op=Softmax  shard=0   scores=[1x16x1x1026]  ->  y=[1x16x1x1026]  (T=1, K=1026)
  - op#08  op=Softmax  shard=1   scores=[1x16x1x1026]  ->  y=[1x16x1x1026]  (T=1, K=1026)
  - op#09  op=O        shard=0   x=[1x1x2048] + w=[4096x2048]  ->  y=[1x1x4096]  (T=1, K=1026)
  - op#10  op=Add      shard=-1  a=[1x1x4096] + b=[1x1x4096]  ->  y=[1x1x4096]  (T=1, K=1026)
  - op#11  op=FFN_W3   shard=0   x=[1x1x4096] + w=[5504x4096]  ->  y=[1x1x5504]  (T=1, K=1026)
  - op#12  op=SwiGLU   shard=1   a=[1x1x5504] + b=[1x1x5504]  ->  y=[1x1x5504]  (T=1, K=1026)
  - op#13  op=Add      shard=-1  a=[1x1x4096] + b=[1x1x4096]  ->  y=[1x1x4096]  (T=1, K=1026)
[gpu-debug] per-op timing breakdown (avg over iters):
  idx  op       sh  io                                                    time   est_flops    TFLOPs       bytes      GB/s
  ------------------------------------------------------------------------------------------------------------------------
    0  LN       -1  x[1x1x4096]+w[4096]->y[1x1x4096]                    0.069ms    20.480 K      0.00   24.00 KiB      0.36
    1  Q         0  x[1x1x4096]+w[2048x4096]->y[1x1x2048]               0.051ms    16.777 M      0.33   16.01 MiB    327.27
    2  K         0  x[1x1x4096]+w[2048x4096]->y[1x1x2048]               0.033ms    16.777 M      0.51   16.01 MiB    510.78
    3  Q         1  x[1x1x4096]+w[2048x4096]->y[1x1x2048]               0.033ms    16.777 M      0.51   16.01 MiB    509.19
    4  K         1  x[1x1x4096]+w[2048x4096]->y[1x1x2048]               0.033ms    16.777 M      0.52   16.01 MiB    515.60
    5  QK        0  q[1x16x1x128]+k[1x16x128x1026]->y[1x16x1x1026]      0.022ms     4.202 M      0.19    4.04 MiB    189.91
    6  QK        1  q[1x16x1x128]+k[1x16x128x1026]->y[1x16x1x1026]      0.032ms     4.202 M      0.13    4.04 MiB    131.43
    7  Softmax   0  scores[1x16x1x1026]->y[1x16x1x1026]                 0.028ms    82.080 K      0.00   64.12 KiB      2.36
    8  Softmax   1  scores[1x16x1x1026]->y[1x16x1x1026]                 0.019ms    82.080 K      0.00   64.12 KiB      3.43
    9  O         0  x[1x1x2048]+w[4096x2048]->y[1x1x4096]               0.032ms    16.777 M      0.52   16.01 MiB    523.83
   10  Add      -1  a[1x1x4096]+b[1x1x4096]->y[1x1x4096]                0.010ms     4.096 K      0.00   24.00 KiB      2.55
   11  FFN_W3    0  x[1x1x4096]+w[5504x4096]->y[1x1x5504]               0.060ms    45.089 M      0.75   43.02 MiB    753.00
   12  SwiGLU    1  a[1x1x5504]+b[1x1x5504]->y[1x1x5504]                0.016ms    33.024 K      0.00   32.25 KiB      2.08
   13  Add      -1  a[1x1x4096]+b[1x1x4096]->y[1x1x4096]                0.009ms     4.096 K      0.00   24.00 KiB      2.64
[gpu-debug] segment avg latency (cuda_events): 0.316 ms
[gpu-debug] sum(per-op)               : 0.447 ms (ratio=1.415)
[gpu-debug] NOTE: sum(per-op) may differ from segment latency due to Python overhead, event/launch overhead, and allocator/cache effects.
[gpu-debug] cuda mem before warmup: alloc=180.19 MiB reserved=190.00 MiB
[gpu-debug] cuda mem after warmup : alloc=184.23 MiB reserved=190.00 MiB
[gpu-debug] cuda mem peak (this segment): max_alloc=184.30 MiB max_reserved=190.00 MiB
========================================================================================
[gpu-debug] segment_key=npu|decode|1|d06fca3464dd4b0d50891de375916443
[gpu-debug] sig: device_type=npu phase=decode step=1 (count_hint=31)
[gpu-debug] ops_repr: Q:0,K:0,Q:1,K:1,QK:0,QK:1,Softmax:0,Softmax:1,O:0,Add:-1,FFN_W3:0,SwiGLU:1,Add:-1
[gpu-debug] cfg: device=cuda dtype=torch.bfloat16 batch=1 dim=4096 ffn_dim=11008 n_heads=32 shards=2
[gpu-debug] op plan (with inferred tensor shapes):
  - op#00  op=Q        shard=0   x=[1x1x4096] + w=[2048x4096]  ->  y=[1x1x2048]  (T=1, K=1026)
  - op#01  op=K        shard=0   x=[1x1x4096] + w=[2048x4096]  ->  y=[1x1x2048]  (T=1, K=1026)
  - op#02  op=Q        shard=1   x=[1x1x4096] + w=[2048x4096]  ->  y=[1x1x2048]  (T=1, K=1026)
  - op#03  op=K        shard=1   x=[1x1x4096] + w=[2048x4096]  ->  y=[1x1x2048]  (T=1, K=1026)
  - op#04  op=QK       shard=0   q=[1x16x1x128] + k=[1x16x128x1026]  ->  y=[1x16x1x1026]  (T=1, K=1026)
  - op#05  op=QK       shard=1   q=[1x16x1x128] + k=[1x16x128x1026]  ->  y=[1x16x1x1026]  (T=1, K=1026)
  - op#06  op=Softmax  shard=0   scores=[1x16x1x1026]  ->  y=[1x16x1x1026]  (T=1, K=1026)
  - op#07  op=Softmax  shard=1   scores=[1x16x1x1026]  ->  y=[1x16x1x1026]  (T=1, K=1026)
  - op#08  op=O        shard=0   x=[1x1x2048] + w=[4096x2048]  ->  y=[1x1x4096]  (T=1, K=1026)
  - op#09  op=Add      shard=-1  a=[1x1x4096] + b=[1x1x4096]  ->  y=[1x1x4096]  (T=1, K=1026)
  - op#10  op=FFN_W3   shard=0   x=[1x1x4096] + w=[5504x4096]  ->  y=[1x1x5504]  (T=1, K=1026)
  - op#11  op=SwiGLU   shard=1   a=[1x1x5504] + b=[1x1x5504]  ->  y=[1x1x5504]  (T=1, K=1026)
  - op#12  op=Add      shard=-1  a=[1x1x4096] + b=[1x1x4096]  ->  y=[1x1x4096]  (T=1, K=1026)
[gpu-debug] per-op timing breakdown (avg over iters):
  idx  op       sh  io                                                    time   est_flops    TFLOPs       bytes      GB/s
  ------------------------------------------------------------------------------------------------------------------------
    0  Q         0  x[1x1x4096]+w[2048x4096]->y[1x1x2048]               0.047ms    16.777 M      0.36   16.01 MiB    356.43
    1  K         0  x[1x1x4096]+w[2048x4096]->y[1x1x2048]               0.034ms    16.777 M      0.49   16.01 MiB    492.37
    2  Q         1  x[1x1x4096]+w[2048x4096]->y[1x1x2048]               0.033ms    16.777 M      0.51   16.01 MiB    507.62
    3  K         1  x[1x1x4096]+w[2048x4096]->y[1x1x2048]               0.033ms    16.777 M      0.51   16.01 MiB    512.38
    4  QK        0  q[1x16x1x128]+k[1x16x128x1026]->y[1x16x1x1026]      0.023ms     4.202 M      0.19    4.04 MiB    188.18
    5  QK        1  q[1x16x1x128]+k[1x16x128x1026]->y[1x16x1x1026]      0.030ms     4.202 M      0.14    4.04 MiB    139.87
    6  Softmax   0  scores[1x16x1x1026]->y[1x16x1x1026]                 0.027ms    82.080 K      0.00   64.12 KiB      2.42
    7  Softmax   1  scores[1x16x1x1026]->y[1x16x1x1026]                 0.019ms    82.080 K      0.00   64.12 KiB      3.39
    8  O         0  x[1x1x2048]+w[4096x2048]->y[1x1x4096]               0.031ms    16.777 M      0.53   16.01 MiB    534.07
    9  Add      -1  a[1x1x4096]+b[1x1x4096]->y[1x1x4096]                0.010ms     4.096 K      0.00   24.00 KiB      2.45
   10  FFN_W3    0  x[1x1x4096]+w[5504x4096]->y[1x1x5504]               0.059ms    45.089 M      0.77   43.02 MiB    767.43
   11  SwiGLU    1  a[1x1x5504]+b[1x1x5504]->y[1x1x5504]                0.017ms    33.024 K      0.00   32.25 KiB      1.99
   12  Add      -1  a[1x1x4096]+b[1x1x4096]->y[1x1x4096]                0.009ms     4.096 K      0.00   24.00 KiB      2.61
[gpu-debug] segment avg latency (cuda_events): 0.273 ms
[gpu-debug] sum(per-op)               : 0.373 ms (ratio=1.364)
[gpu-debug] NOTE: sum(per-op) may differ from segment latency due to Python overhead, event/launch overhead, and allocator/cache effects.
[gpu-debug] cuda mem before warmup: alloc=184.23 MiB reserved=190.00 MiB
[gpu-debug] cuda mem after warmup : alloc=184.23 MiB reserved=190.00 MiB
[gpu-debug] cuda mem peak (this segment): max_alloc=184.30 MiB max_reserved=190.00 MiB
========================================================================================
[gpu-debug] segment_key=npu|decode|2|640d8d104afb310d48bef041f7a6f0e0
[gpu-debug] sig: device_type=npu phase=decode step=2 (count_hint=31)
[gpu-debug] ops_repr: Q:0,K:0,Q:1,K:1,QK:0,QK:1,Softmax:0,Softmax:1,O:0,Add:-1,FFN_W3:0,FFN_W2:1,Add:-1
[gpu-debug] cfg: device=cuda dtype=torch.bfloat16 batch=1 dim=4096 ffn_dim=11008 n_heads=32 shards=2
[gpu-debug] op plan (with inferred tensor shapes):
  - op#00  op=Q        shard=0   x=[1x1x4096] + w=[2048x4096]  ->  y=[1x1x2048]  (T=1, K=1088)
  - op#01  op=K        shard=0   x=[1x1x4096] + w=[2048x4096]  ->  y=[1x1x2048]  (T=1, K=1088)
  - op#02  op=Q        shard=1   x=[1x1x4096] + w=[2048x4096]  ->  y=[1x1x2048]  (T=1, K=1088)
  - op#03  op=K        shard=1   x=[1x1x4096] + w=[2048x4096]  ->  y=[1x1x2048]  (T=1, K=1088)
  - op#04  op=QK       shard=0   q=[1x16x1x128] + k=[1x16x128x1088]  ->  y=[1x16x1x1088]  (T=1, K=1088)
  - op#05  op=QK       shard=1   q=[1x16x1x128] + k=[1x16x128x1088]  ->  y=[1x16x1x1088]  (T=1, K=1088)
  - op#06  op=Softmax  shard=0   scores=[1x16x1x1088]  ->  y=[1x16x1x1088]  (T=1, K=1088)
  - op#07  op=Softmax  shard=1   scores=[1x16x1x1088]  ->  y=[1x16x1x1088]  (T=1, K=1088)
  - op#08  op=O        shard=0   x=[1x1x2048] + w=[4096x2048]  ->  y=[1x1x4096]  (T=1, K=1088)
  - op#09  op=Add      shard=-1  a=[1x1x4096] + b=[1x1x4096]  ->  y=[1x1x4096]  (T=1, K=1088)
  - op#10  op=FFN_W3   shard=0   x=[1x1x4096] + w=[5504x4096]  ->  y=[1x1x5504]  (T=1, K=1088)
  - op#11  op=FFN_W2   shard=1   x=[1x1x5504] + w=[4096x5504]  ->  y=[1x1x4096]  (T=1, K=1088)
  - op#12  op=Add      shard=-1  a=[1x1x4096] + b=[1x1x4096]  ->  y=[1x1x4096]  (T=1, K=1088)
[gpu-debug] per-op timing breakdown (avg over iters):
  idx  op       sh  io                                                    time   est_flops    TFLOPs       bytes      GB/s
  ------------------------------------------------------------------------------------------------------------------------
    0  Q         0  x[1x1x4096]+w[2048x4096]->y[1x1x2048]               0.045ms    16.777 M      0.37   16.01 MiB    370.95
    1  K         0  x[1x1x4096]+w[2048x4096]->y[1x1x2048]               0.033ms    16.777 M      0.51   16.01 MiB    506.05
    2  Q         1  x[1x1x4096]+w[2048x4096]->y[1x1x2048]               0.033ms    16.777 M      0.51   16.01 MiB    510.78
    3  K         1  x[1x1x4096]+w[2048x4096]->y[1x1x2048]               0.033ms    16.777 M      0.51   16.01 MiB    512.38
    4  QK        0  q[1x16x1x128]+k[1x16x128x1088]->y[1x16x1x1088]      0.025ms     4.456 M      0.18    4.29 MiB    177.02
    5  QK        1  q[1x16x1x128]+k[1x16x128x1088]->y[1x16x1x1088]      0.037ms     4.456 M      0.12    4.29 MiB    119.95
    6  Softmax   0  scores[1x16x1x1088]->y[1x16x1x1088]                 0.028ms    87.040 K      0.00   68.00 KiB      2.52
    7  Softmax   1  scores[1x16x1x1088]->y[1x16x1x1088]                 0.019ms    87.040 K      0.00   68.00 KiB      3.58
    8  O         0  x[1x1x2048]+w[4096x2048]->y[1x1x4096]               0.032ms    16.777 M      0.53   16.01 MiB    528.90
    9  Add      -1  a[1x1x4096]+b[1x1x4096]->y[1x1x4096]                0.010ms     4.096 K      0.00   24.00 KiB      2.50
   10  FFN_W3    0  x[1x1x4096]+w[5504x4096]->y[1x1x5504]               0.058ms    45.089 M      0.77   43.02 MiB    771.47
   11  FFN_W2    1  x[1x1x5504]+w[4096x5504]->y[1x1x4096]               0.051ms    45.089 M      0.89   43.02 MiB    886.33
   12  Add      -1  a[1x1x4096]+b[1x1x4096]->y[1x1x4096]                0.009ms     4.096 K      0.00   24.00 KiB      2.70
[gpu-debug] segment avg latency (cuda_events): 0.315 ms
[gpu-debug] sum(per-op)               : 0.414 ms (ratio=1.315)
[gpu-debug] NOTE: sum(per-op) may differ from segment latency due to Python overhead, event/launch overhead, and allocator/cache effects.
[gpu-debug] cuda mem before warmup: alloc=184.23 MiB reserved=190.00 MiB
[gpu-debug] cuda mem after warmup : alloc=232.52 MiB reserved=254.00 MiB
[gpu-debug] cuda mem peak (this segment): max_alloc=232.58 MiB max_reserved=254.00 MiB
========================================================================================
[gpu-debug] segment_key=npu|decode|2|b9bb60d957286896489e50322b6f73a4
[gpu-debug] sig: device_type=npu phase=decode step=2 (count_hint=1)
[gpu-debug] ops_repr: LN:-1,Q:0,K:0,Q:1,K:1,QK:0,QK:1,Softmax:0,Softmax:1,O:0,Add:-1,FFN_W3:0,FFN_W2:1,Add:-1
[gpu-debug] cfg: device=cuda dtype=torch.bfloat16 batch=1 dim=4096 ffn_dim=11008 n_heads=32 shards=2
[gpu-debug] op plan (with inferred tensor shapes):
  - op#00  op=LN       shard=-1  x=[1x1x4096] + w=[4096]  ->  y=[1x1x4096]  (T=1, K=1088)
  - op#01  op=Q        shard=0   x=[1x1x4096] + w=[2048x4096]  ->  y=[1x1x2048]  (T=1, K=1088)
  - op#02  op=K        shard=0   x=[1x1x4096] + w=[2048x4096]  ->  y=[1x1x2048]  (T=1, K=1088)
  - op#03  op=Q        shard=1   x=[1x1x4096] + w=[2048x4096]  ->  y=[1x1x2048]  (T=1, K=1088)
  - op#04  op=K        shard=1   x=[1x1x4096] + w=[2048x4096]  ->  y=[1x1x2048]  (T=1, K=1088)
  - op#05  op=QK       shard=0   q=[1x16x1x128] + k=[1x16x128x1088]  ->  y=[1x16x1x1088]  (T=1, K=1088)
  - op#06  op=QK       shard=1   q=[1x16x1x128] + k=[1x16x128x1088]  ->  y=[1x16x1x1088]  (T=1, K=1088)
  - op#07  op=Softmax  shard=0   scores=[1x16x1x1088]  ->  y=[1x16x1x1088]  (T=1, K=1088)
  - op#08  op=Softmax  shard=1   scores=[1x16x1x1088]  ->  y=[1x16x1x1088]  (T=1, K=1088)
  - op#09  op=O        shard=0   x=[1x1x2048] + w=[4096x2048]  ->  y=[1x1x4096]  (T=1, K=1088)
  - op#10  op=Add      shard=-1  a=[1x1x4096] + b=[1x1x4096]  ->  y=[1x1x4096]  (T=1, K=1088)
  - op#11  op=FFN_W3   shard=0   x=[1x1x4096] + w=[5504x4096]  ->  y=[1x1x5504]  (T=1, K=1088)
  - op#12  op=FFN_W2   shard=1   x=[1x1x5504] + w=[4096x5504]  ->  y=[1x1x4096]  (T=1, K=1088)
  - op#13  op=Add      shard=-1  a=[1x1x4096] + b=[1x1x4096]  ->  y=[1x1x4096]  (T=1, K=1088)
[gpu-debug] per-op timing breakdown (avg over iters):
  idx  op       sh  io                                                    time   est_flops    TFLOPs       bytes      GB/s
  ------------------------------------------------------------------------------------------------------------------------
    0  LN       -1  x[1x1x4096]+w[4096]->y[1x1x4096]                    0.070ms    20.480 K      0.00   24.00 KiB      0.35
    1  Q         0  x[1x1x4096]+w[2048x4096]->y[1x1x2048]               0.050ms    16.777 M      0.33   16.01 MiB    333.25
    2  K         0  x[1x1x4096]+w[2048x4096]->y[1x1x2048]               0.033ms    16.777 M      0.51   16.01 MiB    507.62
    3  Q         1  x[1x1x4096]+w[2048x4096]->y[1x1x2048]               0.033ms    16.777 M      0.51   16.01 MiB    509.19
    4  K         1  x[1x1x4096]+w[2048x4096]->y[1x1x2048]               0.033ms    16.777 M      0.51   16.01 MiB    507.62
    5  QK        0  q[1x16x1x128]+k[1x16x128x1088]->y[1x16x1x1088]      0.025ms     4.456 M      0.18    4.29 MiB    179.18
    6  QK        1  q[1x16x1x128]+k[1x16x128x1088]->y[1x16x1x1088]      0.037ms     4.456 M      0.12    4.29 MiB    120.60
    7  Softmax   0  scores[1x16x1x1088]->y[1x16x1x1088]                 0.029ms    87.040 K      0.00   68.00 KiB      2.42
    8  Softmax   1  scores[1x16x1x1088]->y[1x16x1x1088]                 0.020ms    87.040 K      0.00   68.00 KiB      3.56
    9  O         0  x[1x1x2048]+w[4096x2048]->y[1x1x4096]               0.031ms    16.777 M      0.54   16.01 MiB    539.34
   10  Add      -1  a[1x1x4096]+b[1x1x4096]->y[1x1x4096]                0.011ms     4.096 K      0.00   24.00 KiB      2.33
   11  FFN_W3    0  x[1x1x4096]+w[5504x4096]->y[1x1x5504]               0.059ms    45.089 M      0.77   43.02 MiB    766.10
   12  FFN_W2    1  x[1x1x5504]+w[4096x5504]->y[1x1x4096]               0.051ms    45.089 M      0.89   43.02 MiB    891.72
   13  Add      -1  a[1x1x4096]+b[1x1x4096]->y[1x1x4096]                0.009ms     4.096 K      0.00   24.00 KiB      2.61
[gpu-debug] segment avg latency (cuda_events): 0.355 ms
[gpu-debug] sum(per-op)               : 0.490 ms (ratio=1.381)
[gpu-debug] NOTE: sum(per-op) may differ from segment latency due to Python overhead, event/launch overhead, and allocator/cache effects.
[gpu-debug] cuda mem before warmup: alloc=232.52 MiB reserved=254.00 MiB
[gpu-debug] cuda mem after warmup : alloc=232.52 MiB reserved=254.00 MiB
[gpu-debug] cuda mem peak (this segment): max_alloc=232.58 MiB max_reserved=254.00 MiB
========================================================================================
[gpu-debug] segment_key=npu|prefill|-1|7f370cc7d97df3530a56c775d62964d4
[gpu-debug] sig: device_type=npu phase=prefill step=-1 (count_hint=32)
[gpu-debug] ops_repr: LN:-1,Q:0,K:0,V:0,Q:1,K:1,V:1,QK:0,QK:1,Softmax:0,Softmax:1,SV:0,SV:1,O:0,O:1,Add:-1,LN:-1,FFN_W1:0,FFN_W3:0,FFN_W1:1,FFN_W3:1,SwiGLU:0,SwiGLU:1,FFN_W2:0,FFN_W2:1,Add:-1
[gpu-debug] cfg: device=cuda dtype=torch.bfloat16 batch=1 dim=4096 ffn_dim=11008 n_heads=32 shards=2
[gpu-debug] op plan (with inferred tensor shapes):
  - op#00  op=LN       shard=-1  x=[1x1024x4096] + w=[4096]  ->  y=[1x1024x4096]  (T=1024, K=1024)
  - op#01  op=Q        shard=0   x=[1x1024x4096] + w=[2048x4096]  ->  y=[1x1024x2048]  (T=1024, K=1024)
  - op#02  op=K        shard=0   x=[1x1024x4096] + w=[2048x4096]  ->  y=[1x1024x2048]  (T=1024, K=1024)
  - op#03  op=V        shard=0   x=[1x1024x4096] + w=[2048x4096]  ->  y=[1x1024x2048]  (T=1024, K=1024)
  - op#04  op=Q        shard=1   x=[1x1024x4096] + w=[2048x4096]  ->  y=[1x1024x2048]  (T=1024, K=1024)
  - op#05  op=K        shard=1   x=[1x1024x4096] + w=[2048x4096]  ->  y=[1x1024x2048]  (T=1024, K=1024)
  - op#06  op=V        shard=1   x=[1x1024x4096] + w=[2048x4096]  ->  y=[1x1024x2048]  (T=1024, K=1024)
  - op#07  op=QK       shard=0   q=[1x16x1024x128] + k=[1x16x128x1024]  ->  y=[1x16x1024x1024]  (T=1024, K=1024)
  - op#08  op=QK       shard=1   q=[1x16x1024x128] + k=[1x16x128x1024]  ->  y=[1x16x1024x1024]  (T=1024, K=1024)
  - op#09  op=Softmax  shard=0   scores=[1x16x1024x1024]  ->  y=[1x16x1024x1024]  (T=1024, K=1024)
  - op#10  op=Softmax  shard=1   scores=[1x16x1024x1024]  ->  y=[1x16x1024x1024]  (T=1024, K=1024)
  - op#11  op=SV       shard=0   p=[1x16x1024x1024] + v=[1x16x1024x128]  ->  y=[1x16x1024x128]  (T=1024, K=1024)
  - op#12  op=SV       shard=1   p=[1x16x1024x1024] + v=[1x16x1024x128]  ->  y=[1x16x1024x128]  (T=1024, K=1024)
  - op#13  op=O        shard=0   x=[1x1024x2048] + w=[4096x2048]  ->  y=[1x1024x4096]  (T=1024, K=1024)
  - op#14  op=O        shard=1   x=[1x1024x2048] + w=[4096x2048]  ->  y=[1x1024x4096]  (T=1024, K=1024)
  - op#15  op=Add      shard=-1  a=[1x1024x4096] + b=[1x1024x4096]  ->  y=[1x1024x4096]  (T=1024, K=1024)
  - op#16  op=LN       shard=-1  x=[1x1024x4096] + w=[4096]  ->  y=[1x1024x4096]  (T=1024, K=1024)
  - op#17  op=FFN_W1   shard=0   x=[1x1024x4096] + w=[5504x4096]  ->  y=[1x1024x5504]  (T=1024, K=1024)
  - op#18  op=FFN_W3   shard=0   x=[1x1024x4096] + w=[5504x4096]  ->  y=[1x1024x5504]  (T=1024, K=1024)
  - op#19  op=FFN_W1   shard=1   x=[1x1024x4096] + w=[5504x4096]  ->  y=[1x1024x5504]  (T=1024, K=1024)
  - op#20  op=FFN_W3   shard=1   x=[1x1024x4096] + w=[5504x4096]  ->  y=[1x1024x5504]  (T=1024, K=1024)
  - op#21  op=SwiGLU   shard=0   a=[1x1024x5504] + b=[1x1024x5504]  ->  y=[1x1024x5504]  (T=1024, K=1024)
  - op#22  op=SwiGLU   shard=1   a=[1x1024x5504] + b=[1x1024x5504]  ->  y=[1x1024x5504]  (T=1024, K=1024)
  - op#23  op=FFN_W2   shard=0   x=[1x1024x5504] + w=[4096x5504]  ->  y=[1x1024x4096]  (T=1024, K=1024)
  - op#24  op=FFN_W2   shard=1   x=[1x1024x5504] + w=[4096x5504]  ->  y=[1x1024x4096]  (T=1024, K=1024)
  - op#25  op=Add      shard=-1  a=[1x1024x4096] + b=[1x1024x4096]  ->  y=[1x1024x4096]  (T=1024, K=1024)
[gpu-debug] per-op timing breakdown (avg over iters):
  idx  op       sh  io                                                    time   est_flops    TFLOPs       bytes      GB/s
  ------------------------------------------------------------------------------------------------------------------------
    0  LN       -1  x[1x1024x4096]+w[4096]->y[1x1024x4096]              0.102ms    20.972 M      0.21   16.01 MiB    164.25
    1  Q         0  x[1x1024x4096]+w[2048x4096]->y[1x1024x2048]         0.132ms    17.180 G    129.75   28.00 MiB    221.75
    2  K         0  x[1x1024x4096]+w[2048x4096]->y[1x1024x2048]         0.128ms    17.180 G    134.33   28.00 MiB    229.56
    3  V         0  x[1x1024x4096]+w[2048x4096]->y[1x1024x2048]         0.125ms    17.180 G    136.96   28.00 MiB    234.06
    4  Q         1  x[1x1024x4096]+w[2048x4096]->y[1x1024x2048]         0.126ms    17.180 G    136.85   28.00 MiB    233.87
    5  K         1  x[1x1024x4096]+w[2048x4096]->y[1x1024x2048]         0.126ms    17.180 G    136.62   28.00 MiB    233.49
    6  V         1  x[1x1024x4096]+w[2048x4096]->y[1x1024x2048]         0.126ms    17.180 G    136.18   28.00 MiB    232.73
    7  QK        0  q[1x16x1024x128]+k[1x16x128x1024]->y[1x16x1...      0.122ms     4.295 G     35.28   40.00 MiB    344.49
    8  QK        1  q[1x16x1024x128]+k[1x16x128x1024]->y[1x16x1...      0.124ms     4.295 G     34.66   40.00 MiB    338.51
    9  Softmax   0  scores[1x16x1024x1024]->y[1x16x1024x1024]           0.081ms    83.886 M      1.03   64.00 MiB    825.39
   10  Softmax   1  scores[1x16x1024x1024]->y[1x16x1024x1024]           0.078ms    83.886 M      1.07   64.00 MiB    856.68
   11  SV        0  p[1x16x1024x1024]+v[1x16x1024x128]->y[1x16x...      0.063ms     4.295 G     68.09   40.00 MiB    664.94
   12  SV        1  p[1x16x1024x1024]+v[1x16x1024x128]->y[1x16x...      0.058ms     4.295 G     73.46   40.00 MiB    717.34
   13  O         0  x[1x1024x2048]+w[4096x2048]->y[1x1024x4096]         0.153ms    17.180 G    112.30   28.00 MiB    191.91
   14  O         1  x[1x1024x2048]+w[4096x2048]->y[1x1024x4096]         0.152ms    17.180 G    112.67   28.00 MiB    192.56
   15  Add      -1  a[1x1024x4096]+b[1x1024x4096]->y[1x1024x4096]       0.015ms     4.194 M      0.27   24.00 MiB   1649.40
   16  LN       -1  x[1x1024x4096]+w[4096]->y[1x1024x4096]              0.085ms    20.972 M      0.25   16.01 MiB    198.21
   17  FFN_W1    0  x[1x1024x4096]+w[5504x4096]->y[1x1024x5504]         0.284ms    46.171 G    162.72   61.75 MiB    228.19
   18  FFN_W3    0  x[1x1024x4096]+w[5504x4096]->y[1x1024x5504]         0.283ms    46.171 G    162.95   61.75 MiB    228.52
   19  FFN_W1    1  x[1x1024x4096]+w[5504x4096]->y[1x1024x5504]         0.284ms    46.171 G    162.42   61.75 MiB    227.78
   20  FFN_W3    1  x[1x1024x4096]+w[5504x4096]->y[1x1024x5504]         0.283ms    46.171 G    162.95   61.75 MiB    228.52
   21  SwiGLU    0  a[1x1024x5504]+b[1x1024x5504]->y[1x1024x5504]       0.037ms    33.817 M      0.91   32.25 MiB    909.75
   22  SwiGLU    1  a[1x1024x5504]+b[1x1024x5504]->y[1x1024x5504]       0.038ms    33.817 M      0.88   32.25 MiB    882.99
   23  FFN_W2    0  x[1x1024x5504]+w[4096x5504]->y[1x1024x4096]         0.372ms    46.171 G    124.18   61.75 MiB    174.14
   24  FFN_W2    1  x[1x1024x5504]+w[4096x5504]->y[1x1024x4096]         0.372ms    46.171 G    124.18   61.75 MiB    174.14
   25  Add      -1  a[1x1024x4096]+b[1x1024x4096]->y[1x1024x4096]       0.017ms     4.194 M      0.25   24.00 MiB   1489.45
[gpu-debug] segment avg latency (cuda_events): 4.840 ms
[gpu-debug] sum(per-op)               : 3.768 ms (ratio=0.779)
[gpu-debug] NOTE: sum(per-op) may differ from segment latency due to Python overhead, event/launch overhead, and allocator/cache effects.
[gpu-debug] cuda mem before warmup: alloc=232.52 MiB reserved=254.00 MiB
[gpu-debug] cuda mem after warmup : alloc=475.27 MiB reserved=582.00 MiB
[gpu-debug] cuda mem peak (this segment): max_alloc=539.27 MiB max_reserved=582.00 MiB
  progress 7/7
