W MEM 0 1 11
W MEM 0 5 11
W MEM 1 1 11
W MEM 1 5 11
W MEM 2 1 11
W MEM 2 5 11
W MEM 3 1 11
W MEM 3 5 11
W MEM 4 1 11
W MEM 4 5 11
W MEM 5 1 11
W MEM 5 5 11
W MEM 6 1 11
W MEM 6 5 11
W MEM 7 1 11
W MEM 7 5 11
W MEM 8 1 11
W MEM 8 5 11
W MEM 9 1 11
W MEM 9 5 11
W MEM 10 1 11
W MEM 10 5 11
W MEM 11 1 11
W MEM 11 5 11
W MEM 12 1 11
W MEM 12 5 11
W MEM 13 1 11
W MEM 13 5 11
W MEM 14 1 11
W MEM 14 5 11
W MEM 15 1 11
W MEM 15 5 11
W MEM 16 1 11
W MEM 16 5 11
W MEM 17 1 11
W MEM 17 5 11
W MEM 18 1 11
W MEM 18 5 11
W MEM 19 1 11
W MEM 19 5 11
W MEM 20 1 11
W MEM 20 5 11
W MEM 21 1 11
W MEM 21 5 11
W MEM 22 1 11
W MEM 22 5 11
W MEM 23 1 11
W MEM 23 5 11
W MEM 24 1 11
W MEM 24 5 11
W MEM 25 1 11
W MEM 25 5 11
W MEM 26 1 11
W MEM 26 5 11
W MEM 27 1 11
W MEM 27 5 11
W MEM 28 1 11
W MEM 28 5 11
W MEM 29 1 11
W MEM 29 5 11
W MEM 30 1 11
W MEM 30 5 11
W MEM 31 1 11
W MEM 31 5 11
W MEM 0 1 11
W MEM 0 5 11
W MEM 1 1 11
W MEM 1 5 11
W MEM 2 1 11
W MEM 2 5 11
W MEM 3 1 11
W MEM 3 5 11
W MEM 4 1 11
W MEM 4 5 11
W MEM 5 1 11
W MEM 5 5 11
W MEM 6 1 11
W MEM 6 5 11
W MEM 7 1 11
W MEM 7 5 11
W MEM 8 1 11
W MEM 8 5 11
W MEM 9 1 11
W MEM 9 5 11
W MEM 10 1 11
W MEM 10 5 11
W MEM 11 1 11
W MEM 11 5 11
W MEM 12 1 11
W MEM 12 5 11
W MEM 13 1 11
W MEM 13 5 11
W MEM 14 1 11
W MEM 14 5 11
W MEM 15 1 11
W MEM 15 5 11
W MEM 16 1 11
W MEM 16 5 11
W MEM 17 1 11
W MEM 17 5 11
W MEM 18 1 11
W MEM 18 5 11
W MEM 19 1 11
W MEM 19 5 11
W MEM 20 1 11
W MEM 20 5 11
W MEM 21 1 11
W MEM 21 5 11
W MEM 22 1 11
W MEM 22 5 11
W MEM 23 1 11
W MEM 23 5 11
W MEM 24 1 11
W MEM 24 5 11
W MEM 25 1 11
W MEM 25 5 11
W MEM 26 1 11
W MEM 26 5 11
W MEM 27 1 11
W MEM 27 5 11
W MEM 28 1 11
W MEM 28 5 11
W MEM 29 1 11
W MEM 29 5 11
W MEM 30 1 11
W MEM 30 5 11
W MEM 31 1 11
W MEM 31 5 11
W MEM 0 1 11
W MEM 0 5 11
W MEM 1 1 11
W MEM 1 5 11
W MEM 2 1 11
W MEM 2 5 11
W MEM 3 1 11
W MEM 3 5 11
W MEM 4 1 11
W MEM 4 5 11
W MEM 5 1 11
W MEM 5 5 11
W MEM 6 1 11
W MEM 6 5 11
W MEM 7 1 11
W MEM 7 5 11
W MEM 8 1 11
W MEM 8 5 11
W MEM 9 1 11
W MEM 9 5 11
W MEM 10 1 11
W MEM 10 5 11
W MEM 11 1 11
W MEM 11 5 11
W MEM 12 1 11
W MEM 12 5 11
W MEM 13 1 11
W MEM 13 5 11
W MEM 14 1 11
W MEM 14 5 11
W MEM 15 1 11
W MEM 15 5 11
W MEM 16 1 11
W MEM 16 5 11
W MEM 17 1 11
W MEM 17 5 11
W MEM 18 1 11
W MEM 18 5 11
W MEM 19 1 11
W MEM 19 5 11
W MEM 20 1 11
W MEM 20 5 11
W MEM 21 1 11
W MEM 21 5 11
W MEM 22 1 11
W MEM 22 5 11
W MEM 23 1 11
W MEM 23 5 11
W MEM 24 1 11
W MEM 24 5 11
W MEM 25 1 11
W MEM 25 5 11
W MEM 26 1 11
W MEM 26 5 11
W MEM 27 1 11
W MEM 27 5 11
W MEM 28 1 11
W MEM 28 5 11
W MEM 29 1 11
W MEM 29 5 11
W MEM 30 1 11
W MEM 30 5 11
W MEM 31 1 11
W MEM 31 5 11
W MEM 0 1 11
W MEM 0 5 11
W MEM 1 1 11
W MEM 1 5 11
W MEM 2 1 11
W MEM 2 5 11
W MEM 3 1 11
W MEM 3 5 11
W MEM 4 1 11
W MEM 4 5 11
W MEM 5 1 11
W MEM 5 5 11
W MEM 6 1 11
W MEM 6 5 11
W MEM 7 1 11
W MEM 7 5 11
W MEM 8 1 11
W MEM 8 5 11
W MEM 9 1 11
W MEM 9 5 11
W MEM 10 1 11
W MEM 10 5 11
W MEM 11 1 11
W MEM 11 5 11
W MEM 12 1 11
W MEM 12 5 11
W MEM 13 1 11
W MEM 13 5 11
W MEM 14 1 11
W MEM 14 5 11
W MEM 15 1 11
W MEM 15 5 11
W MEM 16 1 11
W MEM 16 5 11
W MEM 17 1 11
W MEM 17 5 11
W MEM 18 1 11
W MEM 18 5 11
W MEM 19 1 11
W MEM 19 5 11
W MEM 20 1 11
W MEM 20 5 11
W MEM 21 1 11
W MEM 21 5 11
W MEM 22 1 11
W MEM 22 5 11
W MEM 23 1 11
W MEM 23 5 11
W MEM 24 1 11
W MEM 24 5 11
W MEM 25 1 11
W MEM 25 5 11
W MEM 26 1 11
W MEM 26 5 11
W MEM 27 1 11
W MEM 27 5 11
W MEM 28 1 11
W MEM 28 5 11
W MEM 29 1 11
W MEM 29 5 11
W MEM 30 1 11
W MEM 30 5 11
W MEM 31 1 11
W MEM 31 5 11
W MEM 0 1 11
W MEM 0 5 11
W MEM 1 1 11
W MEM 1 5 11
W MEM 2 1 11
W MEM 2 5 11
W MEM 3 1 11
W MEM 3 5 11
W MEM 4 1 11
W MEM 4 5 11
W MEM 5 1 11
W MEM 5 5 11
W MEM 6 1 11
W MEM 6 5 11
W MEM 7 1 11
W MEM 7 5 11
W MEM 8 1 11
W MEM 8 5 11
W MEM 9 1 11
W MEM 9 5 11
W MEM 10 1 11
W MEM 10 5 11
W MEM 11 1 11
W MEM 11 5 11
W MEM 12 1 11
W MEM 12 5 11
W MEM 13 1 11
W MEM 13 5 11
W MEM 14 1 11
W MEM 14 5 11
W MEM 15 1 11
W MEM 15 5 11
W MEM 16 1 11
W MEM 16 5 11
W MEM 17 1 11
W MEM 17 5 11
W MEM 18 1 11
W MEM 18 5 11
W MEM 19 1 11
W MEM 19 5 11
W MEM 20 1 11
W MEM 20 5 11
W MEM 21 1 11
W MEM 21 5 11
W MEM 22 1 11
W MEM 22 5 11
W MEM 23 1 11
W MEM 23 5 11
W MEM 24 1 11
W MEM 24 5 11
W MEM 25 1 11
W MEM 25 5 11
W MEM 26 1 11
W MEM 26 5 11
W MEM 27 1 11
W MEM 27 5 11
W MEM 28 1 11
W MEM 28 5 11
W MEM 29 1 11
W MEM 29 5 11
W MEM 30 1 11
W MEM 30 5 11
W MEM 31 1 11
W MEM 31 5 11
W MEM 0 1 11
W MEM 0 5 11
W MEM 1 1 11
W MEM 1 5 11
W MEM 2 1 11
W MEM 2 5 11
W MEM 3 1 11
W MEM 3 5 11
W MEM 4 1 11
W MEM 4 5 11
W MEM 5 1 11
W MEM 5 5 11
W MEM 6 1 11
W MEM 6 5 11
W MEM 7 1 11
W MEM 7 5 11
W MEM 8 1 11
W MEM 8 5 11
W MEM 9 1 11
W MEM 9 5 11
W MEM 10 1 11
W MEM 10 5 11
W MEM 11 1 11
W MEM 11 5 11
W MEM 12 1 11
W MEM 12 5 11
W MEM 13 1 11
W MEM 13 5 11
W MEM 14 1 11
W MEM 14 5 11
W MEM 15 1 11
W MEM 15 5 11
W MEM 16 1 11
W MEM 16 5 11
W MEM 17 1 11
W MEM 17 5 11
W MEM 18 1 11
W MEM 18 5 11
W MEM 19 1 11
W MEM 19 5 11
W MEM 20 1 11
W MEM 20 5 11
W MEM 21 1 11
W MEM 21 5 11
W MEM 22 1 11
W MEM 22 5 11
W MEM 23 1 11
W MEM 23 5 11
W MEM 24 1 11
W MEM 24 5 11
W MEM 25 1 11
W MEM 25 5 11
W MEM 26 1 11
W MEM 26 5 11
W MEM 27 1 11
W MEM 27 5 11
W MEM 28 1 11
W MEM 28 5 11
W MEM 29 1 11
W MEM 29 5 11
W MEM 30 1 11
W MEM 30 5 11
W MEM 31 1 11
W MEM 31 5 11
W MEM 0 1 11
W MEM 0 5 11
W MEM 1 1 11
W MEM 1 5 11
W MEM 2 1 11
W MEM 2 5 11
W MEM 3 1 11
W MEM 3 5 11
W MEM 4 1 11
W MEM 4 5 11
W MEM 5 1 11
W MEM 5 5 11
W MEM 6 1 11
W MEM 6 5 11
W MEM 7 1 11
W MEM 7 5 11
W MEM 8 1 11
W MEM 8 5 11
W MEM 9 1 11
W MEM 9 5 11
W MEM 10 1 11
W MEM 10 5 11
W MEM 11 1 11
W MEM 11 5 11
W MEM 12 1 11
W MEM 12 5 11
W MEM 13 1 11
W MEM 13 5 11
W MEM 14 1 11
W MEM 14 5 11
W MEM 15 1 11
W MEM 15 5 11
W MEM 16 1 11
W MEM 16 5 11
W MEM 17 1 11
W MEM 17 5 11
W MEM 18 1 11
W MEM 18 5 11
W MEM 19 1 11
W MEM 19 5 11
W MEM 20 1 11
W MEM 20 5 11
W MEM 21 1 11
W MEM 21 5 11
W MEM 22 1 11
W MEM 22 5 11
W MEM 23 1 11
W MEM 23 5 11
W MEM 24 1 11
W MEM 24 5 11
W MEM 25 1 11
W MEM 25 5 11
W MEM 26 1 11
W MEM 26 5 11
W MEM 27 1 11
W MEM 27 5 11
W MEM 28 1 11
W MEM 28 5 11
W MEM 29 1 11
W MEM 29 5 11
W MEM 30 1 11
W MEM 30 5 11
W MEM 31 1 11
W MEM 31 5 11
W MEM 0 1 11
W MEM 0 5 11
W MEM 1 1 11
W MEM 1 5 11
W MEM 2 1 11
W MEM 2 5 11
W MEM 3 1 11
W MEM 3 5 11
W MEM 4 1 11
W MEM 4 5 11
W MEM 5 1 11
W MEM 5 5 11
W MEM 6 1 11
W MEM 6 5 11
W MEM 7 1 11
W MEM 7 5 11
W MEM 8 1 11
W MEM 8 5 11
W MEM 9 1 11
W MEM 9 5 11
W MEM 10 1 11
W MEM 10 5 11
W MEM 11 1 11
W MEM 11 5 11
W MEM 12 1 11
W MEM 12 5 11
W MEM 13 1 11
W MEM 13 5 11
W MEM 14 1 11
W MEM 14 5 11
W MEM 15 1 11
W MEM 15 5 11
W MEM 16 1 11
W MEM 16 5 11
W MEM 17 1 11
W MEM 17 5 11
W MEM 18 1 11
W MEM 18 5 11
W MEM 19 1 11
W MEM 19 5 11
W MEM 20 1 11
W MEM 20 5 11
W MEM 21 1 11
W MEM 21 5 11
W MEM 22 1 11
W MEM 22 5 11
W MEM 23 1 11
W MEM 23 5 11
W MEM 24 1 11
W MEM 24 5 11
W MEM 25 1 11
W MEM 25 5 11
W MEM 26 1 11
W MEM 26 5 11
W MEM 27 1 11
W MEM 27 5 11
W MEM 28 1 11
W MEM 28 5 11
W MEM 29 1 11
W MEM 29 5 11
W MEM 30 1 11
W MEM 30 5 11
W MEM 31 1 11
W MEM 31 5 11
AiM EWMUL 1.0 0xffffffff 11
W MEM 0 1 12
W MEM 0 5 12
W MEM 1 1 12
W MEM 1 5 12
W MEM 2 1 12
W MEM 2 5 12
W MEM 3 1 12
W MEM 3 5 12
W MEM 4 1 12
W MEM 4 5 12
W MEM 5 1 12
W MEM 5 5 12
W MEM 6 1 12
W MEM 6 5 12
W MEM 7 1 12
W MEM 7 5 12
W MEM 8 1 12
W MEM 8 5 12
W MEM 9 1 12
W MEM 9 5 12
W MEM 10 1 12
W MEM 10 5 12
W MEM 11 1 12
W MEM 11 5 12
W MEM 12 1 12
W MEM 12 5 12
W MEM 13 1 12
W MEM 13 5 12
W MEM 14 1 12
W MEM 14 5 12
W MEM 15 1 12
W MEM 15 5 12
W MEM 16 1 12
W MEM 16 5 12
W MEM 17 1 12
W MEM 17 5 12
W MEM 18 1 12
W MEM 18 5 12
W MEM 19 1 12
W MEM 19 5 12
W MEM 20 1 12
W MEM 20 5 12
W MEM 21 1 12
W MEM 21 5 12
W MEM 22 1 12
W MEM 22 5 12
W MEM 23 1 12
W MEM 23 5 12
W MEM 24 1 12
W MEM 24 5 12
W MEM 25 1 12
W MEM 25 5 12
W MEM 26 1 12
W MEM 26 5 12
W MEM 27 1 12
W MEM 27 5 12
W MEM 28 1 12
W MEM 28 5 12
W MEM 29 1 12
W MEM 29 5 12
W MEM 30 1 12
W MEM 30 5 12
W MEM 31 1 12
W MEM 31 5 12
W MEM 0 1 12
W MEM 0 5 12
W MEM 1 1 12
W MEM 1 5 12
W MEM 2 1 12
W MEM 2 5 12
W MEM 3 1 12
W MEM 3 5 12
W MEM 4 1 12
W MEM 4 5 12
W MEM 5 1 12
W MEM 5 5 12
W MEM 6 1 12
W MEM 6 5 12
W MEM 7 1 12
W MEM 7 5 12
W MEM 8 1 12
W MEM 8 5 12
W MEM 9 1 12
W MEM 9 5 12
W MEM 10 1 12
W MEM 10 5 12
W MEM 11 1 12
W MEM 11 5 12
W MEM 12 1 12
W MEM 12 5 12
W MEM 13 1 12
W MEM 13 5 12
W MEM 14 1 12
W MEM 14 5 12
W MEM 15 1 12
W MEM 15 5 12
W MEM 16 1 12
W MEM 16 5 12
W MEM 17 1 12
W MEM 17 5 12
W MEM 18 1 12
W MEM 18 5 12
W MEM 19 1 12
W MEM 19 5 12
W MEM 20 1 12
W MEM 20 5 12
W MEM 21 1 12
W MEM 21 5 12
W MEM 22 1 12
W MEM 22 5 12
W MEM 23 1 12
W MEM 23 5 12
W MEM 24 1 12
W MEM 24 5 12
W MEM 25 1 12
W MEM 25 5 12
W MEM 26 1 12
W MEM 26 5 12
W MEM 27 1 12
W MEM 27 5 12
W MEM 28 1 12
W MEM 28 5 12
W MEM 29 1 12
W MEM 29 5 12
W MEM 30 1 12
W MEM 30 5 12
W MEM 31 1 12
W MEM 31 5 12
W MEM 0 1 12
W MEM 0 5 12
W MEM 1 1 12
W MEM 1 5 12
W MEM 2 1 12
W MEM 2 5 12
W MEM 3 1 12
W MEM 3 5 12
W MEM 4 1 12
W MEM 4 5 12
W MEM 5 1 12
W MEM 5 5 12
W MEM 6 1 12
W MEM 6 5 12
W MEM 7 1 12
W MEM 7 5 12
W MEM 8 1 12
W MEM 8 5 12
W MEM 9 1 12
W MEM 9 5 12
W MEM 10 1 12
W MEM 10 5 12
W MEM 11 1 12
W MEM 11 5 12
W MEM 12 1 12
W MEM 12 5 12
W MEM 13 1 12
W MEM 13 5 12
W MEM 14 1 12
W MEM 14 5 12
W MEM 15 1 12
W MEM 15 5 12
W MEM 16 1 12
W MEM 16 5 12
W MEM 17 1 12
W MEM 17 5 12
W MEM 18 1 12
W MEM 18 5 12
W MEM 19 1 12
W MEM 19 5 12
W MEM 20 1 12
W MEM 20 5 12
W MEM 21 1 12
W MEM 21 5 12
W MEM 22 1 12
W MEM 22 5 12
W MEM 23 1 12
W MEM 23 5 12
W MEM 24 1 12
W MEM 24 5 12
W MEM 25 1 12
W MEM 25 5 12
W MEM 26 1 12
W MEM 26 5 12
W MEM 27 1 12
W MEM 27 5 12
W MEM 28 1 12
W MEM 28 5 12
W MEM 29 1 12
W MEM 29 5 12
W MEM 30 1 12
W MEM 30 5 12
W MEM 31 1 12
W MEM 31 5 12
W MEM 0 1 12
W MEM 0 5 12
W MEM 1 1 12
W MEM 1 5 12
W MEM 2 1 12
W MEM 2 5 12
W MEM 3 1 12
W MEM 3 5 12
W MEM 4 1 12
W MEM 4 5 12
W MEM 5 1 12
W MEM 5 5 12
W MEM 6 1 12
W MEM 6 5 12
W MEM 7 1 12
W MEM 7 5 12
W MEM 8 1 12
W MEM 8 5 12
W MEM 9 1 12
W MEM 9 5 12
W MEM 10 1 12
W MEM 10 5 12
W MEM 11 1 12
W MEM 11 5 12
W MEM 12 1 12
W MEM 12 5 12
W MEM 13 1 12
W MEM 13 5 12
W MEM 14 1 12
W MEM 14 5 12
W MEM 15 1 12
W MEM 15 5 12
W MEM 16 1 12
W MEM 16 5 12
W MEM 17 1 12
W MEM 17 5 12
W MEM 18 1 12
W MEM 18 5 12
W MEM 19 1 12
W MEM 19 5 12
W MEM 20 1 12
W MEM 20 5 12
W MEM 21 1 12
W MEM 21 5 12
W MEM 22 1 12
W MEM 22 5 12
W MEM 23 1 12
W MEM 23 5 12
W MEM 24 1 12
W MEM 24 5 12
W MEM 25 1 12
W MEM 25 5 12
W MEM 26 1 12
W MEM 26 5 12
W MEM 27 1 12
W MEM 27 5 12
W MEM 28 1 12
W MEM 28 5 12
W MEM 29 1 12
W MEM 29 5 12
W MEM 30 1 12
W MEM 30 5 12
W MEM 31 1 12
W MEM 31 5 12
W MEM 0 1 12
W MEM 0 5 12
W MEM 1 1 12
W MEM 1 5 12
W MEM 2 1 12
W MEM 2 5 12
W MEM 3 1 12
W MEM 3 5 12
W MEM 4 1 12
W MEM 4 5 12
W MEM 5 1 12
W MEM 5 5 12
W MEM 6 1 12
W MEM 6 5 12
W MEM 7 1 12
W MEM 7 5 12
W MEM 8 1 12
W MEM 8 5 12
W MEM 9 1 12
W MEM 9 5 12
W MEM 10 1 12
W MEM 10 5 12
W MEM 11 1 12
W MEM 11 5 12
W MEM 12 1 12
W MEM 12 5 12
W MEM 13 1 12
W MEM 13 5 12
W MEM 14 1 12
W MEM 14 5 12
W MEM 15 1 12
W MEM 15 5 12
W MEM 16 1 12
W MEM 16 5 12
W MEM 17 1 12
W MEM 17 5 12
W MEM 18 1 12
W MEM 18 5 12
W MEM 19 1 12
W MEM 19 5 12
W MEM 20 1 12
W MEM 20 5 12
W MEM 21 1 12
W MEM 21 5 12
W MEM 22 1 12
W MEM 22 5 12
W MEM 23 1 12
W MEM 23 5 12
W MEM 24 1 12
W MEM 24 5 12
W MEM 25 1 12
W MEM 25 5 12
W MEM 26 1 12
W MEM 26 5 12
W MEM 27 1 12
W MEM 27 5 12
W MEM 28 1 12
W MEM 28 5 12
W MEM 29 1 12
W MEM 29 5 12
W MEM 30 1 12
W MEM 30 5 12
W MEM 31 1 12
W MEM 31 5 12
W MEM 0 1 12
W MEM 0 5 12
W MEM 1 1 12
W MEM 1 5 12
W MEM 2 1 12
W MEM 2 5 12
W MEM 3 1 12
W MEM 3 5 12
W MEM 4 1 12
W MEM 4 5 12
W MEM 5 1 12
W MEM 5 5 12
W MEM 6 1 12
W MEM 6 5 12
W MEM 7 1 12
W MEM 7 5 12
W MEM 8 1 12
W MEM 8 5 12
W MEM 9 1 12
W MEM 9 5 12
W MEM 10 1 12
W MEM 10 5 12
W MEM 11 1 12
W MEM 11 5 12
W MEM 12 1 12
W MEM 12 5 12
W MEM 13 1 12
W MEM 13 5 12
W MEM 14 1 12
W MEM 14 5 12
W MEM 15 1 12
W MEM 15 5 12
W MEM 16 1 12
W MEM 16 5 12
W MEM 17 1 12
W MEM 17 5 12
W MEM 18 1 12
W MEM 18 5 12
W MEM 19 1 12
W MEM 19 5 12
W MEM 20 1 12
W MEM 20 5 12
W MEM 21 1 12
W MEM 21 5 12
W MEM 22 1 12
W MEM 22 5 12
W MEM 23 1 12
W MEM 23 5 12
W MEM 24 1 12
W MEM 24 5 12
W MEM 25 1 12
W MEM 25 5 12
W MEM 26 1 12
W MEM 26 5 12
W MEM 27 1 12
W MEM 27 5 12
W MEM 28 1 12
W MEM 28 5 12
W MEM 29 1 12
W MEM 29 5 12
W MEM 30 1 12
W MEM 30 5 12
W MEM 31 1 12
W MEM 31 5 12
W MEM 0 1 12
W MEM 0 5 12
W MEM 1 1 12
W MEM 1 5 12
W MEM 2 1 12
W MEM 2 5 12
W MEM 3 1 12
W MEM 3 5 12
W MEM 4 1 12
W MEM 4 5 12
W MEM 5 1 12
W MEM 5 5 12
W MEM 6 1 12
W MEM 6 5 12
W MEM 7 1 12
W MEM 7 5 12
W MEM 8 1 12
W MEM 8 5 12
W MEM 9 1 12
W MEM 9 5 12
W MEM 10 1 12
W MEM 10 5 12
W MEM 11 1 12
W MEM 11 5 12
W MEM 12 1 12
W MEM 12 5 12
W MEM 13 1 12
W MEM 13 5 12
W MEM 14 1 12
W MEM 14 5 12
W MEM 15 1 12
W MEM 15 5 12
W MEM 16 1 12
W MEM 16 5 12
W MEM 17 1 12
W MEM 17 5 12
W MEM 18 1 12
W MEM 18 5 12
W MEM 19 1 12
W MEM 19 5 12
W MEM 20 1 12
W MEM 20 5 12
W MEM 21 1 12
W MEM 21 5 12
W MEM 22 1 12
W MEM 22 5 12
W MEM 23 1 12
W MEM 23 5 12
W MEM 24 1 12
W MEM 24 5 12
W MEM 25 1 12
W MEM 25 5 12
W MEM 26 1 12
W MEM 26 5 12
W MEM 27 1 12
W MEM 27 5 12
W MEM 28 1 12
W MEM 28 5 12
W MEM 29 1 12
W MEM 29 5 12
W MEM 30 1 12
W MEM 30 5 12
W MEM 31 1 12
W MEM 31 5 12
W MEM 0 1 12
W MEM 0 5 12
W MEM 1 1 12
W MEM 1 5 12
W MEM 2 1 12
W MEM 2 5 12
W MEM 3 1 12
W MEM 3 5 12
W MEM 4 1 12
W MEM 4 5 12
W MEM 5 1 12
W MEM 5 5 12
W MEM 6 1 12
W MEM 6 5 12
W MEM 7 1 12
W MEM 7 5 12
W MEM 8 1 12
W MEM 8 5 12
W MEM 9 1 12
W MEM 9 5 12
W MEM 10 1 12
W MEM 10 5 12
W MEM 11 1 12
W MEM 11 5 12
W MEM 12 1 12
W MEM 12 5 12
W MEM 13 1 12
W MEM 13 5 12
W MEM 14 1 12
W MEM 14 5 12
W MEM 15 1 12
W MEM 15 5 12
W MEM 16 1 12
W MEM 16 5 12
W MEM 17 1 12
W MEM 17 5 12
W MEM 18 1 12
W MEM 18 5 12
W MEM 19 1 12
W MEM 19 5 12
W MEM 20 1 12
W MEM 20 5 12
W MEM 21 1 12
W MEM 21 5 12
W MEM 22 1 12
W MEM 22 5 12
W MEM 23 1 12
W MEM 23 5 12
W MEM 24 1 12
W MEM 24 5 12
W MEM 25 1 12
W MEM 25 5 12
W MEM 26 1 12
W MEM 26 5 12
W MEM 27 1 12
W MEM 27 5 12
W MEM 28 1 12
W MEM 28 5 12
W MEM 29 1 12
W MEM 29 5 12
W MEM 30 1 12
W MEM 30 5 12
W MEM 31 1 12
W MEM 31 5 12
AiM EWMUL 1.0 0xffffffff 12
AiM EOC
