[slurm] jobid=9740505 nodelist=l12gpu02
[slurm] CUDA_VISIBLE_DEVICES=0
Sat Feb 28 09:09:31 2026       
+-----------------------------------------------------------------------------------------+
| NVIDIA-SMI 560.35.03              Driver Version: 560.35.03      CUDA Version: 12.6     |
|-----------------------------------------+------------------------+----------------------+
| GPU  Name                 Persistence-M | Bus-Id          Disp.A | Volatile Uncorr. ECC |
| Fan  Temp   Perf          Pwr:Usage/Cap |           Memory-Usage | GPU-Util  Compute M. |
|                                         |                        |               MIG M. |
|=========================================+========================+======================|
|   0  NVIDIA A100-PCIE-40GB          On  |   00000000:31:00.0 Off |                    0 |
| N/A   32C    P0             34W /  250W |       1MiB /  40960MiB |      0%      Default |
|                                         |                        |             Disabled |
+-----------------------------------------+------------------------+----------------------+
                                                                                         
+-----------------------------------------------------------------------------------------+
| Processes:                                                                              |
|  GPU   GI   CI        PID   Type   Process name                              GPU Memory |
|        ID   ID                                                               Usage      |
|=========================================================================================|
|  No running processes found                                                             |
+-----------------------------------------------------------------------------------------+
torch: 2.8.0+cu126
cuda available: True
device: NVIDIA A100-PCIE-40GB
[slurm] PY_SCRIPT=/lustre/home/2501111916/workspace/XPUPIM_0226_gpupim_parameter/TriForm/verify/schedule_deploy_verify.py
[slurm] TASKS_JSON=/lustre/home/2501111916/workspace/XPUPIM_0226_gpupim_parameter/TriForm/verify/hw_hardware_1gpu_2aim/st64/llama_7b_bf16_b4_s64/ianus_1024x512.gpu_tasks.json
[slurm] OUT_JSON=/lustre/home/2501111916/workspace/XPUPIM_0226_gpupim_parameter/TriForm/verify/hw_hardware_1gpu_2aim/st64/llama_7b_bf16_b4_s64/ianus_1024x512.gpu_results.json
[slurm] WARMUP=3 ITERS=10 DEVICE=cuda GPU_DTYPE=bf16 BATCH=1
[slurm] OK_FILE=/lustre/home/2501111916/workspace/XPUPIM_0226_gpupim_parameter/TriForm/verify/hw_hardware_1gpu_2aim/st64/llama_7b_bf16_b4_s64/ianus_1024x512.gpu.ok
[slurm] Running: python /lustre/home/2501111916/workspace/XPUPIM_0226_gpupim_parameter/TriForm/verify/schedule_deploy_verify.py run-gpu --tasks /lustre/home/2501111916/workspace/XPUPIM_0226_gpupim_parameter/TriForm/verify/hw_hardware_1gpu_2aim/st64/llama_7b_bf16_b4_s64/ianus_1024x512.gpu_tasks.json --out /lustre/home/2501111916/workspace/XPUPIM_0226_gpupim_parameter/TriForm/verify/hw_hardware_1gpu_2aim/st64/llama_7b_bf16_b4_s64/ianus_1024x512.gpu_results.json --warmup 3 --iters 10 --debug --debug-txt /lustre/home/2501111916/workspace/XPUPIM_0226_gpupim_parameter/TriForm/verify/hw_hardware_1gpu_2aim/st64/llama_7b_bf16_b4_s64/ianus_1024x512.gpu_debug.log --device cuda --gpu-dtype bf16 --batch 1
[run-gpu] tasks=19 warmup=3 iters=10 device=cuda dtype=bf16 batch=1 segment_scope=layer
[run-gpu] extra weight_load_s=0.400513s (will be added in merge)
[run-gpu] GPU[0] NVIDIA A100-PCIE-40GB; SM=108, CC=8.0
[run-gpu] nvidia-smi -L: GPU 0: NVIDIA A100-PCIE-40GB (UUID: GPU-d9e583db-d970-f6cd-7563-aefa55d156db)
[run-gpu] nvidia-smi query: NVIDIA A100-PCIE-40GB, GPU-d9e583db-d970-f6cd-7563-aefa55d156db, 560.35.03, 40960
[run-gpu][debug] torch_default_dtype=torch.float32
[run-gpu][debug] torch.backends.cuda.matmul.allow_tf32=False
[run-gpu][debug] cudnn.enabled=True benchmark=False deterministic=False allow_tf32=True
[run-gpu][debug] nvidia-smi snapshot: 0, 0, 0, 4, 40960, 32, 34.55, 250.00
========================================================================================
[gpu-debug] segment_key=npu|decode|0|2a5538c8f9df4db4add3d84eaac8c78a
[gpu-debug] sig: device_type=npu phase=decode step=0 (count_hint=1)
[gpu-debug] ops_repr: LN:-1,Q:0,K:0,Q:1,K:1,QK:0,QK:1,Softmax:0,Softmax:1,O:0,Add:-1,FFN_W3:0,FFN_W3:1,SwiGLU:0,Add:-1
[gpu-debug] cfg: device=cuda dtype=torch.bfloat16 batch=1 dim=4096 ffn_dim=11008 n_heads=32 shards=2
[gpu-debug] op plan (with inferred tensor shapes):
  - op#00  op=LN       shard=-1  x=[1x1x4096] + w=[4096]  ->  y=[1x1x4096]  (T=1, K=1025)
  - op#01  op=Q        shard=0   x=[1x1x4096] + w=[2048x4096]  ->  y=[1x1x2048]  (T=1, K=1025)
  - op#02  op=K        shard=0   x=[1x1x4096] + w=[2048x4096]  ->  y=[1x1x2048]  (T=1, K=1025)
  - op#03  op=Q        shard=1   x=[1x1x4096] + w=[2048x4096]  ->  y=[1x1x2048]  (T=1, K=1025)
  - op#04  op=K        shard=1   x=[1x1x4096] + w=[2048x4096]  ->  y=[1x1x2048]  (T=1, K=1025)
  - op#05  op=QK       shard=0   q=[1x16x1x128] + k=[1x16x128x1025]  ->  y=[1x16x1x1025]  (T=1, K=1025)
  - op#06  op=QK       shard=1   q=[1x16x1x128] + k=[1x16x128x1025]  ->  y=[1x16x1x1025]  (T=1, K=1025)
  - op#07  op=Softmax  shard=0   scores=[1x16x1x1025]  ->  y=[1x16x1x1025]  (T=1, K=1025)
  - op#08  op=Softmax  shard=1   scores=[1x16x1x1025]  ->  y=[1x16x1x1025]  (T=1, K=1025)
  - op#09  op=O        shard=0   x=[1x1x2048] + w=[4096x2048]  ->  y=[1x1x4096]  (T=1, K=1025)
  - op#10  op=Add      shard=-1  a=[1x1x4096] + b=[1x1x4096]  ->  y=[1x1x4096]  (T=1, K=1025)
  - op#11  op=FFN_W3   shard=0   x=[1x1x4096] + w=[5504x4096]  ->  y=[1x1x5504]  (T=1, K=1025)
  - op#12  op=FFN_W3   shard=1   x=[1x1x4096] + w=[5504x4096]  ->  y=[1x1x5504]  (T=1, K=1025)
  - op#13  op=SwiGLU   shard=0   a=[1x1x5504] + b=[1x1x5504]  ->  y=[1x1x5504]  (T=1, K=1025)
  - op#14  op=Add      shard=-1  a=[1x1x4096] + b=[1x1x4096]  ->  y=[1x1x4096]  (T=1, K=1025)
[gpu-debug] per-op timing breakdown (avg over iters):
  idx  op       sh  io                                                    time   est_flops    TFLOPs       bytes      GB/s
  ------------------------------------------------------------------------------------------------------------------------
    0  LN       -1  x[1x1x4096]+w[4096]->y[1x1x4096]                    0.069ms    20.480 K      0.00   24.00 KiB      0.36
    1  Q         0  x[1x1x4096]+w[2048x4096]->y[1x1x2048]               0.050ms    16.777 M      0.33   16.01 MiB    333.93
    2  K         0  x[1x1x4096]+w[2048x4096]->y[1x1x2048]               0.033ms    16.777 M      0.51   16.01 MiB    512.38
    3  Q         1  x[1x1x4096]+w[2048x4096]->y[1x1x2048]               0.031ms    16.777 M      0.54   16.01 MiB    542.91
    4  K         1  x[1x1x4096]+w[2048x4096]->y[1x1x2048]               0.031ms    16.777 M      0.54   16.01 MiB    537.57
    5  QK        0  q[1x16x1x128]+k[1x16x128x1025]->y[1x16x1x1025]      0.027ms     4.198 M      0.15    4.04 MiB    156.08
    6  QK        1  q[1x16x1x128]+k[1x16x128x1025]->y[1x16x1x1025]      0.041ms     4.198 M      0.10    4.04 MiB    103.14
    7  Softmax   0  scores[1x16x1x1025]->y[1x16x1x1025]                 0.027ms    82.000 K      0.00   64.06 KiB      2.46
    8  Softmax   1  scores[1x16x1x1025]->y[1x16x1x1025]                 0.018ms    82.000 K      0.00   64.06 KiB      3.75
    9  O         0  x[1x1x2048]+w[4096x2048]->y[1x1x4096]               0.036ms    16.777 M      0.46   16.01 MiB    464.48
   10  Add      -1  a[1x1x4096]+b[1x1x4096]->y[1x1x4096]                0.012ms     4.096 K      0.00   24.00 KiB      2.05
   11  FFN_W3    0  x[1x1x4096]+w[5504x4096]->y[1x1x5504]               0.059ms    45.089 M      0.76   43.02 MiB    764.77
   12  FFN_W3    1  x[1x1x4096]+w[5504x4096]->y[1x1x5504]               0.047ms    45.089 M      0.96   43.02 MiB    963.91
   13  SwiGLU    0  a[1x1x5504]+b[1x1x5504]->y[1x1x5504]                0.014ms    33.024 K      0.00   32.25 KiB      2.29
   14  Add      -1  a[1x1x4096]+b[1x1x4096]->y[1x1x4096]                0.009ms     4.096 K      0.00   24.00 KiB      2.86
[gpu-debug] segment avg latency (cuda_events): 0.338 ms
[gpu-debug] sum(per-op)               : 0.504 ms (ratio=1.490)
[gpu-debug] NOTE: sum(per-op) may differ from segment latency due to Python overhead, event/launch overhead, and allocator/cache effects.
[gpu-debug] cuda mem before warmup: alloc=0 B reserved=0 B
[gpu-debug] cuda mem after warmup : alloc=180.19 MiB reserved=190.00 MiB
[gpu-debug] cuda mem peak (this segment): max_alloc=180.26 MiB max_reserved=190.00 MiB
========================================================================================
[gpu-debug] segment_key=npu|decode|0|671eabfb3c980b3de830460630434eeb
[gpu-debug] sig: device_type=npu phase=decode step=0 (count_hint=31)
[gpu-debug] ops_repr: Q:0,K:0,Q:1,K:1,QK:0,QK:1,Softmax:0,Softmax:1,O:0,Add:-1,FFN_W3:0,FFN_W3:1,SwiGLU:0,Add:-1
[gpu-debug] cfg: device=cuda dtype=torch.bfloat16 batch=1 dim=4096 ffn_dim=11008 n_heads=32 shards=2
[gpu-debug] op plan (with inferred tensor shapes):
  - op#00  op=Q        shard=0   x=[1x1x4096] + w=[2048x4096]  ->  y=[1x1x2048]  (T=1, K=1025)
  - op#01  op=K        shard=0   x=[1x1x4096] + w=[2048x4096]  ->  y=[1x1x2048]  (T=1, K=1025)
  - op#02  op=Q        shard=1   x=[1x1x4096] + w=[2048x4096]  ->  y=[1x1x2048]  (T=1, K=1025)
  - op#03  op=K        shard=1   x=[1x1x4096] + w=[2048x4096]  ->  y=[1x1x2048]  (T=1, K=1025)
  - op#04  op=QK       shard=0   q=[1x16x1x128] + k=[1x16x128x1025]  ->  y=[1x16x1x1025]  (T=1, K=1025)
  - op#05  op=QK       shard=1   q=[1x16x1x128] + k=[1x16x128x1025]  ->  y=[1x16x1x1025]  (T=1, K=1025)
  - op#06  op=Softmax  shard=0   scores=[1x16x1x1025]  ->  y=[1x16x1x1025]  (T=1, K=1025)
  - op#07  op=Softmax  shard=1   scores=[1x16x1x1025]  ->  y=[1x16x1x1025]  (T=1, K=1025)
  - op#08  op=O        shard=0   x=[1x1x2048] + w=[4096x2048]  ->  y=[1x1x4096]  (T=1, K=1025)
  - op#09  op=Add      shard=-1  a=[1x1x4096] + b=[1x1x4096]  ->  y=[1x1x4096]  (T=1, K=1025)
  - op#10  op=FFN_W3   shard=0   x=[1x1x4096] + w=[5504x4096]  ->  y=[1x1x5504]  (T=1, K=1025)
  - op#11  op=FFN_W3   shard=1   x=[1x1x4096] + w=[5504x4096]  ->  y=[1x1x5504]  (T=1, K=1025)
  - op#12  op=SwiGLU   shard=0   a=[1x1x5504] + b=[1x1x5504]  ->  y=[1x1x5504]  (T=1, K=1025)
  - op#13  op=Add      shard=-1  a=[1x1x4096] + b=[1x1x4096]  ->  y=[1x1x4096]  (T=1, K=1025)
[gpu-debug] per-op timing breakdown (avg over iters):
  idx  op       sh  io                                                    time   est_flops    TFLOPs       bytes      GB/s
  ------------------------------------------------------------------------------------------------------------------------
    0  Q         0  x[1x1x4096]+w[2048x4096]->y[1x1x2048]               0.046ms    16.777 M      0.36   16.01 MiB    362.74
    1  K         0  x[1x1x4096]+w[2048x4096]->y[1x1x2048]               0.032ms    16.777 M      0.53   16.01 MiB    530.61
    2  Q         1  x[1x1x4096]+w[2048x4096]->y[1x1x2048]               0.031ms    16.777 M      0.55   16.01 MiB    548.36
    3  K         1  x[1x1x4096]+w[2048x4096]->y[1x1x2048]               0.030ms    16.777 M      0.55   16.01 MiB    552.05
    4  QK        0  q[1x16x1x128]+k[1x16x128x1025]->y[1x16x1x1025]      0.027ms     4.198 M      0.16    4.04 MiB    159.69
    5  QK        1  q[1x16x1x128]+k[1x16x128x1025]->y[1x16x1x1025]      0.041ms     4.198 M      0.10    4.04 MiB    104.18
    6  Softmax   0  scores[1x16x1x1025]->y[1x16x1x1025]                 0.025ms    82.000 K      0.00   64.06 KiB      2.61
    7  Softmax   1  scores[1x16x1x1025]->y[1x16x1x1025]                 0.017ms    82.000 K      0.00   64.06 KiB      3.77
    8  O         0  x[1x1x2048]+w[4096x2048]->y[1x1x4096]               0.035ms    16.777 M      0.49   16.01 MiB    486.53
    9  Add      -1  a[1x1x4096]+b[1x1x4096]->y[1x1x4096]                0.012ms     4.096 K      0.00   24.00 KiB      2.07
   10  FFN_W3    0  x[1x1x4096]+w[5504x4096]->y[1x1x5504]               0.059ms    45.089 M      0.77   43.02 MiB    768.77
   11  FFN_W3    1  x[1x1x4096]+w[5504x4096]->y[1x1x5504]               0.046ms    45.089 M      0.97   43.02 MiB    974.57
   12  SwiGLU    0  a[1x1x5504]+b[1x1x5504]->y[1x1x5504]                0.014ms    33.024 K      0.00   32.25 KiB      2.29
   13  Add      -1  a[1x1x4096]+b[1x1x4096]->y[1x1x4096]                0.009ms     4.096 K      0.00   24.00 KiB      2.82
[gpu-debug] segment avg latency (cuda_events): 0.296 ms
[gpu-debug] sum(per-op)               : 0.423 ms (ratio=1.431)
[gpu-debug] NOTE: sum(per-op) may differ from segment latency due to Python overhead, event/launch overhead, and allocator/cache effects.
[gpu-debug] cuda mem before warmup: alloc=180.19 MiB reserved=190.00 MiB
[gpu-debug] cuda mem after warmup : alloc=180.19 MiB reserved=190.00 MiB
[gpu-debug] cuda mem peak (this segment): max_alloc=180.26 MiB max_reserved=190.00 MiB
========================================================================================
[gpu-debug] segment_key=npu|decode|1|6717ebe949ad3a58c39630962e495792
[gpu-debug] sig: device_type=npu phase=decode step=1 (count_hint=1)
[gpu-debug] ops_repr: LN:-1,Q:0,K:0,Q:1,K:1,QK:0,QK:1,Softmax:0,Softmax:1,O:0,Add:-1,FFN_W3:0,FFN_W3:1,FFN_W2:1,Add:-1
[gpu-debug] cfg: device=cuda dtype=torch.bfloat16 batch=1 dim=4096 ffn_dim=11008 n_heads=32 shards=2
[gpu-debug] op plan (with inferred tensor shapes):
  - op#00  op=LN       shard=-1  x=[1x1x4096] + w=[4096]  ->  y=[1x1x4096]  (T=1, K=1026)
  - op#01  op=Q        shard=0   x=[1x1x4096] + w=[2048x4096]  ->  y=[1x1x2048]  (T=1, K=1026)
  - op#02  op=K        shard=0   x=[1x1x4096] + w=[2048x4096]  ->  y=[1x1x2048]  (T=1, K=1026)
  - op#03  op=Q        shard=1   x=[1x1x4096] + w=[2048x4096]  ->  y=[1x1x2048]  (T=1, K=1026)
  - op#04  op=K        shard=1   x=[1x1x4096] + w=[2048x4096]  ->  y=[1x1x2048]  (T=1, K=1026)
  - op#05  op=QK       shard=0   q=[1x16x1x128] + k=[1x16x128x1026]  ->  y=[1x16x1x1026]  (T=1, K=1026)
  - op#06  op=QK       shard=1   q=[1x16x1x128] + k=[1x16x128x1026]  ->  y=[1x16x1x1026]  (T=1, K=1026)
  - op#07  op=Softmax  shard=0   scores=[1x16x1x1026]  ->  y=[1x16x1x1026]  (T=1, K=1026)
  - op#08  op=Softmax  shard=1   scores=[1x16x1x1026]  ->  y=[1x16x1x1026]  (T=1, K=1026)
  - op#09  op=O        shard=0   x=[1x1x2048] + w=[4096x2048]  ->  y=[1x1x4096]  (T=1, K=1026)
  - op#10  op=Add      shard=-1  a=[1x1x4096] + b=[1x1x4096]  ->  y=[1x1x4096]  (T=1, K=1026)
  - op#11  op=FFN_W3   shard=0   x=[1x1x4096] + w=[5504x4096]  ->  y=[1x1x5504]  (T=1, K=1026)
  - op#12  op=FFN_W3   shard=1   x=[1x1x4096] + w=[5504x4096]  ->  y=[1x1x5504]  (T=1, K=1026)
  - op#13  op=FFN_W2   shard=1   x=[1x1x5504] + w=[4096x5504]  ->  y=[1x1x4096]  (T=1, K=1026)
  - op#14  op=Add      shard=-1  a=[1x1x4096] + b=[1x1x4096]  ->  y=[1x1x4096]  (T=1, K=1026)
[gpu-debug] per-op timing breakdown (avg over iters):
  idx  op       sh  io                                                    time   est_flops    TFLOPs       bytes      GB/s
  ------------------------------------------------------------------------------------------------------------------------
    0  LN       -1  x[1x1x4096]+w[4096]->y[1x1x4096]                    0.069ms    20.480 K      0.00   24.00 KiB      0.36
    1  Q         0  x[1x1x4096]+w[2048x4096]->y[1x1x2048]               0.048ms    16.777 M      0.35   16.01 MiB    348.11
    2  K         0  x[1x1x4096]+w[2048x4096]->y[1x1x2048]               0.033ms    16.777 M      0.52   16.01 MiB    515.60
    3  Q         1  x[1x1x4096]+w[2048x4096]->y[1x1x2048]               0.030ms    16.777 M      0.55   16.01 MiB    552.05
    4  K         1  x[1x1x4096]+w[2048x4096]->y[1x1x2048]               0.030ms    16.777 M      0.55   16.01 MiB    553.92
    5  QK        0  q[1x16x1x128]+k[1x16x128x1026]->y[1x16x1x1026]      0.028ms     4.202 M      0.15    4.04 MiB    153.91
    6  QK        1  q[1x16x1x128]+k[1x16x128x1026]->y[1x16x1x1026]      0.041ms     4.202 M      0.10    4.04 MiB    103.50
    7  Softmax   0  scores[1x16x1x1026]->y[1x16x1x1026]                 0.026ms    82.080 K      0.00   64.12 KiB      2.53
    8  Softmax   1  scores[1x16x1x1026]->y[1x16x1x1026]                 0.017ms    82.080 K      0.00   64.12 KiB      3.79
    9  O         0  x[1x1x2048]+w[4096x2048]->y[1x1x4096]               0.035ms    16.777 M      0.48   16.01 MiB    483.66
   10  Add      -1  a[1x1x4096]+b[1x1x4096]->y[1x1x4096]                0.012ms     4.096 K      0.00   24.00 KiB      1.98
   11  FFN_W3    0  x[1x1x4096]+w[5504x4096]->y[1x1x5504]               0.058ms    45.089 M      0.78   43.02 MiB    775.54
   12  FFN_W3    1  x[1x1x4096]+w[5504x4096]->y[1x1x5504]               0.047ms    45.089 M      0.97   43.02 MiB    968.15
   13  FFN_W2    1  x[1x1x5504]+w[4096x5504]->y[1x1x4096]               0.048ms    45.089 M      0.94   43.02 MiB    937.25
   14  Add      -1  a[1x1x4096]+b[1x1x4096]->y[1x1x4096]                0.009ms     4.096 K      0.00   24.00 KiB      2.70
[gpu-debug] segment avg latency (cuda_events): 0.368 ms
[gpu-debug] sum(per-op)               : 0.531 ms (ratio=1.444)
[gpu-debug] NOTE: sum(per-op) may differ from segment latency due to Python overhead, event/launch overhead, and allocator/cache effects.
[gpu-debug] cuda mem before warmup: alloc=180.19 MiB reserved=190.00 MiB
[gpu-debug] cuda mem after warmup : alloc=228.23 MiB reserved=234.00 MiB
[gpu-debug] cuda mem peak (this segment): max_alloc=228.30 MiB max_reserved=234.00 MiB
========================================================================================
[gpu-debug] segment_key=npu|decode|1|a9e026325a7bbcf6b107cf55eac83702
[gpu-debug] sig: device_type=npu phase=decode step=1 (count_hint=31)
[gpu-debug] ops_repr: Q:0,K:0,Q:1,K:1,QK:0,QK:1,Softmax:0,Softmax:1,O:0,Add:-1,FFN_W3:0,FFN_W3:1,FFN_W2:1,Add:-1
[gpu-debug] cfg: device=cuda dtype=torch.bfloat16 batch=1 dim=4096 ffn_dim=11008 n_heads=32 shards=2
[gpu-debug] op plan (with inferred tensor shapes):
  - op#00  op=Q        shard=0   x=[1x1x4096] + w=[2048x4096]  ->  y=[1x1x2048]  (T=1, K=1026)
  - op#01  op=K        shard=0   x=[1x1x4096] + w=[2048x4096]  ->  y=[1x1x2048]  (T=1, K=1026)
  - op#02  op=Q        shard=1   x=[1x1x4096] + w=[2048x4096]  ->  y=[1x1x2048]  (T=1, K=1026)
  - op#03  op=K        shard=1   x=[1x1x4096] + w=[2048x4096]  ->  y=[1x1x2048]  (T=1, K=1026)
  - op#04  op=QK       shard=0   q=[1x16x1x128] + k=[1x16x128x1026]  ->  y=[1x16x1x1026]  (T=1, K=1026)
  - op#05  op=QK       shard=1   q=[1x16x1x128] + k=[1x16x128x1026]  ->  y=[1x16x1x1026]  (T=1, K=1026)
  - op#06  op=Softmax  shard=0   scores=[1x16x1x1026]  ->  y=[1x16x1x1026]  (T=1, K=1026)
  - op#07  op=Softmax  shard=1   scores=[1x16x1x1026]  ->  y=[1x16x1x1026]  (T=1, K=1026)
  - op#08  op=O        shard=0   x=[1x1x2048] + w=[4096x2048]  ->  y=[1x1x4096]  (T=1, K=1026)
  - op#09  op=Add      shard=-1  a=[1x1x4096] + b=[1x1x4096]  ->  y=[1x1x4096]  (T=1, K=1026)
  - op#10  op=FFN_W3   shard=0   x=[1x1x4096] + w=[5504x4096]  ->  y=[1x1x5504]  (T=1, K=1026)
  - op#11  op=FFN_W3   shard=1   x=[1x1x4096] + w=[5504x4096]  ->  y=[1x1x5504]  (T=1, K=1026)
  - op#12  op=FFN_W2   shard=1   x=[1x1x5504] + w=[4096x5504]  ->  y=[1x1x4096]  (T=1, K=1026)
  - op#13  op=Add      shard=-1  a=[1x1x4096] + b=[1x1x4096]  ->  y=[1x1x4096]  (T=1, K=1026)
[gpu-debug] per-op timing breakdown (avg over iters):
  idx  op       sh  io                                                    time   est_flops    TFLOPs       bytes      GB/s
  ------------------------------------------------------------------------------------------------------------------------
    0  Q         0  x[1x1x4096]+w[2048x4096]->y[1x1x2048]               0.045ms    16.777 M      0.38   16.01 MiB    376.06
    1  K         0  x[1x1x4096]+w[2048x4096]->y[1x1x2048]               0.032ms    16.777 M      0.53   16.01 MiB    528.90
    2  Q         1  x[1x1x4096]+w[2048x4096]->y[1x1x2048]               0.031ms    16.777 M      0.54   16.01 MiB    535.82
    3  K         1  x[1x1x4096]+w[2048x4096]->y[1x1x2048]               0.030ms    16.777 M      0.56   16.01 MiB    557.69
    4  QK        0  q[1x16x1x128]+k[1x16x128x1026]->y[1x16x1x1026]      0.025ms     4.202 M      0.17    4.04 MiB    169.67
    5  QK        1  q[1x16x1x128]+k[1x16x128x1026]->y[1x16x1x1026]      0.041ms     4.202 M      0.10    4.04 MiB    103.24
    6  Softmax   0  scores[1x16x1x1026]->y[1x16x1x1026]                 0.025ms    82.080 K      0.00   64.12 KiB      2.62
    7  Softmax   1  scores[1x16x1x1026]->y[1x16x1x1026]                 0.017ms    82.080 K      0.00   64.12 KiB      3.82
    8  O         0  x[1x1x2048]+w[4096x2048]->y[1x1x4096]               0.035ms    16.777 M      0.48   16.01 MiB    479.42
    9  Add      -1  a[1x1x4096]+b[1x1x4096]->y[1x1x4096]                0.013ms     4.096 K      0.00   24.00 KiB      1.95
   10  FFN_W3    0  x[1x1x4096]+w[5504x4096]->y[1x1x5504]               0.059ms    45.089 M      0.77   43.02 MiB    766.10
   11  FFN_W3    1  x[1x1x4096]+w[5504x4096]->y[1x1x5504]               0.047ms    45.089 M      0.96   43.02 MiB    961.81
   12  FFN_W2    1  x[1x1x5504]+w[4096x5504]->y[1x1x4096]               0.049ms    45.089 M      0.93   43.02 MiB    929.34
   13  Add      -1  a[1x1x4096]+b[1x1x4096]->y[1x1x4096]                0.008ms     4.096 K      0.00   24.00 KiB      2.93
[gpu-debug] segment avg latency (cuda_events): 0.331 ms
[gpu-debug] sum(per-op)               : 0.456 ms (ratio=1.378)
[gpu-debug] NOTE: sum(per-op) may differ from segment latency due to Python overhead, event/launch overhead, and allocator/cache effects.
[gpu-debug] cuda mem before warmup: alloc=228.23 MiB reserved=234.00 MiB
[gpu-debug] cuda mem after warmup : alloc=228.23 MiB reserved=234.00 MiB
[gpu-debug] cuda mem peak (this segment): max_alloc=228.30 MiB max_reserved=234.00 MiB
========================================================================================
[gpu-debug] segment_key=npu|decode|2|6717ebe949ad3a58c39630962e495792
[gpu-debug] sig: device_type=npu phase=decode step=2 (count_hint=1)
[gpu-debug] ops_repr: LN:-1,Q:0,K:0,Q:1,K:1,QK:0,QK:1,Softmax:0,Softmax:1,O:0,Add:-1,FFN_W3:0,FFN_W3:1,FFN_W2:1,Add:-1
[gpu-debug] cfg: device=cuda dtype=torch.bfloat16 batch=1 dim=4096 ffn_dim=11008 n_heads=32 shards=2
[gpu-debug] op plan (with inferred tensor shapes):
  - op#00  op=LN       shard=-1  x=[1x1x4096] + w=[4096]  ->  y=[1x1x4096]  (T=1, K=1088)
  - op#01  op=Q        shard=0   x=[1x1x4096] + w=[2048x4096]  ->  y=[1x1x2048]  (T=1, K=1088)
  - op#02  op=K        shard=0   x=[1x1x4096] + w=[2048x4096]  ->  y=[1x1x2048]  (T=1, K=1088)
  - op#03  op=Q        shard=1   x=[1x1x4096] + w=[2048x4096]  ->  y=[1x1x2048]  (T=1, K=1088)
  - op#04  op=K        shard=1   x=[1x1x4096] + w=[2048x4096]  ->  y=[1x1x2048]  (T=1, K=1088)
  - op#05  op=QK       shard=0   q=[1x16x1x128] + k=[1x16x128x1088]  ->  y=[1x16x1x1088]  (T=1, K=1088)
  - op#06  op=QK       shard=1   q=[1x16x1x128] + k=[1x16x128x1088]  ->  y=[1x16x1x1088]  (T=1, K=1088)
  - op#07  op=Softmax  shard=0   scores=[1x16x1x1088]  ->  y=[1x16x1x1088]  (T=1, K=1088)
  - op#08  op=Softmax  shard=1   scores=[1x16x1x1088]  ->  y=[1x16x1x1088]  (T=1, K=1088)
  - op#09  op=O        shard=0   x=[1x1x2048] + w=[4096x2048]  ->  y=[1x1x4096]  (T=1, K=1088)
  - op#10  op=Add      shard=-1  a=[1x1x4096] + b=[1x1x4096]  ->  y=[1x1x4096]  (T=1, K=1088)
  - op#11  op=FFN_W3   shard=0   x=[1x1x4096] + w=[5504x4096]  ->  y=[1x1x5504]  (T=1, K=1088)
  - op#12  op=FFN_W3   shard=1   x=[1x1x4096] + w=[5504x4096]  ->  y=[1x1x5504]  (T=1, K=1088)
  - op#13  op=FFN_W2   shard=1   x=[1x1x5504] + w=[4096x5504]  ->  y=[1x1x4096]  (T=1, K=1088)
  - op#14  op=Add      shard=-1  a=[1x1x4096] + b=[1x1x4096]  ->  y=[1x1x4096]  (T=1, K=1088)
[gpu-debug] per-op timing breakdown (avg over iters):
  idx  op       sh  io                                                    time   est_flops    TFLOPs       bytes      GB/s
  ------------------------------------------------------------------------------------------------------------------------
    0  LN       -1  x[1x1x4096]+w[4096]->y[1x1x4096]                    0.070ms    20.480 K      0.00   24.00 KiB      0.35
    1  Q         0  x[1x1x4096]+w[2048x4096]->y[1x1x2048]               0.049ms    16.777 M      0.34   16.01 MiB    344.45
    2  K         0  x[1x1x4096]+w[2048x4096]->y[1x1x2048]               0.032ms    16.777 M      0.53   16.01 MiB    530.61
    3  Q         1  x[1x1x4096]+w[2048x4096]->y[1x1x2048]               0.030ms    16.777 M      0.56   16.01 MiB    557.69
    4  K         1  x[1x1x4096]+w[2048x4096]->y[1x1x2048]               0.031ms    16.777 M      0.55   16.01 MiB    548.36
    5  QK        0  q[1x16x1x128]+k[1x16x128x1088]->y[1x16x1x1088]      0.030ms     4.456 M      0.15    4.29 MiB    148.31
    6  QK        1  q[1x16x1x128]+k[1x16x128x1088]->y[1x16x1x1088]      0.044ms     4.456 M      0.10    4.29 MiB    101.15
    7  Softmax   0  scores[1x16x1x1088]->y[1x16x1x1088]                 0.027ms    87.040 K      0.00   68.00 KiB      2.60
    8  Softmax   1  scores[1x16x1x1088]->y[1x16x1x1088]                 0.018ms    87.040 K      0.00   68.00 KiB      3.86
    9  O         0  x[1x1x2048]+w[4096x2048]->y[1x1x4096]               0.034ms    16.777 M      0.49   16.01 MiB    487.98
   10  Add      -1  a[1x1x4096]+b[1x1x4096]->y[1x1x4096]                0.012ms     4.096 K      0.00   24.00 KiB      2.00
   11  FFN_W3    0  x[1x1x4096]+w[5504x4096]->y[1x1x5504]               0.059ms    45.089 M      0.77   43.02 MiB    766.10
   12  FFN_W3    1  x[1x1x4096]+w[5504x4096]->y[1x1x5504]               0.046ms    45.089 M      0.97   43.02 MiB    972.42
   13  FFN_W2    1  x[1x1x5504]+w[4096x5504]->y[1x1x4096]               0.048ms    45.089 M      0.94   43.02 MiB    937.25
   14  Add      -1  a[1x1x4096]+b[1x1x4096]->y[1x1x4096]                0.008ms     4.096 K      0.00   24.00 KiB      2.89
[gpu-debug] segment avg latency (cuda_events): 0.375 ms
[gpu-debug] sum(per-op)               : 0.539 ms (ratio=1.440)
[gpu-debug] NOTE: sum(per-op) may differ from segment latency due to Python overhead, event/launch overhead, and allocator/cache effects.
[gpu-debug] cuda mem before warmup: alloc=228.23 MiB reserved=234.00 MiB
[gpu-debug] cuda mem after warmup : alloc=232.52 MiB reserved=254.00 MiB
[gpu-debug] cuda mem peak (this segment): max_alloc=232.58 MiB max_reserved=254.00 MiB
========================================================================================
[gpu-debug] segment_key=npu|decode|2|a9e026325a7bbcf6b107cf55eac83702
[gpu-debug] sig: device_type=npu phase=decode step=2 (count_hint=31)
[gpu-debug] ops_repr: Q:0,K:0,Q:1,K:1,QK:0,QK:1,Softmax:0,Softmax:1,O:0,Add:-1,FFN_W3:0,FFN_W3:1,FFN_W2:1,Add:-1
[gpu-debug] cfg: device=cuda dtype=torch.bfloat16 batch=1 dim=4096 ffn_dim=11008 n_heads=32 shards=2
[gpu-debug] op plan (with inferred tensor shapes):
  - op#00  op=Q        shard=0   x=[1x1x4096] + w=[2048x4096]  ->  y=[1x1x2048]  (T=1, K=1088)
  - op#01  op=K        shard=0   x=[1x1x4096] + w=[2048x4096]  ->  y=[1x1x2048]  (T=1, K=1088)
  - op#02  op=Q        shard=1   x=[1x1x4096] + w=[2048x4096]  ->  y=[1x1x2048]  (T=1, K=1088)
  - op#03  op=K        shard=1   x=[1x1x4096] + w=[2048x4096]  ->  y=[1x1x2048]  (T=1, K=1088)
  - op#04  op=QK       shard=0   q=[1x16x1x128] + k=[1x16x128x1088]  ->  y=[1x16x1x1088]  (T=1, K=1088)
  - op#05  op=QK       shard=1   q=[1x16x1x128] + k=[1x16x128x1088]  ->  y=[1x16x1x1088]  (T=1, K=1088)
  - op#06  op=Softmax  shard=0   scores=[1x16x1x1088]  ->  y=[1x16x1x1088]  (T=1, K=1088)
  - op#07  op=Softmax  shard=1   scores=[1x16x1x1088]  ->  y=[1x16x1x1088]  (T=1, K=1088)
  - op#08  op=O        shard=0   x=[1x1x2048] + w=[4096x2048]  ->  y=[1x1x4096]  (T=1, K=1088)
  - op#09  op=Add      shard=-1  a=[1x1x4096] + b=[1x1x4096]  ->  y=[1x1x4096]  (T=1, K=1088)
  - op#10  op=FFN_W3   shard=0   x=[1x1x4096] + w=[5504x4096]  ->  y=[1x1x5504]  (T=1, K=1088)
  - op#11  op=FFN_W3   shard=1   x=[1x1x4096] + w=[5504x4096]  ->  y=[1x1x5504]  (T=1, K=1088)
  - op#12  op=FFN_W2   shard=1   x=[1x1x5504] + w=[4096x5504]  ->  y=[1x1x4096]  (T=1, K=1088)
  - op#13  op=Add      shard=-1  a=[1x1x4096] + b=[1x1x4096]  ->  y=[1x1x4096]  (T=1, K=1088)
[gpu-debug] per-op timing breakdown (avg over iters):
  idx  op       sh  io                                                    time   est_flops    TFLOPs       bytes      GB/s
  ------------------------------------------------------------------------------------------------------------------------
    0  Q         0  x[1x1x4096]+w[2048x4096]->y[1x1x2048]               0.045ms    16.777 M      0.37   16.01 MiB    373.49
    1  K         0  x[1x1x4096]+w[2048x4096]->y[1x1x2048]               0.032ms    16.777 M      0.53   16.01 MiB    530.61
    2  Q         1  x[1x1x4096]+w[2048x4096]->y[1x1x2048]               0.030ms    16.777 M      0.55   16.01 MiB    553.92
    3  K         1  x[1x1x4096]+w[2048x4096]->y[1x1x2048]               0.030ms    16.777 M      0.55   16.01 MiB    553.92
    4  QK        0  q[1x16x1x128]+k[1x16x128x1088]->y[1x16x1x1088]      0.028ms     4.456 M      0.16    4.29 MiB    159.06
    5  QK        1  q[1x16x1x128]+k[1x16x128x1088]->y[1x16x1x1088]      0.043ms     4.456 M      0.10    4.29 MiB    105.28
    6  Softmax   0  scores[1x16x1x1088]->y[1x16x1x1088]                 0.026ms    87.040 K      0.00   68.00 KiB      2.67
    7  Softmax   1  scores[1x16x1x1088]->y[1x16x1x1088]                 0.018ms    87.040 K      0.00   68.00 KiB      3.89
    8  O         0  x[1x1x2048]+w[4096x2048]->y[1x1x4096]               0.034ms    16.777 M      0.50   16.01 MiB    498.36
    9  Add      -1  a[1x1x4096]+b[1x1x4096]->y[1x1x4096]                0.013ms     4.096 K      0.00   24.00 KiB      1.92
   10  FFN_W3    0  x[1x1x4096]+w[5504x4096]->y[1x1x5504]               0.059ms    45.089 M      0.77   43.02 MiB    768.77
   11  FFN_W3    1  x[1x1x4096]+w[5504x4096]->y[1x1x5504]               0.047ms    45.089 M      0.96   43.02 MiB    961.81
   12  FFN_W2    1  x[1x1x5504]+w[4096x5504]->y[1x1x4096]               0.049ms    45.089 M      0.93   43.02 MiB    929.34
   13  Add      -1  a[1x1x4096]+b[1x1x4096]->y[1x1x4096]                0.008ms     4.096 K      0.00   24.00 KiB      2.89
[gpu-debug] segment avg latency (cuda_events): 0.336 ms
[gpu-debug] sum(per-op)               : 0.461 ms (ratio=1.371)
[gpu-debug] NOTE: sum(per-op) may differ from segment latency due to Python overhead, event/launch overhead, and allocator/cache effects.
[gpu-debug] cuda mem before warmup: alloc=232.52 MiB reserved=254.00 MiB
[gpu-debug] cuda mem after warmup : alloc=232.52 MiB reserved=254.00 MiB
[gpu-debug] cuda mem peak (this segment): max_alloc=232.58 MiB max_reserved=254.00 MiB
========================================================================================
[gpu-debug] segment_key=npu|decode|3|6717ebe949ad3a58c39630962e495792
[gpu-debug] sig: device_type=npu phase=decode step=3 (count_hint=1)
[gpu-debug] ops_repr: LN:-1,Q:0,K:0,Q:1,K:1,QK:0,QK:1,Softmax:0,Softmax:1,O:0,Add:-1,FFN_W3:0,FFN_W3:1,FFN_W2:1,Add:-1
[gpu-debug] cfg: device=cuda dtype=torch.bfloat16 batch=1 dim=4096 ffn_dim=11008 n_heads=32 shards=2
[gpu-debug] op plan (with inferred tensor shapes):
  - op#00  op=LN       shard=-1  x=[1x1x4096] + w=[4096]  ->  y=[1x1x4096]  (T=1, K=1152)
  - op#01  op=Q        shard=0   x=[1x1x4096] + w=[2048x4096]  ->  y=[1x1x2048]  (T=1, K=1152)
  - op#02  op=K        shard=0   x=[1x1x4096] + w=[2048x4096]  ->  y=[1x1x2048]  (T=1, K=1152)
  - op#03  op=Q        shard=1   x=[1x1x4096] + w=[2048x4096]  ->  y=[1x1x2048]  (T=1, K=1152)
  - op#04  op=K        shard=1   x=[1x1x4096] + w=[2048x4096]  ->  y=[1x1x2048]  (T=1, K=1152)
  - op#05  op=QK       shard=0   q=[1x16x1x128] + k=[1x16x128x1152]  ->  y=[1x16x1x1152]  (T=1, K=1152)
  - op#06  op=QK       shard=1   q=[1x16x1x128] + k=[1x16x128x1152]  ->  y=[1x16x1x1152]  (T=1, K=1152)
  - op#07  op=Softmax  shard=0   scores=[1x16x1x1152]  ->  y=[1x16x1x1152]  (T=1, K=1152)
  - op#08  op=Softmax  shard=1   scores=[1x16x1x1152]  ->  y=[1x16x1x1152]  (T=1, K=1152)
  - op#09  op=O        shard=0   x=[1x1x2048] + w=[4096x2048]  ->  y=[1x1x4096]  (T=1, K=1152)
  - op#10  op=Add      shard=-1  a=[1x1x4096] + b=[1x1x4096]  ->  y=[1x1x4096]  (T=1, K=1152)
  - op#11  op=FFN_W3   shard=0   x=[1x1x4096] + w=[5504x4096]  ->  y=[1x1x5504]  (T=1, K=1152)
  - op#12  op=FFN_W3   shard=1   x=[1x1x4096] + w=[5504x4096]  ->  y=[1x1x5504]  (T=1, K=1152)
  - op#13  op=FFN_W2   shard=1   x=[1x1x5504] + w=[4096x5504]  ->  y=[1x1x4096]  (T=1, K=1152)
  - op#14  op=Add      shard=-1  a=[1x1x4096] + b=[1x1x4096]  ->  y=[1x1x4096]  (T=1, K=1152)
[gpu-debug] per-op timing breakdown (avg over iters):
  idx  op       sh  io                                                    time   est_flops    TFLOPs       bytes      GB/s
  ------------------------------------------------------------------------------------------------------------------------
    0  LN       -1  x[1x1x4096]+w[4096]->y[1x1x4096]                    0.071ms    20.480 K      0.00   24.00 KiB      0.35
    1  Q         0  x[1x1x4096]+w[2048x4096]->y[1x1x2048]               0.049ms    16.777 M      0.35   16.01 MiB    345.91
    2  K         0  x[1x1x4096]+w[2048x4096]->y[1x1x2048]               0.032ms    16.777 M      0.52   16.01 MiB    517.22
    3  Q         1  x[1x1x4096]+w[2048x4096]->y[1x1x2048]               0.031ms    16.777 M      0.55   16.01 MiB    548.36
    4  K         1  x[1x1x4096]+w[2048x4096]->y[1x1x2048]               0.030ms    16.777 M      0.56   16.01 MiB    557.69
    5  QK        0  q[1x16x1x128]+k[1x16x128x1152]->y[1x16x1x1152]      0.032ms     4.719 M      0.15    4.54 MiB    150.42
    6  QK        1  q[1x16x1x128]+k[1x16x128x1152]->y[1x16x1x1152]      0.043ms     4.719 M      0.11    4.54 MiB    110.40
    7  Softmax   0  scores[1x16x1x1152]->y[1x16x1x1152]                 0.028ms    92.160 K      0.00   72.00 KiB      2.63
    8  Softmax   1  scores[1x16x1x1152]->y[1x16x1x1152]                 0.018ms    92.160 K      0.01   72.00 KiB      4.11
    9  O         0  x[1x1x2048]+w[4096x2048]->y[1x1x4096]               0.033ms    16.777 M      0.51   16.01 MiB    506.05
   10  Add      -1  a[1x1x4096]+b[1x1x4096]->y[1x1x4096]                0.013ms     4.096 K      0.00   24.00 KiB      1.90
   11  FFN_W3    0  x[1x1x4096]+w[5504x4096]->y[1x1x5504]               0.058ms    45.089 M      0.77   43.02 MiB    771.47
   12  FFN_W3    1  x[1x1x4096]+w[5504x4096]->y[1x1x5504]               0.046ms    45.089 M      0.97   43.02 MiB    972.42
   13  FFN_W2    1  x[1x1x5504]+w[4096x5504]->y[1x1x4096]               0.049ms    45.089 M      0.92   43.02 MiB    923.50
   14  Add      -1  a[1x1x4096]+b[1x1x4096]->y[1x1x4096]                0.009ms     4.096 K      0.00   24.00 KiB      2.73
[gpu-debug] segment avg latency (cuda_events): 0.375 ms
[gpu-debug] sum(per-op)               : 0.542 ms (ratio=1.446)
[gpu-debug] NOTE: sum(per-op) may differ from segment latency due to Python overhead, event/launch overhead, and allocator/cache effects.
[gpu-debug] cuda mem before warmup: alloc=232.52 MiB reserved=254.00 MiB
[gpu-debug] cuda mem after warmup : alloc=237.05 MiB reserved=254.00 MiB
[gpu-debug] cuda mem peak (this segment): max_alloc=237.12 MiB max_reserved=254.00 MiB
========================================================================================
[gpu-debug] segment_key=npu|decode|3|a9e026325a7bbcf6b107cf55eac83702
[gpu-debug] sig: device_type=npu phase=decode step=3 (count_hint=31)
[gpu-debug] ops_repr: Q:0,K:0,Q:1,K:1,QK:0,QK:1,Softmax:0,Softmax:1,O:0,Add:-1,FFN_W3:0,FFN_W3:1,FFN_W2:1,Add:-1
[gpu-debug] cfg: device=cuda dtype=torch.bfloat16 batch=1 dim=4096 ffn_dim=11008 n_heads=32 shards=2
[gpu-debug] op plan (with inferred tensor shapes):
  - op#00  op=Q        shard=0   x=[1x1x4096] + w=[2048x4096]  ->  y=[1x1x2048]  (T=1, K=1152)
  - op#01  op=K        shard=0   x=[1x1x4096] + w=[2048x4096]  ->  y=[1x1x2048]  (T=1, K=1152)
  - op#02  op=Q        shard=1   x=[1x1x4096] + w=[2048x4096]  ->  y=[1x1x2048]  (T=1, K=1152)
  - op#03  op=K        shard=1   x=[1x1x4096] + w=[2048x4096]  ->  y=[1x1x2048]  (T=1, K=1152)
  - op#04  op=QK       shard=0   q=[1x16x1x128] + k=[1x16x128x1152]  ->  y=[1x16x1x1152]  (T=1, K=1152)
  - op#05  op=QK       shard=1   q=[1x16x1x128] + k=[1x16x128x1152]  ->  y=[1x16x1x1152]  (T=1, K=1152)
  - op#06  op=Softmax  shard=0   scores=[1x16x1x1152]  ->  y=[1x16x1x1152]  (T=1, K=1152)
  - op#07  op=Softmax  shard=1   scores=[1x16x1x1152]  ->  y=[1x16x1x1152]  (T=1, K=1152)
  - op#08  op=O        shard=0   x=[1x1x2048] + w=[4096x2048]  ->  y=[1x1x4096]  (T=1, K=1152)
  - op#09  op=Add      shard=-1  a=[1x1x4096] + b=[1x1x4096]  ->  y=[1x1x4096]  (T=1, K=1152)
  - op#10  op=FFN_W3   shard=0   x=[1x1x4096] + w=[5504x4096]  ->  y=[1x1x5504]  (T=1, K=1152)
  - op#11  op=FFN_W3   shard=1   x=[1x1x4096] + w=[5504x4096]  ->  y=[1x1x5504]  (T=1, K=1152)
  - op#12  op=FFN_W2   shard=1   x=[1x1x5504] + w=[4096x5504]  ->  y=[1x1x4096]  (T=1, K=1152)
  - op#13  op=Add      shard=-1  a=[1x1x4096] + b=[1x1x4096]  ->  y=[1x1x4096]  (T=1, K=1152)
[gpu-debug] per-op timing breakdown (avg over iters):
  idx  op       sh  io                                                    time   est_flops    TFLOPs       bytes      GB/s
  ------------------------------------------------------------------------------------------------------------------------
    0  Q         0  x[1x1x4096]+w[2048x4096]->y[1x1x2048]               0.044ms    16.777 M      0.38   16.01 MiB    379.54
    1  K         0  x[1x1x4096]+w[2048x4096]->y[1x1x2048]               0.031ms    16.777 M      0.54   16.01 MiB    535.82
    2  Q         1  x[1x1x4096]+w[2048x4096]->y[1x1x2048]               0.030ms    16.777 M      0.55   16.01 MiB    553.92
    3  K         1  x[1x1x4096]+w[2048x4096]->y[1x1x2048]               0.030ms    16.777 M      0.56   16.01 MiB    557.69
    4  QK        0  q[1x16x1x128]+k[1x16x128x1152]->y[1x16x1x1152]      0.030ms     4.719 M      0.16    4.54 MiB    160.28
    5  QK        1  q[1x16x1x128]+k[1x16x128x1152]->y[1x16x1x1152]      0.044ms     4.719 M      0.11    4.54 MiB    108.85
    6  Softmax   0  scores[1x16x1x1152]->y[1x16x1x1152]                 0.026ms    92.160 K      0.00   72.00 KiB      2.80
    7  Softmax   1  scores[1x16x1x1152]->y[1x16x1x1152]                 0.018ms    92.160 K      0.01   72.00 KiB      4.09
    8  O         0  x[1x1x2048]+w[4096x2048]->y[1x1x4096]               0.034ms    16.777 M      0.50   16.01 MiB    499.88
    9  Add      -1  a[1x1x4096]+b[1x1x4096]->y[1x1x4096]                0.013ms     4.096 K      0.00   24.00 KiB      1.95
   10  FFN_W3    0  x[1x1x4096]+w[5504x4096]->y[1x1x5504]               0.059ms    45.089 M      0.76   43.02 MiB    763.44
   11  FFN_W3    1  x[1x1x4096]+w[5504x4096]->y[1x1x5504]               0.047ms    45.089 M      0.96   43.02 MiB    961.81
   12  FFN_W2    1  x[1x1x5504]+w[4096x5504]->y[1x1x4096]               0.049ms    45.089 M      0.93   43.02 MiB    929.34
   13  Add      -1  a[1x1x4096]+b[1x1x4096]->y[1x1x4096]                0.008ms     4.096 K      0.00   24.00 KiB      2.89
[gpu-debug] segment avg latency (cuda_events): 0.337 ms
[gpu-debug] sum(per-op)               : 0.463 ms (ratio=1.374)
[gpu-debug] NOTE: sum(per-op) may differ from segment latency due to Python overhead, event/launch overhead, and allocator/cache effects.
[gpu-debug] cuda mem before warmup: alloc=237.05 MiB reserved=254.00 MiB
[gpu-debug] cuda mem after warmup : alloc=237.05 MiB reserved=254.00 MiB
[gpu-debug] cuda mem peak (this segment): max_alloc=237.12 MiB max_reserved=254.00 MiB
========================================================================================
[gpu-debug] segment_key=npu|decode|4|6717ebe949ad3a58c39630962e495792
[gpu-debug] sig: device_type=npu phase=decode step=4 (count_hint=1)
[gpu-debug] ops_repr: LN:-1,Q:0,K:0,Q:1,K:1,QK:0,QK:1,Softmax:0,Softmax:1,O:0,Add:-1,FFN_W3:0,FFN_W3:1,FFN_W2:1,Add:-1
[gpu-debug] cfg: device=cuda dtype=torch.bfloat16 batch=1 dim=4096 ffn_dim=11008 n_heads=32 shards=2
[gpu-debug] op plan (with inferred tensor shapes):
  - op#00  op=LN       shard=-1  x=[1x1x4096] + w=[4096]  ->  y=[1x1x4096]  (T=1, K=1216)
  - op#01  op=Q        shard=0   x=[1x1x4096] + w=[2048x4096]  ->  y=[1x1x2048]  (T=1, K=1216)
  - op#02  op=K        shard=0   x=[1x1x4096] + w=[2048x4096]  ->  y=[1x1x2048]  (T=1, K=1216)
  - op#03  op=Q        shard=1   x=[1x1x4096] + w=[2048x4096]  ->  y=[1x1x2048]  (T=1, K=1216)
  - op#04  op=K        shard=1   x=[1x1x4096] + w=[2048x4096]  ->  y=[1x1x2048]  (T=1, K=1216)
  - op#05  op=QK       shard=0   q=[1x16x1x128] + k=[1x16x128x1216]  ->  y=[1x16x1x1216]  (T=1, K=1216)
  - op#06  op=QK       shard=1   q=[1x16x1x128] + k=[1x16x128x1216]  ->  y=[1x16x1x1216]  (T=1, K=1216)
  - op#07  op=Softmax  shard=0   scores=[1x16x1x1216]  ->  y=[1x16x1x1216]  (T=1, K=1216)
  - op#08  op=Softmax  shard=1   scores=[1x16x1x1216]  ->  y=[1x16x1x1216]  (T=1, K=1216)
  - op#09  op=O        shard=0   x=[1x1x2048] + w=[4096x2048]  ->  y=[1x1x4096]  (T=1, K=1216)
  - op#10  op=Add      shard=-1  a=[1x1x4096] + b=[1x1x4096]  ->  y=[1x1x4096]  (T=1, K=1216)
  - op#11  op=FFN_W3   shard=0   x=[1x1x4096] + w=[5504x4096]  ->  y=[1x1x5504]  (T=1, K=1216)
  - op#12  op=FFN_W3   shard=1   x=[1x1x4096] + w=[5504x4096]  ->  y=[1x1x5504]  (T=1, K=1216)
  - op#13  op=FFN_W2   shard=1   x=[1x1x5504] + w=[4096x5504]  ->  y=[1x1x4096]  (T=1, K=1216)
  - op#14  op=Add      shard=-1  a=[1x1x4096] + b=[1x1x4096]  ->  y=[1x1x4096]  (T=1, K=1216)
[gpu-debug] per-op timing breakdown (avg over iters):
  idx  op       sh  io                                                    time   est_flops    TFLOPs       bytes      GB/s
  ------------------------------------------------------------------------------------------------------------------------
    0  LN       -1  x[1x1x4096]+w[4096]->y[1x1x4096]                    0.070ms    20.480 K      0.00   24.00 KiB      0.35
    1  Q         0  x[1x1x4096]+w[2048x4096]->y[1x1x2048]               0.049ms    16.777 M      0.34   16.01 MiB    343.01
    2  K         0  x[1x1x4096]+w[2048x4096]->y[1x1x2048]               0.032ms    16.777 M      0.53   16.01 MiB    530.61
    3  Q         1  x[1x1x4096]+w[2048x4096]->y[1x1x2048]               0.031ms    16.777 M      0.54   16.01 MiB    542.91
    4  K         1  x[1x1x4096]+w[2048x4096]->y[1x1x2048]               0.030ms    16.777 M      0.55   16.01 MiB    553.92
    5  QK        0  q[1x16x1x128]+k[1x16x128x1216]->y[1x16x1x1216]      0.031ms     4.981 M      0.16    4.79 MiB    164.63
    6  QK        1  q[1x16x1x128]+k[1x16x128x1216]->y[1x16x1x1216]      0.043ms     4.981 M      0.11    4.79 MiB    115.98
    7  Softmax   0  scores[1x16x1x1216]->y[1x16x1x1216]                 0.027ms    97.280 K      0.00   76.00 KiB      2.84
    8  Softmax   1  scores[1x16x1x1216]->y[1x16x1x1216]                 0.018ms    97.280 K      0.01   76.00 KiB      4.25
    9  O         0  x[1x1x2048]+w[4096x2048]->y[1x1x4096]               0.033ms    16.777 M      0.51   16.01 MiB    513.98
   10  Add      -1  a[1x1x4096]+b[1x1x4096]->y[1x1x4096]                0.012ms     4.096 K      0.00   24.00 KiB      1.97
   11  FFN_W3    0  x[1x1x4096]+w[5504x4096]->y[1x1x5504]               0.059ms    45.089 M      0.77   43.02 MiB    768.77
   12  FFN_W3    1  x[1x1x4096]+w[5504x4096]->y[1x1x5504]               0.046ms    45.089 M      0.97   43.02 MiB    972.42
   13  FFN_W2    1  x[1x1x5504]+w[4096x5504]->y[1x1x4096]               0.049ms    45.089 M      0.93   43.02 MiB    929.34
   14  Add      -1  a[1x1x4096]+b[1x1x4096]->y[1x1x4096]                0.009ms     4.096 K      0.00   24.00 KiB      2.79
[gpu-debug] segment avg latency (cuda_events): 0.376 ms
[gpu-debug] sum(per-op)               : 0.539 ms (ratio=1.433)
[gpu-debug] NOTE: sum(per-op) may differ from segment latency due to Python overhead, event/launch overhead, and allocator/cache effects.
[gpu-debug] cuda mem before warmup: alloc=237.05 MiB reserved=254.00 MiB
[gpu-debug] cuda mem after warmup : alloc=241.84 MiB reserved=254.00 MiB
[gpu-debug] cuda mem peak (this segment): max_alloc=241.91 MiB max_reserved=254.00 MiB
========================================================================================
[gpu-debug] segment_key=npu|decode|4|a9e026325a7bbcf6b107cf55eac83702
[gpu-debug] sig: device_type=npu phase=decode step=4 (count_hint=31)
[gpu-debug] ops_repr: Q:0,K:0,Q:1,K:1,QK:0,QK:1,Softmax:0,Softmax:1,O:0,Add:-1,FFN_W3:0,FFN_W3:1,FFN_W2:1,Add:-1
[gpu-debug] cfg: device=cuda dtype=torch.bfloat16 batch=1 dim=4096 ffn_dim=11008 n_heads=32 shards=2
[gpu-debug] op plan (with inferred tensor shapes):
  - op#00  op=Q        shard=0   x=[1x1x4096] + w=[2048x4096]  ->  y=[1x1x2048]  (T=1, K=1216)
  - op#01  op=K        shard=0   x=[1x1x4096] + w=[2048x4096]  ->  y=[1x1x2048]  (T=1, K=1216)
  - op#02  op=Q        shard=1   x=[1x1x4096] + w=[2048x4096]  ->  y=[1x1x2048]  (T=1, K=1216)
  - op#03  op=K        shard=1   x=[1x1x4096] + w=[2048x4096]  ->  y=[1x1x2048]  (T=1, K=1216)
  - op#04  op=QK       shard=0   q=[1x16x1x128] + k=[1x16x128x1216]  ->  y=[1x16x1x1216]  (T=1, K=1216)
  - op#05  op=QK       shard=1   q=[1x16x1x128] + k=[1x16x128x1216]  ->  y=[1x16x1x1216]  (T=1, K=1216)
  - op#06  op=Softmax  shard=0   scores=[1x16x1x1216]  ->  y=[1x16x1x1216]  (T=1, K=1216)
  - op#07  op=Softmax  shard=1   scores=[1x16x1x1216]  ->  y=[1x16x1x1216]  (T=1, K=1216)
  - op#08  op=O        shard=0   x=[1x1x2048] + w=[4096x2048]  ->  y=[1x1x4096]  (T=1, K=1216)
  - op#09  op=Add      shard=-1  a=[1x1x4096] + b=[1x1x4096]  ->  y=[1x1x4096]  (T=1, K=1216)
  - op#10  op=FFN_W3   shard=0   x=[1x1x4096] + w=[5504x4096]  ->  y=[1x1x5504]  (T=1, K=1216)
  - op#11  op=FFN_W3   shard=1   x=[1x1x4096] + w=[5504x4096]  ->  y=[1x1x5504]  (T=1, K=1216)
  - op#12  op=FFN_W2   shard=1   x=[1x1x5504] + w=[4096x5504]  ->  y=[1x1x4096]  (T=1, K=1216)
  - op#13  op=Add      shard=-1  a=[1x1x4096] + b=[1x1x4096]  ->  y=[1x1x4096]  (T=1, K=1216)
[gpu-debug] per-op timing breakdown (avg over iters):
  idx  op       sh  io                                                    time   est_flops    TFLOPs       bytes      GB/s
  ------------------------------------------------------------------------------------------------------------------------
    0  Q         0  x[1x1x4096]+w[2048x4096]->y[1x1x2048]               0.044ms    16.777 M      0.38   16.01 MiB    379.54
    1  K         0  x[1x1x4096]+w[2048x4096]->y[1x1x2048]               0.031ms    16.777 M      0.54   16.01 MiB    542.91
    2  Q         1  x[1x1x4096]+w[2048x4096]->y[1x1x2048]               0.030ms    16.777 M      0.55   16.01 MiB    552.05
    3  K         1  x[1x1x4096]+w[2048x4096]->y[1x1x2048]               0.030ms    16.777 M      0.56   16.01 MiB    555.80
    4  QK        0  q[1x16x1x128]+k[1x16x128x1216]->y[1x16x1x1216]      0.029ms     4.981 M      0.17    4.79 MiB    171.54
    5  QK        1  q[1x16x1x128]+k[1x16x128x1216]->y[1x16x1x1216]      0.043ms     4.981 M      0.12    4.79 MiB    117.37
    6  Softmax   0  scores[1x16x1x1216]->y[1x16x1x1216]                 0.027ms    97.280 K      0.00   76.00 KiB      2.93
    7  Softmax   1  scores[1x16x1x1216]->y[1x16x1x1216]                 0.018ms    97.280 K      0.01   76.00 KiB      4.27
    8  O         0  x[1x1x2048]+w[4096x2048]->y[1x1x4096]               0.033ms    16.777 M      0.51   16.01 MiB    506.05
    9  Add      -1  a[1x1x4096]+b[1x1x4096]->y[1x1x4096]                0.012ms     4.096 K      0.00   24.00 KiB      2.07
   10  FFN_W3    0  x[1x1x4096]+w[5504x4096]->y[1x1x5504]               0.059ms    45.089 M      0.76   43.02 MiB    764.77
   11  FFN_W3    1  x[1x1x4096]+w[5504x4096]->y[1x1x5504]               0.047ms    45.089 M      0.96   43.02 MiB    963.91
   12  FFN_W2    1  x[1x1x5504]+w[4096x5504]->y[1x1x4096]               0.049ms    45.089 M      0.93   43.02 MiB    925.44
   13  Add      -1  a[1x1x4096]+b[1x1x4096]->y[1x1x4096]                0.008ms     4.096 K      0.00   24.00 KiB      3.00
[gpu-debug] segment avg latency (cuda_events): 0.338 ms
[gpu-debug] sum(per-op)               : 0.460 ms (ratio=1.362)
[gpu-debug] NOTE: sum(per-op) may differ from segment latency due to Python overhead, event/launch overhead, and allocator/cache effects.
[gpu-debug] cuda mem before warmup: alloc=241.84 MiB reserved=254.00 MiB
[gpu-debug] cuda mem after warmup : alloc=241.84 MiB reserved=254.00 MiB
[gpu-debug] cuda mem peak (this segment): max_alloc=241.91 MiB max_reserved=254.00 MiB
========================================================================================
[gpu-debug] segment_key=npu|decode|5|6717ebe949ad3a58c39630962e495792
[gpu-debug] sig: device_type=npu phase=decode step=5 (count_hint=1)
[gpu-debug] ops_repr: LN:-1,Q:0,K:0,Q:1,K:1,QK:0,QK:1,Softmax:0,Softmax:1,O:0,Add:-1,FFN_W3:0,FFN_W3:1,FFN_W2:1,Add:-1
[gpu-debug] cfg: device=cuda dtype=torch.bfloat16 batch=1 dim=4096 ffn_dim=11008 n_heads=32 shards=2
[gpu-debug] op plan (with inferred tensor shapes):
  - op#00  op=LN       shard=-1  x=[1x1x4096] + w=[4096]  ->  y=[1x1x4096]  (T=1, K=1280)
  - op#01  op=Q        shard=0   x=[1x1x4096] + w=[2048x4096]  ->  y=[1x1x2048]  (T=1, K=1280)
  - op#02  op=K        shard=0   x=[1x1x4096] + w=[2048x4096]  ->  y=[1x1x2048]  (T=1, K=1280)
  - op#03  op=Q        shard=1   x=[1x1x4096] + w=[2048x4096]  ->  y=[1x1x2048]  (T=1, K=1280)
  - op#04  op=K        shard=1   x=[1x1x4096] + w=[2048x4096]  ->  y=[1x1x2048]  (T=1, K=1280)
  - op#05  op=QK       shard=0   q=[1x16x1x128] + k=[1x16x128x1280]  ->  y=[1x16x1x1280]  (T=1, K=1280)
  - op#06  op=QK       shard=1   q=[1x16x1x128] + k=[1x16x128x1280]  ->  y=[1x16x1x1280]  (T=1, K=1280)
  - op#07  op=Softmax  shard=0   scores=[1x16x1x1280]  ->  y=[1x16x1x1280]  (T=1, K=1280)
  - op#08  op=Softmax  shard=1   scores=[1x16x1x1280]  ->  y=[1x16x1x1280]  (T=1, K=1280)
  - op#09  op=O        shard=0   x=[1x1x2048] + w=[4096x2048]  ->  y=[1x1x4096]  (T=1, K=1280)
  - op#10  op=Add      shard=-1  a=[1x1x4096] + b=[1x1x4096]  ->  y=[1x1x4096]  (T=1, K=1280)
  - op#11  op=FFN_W3   shard=0   x=[1x1x4096] + w=[5504x4096]  ->  y=[1x1x5504]  (T=1, K=1280)
  - op#12  op=FFN_W3   shard=1   x=[1x1x4096] + w=[5504x4096]  ->  y=[1x1x5504]  (T=1, K=1280)
  - op#13  op=FFN_W2   shard=1   x=[1x1x5504] + w=[4096x5504]  ->  y=[1x1x4096]  (T=1, K=1280)
  - op#14  op=Add      shard=-1  a=[1x1x4096] + b=[1x1x4096]  ->  y=[1x1x4096]  (T=1, K=1280)
[gpu-debug] per-op timing breakdown (avg over iters):
  idx  op       sh  io                                                    time   est_flops    TFLOPs       bytes      GB/s
  ------------------------------------------------------------------------------------------------------------------------
    0  LN       -1  x[1x1x4096]+w[4096]->y[1x1x4096]                    0.070ms    20.480 K      0.00   24.00 KiB      0.35
    1  Q         0  x[1x1x4096]+w[2048x4096]->y[1x1x2048]               0.049ms    16.777 M      0.35   16.01 MiB    345.91
    2  K         0  x[1x1x4096]+w[2048x4096]->y[1x1x2048]               0.032ms    16.777 M      0.53   16.01 MiB    532.34
    3  Q         1  x[1x1x4096]+w[2048x4096]->y[1x1x2048]               0.031ms    16.777 M      0.54   16.01 MiB    542.91
    4  K         1  x[1x1x4096]+w[2048x4096]->y[1x1x2048]               0.031ms    16.777 M      0.54   16.01 MiB    544.72
    5  QK        0  q[1x16x1x128]+k[1x16x128x1280]->y[1x16x1x1280]      0.031ms     5.243 M      0.17    5.04 MiB    170.43
    6  QK        1  q[1x16x1x128]+k[1x16x128x1280]->y[1x16x1x1280]      0.043ms     5.243 M      0.12    5.04 MiB    122.37
    7  Softmax   0  scores[1x16x1x1280]->y[1x16x1x1280]                 0.028ms   102.400 K      0.00   80.00 KiB      2.90
    8  Softmax   1  scores[1x16x1x1280]->y[1x16x1x1280]                 0.019ms   102.400 K      0.01   80.00 KiB      4.37
    9  O         0  x[1x1x2048]+w[4096x2048]->y[1x1x4096]               0.032ms    16.777 M      0.53   16.01 MiB    525.51
   10  Add      -1  a[1x1x4096]+b[1x1x4096]->y[1x1x4096]                0.012ms     4.096 K      0.00   24.00 KiB      1.98
   11  FFN_W3    0  x[1x1x4096]+w[5504x4096]->y[1x1x5504]               0.059ms    45.089 M      0.77   43.02 MiB    766.10
   12  FFN_W3    1  x[1x1x4096]+w[5504x4096]->y[1x1x5504]               0.047ms    45.089 M      0.97   43.02 MiB    968.15
   13  FFN_W2    1  x[1x1x5504]+w[4096x5504]->y[1x1x4096]               0.048ms    45.089 M      0.93   43.02 MiB    931.31
   14  Add      -1  a[1x1x4096]+b[1x1x4096]->y[1x1x4096]                0.009ms     4.096 K      0.00   24.00 KiB      2.70
[gpu-debug] segment avg latency (cuda_events): 0.379 ms
[gpu-debug] sum(per-op)               : 0.540 ms (ratio=1.426)
[gpu-debug] NOTE: sum(per-op) may differ from segment latency due to Python overhead, event/launch overhead, and allocator/cache effects.
[gpu-debug] cuda mem before warmup: alloc=241.84 MiB reserved=254.00 MiB
[gpu-debug] cuda mem after warmup : alloc=246.88 MiB reserved=254.00 MiB
[gpu-debug] cuda mem peak (this segment): max_alloc=246.96 MiB max_reserved=254.00 MiB
========================================================================================
[gpu-debug] segment_key=npu|decode|5|a9e026325a7bbcf6b107cf55eac83702
[gpu-debug] sig: device_type=npu phase=decode step=5 (count_hint=31)
[gpu-debug] ops_repr: Q:0,K:0,Q:1,K:1,QK:0,QK:1,Softmax:0,Softmax:1,O:0,Add:-1,FFN_W3:0,FFN_W3:1,FFN_W2:1,Add:-1
[gpu-debug] cfg: device=cuda dtype=torch.bfloat16 batch=1 dim=4096 ffn_dim=11008 n_heads=32 shards=2
[gpu-debug] op plan (with inferred tensor shapes):
  - op#00  op=Q        shard=0   x=[1x1x4096] + w=[2048x4096]  ->  y=[1x1x2048]  (T=1, K=1280)
  - op#01  op=K        shard=0   x=[1x1x4096] + w=[2048x4096]  ->  y=[1x1x2048]  (T=1, K=1280)
  - op#02  op=Q        shard=1   x=[1x1x4096] + w=[2048x4096]  ->  y=[1x1x2048]  (T=1, K=1280)
  - op#03  op=K        shard=1   x=[1x1x4096] + w=[2048x4096]  ->  y=[1x1x2048]  (T=1, K=1280)
  - op#04  op=QK       shard=0   q=[1x16x1x128] + k=[1x16x128x1280]  ->  y=[1x16x1x1280]  (T=1, K=1280)
  - op#05  op=QK       shard=1   q=[1x16x1x128] + k=[1x16x128x1280]  ->  y=[1x16x1x1280]  (T=1, K=1280)
  - op#06  op=Softmax  shard=0   scores=[1x16x1x1280]  ->  y=[1x16x1x1280]  (T=1, K=1280)
  - op#07  op=Softmax  shard=1   scores=[1x16x1x1280]  ->  y=[1x16x1x1280]  (T=1, K=1280)
  - op#08  op=O        shard=0   x=[1x1x2048] + w=[4096x2048]  ->  y=[1x1x4096]  (T=1, K=1280)
  - op#09  op=Add      shard=-1  a=[1x1x4096] + b=[1x1x4096]  ->  y=[1x1x4096]  (T=1, K=1280)
  - op#10  op=FFN_W3   shard=0   x=[1x1x4096] + w=[5504x4096]  ->  y=[1x1x5504]  (T=1, K=1280)
  - op#11  op=FFN_W3   shard=1   x=[1x1x4096] + w=[5504x4096]  ->  y=[1x1x5504]  (T=1, K=1280)
  - op#12  op=FFN_W2   shard=1   x=[1x1x5504] + w=[4096x5504]  ->  y=[1x1x4096]  (T=1, K=1280)
  - op#13  op=Add      shard=-1  a=[1x1x4096] + b=[1x1x4096]  ->  y=[1x1x4096]  (T=1, K=1280)
[gpu-debug] per-op timing breakdown (avg over iters):
  idx  op       sh  io                                                    time   est_flops    TFLOPs       bytes      GB/s
  ------------------------------------------------------------------------------------------------------------------------
    0  Q         0  x[1x1x4096]+w[2048x4096]->y[1x1x2048]               0.045ms    16.777 M      0.38   16.01 MiB    376.92
    1  K         0  x[1x1x4096]+w[2048x4096]->y[1x1x2048]               0.032ms    16.777 M      0.53   16.01 MiB    527.20
    2  Q         1  x[1x1x4096]+w[2048x4096]->y[1x1x2048]               0.031ms    16.777 M      0.55   16.01 MiB    550.20
    3  K         1  x[1x1x4096]+w[2048x4096]->y[1x1x2048]               0.031ms    16.777 M      0.55   16.01 MiB    550.20
    4  QK        0  q[1x16x1x128]+k[1x16x128x1280]->y[1x16x1x1280]      0.029ms     5.243 M      0.18    5.04 MiB    180.56
    5  QK        1  q[1x16x1x128]+k[1x16x128x1280]->y[1x16x1x1280]      0.044ms     5.243 M      0.12    5.04 MiB    120.94
    6  Softmax   0  scores[1x16x1x1280]->y[1x16x1x1280]                 0.027ms   102.400 K      0.00   80.00 KiB      3.00
    7  Softmax   1  scores[1x16x1x1280]->y[1x16x1x1280]                 0.019ms   102.400 K      0.01   80.00 KiB      4.42
    8  O         0  x[1x1x2048]+w[4096x2048]->y[1x1x4096]               0.032ms    16.777 M      0.53   16.01 MiB    525.51
    9  Add      -1  a[1x1x4096]+b[1x1x4096]->y[1x1x4096]                0.012ms     4.096 K      0.00   24.00 KiB      2.05
   10  FFN_W3    0  x[1x1x4096]+w[5504x4096]->y[1x1x5504]               0.059ms    45.089 M      0.76   43.02 MiB    764.77
   11  FFN_W3    1  x[1x1x4096]+w[5504x4096]->y[1x1x5504]               0.047ms    45.089 M      0.96   43.02 MiB    961.81
   12  FFN_W2    1  x[1x1x5504]+w[4096x5504]->y[1x1x4096]               0.048ms    45.089 M      0.93   43.02 MiB    931.31
   13  Add      -1  a[1x1x4096]+b[1x1x4096]->y[1x1x4096]                0.008ms     4.096 K      0.00   24.00 KiB      2.89
[gpu-debug] segment avg latency (cuda_events): 0.341 ms
[gpu-debug] sum(per-op)               : 0.463 ms (ratio=1.358)
[gpu-debug] NOTE: sum(per-op) may differ from segment latency due to Python overhead, event/launch overhead, and allocator/cache effects.
[gpu-debug] cuda mem before warmup: alloc=246.88 MiB reserved=254.00 MiB
[gpu-debug] cuda mem after warmup : alloc=246.88 MiB reserved=254.00 MiB
[gpu-debug] cuda mem peak (this segment): max_alloc=246.96 MiB max_reserved=254.00 MiB
========================================================================================
[gpu-debug] segment_key=npu|decode|6|6717ebe949ad3a58c39630962e495792
[gpu-debug] sig: device_type=npu phase=decode step=6 (count_hint=1)
[gpu-debug] ops_repr: LN:-1,Q:0,K:0,Q:1,K:1,QK:0,QK:1,Softmax:0,Softmax:1,O:0,Add:-1,FFN_W3:0,FFN_W3:1,FFN_W2:1,Add:-1
[gpu-debug] cfg: device=cuda dtype=torch.bfloat16 batch=1 dim=4096 ffn_dim=11008 n_heads=32 shards=2
[gpu-debug] op plan (with inferred tensor shapes):
  - op#00  op=LN       shard=-1  x=[1x1x4096] + w=[4096]  ->  y=[1x1x4096]  (T=1, K=1344)
  - op#01  op=Q        shard=0   x=[1x1x4096] + w=[2048x4096]  ->  y=[1x1x2048]  (T=1, K=1344)
  - op#02  op=K        shard=0   x=[1x1x4096] + w=[2048x4096]  ->  y=[1x1x2048]  (T=1, K=1344)
  - op#03  op=Q        shard=1   x=[1x1x4096] + w=[2048x4096]  ->  y=[1x1x2048]  (T=1, K=1344)
  - op#04  op=K        shard=1   x=[1x1x4096] + w=[2048x4096]  ->  y=[1x1x2048]  (T=1, K=1344)
  - op#05  op=QK       shard=0   q=[1x16x1x128] + k=[1x16x128x1344]  ->  y=[1x16x1x1344]  (T=1, K=1344)
  - op#06  op=QK       shard=1   q=[1x16x1x128] + k=[1x16x128x1344]  ->  y=[1x16x1x1344]  (T=1, K=1344)
  - op#07  op=Softmax  shard=0   scores=[1x16x1x1344]  ->  y=[1x16x1x1344]  (T=1, K=1344)
  - op#08  op=Softmax  shard=1   scores=[1x16x1x1344]  ->  y=[1x16x1x1344]  (T=1, K=1344)
  - op#09  op=O        shard=0   x=[1x1x2048] + w=[4096x2048]  ->  y=[1x1x4096]  (T=1, K=1344)
  - op#10  op=Add      shard=-1  a=[1x1x4096] + b=[1x1x4096]  ->  y=[1x1x4096]  (T=1, K=1344)
  - op#11  op=FFN_W3   shard=0   x=[1x1x4096] + w=[5504x4096]  ->  y=[1x1x5504]  (T=1, K=1344)
  - op#12  op=FFN_W3   shard=1   x=[1x1x4096] + w=[5504x4096]  ->  y=[1x1x5504]  (T=1, K=1344)
  - op#13  op=FFN_W2   shard=1   x=[1x1x5504] + w=[4096x5504]  ->  y=[1x1x4096]  (T=1, K=1344)
  - op#14  op=Add      shard=-1  a=[1x1x4096] + b=[1x1x4096]  ->  y=[1x1x4096]  (T=1, K=1344)
[gpu-debug] per-op timing breakdown (avg over iters):
  idx  op       sh  io                                                    time   est_flops    TFLOPs       bytes      GB/s
  ------------------------------------------------------------------------------------------------------------------------
    0  LN       -1  x[1x1x4096]+w[4096]->y[1x1x4096]                    0.071ms    20.480 K      0.00   24.00 KiB      0.35
    1  Q         0  x[1x1x4096]+w[2048x4096]->y[1x1x2048]               0.049ms    16.777 M      0.35   16.01 MiB    345.91
    2  K         0  x[1x1x4096]+w[2048x4096]->y[1x1x2048]               0.032ms    16.777 M      0.52   16.01 MiB    517.22
    3  Q         1  x[1x1x4096]+w[2048x4096]->y[1x1x2048]               0.031ms    16.777 M      0.55   16.01 MiB    550.20
    4  K         1  x[1x1x4096]+w[2048x4096]->y[1x1x2048]               0.030ms    16.777 M      0.55   16.01 MiB    552.05
    5  QK        0  q[1x16x1x128]+k[1x16x128x1344]->y[1x16x1x1344]      0.031ms     5.505 M      0.18    5.29 MiB    178.36
    6  QK        1  q[1x16x1x128]+k[1x16x128x1344]->y[1x16x1x1344]      0.044ms     5.505 M      0.13    5.29 MiB    126.98
    7  Softmax   0  scores[1x16x1x1344]->y[1x16x1x1344]                 0.029ms   107.520 K      0.00   84.00 KiB      2.94
    8  Softmax   1  scores[1x16x1x1344]->y[1x16x1x1344]                 0.019ms   107.520 K      0.01   84.00 KiB      4.49
    9  O         0  x[1x1x2048]+w[4096x2048]->y[1x1x4096]               0.031ms    16.777 M      0.54   16.01 MiB    542.91
   10  Add      -1  a[1x1x4096]+b[1x1x4096]->y[1x1x4096]                0.013ms     4.096 K      0.00   24.00 KiB      1.85
   11  FFN_W3    0  x[1x1x4096]+w[5504x4096]->y[1x1x5504]               0.059ms    45.089 M      0.76   43.02 MiB    759.50
   12  FFN_W3    1  x[1x1x4096]+w[5504x4096]->y[1x1x5504]               0.047ms    45.089 M      0.96   43.02 MiB    961.81
   13  FFN_W2    1  x[1x1x5504]+w[4096x5504]->y[1x1x4096]               0.049ms    45.089 M      0.93   43.02 MiB    929.34
   14  Add      -1  a[1x1x4096]+b[1x1x4096]->y[1x1x4096]                0.009ms     4.096 K      0.00   24.00 KiB      2.82
[gpu-debug] segment avg latency (cuda_events): 0.381 ms
[gpu-debug] sum(per-op)               : 0.544 ms (ratio=1.426)
[gpu-debug] NOTE: sum(per-op) may differ from segment latency due to Python overhead, event/launch overhead, and allocator/cache effects.
[gpu-debug] cuda mem before warmup: alloc=246.88 MiB reserved=254.00 MiB
[gpu-debug] cuda mem after warmup : alloc=252.17 MiB reserved=274.00 MiB
[gpu-debug] cuda mem peak (this segment): max_alloc=252.25 MiB max_reserved=274.00 MiB
========================================================================================
[gpu-debug] segment_key=npu|decode|6|a9e026325a7bbcf6b107cf55eac83702
[gpu-debug] sig: device_type=npu phase=decode step=6 (count_hint=31)
[gpu-debug] ops_repr: Q:0,K:0,Q:1,K:1,QK:0,QK:1,Softmax:0,Softmax:1,O:0,Add:-1,FFN_W3:0,FFN_W3:1,FFN_W2:1,Add:-1
[gpu-debug] cfg: device=cuda dtype=torch.bfloat16 batch=1 dim=4096 ffn_dim=11008 n_heads=32 shards=2
[gpu-debug] op plan (with inferred tensor shapes):
  - op#00  op=Q        shard=0   x=[1x1x4096] + w=[2048x4096]  ->  y=[1x1x2048]  (T=1, K=1344)
  - op#01  op=K        shard=0   x=[1x1x4096] + w=[2048x4096]  ->  y=[1x1x2048]  (T=1, K=1344)
  - op#02  op=Q        shard=1   x=[1x1x4096] + w=[2048x4096]  ->  y=[1x1x2048]  (T=1, K=1344)
  - op#03  op=K        shard=1   x=[1x1x4096] + w=[2048x4096]  ->  y=[1x1x2048]  (T=1, K=1344)
  - op#04  op=QK       shard=0   q=[1x16x1x128] + k=[1x16x128x1344]  ->  y=[1x16x1x1344]  (T=1, K=1344)
  - op#05  op=QK       shard=1   q=[1x16x1x128] + k=[1x16x128x1344]  ->  y=[1x16x1x1344]  (T=1, K=1344)
  - op#06  op=Softmax  shard=0   scores=[1x16x1x1344]  ->  y=[1x16x1x1344]  (T=1, K=1344)
  - op#07  op=Softmax  shard=1   scores=[1x16x1x1344]  ->  y=[1x16x1x1344]  (T=1, K=1344)
  - op#08  op=O        shard=0   x=[1x1x2048] + w=[4096x2048]  ->  y=[1x1x4096]  (T=1, K=1344)
  - op#09  op=Add      shard=-1  a=[1x1x4096] + b=[1x1x4096]  ->  y=[1x1x4096]  (T=1, K=1344)
  - op#10  op=FFN_W3   shard=0   x=[1x1x4096] + w=[5504x4096]  ->  y=[1x1x5504]  (T=1, K=1344)
  - op#11  op=FFN_W3   shard=1   x=[1x1x4096] + w=[5504x4096]  ->  y=[1x1x5504]  (T=1, K=1344)
  - op#12  op=FFN_W2   shard=1   x=[1x1x5504] + w=[4096x5504]  ->  y=[1x1x4096]  (T=1, K=1344)
  - op#13  op=Add      shard=-1  a=[1x1x4096] + b=[1x1x4096]  ->  y=[1x1x4096]  (T=1, K=1344)
[gpu-debug] per-op timing breakdown (avg over iters):
  idx  op       sh  io                                                    time   est_flops    TFLOPs       bytes      GB/s
  ------------------------------------------------------------------------------------------------------------------------
    0  Q         0  x[1x1x4096]+w[2048x4096]->y[1x1x2048]               0.045ms    16.777 M      0.37   16.01 MiB    375.19
    1  K         0  x[1x1x4096]+w[2048x4096]->y[1x1x2048]               0.031ms    16.777 M      0.54   16.01 MiB    539.34
    2  Q         1  x[1x1x4096]+w[2048x4096]->y[1x1x2048]               0.031ms    16.777 M      0.55   16.01 MiB    548.36
    3  K         1  x[1x1x4096]+w[2048x4096]->y[1x1x2048]               0.030ms    16.777 M      0.55   16.01 MiB    553.92
    4  QK        0  q[1x16x1x128]+k[1x16x128x1344]->y[1x16x1x1344]      0.030ms     5.505 M      0.18    5.29 MiB    185.68
    5  QK        1  q[1x16x1x128]+k[1x16x128x1344]->y[1x16x1x1344]      0.044ms     5.505 M      0.13    5.29 MiB    126.39
    6  Softmax   0  scores[1x16x1x1344]->y[1x16x1x1344]                 0.028ms   107.520 K      0.00   84.00 KiB      3.09
    7  Softmax   1  scores[1x16x1x1344]->y[1x16x1x1344]                 0.019ms   107.520 K      0.01   84.00 KiB      4.47
    8  O         0  x[1x1x2048]+w[4096x2048]->y[1x1x4096]               0.031ms    16.777 M      0.55   16.01 MiB    548.36
    9  Add      -1  a[1x1x4096]+b[1x1x4096]->y[1x1x4096]                0.013ms     4.096 K      0.00   24.00 KiB      1.95
   10  FFN_W3    0  x[1x1x4096]+w[5504x4096]->y[1x1x5504]               0.059ms    45.089 M      0.76   43.02 MiB    762.12
   11  FFN_W3    1  x[1x1x4096]+w[5504x4096]->y[1x1x5504]               0.047ms    45.089 M      0.96   43.02 MiB    959.71
   12  FFN_W2    1  x[1x1x5504]+w[4096x5504]->y[1x1x4096]               0.048ms    45.089 M      0.93   43.02 MiB    931.31
   13  Add      -1  a[1x1x4096]+b[1x1x4096]->y[1x1x4096]                0.008ms     4.096 K      0.00   24.00 KiB      2.93
[gpu-debug] segment avg latency (cuda_events): 0.344 ms
[gpu-debug] sum(per-op)               : 0.464 ms (ratio=1.348)
[gpu-debug] NOTE: sum(per-op) may differ from segment latency due to Python overhead, event/launch overhead, and allocator/cache effects.
[gpu-debug] cuda mem before warmup: alloc=252.17 MiB reserved=274.00 MiB
[gpu-debug] cuda mem after warmup : alloc=252.17 MiB reserved=274.00 MiB
[gpu-debug] cuda mem peak (this segment): max_alloc=252.25 MiB max_reserved=274.00 MiB
========================================================================================
[gpu-debug] segment_key=npu|decode|7|6717ebe949ad3a58c39630962e495792
[gpu-debug] sig: device_type=npu phase=decode step=7 (count_hint=1)
[gpu-debug] ops_repr: LN:-1,Q:0,K:0,Q:1,K:1,QK:0,QK:1,Softmax:0,Softmax:1,O:0,Add:-1,FFN_W3:0,FFN_W3:1,FFN_W2:1,Add:-1
[gpu-debug] cfg: device=cuda dtype=torch.bfloat16 batch=1 dim=4096 ffn_dim=11008 n_heads=32 shards=2
[gpu-debug] op plan (with inferred tensor shapes):
  - op#00  op=LN       shard=-1  x=[1x1x4096] + w=[4096]  ->  y=[1x1x4096]  (T=1, K=1408)
  - op#01  op=Q        shard=0   x=[1x1x4096] + w=[2048x4096]  ->  y=[1x1x2048]  (T=1, K=1408)
  - op#02  op=K        shard=0   x=[1x1x4096] + w=[2048x4096]  ->  y=[1x1x2048]  (T=1, K=1408)
  - op#03  op=Q        shard=1   x=[1x1x4096] + w=[2048x4096]  ->  y=[1x1x2048]  (T=1, K=1408)
  - op#04  op=K        shard=1   x=[1x1x4096] + w=[2048x4096]  ->  y=[1x1x2048]  (T=1, K=1408)
  - op#05  op=QK       shard=0   q=[1x16x1x128] + k=[1x16x128x1408]  ->  y=[1x16x1x1408]  (T=1, K=1408)
  - op#06  op=QK       shard=1   q=[1x16x1x128] + k=[1x16x128x1408]  ->  y=[1x16x1x1408]  (T=1, K=1408)
  - op#07  op=Softmax  shard=0   scores=[1x16x1x1408]  ->  y=[1x16x1x1408]  (T=1, K=1408)
  - op#08  op=Softmax  shard=1   scores=[1x16x1x1408]  ->  y=[1x16x1x1408]  (T=1, K=1408)
  - op#09  op=O        shard=0   x=[1x1x2048] + w=[4096x2048]  ->  y=[1x1x4096]  (T=1, K=1408)
  - op#10  op=Add      shard=-1  a=[1x1x4096] + b=[1x1x4096]  ->  y=[1x1x4096]  (T=1, K=1408)
  - op#11  op=FFN_W3   shard=0   x=[1x1x4096] + w=[5504x4096]  ->  y=[1x1x5504]  (T=1, K=1408)
  - op#12  op=FFN_W3   shard=1   x=[1x1x4096] + w=[5504x4096]  ->  y=[1x1x5504]  (T=1, K=1408)
  - op#13  op=FFN_W2   shard=1   x=[1x1x5504] + w=[4096x5504]  ->  y=[1x1x4096]  (T=1, K=1408)
  - op#14  op=Add      shard=-1  a=[1x1x4096] + b=[1x1x4096]  ->  y=[1x1x4096]  (T=1, K=1408)
[gpu-debug] per-op timing breakdown (avg over iters):
  idx  op       sh  io                                                    time   est_flops    TFLOPs       bytes      GB/s
  ------------------------------------------------------------------------------------------------------------------------
    0  LN       -1  x[1x1x4096]+w[4096]->y[1x1x4096]                    0.070ms    20.480 K      0.00   24.00 KiB      0.35
    1  Q         0  x[1x1x4096]+w[2048x4096]->y[1x1x2048]               0.049ms    16.777 M      0.34   16.01 MiB    341.58
    2  K         0  x[1x1x4096]+w[2048x4096]->y[1x1x2048]               0.032ms    16.777 M      0.53   16.01 MiB    527.20
    3  Q         1  x[1x1x4096]+w[2048x4096]->y[1x1x2048]               0.031ms    16.777 M      0.55   16.01 MiB    548.36
    4  K         1  x[1x1x4096]+w[2048x4096]->y[1x1x2048]               0.031ms    16.777 M      0.55   16.01 MiB    550.20
    5  QK        0  q[1x16x1x128]+k[1x16x128x1408]->y[1x16x1x1408]      0.031ms     5.767 M      0.19    5.55 MiB    187.46
    6  QK        1  q[1x16x1x128]+k[1x16x128x1408]->y[1x16x1x1408]      0.044ms     5.767 M      0.13    5.55 MiB    132.71
    7  Softmax   0  scores[1x16x1x1408]->y[1x16x1x1408]                 0.029ms   112.640 K      0.00   88.00 KiB      3.10
    8  Softmax   1  scores[1x16x1x1408]->y[1x16x1x1408]                 0.019ms   112.640 K      0.01   88.00 KiB      4.66
    9  O         0  x[1x1x2048]+w[4096x2048]->y[1x1x4096]               0.031ms    16.777 M      0.55   16.01 MiB    550.20
   10  Add      -1  a[1x1x4096]+b[1x1x4096]->y[1x1x4096]                0.012ms     4.096 K      0.00   24.00 KiB      1.97
   11  FFN_W3    0  x[1x1x4096]+w[5504x4096]->y[1x1x5504]               0.058ms    45.089 M      0.77   43.02 MiB    774.18
   12  FFN_W3    1  x[1x1x4096]+w[5504x4096]->y[1x1x5504]               0.047ms    45.089 M      0.96   43.02 MiB    959.71
   13  FFN_W2    1  x[1x1x5504]+w[4096x5504]->y[1x1x4096]               0.048ms    45.089 M      0.93   43.02 MiB    935.26
   14  Add      -1  a[1x1x4096]+b[1x1x4096]->y[1x1x4096]                0.009ms     4.096 K      0.00   24.00 KiB      2.79
[gpu-debug] segment avg latency (cuda_events): 0.382 ms
[gpu-debug] sum(per-op)               : 0.541 ms (ratio=1.417)
[gpu-debug] NOTE: sum(per-op) may differ from segment latency due to Python overhead, event/launch overhead, and allocator/cache effects.
[gpu-debug] cuda mem before warmup: alloc=252.17 MiB reserved=274.00 MiB
[gpu-debug] cuda mem after warmup : alloc=257.71 MiB reserved=274.00 MiB
[gpu-debug] cuda mem peak (this segment): max_alloc=257.80 MiB max_reserved=274.00 MiB
========================================================================================
[gpu-debug] segment_key=npu|decode|7|a9e026325a7bbcf6b107cf55eac83702
[gpu-debug] sig: device_type=npu phase=decode step=7 (count_hint=31)
[gpu-debug] ops_repr: Q:0,K:0,Q:1,K:1,QK:0,QK:1,Softmax:0,Softmax:1,O:0,Add:-1,FFN_W3:0,FFN_W3:1,FFN_W2:1,Add:-1
[gpu-debug] cfg: device=cuda dtype=torch.bfloat16 batch=1 dim=4096 ffn_dim=11008 n_heads=32 shards=2
[gpu-debug] op plan (with inferred tensor shapes):
  - op#00  op=Q        shard=0   x=[1x1x4096] + w=[2048x4096]  ->  y=[1x1x2048]  (T=1, K=1408)
  - op#01  op=K        shard=0   x=[1x1x4096] + w=[2048x4096]  ->  y=[1x1x2048]  (T=1, K=1408)
  - op#02  op=Q        shard=1   x=[1x1x4096] + w=[2048x4096]  ->  y=[1x1x2048]  (T=1, K=1408)
  - op#03  op=K        shard=1   x=[1x1x4096] + w=[2048x4096]  ->  y=[1x1x2048]  (T=1, K=1408)
  - op#04  op=QK       shard=0   q=[1x16x1x128] + k=[1x16x128x1408]  ->  y=[1x16x1x1408]  (T=1, K=1408)
  - op#05  op=QK       shard=1   q=[1x16x1x128] + k=[1x16x128x1408]  ->  y=[1x16x1x1408]  (T=1, K=1408)
  - op#06  op=Softmax  shard=0   scores=[1x16x1x1408]  ->  y=[1x16x1x1408]  (T=1, K=1408)
  - op#07  op=Softmax  shard=1   scores=[1x16x1x1408]  ->  y=[1x16x1x1408]  (T=1, K=1408)
  - op#08  op=O        shard=0   x=[1x1x2048] + w=[4096x2048]  ->  y=[1x1x4096]  (T=1, K=1408)
  - op#09  op=Add      shard=-1  a=[1x1x4096] + b=[1x1x4096]  ->  y=[1x1x4096]  (T=1, K=1408)
  - op#10  op=FFN_W3   shard=0   x=[1x1x4096] + w=[5504x4096]  ->  y=[1x1x5504]  (T=1, K=1408)
  - op#11  op=FFN_W3   shard=1   x=[1x1x4096] + w=[5504x4096]  ->  y=[1x1x5504]  (T=1, K=1408)
  - op#12  op=FFN_W2   shard=1   x=[1x1x5504] + w=[4096x5504]  ->  y=[1x1x4096]  (T=1, K=1408)
  - op#13  op=Add      shard=-1  a=[1x1x4096] + b=[1x1x4096]  ->  y=[1x1x4096]  (T=1, K=1408)
[gpu-debug] per-op timing breakdown (avg over iters):
  idx  op       sh  io                                                    time   est_flops    TFLOPs       bytes      GB/s
  ------------------------------------------------------------------------------------------------------------------------
    0  Q         0  x[1x1x4096]+w[2048x4096]->y[1x1x2048]               0.045ms    16.777 M      0.38   16.01 MiB    376.06
    1  K         0  x[1x1x4096]+w[2048x4096]->y[1x1x2048]               0.032ms    16.777 M      0.52   16.01 MiB    523.83
    2  Q         1  x[1x1x4096]+w[2048x4096]->y[1x1x2048]               0.031ms    16.777 M      0.55   16.01 MiB    548.36
    3  K         1  x[1x1x4096]+w[2048x4096]->y[1x1x2048]               0.030ms    16.777 M      0.55   16.01 MiB    553.92
    4  QK        0  q[1x16x1x128]+k[1x16x128x1408]->y[1x16x1x1408]      0.029ms     5.767 M      0.20    5.55 MiB    198.60
    5  QK        1  q[1x16x1x128]+k[1x16x128x1408]->y[1x16x1x1408]      0.043ms     5.767 M      0.13    5.55 MiB    135.89
    6  Softmax   0  scores[1x16x1x1408]->y[1x16x1x1408]                 0.028ms   112.640 K      0.00   88.00 KiB      3.18
    7  Softmax   1  scores[1x16x1x1408]->y[1x16x1x1408]                 0.019ms   112.640 K      0.01   88.00 KiB      4.66
    8  O         0  x[1x1x2048]+w[4096x2048]->y[1x1x4096]               0.030ms    16.777 M      0.56   16.01 MiB    557.69
    9  Add      -1  a[1x1x4096]+b[1x1x4096]->y[1x1x4096]                0.012ms     4.096 K      0.00   24.00 KiB      2.03
   10  FFN_W3    0  x[1x1x4096]+w[5504x4096]->y[1x1x5504]               0.059ms    45.089 M      0.76   43.02 MiB    764.77
   11  FFN_W3    1  x[1x1x4096]+w[5504x4096]->y[1x1x5504]               0.047ms    45.089 M      0.96   43.02 MiB    957.62
   12  FFN_W2    1  x[1x1x5504]+w[4096x5504]->y[1x1x4096]               0.048ms    45.089 M      0.93   43.02 MiB    933.28
   13  Add      -1  a[1x1x4096]+b[1x1x4096]->y[1x1x4096]                0.008ms     4.096 K      0.00   24.00 KiB      2.96
[gpu-debug] segment avg latency (cuda_events): 0.343 ms
[gpu-debug] sum(per-op)               : 0.462 ms (ratio=1.347)
[gpu-debug] NOTE: sum(per-op) may differ from segment latency due to Python overhead, event/launch overhead, and allocator/cache effects.
[gpu-debug] cuda mem before warmup: alloc=257.71 MiB reserved=274.00 MiB
[gpu-debug] cuda mem after warmup : alloc=257.71 MiB reserved=274.00 MiB
[gpu-debug] cuda mem peak (this segment): max_alloc=257.80 MiB max_reserved=274.00 MiB
========================================================================================
[gpu-debug] segment_key=npu|decode|8|6717ebe949ad3a58c39630962e495792
[gpu-debug] sig: device_type=npu phase=decode step=8 (count_hint=1)
[gpu-debug] ops_repr: LN:-1,Q:0,K:0,Q:1,K:1,QK:0,QK:1,Softmax:0,Softmax:1,O:0,Add:-1,FFN_W3:0,FFN_W3:1,FFN_W2:1,Add:-1
[gpu-debug] cfg: device=cuda dtype=torch.bfloat16 batch=1 dim=4096 ffn_dim=11008 n_heads=32 shards=2
[gpu-debug] op plan (with inferred tensor shapes):
  - op#00  op=LN       shard=-1  x=[1x1x4096] + w=[4096]  ->  y=[1x1x4096]  (T=1, K=1472)
  - op#01  op=Q        shard=0   x=[1x1x4096] + w=[2048x4096]  ->  y=[1x1x2048]  (T=1, K=1472)
  - op#02  op=K        shard=0   x=[1x1x4096] + w=[2048x4096]  ->  y=[1x1x2048]  (T=1, K=1472)
  - op#03  op=Q        shard=1   x=[1x1x4096] + w=[2048x4096]  ->  y=[1x1x2048]  (T=1, K=1472)
  - op#04  op=K        shard=1   x=[1x1x4096] + w=[2048x4096]  ->  y=[1x1x2048]  (T=1, K=1472)
  - op#05  op=QK       shard=0   q=[1x16x1x128] + k=[1x16x128x1472]  ->  y=[1x16x1x1472]  (T=1, K=1472)
  - op#06  op=QK       shard=1   q=[1x16x1x128] + k=[1x16x128x1472]  ->  y=[1x16x1x1472]  (T=1, K=1472)
  - op#07  op=Softmax  shard=0   scores=[1x16x1x1472]  ->  y=[1x16x1x1472]  (T=1, K=1472)
  - op#08  op=Softmax  shard=1   scores=[1x16x1x1472]  ->  y=[1x16x1x1472]  (T=1, K=1472)
  - op#09  op=O        shard=0   x=[1x1x2048] + w=[4096x2048]  ->  y=[1x1x4096]  (T=1, K=1472)
  - op#10  op=Add      shard=-1  a=[1x1x4096] + b=[1x1x4096]  ->  y=[1x1x4096]  (T=1, K=1472)
  - op#11  op=FFN_W3   shard=0   x=[1x1x4096] + w=[5504x4096]  ->  y=[1x1x5504]  (T=1, K=1472)
  - op#12  op=FFN_W3   shard=1   x=[1x1x4096] + w=[5504x4096]  ->  y=[1x1x5504]  (T=1, K=1472)
  - op#13  op=FFN_W2   shard=1   x=[1x1x5504] + w=[4096x5504]  ->  y=[1x1x4096]  (T=1, K=1472)
  - op#14  op=Add      shard=-1  a=[1x1x4096] + b=[1x1x4096]  ->  y=[1x1x4096]  (T=1, K=1472)
[gpu-debug] per-op timing breakdown (avg over iters):
  idx  op       sh  io                                                    time   est_flops    TFLOPs       bytes      GB/s
  ------------------------------------------------------------------------------------------------------------------------
    0  LN       -1  x[1x1x4096]+w[4096]->y[1x1x4096]                    0.070ms    20.480 K      0.00   24.00 KiB      0.35
    1  Q         0  x[1x1x4096]+w[2048x4096]->y[1x1x2048]               0.049ms    16.777 M      0.34   16.01 MiB    342.30
    2  K         0  x[1x1x4096]+w[2048x4096]->y[1x1x2048]               0.032ms    16.777 M      0.52   16.01 MiB    520.51
    3  Q         1  x[1x1x4096]+w[2048x4096]->y[1x1x2048]               0.031ms    16.777 M      0.55   16.01 MiB    546.53
    4  K         1  x[1x1x4096]+w[2048x4096]->y[1x1x2048]               0.031ms    16.777 M      0.55   16.01 MiB    550.20
    5  QK        0  q[1x16x1x128]+k[1x16x128x1472]->y[1x16x1x1472]      0.031ms     6.029 M      0.19    5.80 MiB    196.62
    6  QK        1  q[1x16x1x128]+k[1x16x128x1472]->y[1x16x1x1472]      0.044ms     6.029 M      0.14    5.80 MiB    139.39
    7  Softmax   0  scores[1x16x1x1472]->y[1x16x1x1472]                 0.030ms   117.760 K      0.00   92.00 KiB      3.17
    8  Softmax   1  scores[1x16x1x1472]->y[1x16x1x1472]                 0.020ms   117.760 K      0.01   92.00 KiB      4.69
    9  O         0  x[1x1x2048]+w[4096x2048]->y[1x1x4096]               0.031ms    16.777 M      0.55   16.01 MiB    546.53
   10  Add      -1  a[1x1x4096]+b[1x1x4096]->y[1x1x4096]                0.012ms     4.096 K      0.00   24.00 KiB      1.98
   11  FFN_W3    0  x[1x1x4096]+w[5504x4096]->y[1x1x5504]               0.059ms    45.089 M      0.77   43.02 MiB    770.12
   12  FFN_W3    1  x[1x1x4096]+w[5504x4096]->y[1x1x5504]               0.046ms    45.089 M      0.97   43.02 MiB    970.28
   13  FFN_W2    1  x[1x1x5504]+w[4096x5504]->y[1x1x4096]               0.048ms    45.089 M      0.94   43.02 MiB    937.25
   14  Add      -1  a[1x1x4096]+b[1x1x4096]->y[1x1x4096]                0.009ms     4.096 K      0.00   24.00 KiB      2.79
[gpu-debug] segment avg latency (cuda_events): 0.381 ms
[gpu-debug] sum(per-op)               : 0.542 ms (ratio=1.421)
[gpu-debug] NOTE: sum(per-op) may differ from segment latency due to Python overhead, event/launch overhead, and allocator/cache effects.
[gpu-debug] cuda mem before warmup: alloc=257.71 MiB reserved=274.00 MiB
[gpu-debug] cuda mem after warmup : alloc=263.51 MiB reserved=274.00 MiB
[gpu-debug] cuda mem peak (this segment): max_alloc=263.60 MiB max_reserved=274.00 MiB
========================================================================================
[gpu-debug] segment_key=npu|decode|8|a9e026325a7bbcf6b107cf55eac83702
[gpu-debug] sig: device_type=npu phase=decode step=8 (count_hint=31)
[gpu-debug] ops_repr: Q:0,K:0,Q:1,K:1,QK:0,QK:1,Softmax:0,Softmax:1,O:0,Add:-1,FFN_W3:0,FFN_W3:1,FFN_W2:1,Add:-1
[gpu-debug] cfg: device=cuda dtype=torch.bfloat16 batch=1 dim=4096 ffn_dim=11008 n_heads=32 shards=2
[gpu-debug] op plan (with inferred tensor shapes):
  - op#00  op=Q        shard=0   x=[1x1x4096] + w=[2048x4096]  ->  y=[1x1x2048]  (T=1, K=1472)
  - op#01  op=K        shard=0   x=[1x1x4096] + w=[2048x4096]  ->  y=[1x1x2048]  (T=1, K=1472)
  - op#02  op=Q        shard=1   x=[1x1x4096] + w=[2048x4096]  ->  y=[1x1x2048]  (T=1, K=1472)
  - op#03  op=K        shard=1   x=[1x1x4096] + w=[2048x4096]  ->  y=[1x1x2048]  (T=1, K=1472)
  - op#04  op=QK       shard=0   q=[1x16x1x128] + k=[1x16x128x1472]  ->  y=[1x16x1x1472]  (T=1, K=1472)
  - op#05  op=QK       shard=1   q=[1x16x1x128] + k=[1x16x128x1472]  ->  y=[1x16x1x1472]  (T=1, K=1472)
  - op#06  op=Softmax  shard=0   scores=[1x16x1x1472]  ->  y=[1x16x1x1472]  (T=1, K=1472)
  - op#07  op=Softmax  shard=1   scores=[1x16x1x1472]  ->  y=[1x16x1x1472]  (T=1, K=1472)
  - op#08  op=O        shard=0   x=[1x1x2048] + w=[4096x2048]  ->  y=[1x1x4096]  (T=1, K=1472)
  - op#09  op=Add      shard=-1  a=[1x1x4096] + b=[1x1x4096]  ->  y=[1x1x4096]  (T=1, K=1472)
  - op#10  op=FFN_W3   shard=0   x=[1x1x4096] + w=[5504x4096]  ->  y=[1x1x5504]  (T=1, K=1472)
  - op#11  op=FFN_W3   shard=1   x=[1x1x4096] + w=[5504x4096]  ->  y=[1x1x5504]  (T=1, K=1472)
  - op#12  op=FFN_W2   shard=1   x=[1x1x5504] + w=[4096x5504]  ->  y=[1x1x4096]  (T=1, K=1472)
  - op#13  op=Add      shard=-1  a=[1x1x4096] + b=[1x1x4096]  ->  y=[1x1x4096]  (T=1, K=1472)
[gpu-debug] per-op timing breakdown (avg over iters):
  idx  op       sh  io                                                    time   est_flops    TFLOPs       bytes      GB/s
  ------------------------------------------------------------------------------------------------------------------------
    0  Q         0  x[1x1x4096]+w[2048x4096]->y[1x1x2048]               0.044ms    16.777 M      0.38   16.01 MiB    377.79
    1  K         0  x[1x1x4096]+w[2048x4096]->y[1x1x2048]               0.032ms    16.777 M      0.53   16.01 MiB    528.90
    2  Q         1  x[1x1x4096]+w[2048x4096]->y[1x1x2048]               0.031ms    16.777 M      0.54   16.01 MiB    544.72
    3  K         1  x[1x1x4096]+w[2048x4096]->y[1x1x2048]               0.031ms    16.777 M      0.55   16.01 MiB    550.20
    4  QK        0  q[1x16x1x128]+k[1x16x128x1472]->y[1x16x1x1472]      0.029ms     6.029 M      0.21    5.80 MiB    206.90
    5  QK        1  q[1x16x1x128]+k[1x16x128x1472]->y[1x16x1x1472]      0.045ms     6.029 M      0.14    5.80 MiB    136.51
    6  Softmax   0  scores[1x16x1x1472]->y[1x16x1x1472]                 0.028ms   117.760 K      0.00   92.00 KiB      3.31
    7  Softmax   1  scores[1x16x1x1472]->y[1x16x1x1472]                 0.020ms   117.760 K      0.01   92.00 KiB      4.79
    8  O         0  x[1x1x2048]+w[4096x2048]->y[1x1x4096]               0.030ms    16.777 M      0.56   16.01 MiB    557.69
    9  Add      -1  a[1x1x4096]+b[1x1x4096]->y[1x1x4096]                0.012ms     4.096 K      0.00   24.00 KiB      2.07
   10  FFN_W3    0  x[1x1x4096]+w[5504x4096]->y[1x1x5504]               0.059ms    45.089 M      0.77   43.02 MiB    767.43
   11  FFN_W3    1  x[1x1x4096]+w[5504x4096]->y[1x1x5504]               0.047ms    45.089 M      0.96   43.02 MiB    955.55
   12  FFN_W2    1  x[1x1x5504]+w[4096x5504]->y[1x1x4096]               0.049ms    45.089 M      0.93   43.02 MiB    927.38
   13  Add      -1  a[1x1x4096]+b[1x1x4096]->y[1x1x4096]                0.009ms     4.096 K      0.00   24.00 KiB      2.86
[gpu-debug] segment avg latency (cuda_events): 0.345 ms
[gpu-debug] sum(per-op)               : 0.465 ms (ratio=1.347)
[gpu-debug] NOTE: sum(per-op) may differ from segment latency due to Python overhead, event/launch overhead, and allocator/cache effects.
[gpu-debug] cuda mem before warmup: alloc=263.51 MiB reserved=274.00 MiB
[gpu-debug] cuda mem after warmup : alloc=263.51 MiB reserved=274.00 MiB
[gpu-debug] cuda mem peak (this segment): max_alloc=263.60 MiB max_reserved=274.00 MiB
========================================================================================
[gpu-debug] segment_key=npu|prefill|-1|7f370cc7d97df3530a56c775d62964d4
[gpu-debug] sig: device_type=npu phase=prefill step=-1 (count_hint=32)
[gpu-debug] ops_repr: LN:-1,Q:0,K:0,V:0,Q:1,K:1,V:1,QK:0,QK:1,Softmax:0,Softmax:1,SV:0,SV:1,O:0,O:1,Add:-1,LN:-1,FFN_W1:0,FFN_W3:0,FFN_W1:1,FFN_W3:1,SwiGLU:0,SwiGLU:1,FFN_W2:0,FFN_W2:1,Add:-1
[gpu-debug] cfg: device=cuda dtype=torch.bfloat16 batch=1 dim=4096 ffn_dim=11008 n_heads=32 shards=2
[gpu-debug] op plan (with inferred tensor shapes):
  - op#00  op=LN       shard=-1  x=[1x1024x4096] + w=[4096]  ->  y=[1x1024x4096]  (T=1024, K=1024)
  - op#01  op=Q        shard=0   x=[1x1024x4096] + w=[2048x4096]  ->  y=[1x1024x2048]  (T=1024, K=1024)
  - op#02  op=K        shard=0   x=[1x1024x4096] + w=[2048x4096]  ->  y=[1x1024x2048]  (T=1024, K=1024)
  - op#03  op=V        shard=0   x=[1x1024x4096] + w=[2048x4096]  ->  y=[1x1024x2048]  (T=1024, K=1024)
  - op#04  op=Q        shard=1   x=[1x1024x4096] + w=[2048x4096]  ->  y=[1x1024x2048]  (T=1024, K=1024)
  - op#05  op=K        shard=1   x=[1x1024x4096] + w=[2048x4096]  ->  y=[1x1024x2048]  (T=1024, K=1024)
  - op#06  op=V        shard=1   x=[1x1024x4096] + w=[2048x4096]  ->  y=[1x1024x2048]  (T=1024, K=1024)
  - op#07  op=QK       shard=0   q=[1x16x1024x128] + k=[1x16x128x1024]  ->  y=[1x16x1024x1024]  (T=1024, K=1024)
  - op#08  op=QK       shard=1   q=[1x16x1024x128] + k=[1x16x128x1024]  ->  y=[1x16x1024x1024]  (T=1024, K=1024)
  - op#09  op=Softmax  shard=0   scores=[1x16x1024x1024]  ->  y=[1x16x1024x1024]  (T=1024, K=1024)
  - op#10  op=Softmax  shard=1   scores=[1x16x1024x1024]  ->  y=[1x16x1024x1024]  (T=1024, K=1024)
  - op#11  op=SV       shard=0   p=[1x16x1024x1024] + v=[1x16x1024x128]  ->  y=[1x16x1024x128]  (T=1024, K=1024)
  - op#12  op=SV       shard=1   p=[1x16x1024x1024] + v=[1x16x1024x128]  ->  y=[1x16x1024x128]  (T=1024, K=1024)
  - op#13  op=O        shard=0   x=[1x1024x2048] + w=[4096x2048]  ->  y=[1x1024x4096]  (T=1024, K=1024)
  - op#14  op=O        shard=1   x=[1x1024x2048] + w=[4096x2048]  ->  y=[1x1024x4096]  (T=1024, K=1024)
  - op#15  op=Add      shard=-1  a=[1x1024x4096] + b=[1x1024x4096]  ->  y=[1x1024x4096]  (T=1024, K=1024)
  - op#16  op=LN       shard=-1  x=[1x1024x4096] + w=[4096]  ->  y=[1x1024x4096]  (T=1024, K=1024)
  - op#17  op=FFN_W1   shard=0   x=[1x1024x4096] + w=[5504x4096]  ->  y=[1x1024x5504]  (T=1024, K=1024)
  - op#18  op=FFN_W3   shard=0   x=[1x1024x4096] + w=[5504x4096]  ->  y=[1x1024x5504]  (T=1024, K=1024)
  - op#19  op=FFN_W1   shard=1   x=[1x1024x4096] + w=[5504x4096]  ->  y=[1x1024x5504]  (T=1024, K=1024)
  - op#20  op=FFN_W3   shard=1   x=[1x1024x4096] + w=[5504x4096]  ->  y=[1x1024x5504]  (T=1024, K=1024)
  - op#21  op=SwiGLU   shard=0   a=[1x1024x5504] + b=[1x1024x5504]  ->  y=[1x1024x5504]  (T=1024, K=1024)
  - op#22  op=SwiGLU   shard=1   a=[1x1024x5504] + b=[1x1024x5504]  ->  y=[1x1024x5504]  (T=1024, K=1024)
  - op#23  op=FFN_W2   shard=0   x=[1x1024x5504] + w=[4096x5504]  ->  y=[1x1024x4096]  (T=1024, K=1024)
  - op#24  op=FFN_W2   shard=1   x=[1x1024x5504] + w=[4096x5504]  ->  y=[1x1024x4096]  (T=1024, K=1024)
  - op#25  op=Add      shard=-1  a=[1x1024x4096] + b=[1x1024x4096]  ->  y=[1x1024x4096]  (T=1024, K=1024)
[gpu-debug] per-op timing breakdown (avg over iters):
  idx  op       sh  io                                                    time   est_flops    TFLOPs       bytes      GB/s
  ------------------------------------------------------------------------------------------------------------------------
    0  LN       -1  x[1x1024x4096]+w[4096]->y[1x1024x4096]              0.090ms    20.972 M      0.23   16.01 MiB    186.70
    1  Q         0  x[1x1024x4096]+w[2048x4096]->y[1x1024x2048]         0.115ms    17.180 G    149.13   28.00 MiB    254.86
    2  K         0  x[1x1024x4096]+w[2048x4096]->y[1x1024x2048]         0.107ms    17.180 G    160.09   28.00 MiB    273.59
    3  V         0  x[1x1024x4096]+w[2048x4096]->y[1x1024x2048]         0.107ms    17.180 G    160.24   28.00 MiB    273.85
    4  Q         1  x[1x1024x4096]+w[2048x4096]->y[1x1024x2048]         0.108ms    17.180 G    159.33   28.00 MiB    272.29
    5  K         1  x[1x1024x4096]+w[2048x4096]->y[1x1024x2048]         0.108ms    17.180 G    159.78   28.00 MiB    273.07
    6  V         1  x[1x1024x4096]+w[2048x4096]->y[1x1024x2048]         0.107ms    17.180 G    160.55   28.00 MiB    274.37
    7  QK        0  q[1x16x1024x128]+k[1x16x128x1024]->y[1x16x1...      0.112ms     4.295 G     38.37   40.00 MiB    374.75
    8  QK        1  q[1x16x1024x128]+k[1x16x128x1024]->y[1x16x1...      0.113ms     4.295 G     37.85   40.00 MiB    369.68
    9  Softmax   0  scores[1x16x1024x1024]->y[1x16x1024x1024]           0.074ms    83.886 M      1.14   64.00 MiB    912.76
   10  Softmax   1  scores[1x16x1024x1024]->y[1x16x1024x1024]           0.071ms    83.886 M      1.18   64.00 MiB    944.32
   11  SV        0  p[1x16x1024x1024]+v[1x16x1024x128]->y[1x16x...      0.058ms     4.295 G     73.58   40.00 MiB    718.60
   12  SV        1  p[1x16x1024x1024]+v[1x16x1024x128]->y[1x16x...      0.052ms     4.295 G     82.24   40.00 MiB    803.14
   13  O         0  x[1x1024x2048]+w[4096x2048]->y[1x1024x4096]         0.130ms    17.180 G    132.42   28.00 MiB    226.30
   14  O         1  x[1x1024x2048]+w[4096x2048]->y[1x1024x4096]         0.130ms    17.180 G    132.00   28.00 MiB    225.59
   15  Add      -1  a[1x1024x4096]+b[1x1024x4096]->y[1x1024x4096]       0.013ms     4.194 M      0.31   24.00 MiB   1876.03
   16  LN       -1  x[1x1024x4096]+w[4096]->y[1x1024x4096]              0.072ms    20.972 M      0.29   16.01 MiB    234.51
   17  FFN_W1    0  x[1x1024x4096]+w[5504x4096]->y[1x1024x5504]         0.241ms    46.171 G    191.79   61.75 MiB    268.96
   18  FFN_W3    0  x[1x1024x4096]+w[5504x4096]->y[1x1024x5504]         0.240ms    46.171 G    192.77   61.75 MiB    270.34
   19  FFN_W1    1  x[1x1024x4096]+w[5504x4096]->y[1x1024x5504]         0.239ms    46.171 G    192.85   61.75 MiB    270.45
   20  FFN_W3    1  x[1x1024x4096]+w[5504x4096]->y[1x1024x5504]         0.239ms    46.171 G    192.93   61.75 MiB    270.57
   21  SwiGLU    0  a[1x1024x5504]+b[1x1024x5504]->y[1x1024x5504]       0.032ms    33.817 M      1.06   32.25 MiB   1055.08
   22  SwiGLU    1  a[1x1024x5504]+b[1x1024x5504]->y[1x1024x5504]       0.034ms    33.817 M      1.00   32.25 MiB   1003.77
   23  FFN_W2    0  x[1x1024x5504]+w[4096x5504]->y[1x1024x4096]         0.315ms    46.171 G    146.63   61.75 MiB    205.63
   24  FFN_W2    1  x[1x1024x5504]+w[4096x5504]->y[1x1024x4096]         0.315ms    46.171 G    146.77   61.75 MiB    205.83
   25  Add      -1  a[1x1024x4096]+b[1x1024x4096]->y[1x1024x4096]       0.015ms     4.194 M      0.28   24.00 MiB   1706.67
[gpu-debug] segment avg latency (cuda_events): 3.492 ms
[gpu-debug] sum(per-op)               : 3.236 ms (ratio=0.927)
[gpu-debug] NOTE: sum(per-op) may differ from segment latency due to Python overhead, event/launch overhead, and allocator/cache effects.
[gpu-debug] cuda mem before warmup: alloc=263.51 MiB reserved=274.00 MiB
[gpu-debug] cuda mem after warmup : alloc=506.26 MiB reserved=614.00 MiB
[gpu-debug] cuda mem peak (this segment): max_alloc=570.26 MiB max_reserved=614.00 MiB
  progress 19/19
[run-gpu] wrote /lustre/home/2501111916/workspace/XPUPIM_0226_gpupim_parameter/TriForm/verify/hw_hardware_1gpu_2aim/st64/llama_7b_bf16_b4_s64/ianus_1024x512.gpu_results.json
[slurm] wrote OK_FILE=/lustre/home/2501111916/workspace/XPUPIM_0226_gpupim_parameter/TriForm/verify/hw_hardware_1gpu_2aim/st64/llama_7b_bf16_b4_s64/ianus_1024x512.gpu.ok
