[slurm] jobid=9740573 nodelist=l12gpu02
[slurm] CUDA_VISIBLE_DEVICES=0
Sat Feb 28 09:10:43 2026       
+-----------------------------------------------------------------------------------------+
| NVIDIA-SMI 560.35.03              Driver Version: 560.35.03      CUDA Version: 12.6     |
|-----------------------------------------+------------------------+----------------------+
| GPU  Name                 Persistence-M | Bus-Id          Disp.A | Volatile Uncorr. ECC |
| Fan  Temp   Perf          Pwr:Usage/Cap |           Memory-Usage | GPU-Util  Compute M. |
|                                         |                        |               MIG M. |
|=========================================+========================+======================|
|   0  NVIDIA A100-PCIE-40GB          On  |   00000000:31:00.0 Off |                    0 |
| N/A   32C    P0             34W /  250W |       1MiB /  40960MiB |      0%      Default |
|                                         |                        |             Disabled |
+-----------------------------------------+------------------------+----------------------+
                                                                                         
+-----------------------------------------------------------------------------------------+
| Processes:                                                                              |
|  GPU   GI   CI        PID   Type   Process name                              GPU Memory |
|        ID   ID                                                               Usage      |
|=========================================================================================|
|  No running processes found                                                             |
+-----------------------------------------------------------------------------------------+
torch: 2.8.0+cu126
cuda available: True
device: NVIDIA A100-PCIE-40GB
[slurm] PY_SCRIPT=/lustre/home/2501111916/workspace/XPUPIM_0226_gpupim_parameter/TriForm/verify/schedule_deploy_verify.py
[slurm] TASKS_JSON=/lustre/home/2501111916/workspace/XPUPIM_0226_gpupim_parameter/TriForm/verify/hw_hardware_1gpu_2aim/st64/llama_7b_bf16_b8_s64/attn_on_pim_1024x1024.gpu_tasks.json
[slurm] OUT_JSON=/lustre/home/2501111916/workspace/XPUPIM_0226_gpupim_parameter/TriForm/verify/hw_hardware_1gpu_2aim/st64/llama_7b_bf16_b8_s64/attn_on_pim_1024x1024.gpu_results.json
[slurm] WARMUP=3 ITERS=10 DEVICE=cuda GPU_DTYPE=bf16 BATCH=1
[slurm] OK_FILE=/lustre/home/2501111916/workspace/XPUPIM_0226_gpupim_parameter/TriForm/verify/hw_hardware_1gpu_2aim/st64/llama_7b_bf16_b8_s64/attn_on_pim_1024x1024.gpu.ok
[slurm] Running: python /lustre/home/2501111916/workspace/XPUPIM_0226_gpupim_parameter/TriForm/verify/schedule_deploy_verify.py run-gpu --tasks /lustre/home/2501111916/workspace/XPUPIM_0226_gpupim_parameter/TriForm/verify/hw_hardware_1gpu_2aim/st64/llama_7b_bf16_b8_s64/attn_on_pim_1024x1024.gpu_tasks.json --out /lustre/home/2501111916/workspace/XPUPIM_0226_gpupim_parameter/TriForm/verify/hw_hardware_1gpu_2aim/st64/llama_7b_bf16_b8_s64/attn_on_pim_1024x1024.gpu_results.json --warmup 3 --iters 10 --debug --debug-txt /lustre/home/2501111916/workspace/XPUPIM_0226_gpupim_parameter/TriForm/verify/hw_hardware_1gpu_2aim/st64/llama_7b_bf16_b8_s64/attn_on_pim_1024x1024.gpu_debug.log --device cuda --gpu-dtype bf16 --batch 1
[run-gpu] tasks=18 warmup=3 iters=10 device=cuda dtype=bf16 batch=1 segment_scope=layer
[run-gpu] extra weight_load_s=0.267700s (will be added in merge)
[run-gpu] GPU[0] NVIDIA A100-PCIE-40GB; SM=108, CC=8.0
[run-gpu] nvidia-smi -L: GPU 0: NVIDIA A100-PCIE-40GB (UUID: GPU-d9e583db-d970-f6cd-7563-aefa55d156db)
[run-gpu] nvidia-smi query: NVIDIA A100-PCIE-40GB, GPU-d9e583db-d970-f6cd-7563-aefa55d156db, 560.35.03, 40960
[run-gpu][debug] torch_default_dtype=torch.float32
[run-gpu][debug] torch.backends.cuda.matmul.allow_tf32=False
[run-gpu][debug] cudnn.enabled=True benchmark=False deterministic=False allow_tf32=True
[run-gpu][debug] nvidia-smi snapshot: 0, 0, 0, 4, 40960, 32, 34.76, 250.00
========================================================================================
[gpu-debug] segment_key=npu|decode|0|2ef4409498d14c672a4fbbfe6786cce6
[gpu-debug] sig: device_type=npu phase=decode step=0 (count_hint=32)
[gpu-debug] ops_repr: LN:-1,Add:-1,LN:-1,FFN_W1:0,FFN_W3:0,FFN_W1:1,FFN_W3:1,SwiGLU:0,SwiGLU:1,FFN_W2:0,FFN_W2:1,Add:-1
[gpu-debug] cfg: device=cuda dtype=torch.bfloat16 batch=1 dim=4096 ffn_dim=11008 n_heads=32 shards=2
[gpu-debug] op plan (with inferred tensor shapes):
  - op#00  op=LN       shard=-1  x=[1x1x4096] + w=[4096]  ->  y=[1x1x4096]  (T=1, K=1025)
  - op#01  op=Add      shard=-1  a=[1x1x4096] + b=[1x1x4096]  ->  y=[1x1x4096]  (T=1, K=1025)
  - op#02  op=LN       shard=-1  x=[1x1x4096] + w=[4096]  ->  y=[1x1x4096]  (T=1, K=1025)
  - op#03  op=FFN_W1   shard=0   x=[1x1x4096] + w=[5504x4096]  ->  y=[1x1x5504]  (T=1, K=1025)
  - op#04  op=FFN_W3   shard=0   x=[1x1x4096] + w=[5504x4096]  ->  y=[1x1x5504]  (T=1, K=1025)
  - op#05  op=FFN_W1   shard=1   x=[1x1x4096] + w=[5504x4096]  ->  y=[1x1x5504]  (T=1, K=1025)
  - op#06  op=FFN_W3   shard=1   x=[1x1x4096] + w=[5504x4096]  ->  y=[1x1x5504]  (T=1, K=1025)
  - op#07  op=SwiGLU   shard=0   a=[1x1x5504] + b=[1x1x5504]  ->  y=[1x1x5504]  (T=1, K=1025)
  - op#08  op=SwiGLU   shard=1   a=[1x1x5504] + b=[1x1x5504]  ->  y=[1x1x5504]  (T=1, K=1025)
  - op#09  op=FFN_W2   shard=0   x=[1x1x5504] + w=[4096x5504]  ->  y=[1x1x4096]  (T=1, K=1025)
  - op#10  op=FFN_W2   shard=1   x=[1x1x5504] + w=[4096x5504]  ->  y=[1x1x4096]  (T=1, K=1025)
  - op#11  op=Add      shard=-1  a=[1x1x4096] + b=[1x1x4096]  ->  y=[1x1x4096]  (T=1, K=1025)
[gpu-debug] per-op timing breakdown (avg over iters):
  idx  op       sh  io                                                    time   est_flops    TFLOPs       bytes      GB/s
  ------------------------------------------------------------------------------------------------------------------------
    0  LN       -1  x[1x1x4096]+w[4096]->y[1x1x4096]                    0.067ms    20.480 K      0.00   24.00 KiB      0.37
    1  Add      -1  a[1x1x4096]+b[1x1x4096]->y[1x1x4096]                0.017ms     4.096 K      0.00   24.00 KiB      1.48
    2  LN       -1  x[1x1x4096]+w[4096]->y[1x1x4096]                    0.056ms    20.480 K      0.00   24.00 KiB      0.44
    3  FFN_W1    0  x[1x1x4096]+w[5504x4096]->y[1x1x5504]               0.065ms    45.089 M      0.70   43.02 MiB    695.90
    4  FFN_W3    0  x[1x1x4096]+w[5504x4096]->y[1x1x5504]               0.046ms    45.089 M      0.98   43.02 MiB    976.74
    5  FFN_W1    1  x[1x1x4096]+w[5504x4096]->y[1x1x5504]               0.046ms    45.089 M      0.98   43.02 MiB    983.28
    6  FFN_W3    1  x[1x1x4096]+w[5504x4096]->y[1x1x5504]               0.045ms    45.089 M      1.00   43.02 MiB    998.88
    7  SwiGLU    0  a[1x1x5504]+b[1x1x5504]->y[1x1x5504]                0.014ms    33.024 K      0.00   32.25 KiB      2.35
    8  SwiGLU    1  a[1x1x5504]+b[1x1x5504]->y[1x1x5504]                0.014ms    33.024 K      0.00   32.25 KiB      2.44
    9  FFN_W2    0  x[1x1x5504]+w[4096x5504]->y[1x1x4096]               0.048ms    45.089 M      0.93   43.02 MiB    935.26
   10  FFN_W2    1  x[1x1x5504]+w[4096x5504]->y[1x1x4096]               0.048ms    45.089 M      0.94   43.02 MiB    937.25
   11  Add      -1  a[1x1x4096]+b[1x1x4096]->y[1x1x4096]                0.009ms     4.096 K      0.00   24.00 KiB      2.61
[gpu-debug] segment avg latency (cuda_events): 0.363 ms
[gpu-debug] sum(per-op)               : 0.474 ms (ratio=1.307)
[gpu-debug] NOTE: sum(per-op) may differ from segment latency due to Python overhead, event/launch overhead, and allocator/cache effects.
[gpu-debug] cuda mem before warmup: alloc=0 B reserved=0 B
[gpu-debug] cuda mem after warmup : alloc=272.15 MiB reserved=286.00 MiB
[gpu-debug] cuda mem peak (this segment): max_alloc=272.17 MiB max_reserved=286.00 MiB
========================================================================================
[gpu-debug] segment_key=npu|decode|10|2ef4409498d14c672a4fbbfe6786cce6
[gpu-debug] sig: device_type=npu phase=decode step=10 (count_hint=32)
[gpu-debug] ops_repr: LN:-1,Add:-1,LN:-1,FFN_W1:0,FFN_W3:0,FFN_W1:1,FFN_W3:1,SwiGLU:0,SwiGLU:1,FFN_W2:0,FFN_W2:1,Add:-1
[gpu-debug] cfg: device=cuda dtype=torch.bfloat16 batch=1 dim=4096 ffn_dim=11008 n_heads=32 shards=2
[gpu-debug] op plan (with inferred tensor shapes):
  - op#00  op=LN       shard=-1  x=[1x1x4096] + w=[4096]  ->  y=[1x1x4096]  (T=1, K=1600)
  - op#01  op=Add      shard=-1  a=[1x1x4096] + b=[1x1x4096]  ->  y=[1x1x4096]  (T=1, K=1600)
  - op#02  op=LN       shard=-1  x=[1x1x4096] + w=[4096]  ->  y=[1x1x4096]  (T=1, K=1600)
  - op#03  op=FFN_W1   shard=0   x=[1x1x4096] + w=[5504x4096]  ->  y=[1x1x5504]  (T=1, K=1600)
  - op#04  op=FFN_W3   shard=0   x=[1x1x4096] + w=[5504x4096]  ->  y=[1x1x5504]  (T=1, K=1600)
  - op#05  op=FFN_W1   shard=1   x=[1x1x4096] + w=[5504x4096]  ->  y=[1x1x5504]  (T=1, K=1600)
  - op#06  op=FFN_W3   shard=1   x=[1x1x4096] + w=[5504x4096]  ->  y=[1x1x5504]  (T=1, K=1600)
  - op#07  op=SwiGLU   shard=0   a=[1x1x5504] + b=[1x1x5504]  ->  y=[1x1x5504]  (T=1, K=1600)
  - op#08  op=SwiGLU   shard=1   a=[1x1x5504] + b=[1x1x5504]  ->  y=[1x1x5504]  (T=1, K=1600)
  - op#09  op=FFN_W2   shard=0   x=[1x1x5504] + w=[4096x5504]  ->  y=[1x1x4096]  (T=1, K=1600)
  - op#10  op=FFN_W2   shard=1   x=[1x1x5504] + w=[4096x5504]  ->  y=[1x1x4096]  (T=1, K=1600)
  - op#11  op=Add      shard=-1  a=[1x1x4096] + b=[1x1x4096]  ->  y=[1x1x4096]  (T=1, K=1600)
[gpu-debug] per-op timing breakdown (avg over iters):
  idx  op       sh  io                                                    time   est_flops    TFLOPs       bytes      GB/s
  ------------------------------------------------------------------------------------------------------------------------
    0  LN       -1  x[1x1x4096]+w[4096]->y[1x1x4096]                    0.065ms    20.480 K      0.00   24.00 KiB      0.38
    1  Add      -1  a[1x1x4096]+b[1x1x4096]->y[1x1x4096]                0.017ms     4.096 K      0.00   24.00 KiB      1.46
    2  LN       -1  x[1x1x4096]+w[4096]->y[1x1x4096]                    0.055ms    20.480 K      0.00   24.00 KiB      0.45
    3  FFN_W1    0  x[1x1x4096]+w[5504x4096]->y[1x1x5504]               0.064ms    45.089 M      0.70   43.02 MiB    700.33
    4  FFN_W3    0  x[1x1x4096]+w[5504x4096]->y[1x1x5504]               0.046ms    45.089 M      0.99   43.02 MiB    985.48
    5  FFN_W1    1  x[1x1x4096]+w[5504x4096]->y[1x1x5504]               0.046ms    45.089 M      0.99   43.02 MiB    987.68
    6  FFN_W3    1  x[1x1x4096]+w[5504x4096]->y[1x1x5504]               0.045ms    45.089 M      1.00   43.02 MiB    998.88
    7  SwiGLU    0  a[1x1x5504]+b[1x1x5504]->y[1x1x5504]                0.014ms    33.024 K      0.00   32.25 KiB      2.35
    8  SwiGLU    1  a[1x1x5504]+b[1x1x5504]->y[1x1x5504]                0.014ms    33.024 K      0.00   32.25 KiB      2.37
    9  FFN_W2    0  x[1x1x5504]+w[4096x5504]->y[1x1x4096]               0.048ms    45.089 M      0.94   43.02 MiB    939.25
   10  FFN_W2    1  x[1x1x5504]+w[4096x5504]->y[1x1x4096]               0.048ms    45.089 M      0.94   43.02 MiB    943.27
   11  Add      -1  a[1x1x4096]+b[1x1x4096]->y[1x1x4096]                0.009ms     4.096 K      0.00   24.00 KiB      2.76
[gpu-debug] segment avg latency (cuda_events): 0.359 ms
[gpu-debug] sum(per-op)               : 0.471 ms (ratio=1.313)
[gpu-debug] NOTE: sum(per-op) may differ from segment latency due to Python overhead, event/launch overhead, and allocator/cache effects.
[gpu-debug] cuda mem before warmup: alloc=272.15 MiB reserved=286.00 MiB
[gpu-debug] cuda mem after warmup : alloc=272.15 MiB reserved=286.00 MiB
[gpu-debug] cuda mem peak (this segment): max_alloc=272.17 MiB max_reserved=286.00 MiB
========================================================================================
[gpu-debug] segment_key=npu|decode|11|2ef4409498d14c672a4fbbfe6786cce6
[gpu-debug] sig: device_type=npu phase=decode step=11 (count_hint=32)
[gpu-debug] ops_repr: LN:-1,Add:-1,LN:-1,FFN_W1:0,FFN_W3:0,FFN_W1:1,FFN_W3:1,SwiGLU:0,SwiGLU:1,FFN_W2:0,FFN_W2:1,Add:-1
[gpu-debug] cfg: device=cuda dtype=torch.bfloat16 batch=1 dim=4096 ffn_dim=11008 n_heads=32 shards=2
[gpu-debug] op plan (with inferred tensor shapes):
  - op#00  op=LN       shard=-1  x=[1x1x4096] + w=[4096]  ->  y=[1x1x4096]  (T=1, K=1664)
  - op#01  op=Add      shard=-1  a=[1x1x4096] + b=[1x1x4096]  ->  y=[1x1x4096]  (T=1, K=1664)
  - op#02  op=LN       shard=-1  x=[1x1x4096] + w=[4096]  ->  y=[1x1x4096]  (T=1, K=1664)
  - op#03  op=FFN_W1   shard=0   x=[1x1x4096] + w=[5504x4096]  ->  y=[1x1x5504]  (T=1, K=1664)
  - op#04  op=FFN_W3   shard=0   x=[1x1x4096] + w=[5504x4096]  ->  y=[1x1x5504]  (T=1, K=1664)
  - op#05  op=FFN_W1   shard=1   x=[1x1x4096] + w=[5504x4096]  ->  y=[1x1x5504]  (T=1, K=1664)
  - op#06  op=FFN_W3   shard=1   x=[1x1x4096] + w=[5504x4096]  ->  y=[1x1x5504]  (T=1, K=1664)
  - op#07  op=SwiGLU   shard=0   a=[1x1x5504] + b=[1x1x5504]  ->  y=[1x1x5504]  (T=1, K=1664)
  - op#08  op=SwiGLU   shard=1   a=[1x1x5504] + b=[1x1x5504]  ->  y=[1x1x5504]  (T=1, K=1664)
  - op#09  op=FFN_W2   shard=0   x=[1x1x5504] + w=[4096x5504]  ->  y=[1x1x4096]  (T=1, K=1664)
  - op#10  op=FFN_W2   shard=1   x=[1x1x5504] + w=[4096x5504]  ->  y=[1x1x4096]  (T=1, K=1664)
  - op#11  op=Add      shard=-1  a=[1x1x4096] + b=[1x1x4096]  ->  y=[1x1x4096]  (T=1, K=1664)
[gpu-debug] per-op timing breakdown (avg over iters):
  idx  op       sh  io                                                    time   est_flops    TFLOPs       bytes      GB/s
  ------------------------------------------------------------------------------------------------------------------------
    0  LN       -1  x[1x1x4096]+w[4096]->y[1x1x4096]                    0.065ms    20.480 K      0.00   24.00 KiB      0.38
    1  Add      -1  a[1x1x4096]+b[1x1x4096]->y[1x1x4096]                0.017ms     4.096 K      0.00   24.00 KiB      1.47
    2  LN       -1  x[1x1x4096]+w[4096]->y[1x1x4096]                    0.055ms    20.480 K      0.00   24.00 KiB      0.45
    3  FFN_W1    0  x[1x1x4096]+w[5504x4096]->y[1x1x5504]               0.065ms    45.089 M      0.70   43.02 MiB    697.01
    4  FFN_W3    0  x[1x1x4096]+w[5504x4096]->y[1x1x5504]               0.046ms    45.089 M      0.97   43.02 MiB    974.57
    5  FFN_W1    1  x[1x1x4096]+w[5504x4096]->y[1x1x5504]               0.046ms    45.089 M      0.99   43.02 MiB    985.48
    6  FFN_W3    1  x[1x1x4096]+w[5504x4096]->y[1x1x5504]               0.045ms    45.089 M      1.00   43.02 MiB   1001.15
    7  SwiGLU    0  a[1x1x5504]+b[1x1x5504]->y[1x1x5504]                0.014ms    33.024 K      0.00   32.25 KiB      2.32
    8  SwiGLU    1  a[1x1x5504]+b[1x1x5504]->y[1x1x5504]                0.014ms    33.024 K      0.00   32.25 KiB      2.37
    9  FFN_W2    0  x[1x1x5504]+w[4096x5504]->y[1x1x4096]               0.049ms    45.089 M      0.93   43.02 MiB    929.34
   10  FFN_W2    1  x[1x1x5504]+w[4096x5504]->y[1x1x4096]               0.048ms    45.089 M      0.94   43.02 MiB    939.25
   11  Add      -1  a[1x1x4096]+b[1x1x4096]->y[1x1x4096]                0.009ms     4.096 K      0.00   24.00 KiB      2.61
[gpu-debug] segment avg latency (cuda_events): 0.357 ms
[gpu-debug] sum(per-op)               : 0.473 ms (ratio=1.322)
[gpu-debug] NOTE: sum(per-op) may differ from segment latency due to Python overhead, event/launch overhead, and allocator/cache effects.
[gpu-debug] cuda mem before warmup: alloc=272.15 MiB reserved=286.00 MiB
[gpu-debug] cuda mem after warmup : alloc=272.15 MiB reserved=286.00 MiB
[gpu-debug] cuda mem peak (this segment): max_alloc=272.17 MiB max_reserved=286.00 MiB
========================================================================================
[gpu-debug] segment_key=npu|decode|12|2ef4409498d14c672a4fbbfe6786cce6
[gpu-debug] sig: device_type=npu phase=decode step=12 (count_hint=32)
[gpu-debug] ops_repr: LN:-1,Add:-1,LN:-1,FFN_W1:0,FFN_W3:0,FFN_W1:1,FFN_W3:1,SwiGLU:0,SwiGLU:1,FFN_W2:0,FFN_W2:1,Add:-1
[gpu-debug] cfg: device=cuda dtype=torch.bfloat16 batch=1 dim=4096 ffn_dim=11008 n_heads=32 shards=2
[gpu-debug] op plan (with inferred tensor shapes):
  - op#00  op=LN       shard=-1  x=[1x1x4096] + w=[4096]  ->  y=[1x1x4096]  (T=1, K=1728)
  - op#01  op=Add      shard=-1  a=[1x1x4096] + b=[1x1x4096]  ->  y=[1x1x4096]  (T=1, K=1728)
  - op#02  op=LN       shard=-1  x=[1x1x4096] + w=[4096]  ->  y=[1x1x4096]  (T=1, K=1728)
  - op#03  op=FFN_W1   shard=0   x=[1x1x4096] + w=[5504x4096]  ->  y=[1x1x5504]  (T=1, K=1728)
  - op#04  op=FFN_W3   shard=0   x=[1x1x4096] + w=[5504x4096]  ->  y=[1x1x5504]  (T=1, K=1728)
  - op#05  op=FFN_W1   shard=1   x=[1x1x4096] + w=[5504x4096]  ->  y=[1x1x5504]  (T=1, K=1728)
  - op#06  op=FFN_W3   shard=1   x=[1x1x4096] + w=[5504x4096]  ->  y=[1x1x5504]  (T=1, K=1728)
  - op#07  op=SwiGLU   shard=0   a=[1x1x5504] + b=[1x1x5504]  ->  y=[1x1x5504]  (T=1, K=1728)
  - op#08  op=SwiGLU   shard=1   a=[1x1x5504] + b=[1x1x5504]  ->  y=[1x1x5504]  (T=1, K=1728)
  - op#09  op=FFN_W2   shard=0   x=[1x1x5504] + w=[4096x5504]  ->  y=[1x1x4096]  (T=1, K=1728)
  - op#10  op=FFN_W2   shard=1   x=[1x1x5504] + w=[4096x5504]  ->  y=[1x1x4096]  (T=1, K=1728)
  - op#11  op=Add      shard=-1  a=[1x1x4096] + b=[1x1x4096]  ->  y=[1x1x4096]  (T=1, K=1728)
[gpu-debug] per-op timing breakdown (avg over iters):
  idx  op       sh  io                                                    time   est_flops    TFLOPs       bytes      GB/s
  ------------------------------------------------------------------------------------------------------------------------
    0  LN       -1  x[1x1x4096]+w[4096]->y[1x1x4096]                    0.065ms    20.480 K      0.00   24.00 KiB      0.38
    1  Add      -1  a[1x1x4096]+b[1x1x4096]->y[1x1x4096]                0.016ms     4.096 K      0.00   24.00 KiB      1.51
    2  LN       -1  x[1x1x4096]+w[4096]->y[1x1x4096]                    0.056ms    20.480 K      0.00   24.00 KiB      0.44
    3  FFN_W1    0  x[1x1x4096]+w[5504x4096]->y[1x1x5504]               0.064ms    45.089 M      0.70   43.02 MiB    701.45
    4  FFN_W3    0  x[1x1x4096]+w[5504x4096]->y[1x1x5504]               0.046ms    45.089 M      0.98   43.02 MiB    983.28
    5  FFN_W1    1  x[1x1x4096]+w[5504x4096]->y[1x1x5504]               0.046ms    45.089 M      0.98   43.02 MiB    983.28
    6  FFN_W3    1  x[1x1x4096]+w[5504x4096]->y[1x1x5504]               0.045ms    45.089 M      1.00   43.02 MiB    998.88
    7  SwiGLU    0  a[1x1x5504]+b[1x1x5504]->y[1x1x5504]                0.014ms    33.024 K      0.00   32.25 KiB      2.37
    8  SwiGLU    1  a[1x1x5504]+b[1x1x5504]->y[1x1x5504]                0.014ms    33.024 K      0.00   32.25 KiB      2.41
    9  FFN_W2    0  x[1x1x5504]+w[4096x5504]->y[1x1x4096]               0.048ms    45.089 M      0.93   43.02 MiB    933.28
   10  FFN_W2    1  x[1x1x5504]+w[4096x5504]->y[1x1x4096]               0.048ms    45.089 M      0.94   43.02 MiB    939.25
   11  Add      -1  a[1x1x4096]+b[1x1x4096]->y[1x1x4096]                0.009ms     4.096 K      0.00   24.00 KiB      2.64
[gpu-debug] segment avg latency (cuda_events): 0.357 ms
[gpu-debug] sum(per-op)               : 0.472 ms (ratio=1.324)
[gpu-debug] NOTE: sum(per-op) may differ from segment latency due to Python overhead, event/launch overhead, and allocator/cache effects.
[gpu-debug] cuda mem before warmup: alloc=272.15 MiB reserved=286.00 MiB
[gpu-debug] cuda mem after warmup : alloc=272.15 MiB reserved=286.00 MiB
[gpu-debug] cuda mem peak (this segment): max_alloc=272.17 MiB max_reserved=286.00 MiB
========================================================================================
[gpu-debug] segment_key=npu|decode|13|2ef4409498d14c672a4fbbfe6786cce6
[gpu-debug] sig: device_type=npu phase=decode step=13 (count_hint=32)
[gpu-debug] ops_repr: LN:-1,Add:-1,LN:-1,FFN_W1:0,FFN_W3:0,FFN_W1:1,FFN_W3:1,SwiGLU:0,SwiGLU:1,FFN_W2:0,FFN_W2:1,Add:-1
[gpu-debug] cfg: device=cuda dtype=torch.bfloat16 batch=1 dim=4096 ffn_dim=11008 n_heads=32 shards=2
[gpu-debug] op plan (with inferred tensor shapes):
  - op#00  op=LN       shard=-1  x=[1x1x4096] + w=[4096]  ->  y=[1x1x4096]  (T=1, K=1792)
  - op#01  op=Add      shard=-1  a=[1x1x4096] + b=[1x1x4096]  ->  y=[1x1x4096]  (T=1, K=1792)
  - op#02  op=LN       shard=-1  x=[1x1x4096] + w=[4096]  ->  y=[1x1x4096]  (T=1, K=1792)
  - op#03  op=FFN_W1   shard=0   x=[1x1x4096] + w=[5504x4096]  ->  y=[1x1x5504]  (T=1, K=1792)
  - op#04  op=FFN_W3   shard=0   x=[1x1x4096] + w=[5504x4096]  ->  y=[1x1x5504]  (T=1, K=1792)
  - op#05  op=FFN_W1   shard=1   x=[1x1x4096] + w=[5504x4096]  ->  y=[1x1x5504]  (T=1, K=1792)
  - op#06  op=FFN_W3   shard=1   x=[1x1x4096] + w=[5504x4096]  ->  y=[1x1x5504]  (T=1, K=1792)
  - op#07  op=SwiGLU   shard=0   a=[1x1x5504] + b=[1x1x5504]  ->  y=[1x1x5504]  (T=1, K=1792)
  - op#08  op=SwiGLU   shard=1   a=[1x1x5504] + b=[1x1x5504]  ->  y=[1x1x5504]  (T=1, K=1792)
  - op#09  op=FFN_W2   shard=0   x=[1x1x5504] + w=[4096x5504]  ->  y=[1x1x4096]  (T=1, K=1792)
  - op#10  op=FFN_W2   shard=1   x=[1x1x5504] + w=[4096x5504]  ->  y=[1x1x4096]  (T=1, K=1792)
  - op#11  op=Add      shard=-1  a=[1x1x4096] + b=[1x1x4096]  ->  y=[1x1x4096]  (T=1, K=1792)
[gpu-debug] per-op timing breakdown (avg over iters):
  idx  op       sh  io                                                    time   est_flops    TFLOPs       bytes      GB/s
  ------------------------------------------------------------------------------------------------------------------------
    0  LN       -1  x[1x1x4096]+w[4096]->y[1x1x4096]                    0.068ms    20.480 K      0.00   24.00 KiB      0.36
    1  Add      -1  a[1x1x4096]+b[1x1x4096]->y[1x1x4096]                0.016ms     4.096 K      0.00   24.00 KiB      1.49
    2  LN       -1  x[1x1x4096]+w[4096]->y[1x1x4096]                    0.056ms    20.480 K      0.00   24.00 KiB      0.44
    3  FFN_W1    0  x[1x1x4096]+w[5504x4096]->y[1x1x5504]               0.065ms    45.089 M      0.69   43.02 MiB    693.71
    4  FFN_W3    0  x[1x1x4096]+w[5504x4096]->y[1x1x5504]               0.046ms    45.089 M      0.98   43.02 MiB    978.91
    5  FFN_W1    1  x[1x1x4096]+w[5504x4096]->y[1x1x5504]               0.046ms    45.089 M      0.99   43.02 MiB    985.48
    6  FFN_W3    1  x[1x1x4096]+w[5504x4096]->y[1x1x5504]               0.045ms    45.089 M      0.99   43.02 MiB    992.13
    7  SwiGLU    0  a[1x1x5504]+b[1x1x5504]->y[1x1x5504]                0.014ms    33.024 K      0.00   32.25 KiB      2.41
    8  SwiGLU    1  a[1x1x5504]+b[1x1x5504]->y[1x1x5504]                0.014ms    33.024 K      0.00   32.25 KiB      2.44
    9  FFN_W2    0  x[1x1x5504]+w[4096x5504]->y[1x1x4096]               0.048ms    45.089 M      0.93   43.02 MiB    935.26
   10  FFN_W2    1  x[1x1x5504]+w[4096x5504]->y[1x1x4096]               0.048ms    45.089 M      0.93   43.02 MiB    935.26
   11  Add      -1  a[1x1x4096]+b[1x1x4096]->y[1x1x4096]                0.009ms     4.096 K      0.00   24.00 KiB      2.67
[gpu-debug] segment avg latency (cuda_events): 0.357 ms
[gpu-debug] sum(per-op)               : 0.476 ms (ratio=1.332)
[gpu-debug] NOTE: sum(per-op) may differ from segment latency due to Python overhead, event/launch overhead, and allocator/cache effects.
[gpu-debug] cuda mem before warmup: alloc=272.15 MiB reserved=286.00 MiB
[gpu-debug] cuda mem after warmup : alloc=272.15 MiB reserved=286.00 MiB
[gpu-debug] cuda mem peak (this segment): max_alloc=272.17 MiB max_reserved=286.00 MiB
========================================================================================
[gpu-debug] segment_key=npu|decode|14|2ef4409498d14c672a4fbbfe6786cce6
[gpu-debug] sig: device_type=npu phase=decode step=14 (count_hint=32)
[gpu-debug] ops_repr: LN:-1,Add:-1,LN:-1,FFN_W1:0,FFN_W3:0,FFN_W1:1,FFN_W3:1,SwiGLU:0,SwiGLU:1,FFN_W2:0,FFN_W2:1,Add:-1
[gpu-debug] cfg: device=cuda dtype=torch.bfloat16 batch=1 dim=4096 ffn_dim=11008 n_heads=32 shards=2
[gpu-debug] op plan (with inferred tensor shapes):
  - op#00  op=LN       shard=-1  x=[1x1x4096] + w=[4096]  ->  y=[1x1x4096]  (T=1, K=1856)
  - op#01  op=Add      shard=-1  a=[1x1x4096] + b=[1x1x4096]  ->  y=[1x1x4096]  (T=1, K=1856)
  - op#02  op=LN       shard=-1  x=[1x1x4096] + w=[4096]  ->  y=[1x1x4096]  (T=1, K=1856)
  - op#03  op=FFN_W1   shard=0   x=[1x1x4096] + w=[5504x4096]  ->  y=[1x1x5504]  (T=1, K=1856)
  - op#04  op=FFN_W3   shard=0   x=[1x1x4096] + w=[5504x4096]  ->  y=[1x1x5504]  (T=1, K=1856)
  - op#05  op=FFN_W1   shard=1   x=[1x1x4096] + w=[5504x4096]  ->  y=[1x1x5504]  (T=1, K=1856)
  - op#06  op=FFN_W3   shard=1   x=[1x1x4096] + w=[5504x4096]  ->  y=[1x1x5504]  (T=1, K=1856)
  - op#07  op=SwiGLU   shard=0   a=[1x1x5504] + b=[1x1x5504]  ->  y=[1x1x5504]  (T=1, K=1856)
  - op#08  op=SwiGLU   shard=1   a=[1x1x5504] + b=[1x1x5504]  ->  y=[1x1x5504]  (T=1, K=1856)
  - op#09  op=FFN_W2   shard=0   x=[1x1x5504] + w=[4096x5504]  ->  y=[1x1x4096]  (T=1, K=1856)
  - op#10  op=FFN_W2   shard=1   x=[1x1x5504] + w=[4096x5504]  ->  y=[1x1x4096]  (T=1, K=1856)
  - op#11  op=Add      shard=-1  a=[1x1x4096] + b=[1x1x4096]  ->  y=[1x1x4096]  (T=1, K=1856)
[gpu-debug] per-op timing breakdown (avg over iters):
  idx  op       sh  io                                                    time   est_flops    TFLOPs       bytes      GB/s
  ------------------------------------------------------------------------------------------------------------------------
    0  LN       -1  x[1x1x4096]+w[4096]->y[1x1x4096]                    0.066ms    20.480 K      0.00   24.00 KiB      0.37
    1  Add      -1  a[1x1x4096]+b[1x1x4096]->y[1x1x4096]                0.016ms     4.096 K      0.00   24.00 KiB      1.51
    2  LN       -1  x[1x1x4096]+w[4096]->y[1x1x4096]                    0.056ms    20.480 K      0.00   24.00 KiB      0.44
    3  FFN_W1    0  x[1x1x4096]+w[5504x4096]->y[1x1x5504]               0.065ms    45.089 M      0.69   43.02 MiB    693.71
    4  FFN_W3    0  x[1x1x4096]+w[5504x4096]->y[1x1x5504]               0.046ms    45.089 M      0.98   43.02 MiB    983.28
    5  FFN_W1    1  x[1x1x4096]+w[5504x4096]->y[1x1x5504]               0.046ms    45.089 M      0.98   43.02 MiB    983.28
    6  FFN_W3    1  x[1x1x4096]+w[5504x4096]->y[1x1x5504]               0.045ms    45.089 M      0.99   43.02 MiB    994.37
    7  SwiGLU    0  a[1x1x5504]+b[1x1x5504]->y[1x1x5504]                0.014ms    33.024 K      0.00   32.25 KiB      2.37
    8  SwiGLU    1  a[1x1x5504]+b[1x1x5504]->y[1x1x5504]                0.014ms    33.024 K      0.00   32.25 KiB      2.42
    9  FFN_W2    0  x[1x1x5504]+w[4096x5504]->y[1x1x4096]               0.048ms    45.089 M      0.94   43.02 MiB    937.25
   10  FFN_W2    1  x[1x1x5504]+w[4096x5504]->y[1x1x4096]               0.048ms    45.089 M      0.94   43.02 MiB    945.30
   11  Add      -1  a[1x1x4096]+b[1x1x4096]->y[1x1x4096]                0.009ms     4.096 K      0.00   24.00 KiB      2.64
[gpu-debug] segment avg latency (cuda_events): 0.357 ms
[gpu-debug] sum(per-op)               : 0.473 ms (ratio=1.325)
[gpu-debug] NOTE: sum(per-op) may differ from segment latency due to Python overhead, event/launch overhead, and allocator/cache effects.
[gpu-debug] cuda mem before warmup: alloc=272.15 MiB reserved=286.00 MiB
[gpu-debug] cuda mem after warmup : alloc=272.15 MiB reserved=286.00 MiB
[gpu-debug] cuda mem peak (this segment): max_alloc=272.17 MiB max_reserved=286.00 MiB
========================================================================================
[gpu-debug] segment_key=npu|decode|15|2ef4409498d14c672a4fbbfe6786cce6
[gpu-debug] sig: device_type=npu phase=decode step=15 (count_hint=32)
[gpu-debug] ops_repr: LN:-1,Add:-1,LN:-1,FFN_W1:0,FFN_W3:0,FFN_W1:1,FFN_W3:1,SwiGLU:0,SwiGLU:1,FFN_W2:0,FFN_W2:1,Add:-1
[gpu-debug] cfg: device=cuda dtype=torch.bfloat16 batch=1 dim=4096 ffn_dim=11008 n_heads=32 shards=2
[gpu-debug] op plan (with inferred tensor shapes):
  - op#00  op=LN       shard=-1  x=[1x1x4096] + w=[4096]  ->  y=[1x1x4096]  (T=1, K=1920)
  - op#01  op=Add      shard=-1  a=[1x1x4096] + b=[1x1x4096]  ->  y=[1x1x4096]  (T=1, K=1920)
  - op#02  op=LN       shard=-1  x=[1x1x4096] + w=[4096]  ->  y=[1x1x4096]  (T=1, K=1920)
  - op#03  op=FFN_W1   shard=0   x=[1x1x4096] + w=[5504x4096]  ->  y=[1x1x5504]  (T=1, K=1920)
  - op#04  op=FFN_W3   shard=0   x=[1x1x4096] + w=[5504x4096]  ->  y=[1x1x5504]  (T=1, K=1920)
  - op#05  op=FFN_W1   shard=1   x=[1x1x4096] + w=[5504x4096]  ->  y=[1x1x5504]  (T=1, K=1920)
  - op#06  op=FFN_W3   shard=1   x=[1x1x4096] + w=[5504x4096]  ->  y=[1x1x5504]  (T=1, K=1920)
  - op#07  op=SwiGLU   shard=0   a=[1x1x5504] + b=[1x1x5504]  ->  y=[1x1x5504]  (T=1, K=1920)
  - op#08  op=SwiGLU   shard=1   a=[1x1x5504] + b=[1x1x5504]  ->  y=[1x1x5504]  (T=1, K=1920)
  - op#09  op=FFN_W2   shard=0   x=[1x1x5504] + w=[4096x5504]  ->  y=[1x1x4096]  (T=1, K=1920)
  - op#10  op=FFN_W2   shard=1   x=[1x1x5504] + w=[4096x5504]  ->  y=[1x1x4096]  (T=1, K=1920)
  - op#11  op=Add      shard=-1  a=[1x1x4096] + b=[1x1x4096]  ->  y=[1x1x4096]  (T=1, K=1920)
[gpu-debug] per-op timing breakdown (avg over iters):
  idx  op       sh  io                                                    time   est_flops    TFLOPs       bytes      GB/s
  ------------------------------------------------------------------------------------------------------------------------
    0  LN       -1  x[1x1x4096]+w[4096]->y[1x1x4096]                    0.066ms    20.480 K      0.00   24.00 KiB      0.37
    1  Add      -1  a[1x1x4096]+b[1x1x4096]->y[1x1x4096]                0.016ms     4.096 K      0.00   24.00 KiB      1.49
    2  LN       -1  x[1x1x4096]+w[4096]->y[1x1x4096]                    0.056ms    20.480 K      0.00   24.00 KiB      0.44
    3  FFN_W1    0  x[1x1x4096]+w[5504x4096]->y[1x1x5504]               0.065ms    45.089 M      0.70   43.02 MiB    697.01
    4  FFN_W3    0  x[1x1x4096]+w[5504x4096]->y[1x1x5504]               0.046ms    45.089 M      0.98   43.02 MiB    981.09
    5  FFN_W1    1  x[1x1x4096]+w[5504x4096]->y[1x1x5504]               0.046ms    45.089 M      0.98   43.02 MiB    983.28
    6  FFN_W3    1  x[1x1x4096]+w[5504x4096]->y[1x1x5504]               0.045ms    45.089 M      1.00   43.02 MiB    998.88
    7  SwiGLU    0  a[1x1x5504]+b[1x1x5504]->y[1x1x5504]                0.014ms    33.024 K      0.00   32.25 KiB      2.39
    8  SwiGLU    1  a[1x1x5504]+b[1x1x5504]->y[1x1x5504]                0.014ms    33.024 K      0.00   32.25 KiB      2.44
    9  FFN_W2    0  x[1x1x5504]+w[4096x5504]->y[1x1x4096]               0.048ms    45.089 M      0.93   43.02 MiB    931.31
   10  FFN_W2    1  x[1x1x5504]+w[4096x5504]->y[1x1x4096]               0.048ms    45.089 M      0.94   43.02 MiB    943.27
   11  Add      -1  a[1x1x4096]+b[1x1x4096]->y[1x1x4096]                0.009ms     4.096 K      0.00   24.00 KiB      2.67
[gpu-debug] segment avg latency (cuda_events): 0.358 ms
[gpu-debug] sum(per-op)               : 0.472 ms (ratio=1.321)
[gpu-debug] NOTE: sum(per-op) may differ from segment latency due to Python overhead, event/launch overhead, and allocator/cache effects.
[gpu-debug] cuda mem before warmup: alloc=272.15 MiB reserved=286.00 MiB
[gpu-debug] cuda mem after warmup : alloc=272.15 MiB reserved=286.00 MiB
[gpu-debug] cuda mem peak (this segment): max_alloc=272.17 MiB max_reserved=286.00 MiB
========================================================================================
[gpu-debug] segment_key=npu|decode|16|2ef4409498d14c672a4fbbfe6786cce6
[gpu-debug] sig: device_type=npu phase=decode step=16 (count_hint=32)
[gpu-debug] ops_repr: LN:-1,Add:-1,LN:-1,FFN_W1:0,FFN_W3:0,FFN_W1:1,FFN_W3:1,SwiGLU:0,SwiGLU:1,FFN_W2:0,FFN_W2:1,Add:-1
[gpu-debug] cfg: device=cuda dtype=torch.bfloat16 batch=1 dim=4096 ffn_dim=11008 n_heads=32 shards=2
[gpu-debug] op plan (with inferred tensor shapes):
  - op#00  op=LN       shard=-1  x=[1x1x4096] + w=[4096]  ->  y=[1x1x4096]  (T=1, K=1984)
  - op#01  op=Add      shard=-1  a=[1x1x4096] + b=[1x1x4096]  ->  y=[1x1x4096]  (T=1, K=1984)
  - op#02  op=LN       shard=-1  x=[1x1x4096] + w=[4096]  ->  y=[1x1x4096]  (T=1, K=1984)
  - op#03  op=FFN_W1   shard=0   x=[1x1x4096] + w=[5504x4096]  ->  y=[1x1x5504]  (T=1, K=1984)
  - op#04  op=FFN_W3   shard=0   x=[1x1x4096] + w=[5504x4096]  ->  y=[1x1x5504]  (T=1, K=1984)
  - op#05  op=FFN_W1   shard=1   x=[1x1x4096] + w=[5504x4096]  ->  y=[1x1x5504]  (T=1, K=1984)
  - op#06  op=FFN_W3   shard=1   x=[1x1x4096] + w=[5504x4096]  ->  y=[1x1x5504]  (T=1, K=1984)
  - op#07  op=SwiGLU   shard=0   a=[1x1x5504] + b=[1x1x5504]  ->  y=[1x1x5504]  (T=1, K=1984)
  - op#08  op=SwiGLU   shard=1   a=[1x1x5504] + b=[1x1x5504]  ->  y=[1x1x5504]  (T=1, K=1984)
  - op#09  op=FFN_W2   shard=0   x=[1x1x5504] + w=[4096x5504]  ->  y=[1x1x4096]  (T=1, K=1984)
  - op#10  op=FFN_W2   shard=1   x=[1x1x5504] + w=[4096x5504]  ->  y=[1x1x4096]  (T=1, K=1984)
  - op#11  op=Add      shard=-1  a=[1x1x4096] + b=[1x1x4096]  ->  y=[1x1x4096]  (T=1, K=1984)
[gpu-debug] per-op timing breakdown (avg over iters):
  idx  op       sh  io                                                    time   est_flops    TFLOPs       bytes      GB/s
  ------------------------------------------------------------------------------------------------------------------------
    0  LN       -1  x[1x1x4096]+w[4096]->y[1x1x4096]                    0.066ms    20.480 K      0.00   24.00 KiB      0.37
    1  Add      -1  a[1x1x4096]+b[1x1x4096]->y[1x1x4096]                0.017ms     4.096 K      0.00   24.00 KiB      1.48
    2  LN       -1  x[1x1x4096]+w[4096]->y[1x1x4096]                    0.056ms    20.480 K      0.00   24.00 KiB      0.44
    3  FFN_W1    0  x[1x1x4096]+w[5504x4096]->y[1x1x5504]               0.065ms    45.089 M      0.69   43.02 MiB    692.62
    4  FFN_W3    0  x[1x1x4096]+w[5504x4096]->y[1x1x5504]               0.045ms    45.089 M      0.99   43.02 MiB    992.13
    5  FFN_W1    1  x[1x1x4096]+w[5504x4096]->y[1x1x5504]               0.046ms    45.089 M      0.98   43.02 MiB    981.09
    6  FFN_W3    1  x[1x1x4096]+w[5504x4096]->y[1x1x5504]               0.045ms    45.089 M      1.00   43.02 MiB   1001.15
    7  SwiGLU    0  a[1x1x5504]+b[1x1x5504]->y[1x1x5504]                0.014ms    33.024 K      0.00   32.25 KiB      2.34
    8  SwiGLU    1  a[1x1x5504]+b[1x1x5504]->y[1x1x5504]                0.013ms    33.024 K      0.00   32.25 KiB      2.46
    9  FFN_W2    0  x[1x1x5504]+w[4096x5504]->y[1x1x4096]               0.049ms    45.089 M      0.93   43.02 MiB    927.38
   10  FFN_W2    1  x[1x1x5504]+w[4096x5504]->y[1x1x4096]               0.048ms    45.089 M      0.94   43.02 MiB    941.26
   11  Add      -1  a[1x1x4096]+b[1x1x4096]->y[1x1x4096]                0.009ms     4.096 K      0.00   24.00 KiB      2.64
[gpu-debug] segment avg latency (cuda_events): 0.358 ms
[gpu-debug] sum(per-op)               : 0.474 ms (ratio=1.325)
[gpu-debug] NOTE: sum(per-op) may differ from segment latency due to Python overhead, event/launch overhead, and allocator/cache effects.
[gpu-debug] cuda mem before warmup: alloc=272.15 MiB reserved=286.00 MiB
[gpu-debug] cuda mem after warmup : alloc=272.15 MiB reserved=286.00 MiB
[gpu-debug] cuda mem peak (this segment): max_alloc=272.17 MiB max_reserved=286.00 MiB
========================================================================================
[gpu-debug] segment_key=npu|decode|1|2ef4409498d14c672a4fbbfe6786cce6
[gpu-debug] sig: device_type=npu phase=decode step=1 (count_hint=32)
[gpu-debug] ops_repr: LN:-1,Add:-1,LN:-1,FFN_W1:0,FFN_W3:0,FFN_W1:1,FFN_W3:1,SwiGLU:0,SwiGLU:1,FFN_W2:0,FFN_W2:1,Add:-1
[gpu-debug] cfg: device=cuda dtype=torch.bfloat16 batch=1 dim=4096 ffn_dim=11008 n_heads=32 shards=2
[gpu-debug] op plan (with inferred tensor shapes):
  - op#00  op=LN       shard=-1  x=[1x1x4096] + w=[4096]  ->  y=[1x1x4096]  (T=1, K=1026)
  - op#01  op=Add      shard=-1  a=[1x1x4096] + b=[1x1x4096]  ->  y=[1x1x4096]  (T=1, K=1026)
  - op#02  op=LN       shard=-1  x=[1x1x4096] + w=[4096]  ->  y=[1x1x4096]  (T=1, K=1026)
  - op#03  op=FFN_W1   shard=0   x=[1x1x4096] + w=[5504x4096]  ->  y=[1x1x5504]  (T=1, K=1026)
  - op#04  op=FFN_W3   shard=0   x=[1x1x4096] + w=[5504x4096]  ->  y=[1x1x5504]  (T=1, K=1026)
  - op#05  op=FFN_W1   shard=1   x=[1x1x4096] + w=[5504x4096]  ->  y=[1x1x5504]  (T=1, K=1026)
  - op#06  op=FFN_W3   shard=1   x=[1x1x4096] + w=[5504x4096]  ->  y=[1x1x5504]  (T=1, K=1026)
  - op#07  op=SwiGLU   shard=0   a=[1x1x5504] + b=[1x1x5504]  ->  y=[1x1x5504]  (T=1, K=1026)
  - op#08  op=SwiGLU   shard=1   a=[1x1x5504] + b=[1x1x5504]  ->  y=[1x1x5504]  (T=1, K=1026)
  - op#09  op=FFN_W2   shard=0   x=[1x1x5504] + w=[4096x5504]  ->  y=[1x1x4096]  (T=1, K=1026)
  - op#10  op=FFN_W2   shard=1   x=[1x1x5504] + w=[4096x5504]  ->  y=[1x1x4096]  (T=1, K=1026)
  - op#11  op=Add      shard=-1  a=[1x1x4096] + b=[1x1x4096]  ->  y=[1x1x4096]  (T=1, K=1026)
[gpu-debug] per-op timing breakdown (avg over iters):
  idx  op       sh  io                                                    time   est_flops    TFLOPs       bytes      GB/s
  ------------------------------------------------------------------------------------------------------------------------
    0  LN       -1  x[1x1x4096]+w[4096]->y[1x1x4096]                    0.065ms    20.480 K      0.00   24.00 KiB      0.38
    1  Add      -1  a[1x1x4096]+b[1x1x4096]->y[1x1x4096]                0.016ms     4.096 K      0.00   24.00 KiB      1.51
    2  LN       -1  x[1x1x4096]+w[4096]->y[1x1x4096]                    0.056ms    20.480 K      0.00   24.00 KiB      0.44
    3  FFN_W1    0  x[1x1x4096]+w[5504x4096]->y[1x1x5504]               0.065ms    45.089 M      0.70   43.02 MiB    699.22
    4  FFN_W3    0  x[1x1x4096]+w[5504x4096]->y[1x1x5504]               0.046ms    45.089 M      0.98   43.02 MiB    978.91
    5  FFN_W1    1  x[1x1x4096]+w[5504x4096]->y[1x1x5504]               0.046ms    45.089 M      0.98   43.02 MiB    981.09
    6  FFN_W3    1  x[1x1x4096]+w[5504x4096]->y[1x1x5504]               0.045ms    45.089 M      1.00   43.02 MiB    998.88
    7  SwiGLU    0  a[1x1x5504]+b[1x1x5504]->y[1x1x5504]                0.014ms    33.024 K      0.00   32.25 KiB      2.39
    8  SwiGLU    1  a[1x1x5504]+b[1x1x5504]->y[1x1x5504]                0.014ms    33.024 K      0.00   32.25 KiB      2.42
    9  FFN_W2    0  x[1x1x5504]+w[4096x5504]->y[1x1x4096]               0.048ms    45.089 M      0.93   43.02 MiB    933.28
   10  FFN_W2    1  x[1x1x5504]+w[4096x5504]->y[1x1x4096]               0.048ms    45.089 M      0.94   43.02 MiB    945.30
   11  Add      -1  a[1x1x4096]+b[1x1x4096]->y[1x1x4096]                0.009ms     4.096 K      0.00   24.00 KiB      2.64
[gpu-debug] segment avg latency (cuda_events): 0.358 ms
[gpu-debug] sum(per-op)               : 0.472 ms (ratio=1.320)
[gpu-debug] NOTE: sum(per-op) may differ from segment latency due to Python overhead, event/launch overhead, and allocator/cache effects.
[gpu-debug] cuda mem before warmup: alloc=272.15 MiB reserved=286.00 MiB
[gpu-debug] cuda mem after warmup : alloc=272.15 MiB reserved=286.00 MiB
[gpu-debug] cuda mem peak (this segment): max_alloc=272.17 MiB max_reserved=286.00 MiB
========================================================================================
[gpu-debug] segment_key=npu|decode|2|2ef4409498d14c672a4fbbfe6786cce6
[gpu-debug] sig: device_type=npu phase=decode step=2 (count_hint=32)
[gpu-debug] ops_repr: LN:-1,Add:-1,LN:-1,FFN_W1:0,FFN_W3:0,FFN_W1:1,FFN_W3:1,SwiGLU:0,SwiGLU:1,FFN_W2:0,FFN_W2:1,Add:-1
[gpu-debug] cfg: device=cuda dtype=torch.bfloat16 batch=1 dim=4096 ffn_dim=11008 n_heads=32 shards=2
[gpu-debug] op plan (with inferred tensor shapes):
  - op#00  op=LN       shard=-1  x=[1x1x4096] + w=[4096]  ->  y=[1x1x4096]  (T=1, K=1088)
  - op#01  op=Add      shard=-1  a=[1x1x4096] + b=[1x1x4096]  ->  y=[1x1x4096]  (T=1, K=1088)
  - op#02  op=LN       shard=-1  x=[1x1x4096] + w=[4096]  ->  y=[1x1x4096]  (T=1, K=1088)
  - op#03  op=FFN_W1   shard=0   x=[1x1x4096] + w=[5504x4096]  ->  y=[1x1x5504]  (T=1, K=1088)
  - op#04  op=FFN_W3   shard=0   x=[1x1x4096] + w=[5504x4096]  ->  y=[1x1x5504]  (T=1, K=1088)
  - op#05  op=FFN_W1   shard=1   x=[1x1x4096] + w=[5504x4096]  ->  y=[1x1x5504]  (T=1, K=1088)
  - op#06  op=FFN_W3   shard=1   x=[1x1x4096] + w=[5504x4096]  ->  y=[1x1x5504]  (T=1, K=1088)
  - op#07  op=SwiGLU   shard=0   a=[1x1x5504] + b=[1x1x5504]  ->  y=[1x1x5504]  (T=1, K=1088)
  - op#08  op=SwiGLU   shard=1   a=[1x1x5504] + b=[1x1x5504]  ->  y=[1x1x5504]  (T=1, K=1088)
  - op#09  op=FFN_W2   shard=0   x=[1x1x5504] + w=[4096x5504]  ->  y=[1x1x4096]  (T=1, K=1088)
  - op#10  op=FFN_W2   shard=1   x=[1x1x5504] + w=[4096x5504]  ->  y=[1x1x4096]  (T=1, K=1088)
  - op#11  op=Add      shard=-1  a=[1x1x4096] + b=[1x1x4096]  ->  y=[1x1x4096]  (T=1, K=1088)
[gpu-debug] per-op timing breakdown (avg over iters):
  idx  op       sh  io                                                    time   est_flops    TFLOPs       bytes      GB/s
  ------------------------------------------------------------------------------------------------------------------------
    0  LN       -1  x[1x1x4096]+w[4096]->y[1x1x4096]                    0.065ms    20.480 K      0.00   24.00 KiB      0.38
    1  Add      -1  a[1x1x4096]+b[1x1x4096]->y[1x1x4096]                0.016ms     4.096 K      0.00   24.00 KiB      1.52
    2  LN       -1  x[1x1x4096]+w[4096]->y[1x1x4096]                    0.056ms    20.480 K      0.00   24.00 KiB      0.44
    3  FFN_W1    0  x[1x1x4096]+w[5504x4096]->y[1x1x5504]               0.065ms    45.089 M      0.70   43.02 MiB    695.90
    4  FFN_W3    0  x[1x1x4096]+w[5504x4096]->y[1x1x5504]               0.046ms    45.089 M      0.98   43.02 MiB    983.28
    5  FFN_W1    1  x[1x1x4096]+w[5504x4096]->y[1x1x5504]               0.046ms    45.089 M      0.98   43.02 MiB    978.91
    6  FFN_W3    1  x[1x1x4096]+w[5504x4096]->y[1x1x5504]               0.045ms    45.089 M      1.00   43.02 MiB    996.62
    7  SwiGLU    0  a[1x1x5504]+b[1x1x5504]->y[1x1x5504]                0.014ms    33.024 K      0.00   32.25 KiB      2.30
    8  SwiGLU    1  a[1x1x5504]+b[1x1x5504]->y[1x1x5504]                0.014ms    33.024 K      0.00   32.25 KiB      2.42
    9  FFN_W2    0  x[1x1x5504]+w[4096x5504]->y[1x1x4096]               0.048ms    45.089 M      0.94   43.02 MiB    939.25
   10  FFN_W2    1  x[1x1x5504]+w[4096x5504]->y[1x1x4096]               0.048ms    45.089 M      0.94   43.02 MiB    945.30
   11  Add      -1  a[1x1x4096]+b[1x1x4096]->y[1x1x4096]                0.009ms     4.096 K      0.00   24.00 KiB      2.61
[gpu-debug] segment avg latency (cuda_events): 0.358 ms
[gpu-debug] sum(per-op)               : 0.472 ms (ratio=1.320)
[gpu-debug] NOTE: sum(per-op) may differ from segment latency due to Python overhead, event/launch overhead, and allocator/cache effects.
[gpu-debug] cuda mem before warmup: alloc=272.15 MiB reserved=286.00 MiB
[gpu-debug] cuda mem after warmup : alloc=272.15 MiB reserved=286.00 MiB
[gpu-debug] cuda mem peak (this segment): max_alloc=272.17 MiB max_reserved=286.00 MiB
========================================================================================
[gpu-debug] segment_key=npu|decode|3|2ef4409498d14c672a4fbbfe6786cce6
[gpu-debug] sig: device_type=npu phase=decode step=3 (count_hint=32)
[gpu-debug] ops_repr: LN:-1,Add:-1,LN:-1,FFN_W1:0,FFN_W3:0,FFN_W1:1,FFN_W3:1,SwiGLU:0,SwiGLU:1,FFN_W2:0,FFN_W2:1,Add:-1
[gpu-debug] cfg: device=cuda dtype=torch.bfloat16 batch=1 dim=4096 ffn_dim=11008 n_heads=32 shards=2
[gpu-debug] op plan (with inferred tensor shapes):
  - op#00  op=LN       shard=-1  x=[1x1x4096] + w=[4096]  ->  y=[1x1x4096]  (T=1, K=1152)
  - op#01  op=Add      shard=-1  a=[1x1x4096] + b=[1x1x4096]  ->  y=[1x1x4096]  (T=1, K=1152)
  - op#02  op=LN       shard=-1  x=[1x1x4096] + w=[4096]  ->  y=[1x1x4096]  (T=1, K=1152)
  - op#03  op=FFN_W1   shard=0   x=[1x1x4096] + w=[5504x4096]  ->  y=[1x1x5504]  (T=1, K=1152)
  - op#04  op=FFN_W3   shard=0   x=[1x1x4096] + w=[5504x4096]  ->  y=[1x1x5504]  (T=1, K=1152)
  - op#05  op=FFN_W1   shard=1   x=[1x1x4096] + w=[5504x4096]  ->  y=[1x1x5504]  (T=1, K=1152)
  - op#06  op=FFN_W3   shard=1   x=[1x1x4096] + w=[5504x4096]  ->  y=[1x1x5504]  (T=1, K=1152)
  - op#07  op=SwiGLU   shard=0   a=[1x1x5504] + b=[1x1x5504]  ->  y=[1x1x5504]  (T=1, K=1152)
  - op#08  op=SwiGLU   shard=1   a=[1x1x5504] + b=[1x1x5504]  ->  y=[1x1x5504]  (T=1, K=1152)
  - op#09  op=FFN_W2   shard=0   x=[1x1x5504] + w=[4096x5504]  ->  y=[1x1x4096]  (T=1, K=1152)
  - op#10  op=FFN_W2   shard=1   x=[1x1x5504] + w=[4096x5504]  ->  y=[1x1x4096]  (T=1, K=1152)
  - op#11  op=Add      shard=-1  a=[1x1x4096] + b=[1x1x4096]  ->  y=[1x1x4096]  (T=1, K=1152)
[gpu-debug] per-op timing breakdown (avg over iters):
  idx  op       sh  io                                                    time   est_flops    TFLOPs       bytes      GB/s
  ------------------------------------------------------------------------------------------------------------------------
    0  LN       -1  x[1x1x4096]+w[4096]->y[1x1x4096]                    0.065ms    20.480 K      0.00   24.00 KiB      0.38
    1  Add      -1  a[1x1x4096]+b[1x1x4096]->y[1x1x4096]                0.016ms     4.096 K      0.00   24.00 KiB      1.50
    2  LN       -1  x[1x1x4096]+w[4096]->y[1x1x4096]                    0.056ms    20.480 K      0.00   24.00 KiB      0.44
    3  FFN_W1    0  x[1x1x4096]+w[5504x4096]->y[1x1x5504]               0.064ms    45.089 M      0.70   43.02 MiB    700.33
    4  FFN_W3    0  x[1x1x4096]+w[5504x4096]->y[1x1x5504]               0.046ms    45.089 M      0.99   43.02 MiB    987.68
    5  FFN_W1    1  x[1x1x4096]+w[5504x4096]->y[1x1x5504]               0.046ms    45.089 M      0.98   43.02 MiB    981.09
    6  FFN_W3    1  x[1x1x4096]+w[5504x4096]->y[1x1x5504]               0.045ms    45.089 M      0.99   43.02 MiB    992.13
    7  SwiGLU    0  a[1x1x5504]+b[1x1x5504]->y[1x1x5504]                0.014ms    33.024 K      0.00   32.25 KiB      2.35
    8  SwiGLU    1  a[1x1x5504]+b[1x1x5504]->y[1x1x5504]                0.014ms    33.024 K      0.00   32.25 KiB      2.41
    9  FFN_W2    0  x[1x1x5504]+w[4096x5504]->y[1x1x4096]               0.048ms    45.089 M      0.94   43.02 MiB    941.26
   10  FFN_W2    1  x[1x1x5504]+w[4096x5504]->y[1x1x4096]               0.048ms    45.089 M      0.94   43.02 MiB    941.26
   11  Add      -1  a[1x1x4096]+b[1x1x4096]->y[1x1x4096]                0.009ms     4.096 K      0.00   24.00 KiB      2.64
[gpu-debug] segment avg latency (cuda_events): 0.357 ms
[gpu-debug] sum(per-op)               : 0.472 ms (ratio=1.321)
[gpu-debug] NOTE: sum(per-op) may differ from segment latency due to Python overhead, event/launch overhead, and allocator/cache effects.
[gpu-debug] cuda mem before warmup: alloc=272.15 MiB reserved=286.00 MiB
[gpu-debug] cuda mem after warmup : alloc=272.15 MiB reserved=286.00 MiB
[gpu-debug] cuda mem peak (this segment): max_alloc=272.17 MiB max_reserved=286.00 MiB
========================================================================================
[gpu-debug] segment_key=npu|decode|4|2ef4409498d14c672a4fbbfe6786cce6
[gpu-debug] sig: device_type=npu phase=decode step=4 (count_hint=32)
[gpu-debug] ops_repr: LN:-1,Add:-1,LN:-1,FFN_W1:0,FFN_W3:0,FFN_W1:1,FFN_W3:1,SwiGLU:0,SwiGLU:1,FFN_W2:0,FFN_W2:1,Add:-1
[gpu-debug] cfg: device=cuda dtype=torch.bfloat16 batch=1 dim=4096 ffn_dim=11008 n_heads=32 shards=2
[gpu-debug] op plan (with inferred tensor shapes):
  - op#00  op=LN       shard=-1  x=[1x1x4096] + w=[4096]  ->  y=[1x1x4096]  (T=1, K=1216)
  - op#01  op=Add      shard=-1  a=[1x1x4096] + b=[1x1x4096]  ->  y=[1x1x4096]  (T=1, K=1216)
  - op#02  op=LN       shard=-1  x=[1x1x4096] + w=[4096]  ->  y=[1x1x4096]  (T=1, K=1216)
  - op#03  op=FFN_W1   shard=0   x=[1x1x4096] + w=[5504x4096]  ->  y=[1x1x5504]  (T=1, K=1216)
  - op#04  op=FFN_W3   shard=0   x=[1x1x4096] + w=[5504x4096]  ->  y=[1x1x5504]  (T=1, K=1216)
  - op#05  op=FFN_W1   shard=1   x=[1x1x4096] + w=[5504x4096]  ->  y=[1x1x5504]  (T=1, K=1216)
  - op#06  op=FFN_W3   shard=1   x=[1x1x4096] + w=[5504x4096]  ->  y=[1x1x5504]  (T=1, K=1216)
  - op#07  op=SwiGLU   shard=0   a=[1x1x5504] + b=[1x1x5504]  ->  y=[1x1x5504]  (T=1, K=1216)
  - op#08  op=SwiGLU   shard=1   a=[1x1x5504] + b=[1x1x5504]  ->  y=[1x1x5504]  (T=1, K=1216)
  - op#09  op=FFN_W2   shard=0   x=[1x1x5504] + w=[4096x5504]  ->  y=[1x1x4096]  (T=1, K=1216)
  - op#10  op=FFN_W2   shard=1   x=[1x1x5504] + w=[4096x5504]  ->  y=[1x1x4096]  (T=1, K=1216)
  - op#11  op=Add      shard=-1  a=[1x1x4096] + b=[1x1x4096]  ->  y=[1x1x4096]  (T=1, K=1216)
[gpu-debug] per-op timing breakdown (avg over iters):
  idx  op       sh  io                                                    time   est_flops    TFLOPs       bytes      GB/s
  ------------------------------------------------------------------------------------------------------------------------
    0  LN       -1  x[1x1x4096]+w[4096]->y[1x1x4096]                    0.065ms    20.480 K      0.00   24.00 KiB      0.38
    1  Add      -1  a[1x1x4096]+b[1x1x4096]->y[1x1x4096]                0.016ms     4.096 K      0.00   24.00 KiB      1.51
    2  LN       -1  x[1x1x4096]+w[4096]->y[1x1x4096]                    0.056ms    20.480 K      0.00   24.00 KiB      0.44
    3  FFN_W1    0  x[1x1x4096]+w[5504x4096]->y[1x1x5504]               0.062ms    45.089 M      0.72   43.02 MiB    724.52
    4  FFN_W3    0  x[1x1x4096]+w[5504x4096]->y[1x1x5504]               0.043ms    45.089 M      1.05   43.02 MiB   1051.33
    5  FFN_W1    1  x[1x1x4096]+w[5504x4096]->y[1x1x5504]               0.043ms    45.089 M      1.06   43.02 MiB   1056.37
    6  FFN_W3    1  x[1x1x4096]+w[5504x4096]->y[1x1x5504]               0.042ms    45.089 M      1.07   43.02 MiB   1069.19
    7  SwiGLU    0  a[1x1x5504]+b[1x1x5504]->y[1x1x5504]                0.011ms    33.024 K      0.00   32.25 KiB      3.04
    8  SwiGLU    1  a[1x1x5504]+b[1x1x5504]->y[1x1x5504]                0.011ms    33.024 K      0.00   32.25 KiB      3.01
    9  FFN_W2    0  x[1x1x5504]+w[4096x5504]->y[1x1x4096]               0.045ms    45.089 M      1.01   43.02 MiB   1005.72
   10  FFN_W2    1  x[1x1x5504]+w[4096x5504]->y[1x1x4096]               0.044ms    45.089 M      1.02   43.02 MiB   1019.69
   11  Add      -1  a[1x1x4096]+b[1x1x4096]->y[1x1x4096]                0.007ms     4.096 K      0.00   24.00 KiB      3.29
[gpu-debug] segment avg latency (cuda_events): 0.322 ms
[gpu-debug] sum(per-op)               : 0.446 ms (ratio=1.386)
[gpu-debug] NOTE: sum(per-op) may differ from segment latency due to Python overhead, event/launch overhead, and allocator/cache effects.
[gpu-debug] cuda mem before warmup: alloc=272.15 MiB reserved=286.00 MiB
[gpu-debug] cuda mem after warmup : alloc=272.15 MiB reserved=286.00 MiB
[gpu-debug] cuda mem peak (this segment): max_alloc=272.17 MiB max_reserved=286.00 MiB
========================================================================================
[gpu-debug] segment_key=npu|decode|5|2ef4409498d14c672a4fbbfe6786cce6
[gpu-debug] sig: device_type=npu phase=decode step=5 (count_hint=32)
[gpu-debug] ops_repr: LN:-1,Add:-1,LN:-1,FFN_W1:0,FFN_W3:0,FFN_W1:1,FFN_W3:1,SwiGLU:0,SwiGLU:1,FFN_W2:0,FFN_W2:1,Add:-1
[gpu-debug] cfg: device=cuda dtype=torch.bfloat16 batch=1 dim=4096 ffn_dim=11008 n_heads=32 shards=2
[gpu-debug] op plan (with inferred tensor shapes):
  - op#00  op=LN       shard=-1  x=[1x1x4096] + w=[4096]  ->  y=[1x1x4096]  (T=1, K=1280)
  - op#01  op=Add      shard=-1  a=[1x1x4096] + b=[1x1x4096]  ->  y=[1x1x4096]  (T=1, K=1280)
  - op#02  op=LN       shard=-1  x=[1x1x4096] + w=[4096]  ->  y=[1x1x4096]  (T=1, K=1280)
  - op#03  op=FFN_W1   shard=0   x=[1x1x4096] + w=[5504x4096]  ->  y=[1x1x5504]  (T=1, K=1280)
  - op#04  op=FFN_W3   shard=0   x=[1x1x4096] + w=[5504x4096]  ->  y=[1x1x5504]  (T=1, K=1280)
  - op#05  op=FFN_W1   shard=1   x=[1x1x4096] + w=[5504x4096]  ->  y=[1x1x5504]  (T=1, K=1280)
  - op#06  op=FFN_W3   shard=1   x=[1x1x4096] + w=[5504x4096]  ->  y=[1x1x5504]  (T=1, K=1280)
  - op#07  op=SwiGLU   shard=0   a=[1x1x5504] + b=[1x1x5504]  ->  y=[1x1x5504]  (T=1, K=1280)
  - op#08  op=SwiGLU   shard=1   a=[1x1x5504] + b=[1x1x5504]  ->  y=[1x1x5504]  (T=1, K=1280)
  - op#09  op=FFN_W2   shard=0   x=[1x1x5504] + w=[4096x5504]  ->  y=[1x1x4096]  (T=1, K=1280)
  - op#10  op=FFN_W2   shard=1   x=[1x1x5504] + w=[4096x5504]  ->  y=[1x1x4096]  (T=1, K=1280)
  - op#11  op=Add      shard=-1  a=[1x1x4096] + b=[1x1x4096]  ->  y=[1x1x4096]  (T=1, K=1280)
[gpu-debug] per-op timing breakdown (avg over iters):
  idx  op       sh  io                                                    time   est_flops    TFLOPs       bytes      GB/s
  ------------------------------------------------------------------------------------------------------------------------
    0  LN       -1  x[1x1x4096]+w[4096]->y[1x1x4096]                    0.066ms    20.480 K      0.00   24.00 KiB      0.37
    1  Add      -1  a[1x1x4096]+b[1x1x4096]->y[1x1x4096]                0.017ms     4.096 K      0.00   24.00 KiB      1.46
    2  LN       -1  x[1x1x4096]+w[4096]->y[1x1x4096]                    0.055ms    20.480 K      0.00   24.00 KiB      0.44
    3  FFN_W1    0  x[1x1x4096]+w[5504x4096]->y[1x1x5504]               0.062ms    45.089 M      0.73   43.02 MiB    729.32
    4  FFN_W3    0  x[1x1x4096]+w[5504x4096]->y[1x1x5504]               0.043ms    45.089 M      1.05   43.02 MiB   1048.83
    5  FFN_W1    1  x[1x1x4096]+w[5504x4096]->y[1x1x5504]               0.043ms    45.089 M      1.06   43.02 MiB   1058.91
    6  FFN_W3    1  x[1x1x4096]+w[5504x4096]->y[1x1x5504]               0.042ms    45.089 M      1.07   43.02 MiB   1066.60
    7  SwiGLU    0  a[1x1x5504]+b[1x1x5504]->y[1x1x5504]                0.011ms    33.024 K      0.00   32.25 KiB      2.96
    8  SwiGLU    1  a[1x1x5504]+b[1x1x5504]->y[1x1x5504]                0.011ms    33.024 K      0.00   32.25 KiB      3.01
    9  FFN_W2    0  x[1x1x5504]+w[4096x5504]->y[1x1x4096]               0.045ms    45.089 M      1.01   43.02 MiB   1012.66
   10  FFN_W2    1  x[1x1x5504]+w[4096x5504]->y[1x1x4096]               0.044ms    45.089 M      1.03   43.02 MiB   1026.82
   11  Add      -1  a[1x1x4096]+b[1x1x4096]->y[1x1x4096]                0.007ms     4.096 K      0.00   24.00 KiB      3.29
[gpu-debug] segment avg latency (cuda_events): 0.322 ms
[gpu-debug] sum(per-op)               : 0.446 ms (ratio=1.386)
[gpu-debug] NOTE: sum(per-op) may differ from segment latency due to Python overhead, event/launch overhead, and allocator/cache effects.
[gpu-debug] cuda mem before warmup: alloc=272.15 MiB reserved=286.00 MiB
[gpu-debug] cuda mem after warmup : alloc=272.15 MiB reserved=286.00 MiB
[gpu-debug] cuda mem peak (this segment): max_alloc=272.17 MiB max_reserved=286.00 MiB
========================================================================================
[gpu-debug] segment_key=npu|decode|6|2ef4409498d14c672a4fbbfe6786cce6
[gpu-debug] sig: device_type=npu phase=decode step=6 (count_hint=32)
[gpu-debug] ops_repr: LN:-1,Add:-1,LN:-1,FFN_W1:0,FFN_W3:0,FFN_W1:1,FFN_W3:1,SwiGLU:0,SwiGLU:1,FFN_W2:0,FFN_W2:1,Add:-1
[gpu-debug] cfg: device=cuda dtype=torch.bfloat16 batch=1 dim=4096 ffn_dim=11008 n_heads=32 shards=2
[gpu-debug] op plan (with inferred tensor shapes):
  - op#00  op=LN       shard=-1  x=[1x1x4096] + w=[4096]  ->  y=[1x1x4096]  (T=1, K=1344)
  - op#01  op=Add      shard=-1  a=[1x1x4096] + b=[1x1x4096]  ->  y=[1x1x4096]  (T=1, K=1344)
  - op#02  op=LN       shard=-1  x=[1x1x4096] + w=[4096]  ->  y=[1x1x4096]  (T=1, K=1344)
  - op#03  op=FFN_W1   shard=0   x=[1x1x4096] + w=[5504x4096]  ->  y=[1x1x5504]  (T=1, K=1344)
  - op#04  op=FFN_W3   shard=0   x=[1x1x4096] + w=[5504x4096]  ->  y=[1x1x5504]  (T=1, K=1344)
  - op#05  op=FFN_W1   shard=1   x=[1x1x4096] + w=[5504x4096]  ->  y=[1x1x5504]  (T=1, K=1344)
  - op#06  op=FFN_W3   shard=1   x=[1x1x4096] + w=[5504x4096]  ->  y=[1x1x5504]  (T=1, K=1344)
  - op#07  op=SwiGLU   shard=0   a=[1x1x5504] + b=[1x1x5504]  ->  y=[1x1x5504]  (T=1, K=1344)
  - op#08  op=SwiGLU   shard=1   a=[1x1x5504] + b=[1x1x5504]  ->  y=[1x1x5504]  (T=1, K=1344)
  - op#09  op=FFN_W2   shard=0   x=[1x1x5504] + w=[4096x5504]  ->  y=[1x1x4096]  (T=1, K=1344)
  - op#10  op=FFN_W2   shard=1   x=[1x1x5504] + w=[4096x5504]  ->  y=[1x1x4096]  (T=1, K=1344)
  - op#11  op=Add      shard=-1  a=[1x1x4096] + b=[1x1x4096]  ->  y=[1x1x4096]  (T=1, K=1344)
[gpu-debug] per-op timing breakdown (avg over iters):
  idx  op       sh  io                                                    time   est_flops    TFLOPs       bytes      GB/s
  ------------------------------------------------------------------------------------------------------------------------
    0  LN       -1  x[1x1x4096]+w[4096]->y[1x1x4096]                    0.065ms    20.480 K      0.00   24.00 KiB      0.38
    1  Add      -1  a[1x1x4096]+b[1x1x4096]->y[1x1x4096]                0.016ms     4.096 K      0.00   24.00 KiB      1.52
    2  LN       -1  x[1x1x4096]+w[4096]->y[1x1x4096]                    0.055ms    20.480 K      0.00   24.00 KiB      0.44
    3  FFN_W1    0  x[1x1x4096]+w[5504x4096]->y[1x1x5504]               0.062ms    45.089 M      0.73   43.02 MiB    731.74
    4  FFN_W3    0  x[1x1x4096]+w[5504x4096]->y[1x1x5504]               0.042ms    45.089 M      1.06   43.02 MiB   1061.46
    5  FFN_W1    1  x[1x1x4096]+w[5504x4096]->y[1x1x5504]               0.043ms    45.089 M      1.05   43.02 MiB   1053.85
    6  FFN_W3    1  x[1x1x4096]+w[5504x4096]->y[1x1x5504]               0.042ms    45.089 M      1.07   43.02 MiB   1066.60
    7  SwiGLU    0  a[1x1x5504]+b[1x1x5504]->y[1x1x5504]                0.011ms    33.024 K      0.00   32.25 KiB      2.96
    8  SwiGLU    1  a[1x1x5504]+b[1x1x5504]->y[1x1x5504]                0.011ms    33.024 K      0.00   32.25 KiB      3.04
    9  FFN_W2    0  x[1x1x5504]+w[4096x5504]->y[1x1x4096]               0.045ms    45.089 M      1.01   43.02 MiB   1005.72
   10  FFN_W2    1  x[1x1x5504]+w[4096x5504]->y[1x1x4096]               0.044ms    45.089 M      1.02   43.02 MiB   1024.44
   11  Add      -1  a[1x1x4096]+b[1x1x4096]->y[1x1x4096]                0.008ms     4.096 K      0.00   24.00 KiB      3.20
[gpu-debug] segment avg latency (cuda_events): 0.323 ms
[gpu-debug] sum(per-op)               : 0.445 ms (ratio=1.379)
[gpu-debug] NOTE: sum(per-op) may differ from segment latency due to Python overhead, event/launch overhead, and allocator/cache effects.
[gpu-debug] cuda mem before warmup: alloc=272.15 MiB reserved=286.00 MiB
[gpu-debug] cuda mem after warmup : alloc=272.15 MiB reserved=286.00 MiB
[gpu-debug] cuda mem peak (this segment): max_alloc=272.17 MiB max_reserved=286.00 MiB
========================================================================================
[gpu-debug] segment_key=npu|decode|7|2ef4409498d14c672a4fbbfe6786cce6
[gpu-debug] sig: device_type=npu phase=decode step=7 (count_hint=32)
[gpu-debug] ops_repr: LN:-1,Add:-1,LN:-1,FFN_W1:0,FFN_W3:0,FFN_W1:1,FFN_W3:1,SwiGLU:0,SwiGLU:1,FFN_W2:0,FFN_W2:1,Add:-1
[gpu-debug] cfg: device=cuda dtype=torch.bfloat16 batch=1 dim=4096 ffn_dim=11008 n_heads=32 shards=2
[gpu-debug] op plan (with inferred tensor shapes):
  - op#00  op=LN       shard=-1  x=[1x1x4096] + w=[4096]  ->  y=[1x1x4096]  (T=1, K=1408)
  - op#01  op=Add      shard=-1  a=[1x1x4096] + b=[1x1x4096]  ->  y=[1x1x4096]  (T=1, K=1408)
  - op#02  op=LN       shard=-1  x=[1x1x4096] + w=[4096]  ->  y=[1x1x4096]  (T=1, K=1408)
  - op#03  op=FFN_W1   shard=0   x=[1x1x4096] + w=[5504x4096]  ->  y=[1x1x5504]  (T=1, K=1408)
  - op#04  op=FFN_W3   shard=0   x=[1x1x4096] + w=[5504x4096]  ->  y=[1x1x5504]  (T=1, K=1408)
  - op#05  op=FFN_W1   shard=1   x=[1x1x4096] + w=[5504x4096]  ->  y=[1x1x5504]  (T=1, K=1408)
  - op#06  op=FFN_W3   shard=1   x=[1x1x4096] + w=[5504x4096]  ->  y=[1x1x5504]  (T=1, K=1408)
  - op#07  op=SwiGLU   shard=0   a=[1x1x5504] + b=[1x1x5504]  ->  y=[1x1x5504]  (T=1, K=1408)
  - op#08  op=SwiGLU   shard=1   a=[1x1x5504] + b=[1x1x5504]  ->  y=[1x1x5504]  (T=1, K=1408)
  - op#09  op=FFN_W2   shard=0   x=[1x1x5504] + w=[4096x5504]  ->  y=[1x1x4096]  (T=1, K=1408)
  - op#10  op=FFN_W2   shard=1   x=[1x1x5504] + w=[4096x5504]  ->  y=[1x1x4096]  (T=1, K=1408)
  - op#11  op=Add      shard=-1  a=[1x1x4096] + b=[1x1x4096]  ->  y=[1x1x4096]  (T=1, K=1408)
[gpu-debug] per-op timing breakdown (avg over iters):
  idx  op       sh  io                                                    time   est_flops    TFLOPs       bytes      GB/s
  ------------------------------------------------------------------------------------------------------------------------
    0  LN       -1  x[1x1x4096]+w[4096]->y[1x1x4096]                    0.067ms    20.480 K      0.00   24.00 KiB      0.37
    1  Add      -1  a[1x1x4096]+b[1x1x4096]->y[1x1x4096]                0.016ms     4.096 K      0.00   24.00 KiB      1.49
    2  LN       -1  x[1x1x4096]+w[4096]->y[1x1x4096]                    0.055ms    20.480 K      0.00   24.00 KiB      0.45
    3  FFN_W1    0  x[1x1x4096]+w[5504x4096]->y[1x1x5504]               0.062ms    45.089 M      0.72   43.02 MiB    723.33
    4  FFN_W3    0  x[1x1x4096]+w[5504x4096]->y[1x1x5504]               0.043ms    45.089 M      1.06   43.02 MiB   1056.37
    5  FFN_W1    1  x[1x1x4096]+w[5504x4096]->y[1x1x5504]               0.043ms    45.089 M      1.05   43.02 MiB   1053.85
    6  FFN_W3    1  x[1x1x4096]+w[5504x4096]->y[1x1x5504]               0.042ms    45.089 M      1.08   43.02 MiB   1077.04
    7  SwiGLU    0  a[1x1x5504]+b[1x1x5504]->y[1x1x5504]                0.011ms    33.024 K      0.00   32.25 KiB      2.96
    8  SwiGLU    1  a[1x1x5504]+b[1x1x5504]->y[1x1x5504]                0.011ms    33.024 K      0.00   32.25 KiB      3.07
    9  FFN_W2    0  x[1x1x5504]+w[4096x5504]->y[1x1x4096]               0.045ms    45.089 M      1.01   43.02 MiB   1008.03
   10  FFN_W2    1  x[1x1x5504]+w[4096x5504]->y[1x1x4096]               0.044ms    45.089 M      1.02   43.02 MiB   1022.06
   11  Add      -1  a[1x1x4096]+b[1x1x4096]->y[1x1x4096]                0.008ms     4.096 K      0.00   24.00 KiB      3.12
[gpu-debug] segment avg latency (cuda_events): 0.323 ms
[gpu-debug] sum(per-op)               : 0.447 ms (ratio=1.383)
[gpu-debug] NOTE: sum(per-op) may differ from segment latency due to Python overhead, event/launch overhead, and allocator/cache effects.
[gpu-debug] cuda mem before warmup: alloc=272.15 MiB reserved=286.00 MiB
[gpu-debug] cuda mem after warmup : alloc=272.15 MiB reserved=286.00 MiB
[gpu-debug] cuda mem peak (this segment): max_alloc=272.17 MiB max_reserved=286.00 MiB
========================================================================================
[gpu-debug] segment_key=npu|decode|8|2ef4409498d14c672a4fbbfe6786cce6
[gpu-debug] sig: device_type=npu phase=decode step=8 (count_hint=32)
[gpu-debug] ops_repr: LN:-1,Add:-1,LN:-1,FFN_W1:0,FFN_W3:0,FFN_W1:1,FFN_W3:1,SwiGLU:0,SwiGLU:1,FFN_W2:0,FFN_W2:1,Add:-1
[gpu-debug] cfg: device=cuda dtype=torch.bfloat16 batch=1 dim=4096 ffn_dim=11008 n_heads=32 shards=2
[gpu-debug] op plan (with inferred tensor shapes):
  - op#00  op=LN       shard=-1  x=[1x1x4096] + w=[4096]  ->  y=[1x1x4096]  (T=1, K=1472)
  - op#01  op=Add      shard=-1  a=[1x1x4096] + b=[1x1x4096]  ->  y=[1x1x4096]  (T=1, K=1472)
  - op#02  op=LN       shard=-1  x=[1x1x4096] + w=[4096]  ->  y=[1x1x4096]  (T=1, K=1472)
  - op#03  op=FFN_W1   shard=0   x=[1x1x4096] + w=[5504x4096]  ->  y=[1x1x5504]  (T=1, K=1472)
  - op#04  op=FFN_W3   shard=0   x=[1x1x4096] + w=[5504x4096]  ->  y=[1x1x5504]  (T=1, K=1472)
  - op#05  op=FFN_W1   shard=1   x=[1x1x4096] + w=[5504x4096]  ->  y=[1x1x5504]  (T=1, K=1472)
  - op#06  op=FFN_W3   shard=1   x=[1x1x4096] + w=[5504x4096]  ->  y=[1x1x5504]  (T=1, K=1472)
  - op#07  op=SwiGLU   shard=0   a=[1x1x5504] + b=[1x1x5504]  ->  y=[1x1x5504]  (T=1, K=1472)
  - op#08  op=SwiGLU   shard=1   a=[1x1x5504] + b=[1x1x5504]  ->  y=[1x1x5504]  (T=1, K=1472)
  - op#09  op=FFN_W2   shard=0   x=[1x1x5504] + w=[4096x5504]  ->  y=[1x1x4096]  (T=1, K=1472)
  - op#10  op=FFN_W2   shard=1   x=[1x1x5504] + w=[4096x5504]  ->  y=[1x1x4096]  (T=1, K=1472)
  - op#11  op=Add      shard=-1  a=[1x1x4096] + b=[1x1x4096]  ->  y=[1x1x4096]  (T=1, K=1472)
[gpu-debug] per-op timing breakdown (avg over iters):
  idx  op       sh  io                                                    time   est_flops    TFLOPs       bytes      GB/s
  ------------------------------------------------------------------------------------------------------------------------
    0  LN       -1  x[1x1x4096]+w[4096]->y[1x1x4096]                    0.066ms    20.480 K      0.00   24.00 KiB      0.38
    1  Add      -1  a[1x1x4096]+b[1x1x4096]->y[1x1x4096]                0.016ms     4.096 K      0.00   24.00 KiB      1.51
    2  LN       -1  x[1x1x4096]+w[4096]->y[1x1x4096]                    0.055ms    20.480 K      0.00   24.00 KiB      0.45
    3  FFN_W1    0  x[1x1x4096]+w[5504x4096]->y[1x1x5504]               0.062ms    45.089 M      0.73   43.02 MiB    729.32
    4  FFN_W3    0  x[1x1x4096]+w[5504x4096]->y[1x1x5504]               0.043ms    45.089 M      1.05   43.02 MiB   1048.83
    5  FFN_W1    1  x[1x1x4096]+w[5504x4096]->y[1x1x5504]               0.042ms    45.089 M      1.06   43.02 MiB   1061.46
    6  FFN_W3    1  x[1x1x4096]+w[5504x4096]->y[1x1x5504]               0.042ms    45.089 M      1.07   43.02 MiB   1069.19
    7  SwiGLU    0  a[1x1x5504]+b[1x1x5504]->y[1x1x5504]                0.011ms    33.024 K      0.00   32.25 KiB      3.07
    8  SwiGLU    1  a[1x1x5504]+b[1x1x5504]->y[1x1x5504]                0.011ms    33.024 K      0.00   32.25 KiB      2.99
    9  FFN_W2    0  x[1x1x5504]+w[4096x5504]->y[1x1x4096]               0.045ms    45.089 M      1.01   43.02 MiB   1008.03
   10  FFN_W2    1  x[1x1x5504]+w[4096x5504]->y[1x1x4096]               0.044ms    45.089 M      1.02   43.02 MiB   1024.44
   11  Add      -1  a[1x1x4096]+b[1x1x4096]->y[1x1x4096]                0.008ms     4.096 K      0.00   24.00 KiB      3.24
[gpu-debug] segment avg latency (cuda_events): 0.322 ms
[gpu-debug] sum(per-op)               : 0.445 ms (ratio=1.382)
[gpu-debug] NOTE: sum(per-op) may differ from segment latency due to Python overhead, event/launch overhead, and allocator/cache effects.
[gpu-debug] cuda mem before warmup: alloc=272.15 MiB reserved=286.00 MiB
[gpu-debug] cuda mem after warmup : alloc=272.15 MiB reserved=286.00 MiB
[gpu-debug] cuda mem peak (this segment): max_alloc=272.17 MiB max_reserved=286.00 MiB
========================================================================================
[gpu-debug] segment_key=npu|decode|9|2ef4409498d14c672a4fbbfe6786cce6
[gpu-debug] sig: device_type=npu phase=decode step=9 (count_hint=32)
[gpu-debug] ops_repr: LN:-1,Add:-1,LN:-1,FFN_W1:0,FFN_W3:0,FFN_W1:1,FFN_W3:1,SwiGLU:0,SwiGLU:1,FFN_W2:0,FFN_W2:1,Add:-1
[gpu-debug] cfg: device=cuda dtype=torch.bfloat16 batch=1 dim=4096 ffn_dim=11008 n_heads=32 shards=2
[gpu-debug] op plan (with inferred tensor shapes):
  - op#00  op=LN       shard=-1  x=[1x1x4096] + w=[4096]  ->  y=[1x1x4096]  (T=1, K=1536)
  - op#01  op=Add      shard=-1  a=[1x1x4096] + b=[1x1x4096]  ->  y=[1x1x4096]  (T=1, K=1536)
  - op#02  op=LN       shard=-1  x=[1x1x4096] + w=[4096]  ->  y=[1x1x4096]  (T=1, K=1536)
  - op#03  op=FFN_W1   shard=0   x=[1x1x4096] + w=[5504x4096]  ->  y=[1x1x5504]  (T=1, K=1536)
  - op#04  op=FFN_W3   shard=0   x=[1x1x4096] + w=[5504x4096]  ->  y=[1x1x5504]  (T=1, K=1536)
  - op#05  op=FFN_W1   shard=1   x=[1x1x4096] + w=[5504x4096]  ->  y=[1x1x5504]  (T=1, K=1536)
  - op#06  op=FFN_W3   shard=1   x=[1x1x4096] + w=[5504x4096]  ->  y=[1x1x5504]  (T=1, K=1536)
  - op#07  op=SwiGLU   shard=0   a=[1x1x5504] + b=[1x1x5504]  ->  y=[1x1x5504]  (T=1, K=1536)
  - op#08  op=SwiGLU   shard=1   a=[1x1x5504] + b=[1x1x5504]  ->  y=[1x1x5504]  (T=1, K=1536)
  - op#09  op=FFN_W2   shard=0   x=[1x1x5504] + w=[4096x5504]  ->  y=[1x1x4096]  (T=1, K=1536)
  - op#10  op=FFN_W2   shard=1   x=[1x1x5504] + w=[4096x5504]  ->  y=[1x1x4096]  (T=1, K=1536)
  - op#11  op=Add      shard=-1  a=[1x1x4096] + b=[1x1x4096]  ->  y=[1x1x4096]  (T=1, K=1536)
[gpu-debug] per-op timing breakdown (avg over iters):
  idx  op       sh  io                                                    time   est_flops    TFLOPs       bytes      GB/s
  ------------------------------------------------------------------------------------------------------------------------
    0  LN       -1  x[1x1x4096]+w[4096]->y[1x1x4096]                    0.066ms    20.480 K      0.00   24.00 KiB      0.37
    1  Add      -1  a[1x1x4096]+b[1x1x4096]->y[1x1x4096]                0.016ms     4.096 K      0.00   24.00 KiB      1.49
    2  LN       -1  x[1x1x4096]+w[4096]->y[1x1x4096]                    0.055ms    20.480 K      0.00   24.00 KiB      0.45
    3  FFN_W1    0  x[1x1x4096]+w[5504x4096]->y[1x1x5504]               0.062ms    45.089 M      0.73   43.02 MiB    728.11
    4  FFN_W3    0  x[1x1x4096]+w[5504x4096]->y[1x1x5504]               0.043ms    45.089 M      1.05   43.02 MiB   1053.85
    5  FFN_W1    1  x[1x1x4096]+w[5504x4096]->y[1x1x5504]               0.042ms    45.089 M      1.06   43.02 MiB   1061.46
    6  FFN_W3    1  x[1x1x4096]+w[5504x4096]->y[1x1x5504]               0.042ms    45.089 M      1.07   43.02 MiB   1066.60
    7  SwiGLU    0  a[1x1x5504]+b[1x1x5504]->y[1x1x5504]                0.011ms    33.024 K      0.00   32.25 KiB      2.96
    8  SwiGLU    1  a[1x1x5504]+b[1x1x5504]->y[1x1x5504]                0.011ms    33.024 K      0.00   32.25 KiB      3.07
    9  FFN_W2    0  x[1x1x5504]+w[4096x5504]->y[1x1x4096]               0.045ms    45.089 M      1.01   43.02 MiB   1012.66
   10  FFN_W2    1  x[1x1x5504]+w[4096x5504]->y[1x1x4096]               0.044ms    45.089 M      1.02   43.02 MiB   1022.06
   11  Add      -1  a[1x1x4096]+b[1x1x4096]->y[1x1x4096]                0.008ms     4.096 K      0.00   24.00 KiB      3.20
[gpu-debug] segment avg latency (cuda_events): 0.322 ms
[gpu-debug] sum(per-op)               : 0.445 ms (ratio=1.383)
[gpu-debug] NOTE: sum(per-op) may differ from segment latency due to Python overhead, event/launch overhead, and allocator/cache effects.
[gpu-debug] cuda mem before warmup: alloc=272.15 MiB reserved=286.00 MiB
[gpu-debug] cuda mem after warmup : alloc=272.15 MiB reserved=286.00 MiB
[gpu-debug] cuda mem peak (this segment): max_alloc=272.17 MiB max_reserved=286.00 MiB
========================================================================================
[gpu-debug] segment_key=npu|prefill|-1|2ef4409498d14c672a4fbbfe6786cce6
[gpu-debug] sig: device_type=npu phase=prefill step=-1 (count_hint=32)
[gpu-debug] ops_repr: LN:-1,Add:-1,LN:-1,FFN_W1:0,FFN_W3:0,FFN_W1:1,FFN_W3:1,SwiGLU:0,SwiGLU:1,FFN_W2:0,FFN_W2:1,Add:-1
[gpu-debug] cfg: device=cuda dtype=torch.bfloat16 batch=1 dim=4096 ffn_dim=11008 n_heads=32 shards=2
[gpu-debug] op plan (with inferred tensor shapes):
  - op#00  op=LN       shard=-1  x=[1x1024x4096] + w=[4096]  ->  y=[1x1024x4096]  (T=1024, K=1024)
  - op#01  op=Add      shard=-1  a=[1x1024x4096] + b=[1x1024x4096]  ->  y=[1x1024x4096]  (T=1024, K=1024)
  - op#02  op=LN       shard=-1  x=[1x1024x4096] + w=[4096]  ->  y=[1x1024x4096]  (T=1024, K=1024)
  - op#03  op=FFN_W1   shard=0   x=[1x1024x4096] + w=[5504x4096]  ->  y=[1x1024x5504]  (T=1024, K=1024)
  - op#04  op=FFN_W3   shard=0   x=[1x1024x4096] + w=[5504x4096]  ->  y=[1x1024x5504]  (T=1024, K=1024)
  - op#05  op=FFN_W1   shard=1   x=[1x1024x4096] + w=[5504x4096]  ->  y=[1x1024x5504]  (T=1024, K=1024)
  - op#06  op=FFN_W3   shard=1   x=[1x1024x4096] + w=[5504x4096]  ->  y=[1x1024x5504]  (T=1024, K=1024)
  - op#07  op=SwiGLU   shard=0   a=[1x1024x5504] + b=[1x1024x5504]  ->  y=[1x1024x5504]  (T=1024, K=1024)
  - op#08  op=SwiGLU   shard=1   a=[1x1024x5504] + b=[1x1024x5504]  ->  y=[1x1024x5504]  (T=1024, K=1024)
  - op#09  op=FFN_W2   shard=0   x=[1x1024x5504] + w=[4096x5504]  ->  y=[1x1024x4096]  (T=1024, K=1024)
  - op#10  op=FFN_W2   shard=1   x=[1x1024x5504] + w=[4096x5504]  ->  y=[1x1024x4096]  (T=1024, K=1024)
  - op#11  op=Add      shard=-1  a=[1x1024x4096] + b=[1x1024x4096]  ->  y=[1x1024x4096]  (T=1024, K=1024)
[gpu-debug] per-op timing breakdown (avg over iters):
  idx  op       sh  io                                                    time   est_flops    TFLOPs       bytes      GB/s
  ------------------------------------------------------------------------------------------------------------------------
    0  LN       -1  x[1x1024x4096]+w[4096]->y[1x1024x4096]              0.093ms    20.972 M      0.23   16.01 MiB    180.73
    1  Add      -1  a[1x1024x4096]+b[1x1024x4096]->y[1x1024x4096]       0.012ms     4.194 M      0.34   24.00 MiB   2031.07
    2  LN       -1  x[1x1024x4096]+w[4096]->y[1x1024x4096]              0.080ms    20.972 M      0.26   16.01 MiB    210.97
    3  FFN_W1    0  x[1x1024x4096]+w[5504x4096]->y[1x1024x5504]         0.270ms    46.171 G    171.31   61.75 MiB    240.24
    4  FFN_W3    0  x[1x1024x4096]+w[5504x4096]->y[1x1024x5504]         0.269ms    46.171 G    171.83   61.75 MiB    240.98
    5  FFN_W1    1  x[1x1024x4096]+w[5504x4096]->y[1x1024x5504]         0.269ms    46.171 G    171.77   61.75 MiB    240.88
    6  FFN_W3    1  x[1x1024x4096]+w[5504x4096]->y[1x1024x5504]         0.269ms    46.171 G    171.77   61.75 MiB    240.88
    7  SwiGLU    0  a[1x1024x5504]+b[1x1024x5504]->y[1x1024x5504]       0.035ms    33.817 M      0.96   32.25 MiB    962.80
    8  SwiGLU    1  a[1x1024x5504]+b[1x1024x5504]->y[1x1024x5504]       0.036ms    33.817 M      0.94   32.25 MiB    938.18
    9  FFN_W2    0  x[1x1024x5504]+w[4096x5504]->y[1x1024x4096]         0.354ms    46.171 G    130.47   61.75 MiB    182.96
   10  FFN_W2    1  x[1x1024x5504]+w[4096x5504]->y[1x1024x4096]         0.353ms    46.171 G    130.62   61.75 MiB    183.17
   11  Add      -1  a[1x1024x4096]+b[1x1024x4096]->y[1x1024x4096]       0.015ms     4.194 M      0.28   24.00 MiB   1660.54
[gpu-debug] segment avg latency (cuda_events): 2.008 ms
[gpu-debug] sum(per-op)               : 2.054 ms (ratio=1.023)
[gpu-debug] NOTE: sum(per-op) may differ from segment latency due to Python overhead, event/launch overhead, and allocator/cache effects.
[gpu-debug] cuda mem before warmup: alloc=272.15 MiB reserved=286.00 MiB
[gpu-debug] cuda mem after warmup : alloc=290.90 MiB reserved=330.00 MiB
[gpu-debug] cuda mem peak (this segment): max_alloc=312.40 MiB max_reserved=330.00 MiB
  progress 18/18
[run-gpu] wrote /lustre/home/2501111916/workspace/XPUPIM_0226_gpupim_parameter/TriForm/verify/hw_hardware_1gpu_2aim/st64/llama_7b_bf16_b8_s64/attn_on_pim_1024x1024.gpu_results.json
[slurm] wrote OK_FILE=/lustre/home/2501111916/workspace/XPUPIM_0226_gpupim_parameter/TriForm/verify/hw_hardware_1gpu_2aim/st64/llama_7b_bf16_b8_s64/attn_on_pim_1024x1024.gpu.ok
