AiM WR_GB 16 0 0xffffffff
AiM WR_BIAS 0 0xffffffff
AiM MAC_ABK 4 0xffffffff 32
AiM RD_MAC 0 0xffffffff
AiM WR_BIAS 0 0xffffffff
AiM MAC_ABK 4 0xffffffff 32
AiM RD_MAC 0 0xffffffff
AiM WR_BIAS 0 0xffffffff
AiM MAC_ABK 4 0xffffffff 32
AiM RD_MAC 0 0xffffffff
AiM WR_BIAS 0 0xffffffff
AiM MAC_ABK 4 0xffffffff 32
AiM RD_MAC 0 0xffffffff
AiM WR_GB 16 0 0xffffffff
AiM WR_BIAS 0 0xffffffff
AiM MAC_ABK 4 0xffffffff 33
AiM RD_MAC 0 0xffffffff
AiM WR_BIAS 0 0xffffffff
AiM MAC_ABK 4 0xffffffff 33
AiM RD_MAC 0 0xffffffff
AiM WR_BIAS 0 0xffffffff
AiM MAC_ABK 4 0xffffffff 33
AiM RD_MAC 0 0xffffffff
AiM WR_BIAS 0 0xffffffff
AiM MAC_ABK 4 0xffffffff 33
AiM RD_MAC 0 0xffffffff
AiM WR_GB 16 0 0xffffffff
AiM WR_BIAS 0 0xffffffff
AiM MAC_ABK 4 0xffffffff 34
AiM RD_MAC 0 0xffffffff
AiM WR_BIAS 0 0xffffffff
AiM MAC_ABK 4 0xffffffff 34
AiM RD_MAC 0 0xffffffff
AiM WR_BIAS 0 0xffffffff
AiM MAC_ABK 4 0xffffffff 34
AiM RD_MAC 0 0xffffffff
AiM WR_BIAS 0 0xffffffff
AiM MAC_ABK 4 0xffffffff 34
AiM RD_MAC 0 0xffffffff
AiM WR_GB 16 0 0xffffffff
AiM WR_BIAS 0 0xffffffff
AiM MAC_ABK 4 0xffffffff 32
AiM RD_MAC 0 0xffffffff
AiM WR_BIAS 0 0xffffffff
AiM MAC_ABK 4 0xffffffff 32
AiM RD_MAC 0 0xffffffff
AiM WR_BIAS 0 0xffffffff
AiM MAC_ABK 4 0xffffffff 32
AiM RD_MAC 0 0xffffffff
AiM WR_BIAS 0 0xffffffff
AiM MAC_ABK 4 0xffffffff 32
AiM RD_MAC 0 0xffffffff
AiM WR_GB 16 0 0xffffffff
AiM WR_BIAS 0 0xffffffff
AiM MAC_ABK 4 0xffffffff 33
AiM RD_MAC 0 0xffffffff
AiM WR_BIAS 0 0xffffffff
AiM MAC_ABK 4 0xffffffff 33
AiM RD_MAC 0 0xffffffff
AiM WR_BIAS 0 0xffffffff
AiM MAC_ABK 4 0xffffffff 33
AiM RD_MAC 0 0xffffffff
AiM WR_BIAS 0 0xffffffff
AiM MAC_ABK 4 0xffffffff 33
AiM RD_MAC 0 0xffffffff
AiM WR_GB 16 0 0xffffffff
AiM WR_BIAS 0 0xffffffff
AiM MAC_ABK 4 0xffffffff 34
AiM RD_MAC 0 0xffffffff
AiM WR_BIAS 0 0xffffffff
AiM MAC_ABK 4 0xffffffff 34
AiM RD_MAC 0 0xffffffff
AiM WR_BIAS 0 0xffffffff
AiM MAC_ABK 4 0xffffffff 34
AiM RD_MAC 0 0xffffffff
AiM WR_BIAS 0 0xffffffff
AiM MAC_ABK 4 0xffffffff 34
AiM RD_MAC 0 0xffffffff
AiM WR_GB 16 0 0xffffffff
AiM WR_BIAS 0 0xffffffff
AiM MAC_ABK 4 0xffffffff 32
AiM RD_MAC 0 0xffffffff
AiM WR_BIAS 0 0xffffffff
AiM MAC_ABK 4 0xffffffff 32
AiM RD_MAC 0 0xffffffff
AiM WR_BIAS 0 0xffffffff
AiM MAC_ABK 4 0xffffffff 32
AiM RD_MAC 0 0xffffffff
AiM WR_BIAS 0 0xffffffff
AiM MAC_ABK 4 0xffffffff 32
AiM RD_MAC 0 0xffffffff
AiM WR_GB 16 0 0xffffffff
AiM WR_BIAS 0 0xffffffff
AiM MAC_ABK 4 0xffffffff 35
AiM RD_MAC 0 0xffffffff
AiM WR_BIAS 0 0xffffffff
AiM MAC_ABK 4 0xffffffff 35
AiM RD_MAC 0 0xffffffff
AiM WR_BIAS 0 0xffffffff
AiM MAC_ABK 4 0xffffffff 35
AiM RD_MAC 0 0xffffffff
AiM WR_BIAS 0 0xffffffff
AiM MAC_ABK 4 0xffffffff 35
AiM RD_MAC 0 0xffffffff
AiM WR_GB 16 0 0xffffffff
AiM WR_BIAS 0 0xffffffff
AiM MAC_ABK 4 0xffffffff 33
AiM RD_MAC 0 0xffffffff
AiM WR_BIAS 0 0xffffffff
AiM MAC_ABK 4 0xffffffff 33
AiM RD_MAC 0 0xffffffff
AiM WR_BIAS 0 0xffffffff
AiM MAC_ABK 4 0xffffffff 33
AiM RD_MAC 0 0xffffffff
AiM WR_BIAS 0 0xffffffff
AiM MAC_ABK 4 0xffffffff 33
AiM RD_MAC 0 0xffffffff
AiM WR_GB 16 0 0xffffffff
AiM WR_BIAS 0 0xffffffff
AiM MAC_ABK 4 0xffffffff 36
AiM RD_MAC 0 0xffffffff
AiM WR_BIAS 0 0xffffffff
AiM MAC_ABK 4 0xffffffff 36
AiM RD_MAC 0 0xffffffff
AiM WR_BIAS 0 0xffffffff
AiM MAC_ABK 4 0xffffffff 36
AiM RD_MAC 0 0xffffffff
AiM WR_BIAS 0 0xffffffff
AiM MAC_ABK 4 0xffffffff 36
AiM RD_MAC 0 0xffffffff
AiM WR_GB 16 0 0xffffffff
AiM WR_BIAS 0 0xffffffff
AiM MAC_ABK 4 0xffffffff 34
AiM RD_MAC 0 0xffffffff
AiM WR_BIAS 0 0xffffffff
AiM MAC_ABK 4 0xffffffff 34
AiM RD_MAC 0 0xffffffff
AiM WR_BIAS 0 0xffffffff
AiM MAC_ABK 4 0xffffffff 34
AiM RD_MAC 0 0xffffffff
AiM WR_BIAS 0 0xffffffff
AiM MAC_ABK 4 0xffffffff 34
AiM RD_MAC 0 0xffffffff
AiM WR_GB 16 0 0xffffffff
AiM WR_BIAS 0 0xffffffff
AiM MAC_ABK 4 0xffffffff 37
AiM RD_MAC 0 0xffffffff
AiM WR_BIAS 0 0xffffffff
AiM MAC_ABK 4 0xffffffff 37
AiM RD_MAC 0 0xffffffff
AiM WR_BIAS 0 0xffffffff
AiM MAC_ABK 4 0xffffffff 37
AiM RD_MAC 0 0xffffffff
AiM WR_BIAS 0 0xffffffff
AiM MAC_ABK 4 0xffffffff 37
AiM RD_MAC 0 0xffffffff
AiM WR_GB 16 0 0xffffffff
AiM WR_BIAS 0 0xffffffff
AiM MAC_ABK 4 0xffffffff 32
AiM RD_MAC 0 0xffffffff
AiM WR_BIAS 0 0xffffffff
AiM MAC_ABK 4 0xffffffff 32
AiM RD_MAC 0 0xffffffff
AiM WR_BIAS 0 0xffffffff
AiM MAC_ABK 4 0xffffffff 32
AiM RD_MAC 0 0xffffffff
AiM WR_BIAS 0 0xffffffff
AiM MAC_ABK 4 0xffffffff 32
AiM RD_MAC 0 0xffffffff
AiM WR_GB 16 0 0xffffffff
AiM WR_BIAS 0 0xffffffff
AiM MAC_ABK 4 0xffffffff 35
AiM RD_MAC 0 0xffffffff
AiM WR_BIAS 0 0xffffffff
AiM MAC_ABK 4 0xffffffff 35
AiM RD_MAC 0 0xffffffff
AiM WR_BIAS 0 0xffffffff
AiM MAC_ABK 4 0xffffffff 35
AiM RD_MAC 0 0xffffffff
AiM WR_BIAS 0 0xffffffff
AiM MAC_ABK 4 0xffffffff 35
AiM RD_MAC 0 0xffffffff
AiM WR_GB 16 0 0xffffffff
AiM WR_BIAS 0 0xffffffff
AiM MAC_ABK 4 0xffffffff 38
AiM RD_MAC 0 0xffffffff
AiM WR_BIAS 0 0xffffffff
AiM MAC_ABK 4 0xffffffff 38
AiM RD_MAC 0 0xffffffff
AiM WR_BIAS 0 0xffffffff
AiM MAC_ABK 4 0xffffffff 38
AiM RD_MAC 0 0xffffffff
AiM WR_BIAS 0 0xffffffff
AiM MAC_ABK 4 0xffffffff 38
AiM RD_MAC 0 0xffffffff
AiM WR_GB 16 0 0xffffffff
AiM WR_BIAS 0 0xffffffff
AiM MAC_ABK 4 0xffffffff 41
AiM RD_MAC 0 0xffffffff
AiM WR_BIAS 0 0xffffffff
AiM MAC_ABK 4 0xffffffff 41
AiM RD_MAC 0 0xffffffff
AiM WR_BIAS 0 0xffffffff
AiM MAC_ABK 4 0xffffffff 41
AiM RD_MAC 0 0xffffffff
AiM WR_BIAS 0 0xffffffff
AiM MAC_ABK 4 0xffffffff 41
AiM RD_MAC 0 0xffffffff
AiM WR_GB 16 0 0xffffffff
AiM WR_BIAS 0 0xffffffff
AiM MAC_ABK 4 0xffffffff 33
AiM RD_MAC 0 0xffffffff
AiM WR_BIAS 0 0xffffffff
AiM MAC_ABK 4 0xffffffff 33
AiM RD_MAC 0 0xffffffff
AiM WR_BIAS 0 0xffffffff
AiM MAC_ABK 4 0xffffffff 33
AiM RD_MAC 0 0xffffffff
AiM WR_BIAS 0 0xffffffff
AiM MAC_ABK 4 0xffffffff 33
AiM RD_MAC 0 0xffffffff
AiM WR_GB 16 0 0xffffffff
AiM WR_BIAS 0 0xffffffff
AiM MAC_ABK 4 0xffffffff 36
AiM RD_MAC 0 0xffffffff
AiM WR_BIAS 0 0xffffffff
AiM MAC_ABK 4 0xffffffff 36
AiM RD_MAC 0 0xffffffff
AiM WR_BIAS 0 0xffffffff
AiM MAC_ABK 4 0xffffffff 36
AiM RD_MAC 0 0xffffffff
AiM WR_BIAS 0 0xffffffff
AiM MAC_ABK 4 0xffffffff 36
AiM RD_MAC 0 0xffffffff
AiM WR_GB 16 0 0xffffffff
AiM WR_BIAS 0 0xffffffff
AiM MAC_ABK 4 0xffffffff 39
AiM RD_MAC 0 0xffffffff
AiM WR_BIAS 0 0xffffffff
AiM MAC_ABK 4 0xffffffff 39
AiM RD_MAC 0 0xffffffff
AiM WR_BIAS 0 0xffffffff
AiM MAC_ABK 4 0xffffffff 39
AiM RD_MAC 0 0xffffffff
AiM WR_BIAS 0 0xffffffff
AiM MAC_ABK 4 0xffffffff 39
AiM RD_MAC 0 0xffffffff
AiM WR_GB 16 0 0xffffffff
AiM WR_BIAS 0 0xffffffff
AiM MAC_ABK 4 0xffffffff 42
AiM RD_MAC 0 0xffffffff
AiM WR_BIAS 0 0xffffffff
AiM MAC_ABK 4 0xffffffff 42
AiM RD_MAC 0 0xffffffff
AiM WR_BIAS 0 0xffffffff
AiM MAC_ABK 4 0xffffffff 42
AiM RD_MAC 0 0xffffffff
AiM WR_BIAS 0 0xffffffff
AiM MAC_ABK 4 0xffffffff 42
AiM RD_MAC 0 0xffffffff
AiM WR_GB 16 0 0xffffffff
AiM WR_BIAS 0 0xffffffff
AiM MAC_ABK 4 0xffffffff 34
AiM RD_MAC 0 0xffffffff
AiM WR_BIAS 0 0xffffffff
AiM MAC_ABK 4 0xffffffff 34
AiM RD_MAC 0 0xffffffff
AiM WR_BIAS 0 0xffffffff
AiM MAC_ABK 4 0xffffffff 34
AiM RD_MAC 0 0xffffffff
AiM WR_BIAS 0 0xffffffff
AiM MAC_ABK 4 0xffffffff 34
AiM RD_MAC 0 0xffffffff
AiM WR_GB 16 0 0xffffffff
AiM WR_BIAS 0 0xffffffff
AiM MAC_ABK 4 0xffffffff 37
AiM RD_MAC 0 0xffffffff
AiM WR_BIAS 0 0xffffffff
AiM MAC_ABK 4 0xffffffff 37
AiM RD_MAC 0 0xffffffff
AiM WR_BIAS 0 0xffffffff
AiM MAC_ABK 4 0xffffffff 37
AiM RD_MAC 0 0xffffffff
AiM WR_BIAS 0 0xffffffff
AiM MAC_ABK 4 0xffffffff 37
AiM RD_MAC 0 0xffffffff
AiM WR_GB 16 0 0xffffffff
AiM WR_BIAS 0 0xffffffff
AiM MAC_ABK 4 0xffffffff 40
AiM RD_MAC 0 0xffffffff
AiM WR_BIAS 0 0xffffffff
AiM MAC_ABK 4 0xffffffff 40
AiM RD_MAC 0 0xffffffff
AiM WR_BIAS 0 0xffffffff
AiM MAC_ABK 4 0xffffffff 40
AiM RD_MAC 0 0xffffffff
AiM WR_BIAS 0 0xffffffff
AiM MAC_ABK 4 0xffffffff 40
AiM RD_MAC 0 0xffffffff
AiM WR_GB 16 0 0xffffffff
AiM WR_BIAS 0 0xffffffff
AiM MAC_ABK 4 0xffffffff 43
AiM RD_MAC 0 0xffffffff
AiM WR_BIAS 0 0xffffffff
AiM MAC_ABK 4 0xffffffff 43
AiM RD_MAC 0 0xffffffff
AiM WR_BIAS 0 0xffffffff
AiM MAC_ABK 4 0xffffffff 43
AiM RD_MAC 0 0xffffffff
AiM WR_BIAS 0 0xffffffff
AiM MAC_ABK 4 0xffffffff 43
AiM RD_MAC 0 0xffffffff
AiM WR_GB 16 0 0xffffffff
AiM WR_BIAS 0 0xffffffff
AiM MAC_ABK 4 0xffffffff 32
AiM RD_MAC 0 0xffffffff
AiM WR_BIAS 0 0xffffffff
AiM MAC_ABK 4 0xffffffff 32
AiM RD_MAC 0 0xffffffff
AiM WR_BIAS 0 0xffffffff
AiM MAC_ABK 4 0xffffffff 32
AiM RD_MAC 0 0xffffffff
AiM WR_BIAS 0 0xffffffff
AiM MAC_ABK 4 0xffffffff 32
AiM RD_MAC 0 0xffffffff
AiM WR_GB 16 0 0xffffffff
AiM WR_BIAS 0 0xffffffff
AiM MAC_ABK 4 0xffffffff 35
AiM RD_MAC 0 0xffffffff
AiM WR_BIAS 0 0xffffffff
AiM MAC_ABK 4 0xffffffff 35
AiM RD_MAC 0 0xffffffff
AiM WR_BIAS 0 0xffffffff
AiM MAC_ABK 4 0xffffffff 35
AiM RD_MAC 0 0xffffffff
AiM WR_BIAS 0 0xffffffff
AiM MAC_ABK 4 0xffffffff 35
AiM RD_MAC 0 0xffffffff
AiM WR_GB 16 0 0xffffffff
AiM WR_BIAS 0 0xffffffff
AiM MAC_ABK 4 0xffffffff 38
AiM RD_MAC 0 0xffffffff
AiM WR_BIAS 0 0xffffffff
AiM MAC_ABK 4 0xffffffff 38
AiM RD_MAC 0 0xffffffff
AiM WR_BIAS 0 0xffffffff
AiM MAC_ABK 4 0xffffffff 38
AiM RD_MAC 0 0xffffffff
AiM WR_BIAS 0 0xffffffff
AiM MAC_ABK 4 0xffffffff 38
AiM RD_MAC 0 0xffffffff
AiM WR_GB 16 0 0xffffffff
AiM WR_BIAS 0 0xffffffff
AiM MAC_ABK 4 0xffffffff 41
AiM RD_MAC 0 0xffffffff
AiM WR_BIAS 0 0xffffffff
AiM MAC_ABK 4 0xffffffff 41
AiM RD_MAC 0 0xffffffff
AiM WR_BIAS 0 0xffffffff
AiM MAC_ABK 4 0xffffffff 41
AiM RD_MAC 0 0xffffffff
AiM WR_BIAS 0 0xffffffff
AiM MAC_ABK 4 0xffffffff 41
AiM RD_MAC 0 0xffffffff
AiM WR_GB 16 0 0xffffffff
AiM WR_BIAS 0 0xffffffff
AiM MAC_ABK 4 0xffffffff 44
AiM RD_MAC 0 0xffffffff
AiM WR_BIAS 0 0xffffffff
AiM MAC_ABK 4 0xffffffff 44
AiM RD_MAC 0 0xffffffff
AiM WR_BIAS 0 0xffffffff
AiM MAC_ABK 4 0xffffffff 44
AiM RD_MAC 0 0xffffffff
AiM WR_BIAS 0 0xffffffff
AiM MAC_ABK 4 0xffffffff 44
AiM RD_MAC 0 0xffffffff
AiM WR_GB 16 0 0xffffffff
AiM WR_BIAS 0 0xffffffff
AiM MAC_ABK 4 0xffffffff 47
AiM RD_MAC 0 0xffffffff
AiM WR_BIAS 0 0xffffffff
AiM MAC_ABK 4 0xffffffff 47
AiM RD_MAC 0 0xffffffff
AiM WR_BIAS 0 0xffffffff
AiM MAC_ABK 4 0xffffffff 47
AiM RD_MAC 0 0xffffffff
AiM WR_BIAS 0 0xffffffff
AiM MAC_ABK 4 0xffffffff 47
AiM RD_MAC 0 0xffffffff
AiM WR_GB 16 0 0xffffffff
AiM WR_BIAS 0 0xffffffff
AiM MAC_ABK 4 0xffffffff 50
AiM RD_MAC 0 0xffffffff
AiM WR_BIAS 0 0xffffffff
AiM MAC_ABK 4 0xffffffff 50
AiM RD_MAC 0 0xffffffff
AiM WR_BIAS 0 0xffffffff
AiM MAC_ABK 4 0xffffffff 50
AiM RD_MAC 0 0xffffffff
AiM WR_BIAS 0 0xffffffff
AiM MAC_ABK 4 0xffffffff 50
AiM RD_MAC 0 0xffffffff
AiM WR_GB 16 0 0xffffffff
AiM WR_BIAS 0 0xffffffff
AiM MAC_ABK 4 0xffffffff 53
AiM RD_MAC 0 0xffffffff
AiM WR_BIAS 0 0xffffffff
AiM MAC_ABK 4 0xffffffff 53
AiM RD_MAC 0 0xffffffff
AiM WR_BIAS 0 0xffffffff
AiM MAC_ABK 4 0xffffffff 53
AiM RD_MAC 0 0xffffffff
AiM WR_BIAS 0 0xffffffff
AiM MAC_ABK 4 0xffffffff 53
AiM RD_MAC 0 0xffffffff
AiM WR_GB 16 0 0xffffffff
AiM WR_BIAS 0 0xffffffff
AiM MAC_ABK 4 0xffffffff 33
AiM RD_MAC 0 0xffffffff
AiM WR_BIAS 0 0xffffffff
AiM MAC_ABK 4 0xffffffff 33
AiM RD_MAC 0 0xffffffff
AiM WR_BIAS 0 0xffffffff
AiM MAC_ABK 4 0xffffffff 33
AiM RD_MAC 0 0xffffffff
AiM WR_BIAS 0 0xffffffff
AiM MAC_ABK 4 0xffffffff 33
AiM RD_MAC 0 0xffffffff
AiM WR_GB 16 0 0xffffffff
AiM WR_BIAS 0 0xffffffff
AiM MAC_ABK 4 0xffffffff 36
AiM RD_MAC 0 0xffffffff
AiM WR_BIAS 0 0xffffffff
AiM MAC_ABK 4 0xffffffff 36
AiM RD_MAC 0 0xffffffff
AiM WR_BIAS 0 0xffffffff
AiM MAC_ABK 4 0xffffffff 36
AiM RD_MAC 0 0xffffffff
AiM WR_BIAS 0 0xffffffff
AiM MAC_ABK 4 0xffffffff 36
AiM RD_MAC 0 0xffffffff
AiM WR_GB 16 0 0xffffffff
AiM WR_BIAS 0 0xffffffff
AiM MAC_ABK 4 0xffffffff 39
AiM RD_MAC 0 0xffffffff
AiM WR_BIAS 0 0xffffffff
AiM MAC_ABK 4 0xffffffff 39
AiM RD_MAC 0 0xffffffff
AiM WR_BIAS 0 0xffffffff
AiM MAC_ABK 4 0xffffffff 39
AiM RD_MAC 0 0xffffffff
AiM WR_BIAS 0 0xffffffff
AiM MAC_ABK 4 0xffffffff 39
AiM RD_MAC 0 0xffffffff
AiM WR_GB 16 0 0xffffffff
AiM WR_BIAS 0 0xffffffff
AiM MAC_ABK 4 0xffffffff 42
AiM RD_MAC 0 0xffffffff
AiM WR_BIAS 0 0xffffffff
AiM MAC_ABK 4 0xffffffff 42
AiM RD_MAC 0 0xffffffff
AiM WR_BIAS 0 0xffffffff
AiM MAC_ABK 4 0xffffffff 42
AiM RD_MAC 0 0xffffffff
AiM WR_BIAS 0 0xffffffff
AiM MAC_ABK 4 0xffffffff 42
AiM RD_MAC 0 0xffffffff
AiM WR_GB 16 0 0xffffffff
AiM WR_BIAS 0 0xffffffff
AiM MAC_ABK 4 0xffffffff 45
AiM RD_MAC 0 0xffffffff
AiM WR_BIAS 0 0xffffffff
AiM MAC_ABK 4 0xffffffff 45
AiM RD_MAC 0 0xffffffff
AiM WR_BIAS 0 0xffffffff
AiM MAC_ABK 4 0xffffffff 45
AiM RD_MAC 0 0xffffffff
AiM WR_BIAS 0 0xffffffff
AiM MAC_ABK 4 0xffffffff 45
AiM RD_MAC 0 0xffffffff
AiM WR_GB 16 0 0xffffffff
AiM WR_BIAS 0 0xffffffff
AiM MAC_ABK 4 0xffffffff 48
AiM RD_MAC 0 0xffffffff
AiM WR_BIAS 0 0xffffffff
AiM MAC_ABK 4 0xffffffff 48
AiM RD_MAC 0 0xffffffff
AiM WR_BIAS 0 0xffffffff
AiM MAC_ABK 4 0xffffffff 48
AiM RD_MAC 0 0xffffffff
AiM WR_BIAS 0 0xffffffff
AiM MAC_ABK 4 0xffffffff 48
AiM RD_MAC 0 0xffffffff
AiM WR_GB 16 0 0xffffffff
AiM WR_BIAS 0 0xffffffff
AiM MAC_ABK 4 0xffffffff 51
AiM RD_MAC 0 0xffffffff
AiM WR_BIAS 0 0xffffffff
AiM MAC_ABK 4 0xffffffff 51
AiM RD_MAC 0 0xffffffff
AiM WR_BIAS 0 0xffffffff
AiM MAC_ABK 4 0xffffffff 51
AiM RD_MAC 0 0xffffffff
AiM WR_BIAS 0 0xffffffff
AiM MAC_ABK 4 0xffffffff 51
AiM RD_MAC 0 0xffffffff
AiM WR_GB 16 0 0xffffffff
AiM WR_BIAS 0 0xffffffff
AiM MAC_ABK 4 0xffffffff 54
AiM RD_MAC 0 0xffffffff
AiM WR_BIAS 0 0xffffffff
AiM MAC_ABK 4 0xffffffff 54
AiM RD_MAC 0 0xffffffff
AiM WR_BIAS 0 0xffffffff
AiM MAC_ABK 4 0xffffffff 54
AiM RD_MAC 0 0xffffffff
AiM WR_BIAS 0 0xffffffff
AiM MAC_ABK 4 0xffffffff 54
AiM RD_MAC 0 0xffffffff
AiM WR_GB 16 0 0xffffffff
AiM WR_BIAS 0 0xffffffff
AiM MAC_ABK 4 0xffffffff 34
AiM RD_MAC 0 0xffffffff
AiM WR_BIAS 0 0xffffffff
AiM MAC_ABK 4 0xffffffff 34
AiM RD_MAC 0 0xffffffff
AiM WR_BIAS 0 0xffffffff
AiM MAC_ABK 4 0xffffffff 34
AiM RD_MAC 0 0xffffffff
AiM WR_BIAS 0 0xffffffff
AiM MAC_ABK 4 0xffffffff 34
AiM RD_MAC 0 0xffffffff
AiM WR_GB 16 0 0xffffffff
AiM WR_BIAS 0 0xffffffff
AiM MAC_ABK 4 0xffffffff 37
AiM RD_MAC 0 0xffffffff
AiM WR_BIAS 0 0xffffffff
AiM MAC_ABK 4 0xffffffff 37
AiM RD_MAC 0 0xffffffff
AiM WR_BIAS 0 0xffffffff
AiM MAC_ABK 4 0xffffffff 37
AiM RD_MAC 0 0xffffffff
AiM WR_BIAS 0 0xffffffff
AiM MAC_ABK 4 0xffffffff 37
AiM RD_MAC 0 0xffffffff
AiM WR_GB 16 0 0xffffffff
AiM WR_BIAS 0 0xffffffff
AiM MAC_ABK 4 0xffffffff 40
AiM RD_MAC 0 0xffffffff
AiM WR_BIAS 0 0xffffffff
AiM MAC_ABK 4 0xffffffff 40
AiM RD_MAC 0 0xffffffff
AiM WR_BIAS 0 0xffffffff
AiM MAC_ABK 4 0xffffffff 40
AiM RD_MAC 0 0xffffffff
AiM WR_BIAS 0 0xffffffff
AiM MAC_ABK 4 0xffffffff 40
AiM RD_MAC 0 0xffffffff
AiM WR_GB 16 0 0xffffffff
AiM WR_BIAS 0 0xffffffff
AiM MAC_ABK 4 0xffffffff 43
AiM RD_MAC 0 0xffffffff
AiM WR_BIAS 0 0xffffffff
AiM MAC_ABK 4 0xffffffff 43
AiM RD_MAC 0 0xffffffff
AiM WR_BIAS 0 0xffffffff
AiM MAC_ABK 4 0xffffffff 43
AiM RD_MAC 0 0xffffffff
AiM WR_BIAS 0 0xffffffff
AiM MAC_ABK 4 0xffffffff 43
AiM RD_MAC 0 0xffffffff
AiM WR_GB 16 0 0xffffffff
AiM WR_BIAS 0 0xffffffff
AiM MAC_ABK 4 0xffffffff 46
AiM RD_MAC 0 0xffffffff
AiM WR_BIAS 0 0xffffffff
AiM MAC_ABK 4 0xffffffff 46
AiM RD_MAC 0 0xffffffff
AiM WR_BIAS 0 0xffffffff
AiM MAC_ABK 4 0xffffffff 46
AiM RD_MAC 0 0xffffffff
AiM WR_BIAS 0 0xffffffff
AiM MAC_ABK 4 0xffffffff 46
AiM RD_MAC 0 0xffffffff
AiM WR_GB 16 0 0xffffffff
AiM WR_BIAS 0 0xffffffff
AiM MAC_ABK 4 0xffffffff 49
AiM RD_MAC 0 0xffffffff
AiM WR_BIAS 0 0xffffffff
AiM MAC_ABK 4 0xffffffff 49
AiM RD_MAC 0 0xffffffff
AiM WR_BIAS 0 0xffffffff
AiM MAC_ABK 4 0xffffffff 49
AiM RD_MAC 0 0xffffffff
AiM WR_BIAS 0 0xffffffff
AiM MAC_ABK 4 0xffffffff 49
AiM RD_MAC 0 0xffffffff
AiM WR_GB 16 0 0xffffffff
AiM WR_BIAS 0 0xffffffff
AiM MAC_ABK 4 0xffffffff 52
AiM RD_MAC 0 0xffffffff
AiM WR_BIAS 0 0xffffffff
AiM MAC_ABK 4 0xffffffff 52
AiM RD_MAC 0 0xffffffff
AiM WR_BIAS 0 0xffffffff
AiM MAC_ABK 4 0xffffffff 52
AiM RD_MAC 0 0xffffffff
AiM WR_BIAS 0 0xffffffff
AiM MAC_ABK 4 0xffffffff 52
AiM RD_MAC 0 0xffffffff
AiM WR_GB 16 0 0xffffffff
AiM WR_BIAS 0 0xffffffff
AiM MAC_ABK 4 0xffffffff 55
AiM RD_MAC 0 0xffffffff
AiM WR_BIAS 0 0xffffffff
AiM MAC_ABK 4 0xffffffff 55
AiM RD_MAC 0 0xffffffff
AiM WR_BIAS 0 0xffffffff
AiM MAC_ABK 4 0xffffffff 55
AiM RD_MAC 0 0xffffffff
AiM WR_BIAS 0 0xffffffff
AiM MAC_ABK 4 0xffffffff 55
AiM RD_MAC 0 0xffffffff
AiM EOC
