AiM WR_GB 16 0 0xffffffff
AiM WR_BIAS 0 0xffffffff
AiM WR_BIAS 0 0xffffffff
AiM WR_BIAS 0 0xffffffff
AiM WR_BIAS 0 0xffffffff
AiM WR_BIAS 0 0xffffffff
AiM WR_BIAS 0 0xffffffff
AiM WR_BIAS 0 0xffffffff
AiM WR_BIAS 0 0xffffffff
AiM MAC_ABK 16 0xffffffff 105
AiM MAC_ABK 16 0xffffffff 107
AiM MAC_ABK 16 0xffffffff 109
AiM MAC_ABK 16 0xffffffff 111
AiM MAC_ABK 16 0xffffffff 113
AiM MAC_ABK 16 0xffffffff 115
AiM MAC_ABK 16 0xffffffff 117
AiM MAC_ABK 16 0xffffffff 119
AiM RD_MAC 0 0xffffffff
AiM RD_MAC 0 0xffffffff
AiM RD_MAC 0 0xffffffff
AiM RD_MAC 0 0xffffffff
AiM RD_MAC 0 0xffffffff
AiM RD_MAC 0 0xffffffff
AiM RD_MAC 0 0xffffffff
AiM RD_MAC 0 0xffffffff
AiM WR_GB 16 0 0xffffffff
AiM WR_BIAS 0 0xffffffff
AiM WR_BIAS 0 0xffffffff
AiM WR_BIAS 0 0xffffffff
AiM WR_BIAS 0 0xffffffff
AiM WR_BIAS 0 0xffffffff
AiM WR_BIAS 0 0xffffffff
AiM WR_BIAS 0 0xffffffff
AiM WR_BIAS 0 0xffffffff
AiM MAC_ABK 16 0xffffffff 106
AiM MAC_ABK 16 0xffffffff 108
AiM MAC_ABK 16 0xffffffff 110
AiM MAC_ABK 16 0xffffffff 112
AiM MAC_ABK 16 0xffffffff 114
AiM MAC_ABK 16 0xffffffff 116
AiM MAC_ABK 16 0xffffffff 118
AiM MAC_ABK 16 0xffffffff 120
AiM RD_MAC 0 0xffffffff
AiM RD_MAC 0 0xffffffff
AiM RD_MAC 0 0xffffffff
AiM RD_MAC 0 0xffffffff
AiM RD_MAC 0 0xffffffff
AiM RD_MAC 0 0xffffffff
AiM RD_MAC 0 0xffffffff
AiM RD_MAC 0 0xffffffff
AiM EOC
