AiM WR_GB 16 0 0xffffffff
AiM WR_BIAS 0 0xffffffff
AiM WR_BIAS 0 0xffffffff
AiM WR_BIAS 0 0xffffffff
AiM WR_BIAS 0 0xffffffff
AiM WR_BIAS 0 0xffffffff
AiM WR_BIAS 0 0xffffffff
AiM WR_BIAS 0 0xffffffff
AiM WR_BIAS 0 0xffffffff
AiM WR_BIAS 0 0xffffffff
AiM WR_BIAS 0 0xffffffff
AiM WR_BIAS 0 0xffffffff
AiM WR_BIAS 0 0xffffffff
AiM MAC_ABK 16 0xffffffff 301
AiM MAC_ABK 16 0xffffffff 304
AiM MAC_ABK 16 0xffffffff 307
AiM MAC_ABK 16 0xffffffff 310
AiM MAC_ABK 16 0xffffffff 313
AiM MAC_ABK 16 0xffffffff 316
AiM MAC_ABK 16 0xffffffff 319
AiM MAC_ABK 16 0xffffffff 322
AiM MAC_ABK 16 0xffffffff 325
AiM MAC_ABK 16 0xffffffff 328
AiM MAC_ABK 16 0xffffffff 331
AiM MAC_ABK 16 0xffffffff 334
AiM RD_MAC 0 0xffffffff
AiM RD_MAC 0 0xffffffff
AiM RD_MAC 0 0xffffffff
AiM RD_MAC 0 0xffffffff
AiM RD_MAC 0 0xffffffff
AiM RD_MAC 0 0xffffffff
AiM RD_MAC 0 0xffffffff
AiM RD_MAC 0 0xffffffff
AiM RD_MAC 0 0xffffffff
AiM RD_MAC 0 0xffffffff
AiM RD_MAC 0 0xffffffff
AiM RD_MAC 0 0xffffffff
AiM WR_GB 16 0 0xffffffff
AiM WR_BIAS 0 0xffffffff
AiM WR_BIAS 0 0xffffffff
AiM WR_BIAS 0 0xffffffff
AiM WR_BIAS 0 0xffffffff
AiM WR_BIAS 0 0xffffffff
AiM WR_BIAS 0 0xffffffff
AiM WR_BIAS 0 0xffffffff
AiM WR_BIAS 0 0xffffffff
AiM WR_BIAS 0 0xffffffff
AiM WR_BIAS 0 0xffffffff
AiM WR_BIAS 0 0xffffffff
AiM WR_BIAS 0 0xffffffff
AiM MAC_ABK 16 0xffffffff 302
AiM MAC_ABK 16 0xffffffff 305
AiM MAC_ABK 16 0xffffffff 308
AiM MAC_ABK 16 0xffffffff 311
AiM MAC_ABK 16 0xffffffff 314
AiM MAC_ABK 16 0xffffffff 317
AiM MAC_ABK 16 0xffffffff 320
AiM MAC_ABK 16 0xffffffff 323
AiM MAC_ABK 16 0xffffffff 326
AiM MAC_ABK 16 0xffffffff 329
AiM MAC_ABK 16 0xffffffff 332
AiM MAC_ABK 16 0xffffffff 335
AiM RD_MAC 0 0xffffffff
AiM RD_MAC 0 0xffffffff
AiM RD_MAC 0 0xffffffff
AiM RD_MAC 0 0xffffffff
AiM RD_MAC 0 0xffffffff
AiM RD_MAC 0 0xffffffff
AiM RD_MAC 0 0xffffffff
AiM RD_MAC 0 0xffffffff
AiM RD_MAC 0 0xffffffff
AiM RD_MAC 0 0xffffffff
AiM RD_MAC 0 0xffffffff
AiM RD_MAC 0 0xffffffff
AiM WR_GB 16 0 0xffffffff
AiM WR_BIAS 0 0xffffffff
AiM WR_BIAS 0 0xffffffff
AiM WR_BIAS 0 0xffffffff
AiM WR_BIAS 0 0xffffffff
AiM WR_BIAS 0 0xffffffff
AiM WR_BIAS 0 0xffffffff
AiM WR_BIAS 0 0xffffffff
AiM WR_BIAS 0 0xffffffff
AiM WR_BIAS 0 0xffffffff
AiM WR_BIAS 0 0xffffffff
AiM WR_BIAS 0 0xffffffff
AiM WR_BIAS 0 0xffffffff
AiM MAC_ABK 16 0xffffffff 303
AiM MAC_ABK 16 0xffffffff 306
AiM MAC_ABK 16 0xffffffff 309
AiM MAC_ABK 16 0xffffffff 312
AiM MAC_ABK 16 0xffffffff 315
AiM MAC_ABK 16 0xffffffff 318
AiM MAC_ABK 16 0xffffffff 321
AiM MAC_ABK 16 0xffffffff 324
AiM MAC_ABK 16 0xffffffff 327
AiM MAC_ABK 16 0xffffffff 330
AiM MAC_ABK 16 0xffffffff 333
AiM MAC_ABK 16 0xffffffff 336
AiM RD_MAC 0 0xffffffff
AiM RD_MAC 0 0xffffffff
AiM RD_MAC 0 0xffffffff
AiM RD_MAC 0 0xffffffff
AiM RD_MAC 0 0xffffffff
AiM RD_MAC 0 0xffffffff
AiM RD_MAC 0 0xffffffff
AiM RD_MAC 0 0xffffffff
AiM RD_MAC 0 0xffffffff
AiM RD_MAC 0 0xffffffff
AiM RD_MAC 0 0xffffffff
AiM RD_MAC 0 0xffffffff
AiM EOC
