AiM WR_GB 16 0 0xffffffff
AiM WR_BIAS 0 0xffffffff
AiM WR_BIAS 0 0xffffffff
AiM WR_BIAS 0 0xffffffff
AiM WR_BIAS 0 0xffffffff
AiM WR_BIAS 0 0xffffffff
AiM WR_BIAS 0 0xffffffff
AiM WR_BIAS 0 0xffffffff
AiM WR_BIAS 0 0xffffffff
AiM MAC_ABK 16 0xffffffff 181
AiM MAC_ABK 16 0xffffffff 183
AiM MAC_ABK 16 0xffffffff 185
AiM MAC_ABK 16 0xffffffff 187
AiM MAC_ABK 16 0xffffffff 189
AiM MAC_ABK 16 0xffffffff 191
AiM MAC_ABK 16 0xffffffff 193
AiM MAC_ABK 16 0xffffffff 195
AiM RD_MAC 0 0xffffffff
AiM RD_MAC 0 0xffffffff
AiM RD_MAC 0 0xffffffff
AiM RD_MAC 0 0xffffffff
AiM RD_MAC 0 0xffffffff
AiM RD_MAC 0 0xffffffff
AiM RD_MAC 0 0xffffffff
AiM RD_MAC 0 0xffffffff
AiM WR_GB 16 0 0xffffffff
AiM WR_BIAS 0 0xffffffff
AiM WR_BIAS 0 0xffffffff
AiM WR_BIAS 0 0xffffffff
AiM WR_BIAS 0 0xffffffff
AiM WR_BIAS 0 0xffffffff
AiM WR_BIAS 0 0xffffffff
AiM WR_BIAS 0 0xffffffff
AiM WR_BIAS 0 0xffffffff
AiM MAC_ABK 16 0xffffffff 182
AiM MAC_ABK 16 0xffffffff 184
AiM MAC_ABK 16 0xffffffff 186
AiM MAC_ABK 16 0xffffffff 188
AiM MAC_ABK 16 0xffffffff 190
AiM MAC_ABK 16 0xffffffff 192
AiM MAC_ABK 16 0xffffffff 194
AiM MAC_ABK 16 0xffffffff 196
AiM RD_MAC 0 0xffffffff
AiM RD_MAC 0 0xffffffff
AiM RD_MAC 0 0xffffffff
AiM RD_MAC 0 0xffffffff
AiM RD_MAC 0 0xffffffff
AiM RD_MAC 0 0xffffffff
AiM RD_MAC 0 0xffffffff
AiM RD_MAC 0 0xffffffff
AiM EOC
