[slurm] jobid=9740642 nodelist=l01c01n1
[slurm] host=l01c01n1
[slurm] pwd=/lustre/home/2501111916/workspace/XPUPIM_0226_gpupim_parameter/TriForm/verify/hw_hardware_1gpu_2aim/st64/llama_7b_bf16_b8_s64
[slurm] SLURM_CPUS_PER_TASK=16
[slurm] starting at Sat Feb 28 09:11:55 CST 2026
[slurm] PY_SCRIPT=/lustre/home/2501111916/workspace/XPUPIM_0226_gpupim_parameter/TriForm/verify/schedule_deploy_verify.py
[slurm] TASKS_JSON=/lustre/home/2501111916/workspace/XPUPIM_0226_gpupim_parameter/TriForm/verify/hw_hardware_1gpu_2aim/st64/llama_7b_bf16_b8_s64/hefthint_1024x256.pim_tasks.json
[slurm] OUT_JSON=/lustre/home/2501111916/workspace/XPUPIM_0226_gpupim_parameter/TriForm/verify/hw_hardware_1gpu_2aim/st64/llama_7b_bf16_b8_s64/hefthint_1024x256.pim_results.json
[slurm] CENT_SIM_ROOT=<unset>
[slurm] PIM_RAMULATOR_CONFIG=/lustre/home/2501111916/workspace/XPUPIM_0226_gpupim_parameter/TriForm/algorithms/aim_simulator/example.yaml
[slurm] PIM_HW_JSON=/lustre/home/2501111916/workspace/XPUPIM_0226_gpupim_parameter/TriForm/algorithms/aim_simulator/PIM_AiM.json
[slurm] PIM_RAMULATOR_BIN=/lustre/home/2501111916/workspace/XPUPIM_0226_gpupim_parameter/TriForm/algorithms/ramulator2
[slurm] PIM_NUM_DEVICES=4
[slurm] PIM_DEBUG=1
[slurm] PIM_DEBUG_TXT=/lustre/home/2501111916/workspace/XPUPIM_0226_gpupim_parameter/TriForm/verify/hw_hardware_1gpu_2aim/st64/llama_7b_bf16_b8_s64/hefthint_1024x256.pim_debug.log
[slurm] PIM_NO_CACHE=1
[slurm] BATCH=1
[slurm] OK_FILE=/lustre/home/2501111916/workspace/XPUPIM_0226_gpupim_parameter/TriForm/verify/hw_hardware_1gpu_2aim/st64/llama_7b_bf16_b8_s64/hefthint_1024x256.pim.ok
[slurm] Running: python /lustre/home/2501111916/workspace/XPUPIM_0226_gpupim_parameter/TriForm/verify/schedule_deploy_verify.py run-pim --tasks /lustre/home/2501111916/workspace/XPUPIM_0226_gpupim_parameter/TriForm/verify/hw_hardware_1gpu_2aim/st64/llama_7b_bf16_b8_s64/hefthint_1024x256.pim_tasks.json --out /lustre/home/2501111916/workspace/XPUPIM_0226_gpupim_parameter/TriForm/verify/hw_hardware_1gpu_2aim/st64/llama_7b_bf16_b8_s64/hefthint_1024x256.pim_results.json --pim-ramulator-config /lustre/home/2501111916/workspace/XPUPIM_0226_gpupim_parameter/TriForm/algorithms/aim_simulator/example.yaml --pim-hw-json /lustre/home/2501111916/workspace/XPUPIM_0226_gpupim_parameter/TriForm/algorithms/aim_simulator/PIM_AiM.json --pim-ramulator-bin /lustre/home/2501111916/workspace/XPUPIM_0226_gpupim_parameter/TriForm/algorithms/ramulator2 --pim-num-devices 4 --debug --debug-txt /lustre/home/2501111916/workspace/XPUPIM_0226_gpupim_parameter/TriForm/verify/hw_hardware_1gpu_2aim/st64/llama_7b_bf16_b8_s64/hefthint_1024x256.pim_debug.log --no-cache
[run-pim] shard_policy='fine': ignoring pim_num_devices=4 for trace generation; fine-mode tracing always uses a single PIM device (FC_devices=1) and follows per-shard placement from the schedule.
================================================================================
[run-pim][debug] Using cost_model_pim_backend._get_pim_latency_via_trace
[run-pim][debug] shard_policy='fine' shards=2
[run-pim][debug] model: dim=4096 ffn_dim=11008 n_heads=32 n_kv_heads=auto->n_heads
[run-pim][debug] lengths: prefill_len=1024 decode_stride=64 decode_context_lens_len=5
[run-pim][debug] pim_config=/lustre/home/2501111916/workspace/XPUPIM_0226_gpupim_parameter/TriForm/algorithms/aim_simulator/PIM_AiM.json (from pim_hw_json_path)
[run-pim][debug] ramulator_config=/lustre/home/2501111916/workspace/XPUPIM_0226_gpupim_parameter/TriForm/algorithms/aim_simulator/example.yaml
[run-pim][debug] ramulator_bin=/lustre/home/2501111916/workspace/XPUPIM_0226_gpupim_parameter/TriForm/algorithms/ramulator2 (exported as env RAMULATOR2_BIN)
[run-pim][debug] ramulator_timeout_s=3000
[run-pim][debug] cache_enabled=False
[run-pim][debug] schedule cfg.pim_freq_ghz=1.0
[run-pim][debug] cost_model config.PIM_FREQ_GHZ=1.0
================================================================================
[run-pim] tasks=18 segment_scope=layer
========================================================================================
[pim-debug] segment_key=pim|decode|0|4c0e51b732f084afa611d9419116e0b5
[pim-debug] sig: device_type=pim phase=decode step=0 (count_hint=32)
[pim-debug] ops_repr: QK:0,SV:0,Add:-1,LN:-1
[pim-debug] cfg: shard_policy='fine' shards=2 dim=4096 ffn_dim=11008 n_heads=32 n_kv_heads=auto->n_heads
[pim-debug] pim_config=/lustre/home/2501111916/workspace/XPUPIM_0226_gpupim_parameter/TriForm/algorithms/aim_simulator/PIM_AiM.json
[pim-debug] ramulator_config=/lustre/home/2501111916/workspace/XPUPIM_0226_gpupim_parameter/TriForm/algorithms/aim_simulator/example.yaml
[pim-debug] cost_model config.PIM_FREQ_GHZ=1.0
[pim-debug] op plan (logical shapes inferred from schedule cfg):
  - op#00  op=QK       shard=0   q=[16x1x128] + k=[16x128x1025]  ->  y=[16x1x1025]  (T=1, K=1025)
  - op#01  op=SV       shard=0   p=[16x1x1025] + v=[16x1025x128]  ->  y=[16x1x128]  (T=1, K=1025)
  - op#02  op=Add      shard=-1  a=[1x4096] + b=[1x4096]  ->  y=[1x4096]  (T=1, K=1025)
  - op#03  op=LN       shard=-1  x=[1x4096] + w=[4096]  ->  y=[1x4096]  (T=1, K=1025)
[pim-debug] NOTE: CENT(AiM) trace backend internally uses x shape (1,1,dim) and handles prefill by repeating ops;
           the table below shows the *effective parameters* passed into cost_model_pim_backend for each op.
[pim-debug] op#00 op=QK       norm=score      sh=0  dim=4096  heads=16  hd=128 q_dim=2048  kv_heads=16  kv_dim=2048  o_dim=2048  ffn_dim=5504   seqlen=1025   qlen=1   cache=N lat=    0.005ms cycles≈5424
[pim-debug] op#01 op=SV       norm=output     sh=0  dim=4096  heads=16  hd=128 q_dim=2048  kv_heads=16  kv_dim=2048  o_dim=2048  ffn_dim=5504   seqlen=1025   qlen=1   cache=N lat=    0.004ms cycles≈3698
[pim-debug] op#02 op=Add      norm=residual   sh=-1 dim=4096  heads=32  hd=128 q_dim=4096  kv_heads=32  kv_dim=4096  o_dim=4096  ffn_dim=11008  seqlen=1025   qlen=1   cache=N lat=    0.000ms cycles≈3
[pim-debug] op#03 op=LN       norm=rmsnorm    sh=-1 dim=4096  heads=32  hd=128 q_dim=4096  kv_heads=32  kv_dim=4096  o_dim=4096  ffn_dim=11008  seqlen=1025   qlen=1   cache=N lat=    0.001ms cycles≈1314
[pim-debug] segment total latency: 0.010 ms
========================================================================================
[pim-debug] segment_key=pim|decode|0|ad05123d1388eed4da8737655056f06d
[pim-debug] sig: device_type=pim phase=decode step=0 (count_hint=32)
[pim-debug] ops_repr: LN:-1,QK:1,SV:1,Add:-1
[pim-debug] cfg: shard_policy='fine' shards=2 dim=4096 ffn_dim=11008 n_heads=32 n_kv_heads=auto->n_heads
[pim-debug] pim_config=/lustre/home/2501111916/workspace/XPUPIM_0226_gpupim_parameter/TriForm/algorithms/aim_simulator/PIM_AiM.json
[pim-debug] ramulator_config=/lustre/home/2501111916/workspace/XPUPIM_0226_gpupim_parameter/TriForm/algorithms/aim_simulator/example.yaml
[pim-debug] cost_model config.PIM_FREQ_GHZ=1.0
[pim-debug] op plan (logical shapes inferred from schedule cfg):
  - op#00  op=LN       shard=-1  x=[1x4096] + w=[4096]  ->  y=[1x4096]  (T=1, K=1025)
  - op#01  op=QK       shard=1   q=[16x1x128] + k=[16x128x1025]  ->  y=[16x1x1025]  (T=1, K=1025)
  - op#02  op=SV       shard=1   p=[16x1x1025] + v=[16x1025x128]  ->  y=[16x1x128]  (T=1, K=1025)
  - op#03  op=Add      shard=-1  a=[1x4096] + b=[1x4096]  ->  y=[1x4096]  (T=1, K=1025)
[pim-debug] NOTE: CENT(AiM) trace backend internally uses x shape (1,1,dim) and handles prefill by repeating ops;
           the table below shows the *effective parameters* passed into cost_model_pim_backend for each op.
[pim-debug] op#00 op=LN       norm=rmsnorm    sh=-1 dim=4096  heads=32  hd=128 q_dim=4096  kv_heads=32  kv_dim=4096  o_dim=4096  ffn_dim=11008  seqlen=1025   qlen=1   cache=N lat=    0.001ms cycles≈1314
[pim-debug] op#01 op=QK       norm=score      sh=1  dim=4096  heads=16  hd=128 q_dim=2048  kv_heads=16  kv_dim=2048  o_dim=2048  ffn_dim=5504   seqlen=1025   qlen=1   cache=N lat=    0.005ms cycles≈5424
[pim-debug] op#02 op=SV       norm=output     sh=1  dim=4096  heads=16  hd=128 q_dim=2048  kv_heads=16  kv_dim=2048  o_dim=2048  ffn_dim=5504   seqlen=1025   qlen=1   cache=N lat=    0.004ms cycles≈3698
[pim-debug] op#03 op=Add      norm=residual   sh=-1 dim=4096  heads=32  hd=128 q_dim=4096  kv_heads=32  kv_dim=4096  o_dim=4096  ffn_dim=11008  seqlen=1025   qlen=1   cache=N lat=    0.000ms cycles≈3
[pim-debug] segment total latency: 0.010 ms
========================================================================================
[pim-debug] segment_key=pim|decode|1|2e6c2d8c260ef82629ec178133d59bf0
[pim-debug] sig: device_type=pim phase=decode step=1 (count_hint=1)
[pim-debug] ops_repr: LN:-1,QK:1,SV:1
[pim-debug] cfg: shard_policy='fine' shards=2 dim=4096 ffn_dim=11008 n_heads=32 n_kv_heads=auto->n_heads
[pim-debug] pim_config=/lustre/home/2501111916/workspace/XPUPIM_0226_gpupim_parameter/TriForm/algorithms/aim_simulator/PIM_AiM.json
[pim-debug] ramulator_config=/lustre/home/2501111916/workspace/XPUPIM_0226_gpupim_parameter/TriForm/algorithms/aim_simulator/example.yaml
[pim-debug] cost_model config.PIM_FREQ_GHZ=1.0
[pim-debug] op plan (logical shapes inferred from schedule cfg):
  - op#00  op=LN       shard=-1  x=[1x4096] + w=[4096]  ->  y=[1x4096]  (T=1, K=1026)
  - op#01  op=QK       shard=1   q=[16x1x128] + k=[16x128x1026]  ->  y=[16x1x1026]  (T=1, K=1026)
  - op#02  op=SV       shard=1   p=[16x1x1026] + v=[16x1026x128]  ->  y=[16x1x128]  (T=1, K=1026)
[pim-debug] NOTE: CENT(AiM) trace backend internally uses x shape (1,1,dim) and handles prefill by repeating ops;
           the table below shows the *effective parameters* passed into cost_model_pim_backend for each op.
[pim-debug] op#00 op=LN       norm=rmsnorm    sh=-1 dim=4096  heads=32  hd=128 q_dim=4096  kv_heads=32  kv_dim=4096  o_dim=4096  ffn_dim=11008  seqlen=1026   qlen=1   cache=N lat=    0.001ms cycles≈1314
[pim-debug] op#01 op=QK       norm=score      sh=1  dim=4096  heads=16  hd=128 q_dim=2048  kv_heads=16  kv_dim=2048  o_dim=2048  ffn_dim=5504   seqlen=1026   qlen=1   cache=N lat=    0.005ms cycles≈5424
[pim-debug] op#02 op=SV       norm=output     sh=1  dim=4096  heads=16  hd=128 q_dim=2048  kv_heads=16  kv_dim=2048  o_dim=2048  ffn_dim=5504   seqlen=1026   qlen=1   cache=N lat=    0.004ms cycles≈3698
[pim-debug] segment total latency: 0.010 ms
========================================================================================
[pim-debug] segment_key=pim|decode|1|4c0e51b732f084afa611d9419116e0b5
[pim-debug] sig: device_type=pim phase=decode step=1 (count_hint=31)
[pim-debug] ops_repr: QK:0,SV:0,Add:-1,LN:-1
[pim-debug] cfg: shard_policy='fine' shards=2 dim=4096 ffn_dim=11008 n_heads=32 n_kv_heads=auto->n_heads
[pim-debug] pim_config=/lustre/home/2501111916/workspace/XPUPIM_0226_gpupim_parameter/TriForm/algorithms/aim_simulator/PIM_AiM.json
[pim-debug] ramulator_config=/lustre/home/2501111916/workspace/XPUPIM_0226_gpupim_parameter/TriForm/algorithms/aim_simulator/example.yaml
[pim-debug] cost_model config.PIM_FREQ_GHZ=1.0
[pim-debug] op plan (logical shapes inferred from schedule cfg):
  - op#00  op=QK       shard=0   q=[16x1x128] + k=[16x128x1026]  ->  y=[16x1x1026]  (T=1, K=1026)
  - op#01  op=SV       shard=0   p=[16x1x1026] + v=[16x1026x128]  ->  y=[16x1x128]  (T=1, K=1026)
  - op#02  op=Add      shard=-1  a=[1x4096] + b=[1x4096]  ->  y=[1x4096]  (T=1, K=1026)
  - op#03  op=LN       shard=-1  x=[1x4096] + w=[4096]  ->  y=[1x4096]  (T=1, K=1026)
[pim-debug] NOTE: CENT(AiM) trace backend internally uses x shape (1,1,dim) and handles prefill by repeating ops;
           the table below shows the *effective parameters* passed into cost_model_pim_backend for each op.
[pim-debug] op#00 op=QK       norm=score      sh=0  dim=4096  heads=16  hd=128 q_dim=2048  kv_heads=16  kv_dim=2048  o_dim=2048  ffn_dim=5504   seqlen=1026   qlen=1   cache=N lat=    0.005ms cycles≈5424
[pim-debug] op#01 op=SV       norm=output     sh=0  dim=4096  heads=16  hd=128 q_dim=2048  kv_heads=16  kv_dim=2048  o_dim=2048  ffn_dim=5504   seqlen=1026   qlen=1   cache=N lat=    0.004ms cycles≈3698
[pim-debug] op#02 op=Add      norm=residual   sh=-1 dim=4096  heads=32  hd=128 q_dim=4096  kv_heads=32  kv_dim=4096  o_dim=4096  ffn_dim=11008  seqlen=1026   qlen=1   cache=N lat=    0.000ms cycles≈3
[pim-debug] op#03 op=LN       norm=rmsnorm    sh=-1 dim=4096  heads=32  hd=128 q_dim=4096  kv_heads=32  kv_dim=4096  o_dim=4096  ffn_dim=11008  seqlen=1026   qlen=1   cache=N lat=    0.001ms cycles≈1314
[pim-debug] segment total latency: 0.010 ms
========================================================================================
[pim-debug] segment_key=pim|decode|1|ad05123d1388eed4da8737655056f06d
[pim-debug] sig: device_type=pim phase=decode step=1 (count_hint=31)
[pim-debug] ops_repr: LN:-1,QK:1,SV:1,Add:-1
[pim-debug] cfg: shard_policy='fine' shards=2 dim=4096 ffn_dim=11008 n_heads=32 n_kv_heads=auto->n_heads
[pim-debug] pim_config=/lustre/home/2501111916/workspace/XPUPIM_0226_gpupim_parameter/TriForm/algorithms/aim_simulator/PIM_AiM.json
[pim-debug] ramulator_config=/lustre/home/2501111916/workspace/XPUPIM_0226_gpupim_parameter/TriForm/algorithms/aim_simulator/example.yaml
[pim-debug] cost_model config.PIM_FREQ_GHZ=1.0
[pim-debug] op plan (logical shapes inferred from schedule cfg):
  - op#00  op=LN       shard=-1  x=[1x4096] + w=[4096]  ->  y=[1x4096]  (T=1, K=1026)
  - op#01  op=QK       shard=1   q=[16x1x128] + k=[16x128x1026]  ->  y=[16x1x1026]  (T=1, K=1026)
  - op#02  op=SV       shard=1   p=[16x1x1026] + v=[16x1026x128]  ->  y=[16x1x128]  (T=1, K=1026)
  - op#03  op=Add      shard=-1  a=[1x4096] + b=[1x4096]  ->  y=[1x4096]  (T=1, K=1026)
[pim-debug] NOTE: CENT(AiM) trace backend internally uses x shape (1,1,dim) and handles prefill by repeating ops;
           the table below shows the *effective parameters* passed into cost_model_pim_backend for each op.
[pim-debug] op#00 op=LN       norm=rmsnorm    sh=-1 dim=4096  heads=32  hd=128 q_dim=4096  kv_heads=32  kv_dim=4096  o_dim=4096  ffn_dim=11008  seqlen=1026   qlen=1   cache=N lat=    0.001ms cycles≈1314
[pim-debug] op#01 op=QK       norm=score      sh=1  dim=4096  heads=16  hd=128 q_dim=2048  kv_heads=16  kv_dim=2048  o_dim=2048  ffn_dim=5504   seqlen=1026   qlen=1   cache=N lat=    0.005ms cycles≈5424
[pim-debug] op#02 op=SV       norm=output     sh=1  dim=4096  heads=16  hd=128 q_dim=2048  kv_heads=16  kv_dim=2048  o_dim=2048  ffn_dim=5504   seqlen=1026   qlen=1   cache=N lat=    0.004ms cycles≈3698
[pim-debug] op#03 op=Add      norm=residual   sh=-1 dim=4096  heads=32  hd=128 q_dim=4096  kv_heads=32  kv_dim=4096  o_dim=4096  ffn_dim=11008  seqlen=1026   qlen=1   cache=N lat=    0.000ms cycles≈3
[pim-debug] segment total latency: 0.010 ms
========================================================================================
[pim-debug] segment_key=pim|decode|1|f19abe1bb4c4127b5dcebd49980aa85f
[pim-debug] sig: device_type=pim phase=decode step=1 (count_hint=1)
[pim-debug] ops_repr: QK:0,SV:0,Add:-1,LN:-1,Add:-1
[pim-debug] cfg: shard_policy='fine' shards=2 dim=4096 ffn_dim=11008 n_heads=32 n_kv_heads=auto->n_heads
[pim-debug] pim_config=/lustre/home/2501111916/workspace/XPUPIM_0226_gpupim_parameter/TriForm/algorithms/aim_simulator/PIM_AiM.json
[pim-debug] ramulator_config=/lustre/home/2501111916/workspace/XPUPIM_0226_gpupim_parameter/TriForm/algorithms/aim_simulator/example.yaml
[pim-debug] cost_model config.PIM_FREQ_GHZ=1.0
[pim-debug] op plan (logical shapes inferred from schedule cfg):
  - op#00  op=QK       shard=0   q=[16x1x128] + k=[16x128x1026]  ->  y=[16x1x1026]  (T=1, K=1026)
  - op#01  op=SV       shard=0   p=[16x1x1026] + v=[16x1026x128]  ->  y=[16x1x128]  (T=1, K=1026)
  - op#02  op=Add      shard=-1  a=[1x4096] + b=[1x4096]  ->  y=[1x4096]  (T=1, K=1026)
  - op#03  op=LN       shard=-1  x=[1x4096] + w=[4096]  ->  y=[1x4096]  (T=1, K=1026)
  - op#04  op=Add      shard=-1  a=[1x4096] + b=[1x4096]  ->  y=[1x4096]  (T=1, K=1026)
[pim-debug] NOTE: CENT(AiM) trace backend internally uses x shape (1,1,dim) and handles prefill by repeating ops;
           the table below shows the *effective parameters* passed into cost_model_pim_backend for each op.
[pim-debug] op#00 op=QK       norm=score      sh=0  dim=4096  heads=16  hd=128 q_dim=2048  kv_heads=16  kv_dim=2048  o_dim=2048  ffn_dim=5504   seqlen=1026   qlen=1   cache=N lat=    0.005ms cycles≈5424
[pim-debug] op#01 op=SV       norm=output     sh=0  dim=4096  heads=16  hd=128 q_dim=2048  kv_heads=16  kv_dim=2048  o_dim=2048  ffn_dim=5504   seqlen=1026   qlen=1   cache=N lat=    0.004ms cycles≈3698
[pim-debug] op#02 op=Add      norm=residual   sh=-1 dim=4096  heads=32  hd=128 q_dim=4096  kv_heads=32  kv_dim=4096  o_dim=4096  ffn_dim=11008  seqlen=1026   qlen=1   cache=N lat=    0.000ms cycles≈3
[pim-debug] op#03 op=LN       norm=rmsnorm    sh=-1 dim=4096  heads=32  hd=128 q_dim=4096  kv_heads=32  kv_dim=4096  o_dim=4096  ffn_dim=11008  seqlen=1026   qlen=1   cache=N lat=    0.001ms cycles≈1314
[pim-debug] op#04 op=Add      norm=residual   sh=-1 dim=4096  heads=32  hd=128 q_dim=4096  kv_heads=32  kv_dim=4096  o_dim=4096  ffn_dim=11008  seqlen=1026   qlen=1   cache=N lat=    0.000ms cycles≈3
[pim-debug] segment total latency: 0.010 ms
========================================================================================
[pim-debug] segment_key=pim|decode|2|2e6c2d8c260ef82629ec178133d59bf0
[pim-debug] sig: device_type=pim phase=decode step=2 (count_hint=1)
[pim-debug] ops_repr: LN:-1,QK:1,SV:1
[pim-debug] cfg: shard_policy='fine' shards=2 dim=4096 ffn_dim=11008 n_heads=32 n_kv_heads=auto->n_heads
[pim-debug] pim_config=/lustre/home/2501111916/workspace/XPUPIM_0226_gpupim_parameter/TriForm/algorithms/aim_simulator/PIM_AiM.json
[pim-debug] ramulator_config=/lustre/home/2501111916/workspace/XPUPIM_0226_gpupim_parameter/TriForm/algorithms/aim_simulator/example.yaml
[pim-debug] cost_model config.PIM_FREQ_GHZ=1.0
[pim-debug] op plan (logical shapes inferred from schedule cfg):
  - op#00  op=LN       shard=-1  x=[1x4096] + w=[4096]  ->  y=[1x4096]  (T=1, K=1088)
  - op#01  op=QK       shard=1   q=[16x1x128] + k=[16x128x1088]  ->  y=[16x1x1088]  (T=1, K=1088)
  - op#02  op=SV       shard=1   p=[16x1x1088] + v=[16x1088x128]  ->  y=[16x1x128]  (T=1, K=1088)
[pim-debug] NOTE: CENT(AiM) trace backend internally uses x shape (1,1,dim) and handles prefill by repeating ops;
           the table below shows the *effective parameters* passed into cost_model_pim_backend for each op.
[pim-debug] op#00 op=LN       norm=rmsnorm    sh=-1 dim=4096  heads=32  hd=128 q_dim=4096  kv_heads=32  kv_dim=4096  o_dim=4096  ffn_dim=11008  seqlen=1088   qlen=1   cache=N lat=    0.001ms cycles≈1314
[pim-debug] op#01 op=QK       norm=score      sh=1  dim=4096  heads=16  hd=128 q_dim=2048  kv_heads=16  kv_dim=2048  o_dim=2048  ffn_dim=5504   seqlen=1088   qlen=1   cache=N lat=    0.005ms cycles≈5424
[pim-debug] op#02 op=SV       norm=output     sh=1  dim=4096  heads=16  hd=128 q_dim=2048  kv_heads=16  kv_dim=2048  o_dim=2048  ffn_dim=5504   seqlen=1088   qlen=1   cache=N lat=    0.004ms cycles≈3752
[pim-debug] segment total latency: 0.010 ms
========================================================================================
[pim-debug] segment_key=pim|decode|2|4c0e51b732f084afa611d9419116e0b5
[pim-debug] sig: device_type=pim phase=decode step=2 (count_hint=30)
[pim-debug] ops_repr: QK:0,SV:0,Add:-1,LN:-1
[pim-debug] cfg: shard_policy='fine' shards=2 dim=4096 ffn_dim=11008 n_heads=32 n_kv_heads=auto->n_heads
[pim-debug] pim_config=/lustre/home/2501111916/workspace/XPUPIM_0226_gpupim_parameter/TriForm/algorithms/aim_simulator/PIM_AiM.json
[pim-debug] ramulator_config=/lustre/home/2501111916/workspace/XPUPIM_0226_gpupim_parameter/TriForm/algorithms/aim_simulator/example.yaml
[pim-debug] cost_model config.PIM_FREQ_GHZ=1.0
[pim-debug] op plan (logical shapes inferred from schedule cfg):
  - op#00  op=QK       shard=0   q=[16x1x128] + k=[16x128x1088]  ->  y=[16x1x1088]  (T=1, K=1088)
  - op#01  op=SV       shard=0   p=[16x1x1088] + v=[16x1088x128]  ->  y=[16x1x128]  (T=1, K=1088)
  - op#02  op=Add      shard=-1  a=[1x4096] + b=[1x4096]  ->  y=[1x4096]  (T=1, K=1088)
  - op#03  op=LN       shard=-1  x=[1x4096] + w=[4096]  ->  y=[1x4096]  (T=1, K=1088)
[pim-debug] NOTE: CENT(AiM) trace backend internally uses x shape (1,1,dim) and handles prefill by repeating ops;
           the table below shows the *effective parameters* passed into cost_model_pim_backend for each op.
[pim-debug] op#00 op=QK       norm=score      sh=0  dim=4096  heads=16  hd=128 q_dim=2048  kv_heads=16  kv_dim=2048  o_dim=2048  ffn_dim=5504   seqlen=1088   qlen=1   cache=N lat=    0.005ms cycles≈5424
[pim-debug] op#01 op=SV       norm=output     sh=0  dim=4096  heads=16  hd=128 q_dim=2048  kv_heads=16  kv_dim=2048  o_dim=2048  ffn_dim=5504   seqlen=1088   qlen=1   cache=N lat=    0.004ms cycles≈3752
[pim-debug] op#02 op=Add      norm=residual   sh=-1 dim=4096  heads=32  hd=128 q_dim=4096  kv_heads=32  kv_dim=4096  o_dim=4096  ffn_dim=11008  seqlen=1088   qlen=1   cache=N lat=    0.000ms cycles≈3
[pim-debug] op#03 op=LN       norm=rmsnorm    sh=-1 dim=4096  heads=32  hd=128 q_dim=4096  kv_heads=32  kv_dim=4096  o_dim=4096  ffn_dim=11008  seqlen=1088   qlen=1   cache=N lat=    0.001ms cycles≈1314
[pim-debug] segment total latency: 0.010 ms
========================================================================================
[pim-debug] segment_key=pim|decode|2|687d701bd5c5b09ca61229f687924b7b
[pim-debug] sig: device_type=pim phase=decode step=2 (count_hint=1)
[pim-debug] ops_repr: LN:-1,QK:0,SV:0,Add:-1,LN:-1
[pim-debug] cfg: shard_policy='fine' shards=2 dim=4096 ffn_dim=11008 n_heads=32 n_kv_heads=auto->n_heads
[pim-debug] pim_config=/lustre/home/2501111916/workspace/XPUPIM_0226_gpupim_parameter/TriForm/algorithms/aim_simulator/PIM_AiM.json
[pim-debug] ramulator_config=/lustre/home/2501111916/workspace/XPUPIM_0226_gpupim_parameter/TriForm/algorithms/aim_simulator/example.yaml
[pim-debug] cost_model config.PIM_FREQ_GHZ=1.0
[pim-debug] op plan (logical shapes inferred from schedule cfg):
  - op#00  op=LN       shard=-1  x=[1x4096] + w=[4096]  ->  y=[1x4096]  (T=1, K=1088)
  - op#01  op=QK       shard=0   q=[16x1x128] + k=[16x128x1088]  ->  y=[16x1x1088]  (T=1, K=1088)
  - op#02  op=SV       shard=0   p=[16x1x1088] + v=[16x1088x128]  ->  y=[16x1x128]  (T=1, K=1088)
  - op#03  op=Add      shard=-1  a=[1x4096] + b=[1x4096]  ->  y=[1x4096]  (T=1, K=1088)
  - op#04  op=LN       shard=-1  x=[1x4096] + w=[4096]  ->  y=[1x4096]  (T=1, K=1088)
[pim-debug] NOTE: CENT(AiM) trace backend internally uses x shape (1,1,dim) and handles prefill by repeating ops;
           the table below shows the *effective parameters* passed into cost_model_pim_backend for each op.
[pim-debug] op#00 op=LN       norm=rmsnorm    sh=-1 dim=4096  heads=32  hd=128 q_dim=4096  kv_heads=32  kv_dim=4096  o_dim=4096  ffn_dim=11008  seqlen=1088   qlen=1   cache=N lat=    0.001ms cycles≈1314
[pim-debug] op#01 op=QK       norm=score      sh=0  dim=4096  heads=16  hd=128 q_dim=2048  kv_heads=16  kv_dim=2048  o_dim=2048  ffn_dim=5504   seqlen=1088   qlen=1   cache=N lat=    0.005ms cycles≈5424
[pim-debug] op#02 op=SV       norm=output     sh=0  dim=4096  heads=16  hd=128 q_dim=2048  kv_heads=16  kv_dim=2048  o_dim=2048  ffn_dim=5504   seqlen=1088   qlen=1   cache=N lat=    0.004ms cycles≈3752
[pim-debug] op#03 op=Add      norm=residual   sh=-1 dim=4096  heads=32  hd=128 q_dim=4096  kv_heads=32  kv_dim=4096  o_dim=4096  ffn_dim=11008  seqlen=1088   qlen=1   cache=N lat=    0.000ms cycles≈3
[pim-debug] op#04 op=LN       norm=rmsnorm    sh=-1 dim=4096  heads=32  hd=128 q_dim=4096  kv_heads=32  kv_dim=4096  o_dim=4096  ffn_dim=11008  seqlen=1088   qlen=1   cache=N lat=    0.001ms cycles≈1314
[pim-debug] segment total latency: 0.012 ms
========================================================================================
[pim-debug] segment_key=pim|decode|2|ad05123d1388eed4da8737655056f06d
[pim-debug] sig: device_type=pim phase=decode step=2 (count_hint=30)
[pim-debug] ops_repr: LN:-1,QK:1,SV:1,Add:-1
[pim-debug] cfg: shard_policy='fine' shards=2 dim=4096 ffn_dim=11008 n_heads=32 n_kv_heads=auto->n_heads
[pim-debug] pim_config=/lustre/home/2501111916/workspace/XPUPIM_0226_gpupim_parameter/TriForm/algorithms/aim_simulator/PIM_AiM.json
[pim-debug] ramulator_config=/lustre/home/2501111916/workspace/XPUPIM_0226_gpupim_parameter/TriForm/algorithms/aim_simulator/example.yaml
[pim-debug] cost_model config.PIM_FREQ_GHZ=1.0
[pim-debug] op plan (logical shapes inferred from schedule cfg):
  - op#00  op=LN       shard=-1  x=[1x4096] + w=[4096]  ->  y=[1x4096]  (T=1, K=1088)
  - op#01  op=QK       shard=1   q=[16x1x128] + k=[16x128x1088]  ->  y=[16x1x1088]  (T=1, K=1088)
  - op#02  op=SV       shard=1   p=[16x1x1088] + v=[16x1088x128]  ->  y=[16x1x128]  (T=1, K=1088)
  - op#03  op=Add      shard=-1  a=[1x4096] + b=[1x4096]  ->  y=[1x4096]  (T=1, K=1088)
[pim-debug] NOTE: CENT(AiM) trace backend internally uses x shape (1,1,dim) and handles prefill by repeating ops;
           the table below shows the *effective parameters* passed into cost_model_pim_backend for each op.
[pim-debug] op#00 op=LN       norm=rmsnorm    sh=-1 dim=4096  heads=32  hd=128 q_dim=4096  kv_heads=32  kv_dim=4096  o_dim=4096  ffn_dim=11008  seqlen=1088   qlen=1   cache=N lat=    0.001ms cycles≈1314
[pim-debug] op#01 op=QK       norm=score      sh=1  dim=4096  heads=16  hd=128 q_dim=2048  kv_heads=16  kv_dim=2048  o_dim=2048  ffn_dim=5504   seqlen=1088   qlen=1   cache=N lat=    0.005ms cycles≈5424
[pim-debug] op#02 op=SV       norm=output     sh=1  dim=4096  heads=16  hd=128 q_dim=2048  kv_heads=16  kv_dim=2048  o_dim=2048  ffn_dim=5504   seqlen=1088   qlen=1   cache=N lat=    0.004ms cycles≈3752
[pim-debug] op#03 op=Add      norm=residual   sh=-1 dim=4096  heads=32  hd=128 q_dim=4096  kv_heads=32  kv_dim=4096  o_dim=4096  ffn_dim=11008  seqlen=1088   qlen=1   cache=N lat=    0.000ms cycles≈3
[pim-debug] segment total latency: 0.010 ms
========================================================================================
[pim-debug] segment_key=pim|decode|2|b4560aaf650e8eb935c4067c9465084e
[pim-debug] sig: device_type=pim phase=decode step=2 (count_hint=1)
[pim-debug] ops_repr: QK:1,SV:1,Add:-1
[pim-debug] cfg: shard_policy='fine' shards=2 dim=4096 ffn_dim=11008 n_heads=32 n_kv_heads=auto->n_heads
[pim-debug] pim_config=/lustre/home/2501111916/workspace/XPUPIM_0226_gpupim_parameter/TriForm/algorithms/aim_simulator/PIM_AiM.json
[pim-debug] ramulator_config=/lustre/home/2501111916/workspace/XPUPIM_0226_gpupim_parameter/TriForm/algorithms/aim_simulator/example.yaml
[pim-debug] cost_model config.PIM_FREQ_GHZ=1.0
[pim-debug] op plan (logical shapes inferred from schedule cfg):
  - op#00  op=QK       shard=1   q=[16x1x128] + k=[16x128x1088]  ->  y=[16x1x1088]  (T=1, K=1088)
  - op#01  op=SV       shard=1   p=[16x1x1088] + v=[16x1088x128]  ->  y=[16x1x128]  (T=1, K=1088)
  - op#02  op=Add      shard=-1  a=[1x4096] + b=[1x4096]  ->  y=[1x4096]  (T=1, K=1088)
[pim-debug] NOTE: CENT(AiM) trace backend internally uses x shape (1,1,dim) and handles prefill by repeating ops;
           the table below shows the *effective parameters* passed into cost_model_pim_backend for each op.
[pim-debug] op#00 op=QK       norm=score      sh=1  dim=4096  heads=16  hd=128 q_dim=2048  kv_heads=16  kv_dim=2048  o_dim=2048  ffn_dim=5504   seqlen=1088   qlen=1   cache=N lat=    0.005ms cycles≈5424
[pim-debug] op#01 op=SV       norm=output     sh=1  dim=4096  heads=16  hd=128 q_dim=2048  kv_heads=16  kv_dim=2048  o_dim=2048  ffn_dim=5504   seqlen=1088   qlen=1   cache=N lat=    0.004ms cycles≈3752
[pim-debug] op#02 op=Add      norm=residual   sh=-1 dim=4096  heads=32  hd=128 q_dim=4096  kv_heads=32  kv_dim=4096  o_dim=4096  ffn_dim=11008  seqlen=1088   qlen=1   cache=N lat=    0.000ms cycles≈3
[pim-debug] segment total latency: 0.009 ms
========================================================================================
[pim-debug] segment_key=pim|decode|2|f19abe1bb4c4127b5dcebd49980aa85f
[pim-debug] sig: device_type=pim phase=decode step=2 (count_hint=1)
[pim-debug] ops_repr: QK:0,SV:0,Add:-1,LN:-1,Add:-1
[pim-debug] cfg: shard_policy='fine' shards=2 dim=4096 ffn_dim=11008 n_heads=32 n_kv_heads=auto->n_heads
[pim-debug] pim_config=/lustre/home/2501111916/workspace/XPUPIM_0226_gpupim_parameter/TriForm/algorithms/aim_simulator/PIM_AiM.json
[pim-debug] ramulator_config=/lustre/home/2501111916/workspace/XPUPIM_0226_gpupim_parameter/TriForm/algorithms/aim_simulator/example.yaml
[pim-debug] cost_model config.PIM_FREQ_GHZ=1.0
[pim-debug] op plan (logical shapes inferred from schedule cfg):
  - op#00  op=QK       shard=0   q=[16x1x128] + k=[16x128x1088]  ->  y=[16x1x1088]  (T=1, K=1088)
  - op#01  op=SV       shard=0   p=[16x1x1088] + v=[16x1088x128]  ->  y=[16x1x128]  (T=1, K=1088)
  - op#02  op=Add      shard=-1  a=[1x4096] + b=[1x4096]  ->  y=[1x4096]  (T=1, K=1088)
  - op#03  op=LN       shard=-1  x=[1x4096] + w=[4096]  ->  y=[1x4096]  (T=1, K=1088)
  - op#04  op=Add      shard=-1  a=[1x4096] + b=[1x4096]  ->  y=[1x4096]  (T=1, K=1088)
[pim-debug] NOTE: CENT(AiM) trace backend internally uses x shape (1,1,dim) and handles prefill by repeating ops;
           the table below shows the *effective parameters* passed into cost_model_pim_backend for each op.
[pim-debug] op#00 op=QK       norm=score      sh=0  dim=4096  heads=16  hd=128 q_dim=2048  kv_heads=16  kv_dim=2048  o_dim=2048  ffn_dim=5504   seqlen=1088   qlen=1   cache=N lat=    0.005ms cycles≈5424
[pim-debug] op#01 op=SV       norm=output     sh=0  dim=4096  heads=16  hd=128 q_dim=2048  kv_heads=16  kv_dim=2048  o_dim=2048  ffn_dim=5504   seqlen=1088   qlen=1   cache=N lat=    0.004ms cycles≈3752
[pim-debug] op#02 op=Add      norm=residual   sh=-1 dim=4096  heads=32  hd=128 q_dim=4096  kv_heads=32  kv_dim=4096  o_dim=4096  ffn_dim=11008  seqlen=1088   qlen=1   cache=N lat=    0.000ms cycles≈3
[pim-debug] op#03 op=LN       norm=rmsnorm    sh=-1 dim=4096  heads=32  hd=128 q_dim=4096  kv_heads=32  kv_dim=4096  o_dim=4096  ffn_dim=11008  seqlen=1088   qlen=1   cache=N lat=    0.001ms cycles≈1314
[pim-debug] op#04 op=Add      norm=residual   sh=-1 dim=4096  heads=32  hd=128 q_dim=4096  kv_heads=32  kv_dim=4096  o_dim=4096  ffn_dim=11008  seqlen=1088   qlen=1   cache=N lat=    0.000ms cycles≈3
[pim-debug] segment total latency: 0.010 ms
========================================================================================
[pim-debug] segment_key=pim|decode|3|4c0e51b732f084afa611d9419116e0b5
[pim-debug] sig: device_type=pim phase=decode step=3 (count_hint=32)
[pim-debug] ops_repr: QK:0,SV:0,Add:-1,LN:-1
[pim-debug] cfg: shard_policy='fine' shards=2 dim=4096 ffn_dim=11008 n_heads=32 n_kv_heads=auto->n_heads
[pim-debug] pim_config=/lustre/home/2501111916/workspace/XPUPIM_0226_gpupim_parameter/TriForm/algorithms/aim_simulator/PIM_AiM.json
[pim-debug] ramulator_config=/lustre/home/2501111916/workspace/XPUPIM_0226_gpupim_parameter/TriForm/algorithms/aim_simulator/example.yaml
[pim-debug] cost_model config.PIM_FREQ_GHZ=1.0
[pim-debug] op plan (logical shapes inferred from schedule cfg):
  - op#00  op=QK       shard=0   q=[16x1x128] + k=[16x128x1152]  ->  y=[16x1x1152]  (T=1, K=1152)
  - op#01  op=SV       shard=0   p=[16x1x1152] + v=[16x1152x128]  ->  y=[16x1x128]  (T=1, K=1152)
  - op#02  op=Add      shard=-1  a=[1x4096] + b=[1x4096]  ->  y=[1x4096]  (T=1, K=1152)
  - op#03  op=LN       shard=-1  x=[1x4096] + w=[4096]  ->  y=[1x4096]  (T=1, K=1152)
[pim-debug] NOTE: CENT(AiM) trace backend internally uses x shape (1,1,dim) and handles prefill by repeating ops;
           the table below shows the *effective parameters* passed into cost_model_pim_backend for each op.
[pim-debug] op#00 op=QK       norm=score      sh=0  dim=4096  heads=16  hd=128 q_dim=2048  kv_heads=16  kv_dim=2048  o_dim=2048  ffn_dim=5504   seqlen=1152   qlen=1   cache=N lat=    0.005ms cycles≈5424
[pim-debug] op#01 op=SV       norm=output     sh=0  dim=4096  heads=16  hd=128 q_dim=2048  kv_heads=16  kv_dim=2048  o_dim=2048  ffn_dim=5504   seqlen=1152   qlen=1   cache=N lat=    0.004ms cycles≈3824
[pim-debug] op#02 op=Add      norm=residual   sh=-1 dim=4096  heads=32  hd=128 q_dim=4096  kv_heads=32  kv_dim=4096  o_dim=4096  ffn_dim=11008  seqlen=1152   qlen=1   cache=N lat=    0.000ms cycles≈3
[pim-debug] op#03 op=LN       norm=rmsnorm    sh=-1 dim=4096  heads=32  hd=128 q_dim=4096  kv_heads=32  kv_dim=4096  o_dim=4096  ffn_dim=11008  seqlen=1152   qlen=1   cache=N lat=    0.001ms cycles≈1314
[pim-debug] segment total latency: 0.011 ms
========================================================================================
[pim-debug] segment_key=pim|decode|3|ad05123d1388eed4da8737655056f06d
[pim-debug] sig: device_type=pim phase=decode step=3 (count_hint=32)
[pim-debug] ops_repr: LN:-1,QK:1,SV:1,Add:-1
[pim-debug] cfg: shard_policy='fine' shards=2 dim=4096 ffn_dim=11008 n_heads=32 n_kv_heads=auto->n_heads
[pim-debug] pim_config=/lustre/home/2501111916/workspace/XPUPIM_0226_gpupim_parameter/TriForm/algorithms/aim_simulator/PIM_AiM.json
[pim-debug] ramulator_config=/lustre/home/2501111916/workspace/XPUPIM_0226_gpupim_parameter/TriForm/algorithms/aim_simulator/example.yaml
[pim-debug] cost_model config.PIM_FREQ_GHZ=1.0
[pim-debug] op plan (logical shapes inferred from schedule cfg):
  - op#00  op=LN       shard=-1  x=[1x4096] + w=[4096]  ->  y=[1x4096]  (T=1, K=1152)
  - op#01  op=QK       shard=1   q=[16x1x128] + k=[16x128x1152]  ->  y=[16x1x1152]  (T=1, K=1152)
  - op#02  op=SV       shard=1   p=[16x1x1152] + v=[16x1152x128]  ->  y=[16x1x128]  (T=1, K=1152)
  - op#03  op=Add      shard=-1  a=[1x4096] + b=[1x4096]  ->  y=[1x4096]  (T=1, K=1152)
[pim-debug] NOTE: CENT(AiM) trace backend internally uses x shape (1,1,dim) and handles prefill by repeating ops;
           the table below shows the *effective parameters* passed into cost_model_pim_backend for each op.
[pim-debug] op#00 op=LN       norm=rmsnorm    sh=-1 dim=4096  heads=32  hd=128 q_dim=4096  kv_heads=32  kv_dim=4096  o_dim=4096  ffn_dim=11008  seqlen=1152   qlen=1   cache=N lat=    0.001ms cycles≈1314
[pim-debug] op#01 op=QK       norm=score      sh=1  dim=4096  heads=16  hd=128 q_dim=2048  kv_heads=16  kv_dim=2048  o_dim=2048  ffn_dim=5504   seqlen=1152   qlen=1   cache=N lat=    0.005ms cycles≈5424
[pim-debug] op#02 op=SV       norm=output     sh=1  dim=4096  heads=16  hd=128 q_dim=2048  kv_heads=16  kv_dim=2048  o_dim=2048  ffn_dim=5504   seqlen=1152   qlen=1   cache=N lat=    0.004ms cycles≈3824
[pim-debug] op#03 op=Add      norm=residual   sh=-1 dim=4096  heads=32  hd=128 q_dim=4096  kv_heads=32  kv_dim=4096  o_dim=4096  ffn_dim=11008  seqlen=1152   qlen=1   cache=N lat=    0.000ms cycles≈3
[pim-debug] segment total latency: 0.011 ms
========================================================================================
[pim-debug] segment_key=pim|decode|4|2e6c2d8c260ef82629ec178133d59bf0
[pim-debug] sig: device_type=pim phase=decode step=4 (count_hint=1)
[pim-debug] ops_repr: LN:-1,QK:1,SV:1
[pim-debug] cfg: shard_policy='fine' shards=2 dim=4096 ffn_dim=11008 n_heads=32 n_kv_heads=auto->n_heads
[pim-debug] pim_config=/lustre/home/2501111916/workspace/XPUPIM_0226_gpupim_parameter/TriForm/algorithms/aim_simulator/PIM_AiM.json
[pim-debug] ramulator_config=/lustre/home/2501111916/workspace/XPUPIM_0226_gpupim_parameter/TriForm/algorithms/aim_simulator/example.yaml
[pim-debug] cost_model config.PIM_FREQ_GHZ=1.0
[pim-debug] op plan (logical shapes inferred from schedule cfg):
  - op#00  op=LN       shard=-1  x=[1x4096] + w=[4096]  ->  y=[1x4096]  (T=1, K=1216)
  - op#01  op=QK       shard=1   q=[16x1x128] + k=[16x128x1216]  ->  y=[16x1x1216]  (T=1, K=1216)
  - op#02  op=SV       shard=1   p=[16x1x1216] + v=[16x1216x128]  ->  y=[16x1x128]  (T=1, K=1216)
[pim-debug] NOTE: CENT(AiM) trace backend internally uses x shape (1,1,dim) and handles prefill by repeating ops;
           the table below shows the *effective parameters* passed into cost_model_pim_backend for each op.
[pim-debug] op#00 op=LN       norm=rmsnorm    sh=-1 dim=4096  heads=32  hd=128 q_dim=4096  kv_heads=32  kv_dim=4096  o_dim=4096  ffn_dim=11008  seqlen=1216   qlen=1   cache=N lat=    0.001ms cycles≈1314
[pim-debug] op#01 op=QK       norm=score      sh=1  dim=4096  heads=16  hd=128 q_dim=2048  kv_heads=16  kv_dim=2048  o_dim=2048  ffn_dim=5504   seqlen=1216   qlen=1   cache=N lat=    0.005ms cycles≈5424
[pim-debug] op#02 op=SV       norm=output     sh=1  dim=4096  heads=16  hd=128 q_dim=2048  kv_heads=16  kv_dim=2048  o_dim=2048  ffn_dim=5504   seqlen=1216   qlen=1   cache=N lat=    0.004ms cycles≈3896
[pim-debug] segment total latency: 0.011 ms
========================================================================================
[pim-debug] segment_key=pim|decode|4|4c0e51b732f084afa611d9419116e0b5
[pim-debug] sig: device_type=pim phase=decode step=4 (count_hint=31)
[pim-debug] ops_repr: QK:0,SV:0,Add:-1,LN:-1
[pim-debug] cfg: shard_policy='fine' shards=2 dim=4096 ffn_dim=11008 n_heads=32 n_kv_heads=auto->n_heads
[pim-debug] pim_config=/lustre/home/2501111916/workspace/XPUPIM_0226_gpupim_parameter/TriForm/algorithms/aim_simulator/PIM_AiM.json
[pim-debug] ramulator_config=/lustre/home/2501111916/workspace/XPUPIM_0226_gpupim_parameter/TriForm/algorithms/aim_simulator/example.yaml
[pim-debug] cost_model config.PIM_FREQ_GHZ=1.0
[pim-debug] op plan (logical shapes inferred from schedule cfg):
  - op#00  op=QK       shard=0   q=[16x1x128] + k=[16x128x1216]  ->  y=[16x1x1216]  (T=1, K=1216)
  - op#01  op=SV       shard=0   p=[16x1x1216] + v=[16x1216x128]  ->  y=[16x1x128]  (T=1, K=1216)
  - op#02  op=Add      shard=-1  a=[1x4096] + b=[1x4096]  ->  y=[1x4096]  (T=1, K=1216)
  - op#03  op=LN       shard=-1  x=[1x4096] + w=[4096]  ->  y=[1x4096]  (T=1, K=1216)
[pim-debug] NOTE: CENT(AiM) trace backend internally uses x shape (1,1,dim) and handles prefill by repeating ops;
           the table below shows the *effective parameters* passed into cost_model_pim_backend for each op.
[pim-debug] op#00 op=QK       norm=score      sh=0  dim=4096  heads=16  hd=128 q_dim=2048  kv_heads=16  kv_dim=2048  o_dim=2048  ffn_dim=5504   seqlen=1216   qlen=1   cache=N lat=    0.005ms cycles≈5424
[pim-debug] op#01 op=SV       norm=output     sh=0  dim=4096  heads=16  hd=128 q_dim=2048  kv_heads=16  kv_dim=2048  o_dim=2048  ffn_dim=5504   seqlen=1216   qlen=1   cache=N lat=    0.004ms cycles≈3896
[pim-debug] op#02 op=Add      norm=residual   sh=-1 dim=4096  heads=32  hd=128 q_dim=4096  kv_heads=32  kv_dim=4096  o_dim=4096  ffn_dim=11008  seqlen=1216   qlen=1   cache=N lat=    0.000ms cycles≈3
[pim-debug] op#03 op=LN       norm=rmsnorm    sh=-1 dim=4096  heads=32  hd=128 q_dim=4096  kv_heads=32  kv_dim=4096  o_dim=4096  ffn_dim=11008  seqlen=1216   qlen=1   cache=N lat=    0.001ms cycles≈1314
[pim-debug] segment total latency: 0.011 ms
========================================================================================
[pim-debug] segment_key=pim|decode|4|ad05123d1388eed4da8737655056f06d
[pim-debug] sig: device_type=pim phase=decode step=4 (count_hint=31)
[pim-debug] ops_repr: LN:-1,QK:1,SV:1,Add:-1
[pim-debug] cfg: shard_policy='fine' shards=2 dim=4096 ffn_dim=11008 n_heads=32 n_kv_heads=auto->n_heads
[pim-debug] pim_config=/lustre/home/2501111916/workspace/XPUPIM_0226_gpupim_parameter/TriForm/algorithms/aim_simulator/PIM_AiM.json
[pim-debug] ramulator_config=/lustre/home/2501111916/workspace/XPUPIM_0226_gpupim_parameter/TriForm/algorithms/aim_simulator/example.yaml
[pim-debug] cost_model config.PIM_FREQ_GHZ=1.0
[pim-debug] op plan (logical shapes inferred from schedule cfg):
  - op#00  op=LN       shard=-1  x=[1x4096] + w=[4096]  ->  y=[1x4096]  (T=1, K=1216)
  - op#01  op=QK       shard=1   q=[16x1x128] + k=[16x128x1216]  ->  y=[16x1x1216]  (T=1, K=1216)
  - op#02  op=SV       shard=1   p=[16x1x1216] + v=[16x1216x128]  ->  y=[16x1x128]  (T=1, K=1216)
  - op#03  op=Add      shard=-1  a=[1x4096] + b=[1x4096]  ->  y=[1x4096]  (T=1, K=1216)
[pim-debug] NOTE: CENT(AiM) trace backend internally uses x shape (1,1,dim) and handles prefill by repeating ops;
           the table below shows the *effective parameters* passed into cost_model_pim_backend for each op.
[pim-debug] op#00 op=LN       norm=rmsnorm    sh=-1 dim=4096  heads=32  hd=128 q_dim=4096  kv_heads=32  kv_dim=4096  o_dim=4096  ffn_dim=11008  seqlen=1216   qlen=1   cache=N lat=    0.001ms cycles≈1314
[pim-debug] op#01 op=QK       norm=score      sh=1  dim=4096  heads=16  hd=128 q_dim=2048  kv_heads=16  kv_dim=2048  o_dim=2048  ffn_dim=5504   seqlen=1216   qlen=1   cache=N lat=    0.005ms cycles≈5424
[pim-debug] op#02 op=SV       norm=output     sh=1  dim=4096  heads=16  hd=128 q_dim=2048  kv_heads=16  kv_dim=2048  o_dim=2048  ffn_dim=5504   seqlen=1216   qlen=1   cache=N lat=    0.004ms cycles≈3896
[pim-debug] op#03 op=Add      norm=residual   sh=-1 dim=4096  heads=32  hd=128 q_dim=4096  kv_heads=32  kv_dim=4096  o_dim=4096  ffn_dim=11008  seqlen=1216   qlen=1   cache=N lat=    0.000ms cycles≈3
[pim-debug] segment total latency: 0.011 ms
========================================================================================
[pim-debug] segment_key=pim|decode|4|f19abe1bb4c4127b5dcebd49980aa85f
[pim-debug] sig: device_type=pim phase=decode step=4 (count_hint=1)
[pim-debug] ops_repr: QK:0,SV:0,Add:-1,LN:-1,Add:-1
[pim-debug] cfg: shard_policy='fine' shards=2 dim=4096 ffn_dim=11008 n_heads=32 n_kv_heads=auto->n_heads
[pim-debug] pim_config=/lustre/home/2501111916/workspace/XPUPIM_0226_gpupim_parameter/TriForm/algorithms/aim_simulator/PIM_AiM.json
[pim-debug] ramulator_config=/lustre/home/2501111916/workspace/XPUPIM_0226_gpupim_parameter/TriForm/algorithms/aim_simulator/example.yaml
[pim-debug] cost_model config.PIM_FREQ_GHZ=1.0
[pim-debug] op plan (logical shapes inferred from schedule cfg):
  - op#00  op=QK       shard=0   q=[16x1x128] + k=[16x128x1216]  ->  y=[16x1x1216]  (T=1, K=1216)
  - op#01  op=SV       shard=0   p=[16x1x1216] + v=[16x1216x128]  ->  y=[16x1x128]  (T=1, K=1216)
  - op#02  op=Add      shard=-1  a=[1x4096] + b=[1x4096]  ->  y=[1x4096]  (T=1, K=1216)
  - op#03  op=LN       shard=-1  x=[1x4096] + w=[4096]  ->  y=[1x4096]  (T=1, K=1216)
  - op#04  op=Add      shard=-1  a=[1x4096] + b=[1x4096]  ->  y=[1x4096]  (T=1, K=1216)
[pim-debug] NOTE: CENT(AiM) trace backend internally uses x shape (1,1,dim) and handles prefill by repeating ops;
           the table below shows the *effective parameters* passed into cost_model_pim_backend for each op.
[pim-debug] op#00 op=QK       norm=score      sh=0  dim=4096  heads=16  hd=128 q_dim=2048  kv_heads=16  kv_dim=2048  o_dim=2048  ffn_dim=5504   seqlen=1216   qlen=1   cache=N lat=    0.005ms cycles≈5424
[pim-debug] op#01 op=SV       norm=output     sh=0  dim=4096  heads=16  hd=128 q_dim=2048  kv_heads=16  kv_dim=2048  o_dim=2048  ffn_dim=5504   seqlen=1216   qlen=1   cache=N lat=    0.004ms cycles≈3896
[pim-debug] op#02 op=Add      norm=residual   sh=-1 dim=4096  heads=32  hd=128 q_dim=4096  kv_heads=32  kv_dim=4096  o_dim=4096  ffn_dim=11008  seqlen=1216   qlen=1   cache=N lat=    0.000ms cycles≈3
[pim-debug] op#03 op=LN       norm=rmsnorm    sh=-1 dim=4096  heads=32  hd=128 q_dim=4096  kv_heads=32  kv_dim=4096  o_dim=4096  ffn_dim=11008  seqlen=1216   qlen=1   cache=N lat=    0.001ms cycles≈1314
[pim-debug] op#04 op=Add      norm=residual   sh=-1 dim=4096  heads=32  hd=128 q_dim=4096  kv_heads=32  kv_dim=4096  o_dim=4096  ffn_dim=11008  seqlen=1216   qlen=1   cache=N lat=    0.000ms cycles≈3
[pim-debug] segment total latency: 0.011 ms
  progress 18/18
[run-pim] wrote /lustre/home/2501111916/workspace/XPUPIM_0226_gpupim_parameter/TriForm/verify/hw_hardware_1gpu_2aim/st64/llama_7b_bf16_b8_s64/hefthint_1024x256.pim_results.json
[slurm] wrote OK_FILE=/lustre/home/2501111916/workspace/XPUPIM_0226_gpupim_parameter/TriForm/verify/hw_hardware_1gpu_2aim/st64/llama_7b_bf16_b8_s64/hefthint_1024x256.pim.ok
[slurm] done at Sat Feb 28 09:12:00 CST 2026
