[slurm] jobid=9740706 nodelist=l01c01n1
[slurm] host=l01c01n1
[slurm] pwd=/lustre/home/2501111916/workspace/XPUPIM_0226_gpupim_parameter/TriForm/verify/hw_hardware_1gpu_2aim/st64/llama_7b_bf16_b8_s64
[slurm] SLURM_CPUS_PER_TASK=16
[slurm] starting at Sat Feb 28 09:13:05 CST 2026
[slurm] PY_SCRIPT=/lustre/home/2501111916/workspace/XPUPIM_0226_gpupim_parameter/TriForm/verify/schedule_deploy_verify.py
[slurm] TASKS_JSON=/lustre/home/2501111916/workspace/XPUPIM_0226_gpupim_parameter/TriForm/verify/hw_hardware_1gpu_2aim/st64/llama_7b_bf16_b8_s64/weights_on_pim_1024x512.pim_tasks.json
[slurm] OUT_JSON=/lustre/home/2501111916/workspace/XPUPIM_0226_gpupim_parameter/TriForm/verify/hw_hardware_1gpu_2aim/st64/llama_7b_bf16_b8_s64/weights_on_pim_1024x512.pim_results.json
[slurm] CENT_SIM_ROOT=<unset>
[slurm] PIM_RAMULATOR_CONFIG=/lustre/home/2501111916/workspace/XPUPIM_0226_gpupim_parameter/TriForm/algorithms/aim_simulator/example.yaml
[slurm] PIM_HW_JSON=/lustre/home/2501111916/workspace/XPUPIM_0226_gpupim_parameter/TriForm/algorithms/aim_simulator/PIM_AiM.json
[slurm] PIM_RAMULATOR_BIN=/lustre/home/2501111916/workspace/XPUPIM_0226_gpupim_parameter/TriForm/algorithms/ramulator2
[slurm] PIM_NUM_DEVICES=4
[slurm] PIM_DEBUG=1
[slurm] PIM_DEBUG_TXT=/lustre/home/2501111916/workspace/XPUPIM_0226_gpupim_parameter/TriForm/verify/hw_hardware_1gpu_2aim/st64/llama_7b_bf16_b8_s64/weights_on_pim_1024x512.pim_debug.log
[slurm] PIM_NO_CACHE=1
[slurm] BATCH=1
[slurm] OK_FILE=/lustre/home/2501111916/workspace/XPUPIM_0226_gpupim_parameter/TriForm/verify/hw_hardware_1gpu_2aim/st64/llama_7b_bf16_b8_s64/weights_on_pim_1024x512.pim.ok
[slurm] Running: python /lustre/home/2501111916/workspace/XPUPIM_0226_gpupim_parameter/TriForm/verify/schedule_deploy_verify.py run-pim --tasks /lustre/home/2501111916/workspace/XPUPIM_0226_gpupim_parameter/TriForm/verify/hw_hardware_1gpu_2aim/st64/llama_7b_bf16_b8_s64/weights_on_pim_1024x512.pim_tasks.json --out /lustre/home/2501111916/workspace/XPUPIM_0226_gpupim_parameter/TriForm/verify/hw_hardware_1gpu_2aim/st64/llama_7b_bf16_b8_s64/weights_on_pim_1024x512.pim_results.json --pim-ramulator-config /lustre/home/2501111916/workspace/XPUPIM_0226_gpupim_parameter/TriForm/algorithms/aim_simulator/example.yaml --pim-hw-json /lustre/home/2501111916/workspace/XPUPIM_0226_gpupim_parameter/TriForm/algorithms/aim_simulator/PIM_AiM.json --pim-ramulator-bin /lustre/home/2501111916/workspace/XPUPIM_0226_gpupim_parameter/TriForm/algorithms/ramulator2 --pim-num-devices 4 --debug --debug-txt /lustre/home/2501111916/workspace/XPUPIM_0226_gpupim_parameter/TriForm/verify/hw_hardware_1gpu_2aim/st64/llama_7b_bf16_b8_s64/weights_on_pim_1024x512.pim_debug.log --no-cache
[run-pim] shard_policy='fine': ignoring pim_num_devices=4 for trace generation; fine-mode tracing always uses a single PIM device (FC_devices=1) and follows per-shard placement from the schedule.
================================================================================
[run-pim][debug] Using cost_model_pim_backend._get_pim_latency_via_trace
[run-pim][debug] shard_policy='fine' shards=2
[run-pim][debug] model: dim=4096 ffn_dim=11008 n_heads=32 n_kv_heads=auto->n_heads
[run-pim][debug] lengths: prefill_len=1024 decode_stride=64 decode_context_lens_len=9
[run-pim][debug] pim_config=/lustre/home/2501111916/workspace/XPUPIM_0226_gpupim_parameter/TriForm/algorithms/aim_simulator/PIM_AiM.json (from pim_hw_json_path)
[run-pim][debug] ramulator_config=/lustre/home/2501111916/workspace/XPUPIM_0226_gpupim_parameter/TriForm/algorithms/aim_simulator/example.yaml
[run-pim][debug] ramulator_bin=/lustre/home/2501111916/workspace/XPUPIM_0226_gpupim_parameter/TriForm/algorithms/ramulator2 (exported as env RAMULATOR2_BIN)
[run-pim][debug] ramulator_timeout_s=3000
[run-pim][debug] cache_enabled=False
[run-pim][debug] schedule cfg.pim_freq_ghz=1.0
[run-pim][debug] cost_model config.PIM_FREQ_GHZ=1.0
================================================================================
[run-pim] tasks=22 segment_scope=layer
[run-pim] extra weight_load_s=0.403301s (will be added in merge)
========================================================================================
[pim-debug] segment_key=pim|decode|0|1ed976c7c13cd28c472fbdb0cfd672ea
[pim-debug] sig: device_type=pim phase=decode step=0 (count_hint=32)
[pim-debug] ops_repr: Q:0,K:0,V:0,O:0,FFN_W1:0,FFN_W3:1,FFN_W2:0
[pim-debug] cfg: shard_policy='fine' shards=2 dim=4096 ffn_dim=11008 n_heads=32 n_kv_heads=auto->n_heads
[pim-debug] pim_config=/lustre/home/2501111916/workspace/XPUPIM_0226_gpupim_parameter/TriForm/algorithms/aim_simulator/PIM_AiM.json
[pim-debug] ramulator_config=/lustre/home/2501111916/workspace/XPUPIM_0226_gpupim_parameter/TriForm/algorithms/aim_simulator/example.yaml
[pim-debug] cost_model config.PIM_FREQ_GHZ=1.0
[pim-debug] op plan (logical shapes inferred from schedule cfg):
  - op#00  op=Q        shard=0   x=[1x4096] + w=[2048x4096]  ->  y=[1x2048]  (T=1, K=1025)
  - op#01  op=K        shard=0   x=[1x4096] + w=[2048x4096]  ->  y=[1x2048]  (T=1, K=1025)
  - op#02  op=V        shard=0   x=[1x4096] + w=[2048x4096]  ->  y=[1x2048]  (T=1, K=1025)
  - op#03  op=O        shard=0   x=[1x2048] + w=[4096x2048]  ->  y=[1x4096]  (T=1, K=1025)
  - op#04  op=FFN_W1   shard=0   x=[1x4096] + w=[5504x4096]  ->  y=[1x5504]  (T=1, K=1025)
  - op#05  op=FFN_W3   shard=1   x=[1x4096] + w=[5504x4096]  ->  y=[1x5504]  (T=1, K=1025)
  - op#06  op=FFN_W2   shard=0   x=[1x5504] + w=[4096x5504]  ->  y=[1x4096]  (T=1, K=1025)
[pim-debug] NOTE: CENT(AiM) trace backend internally uses x shape (1,1,dim) and handles prefill by repeating ops;
           the table below shows the *effective parameters* passed into cost_model_pim_backend for each op.
[pim-debug] op#00 op=Q        norm=q_proj     sh=0  dim=4096  heads=16  hd=128 q_dim=2048  kv_heads=16  kv_dim=2048  o_dim=2048  ffn_dim=5504   seqlen=1025   qlen=1   cache=N lat=    0.004ms cycles≈4428
[pim-debug] op#01 op=K        norm=k_proj     sh=0  dim=4096  heads=16  hd=128 q_dim=2048  kv_heads=16  kv_dim=2048  o_dim=2048  ffn_dim=5504   seqlen=1025   qlen=1   cache=N lat=    0.004ms cycles≈4428
[pim-debug] op#02 op=V        norm=v_proj     sh=0  dim=4096  heads=16  hd=128 q_dim=2048  kv_heads=16  kv_dim=2048  o_dim=2048  ffn_dim=5504   seqlen=1025   qlen=1   cache=N lat=    0.004ms cycles≈4428
[pim-debug] op#03 op=O        norm=wo_proj    sh=0  dim=4096  heads=16  hd=128 q_dim=2048  kv_heads=16  kv_dim=2048  o_dim=2048  ffn_dim=5504   seqlen=1025   qlen=1   cache=N lat=    0.004ms cycles≈4062
[pim-debug] op#04 op=FFN_W1   norm=ffn_gate   sh=0  dim=4096  heads=16  hd=128 q_dim=2048  kv_heads=16  kv_dim=2048  o_dim=2048  ffn_dim=5504   seqlen=1025   qlen=1   cache=N lat=    0.012ms cycles≈11708
[pim-debug] op#05 op=FFN_W3   norm=ffn_up     sh=1  dim=4096  heads=16  hd=128 q_dim=2048  kv_heads=16  kv_dim=2048  o_dim=2048  ffn_dim=5504   seqlen=1025   qlen=1   cache=N lat=    0.011ms cycles≈10896
[pim-debug] op#06 op=FFN_W2   norm=ffn_down   sh=0  dim=4096  heads=16  hd=128 q_dim=2048  kv_heads=16  kv_dim=2048  o_dim=2048  ffn_dim=5504   seqlen=1025   qlen=1   cache=N lat=    0.011ms cycles≈11466
[pim-debug] segment total latency: 0.051 ms
========================================================================================
[pim-debug] segment_key=pim|decode|0|34ccac5ef828e4730b89693f4ee70e0e
[pim-debug] sig: device_type=pim phase=decode step=0 (count_hint=32)
[pim-debug] ops_repr: Q:1,K:1,V:1,O:1,FFN_W3:0,FFN_W1:1,FFN_W2:1
[pim-debug] cfg: shard_policy='fine' shards=2 dim=4096 ffn_dim=11008 n_heads=32 n_kv_heads=auto->n_heads
[pim-debug] pim_config=/lustre/home/2501111916/workspace/XPUPIM_0226_gpupim_parameter/TriForm/algorithms/aim_simulator/PIM_AiM.json
[pim-debug] ramulator_config=/lustre/home/2501111916/workspace/XPUPIM_0226_gpupim_parameter/TriForm/algorithms/aim_simulator/example.yaml
[pim-debug] cost_model config.PIM_FREQ_GHZ=1.0
[pim-debug] op plan (logical shapes inferred from schedule cfg):
  - op#00  op=Q        shard=1   x=[1x4096] + w=[2048x4096]  ->  y=[1x2048]  (T=1, K=1025)
  - op#01  op=K        shard=1   x=[1x4096] + w=[2048x4096]  ->  y=[1x2048]  (T=1, K=1025)
  - op#02  op=V        shard=1   x=[1x4096] + w=[2048x4096]  ->  y=[1x2048]  (T=1, K=1025)
  - op#03  op=O        shard=1   x=[1x2048] + w=[4096x2048]  ->  y=[1x4096]  (T=1, K=1025)
  - op#04  op=FFN_W3   shard=0   x=[1x4096] + w=[5504x4096]  ->  y=[1x5504]  (T=1, K=1025)
  - op#05  op=FFN_W1   shard=1   x=[1x4096] + w=[5504x4096]  ->  y=[1x5504]  (T=1, K=1025)
  - op#06  op=FFN_W2   shard=1   x=[1x5504] + w=[4096x5504]  ->  y=[1x4096]  (T=1, K=1025)
[pim-debug] NOTE: CENT(AiM) trace backend internally uses x shape (1,1,dim) and handles prefill by repeating ops;
           the table below shows the *effective parameters* passed into cost_model_pim_backend for each op.
[pim-debug] op#00 op=Q        norm=q_proj     sh=1  dim=4096  heads=16  hd=128 q_dim=2048  kv_heads=16  kv_dim=2048  o_dim=2048  ffn_dim=5504   seqlen=1025   qlen=1   cache=N lat=    0.004ms cycles≈4428
[pim-debug] op#01 op=K        norm=k_proj     sh=1  dim=4096  heads=16  hd=128 q_dim=2048  kv_heads=16  kv_dim=2048  o_dim=2048  ffn_dim=5504   seqlen=1025   qlen=1   cache=N lat=    0.004ms cycles≈4428
[pim-debug] op#02 op=V        norm=v_proj     sh=1  dim=4096  heads=16  hd=128 q_dim=2048  kv_heads=16  kv_dim=2048  o_dim=2048  ffn_dim=5504   seqlen=1025   qlen=1   cache=N lat=    0.004ms cycles≈4428
[pim-debug] op#03 op=O        norm=wo_proj    sh=1  dim=4096  heads=16  hd=128 q_dim=2048  kv_heads=16  kv_dim=2048  o_dim=2048  ffn_dim=5504   seqlen=1025   qlen=1   cache=N lat=    0.004ms cycles≈4062
[pim-debug] op#04 op=FFN_W3   norm=ffn_up     sh=0  dim=4096  heads=16  hd=128 q_dim=2048  kv_heads=16  kv_dim=2048  o_dim=2048  ffn_dim=5504   seqlen=1025   qlen=1   cache=N lat=    0.011ms cycles≈10896
[pim-debug] op#05 op=FFN_W1   norm=ffn_gate   sh=1  dim=4096  heads=16  hd=128 q_dim=2048  kv_heads=16  kv_dim=2048  o_dim=2048  ffn_dim=5504   seqlen=1025   qlen=1   cache=N lat=    0.012ms cycles≈11708
[pim-debug] op#06 op=FFN_W2   norm=ffn_down   sh=1  dim=4096  heads=16  hd=128 q_dim=2048  kv_heads=16  kv_dim=2048  o_dim=2048  ffn_dim=5504   seqlen=1025   qlen=1   cache=N lat=    0.011ms cycles≈11466
[pim-debug] segment total latency: 0.051 ms
========================================================================================
[pim-debug] segment_key=pim|decode|1|1ed976c7c13cd28c472fbdb0cfd672ea
[pim-debug] sig: device_type=pim phase=decode step=1 (count_hint=32)
[pim-debug] ops_repr: Q:0,K:0,V:0,O:0,FFN_W1:0,FFN_W3:1,FFN_W2:0
[pim-debug] cfg: shard_policy='fine' shards=2 dim=4096 ffn_dim=11008 n_heads=32 n_kv_heads=auto->n_heads
[pim-debug] pim_config=/lustre/home/2501111916/workspace/XPUPIM_0226_gpupim_parameter/TriForm/algorithms/aim_simulator/PIM_AiM.json
[pim-debug] ramulator_config=/lustre/home/2501111916/workspace/XPUPIM_0226_gpupim_parameter/TriForm/algorithms/aim_simulator/example.yaml
[pim-debug] cost_model config.PIM_FREQ_GHZ=1.0
[pim-debug] op plan (logical shapes inferred from schedule cfg):
  - op#00  op=Q        shard=0   x=[1x4096] + w=[2048x4096]  ->  y=[1x2048]  (T=1, K=1026)
  - op#01  op=K        shard=0   x=[1x4096] + w=[2048x4096]  ->  y=[1x2048]  (T=1, K=1026)
  - op#02  op=V        shard=0   x=[1x4096] + w=[2048x4096]  ->  y=[1x2048]  (T=1, K=1026)
  - op#03  op=O        shard=0   x=[1x2048] + w=[4096x2048]  ->  y=[1x4096]  (T=1, K=1026)
  - op#04  op=FFN_W1   shard=0   x=[1x4096] + w=[5504x4096]  ->  y=[1x5504]  (T=1, K=1026)
  - op#05  op=FFN_W3   shard=1   x=[1x4096] + w=[5504x4096]  ->  y=[1x5504]  (T=1, K=1026)
  - op#06  op=FFN_W2   shard=0   x=[1x5504] + w=[4096x5504]  ->  y=[1x4096]  (T=1, K=1026)
[pim-debug] NOTE: CENT(AiM) trace backend internally uses x shape (1,1,dim) and handles prefill by repeating ops;
           the table below shows the *effective parameters* passed into cost_model_pim_backend for each op.
[pim-debug] op#00 op=Q        norm=q_proj     sh=0  dim=4096  heads=16  hd=128 q_dim=2048  kv_heads=16  kv_dim=2048  o_dim=2048  ffn_dim=5504   seqlen=1026   qlen=1   cache=N lat=    0.004ms cycles≈4428
[pim-debug] op#01 op=K        norm=k_proj     sh=0  dim=4096  heads=16  hd=128 q_dim=2048  kv_heads=16  kv_dim=2048  o_dim=2048  ffn_dim=5504   seqlen=1026   qlen=1   cache=N lat=    0.004ms cycles≈4428
[pim-debug] op#02 op=V        norm=v_proj     sh=0  dim=4096  heads=16  hd=128 q_dim=2048  kv_heads=16  kv_dim=2048  o_dim=2048  ffn_dim=5504   seqlen=1026   qlen=1   cache=N lat=    0.004ms cycles≈4428
[pim-debug] op#03 op=O        norm=wo_proj    sh=0  dim=4096  heads=16  hd=128 q_dim=2048  kv_heads=16  kv_dim=2048  o_dim=2048  ffn_dim=5504   seqlen=1026   qlen=1   cache=N lat=    0.004ms cycles≈4062
[pim-debug] op#04 op=FFN_W1   norm=ffn_gate   sh=0  dim=4096  heads=16  hd=128 q_dim=2048  kv_heads=16  kv_dim=2048  o_dim=2048  ffn_dim=5504   seqlen=1026   qlen=1   cache=N lat=    0.012ms cycles≈11708
[pim-debug] op#05 op=FFN_W3   norm=ffn_up     sh=1  dim=4096  heads=16  hd=128 q_dim=2048  kv_heads=16  kv_dim=2048  o_dim=2048  ffn_dim=5504   seqlen=1026   qlen=1   cache=N lat=    0.011ms cycles≈10896
[pim-debug] op#06 op=FFN_W2   norm=ffn_down   sh=0  dim=4096  heads=16  hd=128 q_dim=2048  kv_heads=16  kv_dim=2048  o_dim=2048  ffn_dim=5504   seqlen=1026   qlen=1   cache=N lat=    0.011ms cycles≈11466
[pim-debug] segment total latency: 0.051 ms
========================================================================================
[pim-debug] segment_key=pim|decode|1|34ccac5ef828e4730b89693f4ee70e0e
[pim-debug] sig: device_type=pim phase=decode step=1 (count_hint=32)
[pim-debug] ops_repr: Q:1,K:1,V:1,O:1,FFN_W3:0,FFN_W1:1,FFN_W2:1
[pim-debug] cfg: shard_policy='fine' shards=2 dim=4096 ffn_dim=11008 n_heads=32 n_kv_heads=auto->n_heads
[pim-debug] pim_config=/lustre/home/2501111916/workspace/XPUPIM_0226_gpupim_parameter/TriForm/algorithms/aim_simulator/PIM_AiM.json
[pim-debug] ramulator_config=/lustre/home/2501111916/workspace/XPUPIM_0226_gpupim_parameter/TriForm/algorithms/aim_simulator/example.yaml
[pim-debug] cost_model config.PIM_FREQ_GHZ=1.0
[pim-debug] op plan (logical shapes inferred from schedule cfg):
  - op#00  op=Q        shard=1   x=[1x4096] + w=[2048x4096]  ->  y=[1x2048]  (T=1, K=1026)
  - op#01  op=K        shard=1   x=[1x4096] + w=[2048x4096]  ->  y=[1x2048]  (T=1, K=1026)
  - op#02  op=V        shard=1   x=[1x4096] + w=[2048x4096]  ->  y=[1x2048]  (T=1, K=1026)
  - op#03  op=O        shard=1   x=[1x2048] + w=[4096x2048]  ->  y=[1x4096]  (T=1, K=1026)
  - op#04  op=FFN_W3   shard=0   x=[1x4096] + w=[5504x4096]  ->  y=[1x5504]  (T=1, K=1026)
  - op#05  op=FFN_W1   shard=1   x=[1x4096] + w=[5504x4096]  ->  y=[1x5504]  (T=1, K=1026)
  - op#06  op=FFN_W2   shard=1   x=[1x5504] + w=[4096x5504]  ->  y=[1x4096]  (T=1, K=1026)
[pim-debug] NOTE: CENT(AiM) trace backend internally uses x shape (1,1,dim) and handles prefill by repeating ops;
           the table below shows the *effective parameters* passed into cost_model_pim_backend for each op.
[pim-debug] op#00 op=Q        norm=q_proj     sh=1  dim=4096  heads=16  hd=128 q_dim=2048  kv_heads=16  kv_dim=2048  o_dim=2048  ffn_dim=5504   seqlen=1026   qlen=1   cache=N lat=    0.004ms cycles≈4428
[pim-debug] op#01 op=K        norm=k_proj     sh=1  dim=4096  heads=16  hd=128 q_dim=2048  kv_heads=16  kv_dim=2048  o_dim=2048  ffn_dim=5504   seqlen=1026   qlen=1   cache=N lat=    0.004ms cycles≈4428
[pim-debug] op#02 op=V        norm=v_proj     sh=1  dim=4096  heads=16  hd=128 q_dim=2048  kv_heads=16  kv_dim=2048  o_dim=2048  ffn_dim=5504   seqlen=1026   qlen=1   cache=N lat=    0.004ms cycles≈4428
[pim-debug] op#03 op=O        norm=wo_proj    sh=1  dim=4096  heads=16  hd=128 q_dim=2048  kv_heads=16  kv_dim=2048  o_dim=2048  ffn_dim=5504   seqlen=1026   qlen=1   cache=N lat=    0.004ms cycles≈4062
[pim-debug] op#04 op=FFN_W3   norm=ffn_up     sh=0  dim=4096  heads=16  hd=128 q_dim=2048  kv_heads=16  kv_dim=2048  o_dim=2048  ffn_dim=5504   seqlen=1026   qlen=1   cache=N lat=    0.011ms cycles≈10896
[pim-debug] op#05 op=FFN_W1   norm=ffn_gate   sh=1  dim=4096  heads=16  hd=128 q_dim=2048  kv_heads=16  kv_dim=2048  o_dim=2048  ffn_dim=5504   seqlen=1026   qlen=1   cache=N lat=    0.012ms cycles≈11708
[pim-debug] op#06 op=FFN_W2   norm=ffn_down   sh=1  dim=4096  heads=16  hd=128 q_dim=2048  kv_heads=16  kv_dim=2048  o_dim=2048  ffn_dim=5504   seqlen=1026   qlen=1   cache=N lat=    0.011ms cycles≈11466
[pim-debug] segment total latency: 0.051 ms
========================================================================================
[pim-debug] segment_key=pim|decode|2|1ed976c7c13cd28c472fbdb0cfd672ea
[pim-debug] sig: device_type=pim phase=decode step=2 (count_hint=32)
[pim-debug] ops_repr: Q:0,K:0,V:0,O:0,FFN_W1:0,FFN_W3:1,FFN_W2:0
[pim-debug] cfg: shard_policy='fine' shards=2 dim=4096 ffn_dim=11008 n_heads=32 n_kv_heads=auto->n_heads
[pim-debug] pim_config=/lustre/home/2501111916/workspace/XPUPIM_0226_gpupim_parameter/TriForm/algorithms/aim_simulator/PIM_AiM.json
[pim-debug] ramulator_config=/lustre/home/2501111916/workspace/XPUPIM_0226_gpupim_parameter/TriForm/algorithms/aim_simulator/example.yaml
[pim-debug] cost_model config.PIM_FREQ_GHZ=1.0
[pim-debug] op plan (logical shapes inferred from schedule cfg):
  - op#00  op=Q        shard=0   x=[1x4096] + w=[2048x4096]  ->  y=[1x2048]  (T=1, K=1088)
  - op#01  op=K        shard=0   x=[1x4096] + w=[2048x4096]  ->  y=[1x2048]  (T=1, K=1088)
  - op#02  op=V        shard=0   x=[1x4096] + w=[2048x4096]  ->  y=[1x2048]  (T=1, K=1088)
  - op#03  op=O        shard=0   x=[1x2048] + w=[4096x2048]  ->  y=[1x4096]  (T=1, K=1088)
  - op#04  op=FFN_W1   shard=0   x=[1x4096] + w=[5504x4096]  ->  y=[1x5504]  (T=1, K=1088)
  - op#05  op=FFN_W3   shard=1   x=[1x4096] + w=[5504x4096]  ->  y=[1x5504]  (T=1, K=1088)
  - op#06  op=FFN_W2   shard=0   x=[1x5504] + w=[4096x5504]  ->  y=[1x4096]  (T=1, K=1088)
[pim-debug] NOTE: CENT(AiM) trace backend internally uses x shape (1,1,dim) and handles prefill by repeating ops;
           the table below shows the *effective parameters* passed into cost_model_pim_backend for each op.
[pim-debug] op#00 op=Q        norm=q_proj     sh=0  dim=4096  heads=16  hd=128 q_dim=2048  kv_heads=16  kv_dim=2048  o_dim=2048  ffn_dim=5504   seqlen=1088   qlen=1   cache=N lat=    0.004ms cycles≈4428
[pim-debug] op#01 op=K        norm=k_proj     sh=0  dim=4096  heads=16  hd=128 q_dim=2048  kv_heads=16  kv_dim=2048  o_dim=2048  ffn_dim=5504   seqlen=1088   qlen=1   cache=N lat=    0.004ms cycles≈4428
[pim-debug] op#02 op=V        norm=v_proj     sh=0  dim=4096  heads=16  hd=128 q_dim=2048  kv_heads=16  kv_dim=2048  o_dim=2048  ffn_dim=5504   seqlen=1088   qlen=1   cache=N lat=    0.004ms cycles≈4428
[pim-debug] op#03 op=O        norm=wo_proj    sh=0  dim=4096  heads=16  hd=128 q_dim=2048  kv_heads=16  kv_dim=2048  o_dim=2048  ffn_dim=5504   seqlen=1088   qlen=1   cache=N lat=    0.004ms cycles≈4062
[pim-debug] op#04 op=FFN_W1   norm=ffn_gate   sh=0  dim=4096  heads=16  hd=128 q_dim=2048  kv_heads=16  kv_dim=2048  o_dim=2048  ffn_dim=5504   seqlen=1088   qlen=1   cache=N lat=    0.012ms cycles≈11708
[pim-debug] op#05 op=FFN_W3   norm=ffn_up     sh=1  dim=4096  heads=16  hd=128 q_dim=2048  kv_heads=16  kv_dim=2048  o_dim=2048  ffn_dim=5504   seqlen=1088   qlen=1   cache=N lat=    0.011ms cycles≈10896
[pim-debug] op#06 op=FFN_W2   norm=ffn_down   sh=0  dim=4096  heads=16  hd=128 q_dim=2048  kv_heads=16  kv_dim=2048  o_dim=2048  ffn_dim=5504   seqlen=1088   qlen=1   cache=N lat=    0.011ms cycles≈11466
[pim-debug] segment total latency: 0.051 ms
========================================================================================
[pim-debug] segment_key=pim|decode|2|34ccac5ef828e4730b89693f4ee70e0e
[pim-debug] sig: device_type=pim phase=decode step=2 (count_hint=32)
[pim-debug] ops_repr: Q:1,K:1,V:1,O:1,FFN_W3:0,FFN_W1:1,FFN_W2:1
[pim-debug] cfg: shard_policy='fine' shards=2 dim=4096 ffn_dim=11008 n_heads=32 n_kv_heads=auto->n_heads
[pim-debug] pim_config=/lustre/home/2501111916/workspace/XPUPIM_0226_gpupim_parameter/TriForm/algorithms/aim_simulator/PIM_AiM.json
[pim-debug] ramulator_config=/lustre/home/2501111916/workspace/XPUPIM_0226_gpupim_parameter/TriForm/algorithms/aim_simulator/example.yaml
[pim-debug] cost_model config.PIM_FREQ_GHZ=1.0
[pim-debug] op plan (logical shapes inferred from schedule cfg):
  - op#00  op=Q        shard=1   x=[1x4096] + w=[2048x4096]  ->  y=[1x2048]  (T=1, K=1088)
  - op#01  op=K        shard=1   x=[1x4096] + w=[2048x4096]  ->  y=[1x2048]  (T=1, K=1088)
  - op#02  op=V        shard=1   x=[1x4096] + w=[2048x4096]  ->  y=[1x2048]  (T=1, K=1088)
  - op#03  op=O        shard=1   x=[1x2048] + w=[4096x2048]  ->  y=[1x4096]  (T=1, K=1088)
  - op#04  op=FFN_W3   shard=0   x=[1x4096] + w=[5504x4096]  ->  y=[1x5504]  (T=1, K=1088)
  - op#05  op=FFN_W1   shard=1   x=[1x4096] + w=[5504x4096]  ->  y=[1x5504]  (T=1, K=1088)
  - op#06  op=FFN_W2   shard=1   x=[1x5504] + w=[4096x5504]  ->  y=[1x4096]  (T=1, K=1088)
[pim-debug] NOTE: CENT(AiM) trace backend internally uses x shape (1,1,dim) and handles prefill by repeating ops;
           the table below shows the *effective parameters* passed into cost_model_pim_backend for each op.
[pim-debug] op#00 op=Q        norm=q_proj     sh=1  dim=4096  heads=16  hd=128 q_dim=2048  kv_heads=16  kv_dim=2048  o_dim=2048  ffn_dim=5504   seqlen=1088   qlen=1   cache=N lat=    0.004ms cycles≈4428
[pim-debug] op#01 op=K        norm=k_proj     sh=1  dim=4096  heads=16  hd=128 q_dim=2048  kv_heads=16  kv_dim=2048  o_dim=2048  ffn_dim=5504   seqlen=1088   qlen=1   cache=N lat=    0.004ms cycles≈4428
[pim-debug] op#02 op=V        norm=v_proj     sh=1  dim=4096  heads=16  hd=128 q_dim=2048  kv_heads=16  kv_dim=2048  o_dim=2048  ffn_dim=5504   seqlen=1088   qlen=1   cache=N lat=    0.004ms cycles≈4428
[pim-debug] op#03 op=O        norm=wo_proj    sh=1  dim=4096  heads=16  hd=128 q_dim=2048  kv_heads=16  kv_dim=2048  o_dim=2048  ffn_dim=5504   seqlen=1088   qlen=1   cache=N lat=    0.004ms cycles≈4062
[pim-debug] op#04 op=FFN_W3   norm=ffn_up     sh=0  dim=4096  heads=16  hd=128 q_dim=2048  kv_heads=16  kv_dim=2048  o_dim=2048  ffn_dim=5504   seqlen=1088   qlen=1   cache=N lat=    0.011ms cycles≈10896
[pim-debug] op#05 op=FFN_W1   norm=ffn_gate   sh=1  dim=4096  heads=16  hd=128 q_dim=2048  kv_heads=16  kv_dim=2048  o_dim=2048  ffn_dim=5504   seqlen=1088   qlen=1   cache=N lat=    0.012ms cycles≈11708
[pim-debug] op#06 op=FFN_W2   norm=ffn_down   sh=1  dim=4096  heads=16  hd=128 q_dim=2048  kv_heads=16  kv_dim=2048  o_dim=2048  ffn_dim=5504   seqlen=1088   qlen=1   cache=N lat=    0.011ms cycles≈11466
[pim-debug] segment total latency: 0.051 ms
========================================================================================
[pim-debug] segment_key=pim|decode|3|1ed976c7c13cd28c472fbdb0cfd672ea
[pim-debug] sig: device_type=pim phase=decode step=3 (count_hint=32)
[pim-debug] ops_repr: Q:0,K:0,V:0,O:0,FFN_W1:0,FFN_W3:1,FFN_W2:0
[pim-debug] cfg: shard_policy='fine' shards=2 dim=4096 ffn_dim=11008 n_heads=32 n_kv_heads=auto->n_heads
[pim-debug] pim_config=/lustre/home/2501111916/workspace/XPUPIM_0226_gpupim_parameter/TriForm/algorithms/aim_simulator/PIM_AiM.json
[pim-debug] ramulator_config=/lustre/home/2501111916/workspace/XPUPIM_0226_gpupim_parameter/TriForm/algorithms/aim_simulator/example.yaml
[pim-debug] cost_model config.PIM_FREQ_GHZ=1.0
[pim-debug] op plan (logical shapes inferred from schedule cfg):
  - op#00  op=Q        shard=0   x=[1x4096] + w=[2048x4096]  ->  y=[1x2048]  (T=1, K=1152)
  - op#01  op=K        shard=0   x=[1x4096] + w=[2048x4096]  ->  y=[1x2048]  (T=1, K=1152)
  - op#02  op=V        shard=0   x=[1x4096] + w=[2048x4096]  ->  y=[1x2048]  (T=1, K=1152)
  - op#03  op=O        shard=0   x=[1x2048] + w=[4096x2048]  ->  y=[1x4096]  (T=1, K=1152)
  - op#04  op=FFN_W1   shard=0   x=[1x4096] + w=[5504x4096]  ->  y=[1x5504]  (T=1, K=1152)
  - op#05  op=FFN_W3   shard=1   x=[1x4096] + w=[5504x4096]  ->  y=[1x5504]  (T=1, K=1152)
  - op#06  op=FFN_W2   shard=0   x=[1x5504] + w=[4096x5504]  ->  y=[1x4096]  (T=1, K=1152)
[pim-debug] NOTE: CENT(AiM) trace backend internally uses x shape (1,1,dim) and handles prefill by repeating ops;
           the table below shows the *effective parameters* passed into cost_model_pim_backend for each op.
[pim-debug] op#00 op=Q        norm=q_proj     sh=0  dim=4096  heads=16  hd=128 q_dim=2048  kv_heads=16  kv_dim=2048  o_dim=2048  ffn_dim=5504   seqlen=1152   qlen=1   cache=N lat=    0.004ms cycles≈4428
[pim-debug] op#01 op=K        norm=k_proj     sh=0  dim=4096  heads=16  hd=128 q_dim=2048  kv_heads=16  kv_dim=2048  o_dim=2048  ffn_dim=5504   seqlen=1152   qlen=1   cache=N lat=    0.004ms cycles≈4428
[pim-debug] op#02 op=V        norm=v_proj     sh=0  dim=4096  heads=16  hd=128 q_dim=2048  kv_heads=16  kv_dim=2048  o_dim=2048  ffn_dim=5504   seqlen=1152   qlen=1   cache=N lat=    0.004ms cycles≈4428
[pim-debug] op#03 op=O        norm=wo_proj    sh=0  dim=4096  heads=16  hd=128 q_dim=2048  kv_heads=16  kv_dim=2048  o_dim=2048  ffn_dim=5504   seqlen=1152   qlen=1   cache=N lat=    0.004ms cycles≈4062
[pim-debug] op#04 op=FFN_W1   norm=ffn_gate   sh=0  dim=4096  heads=16  hd=128 q_dim=2048  kv_heads=16  kv_dim=2048  o_dim=2048  ffn_dim=5504   seqlen=1152   qlen=1   cache=N lat=    0.012ms cycles≈11708
[pim-debug] op#05 op=FFN_W3   norm=ffn_up     sh=1  dim=4096  heads=16  hd=128 q_dim=2048  kv_heads=16  kv_dim=2048  o_dim=2048  ffn_dim=5504   seqlen=1152   qlen=1   cache=N lat=    0.011ms cycles≈10896
[pim-debug] op#06 op=FFN_W2   norm=ffn_down   sh=0  dim=4096  heads=16  hd=128 q_dim=2048  kv_heads=16  kv_dim=2048  o_dim=2048  ffn_dim=5504   seqlen=1152   qlen=1   cache=N lat=    0.011ms cycles≈11466
[pim-debug] segment total latency: 0.051 ms
========================================================================================
[pim-debug] segment_key=pim|decode|3|34ccac5ef828e4730b89693f4ee70e0e
[pim-debug] sig: device_type=pim phase=decode step=3 (count_hint=32)
[pim-debug] ops_repr: Q:1,K:1,V:1,O:1,FFN_W3:0,FFN_W1:1,FFN_W2:1
[pim-debug] cfg: shard_policy='fine' shards=2 dim=4096 ffn_dim=11008 n_heads=32 n_kv_heads=auto->n_heads
[pim-debug] pim_config=/lustre/home/2501111916/workspace/XPUPIM_0226_gpupim_parameter/TriForm/algorithms/aim_simulator/PIM_AiM.json
[pim-debug] ramulator_config=/lustre/home/2501111916/workspace/XPUPIM_0226_gpupim_parameter/TriForm/algorithms/aim_simulator/example.yaml
[pim-debug] cost_model config.PIM_FREQ_GHZ=1.0
[pim-debug] op plan (logical shapes inferred from schedule cfg):
  - op#00  op=Q        shard=1   x=[1x4096] + w=[2048x4096]  ->  y=[1x2048]  (T=1, K=1152)
  - op#01  op=K        shard=1   x=[1x4096] + w=[2048x4096]  ->  y=[1x2048]  (T=1, K=1152)
  - op#02  op=V        shard=1   x=[1x4096] + w=[2048x4096]  ->  y=[1x2048]  (T=1, K=1152)
  - op#03  op=O        shard=1   x=[1x2048] + w=[4096x2048]  ->  y=[1x4096]  (T=1, K=1152)
  - op#04  op=FFN_W3   shard=0   x=[1x4096] + w=[5504x4096]  ->  y=[1x5504]  (T=1, K=1152)
  - op#05  op=FFN_W1   shard=1   x=[1x4096] + w=[5504x4096]  ->  y=[1x5504]  (T=1, K=1152)
  - op#06  op=FFN_W2   shard=1   x=[1x5504] + w=[4096x5504]  ->  y=[1x4096]  (T=1, K=1152)
[pim-debug] NOTE: CENT(AiM) trace backend internally uses x shape (1,1,dim) and handles prefill by repeating ops;
           the table below shows the *effective parameters* passed into cost_model_pim_backend for each op.
[pim-debug] op#00 op=Q        norm=q_proj     sh=1  dim=4096  heads=16  hd=128 q_dim=2048  kv_heads=16  kv_dim=2048  o_dim=2048  ffn_dim=5504   seqlen=1152   qlen=1   cache=N lat=    0.004ms cycles≈4428
[pim-debug] op#01 op=K        norm=k_proj     sh=1  dim=4096  heads=16  hd=128 q_dim=2048  kv_heads=16  kv_dim=2048  o_dim=2048  ffn_dim=5504   seqlen=1152   qlen=1   cache=N lat=    0.004ms cycles≈4428
[pim-debug] op#02 op=V        norm=v_proj     sh=1  dim=4096  heads=16  hd=128 q_dim=2048  kv_heads=16  kv_dim=2048  o_dim=2048  ffn_dim=5504   seqlen=1152   qlen=1   cache=N lat=    0.004ms cycles≈4428
[pim-debug] op#03 op=O        norm=wo_proj    sh=1  dim=4096  heads=16  hd=128 q_dim=2048  kv_heads=16  kv_dim=2048  o_dim=2048  ffn_dim=5504   seqlen=1152   qlen=1   cache=N lat=    0.004ms cycles≈4062
[pim-debug] op#04 op=FFN_W3   norm=ffn_up     sh=0  dim=4096  heads=16  hd=128 q_dim=2048  kv_heads=16  kv_dim=2048  o_dim=2048  ffn_dim=5504   seqlen=1152   qlen=1   cache=N lat=    0.011ms cycles≈10896
[pim-debug] op#05 op=FFN_W1   norm=ffn_gate   sh=1  dim=4096  heads=16  hd=128 q_dim=2048  kv_heads=16  kv_dim=2048  o_dim=2048  ffn_dim=5504   seqlen=1152   qlen=1   cache=N lat=    0.012ms cycles≈11708
[pim-debug] op#06 op=FFN_W2   norm=ffn_down   sh=1  dim=4096  heads=16  hd=128 q_dim=2048  kv_heads=16  kv_dim=2048  o_dim=2048  ffn_dim=5504   seqlen=1152   qlen=1   cache=N lat=    0.011ms cycles≈11466
[pim-debug] segment total latency: 0.051 ms
========================================================================================
[pim-debug] segment_key=pim|decode|4|1ed976c7c13cd28c472fbdb0cfd672ea
[pim-debug] sig: device_type=pim phase=decode step=4 (count_hint=32)
[pim-debug] ops_repr: Q:0,K:0,V:0,O:0,FFN_W1:0,FFN_W3:1,FFN_W2:0
[pim-debug] cfg: shard_policy='fine' shards=2 dim=4096 ffn_dim=11008 n_heads=32 n_kv_heads=auto->n_heads
[pim-debug] pim_config=/lustre/home/2501111916/workspace/XPUPIM_0226_gpupim_parameter/TriForm/algorithms/aim_simulator/PIM_AiM.json
[pim-debug] ramulator_config=/lustre/home/2501111916/workspace/XPUPIM_0226_gpupim_parameter/TriForm/algorithms/aim_simulator/example.yaml
[pim-debug] cost_model config.PIM_FREQ_GHZ=1.0
[pim-debug] op plan (logical shapes inferred from schedule cfg):
  - op#00  op=Q        shard=0   x=[1x4096] + w=[2048x4096]  ->  y=[1x2048]  (T=1, K=1216)
  - op#01  op=K        shard=0   x=[1x4096] + w=[2048x4096]  ->  y=[1x2048]  (T=1, K=1216)
  - op#02  op=V        shard=0   x=[1x4096] + w=[2048x4096]  ->  y=[1x2048]  (T=1, K=1216)
  - op#03  op=O        shard=0   x=[1x2048] + w=[4096x2048]  ->  y=[1x4096]  (T=1, K=1216)
  - op#04  op=FFN_W1   shard=0   x=[1x4096] + w=[5504x4096]  ->  y=[1x5504]  (T=1, K=1216)
  - op#05  op=FFN_W3   shard=1   x=[1x4096] + w=[5504x4096]  ->  y=[1x5504]  (T=1, K=1216)
  - op#06  op=FFN_W2   shard=0   x=[1x5504] + w=[4096x5504]  ->  y=[1x4096]  (T=1, K=1216)
[pim-debug] NOTE: CENT(AiM) trace backend internally uses x shape (1,1,dim) and handles prefill by repeating ops;
           the table below shows the *effective parameters* passed into cost_model_pim_backend for each op.
[pim-debug] op#00 op=Q        norm=q_proj     sh=0  dim=4096  heads=16  hd=128 q_dim=2048  kv_heads=16  kv_dim=2048  o_dim=2048  ffn_dim=5504   seqlen=1216   qlen=1   cache=N lat=    0.004ms cycles≈4428
[pim-debug] op#01 op=K        norm=k_proj     sh=0  dim=4096  heads=16  hd=128 q_dim=2048  kv_heads=16  kv_dim=2048  o_dim=2048  ffn_dim=5504   seqlen=1216   qlen=1   cache=N lat=    0.004ms cycles≈4428
[pim-debug] op#02 op=V        norm=v_proj     sh=0  dim=4096  heads=16  hd=128 q_dim=2048  kv_heads=16  kv_dim=2048  o_dim=2048  ffn_dim=5504   seqlen=1216   qlen=1   cache=N lat=    0.004ms cycles≈4428
[pim-debug] op#03 op=O        norm=wo_proj    sh=0  dim=4096  heads=16  hd=128 q_dim=2048  kv_heads=16  kv_dim=2048  o_dim=2048  ffn_dim=5504   seqlen=1216   qlen=1   cache=N lat=    0.004ms cycles≈4062
[pim-debug] op#04 op=FFN_W1   norm=ffn_gate   sh=0  dim=4096  heads=16  hd=128 q_dim=2048  kv_heads=16  kv_dim=2048  o_dim=2048  ffn_dim=5504   seqlen=1216   qlen=1   cache=N lat=    0.012ms cycles≈11708
[pim-debug] op#05 op=FFN_W3   norm=ffn_up     sh=1  dim=4096  heads=16  hd=128 q_dim=2048  kv_heads=16  kv_dim=2048  o_dim=2048  ffn_dim=5504   seqlen=1216   qlen=1   cache=N lat=    0.011ms cycles≈10896
[pim-debug] op#06 op=FFN_W2   norm=ffn_down   sh=0  dim=4096  heads=16  hd=128 q_dim=2048  kv_heads=16  kv_dim=2048  o_dim=2048  ffn_dim=5504   seqlen=1216   qlen=1   cache=N lat=    0.011ms cycles≈11466
[pim-debug] segment total latency: 0.051 ms
========================================================================================
[pim-debug] segment_key=pim|decode|4|34ccac5ef828e4730b89693f4ee70e0e
[pim-debug] sig: device_type=pim phase=decode step=4 (count_hint=32)
[pim-debug] ops_repr: Q:1,K:1,V:1,O:1,FFN_W3:0,FFN_W1:1,FFN_W2:1
[pim-debug] cfg: shard_policy='fine' shards=2 dim=4096 ffn_dim=11008 n_heads=32 n_kv_heads=auto->n_heads
[pim-debug] pim_config=/lustre/home/2501111916/workspace/XPUPIM_0226_gpupim_parameter/TriForm/algorithms/aim_simulator/PIM_AiM.json
[pim-debug] ramulator_config=/lustre/home/2501111916/workspace/XPUPIM_0226_gpupim_parameter/TriForm/algorithms/aim_simulator/example.yaml
[pim-debug] cost_model config.PIM_FREQ_GHZ=1.0
[pim-debug] op plan (logical shapes inferred from schedule cfg):
  - op#00  op=Q        shard=1   x=[1x4096] + w=[2048x4096]  ->  y=[1x2048]  (T=1, K=1216)
  - op#01  op=K        shard=1   x=[1x4096] + w=[2048x4096]  ->  y=[1x2048]  (T=1, K=1216)
  - op#02  op=V        shard=1   x=[1x4096] + w=[2048x4096]  ->  y=[1x2048]  (T=1, K=1216)
  - op#03  op=O        shard=1   x=[1x2048] + w=[4096x2048]  ->  y=[1x4096]  (T=1, K=1216)
  - op#04  op=FFN_W3   shard=0   x=[1x4096] + w=[5504x4096]  ->  y=[1x5504]  (T=1, K=1216)
  - op#05  op=FFN_W1   shard=1   x=[1x4096] + w=[5504x4096]  ->  y=[1x5504]  (T=1, K=1216)
  - op#06  op=FFN_W2   shard=1   x=[1x5504] + w=[4096x5504]  ->  y=[1x4096]  (T=1, K=1216)
[pim-debug] NOTE: CENT(AiM) trace backend internally uses x shape (1,1,dim) and handles prefill by repeating ops;
           the table below shows the *effective parameters* passed into cost_model_pim_backend for each op.
[pim-debug] op#00 op=Q        norm=q_proj     sh=1  dim=4096  heads=16  hd=128 q_dim=2048  kv_heads=16  kv_dim=2048  o_dim=2048  ffn_dim=5504   seqlen=1216   qlen=1   cache=N lat=    0.004ms cycles≈4428
[pim-debug] op#01 op=K        norm=k_proj     sh=1  dim=4096  heads=16  hd=128 q_dim=2048  kv_heads=16  kv_dim=2048  o_dim=2048  ffn_dim=5504   seqlen=1216   qlen=1   cache=N lat=    0.004ms cycles≈4428
[pim-debug] op#02 op=V        norm=v_proj     sh=1  dim=4096  heads=16  hd=128 q_dim=2048  kv_heads=16  kv_dim=2048  o_dim=2048  ffn_dim=5504   seqlen=1216   qlen=1   cache=N lat=    0.004ms cycles≈4428
[pim-debug] op#03 op=O        norm=wo_proj    sh=1  dim=4096  heads=16  hd=128 q_dim=2048  kv_heads=16  kv_dim=2048  o_dim=2048  ffn_dim=5504   seqlen=1216   qlen=1   cache=N lat=    0.004ms cycles≈4062
[pim-debug] op#04 op=FFN_W3   norm=ffn_up     sh=0  dim=4096  heads=16  hd=128 q_dim=2048  kv_heads=16  kv_dim=2048  o_dim=2048  ffn_dim=5504   seqlen=1216   qlen=1   cache=N lat=    0.011ms cycles≈10896
[pim-debug] op#05 op=FFN_W1   norm=ffn_gate   sh=1  dim=4096  heads=16  hd=128 q_dim=2048  kv_heads=16  kv_dim=2048  o_dim=2048  ffn_dim=5504   seqlen=1216   qlen=1   cache=N lat=    0.012ms cycles≈11708
[pim-debug] op#06 op=FFN_W2   norm=ffn_down   sh=1  dim=4096  heads=16  hd=128 q_dim=2048  kv_heads=16  kv_dim=2048  o_dim=2048  ffn_dim=5504   seqlen=1216   qlen=1   cache=N lat=    0.011ms cycles≈11466
[pim-debug] segment total latency: 0.051 ms
========================================================================================
[pim-debug] segment_key=pim|decode|5|1ed976c7c13cd28c472fbdb0cfd672ea
[pim-debug] sig: device_type=pim phase=decode step=5 (count_hint=32)
[pim-debug] ops_repr: Q:0,K:0,V:0,O:0,FFN_W1:0,FFN_W3:1,FFN_W2:0
[pim-debug] cfg: shard_policy='fine' shards=2 dim=4096 ffn_dim=11008 n_heads=32 n_kv_heads=auto->n_heads
[pim-debug] pim_config=/lustre/home/2501111916/workspace/XPUPIM_0226_gpupim_parameter/TriForm/algorithms/aim_simulator/PIM_AiM.json
[pim-debug] ramulator_config=/lustre/home/2501111916/workspace/XPUPIM_0226_gpupim_parameter/TriForm/algorithms/aim_simulator/example.yaml
[pim-debug] cost_model config.PIM_FREQ_GHZ=1.0
[pim-debug] op plan (logical shapes inferred from schedule cfg):
  - op#00  op=Q        shard=0   x=[1x4096] + w=[2048x4096]  ->  y=[1x2048]  (T=1, K=1280)
  - op#01  op=K        shard=0   x=[1x4096] + w=[2048x4096]  ->  y=[1x2048]  (T=1, K=1280)
  - op#02  op=V        shard=0   x=[1x4096] + w=[2048x4096]  ->  y=[1x2048]  (T=1, K=1280)
  - op#03  op=O        shard=0   x=[1x2048] + w=[4096x2048]  ->  y=[1x4096]  (T=1, K=1280)
  - op#04  op=FFN_W1   shard=0   x=[1x4096] + w=[5504x4096]  ->  y=[1x5504]  (T=1, K=1280)
  - op#05  op=FFN_W3   shard=1   x=[1x4096] + w=[5504x4096]  ->  y=[1x5504]  (T=1, K=1280)
  - op#06  op=FFN_W2   shard=0   x=[1x5504] + w=[4096x5504]  ->  y=[1x4096]  (T=1, K=1280)
[pim-debug] NOTE: CENT(AiM) trace backend internally uses x shape (1,1,dim) and handles prefill by repeating ops;
           the table below shows the *effective parameters* passed into cost_model_pim_backend for each op.
[pim-debug] op#00 op=Q        norm=q_proj     sh=0  dim=4096  heads=16  hd=128 q_dim=2048  kv_heads=16  kv_dim=2048  o_dim=2048  ffn_dim=5504   seqlen=1280   qlen=1   cache=N lat=    0.004ms cycles≈4428
[pim-debug] op#01 op=K        norm=k_proj     sh=0  dim=4096  heads=16  hd=128 q_dim=2048  kv_heads=16  kv_dim=2048  o_dim=2048  ffn_dim=5504   seqlen=1280   qlen=1   cache=N lat=    0.004ms cycles≈4428
[pim-debug] op#02 op=V        norm=v_proj     sh=0  dim=4096  heads=16  hd=128 q_dim=2048  kv_heads=16  kv_dim=2048  o_dim=2048  ffn_dim=5504   seqlen=1280   qlen=1   cache=N lat=    0.004ms cycles≈4428
[pim-debug] op#03 op=O        norm=wo_proj    sh=0  dim=4096  heads=16  hd=128 q_dim=2048  kv_heads=16  kv_dim=2048  o_dim=2048  ffn_dim=5504   seqlen=1280   qlen=1   cache=N lat=    0.004ms cycles≈4062
[pim-debug] op#04 op=FFN_W1   norm=ffn_gate   sh=0  dim=4096  heads=16  hd=128 q_dim=2048  kv_heads=16  kv_dim=2048  o_dim=2048  ffn_dim=5504   seqlen=1280   qlen=1   cache=N lat=    0.012ms cycles≈11708
[pim-debug] op#05 op=FFN_W3   norm=ffn_up     sh=1  dim=4096  heads=16  hd=128 q_dim=2048  kv_heads=16  kv_dim=2048  o_dim=2048  ffn_dim=5504   seqlen=1280   qlen=1   cache=N lat=    0.011ms cycles≈10896
[pim-debug] op#06 op=FFN_W2   norm=ffn_down   sh=0  dim=4096  heads=16  hd=128 q_dim=2048  kv_heads=16  kv_dim=2048  o_dim=2048  ffn_dim=5504   seqlen=1280   qlen=1   cache=N lat=    0.011ms cycles≈11466
[pim-debug] segment total latency: 0.051 ms
========================================================================================
[pim-debug] segment_key=pim|decode|5|34ccac5ef828e4730b89693f4ee70e0e
[pim-debug] sig: device_type=pim phase=decode step=5 (count_hint=32)
[pim-debug] ops_repr: Q:1,K:1,V:1,O:1,FFN_W3:0,FFN_W1:1,FFN_W2:1
[pim-debug] cfg: shard_policy='fine' shards=2 dim=4096 ffn_dim=11008 n_heads=32 n_kv_heads=auto->n_heads
[pim-debug] pim_config=/lustre/home/2501111916/workspace/XPUPIM_0226_gpupim_parameter/TriForm/algorithms/aim_simulator/PIM_AiM.json
[pim-debug] ramulator_config=/lustre/home/2501111916/workspace/XPUPIM_0226_gpupim_parameter/TriForm/algorithms/aim_simulator/example.yaml
[pim-debug] cost_model config.PIM_FREQ_GHZ=1.0
[pim-debug] op plan (logical shapes inferred from schedule cfg):
  - op#00  op=Q        shard=1   x=[1x4096] + w=[2048x4096]  ->  y=[1x2048]  (T=1, K=1280)
  - op#01  op=K        shard=1   x=[1x4096] + w=[2048x4096]  ->  y=[1x2048]  (T=1, K=1280)
  - op#02  op=V        shard=1   x=[1x4096] + w=[2048x4096]  ->  y=[1x2048]  (T=1, K=1280)
  - op#03  op=O        shard=1   x=[1x2048] + w=[4096x2048]  ->  y=[1x4096]  (T=1, K=1280)
  - op#04  op=FFN_W3   shard=0   x=[1x4096] + w=[5504x4096]  ->  y=[1x5504]  (T=1, K=1280)
  - op#05  op=FFN_W1   shard=1   x=[1x4096] + w=[5504x4096]  ->  y=[1x5504]  (T=1, K=1280)
  - op#06  op=FFN_W2   shard=1   x=[1x5504] + w=[4096x5504]  ->  y=[1x4096]  (T=1, K=1280)
[pim-debug] NOTE: CENT(AiM) trace backend internally uses x shape (1,1,dim) and handles prefill by repeating ops;
           the table below shows the *effective parameters* passed into cost_model_pim_backend for each op.
[pim-debug] op#00 op=Q        norm=q_proj     sh=1  dim=4096  heads=16  hd=128 q_dim=2048  kv_heads=16  kv_dim=2048  o_dim=2048  ffn_dim=5504   seqlen=1280   qlen=1   cache=N lat=    0.004ms cycles≈4428
[pim-debug] op#01 op=K        norm=k_proj     sh=1  dim=4096  heads=16  hd=128 q_dim=2048  kv_heads=16  kv_dim=2048  o_dim=2048  ffn_dim=5504   seqlen=1280   qlen=1   cache=N lat=    0.004ms cycles≈4428
[pim-debug] op#02 op=V        norm=v_proj     sh=1  dim=4096  heads=16  hd=128 q_dim=2048  kv_heads=16  kv_dim=2048  o_dim=2048  ffn_dim=5504   seqlen=1280   qlen=1   cache=N lat=    0.004ms cycles≈4428
[pim-debug] op#03 op=O        norm=wo_proj    sh=1  dim=4096  heads=16  hd=128 q_dim=2048  kv_heads=16  kv_dim=2048  o_dim=2048  ffn_dim=5504   seqlen=1280   qlen=1   cache=N lat=    0.004ms cycles≈4062
[pim-debug] op#04 op=FFN_W3   norm=ffn_up     sh=0  dim=4096  heads=16  hd=128 q_dim=2048  kv_heads=16  kv_dim=2048  o_dim=2048  ffn_dim=5504   seqlen=1280   qlen=1   cache=N lat=    0.011ms cycles≈10896
[pim-debug] op#05 op=FFN_W1   norm=ffn_gate   sh=1  dim=4096  heads=16  hd=128 q_dim=2048  kv_heads=16  kv_dim=2048  o_dim=2048  ffn_dim=5504   seqlen=1280   qlen=1   cache=N lat=    0.012ms cycles≈11708
[pim-debug] op#06 op=FFN_W2   norm=ffn_down   sh=1  dim=4096  heads=16  hd=128 q_dim=2048  kv_heads=16  kv_dim=2048  o_dim=2048  ffn_dim=5504   seqlen=1280   qlen=1   cache=N lat=    0.011ms cycles≈11466
[pim-debug] segment total latency: 0.051 ms
========================================================================================
[pim-debug] segment_key=pim|decode|6|1ed976c7c13cd28c472fbdb0cfd672ea
[pim-debug] sig: device_type=pim phase=decode step=6 (count_hint=32)
[pim-debug] ops_repr: Q:0,K:0,V:0,O:0,FFN_W1:0,FFN_W3:1,FFN_W2:0
[pim-debug] cfg: shard_policy='fine' shards=2 dim=4096 ffn_dim=11008 n_heads=32 n_kv_heads=auto->n_heads
[pim-debug] pim_config=/lustre/home/2501111916/workspace/XPUPIM_0226_gpupim_parameter/TriForm/algorithms/aim_simulator/PIM_AiM.json
[pim-debug] ramulator_config=/lustre/home/2501111916/workspace/XPUPIM_0226_gpupim_parameter/TriForm/algorithms/aim_simulator/example.yaml
[pim-debug] cost_model config.PIM_FREQ_GHZ=1.0
[pim-debug] op plan (logical shapes inferred from schedule cfg):
  - op#00  op=Q        shard=0   x=[1x4096] + w=[2048x4096]  ->  y=[1x2048]  (T=1, K=1344)
  - op#01  op=K        shard=0   x=[1x4096] + w=[2048x4096]  ->  y=[1x2048]  (T=1, K=1344)
  - op#02  op=V        shard=0   x=[1x4096] + w=[2048x4096]  ->  y=[1x2048]  (T=1, K=1344)
  - op#03  op=O        shard=0   x=[1x2048] + w=[4096x2048]  ->  y=[1x4096]  (T=1, K=1344)
  - op#04  op=FFN_W1   shard=0   x=[1x4096] + w=[5504x4096]  ->  y=[1x5504]  (T=1, K=1344)
  - op#05  op=FFN_W3   shard=1   x=[1x4096] + w=[5504x4096]  ->  y=[1x5504]  (T=1, K=1344)
  - op#06  op=FFN_W2   shard=0   x=[1x5504] + w=[4096x5504]  ->  y=[1x4096]  (T=1, K=1344)
[pim-debug] NOTE: CENT(AiM) trace backend internally uses x shape (1,1,dim) and handles prefill by repeating ops;
           the table below shows the *effective parameters* passed into cost_model_pim_backend for each op.
[pim-debug] op#00 op=Q        norm=q_proj     sh=0  dim=4096  heads=16  hd=128 q_dim=2048  kv_heads=16  kv_dim=2048  o_dim=2048  ffn_dim=5504   seqlen=1344   qlen=1   cache=N lat=    0.004ms cycles≈4428
[pim-debug] op#01 op=K        norm=k_proj     sh=0  dim=4096  heads=16  hd=128 q_dim=2048  kv_heads=16  kv_dim=2048  o_dim=2048  ffn_dim=5504   seqlen=1344   qlen=1   cache=N lat=    0.004ms cycles≈4428
[pim-debug] op#02 op=V        norm=v_proj     sh=0  dim=4096  heads=16  hd=128 q_dim=2048  kv_heads=16  kv_dim=2048  o_dim=2048  ffn_dim=5504   seqlen=1344   qlen=1   cache=N lat=    0.004ms cycles≈4428
[pim-debug] op#03 op=O        norm=wo_proj    sh=0  dim=4096  heads=16  hd=128 q_dim=2048  kv_heads=16  kv_dim=2048  o_dim=2048  ffn_dim=5504   seqlen=1344   qlen=1   cache=N lat=    0.004ms cycles≈4062
[pim-debug] op#04 op=FFN_W1   norm=ffn_gate   sh=0  dim=4096  heads=16  hd=128 q_dim=2048  kv_heads=16  kv_dim=2048  o_dim=2048  ffn_dim=5504   seqlen=1344   qlen=1   cache=N lat=    0.012ms cycles≈11708
[pim-debug] op#05 op=FFN_W3   norm=ffn_up     sh=1  dim=4096  heads=16  hd=128 q_dim=2048  kv_heads=16  kv_dim=2048  o_dim=2048  ffn_dim=5504   seqlen=1344   qlen=1   cache=N lat=    0.011ms cycles≈10896
[pim-debug] op#06 op=FFN_W2   norm=ffn_down   sh=0  dim=4096  heads=16  hd=128 q_dim=2048  kv_heads=16  kv_dim=2048  o_dim=2048  ffn_dim=5504   seqlen=1344   qlen=1   cache=N lat=    0.011ms cycles≈11466
[pim-debug] segment total latency: 0.051 ms
========================================================================================
[pim-debug] segment_key=pim|decode|6|34ccac5ef828e4730b89693f4ee70e0e
[pim-debug] sig: device_type=pim phase=decode step=6 (count_hint=32)
[pim-debug] ops_repr: Q:1,K:1,V:1,O:1,FFN_W3:0,FFN_W1:1,FFN_W2:1
[pim-debug] cfg: shard_policy='fine' shards=2 dim=4096 ffn_dim=11008 n_heads=32 n_kv_heads=auto->n_heads
[pim-debug] pim_config=/lustre/home/2501111916/workspace/XPUPIM_0226_gpupim_parameter/TriForm/algorithms/aim_simulator/PIM_AiM.json
[pim-debug] ramulator_config=/lustre/home/2501111916/workspace/XPUPIM_0226_gpupim_parameter/TriForm/algorithms/aim_simulator/example.yaml
[pim-debug] cost_model config.PIM_FREQ_GHZ=1.0
[pim-debug] op plan (logical shapes inferred from schedule cfg):
  - op#00  op=Q        shard=1   x=[1x4096] + w=[2048x4096]  ->  y=[1x2048]  (T=1, K=1344)
  - op#01  op=K        shard=1   x=[1x4096] + w=[2048x4096]  ->  y=[1x2048]  (T=1, K=1344)
  - op#02  op=V        shard=1   x=[1x4096] + w=[2048x4096]  ->  y=[1x2048]  (T=1, K=1344)
  - op#03  op=O        shard=1   x=[1x2048] + w=[4096x2048]  ->  y=[1x4096]  (T=1, K=1344)
  - op#04  op=FFN_W3   shard=0   x=[1x4096] + w=[5504x4096]  ->  y=[1x5504]  (T=1, K=1344)
  - op#05  op=FFN_W1   shard=1   x=[1x4096] + w=[5504x4096]  ->  y=[1x5504]  (T=1, K=1344)
  - op#06  op=FFN_W2   shard=1   x=[1x5504] + w=[4096x5504]  ->  y=[1x4096]  (T=1, K=1344)
[pim-debug] NOTE: CENT(AiM) trace backend internally uses x shape (1,1,dim) and handles prefill by repeating ops;
           the table below shows the *effective parameters* passed into cost_model_pim_backend for each op.
[pim-debug] op#00 op=Q        norm=q_proj     sh=1  dim=4096  heads=16  hd=128 q_dim=2048  kv_heads=16  kv_dim=2048  o_dim=2048  ffn_dim=5504   seqlen=1344   qlen=1   cache=N lat=    0.004ms cycles≈4428
[pim-debug] op#01 op=K        norm=k_proj     sh=1  dim=4096  heads=16  hd=128 q_dim=2048  kv_heads=16  kv_dim=2048  o_dim=2048  ffn_dim=5504   seqlen=1344   qlen=1   cache=N lat=    0.004ms cycles≈4428
[pim-debug] op#02 op=V        norm=v_proj     sh=1  dim=4096  heads=16  hd=128 q_dim=2048  kv_heads=16  kv_dim=2048  o_dim=2048  ffn_dim=5504   seqlen=1344   qlen=1   cache=N lat=    0.004ms cycles≈4428
[pim-debug] op#03 op=O        norm=wo_proj    sh=1  dim=4096  heads=16  hd=128 q_dim=2048  kv_heads=16  kv_dim=2048  o_dim=2048  ffn_dim=5504   seqlen=1344   qlen=1   cache=N lat=    0.004ms cycles≈4062
[pim-debug] op#04 op=FFN_W3   norm=ffn_up     sh=0  dim=4096  heads=16  hd=128 q_dim=2048  kv_heads=16  kv_dim=2048  o_dim=2048  ffn_dim=5504   seqlen=1344   qlen=1   cache=N lat=    0.011ms cycles≈10896
[pim-debug] op#05 op=FFN_W1   norm=ffn_gate   sh=1  dim=4096  heads=16  hd=128 q_dim=2048  kv_heads=16  kv_dim=2048  o_dim=2048  ffn_dim=5504   seqlen=1344   qlen=1   cache=N lat=    0.012ms cycles≈11708
[pim-debug] op#06 op=FFN_W2   norm=ffn_down   sh=1  dim=4096  heads=16  hd=128 q_dim=2048  kv_heads=16  kv_dim=2048  o_dim=2048  ffn_dim=5504   seqlen=1344   qlen=1   cache=N lat=    0.011ms cycles≈11466
[pim-debug] segment total latency: 0.051 ms
========================================================================================
[pim-debug] segment_key=pim|decode|7|1ed976c7c13cd28c472fbdb0cfd672ea
[pim-debug] sig: device_type=pim phase=decode step=7 (count_hint=32)
[pim-debug] ops_repr: Q:0,K:0,V:0,O:0,FFN_W1:0,FFN_W3:1,FFN_W2:0
[pim-debug] cfg: shard_policy='fine' shards=2 dim=4096 ffn_dim=11008 n_heads=32 n_kv_heads=auto->n_heads
[pim-debug] pim_config=/lustre/home/2501111916/workspace/XPUPIM_0226_gpupim_parameter/TriForm/algorithms/aim_simulator/PIM_AiM.json
[pim-debug] ramulator_config=/lustre/home/2501111916/workspace/XPUPIM_0226_gpupim_parameter/TriForm/algorithms/aim_simulator/example.yaml
[pim-debug] cost_model config.PIM_FREQ_GHZ=1.0
[pim-debug] op plan (logical shapes inferred from schedule cfg):
  - op#00  op=Q        shard=0   x=[1x4096] + w=[2048x4096]  ->  y=[1x2048]  (T=1, K=1408)
  - op#01  op=K        shard=0   x=[1x4096] + w=[2048x4096]  ->  y=[1x2048]  (T=1, K=1408)
  - op#02  op=V        shard=0   x=[1x4096] + w=[2048x4096]  ->  y=[1x2048]  (T=1, K=1408)
  - op#03  op=O        shard=0   x=[1x2048] + w=[4096x2048]  ->  y=[1x4096]  (T=1, K=1408)
  - op#04  op=FFN_W1   shard=0   x=[1x4096] + w=[5504x4096]  ->  y=[1x5504]  (T=1, K=1408)
  - op#05  op=FFN_W3   shard=1   x=[1x4096] + w=[5504x4096]  ->  y=[1x5504]  (T=1, K=1408)
  - op#06  op=FFN_W2   shard=0   x=[1x5504] + w=[4096x5504]  ->  y=[1x4096]  (T=1, K=1408)
[pim-debug] NOTE: CENT(AiM) trace backend internally uses x shape (1,1,dim) and handles prefill by repeating ops;
           the table below shows the *effective parameters* passed into cost_model_pim_backend for each op.
[pim-debug] op#00 op=Q        norm=q_proj     sh=0  dim=4096  heads=16  hd=128 q_dim=2048  kv_heads=16  kv_dim=2048  o_dim=2048  ffn_dim=5504   seqlen=1408   qlen=1   cache=N lat=    0.004ms cycles≈4428
[pim-debug] op#01 op=K        norm=k_proj     sh=0  dim=4096  heads=16  hd=128 q_dim=2048  kv_heads=16  kv_dim=2048  o_dim=2048  ffn_dim=5504   seqlen=1408   qlen=1   cache=N lat=    0.004ms cycles≈4428
[pim-debug] op#02 op=V        norm=v_proj     sh=0  dim=4096  heads=16  hd=128 q_dim=2048  kv_heads=16  kv_dim=2048  o_dim=2048  ffn_dim=5504   seqlen=1408   qlen=1   cache=N lat=    0.004ms cycles≈4428
[pim-debug] op#03 op=O        norm=wo_proj    sh=0  dim=4096  heads=16  hd=128 q_dim=2048  kv_heads=16  kv_dim=2048  o_dim=2048  ffn_dim=5504   seqlen=1408   qlen=1   cache=N lat=    0.004ms cycles≈4062
[pim-debug] op#04 op=FFN_W1   norm=ffn_gate   sh=0  dim=4096  heads=16  hd=128 q_dim=2048  kv_heads=16  kv_dim=2048  o_dim=2048  ffn_dim=5504   seqlen=1408   qlen=1   cache=N lat=    0.012ms cycles≈11708
[pim-debug] op#05 op=FFN_W3   norm=ffn_up     sh=1  dim=4096  heads=16  hd=128 q_dim=2048  kv_heads=16  kv_dim=2048  o_dim=2048  ffn_dim=5504   seqlen=1408   qlen=1   cache=N lat=    0.011ms cycles≈10896
[pim-debug] op#06 op=FFN_W2   norm=ffn_down   sh=0  dim=4096  heads=16  hd=128 q_dim=2048  kv_heads=16  kv_dim=2048  o_dim=2048  ffn_dim=5504   seqlen=1408   qlen=1   cache=N lat=    0.011ms cycles≈11466
[pim-debug] segment total latency: 0.051 ms
========================================================================================
[pim-debug] segment_key=pim|decode|7|34ccac5ef828e4730b89693f4ee70e0e
[pim-debug] sig: device_type=pim phase=decode step=7 (count_hint=32)
[pim-debug] ops_repr: Q:1,K:1,V:1,O:1,FFN_W3:0,FFN_W1:1,FFN_W2:1
[pim-debug] cfg: shard_policy='fine' shards=2 dim=4096 ffn_dim=11008 n_heads=32 n_kv_heads=auto->n_heads
[pim-debug] pim_config=/lustre/home/2501111916/workspace/XPUPIM_0226_gpupim_parameter/TriForm/algorithms/aim_simulator/PIM_AiM.json
[pim-debug] ramulator_config=/lustre/home/2501111916/workspace/XPUPIM_0226_gpupim_parameter/TriForm/algorithms/aim_simulator/example.yaml
[pim-debug] cost_model config.PIM_FREQ_GHZ=1.0
[pim-debug] op plan (logical shapes inferred from schedule cfg):
  - op#00  op=Q        shard=1   x=[1x4096] + w=[2048x4096]  ->  y=[1x2048]  (T=1, K=1408)
  - op#01  op=K        shard=1   x=[1x4096] + w=[2048x4096]  ->  y=[1x2048]  (T=1, K=1408)
  - op#02  op=V        shard=1   x=[1x4096] + w=[2048x4096]  ->  y=[1x2048]  (T=1, K=1408)
  - op#03  op=O        shard=1   x=[1x2048] + w=[4096x2048]  ->  y=[1x4096]  (T=1, K=1408)
  - op#04  op=FFN_W3   shard=0   x=[1x4096] + w=[5504x4096]  ->  y=[1x5504]  (T=1, K=1408)
  - op#05  op=FFN_W1   shard=1   x=[1x4096] + w=[5504x4096]  ->  y=[1x5504]  (T=1, K=1408)
  - op#06  op=FFN_W2   shard=1   x=[1x5504] + w=[4096x5504]  ->  y=[1x4096]  (T=1, K=1408)
[pim-debug] NOTE: CENT(AiM) trace backend internally uses x shape (1,1,dim) and handles prefill by repeating ops;
           the table below shows the *effective parameters* passed into cost_model_pim_backend for each op.
[pim-debug] op#00 op=Q        norm=q_proj     sh=1  dim=4096  heads=16  hd=128 q_dim=2048  kv_heads=16  kv_dim=2048  o_dim=2048  ffn_dim=5504   seqlen=1408   qlen=1   cache=N lat=    0.004ms cycles≈4428
[pim-debug] op#01 op=K        norm=k_proj     sh=1  dim=4096  heads=16  hd=128 q_dim=2048  kv_heads=16  kv_dim=2048  o_dim=2048  ffn_dim=5504   seqlen=1408   qlen=1   cache=N lat=    0.004ms cycles≈4428
[pim-debug] op#02 op=V        norm=v_proj     sh=1  dim=4096  heads=16  hd=128 q_dim=2048  kv_heads=16  kv_dim=2048  o_dim=2048  ffn_dim=5504   seqlen=1408   qlen=1   cache=N lat=    0.004ms cycles≈4428
[pim-debug] op#03 op=O        norm=wo_proj    sh=1  dim=4096  heads=16  hd=128 q_dim=2048  kv_heads=16  kv_dim=2048  o_dim=2048  ffn_dim=5504   seqlen=1408   qlen=1   cache=N lat=    0.004ms cycles≈4062
[pim-debug] op#04 op=FFN_W3   norm=ffn_up     sh=0  dim=4096  heads=16  hd=128 q_dim=2048  kv_heads=16  kv_dim=2048  o_dim=2048  ffn_dim=5504   seqlen=1408   qlen=1   cache=N lat=    0.011ms cycles≈10896
[pim-debug] op#05 op=FFN_W1   norm=ffn_gate   sh=1  dim=4096  heads=16  hd=128 q_dim=2048  kv_heads=16  kv_dim=2048  o_dim=2048  ffn_dim=5504   seqlen=1408   qlen=1   cache=N lat=    0.012ms cycles≈11708
[pim-debug] op#06 op=FFN_W2   norm=ffn_down   sh=1  dim=4096  heads=16  hd=128 q_dim=2048  kv_heads=16  kv_dim=2048  o_dim=2048  ffn_dim=5504   seqlen=1408   qlen=1   cache=N lat=    0.011ms cycles≈11466
[pim-debug] segment total latency: 0.051 ms
========================================================================================
[pim-debug] segment_key=pim|decode|8|1ed976c7c13cd28c472fbdb0cfd672ea
[pim-debug] sig: device_type=pim phase=decode step=8 (count_hint=32)
[pim-debug] ops_repr: Q:0,K:0,V:0,O:0,FFN_W1:0,FFN_W3:1,FFN_W2:0
[pim-debug] cfg: shard_policy='fine' shards=2 dim=4096 ffn_dim=11008 n_heads=32 n_kv_heads=auto->n_heads
[pim-debug] pim_config=/lustre/home/2501111916/workspace/XPUPIM_0226_gpupim_parameter/TriForm/algorithms/aim_simulator/PIM_AiM.json
[pim-debug] ramulator_config=/lustre/home/2501111916/workspace/XPUPIM_0226_gpupim_parameter/TriForm/algorithms/aim_simulator/example.yaml
[pim-debug] cost_model config.PIM_FREQ_GHZ=1.0
[pim-debug] op plan (logical shapes inferred from schedule cfg):
  - op#00  op=Q        shard=0   x=[1x4096] + w=[2048x4096]  ->  y=[1x2048]  (T=1, K=1472)
  - op#01  op=K        shard=0   x=[1x4096] + w=[2048x4096]  ->  y=[1x2048]  (T=1, K=1472)
  - op#02  op=V        shard=0   x=[1x4096] + w=[2048x4096]  ->  y=[1x2048]  (T=1, K=1472)
  - op#03  op=O        shard=0   x=[1x2048] + w=[4096x2048]  ->  y=[1x4096]  (T=1, K=1472)
  - op#04  op=FFN_W1   shard=0   x=[1x4096] + w=[5504x4096]  ->  y=[1x5504]  (T=1, K=1472)
  - op#05  op=FFN_W3   shard=1   x=[1x4096] + w=[5504x4096]  ->  y=[1x5504]  (T=1, K=1472)
  - op#06  op=FFN_W2   shard=0   x=[1x5504] + w=[4096x5504]  ->  y=[1x4096]  (T=1, K=1472)
[pim-debug] NOTE: CENT(AiM) trace backend internally uses x shape (1,1,dim) and handles prefill by repeating ops;
           the table below shows the *effective parameters* passed into cost_model_pim_backend for each op.
[pim-debug] op#00 op=Q        norm=q_proj     sh=0  dim=4096  heads=16  hd=128 q_dim=2048  kv_heads=16  kv_dim=2048  o_dim=2048  ffn_dim=5504   seqlen=1472   qlen=1   cache=N lat=    0.004ms cycles≈4428
[pim-debug] op#01 op=K        norm=k_proj     sh=0  dim=4096  heads=16  hd=128 q_dim=2048  kv_heads=16  kv_dim=2048  o_dim=2048  ffn_dim=5504   seqlen=1472   qlen=1   cache=N lat=    0.004ms cycles≈4428
[pim-debug] op#02 op=V        norm=v_proj     sh=0  dim=4096  heads=16  hd=128 q_dim=2048  kv_heads=16  kv_dim=2048  o_dim=2048  ffn_dim=5504   seqlen=1472   qlen=1   cache=N lat=    0.004ms cycles≈4428
[pim-debug] op#03 op=O        norm=wo_proj    sh=0  dim=4096  heads=16  hd=128 q_dim=2048  kv_heads=16  kv_dim=2048  o_dim=2048  ffn_dim=5504   seqlen=1472   qlen=1   cache=N lat=    0.004ms cycles≈4062
[pim-debug] op#04 op=FFN_W1   norm=ffn_gate   sh=0  dim=4096  heads=16  hd=128 q_dim=2048  kv_heads=16  kv_dim=2048  o_dim=2048  ffn_dim=5504   seqlen=1472   qlen=1   cache=N lat=    0.012ms cycles≈11708
[pim-debug] op#05 op=FFN_W3   norm=ffn_up     sh=1  dim=4096  heads=16  hd=128 q_dim=2048  kv_heads=16  kv_dim=2048  o_dim=2048  ffn_dim=5504   seqlen=1472   qlen=1   cache=N lat=    0.011ms cycles≈10896
[pim-debug] op#06 op=FFN_W2   norm=ffn_down   sh=0  dim=4096  heads=16  hd=128 q_dim=2048  kv_heads=16  kv_dim=2048  o_dim=2048  ffn_dim=5504   seqlen=1472   qlen=1   cache=N lat=    0.011ms cycles≈11466
[pim-debug] segment total latency: 0.051 ms
========================================================================================
[pim-debug] segment_key=pim|decode|8|34ccac5ef828e4730b89693f4ee70e0e
[pim-debug] sig: device_type=pim phase=decode step=8 (count_hint=32)
[pim-debug] ops_repr: Q:1,K:1,V:1,O:1,FFN_W3:0,FFN_W1:1,FFN_W2:1
[pim-debug] cfg: shard_policy='fine' shards=2 dim=4096 ffn_dim=11008 n_heads=32 n_kv_heads=auto->n_heads
[pim-debug] pim_config=/lustre/home/2501111916/workspace/XPUPIM_0226_gpupim_parameter/TriForm/algorithms/aim_simulator/PIM_AiM.json
[pim-debug] ramulator_config=/lustre/home/2501111916/workspace/XPUPIM_0226_gpupim_parameter/TriForm/algorithms/aim_simulator/example.yaml
[pim-debug] cost_model config.PIM_FREQ_GHZ=1.0
[pim-debug] op plan (logical shapes inferred from schedule cfg):
  - op#00  op=Q        shard=1   x=[1x4096] + w=[2048x4096]  ->  y=[1x2048]  (T=1, K=1472)
  - op#01  op=K        shard=1   x=[1x4096] + w=[2048x4096]  ->  y=[1x2048]  (T=1, K=1472)
  - op#02  op=V        shard=1   x=[1x4096] + w=[2048x4096]  ->  y=[1x2048]  (T=1, K=1472)
  - op#03  op=O        shard=1   x=[1x2048] + w=[4096x2048]  ->  y=[1x4096]  (T=1, K=1472)
  - op#04  op=FFN_W3   shard=0   x=[1x4096] + w=[5504x4096]  ->  y=[1x5504]  (T=1, K=1472)
  - op#05  op=FFN_W1   shard=1   x=[1x4096] + w=[5504x4096]  ->  y=[1x5504]  (T=1, K=1472)
  - op#06  op=FFN_W2   shard=1   x=[1x5504] + w=[4096x5504]  ->  y=[1x4096]  (T=1, K=1472)
[pim-debug] NOTE: CENT(AiM) trace backend internally uses x shape (1,1,dim) and handles prefill by repeating ops;
           the table below shows the *effective parameters* passed into cost_model_pim_backend for each op.
[pim-debug] op#00 op=Q        norm=q_proj     sh=1  dim=4096  heads=16  hd=128 q_dim=2048  kv_heads=16  kv_dim=2048  o_dim=2048  ffn_dim=5504   seqlen=1472   qlen=1   cache=N lat=    0.004ms cycles≈4428
[pim-debug] op#01 op=K        norm=k_proj     sh=1  dim=4096  heads=16  hd=128 q_dim=2048  kv_heads=16  kv_dim=2048  o_dim=2048  ffn_dim=5504   seqlen=1472   qlen=1   cache=N lat=    0.004ms cycles≈4428
[pim-debug] op#02 op=V        norm=v_proj     sh=1  dim=4096  heads=16  hd=128 q_dim=2048  kv_heads=16  kv_dim=2048  o_dim=2048  ffn_dim=5504   seqlen=1472   qlen=1   cache=N lat=    0.004ms cycles≈4428
[pim-debug] op#03 op=O        norm=wo_proj    sh=1  dim=4096  heads=16  hd=128 q_dim=2048  kv_heads=16  kv_dim=2048  o_dim=2048  ffn_dim=5504   seqlen=1472   qlen=1   cache=N lat=    0.004ms cycles≈4062
[pim-debug] op#04 op=FFN_W3   norm=ffn_up     sh=0  dim=4096  heads=16  hd=128 q_dim=2048  kv_heads=16  kv_dim=2048  o_dim=2048  ffn_dim=5504   seqlen=1472   qlen=1   cache=N lat=    0.011ms cycles≈10896
[pim-debug] op#05 op=FFN_W1   norm=ffn_gate   sh=1  dim=4096  heads=16  hd=128 q_dim=2048  kv_heads=16  kv_dim=2048  o_dim=2048  ffn_dim=5504   seqlen=1472   qlen=1   cache=N lat=    0.012ms cycles≈11708
[pim-debug] op#06 op=FFN_W2   norm=ffn_down   sh=1  dim=4096  heads=16  hd=128 q_dim=2048  kv_heads=16  kv_dim=2048  o_dim=2048  ffn_dim=5504   seqlen=1472   qlen=1   cache=N lat=    0.011ms cycles≈11466
[pim-debug] segment total latency: 0.051 ms
========================================================================================
[pim-debug] segment_key=pim|prefill|-1|1977f18f0dca1c3c5caecf2eaef77b61
[pim-debug] sig: device_type=pim phase=prefill step=-1 (count_hint=1)
[pim-debug] ops_repr: Q:0,K:0,V:0,O:0,FFN_W1:0,FFN_W3:1,FFN_W2:1
[pim-debug] cfg: shard_policy='fine' shards=2 dim=4096 ffn_dim=11008 n_heads=32 n_kv_heads=auto->n_heads
[pim-debug] pim_config=/lustre/home/2501111916/workspace/XPUPIM_0226_gpupim_parameter/TriForm/algorithms/aim_simulator/PIM_AiM.json
[pim-debug] ramulator_config=/lustre/home/2501111916/workspace/XPUPIM_0226_gpupim_parameter/TriForm/algorithms/aim_simulator/example.yaml
[pim-debug] cost_model config.PIM_FREQ_GHZ=1.0
[pim-debug] op plan (logical shapes inferred from schedule cfg):
  - op#00  op=Q        shard=0   x=[1024x4096] + w=[2048x4096]  ->  y=[1024x2048]  (T=1024, K=1024)
  - op#01  op=K        shard=0   x=[1024x4096] + w=[2048x4096]  ->  y=[1024x2048]  (T=1024, K=1024)
  - op#02  op=V        shard=0   x=[1024x4096] + w=[2048x4096]  ->  y=[1024x2048]  (T=1024, K=1024)
  - op#03  op=O        shard=0   x=[1024x2048] + w=[4096x2048]  ->  y=[1024x4096]  (T=1024, K=1024)
  - op#04  op=FFN_W1   shard=0   x=[1024x4096] + w=[5504x4096]  ->  y=[1024x5504]  (T=1024, K=1024)
  - op#05  op=FFN_W3   shard=1   x=[1024x4096] + w=[5504x4096]  ->  y=[1024x5504]  (T=1024, K=1024)
  - op#06  op=FFN_W2   shard=1   x=[1024x5504] + w=[4096x5504]  ->  y=[1024x4096]  (T=1024, K=1024)
[pim-debug] NOTE: CENT(AiM) trace backend internally uses x shape (1,1,dim) and handles prefill by repeating ops;
           the table below shows the *effective parameters* passed into cost_model_pim_backend for each op.
[pim-debug] op#00 op=Q        norm=q_proj     sh=0  dim=4096  heads=16  hd=128 q_dim=2048  kv_heads=16  kv_dim=2048  o_dim=2048  ffn_dim=5504   seqlen=1024   qlen=1024 cache=N lat=    4.534ms cycles≈4534272
[pim-debug] op#01 op=K        norm=k_proj     sh=0  dim=4096  heads=16  hd=128 q_dim=2048  kv_heads=16  kv_dim=2048  o_dim=2048  ffn_dim=5504   seqlen=1024   qlen=1024 cache=N lat=    4.534ms cycles≈4534272
[pim-debug] op#02 op=V        norm=v_proj     sh=0  dim=4096  heads=16  hd=128 q_dim=2048  kv_heads=16  kv_dim=2048  o_dim=2048  ffn_dim=5504   seqlen=1024   qlen=1024 cache=N lat=    4.534ms cycles≈4534272
[pim-debug] op#03 op=O        norm=wo_proj    sh=0  dim=4096  heads=16  hd=128 q_dim=2048  kv_heads=16  kv_dim=2048  o_dim=2048  ffn_dim=5504   seqlen=1024   qlen=1024 cache=N lat=    4.159ms cycles≈4159488
[pim-debug] op#04 op=FFN_W1   norm=ffn_gate   sh=0  dim=4096  heads=16  hd=128 q_dim=2048  kv_heads=16  kv_dim=2048  o_dim=2048  ffn_dim=5504   seqlen=1024   qlen=1024 cache=N lat=   11.989ms cycles≈11988992
[pim-debug] op#05 op=FFN_W3   norm=ffn_up     sh=1  dim=4096  heads=16  hd=128 q_dim=2048  kv_heads=16  kv_dim=2048  o_dim=2048  ffn_dim=5504   seqlen=1024   qlen=1024 cache=N lat=   11.158ms cycles≈11157504
[pim-debug] op#06 op=FFN_W2   norm=ffn_down   sh=1  dim=4096  heads=16  hd=128 q_dim=2048  kv_heads=16  kv_dim=2048  o_dim=2048  ffn_dim=5504   seqlen=1024   qlen=1024 cache=N lat=   11.741ms cycles≈11741184
[pim-debug] segment total latency: 52.650 ms
========================================================================================
[pim-debug] segment_key=pim|prefill|-1|1ed976c7c13cd28c472fbdb0cfd672ea
[pim-debug] sig: device_type=pim phase=prefill step=-1 (count_hint=31)
[pim-debug] ops_repr: Q:0,K:0,V:0,O:0,FFN_W1:0,FFN_W3:1,FFN_W2:0
[pim-debug] cfg: shard_policy='fine' shards=2 dim=4096 ffn_dim=11008 n_heads=32 n_kv_heads=auto->n_heads
[pim-debug] pim_config=/lustre/home/2501111916/workspace/XPUPIM_0226_gpupim_parameter/TriForm/algorithms/aim_simulator/PIM_AiM.json
[pim-debug] ramulator_config=/lustre/home/2501111916/workspace/XPUPIM_0226_gpupim_parameter/TriForm/algorithms/aim_simulator/example.yaml
[pim-debug] cost_model config.PIM_FREQ_GHZ=1.0
[pim-debug] op plan (logical shapes inferred from schedule cfg):
  - op#00  op=Q        shard=0   x=[1024x4096] + w=[2048x4096]  ->  y=[1024x2048]  (T=1024, K=1024)
  - op#01  op=K        shard=0   x=[1024x4096] + w=[2048x4096]  ->  y=[1024x2048]  (T=1024, K=1024)
  - op#02  op=V        shard=0   x=[1024x4096] + w=[2048x4096]  ->  y=[1024x2048]  (T=1024, K=1024)
  - op#03  op=O        shard=0   x=[1024x2048] + w=[4096x2048]  ->  y=[1024x4096]  (T=1024, K=1024)
  - op#04  op=FFN_W1   shard=0   x=[1024x4096] + w=[5504x4096]  ->  y=[1024x5504]  (T=1024, K=1024)
  - op#05  op=FFN_W3   shard=1   x=[1024x4096] + w=[5504x4096]  ->  y=[1024x5504]  (T=1024, K=1024)
  - op#06  op=FFN_W2   shard=0   x=[1024x5504] + w=[4096x5504]  ->  y=[1024x4096]  (T=1024, K=1024)
[pim-debug] NOTE: CENT(AiM) trace backend internally uses x shape (1,1,dim) and handles prefill by repeating ops;
           the table below shows the *effective parameters* passed into cost_model_pim_backend for each op.
[pim-debug] op#00 op=Q        norm=q_proj     sh=0  dim=4096  heads=16  hd=128 q_dim=2048  kv_heads=16  kv_dim=2048  o_dim=2048  ffn_dim=5504   seqlen=1024   qlen=1024 cache=N lat=    4.534ms cycles≈4534272
[pim-debug] op#01 op=K        norm=k_proj     sh=0  dim=4096  heads=16  hd=128 q_dim=2048  kv_heads=16  kv_dim=2048  o_dim=2048  ffn_dim=5504   seqlen=1024   qlen=1024 cache=N lat=    4.534ms cycles≈4534272
[pim-debug] op#02 op=V        norm=v_proj     sh=0  dim=4096  heads=16  hd=128 q_dim=2048  kv_heads=16  kv_dim=2048  o_dim=2048  ffn_dim=5504   seqlen=1024   qlen=1024 cache=N lat=    4.534ms cycles≈4534272
[pim-debug] op#03 op=O        norm=wo_proj    sh=0  dim=4096  heads=16  hd=128 q_dim=2048  kv_heads=16  kv_dim=2048  o_dim=2048  ffn_dim=5504   seqlen=1024   qlen=1024 cache=N lat=    4.159ms cycles≈4159488
[pim-debug] op#04 op=FFN_W1   norm=ffn_gate   sh=0  dim=4096  heads=16  hd=128 q_dim=2048  kv_heads=16  kv_dim=2048  o_dim=2048  ffn_dim=5504   seqlen=1024   qlen=1024 cache=N lat=   11.989ms cycles≈11988992
[pim-debug] op#05 op=FFN_W3   norm=ffn_up     sh=1  dim=4096  heads=16  hd=128 q_dim=2048  kv_heads=16  kv_dim=2048  o_dim=2048  ffn_dim=5504   seqlen=1024   qlen=1024 cache=N lat=   11.158ms cycles≈11157504
[pim-debug] op#06 op=FFN_W2   norm=ffn_down   sh=0  dim=4096  heads=16  hd=128 q_dim=2048  kv_heads=16  kv_dim=2048  o_dim=2048  ffn_dim=5504   seqlen=1024   qlen=1024 cache=N lat=   11.741ms cycles≈11741184
[pim-debug] segment total latency: 52.650 ms
========================================================================================
[pim-debug] segment_key=pim|prefill|-1|34ccac5ef828e4730b89693f4ee70e0e
[pim-debug] sig: device_type=pim phase=prefill step=-1 (count_hint=31)
[pim-debug] ops_repr: Q:1,K:1,V:1,O:1,FFN_W3:0,FFN_W1:1,FFN_W2:1
[pim-debug] cfg: shard_policy='fine' shards=2 dim=4096 ffn_dim=11008 n_heads=32 n_kv_heads=auto->n_heads
[pim-debug] pim_config=/lustre/home/2501111916/workspace/XPUPIM_0226_gpupim_parameter/TriForm/algorithms/aim_simulator/PIM_AiM.json
[pim-debug] ramulator_config=/lustre/home/2501111916/workspace/XPUPIM_0226_gpupim_parameter/TriForm/algorithms/aim_simulator/example.yaml
[pim-debug] cost_model config.PIM_FREQ_GHZ=1.0
[pim-debug] op plan (logical shapes inferred from schedule cfg):
  - op#00  op=Q        shard=1   x=[1024x4096] + w=[2048x4096]  ->  y=[1024x2048]  (T=1024, K=1024)
  - op#01  op=K        shard=1   x=[1024x4096] + w=[2048x4096]  ->  y=[1024x2048]  (T=1024, K=1024)
  - op#02  op=V        shard=1   x=[1024x4096] + w=[2048x4096]  ->  y=[1024x2048]  (T=1024, K=1024)
  - op#03  op=O        shard=1   x=[1024x2048] + w=[4096x2048]  ->  y=[1024x4096]  (T=1024, K=1024)
  - op#04  op=FFN_W3   shard=0   x=[1024x4096] + w=[5504x4096]  ->  y=[1024x5504]  (T=1024, K=1024)
  - op#05  op=FFN_W1   shard=1   x=[1024x4096] + w=[5504x4096]  ->  y=[1024x5504]  (T=1024, K=1024)
  - op#06  op=FFN_W2   shard=1   x=[1024x5504] + w=[4096x5504]  ->  y=[1024x4096]  (T=1024, K=1024)
[pim-debug] NOTE: CENT(AiM) trace backend internally uses x shape (1,1,dim) and handles prefill by repeating ops;
           the table below shows the *effective parameters* passed into cost_model_pim_backend for each op.
[pim-debug] op#00 op=Q        norm=q_proj     sh=1  dim=4096  heads=16  hd=128 q_dim=2048  kv_heads=16  kv_dim=2048  o_dim=2048  ffn_dim=5504   seqlen=1024   qlen=1024 cache=N lat=    4.534ms cycles≈4534272
[pim-debug] op#01 op=K        norm=k_proj     sh=1  dim=4096  heads=16  hd=128 q_dim=2048  kv_heads=16  kv_dim=2048  o_dim=2048  ffn_dim=5504   seqlen=1024   qlen=1024 cache=N lat=    4.534ms cycles≈4534272
[pim-debug] op#02 op=V        norm=v_proj     sh=1  dim=4096  heads=16  hd=128 q_dim=2048  kv_heads=16  kv_dim=2048  o_dim=2048  ffn_dim=5504   seqlen=1024   qlen=1024 cache=N lat=    4.534ms cycles≈4534272
[pim-debug] op#03 op=O        norm=wo_proj    sh=1  dim=4096  heads=16  hd=128 q_dim=2048  kv_heads=16  kv_dim=2048  o_dim=2048  ffn_dim=5504   seqlen=1024   qlen=1024 cache=N lat=    4.159ms cycles≈4159488
[pim-debug] op#04 op=FFN_W3   norm=ffn_up     sh=0  dim=4096  heads=16  hd=128 q_dim=2048  kv_heads=16  kv_dim=2048  o_dim=2048  ffn_dim=5504   seqlen=1024   qlen=1024 cache=N lat=   11.158ms cycles≈11157504
[pim-debug] op#05 op=FFN_W1   norm=ffn_gate   sh=1  dim=4096  heads=16  hd=128 q_dim=2048  kv_heads=16  kv_dim=2048  o_dim=2048  ffn_dim=5504   seqlen=1024   qlen=1024 cache=N lat=   11.989ms cycles≈11988992
[pim-debug] op#06 op=FFN_W2   norm=ffn_down   sh=1  dim=4096  heads=16  hd=128 q_dim=2048  kv_heads=16  kv_dim=2048  o_dim=2048  ffn_dim=5504   seqlen=1024   qlen=1024 cache=N lat=   11.741ms cycles≈11741184
[pim-debug] segment total latency: 52.650 ms
========================================================================================
[pim-debug] segment_key=pim|prefill|-1|fb701a1451b75c0bb796dddae144a737
[pim-debug] sig: device_type=pim phase=prefill step=-1 (count_hint=1)
[pim-debug] ops_repr: Q:1,K:1,V:1,O:1,FFN_W3:0,FFN_W1:1,FFN_W2:0
[pim-debug] cfg: shard_policy='fine' shards=2 dim=4096 ffn_dim=11008 n_heads=32 n_kv_heads=auto->n_heads
[pim-debug] pim_config=/lustre/home/2501111916/workspace/XPUPIM_0226_gpupim_parameter/TriForm/algorithms/aim_simulator/PIM_AiM.json
[pim-debug] ramulator_config=/lustre/home/2501111916/workspace/XPUPIM_0226_gpupim_parameter/TriForm/algorithms/aim_simulator/example.yaml
[pim-debug] cost_model config.PIM_FREQ_GHZ=1.0
[pim-debug] op plan (logical shapes inferred from schedule cfg):
  - op#00  op=Q        shard=1   x=[1024x4096] + w=[2048x4096]  ->  y=[1024x2048]  (T=1024, K=1024)
  - op#01  op=K        shard=1   x=[1024x4096] + w=[2048x4096]  ->  y=[1024x2048]  (T=1024, K=1024)
  - op#02  op=V        shard=1   x=[1024x4096] + w=[2048x4096]  ->  y=[1024x2048]  (T=1024, K=1024)
  - op#03  op=O        shard=1   x=[1024x2048] + w=[4096x2048]  ->  y=[1024x4096]  (T=1024, K=1024)
  - op#04  op=FFN_W3   shard=0   x=[1024x4096] + w=[5504x4096]  ->  y=[1024x5504]  (T=1024, K=1024)
  - op#05  op=FFN_W1   shard=1   x=[1024x4096] + w=[5504x4096]  ->  y=[1024x5504]  (T=1024, K=1024)
  - op#06  op=FFN_W2   shard=0   x=[1024x5504] + w=[4096x5504]  ->  y=[1024x4096]  (T=1024, K=1024)
[pim-debug] NOTE: CENT(AiM) trace backend internally uses x shape (1,1,dim) and handles prefill by repeating ops;
           the table below shows the *effective parameters* passed into cost_model_pim_backend for each op.
[pim-debug] op#00 op=Q        norm=q_proj     sh=1  dim=4096  heads=16  hd=128 q_dim=2048  kv_heads=16  kv_dim=2048  o_dim=2048  ffn_dim=5504   seqlen=1024   qlen=1024 cache=N lat=    4.534ms cycles≈4534272
[pim-debug] op#01 op=K        norm=k_proj     sh=1  dim=4096  heads=16  hd=128 q_dim=2048  kv_heads=16  kv_dim=2048  o_dim=2048  ffn_dim=5504   seqlen=1024   qlen=1024 cache=N lat=    4.534ms cycles≈4534272
[pim-debug] op#02 op=V        norm=v_proj     sh=1  dim=4096  heads=16  hd=128 q_dim=2048  kv_heads=16  kv_dim=2048  o_dim=2048  ffn_dim=5504   seqlen=1024   qlen=1024 cache=N lat=    4.534ms cycles≈4534272
[pim-debug] op#03 op=O        norm=wo_proj    sh=1  dim=4096  heads=16  hd=128 q_dim=2048  kv_heads=16  kv_dim=2048  o_dim=2048  ffn_dim=5504   seqlen=1024   qlen=1024 cache=N lat=    4.159ms cycles≈4159488
[pim-debug] op#04 op=FFN_W3   norm=ffn_up     sh=0  dim=4096  heads=16  hd=128 q_dim=2048  kv_heads=16  kv_dim=2048  o_dim=2048  ffn_dim=5504   seqlen=1024   qlen=1024 cache=N lat=   11.158ms cycles≈11157504
[pim-debug] op#05 op=FFN_W1   norm=ffn_gate   sh=1  dim=4096  heads=16  hd=128 q_dim=2048  kv_heads=16  kv_dim=2048  o_dim=2048  ffn_dim=5504   seqlen=1024   qlen=1024 cache=N lat=   11.989ms cycles≈11988992
[pim-debug] op#06 op=FFN_W2   norm=ffn_down   sh=0  dim=4096  heads=16  hd=128 q_dim=2048  kv_heads=16  kv_dim=2048  o_dim=2048  ffn_dim=5504   seqlen=1024   qlen=1024 cache=N lat=   11.741ms cycles≈11741184
[pim-debug] segment total latency: 52.650 ms
  progress 22/22
[run-pim] wrote /lustre/home/2501111916/workspace/XPUPIM_0226_gpupim_parameter/TriForm/verify/hw_hardware_1gpu_2aim/st64/llama_7b_bf16_b8_s64/weights_on_pim_1024x512.pim_results.json
[slurm] wrote OK_FILE=/lustre/home/2501111916/workspace/XPUPIM_0226_gpupim_parameter/TriForm/verify/hw_hardware_1gpu_2aim/st64/llama_7b_bf16_b8_s64/weights_on_pim_1024x512.pim.ok
[slurm] done at Sat Feb 28 09:13:23 CST 2026
