AiM EWMUL 8 0xffffffff 49
R MEM 0 2 49
R MEM 0 6 49
R MEM 1 2 49
R MEM 1 6 49
R MEM 2 2 49
R MEM 2 6 49
R MEM 3 2 49
R MEM 3 6 49
R MEM 0 2 49
R MEM 0 6 49
R MEM 1 2 49
R MEM 1 6 49
R MEM 2 2 49
R MEM 2 6 49
R MEM 3 2 49
R MEM 3 6 49
R MEM 0 2 49
R MEM 0 6 49
R MEM 1 2 49
R MEM 1 6 49
R MEM 2 2 49
R MEM 2 6 49
R MEM 3 2 49
R MEM 3 6 49
R MEM 0 2 49
R MEM 0 6 49
R MEM 1 2 49
R MEM 1 6 49
R MEM 2 2 49
R MEM 2 6 49
R MEM 3 2 49
R MEM 3 6 49
R MEM 0 2 49
R MEM 0 6 49
R MEM 1 2 49
R MEM 1 6 49
R MEM 2 2 49
R MEM 2 6 49
R MEM 3 2 49
R MEM 3 6 49
R MEM 0 2 49
R MEM 0 6 49
R MEM 1 2 49
R MEM 1 6 49
R MEM 2 2 49
R MEM 2 6 49
R MEM 3 2 49
R MEM 3 6 49
R MEM 0 2 49
R MEM 0 6 49
R MEM 1 2 49
R MEM 1 6 49
R MEM 2 2 49
R MEM 2 6 49
R MEM 3 2 49
R MEM 3 6 49
R MEM 0 2 49
R MEM 0 6 49
R MEM 1 2 49
R MEM 1 6 49
R MEM 2 2 49
R MEM 2 6 49
R MEM 3 2 49
R MEM 3 6 49
W MEM 0 0 49
W MEM 0 4 49
W MEM 1 0 49
W MEM 1 4 49
W MEM 2 0 49
W MEM 2 4 49
W MEM 3 0 49
W MEM 3 4 49
W MEM 0 0 49
W MEM 0 4 49
W MEM 1 0 49
W MEM 1 4 49
W MEM 2 0 49
W MEM 2 4 49
W MEM 3 0 49
W MEM 3 4 49
W MEM 0 0 49
W MEM 0 4 49
W MEM 1 0 49
W MEM 1 4 49
W MEM 2 0 49
W MEM 2 4 49
W MEM 3 0 49
W MEM 3 4 49
W MEM 0 0 49
W MEM 0 4 49
W MEM 1 0 49
W MEM 1 4 49
W MEM 2 0 49
W MEM 2 4 49
W MEM 3 0 49
W MEM 3 4 49
W MEM 0 0 49
W MEM 0 4 49
W MEM 1 0 49
W MEM 1 4 49
W MEM 2 0 49
W MEM 2 4 49
W MEM 3 0 49
W MEM 3 4 49
W MEM 0 0 49
W MEM 0 4 49
W MEM 1 0 49
W MEM 1 4 49
W MEM 2 0 49
W MEM 2 4 49
W MEM 3 0 49
W MEM 3 4 49
W MEM 0 0 49
W MEM 0 4 49
W MEM 1 0 49
W MEM 1 4 49
W MEM 2 0 49
W MEM 2 4 49
W MEM 3 0 49
W MEM 3 4 49
W MEM 0 0 49
W MEM 0 4 49
W MEM 1 0 49
W MEM 1 4 49
W MEM 2 0 49
W MEM 2 4 49
W MEM 3 0 49
W MEM 3 4 49
AiM EWMUL 8 0xffffffff 49
R MEM 0 2 49
R MEM 0 6 49
R MEM 1 2 49
R MEM 1 6 49
R MEM 2 2 49
R MEM 2 6 49
R MEM 3 2 49
R MEM 3 6 49
R MEM 0 2 49
R MEM 0 6 49
R MEM 1 2 49
R MEM 1 6 49
R MEM 2 2 49
R MEM 2 6 49
R MEM 3 2 49
R MEM 3 6 49
R MEM 0 2 49
R MEM 0 6 49
R MEM 1 2 49
R MEM 1 6 49
R MEM 2 2 49
R MEM 2 6 49
R MEM 3 2 49
R MEM 3 6 49
R MEM 0 2 49
R MEM 0 6 49
R MEM 1 2 49
R MEM 1 6 49
R MEM 2 2 49
R MEM 2 6 49
R MEM 3 2 49
R MEM 3 6 49
R MEM 0 2 49
R MEM 0 6 49
R MEM 1 2 49
R MEM 1 6 49
R MEM 2 2 49
R MEM 2 6 49
R MEM 3 2 49
R MEM 3 6 49
R MEM 0 2 49
R MEM 0 6 49
R MEM 1 2 49
R MEM 1 6 49
R MEM 2 2 49
R MEM 2 6 49
R MEM 3 2 49
R MEM 3 6 49
R MEM 0 2 49
R MEM 0 6 49
R MEM 1 2 49
R MEM 1 6 49
R MEM 2 2 49
R MEM 2 6 49
R MEM 3 2 49
R MEM 3 6 49
R MEM 0 2 49
R MEM 0 6 49
R MEM 1 2 49
R MEM 1 6 49
R MEM 2 2 49
R MEM 2 6 49
R MEM 3 2 49
R MEM 3 6 49
AiM EWMUL 16 0xffffffff 49
R MEM 0 2 49
R MEM 0 6 49
R MEM 1 2 49
R MEM 1 6 49
R MEM 2 2 49
R MEM 2 6 49
R MEM 3 2 49
R MEM 3 6 49
R MEM 0 2 49
R MEM 0 6 49
R MEM 1 2 49
R MEM 1 6 49
R MEM 2 2 49
R MEM 2 6 49
R MEM 3 2 49
R MEM 3 6 49
R MEM 0 2 49
R MEM 0 6 49
R MEM 1 2 49
R MEM 1 6 49
R MEM 2 2 49
R MEM 2 6 49
R MEM 3 2 49
R MEM 3 6 49
R MEM 0 2 49
R MEM 0 6 49
R MEM 1 2 49
R MEM 1 6 49
R MEM 2 2 49
R MEM 2 6 49
R MEM 3 2 49
R MEM 3 6 49
R MEM 0 2 49
R MEM 0 6 49
R MEM 1 2 49
R MEM 1 6 49
R MEM 2 2 49
R MEM 2 6 49
R MEM 3 2 49
R MEM 3 6 49
R MEM 0 2 49
R MEM 0 6 49
R MEM 1 2 49
R MEM 1 6 49
R MEM 2 2 49
R MEM 2 6 49
R MEM 3 2 49
R MEM 3 6 49
R MEM 0 2 49
R MEM 0 6 49
R MEM 1 2 49
R MEM 1 6 49
R MEM 2 2 49
R MEM 2 6 49
R MEM 3 2 49
R MEM 3 6 49
R MEM 0 2 49
R MEM 0 6 49
R MEM 1 2 49
R MEM 1 6 49
R MEM 2 2 49
R MEM 2 6 49
R MEM 3 2 49
R MEM 3 6 49
R MEM 0 2 49
R MEM 0 6 49
R MEM 1 2 49
R MEM 1 6 49
R MEM 2 2 49
R MEM 2 6 49
R MEM 3 2 49
R MEM 3 6 49
R MEM 0 2 49
R MEM 0 6 49
R MEM 1 2 49
R MEM 1 6 49
R MEM 2 2 49
R MEM 2 6 49
R MEM 3 2 49
R MEM 3 6 49
R MEM 0 2 49
R MEM 0 6 49
R MEM 1 2 49
R MEM 1 6 49
R MEM 2 2 49
R MEM 2 6 49
R MEM 3 2 49
R MEM 3 6 49
R MEM 0 2 49
R MEM 0 6 49
R MEM 1 2 49
R MEM 1 6 49
R MEM 2 2 49
R MEM 2 6 49
R MEM 3 2 49
R MEM 3 6 49
R MEM 0 2 49
R MEM 0 6 49
R MEM 1 2 49
R MEM 1 6 49
R MEM 2 2 49
R MEM 2 6 49
R MEM 3 2 49
R MEM 3 6 49
R MEM 0 2 49
R MEM 0 6 49
R MEM 1 2 49
R MEM 1 6 49
R MEM 2 2 49
R MEM 2 6 49
R MEM 3 2 49
R MEM 3 6 49
R MEM 0 2 49
R MEM 0 6 49
R MEM 1 2 49
R MEM 1 6 49
R MEM 2 2 49
R MEM 2 6 49
R MEM 3 2 49
R MEM 3 6 49
R MEM 0 2 49
R MEM 0 6 49
R MEM 1 2 49
R MEM 1 6 49
R MEM 2 2 49
R MEM 2 6 49
R MEM 3 2 49
R MEM 3 6 49
W MEM 0 0 49
W MEM 0 4 49
W MEM 1 0 49
W MEM 1 4 49
W MEM 2 0 49
W MEM 2 4 49
W MEM 3 0 49
W MEM 3 4 49
W MEM 0 0 49
W MEM 0 4 49
W MEM 1 0 49
W MEM 1 4 49
W MEM 2 0 49
W MEM 2 4 49
W MEM 3 0 49
W MEM 3 4 49
W MEM 0 0 49
W MEM 0 4 49
W MEM 1 0 49
W MEM 1 4 49
W MEM 2 0 49
W MEM 2 4 49
W MEM 3 0 49
W MEM 3 4 49
W MEM 0 0 49
W MEM 0 4 49
W MEM 1 0 49
W MEM 1 4 49
W MEM 2 0 49
W MEM 2 4 49
W MEM 3 0 49
W MEM 3 4 49
W MEM 0 0 49
W MEM 0 4 49
W MEM 1 0 49
W MEM 1 4 49
W MEM 2 0 49
W MEM 2 4 49
W MEM 3 0 49
W MEM 3 4 49
W MEM 0 0 49
W MEM 0 4 49
W MEM 1 0 49
W MEM 1 4 49
W MEM 2 0 49
W MEM 2 4 49
W MEM 3 0 49
W MEM 3 4 49
W MEM 0 0 49
W MEM 0 4 49
W MEM 1 0 49
W MEM 1 4 49
W MEM 2 0 49
W MEM 2 4 49
W MEM 3 0 49
W MEM 3 4 49
W MEM 0 0 49
W MEM 0 4 49
W MEM 1 0 49
W MEM 1 4 49
W MEM 2 0 49
W MEM 2 4 49
W MEM 3 0 49
W MEM 3 4 49
W MEM 0 0 49
W MEM 0 4 49
W MEM 1 0 49
W MEM 1 4 49
W MEM 2 0 49
W MEM 2 4 49
W MEM 3 0 49
W MEM 3 4 49
W MEM 0 0 49
W MEM 0 4 49
W MEM 1 0 49
W MEM 1 4 49
W MEM 2 0 49
W MEM 2 4 49
W MEM 3 0 49
W MEM 3 4 49
W MEM 0 0 49
W MEM 0 4 49
W MEM 1 0 49
W MEM 1 4 49
W MEM 2 0 49
W MEM 2 4 49
W MEM 3 0 49
W MEM 3 4 49
W MEM 0 0 49
W MEM 0 4 49
W MEM 1 0 49
W MEM 1 4 49
W MEM 2 0 49
W MEM 2 4 49
W MEM 3 0 49
W MEM 3 4 49
W MEM 0 0 49
W MEM 0 4 49
W MEM 1 0 49
W MEM 1 4 49
W MEM 2 0 49
W MEM 2 4 49
W MEM 3 0 49
W MEM 3 4 49
W MEM 0 0 49
W MEM 0 4 49
W MEM 1 0 49
W MEM 1 4 49
W MEM 2 0 49
W MEM 2 4 49
W MEM 3 0 49
W MEM 3 4 49
W MEM 0 0 49
W MEM 0 4 49
W MEM 1 0 49
W MEM 1 4 49
W MEM 2 0 49
W MEM 2 4 49
W MEM 3 0 49
W MEM 3 4 49
W MEM 0 0 49
W MEM 0 4 49
W MEM 1 0 49
W MEM 1 4 49
W MEM 2 0 49
W MEM 2 4 49
W MEM 3 0 49
W MEM 3 4 49
AiM EWMUL 16 0xffffffff 49
R MEM 0 2 49
R MEM 0 6 49
R MEM 1 2 49
R MEM 1 6 49
R MEM 2 2 49
R MEM 2 6 49
R MEM 3 2 49
R MEM 3 6 49
R MEM 0 2 49
R MEM 0 6 49
R MEM 1 2 49
R MEM 1 6 49
R MEM 2 2 49
R MEM 2 6 49
R MEM 3 2 49
R MEM 3 6 49
R MEM 0 2 49
R MEM 0 6 49
R MEM 1 2 49
R MEM 1 6 49
R MEM 2 2 49
R MEM 2 6 49
R MEM 3 2 49
R MEM 3 6 49
R MEM 0 2 49
R MEM 0 6 49
R MEM 1 2 49
R MEM 1 6 49
R MEM 2 2 49
R MEM 2 6 49
R MEM 3 2 49
R MEM 3 6 49
R MEM 0 2 49
R MEM 0 6 49
R MEM 1 2 49
R MEM 1 6 49
R MEM 2 2 49
R MEM 2 6 49
R MEM 3 2 49
R MEM 3 6 49
R MEM 0 2 49
R MEM 0 6 49
R MEM 1 2 49
R MEM 1 6 49
R MEM 2 2 49
R MEM 2 6 49
R MEM 3 2 49
R MEM 3 6 49
R MEM 0 2 49
R MEM 0 6 49
R MEM 1 2 49
R MEM 1 6 49
R MEM 2 2 49
R MEM 2 6 49
R MEM 3 2 49
R MEM 3 6 49
R MEM 0 2 49
R MEM 0 6 49
R MEM 1 2 49
R MEM 1 6 49
R MEM 2 2 49
R MEM 2 6 49
R MEM 3 2 49
R MEM 3 6 49
R MEM 0 2 49
R MEM 0 6 49
R MEM 1 2 49
R MEM 1 6 49
R MEM 2 2 49
R MEM 2 6 49
R MEM 3 2 49
R MEM 3 6 49
R MEM 0 2 49
R MEM 0 6 49
R MEM 1 2 49
R MEM 1 6 49
R MEM 2 2 49
R MEM 2 6 49
R MEM 3 2 49
R MEM 3 6 49
R MEM 0 2 49
R MEM 0 6 49
R MEM 1 2 49
R MEM 1 6 49
R MEM 2 2 49
R MEM 2 6 49
R MEM 3 2 49
R MEM 3 6 49
R MEM 0 2 49
R MEM 0 6 49
R MEM 1 2 49
R MEM 1 6 49
R MEM 2 2 49
R MEM 2 6 49
R MEM 3 2 49
R MEM 3 6 49
R MEM 0 2 49
R MEM 0 6 49
R MEM 1 2 49
R MEM 1 6 49
R MEM 2 2 49
R MEM 2 6 49
R MEM 3 2 49
R MEM 3 6 49
R MEM 0 2 49
R MEM 0 6 49
R MEM 1 2 49
R MEM 1 6 49
R MEM 2 2 49
R MEM 2 6 49
R MEM 3 2 49
R MEM 3 6 49
R MEM 0 2 49
R MEM 0 6 49
R MEM 1 2 49
R MEM 1 6 49
R MEM 2 2 49
R MEM 2 6 49
R MEM 3 2 49
R MEM 3 6 49
R MEM 0 2 49
R MEM 0 6 49
R MEM 1 2 49
R MEM 1 6 49
R MEM 2 2 49
R MEM 2 6 49
R MEM 3 2 49
R MEM 3 6 49
AiM EWMUL 16 0xffffffff 49
AiM EWMUL 16 0xffffffff 50
R MEM 0 2 49
R MEM 0 6 49
R MEM 1 2 49
R MEM 1 6 49
R MEM 2 2 49
R MEM 2 6 49
R MEM 3 2 49
R MEM 3 6 49
R MEM 0 2 49
R MEM 0 6 49
R MEM 1 2 49
R MEM 1 6 49
R MEM 2 2 49
R MEM 2 6 49
R MEM 3 2 49
R MEM 3 6 49
R MEM 0 2 49
R MEM 0 6 49
R MEM 1 2 49
R MEM 1 6 49
R MEM 2 2 49
R MEM 2 6 49
R MEM 3 2 49
R MEM 3 6 49
R MEM 0 2 49
R MEM 0 6 49
R MEM 1 2 49
R MEM 1 6 49
R MEM 2 2 49
R MEM 2 6 49
R MEM 3 2 49
R MEM 3 6 49
R MEM 0 2 49
R MEM 0 6 49
R MEM 1 2 49
R MEM 1 6 49
R MEM 2 2 49
R MEM 2 6 49
R MEM 3 2 49
R MEM 3 6 49
R MEM 0 2 49
R MEM 0 6 49
R MEM 1 2 49
R MEM 1 6 49
R MEM 2 2 49
R MEM 2 6 49
R MEM 3 2 49
R MEM 3 6 49
R MEM 0 2 49
R MEM 0 6 49
R MEM 1 2 49
R MEM 1 6 49
R MEM 2 2 49
R MEM 2 6 49
R MEM 3 2 49
R MEM 3 6 49
R MEM 0 2 49
R MEM 0 6 49
R MEM 1 2 49
R MEM 1 6 49
R MEM 2 2 49
R MEM 2 6 49
R MEM 3 2 49
R MEM 3 6 49
R MEM 0 2 49
R MEM 0 6 49
R MEM 1 2 49
R MEM 1 6 49
R MEM 2 2 49
R MEM 2 6 49
R MEM 3 2 49
R MEM 3 6 49
R MEM 0 2 49
R MEM 0 6 49
R MEM 1 2 49
R MEM 1 6 49
R MEM 2 2 49
R MEM 2 6 49
R MEM 3 2 49
R MEM 3 6 49
R MEM 0 2 49
R MEM 0 6 49
R MEM 1 2 49
R MEM 1 6 49
R MEM 2 2 49
R MEM 2 6 49
R MEM 3 2 49
R MEM 3 6 49
R MEM 0 2 49
R MEM 0 6 49
R MEM 1 2 49
R MEM 1 6 49
R MEM 2 2 49
R MEM 2 6 49
R MEM 3 2 49
R MEM 3 6 49
R MEM 0 2 49
R MEM 0 6 49
R MEM 1 2 49
R MEM 1 6 49
R MEM 2 2 49
R MEM 2 6 49
R MEM 3 2 49
R MEM 3 6 49
R MEM 0 2 49
R MEM 0 6 49
R MEM 1 2 49
R MEM 1 6 49
R MEM 2 2 49
R MEM 2 6 49
R MEM 3 2 49
R MEM 3 6 49
R MEM 0 2 49
R MEM 0 6 49
R MEM 1 2 49
R MEM 1 6 49
R MEM 2 2 49
R MEM 2 6 49
R MEM 3 2 49
R MEM 3 6 49
R MEM 0 2 49
R MEM 0 6 49
R MEM 1 2 49
R MEM 1 6 49
R MEM 2 2 49
R MEM 2 6 49
R MEM 3 2 49
R MEM 3 6 49
R MEM 0 2 50
R MEM 0 6 50
R MEM 1 2 50
R MEM 1 6 50
R MEM 2 2 50
R MEM 2 6 50
R MEM 3 2 50
R MEM 3 6 50
R MEM 0 2 50
R MEM 0 6 50
R MEM 1 2 50
R MEM 1 6 50
R MEM 2 2 50
R MEM 2 6 50
R MEM 3 2 50
R MEM 3 6 50
R MEM 0 2 50
R MEM 0 6 50
R MEM 1 2 50
R MEM 1 6 50
R MEM 2 2 50
R MEM 2 6 50
R MEM 3 2 50
R MEM 3 6 50
R MEM 0 2 50
R MEM 0 6 50
R MEM 1 2 50
R MEM 1 6 50
R MEM 2 2 50
R MEM 2 6 50
R MEM 3 2 50
R MEM 3 6 50
R MEM 0 2 50
R MEM 0 6 50
R MEM 1 2 50
R MEM 1 6 50
R MEM 2 2 50
R MEM 2 6 50
R MEM 3 2 50
R MEM 3 6 50
R MEM 0 2 50
R MEM 0 6 50
R MEM 1 2 50
R MEM 1 6 50
R MEM 2 2 50
R MEM 2 6 50
R MEM 3 2 50
R MEM 3 6 50
R MEM 0 2 50
R MEM 0 6 50
R MEM 1 2 50
R MEM 1 6 50
R MEM 2 2 50
R MEM 2 6 50
R MEM 3 2 50
R MEM 3 6 50
R MEM 0 2 50
R MEM 0 6 50
R MEM 1 2 50
R MEM 1 6 50
R MEM 2 2 50
R MEM 2 6 50
R MEM 3 2 50
R MEM 3 6 50
R MEM 0 2 50
R MEM 0 6 50
R MEM 1 2 50
R MEM 1 6 50
R MEM 2 2 50
R MEM 2 6 50
R MEM 3 2 50
R MEM 3 6 50
R MEM 0 2 50
R MEM 0 6 50
R MEM 1 2 50
R MEM 1 6 50
R MEM 2 2 50
R MEM 2 6 50
R MEM 3 2 50
R MEM 3 6 50
R MEM 0 2 50
R MEM 0 6 50
R MEM 1 2 50
R MEM 1 6 50
R MEM 2 2 50
R MEM 2 6 50
R MEM 3 2 50
R MEM 3 6 50
R MEM 0 2 50
R MEM 0 6 50
R MEM 1 2 50
R MEM 1 6 50
R MEM 2 2 50
R MEM 2 6 50
R MEM 3 2 50
R MEM 3 6 50
R MEM 0 2 50
R MEM 0 6 50
R MEM 1 2 50
R MEM 1 6 50
R MEM 2 2 50
R MEM 2 6 50
R MEM 3 2 50
R MEM 3 6 50
R MEM 0 2 50
R MEM 0 6 50
R MEM 1 2 50
R MEM 1 6 50
R MEM 2 2 50
R MEM 2 6 50
R MEM 3 2 50
R MEM 3 6 50
R MEM 0 2 50
R MEM 0 6 50
R MEM 1 2 50
R MEM 1 6 50
R MEM 2 2 50
R MEM 2 6 50
R MEM 3 2 50
R MEM 3 6 50
R MEM 0 2 50
R MEM 0 6 50
R MEM 1 2 50
R MEM 1 6 50
R MEM 2 2 50
R MEM 2 6 50
R MEM 3 2 50
R MEM 3 6 50
W MEM 0 0 49
W MEM 0 4 49
W MEM 1 0 49
W MEM 1 4 49
W MEM 2 0 49
W MEM 2 4 49
W MEM 3 0 49
W MEM 3 4 49
W MEM 0 0 49
W MEM 0 4 49
W MEM 1 0 49
W MEM 1 4 49
W MEM 2 0 49
W MEM 2 4 49
W MEM 3 0 49
W MEM 3 4 49
W MEM 0 0 49
W MEM 0 4 49
W MEM 1 0 49
W MEM 1 4 49
W MEM 2 0 49
W MEM 2 4 49
W MEM 3 0 49
W MEM 3 4 49
W MEM 0 0 49
W MEM 0 4 49
W MEM 1 0 49
W MEM 1 4 49
W MEM 2 0 49
W MEM 2 4 49
W MEM 3 0 49
W MEM 3 4 49
W MEM 0 0 49
W MEM 0 4 49
W MEM 1 0 49
W MEM 1 4 49
W MEM 2 0 49
W MEM 2 4 49
W MEM 3 0 49
W MEM 3 4 49
W MEM 0 0 49
W MEM 0 4 49
W MEM 1 0 49
W MEM 1 4 49
W MEM 2 0 49
W MEM 2 4 49
W MEM 3 0 49
W MEM 3 4 49
W MEM 0 0 49
W MEM 0 4 49
W MEM 1 0 49
W MEM 1 4 49
W MEM 2 0 49
W MEM 2 4 49
W MEM 3 0 49
W MEM 3 4 49
W MEM 0 0 49
W MEM 0 4 49
W MEM 1 0 49
W MEM 1 4 49
W MEM 2 0 49
W MEM 2 4 49
W MEM 3 0 49
W MEM 3 4 49
W MEM 0 0 49
W MEM 0 4 49
W MEM 1 0 49
W MEM 1 4 49
W MEM 2 0 49
W MEM 2 4 49
W MEM 3 0 49
W MEM 3 4 49
W MEM 0 0 49
W MEM 0 4 49
W MEM 1 0 49
W MEM 1 4 49
W MEM 2 0 49
W MEM 2 4 49
W MEM 3 0 49
W MEM 3 4 49
W MEM 0 0 49
W MEM 0 4 49
W MEM 1 0 49
W MEM 1 4 49
W MEM 2 0 49
W MEM 2 4 49
W MEM 3 0 49
W MEM 3 4 49
W MEM 0 0 49
W MEM 0 4 49
W MEM 1 0 49
W MEM 1 4 49
W MEM 2 0 49
W MEM 2 4 49
W MEM 3 0 49
W MEM 3 4 49
W MEM 0 0 49
W MEM 0 4 49
W MEM 1 0 49
W MEM 1 4 49
W MEM 2 0 49
W MEM 2 4 49
W MEM 3 0 49
W MEM 3 4 49
W MEM 0 0 49
W MEM 0 4 49
W MEM 1 0 49
W MEM 1 4 49
W MEM 2 0 49
W MEM 2 4 49
W MEM 3 0 49
W MEM 3 4 49
W MEM 0 0 49
W MEM 0 4 49
W MEM 1 0 49
W MEM 1 4 49
W MEM 2 0 49
W MEM 2 4 49
W MEM 3 0 49
W MEM 3 4 49
W MEM 0 0 49
W MEM 0 4 49
W MEM 1 0 49
W MEM 1 4 49
W MEM 2 0 49
W MEM 2 4 49
W MEM 3 0 49
W MEM 3 4 49
W MEM 0 0 50
W MEM 0 4 50
W MEM 1 0 50
W MEM 1 4 50
W MEM 2 0 50
W MEM 2 4 50
W MEM 3 0 50
W MEM 3 4 50
W MEM 0 0 50
W MEM 0 4 50
W MEM 1 0 50
W MEM 1 4 50
W MEM 2 0 50
W MEM 2 4 50
W MEM 3 0 50
W MEM 3 4 50
W MEM 0 0 50
W MEM 0 4 50
W MEM 1 0 50
W MEM 1 4 50
W MEM 2 0 50
W MEM 2 4 50
W MEM 3 0 50
W MEM 3 4 50
W MEM 0 0 50
W MEM 0 4 50
W MEM 1 0 50
W MEM 1 4 50
W MEM 2 0 50
W MEM 2 4 50
W MEM 3 0 50
W MEM 3 4 50
W MEM 0 0 50
W MEM 0 4 50
W MEM 1 0 50
W MEM 1 4 50
W MEM 2 0 50
W MEM 2 4 50
W MEM 3 0 50
W MEM 3 4 50
W MEM 0 0 50
W MEM 0 4 50
W MEM 1 0 50
W MEM 1 4 50
W MEM 2 0 50
W MEM 2 4 50
W MEM 3 0 50
W MEM 3 4 50
W MEM 0 0 50
W MEM 0 4 50
W MEM 1 0 50
W MEM 1 4 50
W MEM 2 0 50
W MEM 2 4 50
W MEM 3 0 50
W MEM 3 4 50
W MEM 0 0 50
W MEM 0 4 50
W MEM 1 0 50
W MEM 1 4 50
W MEM 2 0 50
W MEM 2 4 50
W MEM 3 0 50
W MEM 3 4 50
W MEM 0 0 50
W MEM 0 4 50
W MEM 1 0 50
W MEM 1 4 50
W MEM 2 0 50
W MEM 2 4 50
W MEM 3 0 50
W MEM 3 4 50
W MEM 0 0 50
W MEM 0 4 50
W MEM 1 0 50
W MEM 1 4 50
W MEM 2 0 50
W MEM 2 4 50
W MEM 3 0 50
W MEM 3 4 50
W MEM 0 0 50
W MEM 0 4 50
W MEM 1 0 50
W MEM 1 4 50
W MEM 2 0 50
W MEM 2 4 50
W MEM 3 0 50
W MEM 3 4 50
W MEM 0 0 50
W MEM 0 4 50
W MEM 1 0 50
W MEM 1 4 50
W MEM 2 0 50
W MEM 2 4 50
W MEM 3 0 50
W MEM 3 4 50
W MEM 0 0 50
W MEM 0 4 50
W MEM 1 0 50
W MEM 1 4 50
W MEM 2 0 50
W MEM 2 4 50
W MEM 3 0 50
W MEM 3 4 50
W MEM 0 0 50
W MEM 0 4 50
W MEM 1 0 50
W MEM 1 4 50
W MEM 2 0 50
W MEM 2 4 50
W MEM 3 0 50
W MEM 3 4 50
W MEM 0 0 50
W MEM 0 4 50
W MEM 1 0 50
W MEM 1 4 50
W MEM 2 0 50
W MEM 2 4 50
W MEM 3 0 50
W MEM 3 4 50
W MEM 0 0 50
W MEM 0 4 50
W MEM 1 0 50
W MEM 1 4 50
W MEM 2 0 50
W MEM 2 4 50
W MEM 3 0 50
W MEM 3 4 50
AiM EWMUL 16 0xffffffff 49
AiM EWMUL 16 0xffffffff 50
R MEM 0 2 49
R MEM 0 6 49
R MEM 1 2 49
R MEM 1 6 49
R MEM 2 2 49
R MEM 2 6 49
R MEM 3 2 49
R MEM 3 6 49
R MEM 0 2 49
R MEM 0 6 49
R MEM 1 2 49
R MEM 1 6 49
R MEM 2 2 49
R MEM 2 6 49
R MEM 3 2 49
R MEM 3 6 49
R MEM 0 2 49
R MEM 0 6 49
R MEM 1 2 49
R MEM 1 6 49
R MEM 2 2 49
R MEM 2 6 49
R MEM 3 2 49
R MEM 3 6 49
R MEM 0 2 49
R MEM 0 6 49
R MEM 1 2 49
R MEM 1 6 49
R MEM 2 2 49
R MEM 2 6 49
R MEM 3 2 49
R MEM 3 6 49
R MEM 0 2 49
R MEM 0 6 49
R MEM 1 2 49
R MEM 1 6 49
R MEM 2 2 49
R MEM 2 6 49
R MEM 3 2 49
R MEM 3 6 49
R MEM 0 2 49
R MEM 0 6 49
R MEM 1 2 49
R MEM 1 6 49
R MEM 2 2 49
R MEM 2 6 49
R MEM 3 2 49
R MEM 3 6 49
R MEM 0 2 49
R MEM 0 6 49
R MEM 1 2 49
R MEM 1 6 49
R MEM 2 2 49
R MEM 2 6 49
R MEM 3 2 49
R MEM 3 6 49
R MEM 0 2 49
R MEM 0 6 49
R MEM 1 2 49
R MEM 1 6 49
R MEM 2 2 49
R MEM 2 6 49
R MEM 3 2 49
R MEM 3 6 49
R MEM 0 2 49
R MEM 0 6 49
R MEM 1 2 49
R MEM 1 6 49
R MEM 2 2 49
R MEM 2 6 49
R MEM 3 2 49
R MEM 3 6 49
R MEM 0 2 49
R MEM 0 6 49
R MEM 1 2 49
R MEM 1 6 49
R MEM 2 2 49
R MEM 2 6 49
R MEM 3 2 49
R MEM 3 6 49
R MEM 0 2 49
R MEM 0 6 49
R MEM 1 2 49
R MEM 1 6 49
R MEM 2 2 49
R MEM 2 6 49
R MEM 3 2 49
R MEM 3 6 49
R MEM 0 2 49
R MEM 0 6 49
R MEM 1 2 49
R MEM 1 6 49
R MEM 2 2 49
R MEM 2 6 49
R MEM 3 2 49
R MEM 3 6 49
R MEM 0 2 49
R MEM 0 6 49
R MEM 1 2 49
R MEM 1 6 49
R MEM 2 2 49
R MEM 2 6 49
R MEM 3 2 49
R MEM 3 6 49
R MEM 0 2 49
R MEM 0 6 49
R MEM 1 2 49
R MEM 1 6 49
R MEM 2 2 49
R MEM 2 6 49
R MEM 3 2 49
R MEM 3 6 49
R MEM 0 2 49
R MEM 0 6 49
R MEM 1 2 49
R MEM 1 6 49
R MEM 2 2 49
R MEM 2 6 49
R MEM 3 2 49
R MEM 3 6 49
R MEM 0 2 49
R MEM 0 6 49
R MEM 1 2 49
R MEM 1 6 49
R MEM 2 2 49
R MEM 2 6 49
R MEM 3 2 49
R MEM 3 6 49
R MEM 0 2 50
R MEM 0 6 50
R MEM 1 2 50
R MEM 1 6 50
R MEM 2 2 50
R MEM 2 6 50
R MEM 3 2 50
R MEM 3 6 50
R MEM 0 2 50
R MEM 0 6 50
R MEM 1 2 50
R MEM 1 6 50
R MEM 2 2 50
R MEM 2 6 50
R MEM 3 2 50
R MEM 3 6 50
R MEM 0 2 50
R MEM 0 6 50
R MEM 1 2 50
R MEM 1 6 50
R MEM 2 2 50
R MEM 2 6 50
R MEM 3 2 50
R MEM 3 6 50
R MEM 0 2 50
R MEM 0 6 50
R MEM 1 2 50
R MEM 1 6 50
R MEM 2 2 50
R MEM 2 6 50
R MEM 3 2 50
R MEM 3 6 50
R MEM 0 2 50
R MEM 0 6 50
R MEM 1 2 50
R MEM 1 6 50
R MEM 2 2 50
R MEM 2 6 50
R MEM 3 2 50
R MEM 3 6 50
R MEM 0 2 50
R MEM 0 6 50
R MEM 1 2 50
R MEM 1 6 50
R MEM 2 2 50
R MEM 2 6 50
R MEM 3 2 50
R MEM 3 6 50
R MEM 0 2 50
R MEM 0 6 50
R MEM 1 2 50
R MEM 1 6 50
R MEM 2 2 50
R MEM 2 6 50
R MEM 3 2 50
R MEM 3 6 50
R MEM 0 2 50
R MEM 0 6 50
R MEM 1 2 50
R MEM 1 6 50
R MEM 2 2 50
R MEM 2 6 50
R MEM 3 2 50
R MEM 3 6 50
R MEM 0 2 50
R MEM 0 6 50
R MEM 1 2 50
R MEM 1 6 50
R MEM 2 2 50
R MEM 2 6 50
R MEM 3 2 50
R MEM 3 6 50
R MEM 0 2 50
R MEM 0 6 50
R MEM 1 2 50
R MEM 1 6 50
R MEM 2 2 50
R MEM 2 6 50
R MEM 3 2 50
R MEM 3 6 50
R MEM 0 2 50
R MEM 0 6 50
R MEM 1 2 50
R MEM 1 6 50
R MEM 2 2 50
R MEM 2 6 50
R MEM 3 2 50
R MEM 3 6 50
R MEM 0 2 50
R MEM 0 6 50
R MEM 1 2 50
R MEM 1 6 50
R MEM 2 2 50
R MEM 2 6 50
R MEM 3 2 50
R MEM 3 6 50
R MEM 0 2 50
R MEM 0 6 50
R MEM 1 2 50
R MEM 1 6 50
R MEM 2 2 50
R MEM 2 6 50
R MEM 3 2 50
R MEM 3 6 50
R MEM 0 2 50
R MEM 0 6 50
R MEM 1 2 50
R MEM 1 6 50
R MEM 2 2 50
R MEM 2 6 50
R MEM 3 2 50
R MEM 3 6 50
R MEM 0 2 50
R MEM 0 6 50
R MEM 1 2 50
R MEM 1 6 50
R MEM 2 2 50
R MEM 2 6 50
R MEM 3 2 50
R MEM 3 6 50
R MEM 0 2 50
R MEM 0 6 50
R MEM 1 2 50
R MEM 1 6 50
R MEM 2 2 50
R MEM 2 6 50
R MEM 3 2 50
R MEM 3 6 50
AiM EWMUL 16 0xffffffff 49
AiM EWMUL 16 0xffffffff 50
AiM EWMUL 16 0xffffffff 51
AiM EWMUL 16 0xffffffff 52
R MEM 0 2 49
R MEM 0 6 49
R MEM 1 2 49
R MEM 1 6 49
R MEM 2 2 49
R MEM 2 6 49
R MEM 3 2 49
R MEM 3 6 49
R MEM 0 2 49
R MEM 0 6 49
R MEM 1 2 49
R MEM 1 6 49
R MEM 2 2 49
R MEM 2 6 49
R MEM 3 2 49
R MEM 3 6 49
R MEM 0 2 49
R MEM 0 6 49
R MEM 1 2 49
R MEM 1 6 49
R MEM 2 2 49
R MEM 2 6 49
R MEM 3 2 49
R MEM 3 6 49
R MEM 0 2 49
R MEM 0 6 49
R MEM 1 2 49
R MEM 1 6 49
R MEM 2 2 49
R MEM 2 6 49
R MEM 3 2 49
R MEM 3 6 49
R MEM 0 2 49
R MEM 0 6 49
R MEM 1 2 49
R MEM 1 6 49
R MEM 2 2 49
R MEM 2 6 49
R MEM 3 2 49
R MEM 3 6 49
R MEM 0 2 49
R MEM 0 6 49
R MEM 1 2 49
R MEM 1 6 49
R MEM 2 2 49
R MEM 2 6 49
R MEM 3 2 49
R MEM 3 6 49
R MEM 0 2 49
R MEM 0 6 49
R MEM 1 2 49
R MEM 1 6 49
R MEM 2 2 49
R MEM 2 6 49
R MEM 3 2 49
R MEM 3 6 49
R MEM 0 2 49
R MEM 0 6 49
R MEM 1 2 49
R MEM 1 6 49
R MEM 2 2 49
R MEM 2 6 49
R MEM 3 2 49
R MEM 3 6 49
R MEM 0 2 49
R MEM 0 6 49
R MEM 1 2 49
R MEM 1 6 49
R MEM 2 2 49
R MEM 2 6 49
R MEM 3 2 49
R MEM 3 6 49
R MEM 0 2 49
R MEM 0 6 49
R MEM 1 2 49
R MEM 1 6 49
R MEM 2 2 49
R MEM 2 6 49
R MEM 3 2 49
R MEM 3 6 49
R MEM 0 2 49
R MEM 0 6 49
R MEM 1 2 49
R MEM 1 6 49
R MEM 2 2 49
R MEM 2 6 49
R MEM 3 2 49
R MEM 3 6 49
R MEM 0 2 49
R MEM 0 6 49
R MEM 1 2 49
R MEM 1 6 49
R MEM 2 2 49
R MEM 2 6 49
R MEM 3 2 49
R MEM 3 6 49
R MEM 0 2 49
R MEM 0 6 49
R MEM 1 2 49
R MEM 1 6 49
R MEM 2 2 49
R MEM 2 6 49
R MEM 3 2 49
R MEM 3 6 49
R MEM 0 2 49
R MEM 0 6 49
R MEM 1 2 49
R MEM 1 6 49
R MEM 2 2 49
R MEM 2 6 49
R MEM 3 2 49
R MEM 3 6 49
R MEM 0 2 49
R MEM 0 6 49
R MEM 1 2 49
R MEM 1 6 49
R MEM 2 2 49
R MEM 2 6 49
R MEM 3 2 49
R MEM 3 6 49
R MEM 0 2 49
R MEM 0 6 49
R MEM 1 2 49
R MEM 1 6 49
R MEM 2 2 49
R MEM 2 6 49
R MEM 3 2 49
R MEM 3 6 49
R MEM 0 2 50
R MEM 0 6 50
R MEM 1 2 50
R MEM 1 6 50
R MEM 2 2 50
R MEM 2 6 50
R MEM 3 2 50
R MEM 3 6 50
R MEM 0 2 50
R MEM 0 6 50
R MEM 1 2 50
R MEM 1 6 50
R MEM 2 2 50
R MEM 2 6 50
R MEM 3 2 50
R MEM 3 6 50
R MEM 0 2 50
R MEM 0 6 50
R MEM 1 2 50
R MEM 1 6 50
R MEM 2 2 50
R MEM 2 6 50
R MEM 3 2 50
R MEM 3 6 50
R MEM 0 2 50
R MEM 0 6 50
R MEM 1 2 50
R MEM 1 6 50
R MEM 2 2 50
R MEM 2 6 50
R MEM 3 2 50
R MEM 3 6 50
R MEM 0 2 50
R MEM 0 6 50
R MEM 1 2 50
R MEM 1 6 50
R MEM 2 2 50
R MEM 2 6 50
R MEM 3 2 50
R MEM 3 6 50
R MEM 0 2 50
R MEM 0 6 50
R MEM 1 2 50
R MEM 1 6 50
R MEM 2 2 50
R MEM 2 6 50
R MEM 3 2 50
R MEM 3 6 50
R MEM 0 2 50
R MEM 0 6 50
R MEM 1 2 50
R MEM 1 6 50
R MEM 2 2 50
R MEM 2 6 50
R MEM 3 2 50
R MEM 3 6 50
R MEM 0 2 50
R MEM 0 6 50
R MEM 1 2 50
R MEM 1 6 50
R MEM 2 2 50
R MEM 2 6 50
R MEM 3 2 50
R MEM 3 6 50
R MEM 0 2 50
R MEM 0 6 50
R MEM 1 2 50
R MEM 1 6 50
R MEM 2 2 50
R MEM 2 6 50
R MEM 3 2 50
R MEM 3 6 50
R MEM 0 2 50
R MEM 0 6 50
R MEM 1 2 50
R MEM 1 6 50
R MEM 2 2 50
R MEM 2 6 50
R MEM 3 2 50
R MEM 3 6 50
R MEM 0 2 50
R MEM 0 6 50
R MEM 1 2 50
R MEM 1 6 50
R MEM 2 2 50
R MEM 2 6 50
R MEM 3 2 50
R MEM 3 6 50
R MEM 0 2 50
R MEM 0 6 50
R MEM 1 2 50
R MEM 1 6 50
R MEM 2 2 50
R MEM 2 6 50
R MEM 3 2 50
R MEM 3 6 50
R MEM 0 2 50
R MEM 0 6 50
R MEM 1 2 50
R MEM 1 6 50
R MEM 2 2 50
R MEM 2 6 50
R MEM 3 2 50
R MEM 3 6 50
R MEM 0 2 50
R MEM 0 6 50
R MEM 1 2 50
R MEM 1 6 50
R MEM 2 2 50
R MEM 2 6 50
R MEM 3 2 50
R MEM 3 6 50
R MEM 0 2 50
R MEM 0 6 50
R MEM 1 2 50
R MEM 1 6 50
R MEM 2 2 50
R MEM 2 6 50
R MEM 3 2 50
R MEM 3 6 50
R MEM 0 2 50
R MEM 0 6 50
R MEM 1 2 50
R MEM 1 6 50
R MEM 2 2 50
R MEM 2 6 50
R MEM 3 2 50
R MEM 3 6 50
R MEM 0 2 51
R MEM 0 6 51
R MEM 1 2 51
R MEM 1 6 51
R MEM 2 2 51
R MEM 2 6 51
R MEM 3 2 51
R MEM 3 6 51
R MEM 0 2 51
R MEM 0 6 51
R MEM 1 2 51
R MEM 1 6 51
R MEM 2 2 51
R MEM 2 6 51
R MEM 3 2 51
R MEM 3 6 51
R MEM 0 2 51
R MEM 0 6 51
R MEM 1 2 51
R MEM 1 6 51
R MEM 2 2 51
R MEM 2 6 51
R MEM 3 2 51
R MEM 3 6 51
R MEM 0 2 51
R MEM 0 6 51
R MEM 1 2 51
R MEM 1 6 51
R MEM 2 2 51
R MEM 2 6 51
R MEM 3 2 51
R MEM 3 6 51
R MEM 0 2 51
R MEM 0 6 51
R MEM 1 2 51
R MEM 1 6 51
R MEM 2 2 51
R MEM 2 6 51
R MEM 3 2 51
R MEM 3 6 51
R MEM 0 2 51
R MEM 0 6 51
R MEM 1 2 51
R MEM 1 6 51
R MEM 2 2 51
R MEM 2 6 51
R MEM 3 2 51
R MEM 3 6 51
R MEM 0 2 51
R MEM 0 6 51
R MEM 1 2 51
R MEM 1 6 51
R MEM 2 2 51
R MEM 2 6 51
R MEM 3 2 51
R MEM 3 6 51
R MEM 0 2 51
R MEM 0 6 51
R MEM 1 2 51
R MEM 1 6 51
R MEM 2 2 51
R MEM 2 6 51
R MEM 3 2 51
R MEM 3 6 51
R MEM 0 2 51
R MEM 0 6 51
R MEM 1 2 51
R MEM 1 6 51
R MEM 2 2 51
R MEM 2 6 51
R MEM 3 2 51
R MEM 3 6 51
R MEM 0 2 51
R MEM 0 6 51
R MEM 1 2 51
R MEM 1 6 51
R MEM 2 2 51
R MEM 2 6 51
R MEM 3 2 51
R MEM 3 6 51
R MEM 0 2 51
R MEM 0 6 51
R MEM 1 2 51
R MEM 1 6 51
R MEM 2 2 51
R MEM 2 6 51
R MEM 3 2 51
R MEM 3 6 51
R MEM 0 2 51
R MEM 0 6 51
R MEM 1 2 51
R MEM 1 6 51
R MEM 2 2 51
R MEM 2 6 51
R MEM 3 2 51
R MEM 3 6 51
R MEM 0 2 51
R MEM 0 6 51
R MEM 1 2 51
R MEM 1 6 51
R MEM 2 2 51
R MEM 2 6 51
R MEM 3 2 51
R MEM 3 6 51
R MEM 0 2 51
R MEM 0 6 51
R MEM 1 2 51
R MEM 1 6 51
R MEM 2 2 51
R MEM 2 6 51
R MEM 3 2 51
R MEM 3 6 51
R MEM 0 2 51
R MEM 0 6 51
R MEM 1 2 51
R MEM 1 6 51
R MEM 2 2 51
R MEM 2 6 51
R MEM 3 2 51
R MEM 3 6 51
R MEM 0 2 51
R MEM 0 6 51
R MEM 1 2 51
R MEM 1 6 51
R MEM 2 2 51
R MEM 2 6 51
R MEM 3 2 51
R MEM 3 6 51
R MEM 0 2 52
R MEM 0 6 52
R MEM 1 2 52
R MEM 1 6 52
R MEM 2 2 52
R MEM 2 6 52
R MEM 3 2 52
R MEM 3 6 52
R MEM 0 2 52
R MEM 0 6 52
R MEM 1 2 52
R MEM 1 6 52
R MEM 2 2 52
R MEM 2 6 52
R MEM 3 2 52
R MEM 3 6 52
R MEM 0 2 52
R MEM 0 6 52
R MEM 1 2 52
R MEM 1 6 52
R MEM 2 2 52
R MEM 2 6 52
R MEM 3 2 52
R MEM 3 6 52
R MEM 0 2 52
R MEM 0 6 52
R MEM 1 2 52
R MEM 1 6 52
R MEM 2 2 52
R MEM 2 6 52
R MEM 3 2 52
R MEM 3 6 52
R MEM 0 2 52
R MEM 0 6 52
R MEM 1 2 52
R MEM 1 6 52
R MEM 2 2 52
R MEM 2 6 52
R MEM 3 2 52
R MEM 3 6 52
R MEM 0 2 52
R MEM 0 6 52
R MEM 1 2 52
R MEM 1 6 52
R MEM 2 2 52
R MEM 2 6 52
R MEM 3 2 52
R MEM 3 6 52
R MEM 0 2 52
R MEM 0 6 52
R MEM 1 2 52
R MEM 1 6 52
R MEM 2 2 52
R MEM 2 6 52
R MEM 3 2 52
R MEM 3 6 52
R MEM 0 2 52
R MEM 0 6 52
R MEM 1 2 52
R MEM 1 6 52
R MEM 2 2 52
R MEM 2 6 52
R MEM 3 2 52
R MEM 3 6 52
R MEM 0 2 52
R MEM 0 6 52
R MEM 1 2 52
R MEM 1 6 52
R MEM 2 2 52
R MEM 2 6 52
R MEM 3 2 52
R MEM 3 6 52
R MEM 0 2 52
R MEM 0 6 52
R MEM 1 2 52
R MEM 1 6 52
R MEM 2 2 52
R MEM 2 6 52
R MEM 3 2 52
R MEM 3 6 52
R MEM 0 2 52
R MEM 0 6 52
R MEM 1 2 52
R MEM 1 6 52
R MEM 2 2 52
R MEM 2 6 52
R MEM 3 2 52
R MEM 3 6 52
R MEM 0 2 52
R MEM 0 6 52
R MEM 1 2 52
R MEM 1 6 52
R MEM 2 2 52
R MEM 2 6 52
R MEM 3 2 52
R MEM 3 6 52
R MEM 0 2 52
R MEM 0 6 52
R MEM 1 2 52
R MEM 1 6 52
R MEM 2 2 52
R MEM 2 6 52
R MEM 3 2 52
R MEM 3 6 52
R MEM 0 2 52
R MEM 0 6 52
R MEM 1 2 52
R MEM 1 6 52
R MEM 2 2 52
R MEM 2 6 52
R MEM 3 2 52
R MEM 3 6 52
R MEM 0 2 52
R MEM 0 6 52
R MEM 1 2 52
R MEM 1 6 52
R MEM 2 2 52
R MEM 2 6 52
R MEM 3 2 52
R MEM 3 6 52
R MEM 0 2 52
R MEM 0 6 52
R MEM 1 2 52
R MEM 1 6 52
R MEM 2 2 52
R MEM 2 6 52
R MEM 3 2 52
R MEM 3 6 52
W MEM 0 0 49
W MEM 0 4 49
W MEM 1 0 49
W MEM 1 4 49
W MEM 2 0 49
W MEM 2 4 49
W MEM 3 0 49
W MEM 3 4 49
W MEM 0 0 49
W MEM 0 4 49
W MEM 1 0 49
W MEM 1 4 49
W MEM 2 0 49
W MEM 2 4 49
W MEM 3 0 49
W MEM 3 4 49
W MEM 0 0 49
W MEM 0 4 49
W MEM 1 0 49
W MEM 1 4 49
W MEM 2 0 49
W MEM 2 4 49
W MEM 3 0 49
W MEM 3 4 49
W MEM 0 0 49
W MEM 0 4 49
W MEM 1 0 49
W MEM 1 4 49
W MEM 2 0 49
W MEM 2 4 49
W MEM 3 0 49
W MEM 3 4 49
W MEM 0 0 49
W MEM 0 4 49
W MEM 1 0 49
W MEM 1 4 49
W MEM 2 0 49
W MEM 2 4 49
W MEM 3 0 49
W MEM 3 4 49
W MEM 0 0 49
W MEM 0 4 49
W MEM 1 0 49
W MEM 1 4 49
W MEM 2 0 49
W MEM 2 4 49
W MEM 3 0 49
W MEM 3 4 49
W MEM 0 0 49
W MEM 0 4 49
W MEM 1 0 49
W MEM 1 4 49
W MEM 2 0 49
W MEM 2 4 49
W MEM 3 0 49
W MEM 3 4 49
W MEM 0 0 49
W MEM 0 4 49
W MEM 1 0 49
W MEM 1 4 49
W MEM 2 0 49
W MEM 2 4 49
W MEM 3 0 49
W MEM 3 4 49
W MEM 0 0 49
W MEM 0 4 49
W MEM 1 0 49
W MEM 1 4 49
W MEM 2 0 49
W MEM 2 4 49
W MEM 3 0 49
W MEM 3 4 49
W MEM 0 0 49
W MEM 0 4 49
W MEM 1 0 49
W MEM 1 4 49
W MEM 2 0 49
W MEM 2 4 49
W MEM 3 0 49
W MEM 3 4 49
W MEM 0 0 49
W MEM 0 4 49
W MEM 1 0 49
W MEM 1 4 49
W MEM 2 0 49
W MEM 2 4 49
W MEM 3 0 49
W MEM 3 4 49
W MEM 0 0 49
W MEM 0 4 49
W MEM 1 0 49
W MEM 1 4 49
W MEM 2 0 49
W MEM 2 4 49
W MEM 3 0 49
W MEM 3 4 49
W MEM 0 0 49
W MEM 0 4 49
W MEM 1 0 49
W MEM 1 4 49
W MEM 2 0 49
W MEM 2 4 49
W MEM 3 0 49
W MEM 3 4 49
W MEM 0 0 49
W MEM 0 4 49
W MEM 1 0 49
W MEM 1 4 49
W MEM 2 0 49
W MEM 2 4 49
W MEM 3 0 49
W MEM 3 4 49
W MEM 0 0 49
W MEM 0 4 49
W MEM 1 0 49
W MEM 1 4 49
W MEM 2 0 49
W MEM 2 4 49
W MEM 3 0 49
W MEM 3 4 49
W MEM 0 0 49
W MEM 0 4 49
W MEM 1 0 49
W MEM 1 4 49
W MEM 2 0 49
W MEM 2 4 49
W MEM 3 0 49
W MEM 3 4 49
W MEM 0 0 50
W MEM 0 4 50
W MEM 1 0 50
W MEM 1 4 50
W MEM 2 0 50
W MEM 2 4 50
W MEM 3 0 50
W MEM 3 4 50
W MEM 0 0 50
W MEM 0 4 50
W MEM 1 0 50
W MEM 1 4 50
W MEM 2 0 50
W MEM 2 4 50
W MEM 3 0 50
W MEM 3 4 50
W MEM 0 0 50
W MEM 0 4 50
W MEM 1 0 50
W MEM 1 4 50
W MEM 2 0 50
W MEM 2 4 50
W MEM 3 0 50
W MEM 3 4 50
W MEM 0 0 50
W MEM 0 4 50
W MEM 1 0 50
W MEM 1 4 50
W MEM 2 0 50
W MEM 2 4 50
W MEM 3 0 50
W MEM 3 4 50
W MEM 0 0 50
W MEM 0 4 50
W MEM 1 0 50
W MEM 1 4 50
W MEM 2 0 50
W MEM 2 4 50
W MEM 3 0 50
W MEM 3 4 50
W MEM 0 0 50
W MEM 0 4 50
W MEM 1 0 50
W MEM 1 4 50
W MEM 2 0 50
W MEM 2 4 50
W MEM 3 0 50
W MEM 3 4 50
W MEM 0 0 50
W MEM 0 4 50
W MEM 1 0 50
W MEM 1 4 50
W MEM 2 0 50
W MEM 2 4 50
W MEM 3 0 50
W MEM 3 4 50
W MEM 0 0 50
W MEM 0 4 50
W MEM 1 0 50
W MEM 1 4 50
W MEM 2 0 50
W MEM 2 4 50
W MEM 3 0 50
W MEM 3 4 50
W MEM 0 0 50
W MEM 0 4 50
W MEM 1 0 50
W MEM 1 4 50
W MEM 2 0 50
W MEM 2 4 50
W MEM 3 0 50
W MEM 3 4 50
W MEM 0 0 50
W MEM 0 4 50
W MEM 1 0 50
W MEM 1 4 50
W MEM 2 0 50
W MEM 2 4 50
W MEM 3 0 50
W MEM 3 4 50
W MEM 0 0 50
W MEM 0 4 50
W MEM 1 0 50
W MEM 1 4 50
W MEM 2 0 50
W MEM 2 4 50
W MEM 3 0 50
W MEM 3 4 50
W MEM 0 0 50
W MEM 0 4 50
W MEM 1 0 50
W MEM 1 4 50
W MEM 2 0 50
W MEM 2 4 50
W MEM 3 0 50
W MEM 3 4 50
W MEM 0 0 50
W MEM 0 4 50
W MEM 1 0 50
W MEM 1 4 50
W MEM 2 0 50
W MEM 2 4 50
W MEM 3 0 50
W MEM 3 4 50
W MEM 0 0 50
W MEM 0 4 50
W MEM 1 0 50
W MEM 1 4 50
W MEM 2 0 50
W MEM 2 4 50
W MEM 3 0 50
W MEM 3 4 50
W MEM 0 0 50
W MEM 0 4 50
W MEM 1 0 50
W MEM 1 4 50
W MEM 2 0 50
W MEM 2 4 50
W MEM 3 0 50
W MEM 3 4 50
W MEM 0 0 50
W MEM 0 4 50
W MEM 1 0 50
W MEM 1 4 50
W MEM 2 0 50
W MEM 2 4 50
W MEM 3 0 50
W MEM 3 4 50
W MEM 0 0 51
W MEM 0 4 51
W MEM 1 0 51
W MEM 1 4 51
W MEM 2 0 51
W MEM 2 4 51
W MEM 3 0 51
W MEM 3 4 51
W MEM 0 0 51
W MEM 0 4 51
W MEM 1 0 51
W MEM 1 4 51
W MEM 2 0 51
W MEM 2 4 51
W MEM 3 0 51
W MEM 3 4 51
W MEM 0 0 51
W MEM 0 4 51
W MEM 1 0 51
W MEM 1 4 51
W MEM 2 0 51
W MEM 2 4 51
W MEM 3 0 51
W MEM 3 4 51
W MEM 0 0 51
W MEM 0 4 51
W MEM 1 0 51
W MEM 1 4 51
W MEM 2 0 51
W MEM 2 4 51
W MEM 3 0 51
W MEM 3 4 51
W MEM 0 0 51
W MEM 0 4 51
W MEM 1 0 51
W MEM 1 4 51
W MEM 2 0 51
W MEM 2 4 51
W MEM 3 0 51
W MEM 3 4 51
W MEM 0 0 51
W MEM 0 4 51
W MEM 1 0 51
W MEM 1 4 51
W MEM 2 0 51
W MEM 2 4 51
W MEM 3 0 51
W MEM 3 4 51
W MEM 0 0 51
W MEM 0 4 51
W MEM 1 0 51
W MEM 1 4 51
W MEM 2 0 51
W MEM 2 4 51
W MEM 3 0 51
W MEM 3 4 51
W MEM 0 0 51
W MEM 0 4 51
W MEM 1 0 51
W MEM 1 4 51
W MEM 2 0 51
W MEM 2 4 51
W MEM 3 0 51
W MEM 3 4 51
W MEM 0 0 51
W MEM 0 4 51
W MEM 1 0 51
W MEM 1 4 51
W MEM 2 0 51
W MEM 2 4 51
W MEM 3 0 51
W MEM 3 4 51
W MEM 0 0 51
W MEM 0 4 51
W MEM 1 0 51
W MEM 1 4 51
W MEM 2 0 51
W MEM 2 4 51
W MEM 3 0 51
W MEM 3 4 51
W MEM 0 0 51
W MEM 0 4 51
W MEM 1 0 51
W MEM 1 4 51
W MEM 2 0 51
W MEM 2 4 51
W MEM 3 0 51
W MEM 3 4 51
W MEM 0 0 51
W MEM 0 4 51
W MEM 1 0 51
W MEM 1 4 51
W MEM 2 0 51
W MEM 2 4 51
W MEM 3 0 51
W MEM 3 4 51
W MEM 0 0 51
W MEM 0 4 51
W MEM 1 0 51
W MEM 1 4 51
W MEM 2 0 51
W MEM 2 4 51
W MEM 3 0 51
W MEM 3 4 51
W MEM 0 0 51
W MEM 0 4 51
W MEM 1 0 51
W MEM 1 4 51
W MEM 2 0 51
W MEM 2 4 51
W MEM 3 0 51
W MEM 3 4 51
W MEM 0 0 51
W MEM 0 4 51
W MEM 1 0 51
W MEM 1 4 51
W MEM 2 0 51
W MEM 2 4 51
W MEM 3 0 51
W MEM 3 4 51
W MEM 0 0 51
W MEM 0 4 51
W MEM 1 0 51
W MEM 1 4 51
W MEM 2 0 51
W MEM 2 4 51
W MEM 3 0 51
W MEM 3 4 51
W MEM 0 0 52
W MEM 0 4 52
W MEM 1 0 52
W MEM 1 4 52
W MEM 2 0 52
W MEM 2 4 52
W MEM 3 0 52
W MEM 3 4 52
W MEM 0 0 52
W MEM 0 4 52
W MEM 1 0 52
W MEM 1 4 52
W MEM 2 0 52
W MEM 2 4 52
W MEM 3 0 52
W MEM 3 4 52
W MEM 0 0 52
W MEM 0 4 52
W MEM 1 0 52
W MEM 1 4 52
W MEM 2 0 52
W MEM 2 4 52
W MEM 3 0 52
W MEM 3 4 52
W MEM 0 0 52
W MEM 0 4 52
W MEM 1 0 52
W MEM 1 4 52
W MEM 2 0 52
W MEM 2 4 52
W MEM 3 0 52
W MEM 3 4 52
W MEM 0 0 52
W MEM 0 4 52
W MEM 1 0 52
W MEM 1 4 52
W MEM 2 0 52
W MEM 2 4 52
W MEM 3 0 52
W MEM 3 4 52
W MEM 0 0 52
W MEM 0 4 52
W MEM 1 0 52
W MEM 1 4 52
W MEM 2 0 52
W MEM 2 4 52
W MEM 3 0 52
W MEM 3 4 52
W MEM 0 0 52
W MEM 0 4 52
W MEM 1 0 52
W MEM 1 4 52
W MEM 2 0 52
W MEM 2 4 52
W MEM 3 0 52
W MEM 3 4 52
W MEM 0 0 52
W MEM 0 4 52
W MEM 1 0 52
W MEM 1 4 52
W MEM 2 0 52
W MEM 2 4 52
W MEM 3 0 52
W MEM 3 4 52
W MEM 0 0 52
W MEM 0 4 52
W MEM 1 0 52
W MEM 1 4 52
W MEM 2 0 52
W MEM 2 4 52
W MEM 3 0 52
W MEM 3 4 52
W MEM 0 0 52
W MEM 0 4 52
W MEM 1 0 52
W MEM 1 4 52
W MEM 2 0 52
W MEM 2 4 52
W MEM 3 0 52
W MEM 3 4 52
W MEM 0 0 52
W MEM 0 4 52
W MEM 1 0 52
W MEM 1 4 52
W MEM 2 0 52
W MEM 2 4 52
W MEM 3 0 52
W MEM 3 4 52
W MEM 0 0 52
W MEM 0 4 52
W MEM 1 0 52
W MEM 1 4 52
W MEM 2 0 52
W MEM 2 4 52
W MEM 3 0 52
W MEM 3 4 52
W MEM 0 0 52
W MEM 0 4 52
W MEM 1 0 52
W MEM 1 4 52
W MEM 2 0 52
W MEM 2 4 52
W MEM 3 0 52
W MEM 3 4 52
W MEM 0 0 52
W MEM 0 4 52
W MEM 1 0 52
W MEM 1 4 52
W MEM 2 0 52
W MEM 2 4 52
W MEM 3 0 52
W MEM 3 4 52
W MEM 0 0 52
W MEM 0 4 52
W MEM 1 0 52
W MEM 1 4 52
W MEM 2 0 52
W MEM 2 4 52
W MEM 3 0 52
W MEM 3 4 52
W MEM 0 0 52
W MEM 0 4 52
W MEM 1 0 52
W MEM 1 4 52
W MEM 2 0 52
W MEM 2 4 52
W MEM 3 0 52
W MEM 3 4 52
AiM EWMUL 16 0xffffffff 49
AiM EWMUL 16 0xffffffff 50
AiM EWMUL 16 0xffffffff 51
AiM EWMUL 16 0xffffffff 52
R MEM 0 2 49
R MEM 0 6 49
R MEM 1 2 49
R MEM 1 6 49
R MEM 2 2 49
R MEM 2 6 49
R MEM 3 2 49
R MEM 3 6 49
R MEM 0 2 49
R MEM 0 6 49
R MEM 1 2 49
R MEM 1 6 49
R MEM 2 2 49
R MEM 2 6 49
R MEM 3 2 49
R MEM 3 6 49
R MEM 0 2 49
R MEM 0 6 49
R MEM 1 2 49
R MEM 1 6 49
R MEM 2 2 49
R MEM 2 6 49
R MEM 3 2 49
R MEM 3 6 49
R MEM 0 2 49
R MEM 0 6 49
R MEM 1 2 49
R MEM 1 6 49
R MEM 2 2 49
R MEM 2 6 49
R MEM 3 2 49
R MEM 3 6 49
R MEM 0 2 49
R MEM 0 6 49
R MEM 1 2 49
R MEM 1 6 49
R MEM 2 2 49
R MEM 2 6 49
R MEM 3 2 49
R MEM 3 6 49
R MEM 0 2 49
R MEM 0 6 49
R MEM 1 2 49
R MEM 1 6 49
R MEM 2 2 49
R MEM 2 6 49
R MEM 3 2 49
R MEM 3 6 49
R MEM 0 2 49
R MEM 0 6 49
R MEM 1 2 49
R MEM 1 6 49
R MEM 2 2 49
R MEM 2 6 49
R MEM 3 2 49
R MEM 3 6 49
R MEM 0 2 49
R MEM 0 6 49
R MEM 1 2 49
R MEM 1 6 49
R MEM 2 2 49
R MEM 2 6 49
R MEM 3 2 49
R MEM 3 6 49
R MEM 0 2 49
R MEM 0 6 49
R MEM 1 2 49
R MEM 1 6 49
R MEM 2 2 49
R MEM 2 6 49
R MEM 3 2 49
R MEM 3 6 49
R MEM 0 2 49
R MEM 0 6 49
R MEM 1 2 49
R MEM 1 6 49
R MEM 2 2 49
R MEM 2 6 49
R MEM 3 2 49
R MEM 3 6 49
R MEM 0 2 49
R MEM 0 6 49
R MEM 1 2 49
R MEM 1 6 49
R MEM 2 2 49
R MEM 2 6 49
R MEM 3 2 49
R MEM 3 6 49
R MEM 0 2 49
R MEM 0 6 49
R MEM 1 2 49
R MEM 1 6 49
R MEM 2 2 49
R MEM 2 6 49
R MEM 3 2 49
R MEM 3 6 49
R MEM 0 2 49
R MEM 0 6 49
R MEM 1 2 49
R MEM 1 6 49
R MEM 2 2 49
R MEM 2 6 49
R MEM 3 2 49
R MEM 3 6 49
R MEM 0 2 49
R MEM 0 6 49
R MEM 1 2 49
R MEM 1 6 49
R MEM 2 2 49
R MEM 2 6 49
R MEM 3 2 49
R MEM 3 6 49
R MEM 0 2 49
R MEM 0 6 49
R MEM 1 2 49
R MEM 1 6 49
R MEM 2 2 49
R MEM 2 6 49
R MEM 3 2 49
R MEM 3 6 49
R MEM 0 2 49
R MEM 0 6 49
R MEM 1 2 49
R MEM 1 6 49
R MEM 2 2 49
R MEM 2 6 49
R MEM 3 2 49
R MEM 3 6 49
R MEM 0 2 50
R MEM 0 6 50
R MEM 1 2 50
R MEM 1 6 50
R MEM 2 2 50
R MEM 2 6 50
R MEM 3 2 50
R MEM 3 6 50
R MEM 0 2 50
R MEM 0 6 50
R MEM 1 2 50
R MEM 1 6 50
R MEM 2 2 50
R MEM 2 6 50
R MEM 3 2 50
R MEM 3 6 50
R MEM 0 2 50
R MEM 0 6 50
R MEM 1 2 50
R MEM 1 6 50
R MEM 2 2 50
R MEM 2 6 50
R MEM 3 2 50
R MEM 3 6 50
R MEM 0 2 50
R MEM 0 6 50
R MEM 1 2 50
R MEM 1 6 50
R MEM 2 2 50
R MEM 2 6 50
R MEM 3 2 50
R MEM 3 6 50
R MEM 0 2 50
R MEM 0 6 50
R MEM 1 2 50
R MEM 1 6 50
R MEM 2 2 50
R MEM 2 6 50
R MEM 3 2 50
R MEM 3 6 50
R MEM 0 2 50
R MEM 0 6 50
R MEM 1 2 50
R MEM 1 6 50
R MEM 2 2 50
R MEM 2 6 50
R MEM 3 2 50
R MEM 3 6 50
R MEM 0 2 50
R MEM 0 6 50
R MEM 1 2 50
R MEM 1 6 50
R MEM 2 2 50
R MEM 2 6 50
R MEM 3 2 50
R MEM 3 6 50
R MEM 0 2 50
R MEM 0 6 50
R MEM 1 2 50
R MEM 1 6 50
R MEM 2 2 50
R MEM 2 6 50
R MEM 3 2 50
R MEM 3 6 50
R MEM 0 2 50
R MEM 0 6 50
R MEM 1 2 50
R MEM 1 6 50
R MEM 2 2 50
R MEM 2 6 50
R MEM 3 2 50
R MEM 3 6 50
R MEM 0 2 50
R MEM 0 6 50
R MEM 1 2 50
R MEM 1 6 50
R MEM 2 2 50
R MEM 2 6 50
R MEM 3 2 50
R MEM 3 6 50
R MEM 0 2 50
R MEM 0 6 50
R MEM 1 2 50
R MEM 1 6 50
R MEM 2 2 50
R MEM 2 6 50
R MEM 3 2 50
R MEM 3 6 50
R MEM 0 2 50
R MEM 0 6 50
R MEM 1 2 50
R MEM 1 6 50
R MEM 2 2 50
R MEM 2 6 50
R MEM 3 2 50
R MEM 3 6 50
R MEM 0 2 50
R MEM 0 6 50
R MEM 1 2 50
R MEM 1 6 50
R MEM 2 2 50
R MEM 2 6 50
R MEM 3 2 50
R MEM 3 6 50
R MEM 0 2 50
R MEM 0 6 50
R MEM 1 2 50
R MEM 1 6 50
R MEM 2 2 50
R MEM 2 6 50
R MEM 3 2 50
R MEM 3 6 50
R MEM 0 2 50
R MEM 0 6 50
R MEM 1 2 50
R MEM 1 6 50
R MEM 2 2 50
R MEM 2 6 50
R MEM 3 2 50
R MEM 3 6 50
R MEM 0 2 50
R MEM 0 6 50
R MEM 1 2 50
R MEM 1 6 50
R MEM 2 2 50
R MEM 2 6 50
R MEM 3 2 50
R MEM 3 6 50
R MEM 0 2 51
R MEM 0 6 51
R MEM 1 2 51
R MEM 1 6 51
R MEM 2 2 51
R MEM 2 6 51
R MEM 3 2 51
R MEM 3 6 51
R MEM 0 2 51
R MEM 0 6 51
R MEM 1 2 51
R MEM 1 6 51
R MEM 2 2 51
R MEM 2 6 51
R MEM 3 2 51
R MEM 3 6 51
R MEM 0 2 51
R MEM 0 6 51
R MEM 1 2 51
R MEM 1 6 51
R MEM 2 2 51
R MEM 2 6 51
R MEM 3 2 51
R MEM 3 6 51
R MEM 0 2 51
R MEM 0 6 51
R MEM 1 2 51
R MEM 1 6 51
R MEM 2 2 51
R MEM 2 6 51
R MEM 3 2 51
R MEM 3 6 51
R MEM 0 2 51
R MEM 0 6 51
R MEM 1 2 51
R MEM 1 6 51
R MEM 2 2 51
R MEM 2 6 51
R MEM 3 2 51
R MEM 3 6 51
R MEM 0 2 51
R MEM 0 6 51
R MEM 1 2 51
R MEM 1 6 51
R MEM 2 2 51
R MEM 2 6 51
R MEM 3 2 51
R MEM 3 6 51
R MEM 0 2 51
R MEM 0 6 51
R MEM 1 2 51
R MEM 1 6 51
R MEM 2 2 51
R MEM 2 6 51
R MEM 3 2 51
R MEM 3 6 51
R MEM 0 2 51
R MEM 0 6 51
R MEM 1 2 51
R MEM 1 6 51
R MEM 2 2 51
R MEM 2 6 51
R MEM 3 2 51
R MEM 3 6 51
R MEM 0 2 51
R MEM 0 6 51
R MEM 1 2 51
R MEM 1 6 51
R MEM 2 2 51
R MEM 2 6 51
R MEM 3 2 51
R MEM 3 6 51
R MEM 0 2 51
R MEM 0 6 51
R MEM 1 2 51
R MEM 1 6 51
R MEM 2 2 51
R MEM 2 6 51
R MEM 3 2 51
R MEM 3 6 51
R MEM 0 2 51
R MEM 0 6 51
R MEM 1 2 51
R MEM 1 6 51
R MEM 2 2 51
R MEM 2 6 51
R MEM 3 2 51
R MEM 3 6 51
R MEM 0 2 51
R MEM 0 6 51
R MEM 1 2 51
R MEM 1 6 51
R MEM 2 2 51
R MEM 2 6 51
R MEM 3 2 51
R MEM 3 6 51
R MEM 0 2 51
R MEM 0 6 51
R MEM 1 2 51
R MEM 1 6 51
R MEM 2 2 51
R MEM 2 6 51
R MEM 3 2 51
R MEM 3 6 51
R MEM 0 2 51
R MEM 0 6 51
R MEM 1 2 51
R MEM 1 6 51
R MEM 2 2 51
R MEM 2 6 51
R MEM 3 2 51
R MEM 3 6 51
R MEM 0 2 51
R MEM 0 6 51
R MEM 1 2 51
R MEM 1 6 51
R MEM 2 2 51
R MEM 2 6 51
R MEM 3 2 51
R MEM 3 6 51
R MEM 0 2 51
R MEM 0 6 51
R MEM 1 2 51
R MEM 1 6 51
R MEM 2 2 51
R MEM 2 6 51
R MEM 3 2 51
R MEM 3 6 51
R MEM 0 2 52
R MEM 0 6 52
R MEM 1 2 52
R MEM 1 6 52
R MEM 2 2 52
R MEM 2 6 52
R MEM 3 2 52
R MEM 3 6 52
R MEM 0 2 52
R MEM 0 6 52
R MEM 1 2 52
R MEM 1 6 52
R MEM 2 2 52
R MEM 2 6 52
R MEM 3 2 52
R MEM 3 6 52
R MEM 0 2 52
R MEM 0 6 52
R MEM 1 2 52
R MEM 1 6 52
R MEM 2 2 52
R MEM 2 6 52
R MEM 3 2 52
R MEM 3 6 52
R MEM 0 2 52
R MEM 0 6 52
R MEM 1 2 52
R MEM 1 6 52
R MEM 2 2 52
R MEM 2 6 52
R MEM 3 2 52
R MEM 3 6 52
R MEM 0 2 52
R MEM 0 6 52
R MEM 1 2 52
R MEM 1 6 52
R MEM 2 2 52
R MEM 2 6 52
R MEM 3 2 52
R MEM 3 6 52
R MEM 0 2 52
R MEM 0 6 52
R MEM 1 2 52
R MEM 1 6 52
R MEM 2 2 52
R MEM 2 6 52
R MEM 3 2 52
R MEM 3 6 52
R MEM 0 2 52
R MEM 0 6 52
R MEM 1 2 52
R MEM 1 6 52
R MEM 2 2 52
R MEM 2 6 52
R MEM 3 2 52
R MEM 3 6 52
R MEM 0 2 52
R MEM 0 6 52
R MEM 1 2 52
R MEM 1 6 52
R MEM 2 2 52
R MEM 2 6 52
R MEM 3 2 52
R MEM 3 6 52
R MEM 0 2 52
R MEM 0 6 52
R MEM 1 2 52
R MEM 1 6 52
R MEM 2 2 52
R MEM 2 6 52
R MEM 3 2 52
R MEM 3 6 52
R MEM 0 2 52
R MEM 0 6 52
R MEM 1 2 52
R MEM 1 6 52
R MEM 2 2 52
R MEM 2 6 52
R MEM 3 2 52
R MEM 3 6 52
R MEM 0 2 52
R MEM 0 6 52
R MEM 1 2 52
R MEM 1 6 52
R MEM 2 2 52
R MEM 2 6 52
R MEM 3 2 52
R MEM 3 6 52
R MEM 0 2 52
R MEM 0 6 52
R MEM 1 2 52
R MEM 1 6 52
R MEM 2 2 52
R MEM 2 6 52
R MEM 3 2 52
R MEM 3 6 52
R MEM 0 2 52
R MEM 0 6 52
R MEM 1 2 52
R MEM 1 6 52
R MEM 2 2 52
R MEM 2 6 52
R MEM 3 2 52
R MEM 3 6 52
R MEM 0 2 52
R MEM 0 6 52
R MEM 1 2 52
R MEM 1 6 52
R MEM 2 2 52
R MEM 2 6 52
R MEM 3 2 52
R MEM 3 6 52
R MEM 0 2 52
R MEM 0 6 52
R MEM 1 2 52
R MEM 1 6 52
R MEM 2 2 52
R MEM 2 6 52
R MEM 3 2 52
R MEM 3 6 52
R MEM 0 2 52
R MEM 0 6 52
R MEM 1 2 52
R MEM 1 6 52
R MEM 2 2 52
R MEM 2 6 52
R MEM 3 2 52
R MEM 3 6 52
AiM EWMUL 16 0xffffffff 49
AiM EWMUL 16 0xffffffff 50
AiM EWMUL 16 0xffffffff 51
AiM EWMUL 16 0xffffffff 52
AiM EWMUL 16 0xffffffff 53
AiM EWMUL 16 0xffffffff 54
AiM EWMUL 16 0xffffffff 55
AiM EWMUL 16 0xffffffff 56
R MEM 0 2 49
R MEM 0 6 49
R MEM 1 2 49
R MEM 1 6 49
R MEM 2 2 49
R MEM 2 6 49
R MEM 3 2 49
R MEM 3 6 49
R MEM 0 2 49
R MEM 0 6 49
R MEM 1 2 49
R MEM 1 6 49
R MEM 2 2 49
R MEM 2 6 49
R MEM 3 2 49
R MEM 3 6 49
R MEM 0 2 49
R MEM 0 6 49
R MEM 1 2 49
R MEM 1 6 49
R MEM 2 2 49
R MEM 2 6 49
R MEM 3 2 49
R MEM 3 6 49
R MEM 0 2 49
R MEM 0 6 49
R MEM 1 2 49
R MEM 1 6 49
R MEM 2 2 49
R MEM 2 6 49
R MEM 3 2 49
R MEM 3 6 49
R MEM 0 2 49
R MEM 0 6 49
R MEM 1 2 49
R MEM 1 6 49
R MEM 2 2 49
R MEM 2 6 49
R MEM 3 2 49
R MEM 3 6 49
R MEM 0 2 49
R MEM 0 6 49
R MEM 1 2 49
R MEM 1 6 49
R MEM 2 2 49
R MEM 2 6 49
R MEM 3 2 49
R MEM 3 6 49
R MEM 0 2 49
R MEM 0 6 49
R MEM 1 2 49
R MEM 1 6 49
R MEM 2 2 49
R MEM 2 6 49
R MEM 3 2 49
R MEM 3 6 49
R MEM 0 2 49
R MEM 0 6 49
R MEM 1 2 49
R MEM 1 6 49
R MEM 2 2 49
R MEM 2 6 49
R MEM 3 2 49
R MEM 3 6 49
R MEM 0 2 49
R MEM 0 6 49
R MEM 1 2 49
R MEM 1 6 49
R MEM 2 2 49
R MEM 2 6 49
R MEM 3 2 49
R MEM 3 6 49
R MEM 0 2 49
R MEM 0 6 49
R MEM 1 2 49
R MEM 1 6 49
R MEM 2 2 49
R MEM 2 6 49
R MEM 3 2 49
R MEM 3 6 49
R MEM 0 2 49
R MEM 0 6 49
R MEM 1 2 49
R MEM 1 6 49
R MEM 2 2 49
R MEM 2 6 49
R MEM 3 2 49
R MEM 3 6 49
R MEM 0 2 49
R MEM 0 6 49
R MEM 1 2 49
R MEM 1 6 49
R MEM 2 2 49
R MEM 2 6 49
R MEM 3 2 49
R MEM 3 6 49
R MEM 0 2 49
R MEM 0 6 49
R MEM 1 2 49
R MEM 1 6 49
R MEM 2 2 49
R MEM 2 6 49
R MEM 3 2 49
R MEM 3 6 49
R MEM 0 2 49
R MEM 0 6 49
R MEM 1 2 49
R MEM 1 6 49
R MEM 2 2 49
R MEM 2 6 49
R MEM 3 2 49
R MEM 3 6 49
R MEM 0 2 49
R MEM 0 6 49
R MEM 1 2 49
R MEM 1 6 49
R MEM 2 2 49
R MEM 2 6 49
R MEM 3 2 49
R MEM 3 6 49
R MEM 0 2 49
R MEM 0 6 49
R MEM 1 2 49
R MEM 1 6 49
R MEM 2 2 49
R MEM 2 6 49
R MEM 3 2 49
R MEM 3 6 49
R MEM 0 2 50
R MEM 0 6 50
R MEM 1 2 50
R MEM 1 6 50
R MEM 2 2 50
R MEM 2 6 50
R MEM 3 2 50
R MEM 3 6 50
R MEM 0 2 50
R MEM 0 6 50
R MEM 1 2 50
R MEM 1 6 50
R MEM 2 2 50
R MEM 2 6 50
R MEM 3 2 50
R MEM 3 6 50
R MEM 0 2 50
R MEM 0 6 50
R MEM 1 2 50
R MEM 1 6 50
R MEM 2 2 50
R MEM 2 6 50
R MEM 3 2 50
R MEM 3 6 50
R MEM 0 2 50
R MEM 0 6 50
R MEM 1 2 50
R MEM 1 6 50
R MEM 2 2 50
R MEM 2 6 50
R MEM 3 2 50
R MEM 3 6 50
R MEM 0 2 50
R MEM 0 6 50
R MEM 1 2 50
R MEM 1 6 50
R MEM 2 2 50
R MEM 2 6 50
R MEM 3 2 50
R MEM 3 6 50
R MEM 0 2 50
R MEM 0 6 50
R MEM 1 2 50
R MEM 1 6 50
R MEM 2 2 50
R MEM 2 6 50
R MEM 3 2 50
R MEM 3 6 50
R MEM 0 2 50
R MEM 0 6 50
R MEM 1 2 50
R MEM 1 6 50
R MEM 2 2 50
R MEM 2 6 50
R MEM 3 2 50
R MEM 3 6 50
R MEM 0 2 50
R MEM 0 6 50
R MEM 1 2 50
R MEM 1 6 50
R MEM 2 2 50
R MEM 2 6 50
R MEM 3 2 50
R MEM 3 6 50
R MEM 0 2 50
R MEM 0 6 50
R MEM 1 2 50
R MEM 1 6 50
R MEM 2 2 50
R MEM 2 6 50
R MEM 3 2 50
R MEM 3 6 50
R MEM 0 2 50
R MEM 0 6 50
R MEM 1 2 50
R MEM 1 6 50
R MEM 2 2 50
R MEM 2 6 50
R MEM 3 2 50
R MEM 3 6 50
R MEM 0 2 50
R MEM 0 6 50
R MEM 1 2 50
R MEM 1 6 50
R MEM 2 2 50
R MEM 2 6 50
R MEM 3 2 50
R MEM 3 6 50
R MEM 0 2 50
R MEM 0 6 50
R MEM 1 2 50
R MEM 1 6 50
R MEM 2 2 50
R MEM 2 6 50
R MEM 3 2 50
R MEM 3 6 50
R MEM 0 2 50
R MEM 0 6 50
R MEM 1 2 50
R MEM 1 6 50
R MEM 2 2 50
R MEM 2 6 50
R MEM 3 2 50
R MEM 3 6 50
R MEM 0 2 50
R MEM 0 6 50
R MEM 1 2 50
R MEM 1 6 50
R MEM 2 2 50
R MEM 2 6 50
R MEM 3 2 50
R MEM 3 6 50
R MEM 0 2 50
R MEM 0 6 50
R MEM 1 2 50
R MEM 1 6 50
R MEM 2 2 50
R MEM 2 6 50
R MEM 3 2 50
R MEM 3 6 50
R MEM 0 2 50
R MEM 0 6 50
R MEM 1 2 50
R MEM 1 6 50
R MEM 2 2 50
R MEM 2 6 50
R MEM 3 2 50
R MEM 3 6 50
R MEM 0 2 51
R MEM 0 6 51
R MEM 1 2 51
R MEM 1 6 51
R MEM 2 2 51
R MEM 2 6 51
R MEM 3 2 51
R MEM 3 6 51
R MEM 0 2 51
R MEM 0 6 51
R MEM 1 2 51
R MEM 1 6 51
R MEM 2 2 51
R MEM 2 6 51
R MEM 3 2 51
R MEM 3 6 51
R MEM 0 2 51
R MEM 0 6 51
R MEM 1 2 51
R MEM 1 6 51
R MEM 2 2 51
R MEM 2 6 51
R MEM 3 2 51
R MEM 3 6 51
R MEM 0 2 51
R MEM 0 6 51
R MEM 1 2 51
R MEM 1 6 51
R MEM 2 2 51
R MEM 2 6 51
R MEM 3 2 51
R MEM 3 6 51
R MEM 0 2 51
R MEM 0 6 51
R MEM 1 2 51
R MEM 1 6 51
R MEM 2 2 51
R MEM 2 6 51
R MEM 3 2 51
R MEM 3 6 51
R MEM 0 2 51
R MEM 0 6 51
R MEM 1 2 51
R MEM 1 6 51
R MEM 2 2 51
R MEM 2 6 51
R MEM 3 2 51
R MEM 3 6 51
R MEM 0 2 51
R MEM 0 6 51
R MEM 1 2 51
R MEM 1 6 51
R MEM 2 2 51
R MEM 2 6 51
R MEM 3 2 51
R MEM 3 6 51
R MEM 0 2 51
R MEM 0 6 51
R MEM 1 2 51
R MEM 1 6 51
R MEM 2 2 51
R MEM 2 6 51
R MEM 3 2 51
R MEM 3 6 51
R MEM 0 2 51
R MEM 0 6 51
R MEM 1 2 51
R MEM 1 6 51
R MEM 2 2 51
R MEM 2 6 51
R MEM 3 2 51
R MEM 3 6 51
R MEM 0 2 51
R MEM 0 6 51
R MEM 1 2 51
R MEM 1 6 51
R MEM 2 2 51
R MEM 2 6 51
R MEM 3 2 51
R MEM 3 6 51
R MEM 0 2 51
R MEM 0 6 51
R MEM 1 2 51
R MEM 1 6 51
R MEM 2 2 51
R MEM 2 6 51
R MEM 3 2 51
R MEM 3 6 51
R MEM 0 2 51
R MEM 0 6 51
R MEM 1 2 51
R MEM 1 6 51
R MEM 2 2 51
R MEM 2 6 51
R MEM 3 2 51
R MEM 3 6 51
R MEM 0 2 51
R MEM 0 6 51
R MEM 1 2 51
R MEM 1 6 51
R MEM 2 2 51
R MEM 2 6 51
R MEM 3 2 51
R MEM 3 6 51
R MEM 0 2 51
R MEM 0 6 51
R MEM 1 2 51
R MEM 1 6 51
R MEM 2 2 51
R MEM 2 6 51
R MEM 3 2 51
R MEM 3 6 51
R MEM 0 2 51
R MEM 0 6 51
R MEM 1 2 51
R MEM 1 6 51
R MEM 2 2 51
R MEM 2 6 51
R MEM 3 2 51
R MEM 3 6 51
R MEM 0 2 51
R MEM 0 6 51
R MEM 1 2 51
R MEM 1 6 51
R MEM 2 2 51
R MEM 2 6 51
R MEM 3 2 51
R MEM 3 6 51
R MEM 0 2 52
R MEM 0 6 52
R MEM 1 2 52
R MEM 1 6 52
R MEM 2 2 52
R MEM 2 6 52
R MEM 3 2 52
R MEM 3 6 52
R MEM 0 2 52
R MEM 0 6 52
R MEM 1 2 52
R MEM 1 6 52
R MEM 2 2 52
R MEM 2 6 52
R MEM 3 2 52
R MEM 3 6 52
R MEM 0 2 52
R MEM 0 6 52
R MEM 1 2 52
R MEM 1 6 52
R MEM 2 2 52
R MEM 2 6 52
R MEM 3 2 52
R MEM 3 6 52
R MEM 0 2 52
R MEM 0 6 52
R MEM 1 2 52
R MEM 1 6 52
R MEM 2 2 52
R MEM 2 6 52
R MEM 3 2 52
R MEM 3 6 52
R MEM 0 2 52
R MEM 0 6 52
R MEM 1 2 52
R MEM 1 6 52
R MEM 2 2 52
R MEM 2 6 52
R MEM 3 2 52
R MEM 3 6 52
R MEM 0 2 52
R MEM 0 6 52
R MEM 1 2 52
R MEM 1 6 52
R MEM 2 2 52
R MEM 2 6 52
R MEM 3 2 52
R MEM 3 6 52
R MEM 0 2 52
R MEM 0 6 52
R MEM 1 2 52
R MEM 1 6 52
R MEM 2 2 52
R MEM 2 6 52
R MEM 3 2 52
R MEM 3 6 52
R MEM 0 2 52
R MEM 0 6 52
R MEM 1 2 52
R MEM 1 6 52
R MEM 2 2 52
R MEM 2 6 52
R MEM 3 2 52
R MEM 3 6 52
R MEM 0 2 52
R MEM 0 6 52
R MEM 1 2 52
R MEM 1 6 52
R MEM 2 2 52
R MEM 2 6 52
R MEM 3 2 52
R MEM 3 6 52
R MEM 0 2 52
R MEM 0 6 52
R MEM 1 2 52
R MEM 1 6 52
R MEM 2 2 52
R MEM 2 6 52
R MEM 3 2 52
R MEM 3 6 52
R MEM 0 2 52
R MEM 0 6 52
R MEM 1 2 52
R MEM 1 6 52
R MEM 2 2 52
R MEM 2 6 52
R MEM 3 2 52
R MEM 3 6 52
R MEM 0 2 52
R MEM 0 6 52
R MEM 1 2 52
R MEM 1 6 52
R MEM 2 2 52
R MEM 2 6 52
R MEM 3 2 52
R MEM 3 6 52
R MEM 0 2 52
R MEM 0 6 52
R MEM 1 2 52
R MEM 1 6 52
R MEM 2 2 52
R MEM 2 6 52
R MEM 3 2 52
R MEM 3 6 52
R MEM 0 2 52
R MEM 0 6 52
R MEM 1 2 52
R MEM 1 6 52
R MEM 2 2 52
R MEM 2 6 52
R MEM 3 2 52
R MEM 3 6 52
R MEM 0 2 52
R MEM 0 6 52
R MEM 1 2 52
R MEM 1 6 52
R MEM 2 2 52
R MEM 2 6 52
R MEM 3 2 52
R MEM 3 6 52
R MEM 0 2 52
R MEM 0 6 52
R MEM 1 2 52
R MEM 1 6 52
R MEM 2 2 52
R MEM 2 6 52
R MEM 3 2 52
R MEM 3 6 52
R MEM 0 2 53
R MEM 0 6 53
R MEM 1 2 53
R MEM 1 6 53
R MEM 2 2 53
R MEM 2 6 53
R MEM 3 2 53
R MEM 3 6 53
R MEM 0 2 53
R MEM 0 6 53
R MEM 1 2 53
R MEM 1 6 53
R MEM 2 2 53
R MEM 2 6 53
R MEM 3 2 53
R MEM 3 6 53
R MEM 0 2 53
R MEM 0 6 53
R MEM 1 2 53
R MEM 1 6 53
R MEM 2 2 53
R MEM 2 6 53
R MEM 3 2 53
R MEM 3 6 53
R MEM 0 2 53
R MEM 0 6 53
R MEM 1 2 53
R MEM 1 6 53
R MEM 2 2 53
R MEM 2 6 53
R MEM 3 2 53
R MEM 3 6 53
R MEM 0 2 53
R MEM 0 6 53
R MEM 1 2 53
R MEM 1 6 53
R MEM 2 2 53
R MEM 2 6 53
R MEM 3 2 53
R MEM 3 6 53
R MEM 0 2 53
R MEM 0 6 53
R MEM 1 2 53
R MEM 1 6 53
R MEM 2 2 53
R MEM 2 6 53
R MEM 3 2 53
R MEM 3 6 53
R MEM 0 2 53
R MEM 0 6 53
R MEM 1 2 53
R MEM 1 6 53
R MEM 2 2 53
R MEM 2 6 53
R MEM 3 2 53
R MEM 3 6 53
R MEM 0 2 53
R MEM 0 6 53
R MEM 1 2 53
R MEM 1 6 53
R MEM 2 2 53
R MEM 2 6 53
R MEM 3 2 53
R MEM 3 6 53
R MEM 0 2 53
R MEM 0 6 53
R MEM 1 2 53
R MEM 1 6 53
R MEM 2 2 53
R MEM 2 6 53
R MEM 3 2 53
R MEM 3 6 53
R MEM 0 2 53
R MEM 0 6 53
R MEM 1 2 53
R MEM 1 6 53
R MEM 2 2 53
R MEM 2 6 53
R MEM 3 2 53
R MEM 3 6 53
R MEM 0 2 53
R MEM 0 6 53
R MEM 1 2 53
R MEM 1 6 53
R MEM 2 2 53
R MEM 2 6 53
R MEM 3 2 53
R MEM 3 6 53
R MEM 0 2 53
R MEM 0 6 53
R MEM 1 2 53
R MEM 1 6 53
R MEM 2 2 53
R MEM 2 6 53
R MEM 3 2 53
R MEM 3 6 53
R MEM 0 2 53
R MEM 0 6 53
R MEM 1 2 53
R MEM 1 6 53
R MEM 2 2 53
R MEM 2 6 53
R MEM 3 2 53
R MEM 3 6 53
R MEM 0 2 53
R MEM 0 6 53
R MEM 1 2 53
R MEM 1 6 53
R MEM 2 2 53
R MEM 2 6 53
R MEM 3 2 53
R MEM 3 6 53
R MEM 0 2 53
R MEM 0 6 53
R MEM 1 2 53
R MEM 1 6 53
R MEM 2 2 53
R MEM 2 6 53
R MEM 3 2 53
R MEM 3 6 53
R MEM 0 2 53
R MEM 0 6 53
R MEM 1 2 53
R MEM 1 6 53
R MEM 2 2 53
R MEM 2 6 53
R MEM 3 2 53
R MEM 3 6 53
R MEM 0 2 54
R MEM 0 6 54
R MEM 1 2 54
R MEM 1 6 54
R MEM 2 2 54
R MEM 2 6 54
R MEM 3 2 54
R MEM 3 6 54
R MEM 0 2 54
R MEM 0 6 54
R MEM 1 2 54
R MEM 1 6 54
R MEM 2 2 54
R MEM 2 6 54
R MEM 3 2 54
R MEM 3 6 54
R MEM 0 2 54
R MEM 0 6 54
R MEM 1 2 54
R MEM 1 6 54
R MEM 2 2 54
R MEM 2 6 54
R MEM 3 2 54
R MEM 3 6 54
R MEM 0 2 54
R MEM 0 6 54
R MEM 1 2 54
R MEM 1 6 54
R MEM 2 2 54
R MEM 2 6 54
R MEM 3 2 54
R MEM 3 6 54
R MEM 0 2 54
R MEM 0 6 54
R MEM 1 2 54
R MEM 1 6 54
R MEM 2 2 54
R MEM 2 6 54
R MEM 3 2 54
R MEM 3 6 54
R MEM 0 2 54
R MEM 0 6 54
R MEM 1 2 54
R MEM 1 6 54
R MEM 2 2 54
R MEM 2 6 54
R MEM 3 2 54
R MEM 3 6 54
R MEM 0 2 54
R MEM 0 6 54
R MEM 1 2 54
R MEM 1 6 54
R MEM 2 2 54
R MEM 2 6 54
R MEM 3 2 54
R MEM 3 6 54
R MEM 0 2 54
R MEM 0 6 54
R MEM 1 2 54
R MEM 1 6 54
R MEM 2 2 54
R MEM 2 6 54
R MEM 3 2 54
R MEM 3 6 54
R MEM 0 2 54
R MEM 0 6 54
R MEM 1 2 54
R MEM 1 6 54
R MEM 2 2 54
R MEM 2 6 54
R MEM 3 2 54
R MEM 3 6 54
R MEM 0 2 54
R MEM 0 6 54
R MEM 1 2 54
R MEM 1 6 54
R MEM 2 2 54
R MEM 2 6 54
R MEM 3 2 54
R MEM 3 6 54
R MEM 0 2 54
R MEM 0 6 54
R MEM 1 2 54
R MEM 1 6 54
R MEM 2 2 54
R MEM 2 6 54
R MEM 3 2 54
R MEM 3 6 54
R MEM 0 2 54
R MEM 0 6 54
R MEM 1 2 54
R MEM 1 6 54
R MEM 2 2 54
R MEM 2 6 54
R MEM 3 2 54
R MEM 3 6 54
R MEM 0 2 54
R MEM 0 6 54
R MEM 1 2 54
R MEM 1 6 54
R MEM 2 2 54
R MEM 2 6 54
R MEM 3 2 54
R MEM 3 6 54
R MEM 0 2 54
R MEM 0 6 54
R MEM 1 2 54
R MEM 1 6 54
R MEM 2 2 54
R MEM 2 6 54
R MEM 3 2 54
R MEM 3 6 54
R MEM 0 2 54
R MEM 0 6 54
R MEM 1 2 54
R MEM 1 6 54
R MEM 2 2 54
R MEM 2 6 54
R MEM 3 2 54
R MEM 3 6 54
R MEM 0 2 54
R MEM 0 6 54
R MEM 1 2 54
R MEM 1 6 54
R MEM 2 2 54
R MEM 2 6 54
R MEM 3 2 54
R MEM 3 6 54
R MEM 0 2 55
R MEM 0 6 55
R MEM 1 2 55
R MEM 1 6 55
R MEM 2 2 55
R MEM 2 6 55
R MEM 3 2 55
R MEM 3 6 55
R MEM 0 2 55
R MEM 0 6 55
R MEM 1 2 55
R MEM 1 6 55
R MEM 2 2 55
R MEM 2 6 55
R MEM 3 2 55
R MEM 3 6 55
R MEM 0 2 55
R MEM 0 6 55
R MEM 1 2 55
R MEM 1 6 55
R MEM 2 2 55
R MEM 2 6 55
R MEM 3 2 55
R MEM 3 6 55
R MEM 0 2 55
R MEM 0 6 55
R MEM 1 2 55
R MEM 1 6 55
R MEM 2 2 55
R MEM 2 6 55
R MEM 3 2 55
R MEM 3 6 55
R MEM 0 2 55
R MEM 0 6 55
R MEM 1 2 55
R MEM 1 6 55
R MEM 2 2 55
R MEM 2 6 55
R MEM 3 2 55
R MEM 3 6 55
R MEM 0 2 55
R MEM 0 6 55
R MEM 1 2 55
R MEM 1 6 55
R MEM 2 2 55
R MEM 2 6 55
R MEM 3 2 55
R MEM 3 6 55
R MEM 0 2 55
R MEM 0 6 55
R MEM 1 2 55
R MEM 1 6 55
R MEM 2 2 55
R MEM 2 6 55
R MEM 3 2 55
R MEM 3 6 55
R MEM 0 2 55
R MEM 0 6 55
R MEM 1 2 55
R MEM 1 6 55
R MEM 2 2 55
R MEM 2 6 55
R MEM 3 2 55
R MEM 3 6 55
R MEM 0 2 55
R MEM 0 6 55
R MEM 1 2 55
R MEM 1 6 55
R MEM 2 2 55
R MEM 2 6 55
R MEM 3 2 55
R MEM 3 6 55
R MEM 0 2 55
R MEM 0 6 55
R MEM 1 2 55
R MEM 1 6 55
R MEM 2 2 55
R MEM 2 6 55
R MEM 3 2 55
R MEM 3 6 55
R MEM 0 2 55
R MEM 0 6 55
R MEM 1 2 55
R MEM 1 6 55
R MEM 2 2 55
R MEM 2 6 55
R MEM 3 2 55
R MEM 3 6 55
R MEM 0 2 55
R MEM 0 6 55
R MEM 1 2 55
R MEM 1 6 55
R MEM 2 2 55
R MEM 2 6 55
R MEM 3 2 55
R MEM 3 6 55
R MEM 0 2 55
R MEM 0 6 55
R MEM 1 2 55
R MEM 1 6 55
R MEM 2 2 55
R MEM 2 6 55
R MEM 3 2 55
R MEM 3 6 55
R MEM 0 2 55
R MEM 0 6 55
R MEM 1 2 55
R MEM 1 6 55
R MEM 2 2 55
R MEM 2 6 55
R MEM 3 2 55
R MEM 3 6 55
R MEM 0 2 55
R MEM 0 6 55
R MEM 1 2 55
R MEM 1 6 55
R MEM 2 2 55
R MEM 2 6 55
R MEM 3 2 55
R MEM 3 6 55
R MEM 0 2 55
R MEM 0 6 55
R MEM 1 2 55
R MEM 1 6 55
R MEM 2 2 55
R MEM 2 6 55
R MEM 3 2 55
R MEM 3 6 55
R MEM 0 2 56
R MEM 0 6 56
R MEM 1 2 56
R MEM 1 6 56
R MEM 2 2 56
R MEM 2 6 56
R MEM 3 2 56
R MEM 3 6 56
R MEM 0 2 56
R MEM 0 6 56
R MEM 1 2 56
R MEM 1 6 56
R MEM 2 2 56
R MEM 2 6 56
R MEM 3 2 56
R MEM 3 6 56
R MEM 0 2 56
R MEM 0 6 56
R MEM 1 2 56
R MEM 1 6 56
R MEM 2 2 56
R MEM 2 6 56
R MEM 3 2 56
R MEM 3 6 56
R MEM 0 2 56
R MEM 0 6 56
R MEM 1 2 56
R MEM 1 6 56
R MEM 2 2 56
R MEM 2 6 56
R MEM 3 2 56
R MEM 3 6 56
R MEM 0 2 56
R MEM 0 6 56
R MEM 1 2 56
R MEM 1 6 56
R MEM 2 2 56
R MEM 2 6 56
R MEM 3 2 56
R MEM 3 6 56
R MEM 0 2 56
R MEM 0 6 56
R MEM 1 2 56
R MEM 1 6 56
R MEM 2 2 56
R MEM 2 6 56
R MEM 3 2 56
R MEM 3 6 56
R MEM 0 2 56
R MEM 0 6 56
R MEM 1 2 56
R MEM 1 6 56
R MEM 2 2 56
R MEM 2 6 56
R MEM 3 2 56
R MEM 3 6 56
R MEM 0 2 56
R MEM 0 6 56
R MEM 1 2 56
R MEM 1 6 56
R MEM 2 2 56
R MEM 2 6 56
R MEM 3 2 56
R MEM 3 6 56
R MEM 0 2 56
R MEM 0 6 56
R MEM 1 2 56
R MEM 1 6 56
R MEM 2 2 56
R MEM 2 6 56
R MEM 3 2 56
R MEM 3 6 56
R MEM 0 2 56
R MEM 0 6 56
R MEM 1 2 56
R MEM 1 6 56
R MEM 2 2 56
R MEM 2 6 56
R MEM 3 2 56
R MEM 3 6 56
R MEM 0 2 56
R MEM 0 6 56
R MEM 1 2 56
R MEM 1 6 56
R MEM 2 2 56
R MEM 2 6 56
R MEM 3 2 56
R MEM 3 6 56
R MEM 0 2 56
R MEM 0 6 56
R MEM 1 2 56
R MEM 1 6 56
R MEM 2 2 56
R MEM 2 6 56
R MEM 3 2 56
R MEM 3 6 56
R MEM 0 2 56
R MEM 0 6 56
R MEM 1 2 56
R MEM 1 6 56
R MEM 2 2 56
R MEM 2 6 56
R MEM 3 2 56
R MEM 3 6 56
R MEM 0 2 56
R MEM 0 6 56
R MEM 1 2 56
R MEM 1 6 56
R MEM 2 2 56
R MEM 2 6 56
R MEM 3 2 56
R MEM 3 6 56
R MEM 0 2 56
R MEM 0 6 56
R MEM 1 2 56
R MEM 1 6 56
R MEM 2 2 56
R MEM 2 6 56
R MEM 3 2 56
R MEM 3 6 56
R MEM 0 2 56
R MEM 0 6 56
R MEM 1 2 56
R MEM 1 6 56
R MEM 2 2 56
R MEM 2 6 56
R MEM 3 2 56
R MEM 3 6 56
W MEM 0 0 49
W MEM 0 4 49
W MEM 1 0 49
W MEM 1 4 49
W MEM 2 0 49
W MEM 2 4 49
W MEM 3 0 49
W MEM 3 4 49
W MEM 0 0 49
W MEM 0 4 49
W MEM 1 0 49
W MEM 1 4 49
W MEM 2 0 49
W MEM 2 4 49
W MEM 3 0 49
W MEM 3 4 49
W MEM 0 0 49
W MEM 0 4 49
W MEM 1 0 49
W MEM 1 4 49
W MEM 2 0 49
W MEM 2 4 49
W MEM 3 0 49
W MEM 3 4 49
W MEM 0 0 49
W MEM 0 4 49
W MEM 1 0 49
W MEM 1 4 49
W MEM 2 0 49
W MEM 2 4 49
W MEM 3 0 49
W MEM 3 4 49
W MEM 0 0 49
W MEM 0 4 49
W MEM 1 0 49
W MEM 1 4 49
W MEM 2 0 49
W MEM 2 4 49
W MEM 3 0 49
W MEM 3 4 49
W MEM 0 0 49
W MEM 0 4 49
W MEM 1 0 49
W MEM 1 4 49
W MEM 2 0 49
W MEM 2 4 49
W MEM 3 0 49
W MEM 3 4 49
W MEM 0 0 49
W MEM 0 4 49
W MEM 1 0 49
W MEM 1 4 49
W MEM 2 0 49
W MEM 2 4 49
W MEM 3 0 49
W MEM 3 4 49
W MEM 0 0 49
W MEM 0 4 49
W MEM 1 0 49
W MEM 1 4 49
W MEM 2 0 49
W MEM 2 4 49
W MEM 3 0 49
W MEM 3 4 49
W MEM 0 0 49
W MEM 0 4 49
W MEM 1 0 49
W MEM 1 4 49
W MEM 2 0 49
W MEM 2 4 49
W MEM 3 0 49
W MEM 3 4 49
W MEM 0 0 49
W MEM 0 4 49
W MEM 1 0 49
W MEM 1 4 49
W MEM 2 0 49
W MEM 2 4 49
W MEM 3 0 49
W MEM 3 4 49
W MEM 0 0 49
W MEM 0 4 49
W MEM 1 0 49
W MEM 1 4 49
W MEM 2 0 49
W MEM 2 4 49
W MEM 3 0 49
W MEM 3 4 49
W MEM 0 0 49
W MEM 0 4 49
W MEM 1 0 49
W MEM 1 4 49
W MEM 2 0 49
W MEM 2 4 49
W MEM 3 0 49
W MEM 3 4 49
W MEM 0 0 49
W MEM 0 4 49
W MEM 1 0 49
W MEM 1 4 49
W MEM 2 0 49
W MEM 2 4 49
W MEM 3 0 49
W MEM 3 4 49
W MEM 0 0 49
W MEM 0 4 49
W MEM 1 0 49
W MEM 1 4 49
W MEM 2 0 49
W MEM 2 4 49
W MEM 3 0 49
W MEM 3 4 49
W MEM 0 0 49
W MEM 0 4 49
W MEM 1 0 49
W MEM 1 4 49
W MEM 2 0 49
W MEM 2 4 49
W MEM 3 0 49
W MEM 3 4 49
W MEM 0 0 49
W MEM 0 4 49
W MEM 1 0 49
W MEM 1 4 49
W MEM 2 0 49
W MEM 2 4 49
W MEM 3 0 49
W MEM 3 4 49
W MEM 0 0 50
W MEM 0 4 50
W MEM 1 0 50
W MEM 1 4 50
W MEM 2 0 50
W MEM 2 4 50
W MEM 3 0 50
W MEM 3 4 50
W MEM 0 0 50
W MEM 0 4 50
W MEM 1 0 50
W MEM 1 4 50
W MEM 2 0 50
W MEM 2 4 50
W MEM 3 0 50
W MEM 3 4 50
W MEM 0 0 50
W MEM 0 4 50
W MEM 1 0 50
W MEM 1 4 50
W MEM 2 0 50
W MEM 2 4 50
W MEM 3 0 50
W MEM 3 4 50
W MEM 0 0 50
W MEM 0 4 50
W MEM 1 0 50
W MEM 1 4 50
W MEM 2 0 50
W MEM 2 4 50
W MEM 3 0 50
W MEM 3 4 50
W MEM 0 0 50
W MEM 0 4 50
W MEM 1 0 50
W MEM 1 4 50
W MEM 2 0 50
W MEM 2 4 50
W MEM 3 0 50
W MEM 3 4 50
W MEM 0 0 50
W MEM 0 4 50
W MEM 1 0 50
W MEM 1 4 50
W MEM 2 0 50
W MEM 2 4 50
W MEM 3 0 50
W MEM 3 4 50
W MEM 0 0 50
W MEM 0 4 50
W MEM 1 0 50
W MEM 1 4 50
W MEM 2 0 50
W MEM 2 4 50
W MEM 3 0 50
W MEM 3 4 50
W MEM 0 0 50
W MEM 0 4 50
W MEM 1 0 50
W MEM 1 4 50
W MEM 2 0 50
W MEM 2 4 50
W MEM 3 0 50
W MEM 3 4 50
W MEM 0 0 50
W MEM 0 4 50
W MEM 1 0 50
W MEM 1 4 50
W MEM 2 0 50
W MEM 2 4 50
W MEM 3 0 50
W MEM 3 4 50
W MEM 0 0 50
W MEM 0 4 50
W MEM 1 0 50
W MEM 1 4 50
W MEM 2 0 50
W MEM 2 4 50
W MEM 3 0 50
W MEM 3 4 50
W MEM 0 0 50
W MEM 0 4 50
W MEM 1 0 50
W MEM 1 4 50
W MEM 2 0 50
W MEM 2 4 50
W MEM 3 0 50
W MEM 3 4 50
W MEM 0 0 50
W MEM 0 4 50
W MEM 1 0 50
W MEM 1 4 50
W MEM 2 0 50
W MEM 2 4 50
W MEM 3 0 50
W MEM 3 4 50
W MEM 0 0 50
W MEM 0 4 50
W MEM 1 0 50
W MEM 1 4 50
W MEM 2 0 50
W MEM 2 4 50
W MEM 3 0 50
W MEM 3 4 50
W MEM 0 0 50
W MEM 0 4 50
W MEM 1 0 50
W MEM 1 4 50
W MEM 2 0 50
W MEM 2 4 50
W MEM 3 0 50
W MEM 3 4 50
W MEM 0 0 50
W MEM 0 4 50
W MEM 1 0 50
W MEM 1 4 50
W MEM 2 0 50
W MEM 2 4 50
W MEM 3 0 50
W MEM 3 4 50
W MEM 0 0 50
W MEM 0 4 50
W MEM 1 0 50
W MEM 1 4 50
W MEM 2 0 50
W MEM 2 4 50
W MEM 3 0 50
W MEM 3 4 50
W MEM 0 0 51
W MEM 0 4 51
W MEM 1 0 51
W MEM 1 4 51
W MEM 2 0 51
W MEM 2 4 51
W MEM 3 0 51
W MEM 3 4 51
W MEM 0 0 51
W MEM 0 4 51
W MEM 1 0 51
W MEM 1 4 51
W MEM 2 0 51
W MEM 2 4 51
W MEM 3 0 51
W MEM 3 4 51
W MEM 0 0 51
W MEM 0 4 51
W MEM 1 0 51
W MEM 1 4 51
W MEM 2 0 51
W MEM 2 4 51
W MEM 3 0 51
W MEM 3 4 51
W MEM 0 0 51
W MEM 0 4 51
W MEM 1 0 51
W MEM 1 4 51
W MEM 2 0 51
W MEM 2 4 51
W MEM 3 0 51
W MEM 3 4 51
W MEM 0 0 51
W MEM 0 4 51
W MEM 1 0 51
W MEM 1 4 51
W MEM 2 0 51
W MEM 2 4 51
W MEM 3 0 51
W MEM 3 4 51
W MEM 0 0 51
W MEM 0 4 51
W MEM 1 0 51
W MEM 1 4 51
W MEM 2 0 51
W MEM 2 4 51
W MEM 3 0 51
W MEM 3 4 51
W MEM 0 0 51
W MEM 0 4 51
W MEM 1 0 51
W MEM 1 4 51
W MEM 2 0 51
W MEM 2 4 51
W MEM 3 0 51
W MEM 3 4 51
W MEM 0 0 51
W MEM 0 4 51
W MEM 1 0 51
W MEM 1 4 51
W MEM 2 0 51
W MEM 2 4 51
W MEM 3 0 51
W MEM 3 4 51
W MEM 0 0 51
W MEM 0 4 51
W MEM 1 0 51
W MEM 1 4 51
W MEM 2 0 51
W MEM 2 4 51
W MEM 3 0 51
W MEM 3 4 51
W MEM 0 0 51
W MEM 0 4 51
W MEM 1 0 51
W MEM 1 4 51
W MEM 2 0 51
W MEM 2 4 51
W MEM 3 0 51
W MEM 3 4 51
W MEM 0 0 51
W MEM 0 4 51
W MEM 1 0 51
W MEM 1 4 51
W MEM 2 0 51
W MEM 2 4 51
W MEM 3 0 51
W MEM 3 4 51
W MEM 0 0 51
W MEM 0 4 51
W MEM 1 0 51
W MEM 1 4 51
W MEM 2 0 51
W MEM 2 4 51
W MEM 3 0 51
W MEM 3 4 51
W MEM 0 0 51
W MEM 0 4 51
W MEM 1 0 51
W MEM 1 4 51
W MEM 2 0 51
W MEM 2 4 51
W MEM 3 0 51
W MEM 3 4 51
W MEM 0 0 51
W MEM 0 4 51
W MEM 1 0 51
W MEM 1 4 51
W MEM 2 0 51
W MEM 2 4 51
W MEM 3 0 51
W MEM 3 4 51
W MEM 0 0 51
W MEM 0 4 51
W MEM 1 0 51
W MEM 1 4 51
W MEM 2 0 51
W MEM 2 4 51
W MEM 3 0 51
W MEM 3 4 51
W MEM 0 0 51
W MEM 0 4 51
W MEM 1 0 51
W MEM 1 4 51
W MEM 2 0 51
W MEM 2 4 51
W MEM 3 0 51
W MEM 3 4 51
W MEM 0 0 52
W MEM 0 4 52
W MEM 1 0 52
W MEM 1 4 52
W MEM 2 0 52
W MEM 2 4 52
W MEM 3 0 52
W MEM 3 4 52
W MEM 0 0 52
W MEM 0 4 52
W MEM 1 0 52
W MEM 1 4 52
W MEM 2 0 52
W MEM 2 4 52
W MEM 3 0 52
W MEM 3 4 52
W MEM 0 0 52
W MEM 0 4 52
W MEM 1 0 52
W MEM 1 4 52
W MEM 2 0 52
W MEM 2 4 52
W MEM 3 0 52
W MEM 3 4 52
W MEM 0 0 52
W MEM 0 4 52
W MEM 1 0 52
W MEM 1 4 52
W MEM 2 0 52
W MEM 2 4 52
W MEM 3 0 52
W MEM 3 4 52
W MEM 0 0 52
W MEM 0 4 52
W MEM 1 0 52
W MEM 1 4 52
W MEM 2 0 52
W MEM 2 4 52
W MEM 3 0 52
W MEM 3 4 52
W MEM 0 0 52
W MEM 0 4 52
W MEM 1 0 52
W MEM 1 4 52
W MEM 2 0 52
W MEM 2 4 52
W MEM 3 0 52
W MEM 3 4 52
W MEM 0 0 52
W MEM 0 4 52
W MEM 1 0 52
W MEM 1 4 52
W MEM 2 0 52
W MEM 2 4 52
W MEM 3 0 52
W MEM 3 4 52
W MEM 0 0 52
W MEM 0 4 52
W MEM 1 0 52
W MEM 1 4 52
W MEM 2 0 52
W MEM 2 4 52
W MEM 3 0 52
W MEM 3 4 52
W MEM 0 0 52
W MEM 0 4 52
W MEM 1 0 52
W MEM 1 4 52
W MEM 2 0 52
W MEM 2 4 52
W MEM 3 0 52
W MEM 3 4 52
W MEM 0 0 52
W MEM 0 4 52
W MEM 1 0 52
W MEM 1 4 52
W MEM 2 0 52
W MEM 2 4 52
W MEM 3 0 52
W MEM 3 4 52
W MEM 0 0 52
W MEM 0 4 52
W MEM 1 0 52
W MEM 1 4 52
W MEM 2 0 52
W MEM 2 4 52
W MEM 3 0 52
W MEM 3 4 52
W MEM 0 0 52
W MEM 0 4 52
W MEM 1 0 52
W MEM 1 4 52
W MEM 2 0 52
W MEM 2 4 52
W MEM 3 0 52
W MEM 3 4 52
W MEM 0 0 52
W MEM 0 4 52
W MEM 1 0 52
W MEM 1 4 52
W MEM 2 0 52
W MEM 2 4 52
W MEM 3 0 52
W MEM 3 4 52
W MEM 0 0 52
W MEM 0 4 52
W MEM 1 0 52
W MEM 1 4 52
W MEM 2 0 52
W MEM 2 4 52
W MEM 3 0 52
W MEM 3 4 52
W MEM 0 0 52
W MEM 0 4 52
W MEM 1 0 52
W MEM 1 4 52
W MEM 2 0 52
W MEM 2 4 52
W MEM 3 0 52
W MEM 3 4 52
W MEM 0 0 52
W MEM 0 4 52
W MEM 1 0 52
W MEM 1 4 52
W MEM 2 0 52
W MEM 2 4 52
W MEM 3 0 52
W MEM 3 4 52
W MEM 0 0 53
W MEM 0 4 53
W MEM 1 0 53
W MEM 1 4 53
W MEM 2 0 53
W MEM 2 4 53
W MEM 3 0 53
W MEM 3 4 53
W MEM 0 0 53
W MEM 0 4 53
W MEM 1 0 53
W MEM 1 4 53
W MEM 2 0 53
W MEM 2 4 53
W MEM 3 0 53
W MEM 3 4 53
W MEM 0 0 53
W MEM 0 4 53
W MEM 1 0 53
W MEM 1 4 53
W MEM 2 0 53
W MEM 2 4 53
W MEM 3 0 53
W MEM 3 4 53
W MEM 0 0 53
W MEM 0 4 53
W MEM 1 0 53
W MEM 1 4 53
W MEM 2 0 53
W MEM 2 4 53
W MEM 3 0 53
W MEM 3 4 53
W MEM 0 0 53
W MEM 0 4 53
W MEM 1 0 53
W MEM 1 4 53
W MEM 2 0 53
W MEM 2 4 53
W MEM 3 0 53
W MEM 3 4 53
W MEM 0 0 53
W MEM 0 4 53
W MEM 1 0 53
W MEM 1 4 53
W MEM 2 0 53
W MEM 2 4 53
W MEM 3 0 53
W MEM 3 4 53
W MEM 0 0 53
W MEM 0 4 53
W MEM 1 0 53
W MEM 1 4 53
W MEM 2 0 53
W MEM 2 4 53
W MEM 3 0 53
W MEM 3 4 53
W MEM 0 0 53
W MEM 0 4 53
W MEM 1 0 53
W MEM 1 4 53
W MEM 2 0 53
W MEM 2 4 53
W MEM 3 0 53
W MEM 3 4 53
W MEM 0 0 53
W MEM 0 4 53
W MEM 1 0 53
W MEM 1 4 53
W MEM 2 0 53
W MEM 2 4 53
W MEM 3 0 53
W MEM 3 4 53
W MEM 0 0 53
W MEM 0 4 53
W MEM 1 0 53
W MEM 1 4 53
W MEM 2 0 53
W MEM 2 4 53
W MEM 3 0 53
W MEM 3 4 53
W MEM 0 0 53
W MEM 0 4 53
W MEM 1 0 53
W MEM 1 4 53
W MEM 2 0 53
W MEM 2 4 53
W MEM 3 0 53
W MEM 3 4 53
W MEM 0 0 53
W MEM 0 4 53
W MEM 1 0 53
W MEM 1 4 53
W MEM 2 0 53
W MEM 2 4 53
W MEM 3 0 53
W MEM 3 4 53
W MEM 0 0 53
W MEM 0 4 53
W MEM 1 0 53
W MEM 1 4 53
W MEM 2 0 53
W MEM 2 4 53
W MEM 3 0 53
W MEM 3 4 53
W MEM 0 0 53
W MEM 0 4 53
W MEM 1 0 53
W MEM 1 4 53
W MEM 2 0 53
W MEM 2 4 53
W MEM 3 0 53
W MEM 3 4 53
W MEM 0 0 53
W MEM 0 4 53
W MEM 1 0 53
W MEM 1 4 53
W MEM 2 0 53
W MEM 2 4 53
W MEM 3 0 53
W MEM 3 4 53
W MEM 0 0 53
W MEM 0 4 53
W MEM 1 0 53
W MEM 1 4 53
W MEM 2 0 53
W MEM 2 4 53
W MEM 3 0 53
W MEM 3 4 53
W MEM 0 0 54
W MEM 0 4 54
W MEM 1 0 54
W MEM 1 4 54
W MEM 2 0 54
W MEM 2 4 54
W MEM 3 0 54
W MEM 3 4 54
W MEM 0 0 54
W MEM 0 4 54
W MEM 1 0 54
W MEM 1 4 54
W MEM 2 0 54
W MEM 2 4 54
W MEM 3 0 54
W MEM 3 4 54
W MEM 0 0 54
W MEM 0 4 54
W MEM 1 0 54
W MEM 1 4 54
W MEM 2 0 54
W MEM 2 4 54
W MEM 3 0 54
W MEM 3 4 54
W MEM 0 0 54
W MEM 0 4 54
W MEM 1 0 54
W MEM 1 4 54
W MEM 2 0 54
W MEM 2 4 54
W MEM 3 0 54
W MEM 3 4 54
W MEM 0 0 54
W MEM 0 4 54
W MEM 1 0 54
W MEM 1 4 54
W MEM 2 0 54
W MEM 2 4 54
W MEM 3 0 54
W MEM 3 4 54
W MEM 0 0 54
W MEM 0 4 54
W MEM 1 0 54
W MEM 1 4 54
W MEM 2 0 54
W MEM 2 4 54
W MEM 3 0 54
W MEM 3 4 54
W MEM 0 0 54
W MEM 0 4 54
W MEM 1 0 54
W MEM 1 4 54
W MEM 2 0 54
W MEM 2 4 54
W MEM 3 0 54
W MEM 3 4 54
W MEM 0 0 54
W MEM 0 4 54
W MEM 1 0 54
W MEM 1 4 54
W MEM 2 0 54
W MEM 2 4 54
W MEM 3 0 54
W MEM 3 4 54
W MEM 0 0 54
W MEM 0 4 54
W MEM 1 0 54
W MEM 1 4 54
W MEM 2 0 54
W MEM 2 4 54
W MEM 3 0 54
W MEM 3 4 54
W MEM 0 0 54
W MEM 0 4 54
W MEM 1 0 54
W MEM 1 4 54
W MEM 2 0 54
W MEM 2 4 54
W MEM 3 0 54
W MEM 3 4 54
W MEM 0 0 54
W MEM 0 4 54
W MEM 1 0 54
W MEM 1 4 54
W MEM 2 0 54
W MEM 2 4 54
W MEM 3 0 54
W MEM 3 4 54
W MEM 0 0 54
W MEM 0 4 54
W MEM 1 0 54
W MEM 1 4 54
W MEM 2 0 54
W MEM 2 4 54
W MEM 3 0 54
W MEM 3 4 54
W MEM 0 0 54
W MEM 0 4 54
W MEM 1 0 54
W MEM 1 4 54
W MEM 2 0 54
W MEM 2 4 54
W MEM 3 0 54
W MEM 3 4 54
W MEM 0 0 54
W MEM 0 4 54
W MEM 1 0 54
W MEM 1 4 54
W MEM 2 0 54
W MEM 2 4 54
W MEM 3 0 54
W MEM 3 4 54
W MEM 0 0 54
W MEM 0 4 54
W MEM 1 0 54
W MEM 1 4 54
W MEM 2 0 54
W MEM 2 4 54
W MEM 3 0 54
W MEM 3 4 54
W MEM 0 0 54
W MEM 0 4 54
W MEM 1 0 54
W MEM 1 4 54
W MEM 2 0 54
W MEM 2 4 54
W MEM 3 0 54
W MEM 3 4 54
W MEM 0 0 55
W MEM 0 4 55
W MEM 1 0 55
W MEM 1 4 55
W MEM 2 0 55
W MEM 2 4 55
W MEM 3 0 55
W MEM 3 4 55
W MEM 0 0 55
W MEM 0 4 55
W MEM 1 0 55
W MEM 1 4 55
W MEM 2 0 55
W MEM 2 4 55
W MEM 3 0 55
W MEM 3 4 55
W MEM 0 0 55
W MEM 0 4 55
W MEM 1 0 55
W MEM 1 4 55
W MEM 2 0 55
W MEM 2 4 55
W MEM 3 0 55
W MEM 3 4 55
W MEM 0 0 55
W MEM 0 4 55
W MEM 1 0 55
W MEM 1 4 55
W MEM 2 0 55
W MEM 2 4 55
W MEM 3 0 55
W MEM 3 4 55
W MEM 0 0 55
W MEM 0 4 55
W MEM 1 0 55
W MEM 1 4 55
W MEM 2 0 55
W MEM 2 4 55
W MEM 3 0 55
W MEM 3 4 55
W MEM 0 0 55
W MEM 0 4 55
W MEM 1 0 55
W MEM 1 4 55
W MEM 2 0 55
W MEM 2 4 55
W MEM 3 0 55
W MEM 3 4 55
W MEM 0 0 55
W MEM 0 4 55
W MEM 1 0 55
W MEM 1 4 55
W MEM 2 0 55
W MEM 2 4 55
W MEM 3 0 55
W MEM 3 4 55
W MEM 0 0 55
W MEM 0 4 55
W MEM 1 0 55
W MEM 1 4 55
W MEM 2 0 55
W MEM 2 4 55
W MEM 3 0 55
W MEM 3 4 55
W MEM 0 0 55
W MEM 0 4 55
W MEM 1 0 55
W MEM 1 4 55
W MEM 2 0 55
W MEM 2 4 55
W MEM 3 0 55
W MEM 3 4 55
W MEM 0 0 55
W MEM 0 4 55
W MEM 1 0 55
W MEM 1 4 55
W MEM 2 0 55
W MEM 2 4 55
W MEM 3 0 55
W MEM 3 4 55
W MEM 0 0 55
W MEM 0 4 55
W MEM 1 0 55
W MEM 1 4 55
W MEM 2 0 55
W MEM 2 4 55
W MEM 3 0 55
W MEM 3 4 55
W MEM 0 0 55
W MEM 0 4 55
W MEM 1 0 55
W MEM 1 4 55
W MEM 2 0 55
W MEM 2 4 55
W MEM 3 0 55
W MEM 3 4 55
W MEM 0 0 55
W MEM 0 4 55
W MEM 1 0 55
W MEM 1 4 55
W MEM 2 0 55
W MEM 2 4 55
W MEM 3 0 55
W MEM 3 4 55
W MEM 0 0 55
W MEM 0 4 55
W MEM 1 0 55
W MEM 1 4 55
W MEM 2 0 55
W MEM 2 4 55
W MEM 3 0 55
W MEM 3 4 55
W MEM 0 0 55
W MEM 0 4 55
W MEM 1 0 55
W MEM 1 4 55
W MEM 2 0 55
W MEM 2 4 55
W MEM 3 0 55
W MEM 3 4 55
W MEM 0 0 55
W MEM 0 4 55
W MEM 1 0 55
W MEM 1 4 55
W MEM 2 0 55
W MEM 2 4 55
W MEM 3 0 55
W MEM 3 4 55
W MEM 0 0 56
W MEM 0 4 56
W MEM 1 0 56
W MEM 1 4 56
W MEM 2 0 56
W MEM 2 4 56
W MEM 3 0 56
W MEM 3 4 56
W MEM 0 0 56
W MEM 0 4 56
W MEM 1 0 56
W MEM 1 4 56
W MEM 2 0 56
W MEM 2 4 56
W MEM 3 0 56
W MEM 3 4 56
W MEM 0 0 56
W MEM 0 4 56
W MEM 1 0 56
W MEM 1 4 56
W MEM 2 0 56
W MEM 2 4 56
W MEM 3 0 56
W MEM 3 4 56
W MEM 0 0 56
W MEM 0 4 56
W MEM 1 0 56
W MEM 1 4 56
W MEM 2 0 56
W MEM 2 4 56
W MEM 3 0 56
W MEM 3 4 56
W MEM 0 0 56
W MEM 0 4 56
W MEM 1 0 56
W MEM 1 4 56
W MEM 2 0 56
W MEM 2 4 56
W MEM 3 0 56
W MEM 3 4 56
W MEM 0 0 56
W MEM 0 4 56
W MEM 1 0 56
W MEM 1 4 56
W MEM 2 0 56
W MEM 2 4 56
W MEM 3 0 56
W MEM 3 4 56
W MEM 0 0 56
W MEM 0 4 56
W MEM 1 0 56
W MEM 1 4 56
W MEM 2 0 56
W MEM 2 4 56
W MEM 3 0 56
W MEM 3 4 56
W MEM 0 0 56
W MEM 0 4 56
W MEM 1 0 56
W MEM 1 4 56
W MEM 2 0 56
W MEM 2 4 56
W MEM 3 0 56
W MEM 3 4 56
W MEM 0 0 56
W MEM 0 4 56
W MEM 1 0 56
W MEM 1 4 56
W MEM 2 0 56
W MEM 2 4 56
W MEM 3 0 56
W MEM 3 4 56
W MEM 0 0 56
W MEM 0 4 56
W MEM 1 0 56
W MEM 1 4 56
W MEM 2 0 56
W MEM 2 4 56
W MEM 3 0 56
W MEM 3 4 56
W MEM 0 0 56
W MEM 0 4 56
W MEM 1 0 56
W MEM 1 4 56
W MEM 2 0 56
W MEM 2 4 56
W MEM 3 0 56
W MEM 3 4 56
W MEM 0 0 56
W MEM 0 4 56
W MEM 1 0 56
W MEM 1 4 56
W MEM 2 0 56
W MEM 2 4 56
W MEM 3 0 56
W MEM 3 4 56
W MEM 0 0 56
W MEM 0 4 56
W MEM 1 0 56
W MEM 1 4 56
W MEM 2 0 56
W MEM 2 4 56
W MEM 3 0 56
W MEM 3 4 56
W MEM 0 0 56
W MEM 0 4 56
W MEM 1 0 56
W MEM 1 4 56
W MEM 2 0 56
W MEM 2 4 56
W MEM 3 0 56
W MEM 3 4 56
W MEM 0 0 56
W MEM 0 4 56
W MEM 1 0 56
W MEM 1 4 56
W MEM 2 0 56
W MEM 2 4 56
W MEM 3 0 56
W MEM 3 4 56
W MEM 0 0 56
W MEM 0 4 56
W MEM 1 0 56
W MEM 1 4 56
W MEM 2 0 56
W MEM 2 4 56
W MEM 3 0 56
W MEM 3 4 56
AiM EWMUL 16 0xffffffff 49
AiM EWMUL 16 0xffffffff 50
AiM EWMUL 16 0xffffffff 51
AiM EWMUL 16 0xffffffff 52
AiM EWMUL 16 0xffffffff 53
AiM EWMUL 16 0xffffffff 54
AiM EWMUL 16 0xffffffff 55
AiM EWMUL 16 0xffffffff 56
R MEM 0 2 49
R MEM 0 6 49
R MEM 1 2 49
R MEM 1 6 49
R MEM 2 2 49
R MEM 2 6 49
R MEM 3 2 49
R MEM 3 6 49
R MEM 0 2 49
R MEM 0 6 49
R MEM 1 2 49
R MEM 1 6 49
R MEM 2 2 49
R MEM 2 6 49
R MEM 3 2 49
R MEM 3 6 49
R MEM 0 2 49
R MEM 0 6 49
R MEM 1 2 49
R MEM 1 6 49
R MEM 2 2 49
R MEM 2 6 49
R MEM 3 2 49
R MEM 3 6 49
R MEM 0 2 49
R MEM 0 6 49
R MEM 1 2 49
R MEM 1 6 49
R MEM 2 2 49
R MEM 2 6 49
R MEM 3 2 49
R MEM 3 6 49
R MEM 0 2 49
R MEM 0 6 49
R MEM 1 2 49
R MEM 1 6 49
R MEM 2 2 49
R MEM 2 6 49
R MEM 3 2 49
R MEM 3 6 49
R MEM 0 2 49
R MEM 0 6 49
R MEM 1 2 49
R MEM 1 6 49
R MEM 2 2 49
R MEM 2 6 49
R MEM 3 2 49
R MEM 3 6 49
R MEM 0 2 49
R MEM 0 6 49
R MEM 1 2 49
R MEM 1 6 49
R MEM 2 2 49
R MEM 2 6 49
R MEM 3 2 49
R MEM 3 6 49
R MEM 0 2 49
R MEM 0 6 49
R MEM 1 2 49
R MEM 1 6 49
R MEM 2 2 49
R MEM 2 6 49
R MEM 3 2 49
R MEM 3 6 49
R MEM 0 2 49
R MEM 0 6 49
R MEM 1 2 49
R MEM 1 6 49
R MEM 2 2 49
R MEM 2 6 49
R MEM 3 2 49
R MEM 3 6 49
R MEM 0 2 49
R MEM 0 6 49
R MEM 1 2 49
R MEM 1 6 49
R MEM 2 2 49
R MEM 2 6 49
R MEM 3 2 49
R MEM 3 6 49
R MEM 0 2 49
R MEM 0 6 49
R MEM 1 2 49
R MEM 1 6 49
R MEM 2 2 49
R MEM 2 6 49
R MEM 3 2 49
R MEM 3 6 49
R MEM 0 2 49
R MEM 0 6 49
R MEM 1 2 49
R MEM 1 6 49
R MEM 2 2 49
R MEM 2 6 49
R MEM 3 2 49
R MEM 3 6 49
R MEM 0 2 49
R MEM 0 6 49
R MEM 1 2 49
R MEM 1 6 49
R MEM 2 2 49
R MEM 2 6 49
R MEM 3 2 49
R MEM 3 6 49
R MEM 0 2 49
R MEM 0 6 49
R MEM 1 2 49
R MEM 1 6 49
R MEM 2 2 49
R MEM 2 6 49
R MEM 3 2 49
R MEM 3 6 49
R MEM 0 2 49
R MEM 0 6 49
R MEM 1 2 49
R MEM 1 6 49
R MEM 2 2 49
R MEM 2 6 49
R MEM 3 2 49
R MEM 3 6 49
R MEM 0 2 49
R MEM 0 6 49
R MEM 1 2 49
R MEM 1 6 49
R MEM 2 2 49
R MEM 2 6 49
R MEM 3 2 49
R MEM 3 6 49
R MEM 0 2 50
R MEM 0 6 50
R MEM 1 2 50
R MEM 1 6 50
R MEM 2 2 50
R MEM 2 6 50
R MEM 3 2 50
R MEM 3 6 50
R MEM 0 2 50
R MEM 0 6 50
R MEM 1 2 50
R MEM 1 6 50
R MEM 2 2 50
R MEM 2 6 50
R MEM 3 2 50
R MEM 3 6 50
R MEM 0 2 50
R MEM 0 6 50
R MEM 1 2 50
R MEM 1 6 50
R MEM 2 2 50
R MEM 2 6 50
R MEM 3 2 50
R MEM 3 6 50
R MEM 0 2 50
R MEM 0 6 50
R MEM 1 2 50
R MEM 1 6 50
R MEM 2 2 50
R MEM 2 6 50
R MEM 3 2 50
R MEM 3 6 50
R MEM 0 2 50
R MEM 0 6 50
R MEM 1 2 50
R MEM 1 6 50
R MEM 2 2 50
R MEM 2 6 50
R MEM 3 2 50
R MEM 3 6 50
R MEM 0 2 50
R MEM 0 6 50
R MEM 1 2 50
R MEM 1 6 50
R MEM 2 2 50
R MEM 2 6 50
R MEM 3 2 50
R MEM 3 6 50
R MEM 0 2 50
R MEM 0 6 50
R MEM 1 2 50
R MEM 1 6 50
R MEM 2 2 50
R MEM 2 6 50
R MEM 3 2 50
R MEM 3 6 50
R MEM 0 2 50
R MEM 0 6 50
R MEM 1 2 50
R MEM 1 6 50
R MEM 2 2 50
R MEM 2 6 50
R MEM 3 2 50
R MEM 3 6 50
R MEM 0 2 50
R MEM 0 6 50
R MEM 1 2 50
R MEM 1 6 50
R MEM 2 2 50
R MEM 2 6 50
R MEM 3 2 50
R MEM 3 6 50
R MEM 0 2 50
R MEM 0 6 50
R MEM 1 2 50
R MEM 1 6 50
R MEM 2 2 50
R MEM 2 6 50
R MEM 3 2 50
R MEM 3 6 50
R MEM 0 2 50
R MEM 0 6 50
R MEM 1 2 50
R MEM 1 6 50
R MEM 2 2 50
R MEM 2 6 50
R MEM 3 2 50
R MEM 3 6 50
R MEM 0 2 50
R MEM 0 6 50
R MEM 1 2 50
R MEM 1 6 50
R MEM 2 2 50
R MEM 2 6 50
R MEM 3 2 50
R MEM 3 6 50
R MEM 0 2 50
R MEM 0 6 50
R MEM 1 2 50
R MEM 1 6 50
R MEM 2 2 50
R MEM 2 6 50
R MEM 3 2 50
R MEM 3 6 50
R MEM 0 2 50
R MEM 0 6 50
R MEM 1 2 50
R MEM 1 6 50
R MEM 2 2 50
R MEM 2 6 50
R MEM 3 2 50
R MEM 3 6 50
R MEM 0 2 50
R MEM 0 6 50
R MEM 1 2 50
R MEM 1 6 50
R MEM 2 2 50
R MEM 2 6 50
R MEM 3 2 50
R MEM 3 6 50
R MEM 0 2 50
R MEM 0 6 50
R MEM 1 2 50
R MEM 1 6 50
R MEM 2 2 50
R MEM 2 6 50
R MEM 3 2 50
R MEM 3 6 50
R MEM 0 2 51
R MEM 0 6 51
R MEM 1 2 51
R MEM 1 6 51
R MEM 2 2 51
R MEM 2 6 51
R MEM 3 2 51
R MEM 3 6 51
R MEM 0 2 51
R MEM 0 6 51
R MEM 1 2 51
R MEM 1 6 51
R MEM 2 2 51
R MEM 2 6 51
R MEM 3 2 51
R MEM 3 6 51
R MEM 0 2 51
R MEM 0 6 51
R MEM 1 2 51
R MEM 1 6 51
R MEM 2 2 51
R MEM 2 6 51
R MEM 3 2 51
R MEM 3 6 51
R MEM 0 2 51
R MEM 0 6 51
R MEM 1 2 51
R MEM 1 6 51
R MEM 2 2 51
R MEM 2 6 51
R MEM 3 2 51
R MEM 3 6 51
R MEM 0 2 51
R MEM 0 6 51
R MEM 1 2 51
R MEM 1 6 51
R MEM 2 2 51
R MEM 2 6 51
R MEM 3 2 51
R MEM 3 6 51
R MEM 0 2 51
R MEM 0 6 51
R MEM 1 2 51
R MEM 1 6 51
R MEM 2 2 51
R MEM 2 6 51
R MEM 3 2 51
R MEM 3 6 51
R MEM 0 2 51
R MEM 0 6 51
R MEM 1 2 51
R MEM 1 6 51
R MEM 2 2 51
R MEM 2 6 51
R MEM 3 2 51
R MEM 3 6 51
R MEM 0 2 51
R MEM 0 6 51
R MEM 1 2 51
R MEM 1 6 51
R MEM 2 2 51
R MEM 2 6 51
R MEM 3 2 51
R MEM 3 6 51
R MEM 0 2 51
R MEM 0 6 51
R MEM 1 2 51
R MEM 1 6 51
R MEM 2 2 51
R MEM 2 6 51
R MEM 3 2 51
R MEM 3 6 51
R MEM 0 2 51
R MEM 0 6 51
R MEM 1 2 51
R MEM 1 6 51
R MEM 2 2 51
R MEM 2 6 51
R MEM 3 2 51
R MEM 3 6 51
R MEM 0 2 51
R MEM 0 6 51
R MEM 1 2 51
R MEM 1 6 51
R MEM 2 2 51
R MEM 2 6 51
R MEM 3 2 51
R MEM 3 6 51
R MEM 0 2 51
R MEM 0 6 51
R MEM 1 2 51
R MEM 1 6 51
R MEM 2 2 51
R MEM 2 6 51
R MEM 3 2 51
R MEM 3 6 51
R MEM 0 2 51
R MEM 0 6 51
R MEM 1 2 51
R MEM 1 6 51
R MEM 2 2 51
R MEM 2 6 51
R MEM 3 2 51
R MEM 3 6 51
R MEM 0 2 51
R MEM 0 6 51
R MEM 1 2 51
R MEM 1 6 51
R MEM 2 2 51
R MEM 2 6 51
R MEM 3 2 51
R MEM 3 6 51
R MEM 0 2 51
R MEM 0 6 51
R MEM 1 2 51
R MEM 1 6 51
R MEM 2 2 51
R MEM 2 6 51
R MEM 3 2 51
R MEM 3 6 51
R MEM 0 2 51
R MEM 0 6 51
R MEM 1 2 51
R MEM 1 6 51
R MEM 2 2 51
R MEM 2 6 51
R MEM 3 2 51
R MEM 3 6 51
R MEM 0 2 52
R MEM 0 6 52
R MEM 1 2 52
R MEM 1 6 52
R MEM 2 2 52
R MEM 2 6 52
R MEM 3 2 52
R MEM 3 6 52
R MEM 0 2 52
R MEM 0 6 52
R MEM 1 2 52
R MEM 1 6 52
R MEM 2 2 52
R MEM 2 6 52
R MEM 3 2 52
R MEM 3 6 52
R MEM 0 2 52
R MEM 0 6 52
R MEM 1 2 52
R MEM 1 6 52
R MEM 2 2 52
R MEM 2 6 52
R MEM 3 2 52
R MEM 3 6 52
R MEM 0 2 52
R MEM 0 6 52
R MEM 1 2 52
R MEM 1 6 52
R MEM 2 2 52
R MEM 2 6 52
R MEM 3 2 52
R MEM 3 6 52
R MEM 0 2 52
R MEM 0 6 52
R MEM 1 2 52
R MEM 1 6 52
R MEM 2 2 52
R MEM 2 6 52
R MEM 3 2 52
R MEM 3 6 52
R MEM 0 2 52
R MEM 0 6 52
R MEM 1 2 52
R MEM 1 6 52
R MEM 2 2 52
R MEM 2 6 52
R MEM 3 2 52
R MEM 3 6 52
R MEM 0 2 52
R MEM 0 6 52
R MEM 1 2 52
R MEM 1 6 52
R MEM 2 2 52
R MEM 2 6 52
R MEM 3 2 52
R MEM 3 6 52
R MEM 0 2 52
R MEM 0 6 52
R MEM 1 2 52
R MEM 1 6 52
R MEM 2 2 52
R MEM 2 6 52
R MEM 3 2 52
R MEM 3 6 52
R MEM 0 2 52
R MEM 0 6 52
R MEM 1 2 52
R MEM 1 6 52
R MEM 2 2 52
R MEM 2 6 52
R MEM 3 2 52
R MEM 3 6 52
R MEM 0 2 52
R MEM 0 6 52
R MEM 1 2 52
R MEM 1 6 52
R MEM 2 2 52
R MEM 2 6 52
R MEM 3 2 52
R MEM 3 6 52
R MEM 0 2 52
R MEM 0 6 52
R MEM 1 2 52
R MEM 1 6 52
R MEM 2 2 52
R MEM 2 6 52
R MEM 3 2 52
R MEM 3 6 52
R MEM 0 2 52
R MEM 0 6 52
R MEM 1 2 52
R MEM 1 6 52
R MEM 2 2 52
R MEM 2 6 52
R MEM 3 2 52
R MEM 3 6 52
R MEM 0 2 52
R MEM 0 6 52
R MEM 1 2 52
R MEM 1 6 52
R MEM 2 2 52
R MEM 2 6 52
R MEM 3 2 52
R MEM 3 6 52
R MEM 0 2 52
R MEM 0 6 52
R MEM 1 2 52
R MEM 1 6 52
R MEM 2 2 52
R MEM 2 6 52
R MEM 3 2 52
R MEM 3 6 52
R MEM 0 2 52
R MEM 0 6 52
R MEM 1 2 52
R MEM 1 6 52
R MEM 2 2 52
R MEM 2 6 52
R MEM 3 2 52
R MEM 3 6 52
R MEM 0 2 52
R MEM 0 6 52
R MEM 1 2 52
R MEM 1 6 52
R MEM 2 2 52
R MEM 2 6 52
R MEM 3 2 52
R MEM 3 6 52
R MEM 0 2 53
R MEM 0 6 53
R MEM 1 2 53
R MEM 1 6 53
R MEM 2 2 53
R MEM 2 6 53
R MEM 3 2 53
R MEM 3 6 53
R MEM 0 2 53
R MEM 0 6 53
R MEM 1 2 53
R MEM 1 6 53
R MEM 2 2 53
R MEM 2 6 53
R MEM 3 2 53
R MEM 3 6 53
R MEM 0 2 53
R MEM 0 6 53
R MEM 1 2 53
R MEM 1 6 53
R MEM 2 2 53
R MEM 2 6 53
R MEM 3 2 53
R MEM 3 6 53
R MEM 0 2 53
R MEM 0 6 53
R MEM 1 2 53
R MEM 1 6 53
R MEM 2 2 53
R MEM 2 6 53
R MEM 3 2 53
R MEM 3 6 53
R MEM 0 2 53
R MEM 0 6 53
R MEM 1 2 53
R MEM 1 6 53
R MEM 2 2 53
R MEM 2 6 53
R MEM 3 2 53
R MEM 3 6 53
R MEM 0 2 53
R MEM 0 6 53
R MEM 1 2 53
R MEM 1 6 53
R MEM 2 2 53
R MEM 2 6 53
R MEM 3 2 53
R MEM 3 6 53
R MEM 0 2 53
R MEM 0 6 53
R MEM 1 2 53
R MEM 1 6 53
R MEM 2 2 53
R MEM 2 6 53
R MEM 3 2 53
R MEM 3 6 53
R MEM 0 2 53
R MEM 0 6 53
R MEM 1 2 53
R MEM 1 6 53
R MEM 2 2 53
R MEM 2 6 53
R MEM 3 2 53
R MEM 3 6 53
R MEM 0 2 53
R MEM 0 6 53
R MEM 1 2 53
R MEM 1 6 53
R MEM 2 2 53
R MEM 2 6 53
R MEM 3 2 53
R MEM 3 6 53
R MEM 0 2 53
R MEM 0 6 53
R MEM 1 2 53
R MEM 1 6 53
R MEM 2 2 53
R MEM 2 6 53
R MEM 3 2 53
R MEM 3 6 53
R MEM 0 2 53
R MEM 0 6 53
R MEM 1 2 53
R MEM 1 6 53
R MEM 2 2 53
R MEM 2 6 53
R MEM 3 2 53
R MEM 3 6 53
R MEM 0 2 53
R MEM 0 6 53
R MEM 1 2 53
R MEM 1 6 53
R MEM 2 2 53
R MEM 2 6 53
R MEM 3 2 53
R MEM 3 6 53
R MEM 0 2 53
R MEM 0 6 53
R MEM 1 2 53
R MEM 1 6 53
R MEM 2 2 53
R MEM 2 6 53
R MEM 3 2 53
R MEM 3 6 53
R MEM 0 2 53
R MEM 0 6 53
R MEM 1 2 53
R MEM 1 6 53
R MEM 2 2 53
R MEM 2 6 53
R MEM 3 2 53
R MEM 3 6 53
R MEM 0 2 53
R MEM 0 6 53
R MEM 1 2 53
R MEM 1 6 53
R MEM 2 2 53
R MEM 2 6 53
R MEM 3 2 53
R MEM 3 6 53
R MEM 0 2 53
R MEM 0 6 53
R MEM 1 2 53
R MEM 1 6 53
R MEM 2 2 53
R MEM 2 6 53
R MEM 3 2 53
R MEM 3 6 53
R MEM 0 2 54
R MEM 0 6 54
R MEM 1 2 54
R MEM 1 6 54
R MEM 2 2 54
R MEM 2 6 54
R MEM 3 2 54
R MEM 3 6 54
R MEM 0 2 54
R MEM 0 6 54
R MEM 1 2 54
R MEM 1 6 54
R MEM 2 2 54
R MEM 2 6 54
R MEM 3 2 54
R MEM 3 6 54
R MEM 0 2 54
R MEM 0 6 54
R MEM 1 2 54
R MEM 1 6 54
R MEM 2 2 54
R MEM 2 6 54
R MEM 3 2 54
R MEM 3 6 54
R MEM 0 2 54
R MEM 0 6 54
R MEM 1 2 54
R MEM 1 6 54
R MEM 2 2 54
R MEM 2 6 54
R MEM 3 2 54
R MEM 3 6 54
R MEM 0 2 54
R MEM 0 6 54
R MEM 1 2 54
R MEM 1 6 54
R MEM 2 2 54
R MEM 2 6 54
R MEM 3 2 54
R MEM 3 6 54
R MEM 0 2 54
R MEM 0 6 54
R MEM 1 2 54
R MEM 1 6 54
R MEM 2 2 54
R MEM 2 6 54
R MEM 3 2 54
R MEM 3 6 54
R MEM 0 2 54
R MEM 0 6 54
R MEM 1 2 54
R MEM 1 6 54
R MEM 2 2 54
R MEM 2 6 54
R MEM 3 2 54
R MEM 3 6 54
R MEM 0 2 54
R MEM 0 6 54
R MEM 1 2 54
R MEM 1 6 54
R MEM 2 2 54
R MEM 2 6 54
R MEM 3 2 54
R MEM 3 6 54
R MEM 0 2 54
R MEM 0 6 54
R MEM 1 2 54
R MEM 1 6 54
R MEM 2 2 54
R MEM 2 6 54
R MEM 3 2 54
R MEM 3 6 54
R MEM 0 2 54
R MEM 0 6 54
R MEM 1 2 54
R MEM 1 6 54
R MEM 2 2 54
R MEM 2 6 54
R MEM 3 2 54
R MEM 3 6 54
R MEM 0 2 54
R MEM 0 6 54
R MEM 1 2 54
R MEM 1 6 54
R MEM 2 2 54
R MEM 2 6 54
R MEM 3 2 54
R MEM 3 6 54
R MEM 0 2 54
R MEM 0 6 54
R MEM 1 2 54
R MEM 1 6 54
R MEM 2 2 54
R MEM 2 6 54
R MEM 3 2 54
R MEM 3 6 54
R MEM 0 2 54
R MEM 0 6 54
R MEM 1 2 54
R MEM 1 6 54
R MEM 2 2 54
R MEM 2 6 54
R MEM 3 2 54
R MEM 3 6 54
R MEM 0 2 54
R MEM 0 6 54
R MEM 1 2 54
R MEM 1 6 54
R MEM 2 2 54
R MEM 2 6 54
R MEM 3 2 54
R MEM 3 6 54
R MEM 0 2 54
R MEM 0 6 54
R MEM 1 2 54
R MEM 1 6 54
R MEM 2 2 54
R MEM 2 6 54
R MEM 3 2 54
R MEM 3 6 54
R MEM 0 2 54
R MEM 0 6 54
R MEM 1 2 54
R MEM 1 6 54
R MEM 2 2 54
R MEM 2 6 54
R MEM 3 2 54
R MEM 3 6 54
R MEM 0 2 55
R MEM 0 6 55
R MEM 1 2 55
R MEM 1 6 55
R MEM 2 2 55
R MEM 2 6 55
R MEM 3 2 55
R MEM 3 6 55
R MEM 0 2 55
R MEM 0 6 55
R MEM 1 2 55
R MEM 1 6 55
R MEM 2 2 55
R MEM 2 6 55
R MEM 3 2 55
R MEM 3 6 55
R MEM 0 2 55
R MEM 0 6 55
R MEM 1 2 55
R MEM 1 6 55
R MEM 2 2 55
R MEM 2 6 55
R MEM 3 2 55
R MEM 3 6 55
R MEM 0 2 55
R MEM 0 6 55
R MEM 1 2 55
R MEM 1 6 55
R MEM 2 2 55
R MEM 2 6 55
R MEM 3 2 55
R MEM 3 6 55
R MEM 0 2 55
R MEM 0 6 55
R MEM 1 2 55
R MEM 1 6 55
R MEM 2 2 55
R MEM 2 6 55
R MEM 3 2 55
R MEM 3 6 55
R MEM 0 2 55
R MEM 0 6 55
R MEM 1 2 55
R MEM 1 6 55
R MEM 2 2 55
R MEM 2 6 55
R MEM 3 2 55
R MEM 3 6 55
R MEM 0 2 55
R MEM 0 6 55
R MEM 1 2 55
R MEM 1 6 55
R MEM 2 2 55
R MEM 2 6 55
R MEM 3 2 55
R MEM 3 6 55
R MEM 0 2 55
R MEM 0 6 55
R MEM 1 2 55
R MEM 1 6 55
R MEM 2 2 55
R MEM 2 6 55
R MEM 3 2 55
R MEM 3 6 55
R MEM 0 2 55
R MEM 0 6 55
R MEM 1 2 55
R MEM 1 6 55
R MEM 2 2 55
R MEM 2 6 55
R MEM 3 2 55
R MEM 3 6 55
R MEM 0 2 55
R MEM 0 6 55
R MEM 1 2 55
R MEM 1 6 55
R MEM 2 2 55
R MEM 2 6 55
R MEM 3 2 55
R MEM 3 6 55
R MEM 0 2 55
R MEM 0 6 55
R MEM 1 2 55
R MEM 1 6 55
R MEM 2 2 55
R MEM 2 6 55
R MEM 3 2 55
R MEM 3 6 55
R MEM 0 2 55
R MEM 0 6 55
R MEM 1 2 55
R MEM 1 6 55
R MEM 2 2 55
R MEM 2 6 55
R MEM 3 2 55
R MEM 3 6 55
R MEM 0 2 55
R MEM 0 6 55
R MEM 1 2 55
R MEM 1 6 55
R MEM 2 2 55
R MEM 2 6 55
R MEM 3 2 55
R MEM 3 6 55
R MEM 0 2 55
R MEM 0 6 55
R MEM 1 2 55
R MEM 1 6 55
R MEM 2 2 55
R MEM 2 6 55
R MEM 3 2 55
R MEM 3 6 55
R MEM 0 2 55
R MEM 0 6 55
R MEM 1 2 55
R MEM 1 6 55
R MEM 2 2 55
R MEM 2 6 55
R MEM 3 2 55
R MEM 3 6 55
R MEM 0 2 55
R MEM 0 6 55
R MEM 1 2 55
R MEM 1 6 55
R MEM 2 2 55
R MEM 2 6 55
R MEM 3 2 55
R MEM 3 6 55
R MEM 0 2 56
R MEM 0 6 56
R MEM 1 2 56
R MEM 1 6 56
R MEM 2 2 56
R MEM 2 6 56
R MEM 3 2 56
R MEM 3 6 56
R MEM 0 2 56
R MEM 0 6 56
R MEM 1 2 56
R MEM 1 6 56
R MEM 2 2 56
R MEM 2 6 56
R MEM 3 2 56
R MEM 3 6 56
R MEM 0 2 56
R MEM 0 6 56
R MEM 1 2 56
R MEM 1 6 56
R MEM 2 2 56
R MEM 2 6 56
R MEM 3 2 56
R MEM 3 6 56
R MEM 0 2 56
R MEM 0 6 56
R MEM 1 2 56
R MEM 1 6 56
R MEM 2 2 56
R MEM 2 6 56
R MEM 3 2 56
R MEM 3 6 56
R MEM 0 2 56
R MEM 0 6 56
R MEM 1 2 56
R MEM 1 6 56
R MEM 2 2 56
R MEM 2 6 56
R MEM 3 2 56
R MEM 3 6 56
R MEM 0 2 56
R MEM 0 6 56
R MEM 1 2 56
R MEM 1 6 56
R MEM 2 2 56
R MEM 2 6 56
R MEM 3 2 56
R MEM 3 6 56
R MEM 0 2 56
R MEM 0 6 56
R MEM 1 2 56
R MEM 1 6 56
R MEM 2 2 56
R MEM 2 6 56
R MEM 3 2 56
R MEM 3 6 56
R MEM 0 2 56
R MEM 0 6 56
R MEM 1 2 56
R MEM 1 6 56
R MEM 2 2 56
R MEM 2 6 56
R MEM 3 2 56
R MEM 3 6 56
R MEM 0 2 56
R MEM 0 6 56
R MEM 1 2 56
R MEM 1 6 56
R MEM 2 2 56
R MEM 2 6 56
R MEM 3 2 56
R MEM 3 6 56
R MEM 0 2 56
R MEM 0 6 56
R MEM 1 2 56
R MEM 1 6 56
R MEM 2 2 56
R MEM 2 6 56
R MEM 3 2 56
R MEM 3 6 56
R MEM 0 2 56
R MEM 0 6 56
R MEM 1 2 56
R MEM 1 6 56
R MEM 2 2 56
R MEM 2 6 56
R MEM 3 2 56
R MEM 3 6 56
R MEM 0 2 56
R MEM 0 6 56
R MEM 1 2 56
R MEM 1 6 56
R MEM 2 2 56
R MEM 2 6 56
R MEM 3 2 56
R MEM 3 6 56
R MEM 0 2 56
R MEM 0 6 56
R MEM 1 2 56
R MEM 1 6 56
R MEM 2 2 56
R MEM 2 6 56
R MEM 3 2 56
R MEM 3 6 56
R MEM 0 2 56
R MEM 0 6 56
R MEM 1 2 56
R MEM 1 6 56
R MEM 2 2 56
R MEM 2 6 56
R MEM 3 2 56
R MEM 3 6 56
R MEM 0 2 56
R MEM 0 6 56
R MEM 1 2 56
R MEM 1 6 56
R MEM 2 2 56
R MEM 2 6 56
R MEM 3 2 56
R MEM 3 6 56
R MEM 0 2 56
R MEM 0 6 56
R MEM 1 2 56
R MEM 1 6 56
R MEM 2 2 56
R MEM 2 6 56
R MEM 3 2 56
R MEM 3 6 56
AiM EOC
