AiM EWMUL 8 0xffffffff 29
R MEM 0 2 29
R MEM 0 6 29
R MEM 1 2 29
R MEM 1 6 29
R MEM 2 2 29
R MEM 2 6 29
R MEM 3 2 29
R MEM 3 6 29
R MEM 0 2 29
R MEM 0 6 29
R MEM 1 2 29
R MEM 1 6 29
R MEM 2 2 29
R MEM 2 6 29
R MEM 3 2 29
R MEM 3 6 29
R MEM 0 2 29
R MEM 0 6 29
R MEM 1 2 29
R MEM 1 6 29
R MEM 2 2 29
R MEM 2 6 29
R MEM 3 2 29
R MEM 3 6 29
R MEM 0 2 29
R MEM 0 6 29
R MEM 1 2 29
R MEM 1 6 29
R MEM 2 2 29
R MEM 2 6 29
R MEM 3 2 29
R MEM 3 6 29
R MEM 0 2 29
R MEM 0 6 29
R MEM 1 2 29
R MEM 1 6 29
R MEM 2 2 29
R MEM 2 6 29
R MEM 3 2 29
R MEM 3 6 29
R MEM 0 2 29
R MEM 0 6 29
R MEM 1 2 29
R MEM 1 6 29
R MEM 2 2 29
R MEM 2 6 29
R MEM 3 2 29
R MEM 3 6 29
R MEM 0 2 29
R MEM 0 6 29
R MEM 1 2 29
R MEM 1 6 29
R MEM 2 2 29
R MEM 2 6 29
R MEM 3 2 29
R MEM 3 6 29
R MEM 0 2 29
R MEM 0 6 29
R MEM 1 2 29
R MEM 1 6 29
R MEM 2 2 29
R MEM 2 6 29
R MEM 3 2 29
R MEM 3 6 29
W MEM 0 0 29
W MEM 0 4 29
W MEM 1 0 29
W MEM 1 4 29
W MEM 2 0 29
W MEM 2 4 29
W MEM 3 0 29
W MEM 3 4 29
W MEM 0 0 29
W MEM 0 4 29
W MEM 1 0 29
W MEM 1 4 29
W MEM 2 0 29
W MEM 2 4 29
W MEM 3 0 29
W MEM 3 4 29
W MEM 0 0 29
W MEM 0 4 29
W MEM 1 0 29
W MEM 1 4 29
W MEM 2 0 29
W MEM 2 4 29
W MEM 3 0 29
W MEM 3 4 29
W MEM 0 0 29
W MEM 0 4 29
W MEM 1 0 29
W MEM 1 4 29
W MEM 2 0 29
W MEM 2 4 29
W MEM 3 0 29
W MEM 3 4 29
W MEM 0 0 29
W MEM 0 4 29
W MEM 1 0 29
W MEM 1 4 29
W MEM 2 0 29
W MEM 2 4 29
W MEM 3 0 29
W MEM 3 4 29
W MEM 0 0 29
W MEM 0 4 29
W MEM 1 0 29
W MEM 1 4 29
W MEM 2 0 29
W MEM 2 4 29
W MEM 3 0 29
W MEM 3 4 29
W MEM 0 0 29
W MEM 0 4 29
W MEM 1 0 29
W MEM 1 4 29
W MEM 2 0 29
W MEM 2 4 29
W MEM 3 0 29
W MEM 3 4 29
W MEM 0 0 29
W MEM 0 4 29
W MEM 1 0 29
W MEM 1 4 29
W MEM 2 0 29
W MEM 2 4 29
W MEM 3 0 29
W MEM 3 4 29
AiM EWMUL 8 0xffffffff 29
R MEM 0 2 29
R MEM 0 6 29
R MEM 1 2 29
R MEM 1 6 29
R MEM 2 2 29
R MEM 2 6 29
R MEM 3 2 29
R MEM 3 6 29
R MEM 0 2 29
R MEM 0 6 29
R MEM 1 2 29
R MEM 1 6 29
R MEM 2 2 29
R MEM 2 6 29
R MEM 3 2 29
R MEM 3 6 29
R MEM 0 2 29
R MEM 0 6 29
R MEM 1 2 29
R MEM 1 6 29
R MEM 2 2 29
R MEM 2 6 29
R MEM 3 2 29
R MEM 3 6 29
R MEM 0 2 29
R MEM 0 6 29
R MEM 1 2 29
R MEM 1 6 29
R MEM 2 2 29
R MEM 2 6 29
R MEM 3 2 29
R MEM 3 6 29
R MEM 0 2 29
R MEM 0 6 29
R MEM 1 2 29
R MEM 1 6 29
R MEM 2 2 29
R MEM 2 6 29
R MEM 3 2 29
R MEM 3 6 29
R MEM 0 2 29
R MEM 0 6 29
R MEM 1 2 29
R MEM 1 6 29
R MEM 2 2 29
R MEM 2 6 29
R MEM 3 2 29
R MEM 3 6 29
R MEM 0 2 29
R MEM 0 6 29
R MEM 1 2 29
R MEM 1 6 29
R MEM 2 2 29
R MEM 2 6 29
R MEM 3 2 29
R MEM 3 6 29
R MEM 0 2 29
R MEM 0 6 29
R MEM 1 2 29
R MEM 1 6 29
R MEM 2 2 29
R MEM 2 6 29
R MEM 3 2 29
R MEM 3 6 29
AiM EWMUL 16 0xffffffff 29
R MEM 0 2 29
R MEM 0 6 29
R MEM 1 2 29
R MEM 1 6 29
R MEM 2 2 29
R MEM 2 6 29
R MEM 3 2 29
R MEM 3 6 29
R MEM 0 2 29
R MEM 0 6 29
R MEM 1 2 29
R MEM 1 6 29
R MEM 2 2 29
R MEM 2 6 29
R MEM 3 2 29
R MEM 3 6 29
R MEM 0 2 29
R MEM 0 6 29
R MEM 1 2 29
R MEM 1 6 29
R MEM 2 2 29
R MEM 2 6 29
R MEM 3 2 29
R MEM 3 6 29
R MEM 0 2 29
R MEM 0 6 29
R MEM 1 2 29
R MEM 1 6 29
R MEM 2 2 29
R MEM 2 6 29
R MEM 3 2 29
R MEM 3 6 29
R MEM 0 2 29
R MEM 0 6 29
R MEM 1 2 29
R MEM 1 6 29
R MEM 2 2 29
R MEM 2 6 29
R MEM 3 2 29
R MEM 3 6 29
R MEM 0 2 29
R MEM 0 6 29
R MEM 1 2 29
R MEM 1 6 29
R MEM 2 2 29
R MEM 2 6 29
R MEM 3 2 29
R MEM 3 6 29
R MEM 0 2 29
R MEM 0 6 29
R MEM 1 2 29
R MEM 1 6 29
R MEM 2 2 29
R MEM 2 6 29
R MEM 3 2 29
R MEM 3 6 29
R MEM 0 2 29
R MEM 0 6 29
R MEM 1 2 29
R MEM 1 6 29
R MEM 2 2 29
R MEM 2 6 29
R MEM 3 2 29
R MEM 3 6 29
R MEM 0 2 29
R MEM 0 6 29
R MEM 1 2 29
R MEM 1 6 29
R MEM 2 2 29
R MEM 2 6 29
R MEM 3 2 29
R MEM 3 6 29
R MEM 0 2 29
R MEM 0 6 29
R MEM 1 2 29
R MEM 1 6 29
R MEM 2 2 29
R MEM 2 6 29
R MEM 3 2 29
R MEM 3 6 29
R MEM 0 2 29
R MEM 0 6 29
R MEM 1 2 29
R MEM 1 6 29
R MEM 2 2 29
R MEM 2 6 29
R MEM 3 2 29
R MEM 3 6 29
R MEM 0 2 29
R MEM 0 6 29
R MEM 1 2 29
R MEM 1 6 29
R MEM 2 2 29
R MEM 2 6 29
R MEM 3 2 29
R MEM 3 6 29
R MEM 0 2 29
R MEM 0 6 29
R MEM 1 2 29
R MEM 1 6 29
R MEM 2 2 29
R MEM 2 6 29
R MEM 3 2 29
R MEM 3 6 29
R MEM 0 2 29
R MEM 0 6 29
R MEM 1 2 29
R MEM 1 6 29
R MEM 2 2 29
R MEM 2 6 29
R MEM 3 2 29
R MEM 3 6 29
R MEM 0 2 29
R MEM 0 6 29
R MEM 1 2 29
R MEM 1 6 29
R MEM 2 2 29
R MEM 2 6 29
R MEM 3 2 29
R MEM 3 6 29
R MEM 0 2 29
R MEM 0 6 29
R MEM 1 2 29
R MEM 1 6 29
R MEM 2 2 29
R MEM 2 6 29
R MEM 3 2 29
R MEM 3 6 29
W MEM 0 0 29
W MEM 0 4 29
W MEM 1 0 29
W MEM 1 4 29
W MEM 2 0 29
W MEM 2 4 29
W MEM 3 0 29
W MEM 3 4 29
W MEM 0 0 29
W MEM 0 4 29
W MEM 1 0 29
W MEM 1 4 29
W MEM 2 0 29
W MEM 2 4 29
W MEM 3 0 29
W MEM 3 4 29
W MEM 0 0 29
W MEM 0 4 29
W MEM 1 0 29
W MEM 1 4 29
W MEM 2 0 29
W MEM 2 4 29
W MEM 3 0 29
W MEM 3 4 29
W MEM 0 0 29
W MEM 0 4 29
W MEM 1 0 29
W MEM 1 4 29
W MEM 2 0 29
W MEM 2 4 29
W MEM 3 0 29
W MEM 3 4 29
W MEM 0 0 29
W MEM 0 4 29
W MEM 1 0 29
W MEM 1 4 29
W MEM 2 0 29
W MEM 2 4 29
W MEM 3 0 29
W MEM 3 4 29
W MEM 0 0 29
W MEM 0 4 29
W MEM 1 0 29
W MEM 1 4 29
W MEM 2 0 29
W MEM 2 4 29
W MEM 3 0 29
W MEM 3 4 29
W MEM 0 0 29
W MEM 0 4 29
W MEM 1 0 29
W MEM 1 4 29
W MEM 2 0 29
W MEM 2 4 29
W MEM 3 0 29
W MEM 3 4 29
W MEM 0 0 29
W MEM 0 4 29
W MEM 1 0 29
W MEM 1 4 29
W MEM 2 0 29
W MEM 2 4 29
W MEM 3 0 29
W MEM 3 4 29
W MEM 0 0 29
W MEM 0 4 29
W MEM 1 0 29
W MEM 1 4 29
W MEM 2 0 29
W MEM 2 4 29
W MEM 3 0 29
W MEM 3 4 29
W MEM 0 0 29
W MEM 0 4 29
W MEM 1 0 29
W MEM 1 4 29
W MEM 2 0 29
W MEM 2 4 29
W MEM 3 0 29
W MEM 3 4 29
W MEM 0 0 29
W MEM 0 4 29
W MEM 1 0 29
W MEM 1 4 29
W MEM 2 0 29
W MEM 2 4 29
W MEM 3 0 29
W MEM 3 4 29
W MEM 0 0 29
W MEM 0 4 29
W MEM 1 0 29
W MEM 1 4 29
W MEM 2 0 29
W MEM 2 4 29
W MEM 3 0 29
W MEM 3 4 29
W MEM 0 0 29
W MEM 0 4 29
W MEM 1 0 29
W MEM 1 4 29
W MEM 2 0 29
W MEM 2 4 29
W MEM 3 0 29
W MEM 3 4 29
W MEM 0 0 29
W MEM 0 4 29
W MEM 1 0 29
W MEM 1 4 29
W MEM 2 0 29
W MEM 2 4 29
W MEM 3 0 29
W MEM 3 4 29
W MEM 0 0 29
W MEM 0 4 29
W MEM 1 0 29
W MEM 1 4 29
W MEM 2 0 29
W MEM 2 4 29
W MEM 3 0 29
W MEM 3 4 29
W MEM 0 0 29
W MEM 0 4 29
W MEM 1 0 29
W MEM 1 4 29
W MEM 2 0 29
W MEM 2 4 29
W MEM 3 0 29
W MEM 3 4 29
AiM EWMUL 16 0xffffffff 29
R MEM 0 2 29
R MEM 0 6 29
R MEM 1 2 29
R MEM 1 6 29
R MEM 2 2 29
R MEM 2 6 29
R MEM 3 2 29
R MEM 3 6 29
R MEM 0 2 29
R MEM 0 6 29
R MEM 1 2 29
R MEM 1 6 29
R MEM 2 2 29
R MEM 2 6 29
R MEM 3 2 29
R MEM 3 6 29
R MEM 0 2 29
R MEM 0 6 29
R MEM 1 2 29
R MEM 1 6 29
R MEM 2 2 29
R MEM 2 6 29
R MEM 3 2 29
R MEM 3 6 29
R MEM 0 2 29
R MEM 0 6 29
R MEM 1 2 29
R MEM 1 6 29
R MEM 2 2 29
R MEM 2 6 29
R MEM 3 2 29
R MEM 3 6 29
R MEM 0 2 29
R MEM 0 6 29
R MEM 1 2 29
R MEM 1 6 29
R MEM 2 2 29
R MEM 2 6 29
R MEM 3 2 29
R MEM 3 6 29
R MEM 0 2 29
R MEM 0 6 29
R MEM 1 2 29
R MEM 1 6 29
R MEM 2 2 29
R MEM 2 6 29
R MEM 3 2 29
R MEM 3 6 29
R MEM 0 2 29
R MEM 0 6 29
R MEM 1 2 29
R MEM 1 6 29
R MEM 2 2 29
R MEM 2 6 29
R MEM 3 2 29
R MEM 3 6 29
R MEM 0 2 29
R MEM 0 6 29
R MEM 1 2 29
R MEM 1 6 29
R MEM 2 2 29
R MEM 2 6 29
R MEM 3 2 29
R MEM 3 6 29
R MEM 0 2 29
R MEM 0 6 29
R MEM 1 2 29
R MEM 1 6 29
R MEM 2 2 29
R MEM 2 6 29
R MEM 3 2 29
R MEM 3 6 29
R MEM 0 2 29
R MEM 0 6 29
R MEM 1 2 29
R MEM 1 6 29
R MEM 2 2 29
R MEM 2 6 29
R MEM 3 2 29
R MEM 3 6 29
R MEM 0 2 29
R MEM 0 6 29
R MEM 1 2 29
R MEM 1 6 29
R MEM 2 2 29
R MEM 2 6 29
R MEM 3 2 29
R MEM 3 6 29
R MEM 0 2 29
R MEM 0 6 29
R MEM 1 2 29
R MEM 1 6 29
R MEM 2 2 29
R MEM 2 6 29
R MEM 3 2 29
R MEM 3 6 29
R MEM 0 2 29
R MEM 0 6 29
R MEM 1 2 29
R MEM 1 6 29
R MEM 2 2 29
R MEM 2 6 29
R MEM 3 2 29
R MEM 3 6 29
R MEM 0 2 29
R MEM 0 6 29
R MEM 1 2 29
R MEM 1 6 29
R MEM 2 2 29
R MEM 2 6 29
R MEM 3 2 29
R MEM 3 6 29
R MEM 0 2 29
R MEM 0 6 29
R MEM 1 2 29
R MEM 1 6 29
R MEM 2 2 29
R MEM 2 6 29
R MEM 3 2 29
R MEM 3 6 29
R MEM 0 2 29
R MEM 0 6 29
R MEM 1 2 29
R MEM 1 6 29
R MEM 2 2 29
R MEM 2 6 29
R MEM 3 2 29
R MEM 3 6 29
AiM EWMUL 16 0xffffffff 29
AiM EWMUL 16 0xffffffff 30
R MEM 0 2 29
R MEM 0 6 29
R MEM 1 2 29
R MEM 1 6 29
R MEM 2 2 29
R MEM 2 6 29
R MEM 3 2 29
R MEM 3 6 29
R MEM 0 2 29
R MEM 0 6 29
R MEM 1 2 29
R MEM 1 6 29
R MEM 2 2 29
R MEM 2 6 29
R MEM 3 2 29
R MEM 3 6 29
R MEM 0 2 29
R MEM 0 6 29
R MEM 1 2 29
R MEM 1 6 29
R MEM 2 2 29
R MEM 2 6 29
R MEM 3 2 29
R MEM 3 6 29
R MEM 0 2 29
R MEM 0 6 29
R MEM 1 2 29
R MEM 1 6 29
R MEM 2 2 29
R MEM 2 6 29
R MEM 3 2 29
R MEM 3 6 29
R MEM 0 2 29
R MEM 0 6 29
R MEM 1 2 29
R MEM 1 6 29
R MEM 2 2 29
R MEM 2 6 29
R MEM 3 2 29
R MEM 3 6 29
R MEM 0 2 29
R MEM 0 6 29
R MEM 1 2 29
R MEM 1 6 29
R MEM 2 2 29
R MEM 2 6 29
R MEM 3 2 29
R MEM 3 6 29
R MEM 0 2 29
R MEM 0 6 29
R MEM 1 2 29
R MEM 1 6 29
R MEM 2 2 29
R MEM 2 6 29
R MEM 3 2 29
R MEM 3 6 29
R MEM 0 2 29
R MEM 0 6 29
R MEM 1 2 29
R MEM 1 6 29
R MEM 2 2 29
R MEM 2 6 29
R MEM 3 2 29
R MEM 3 6 29
R MEM 0 2 29
R MEM 0 6 29
R MEM 1 2 29
R MEM 1 6 29
R MEM 2 2 29
R MEM 2 6 29
R MEM 3 2 29
R MEM 3 6 29
R MEM 0 2 29
R MEM 0 6 29
R MEM 1 2 29
R MEM 1 6 29
R MEM 2 2 29
R MEM 2 6 29
R MEM 3 2 29
R MEM 3 6 29
R MEM 0 2 29
R MEM 0 6 29
R MEM 1 2 29
R MEM 1 6 29
R MEM 2 2 29
R MEM 2 6 29
R MEM 3 2 29
R MEM 3 6 29
R MEM 0 2 29
R MEM 0 6 29
R MEM 1 2 29
R MEM 1 6 29
R MEM 2 2 29
R MEM 2 6 29
R MEM 3 2 29
R MEM 3 6 29
R MEM 0 2 29
R MEM 0 6 29
R MEM 1 2 29
R MEM 1 6 29
R MEM 2 2 29
R MEM 2 6 29
R MEM 3 2 29
R MEM 3 6 29
R MEM 0 2 29
R MEM 0 6 29
R MEM 1 2 29
R MEM 1 6 29
R MEM 2 2 29
R MEM 2 6 29
R MEM 3 2 29
R MEM 3 6 29
R MEM 0 2 29
R MEM 0 6 29
R MEM 1 2 29
R MEM 1 6 29
R MEM 2 2 29
R MEM 2 6 29
R MEM 3 2 29
R MEM 3 6 29
R MEM 0 2 29
R MEM 0 6 29
R MEM 1 2 29
R MEM 1 6 29
R MEM 2 2 29
R MEM 2 6 29
R MEM 3 2 29
R MEM 3 6 29
R MEM 0 2 30
R MEM 0 6 30
R MEM 1 2 30
R MEM 1 6 30
R MEM 2 2 30
R MEM 2 6 30
R MEM 3 2 30
R MEM 3 6 30
R MEM 0 2 30
R MEM 0 6 30
R MEM 1 2 30
R MEM 1 6 30
R MEM 2 2 30
R MEM 2 6 30
R MEM 3 2 30
R MEM 3 6 30
R MEM 0 2 30
R MEM 0 6 30
R MEM 1 2 30
R MEM 1 6 30
R MEM 2 2 30
R MEM 2 6 30
R MEM 3 2 30
R MEM 3 6 30
R MEM 0 2 30
R MEM 0 6 30
R MEM 1 2 30
R MEM 1 6 30
R MEM 2 2 30
R MEM 2 6 30
R MEM 3 2 30
R MEM 3 6 30
R MEM 0 2 30
R MEM 0 6 30
R MEM 1 2 30
R MEM 1 6 30
R MEM 2 2 30
R MEM 2 6 30
R MEM 3 2 30
R MEM 3 6 30
R MEM 0 2 30
R MEM 0 6 30
R MEM 1 2 30
R MEM 1 6 30
R MEM 2 2 30
R MEM 2 6 30
R MEM 3 2 30
R MEM 3 6 30
R MEM 0 2 30
R MEM 0 6 30
R MEM 1 2 30
R MEM 1 6 30
R MEM 2 2 30
R MEM 2 6 30
R MEM 3 2 30
R MEM 3 6 30
R MEM 0 2 30
R MEM 0 6 30
R MEM 1 2 30
R MEM 1 6 30
R MEM 2 2 30
R MEM 2 6 30
R MEM 3 2 30
R MEM 3 6 30
R MEM 0 2 30
R MEM 0 6 30
R MEM 1 2 30
R MEM 1 6 30
R MEM 2 2 30
R MEM 2 6 30
R MEM 3 2 30
R MEM 3 6 30
R MEM 0 2 30
R MEM 0 6 30
R MEM 1 2 30
R MEM 1 6 30
R MEM 2 2 30
R MEM 2 6 30
R MEM 3 2 30
R MEM 3 6 30
R MEM 0 2 30
R MEM 0 6 30
R MEM 1 2 30
R MEM 1 6 30
R MEM 2 2 30
R MEM 2 6 30
R MEM 3 2 30
R MEM 3 6 30
R MEM 0 2 30
R MEM 0 6 30
R MEM 1 2 30
R MEM 1 6 30
R MEM 2 2 30
R MEM 2 6 30
R MEM 3 2 30
R MEM 3 6 30
R MEM 0 2 30
R MEM 0 6 30
R MEM 1 2 30
R MEM 1 6 30
R MEM 2 2 30
R MEM 2 6 30
R MEM 3 2 30
R MEM 3 6 30
R MEM 0 2 30
R MEM 0 6 30
R MEM 1 2 30
R MEM 1 6 30
R MEM 2 2 30
R MEM 2 6 30
R MEM 3 2 30
R MEM 3 6 30
R MEM 0 2 30
R MEM 0 6 30
R MEM 1 2 30
R MEM 1 6 30
R MEM 2 2 30
R MEM 2 6 30
R MEM 3 2 30
R MEM 3 6 30
R MEM 0 2 30
R MEM 0 6 30
R MEM 1 2 30
R MEM 1 6 30
R MEM 2 2 30
R MEM 2 6 30
R MEM 3 2 30
R MEM 3 6 30
W MEM 0 0 29
W MEM 0 4 29
W MEM 1 0 29
W MEM 1 4 29
W MEM 2 0 29
W MEM 2 4 29
W MEM 3 0 29
W MEM 3 4 29
W MEM 0 0 29
W MEM 0 4 29
W MEM 1 0 29
W MEM 1 4 29
W MEM 2 0 29
W MEM 2 4 29
W MEM 3 0 29
W MEM 3 4 29
W MEM 0 0 29
W MEM 0 4 29
W MEM 1 0 29
W MEM 1 4 29
W MEM 2 0 29
W MEM 2 4 29
W MEM 3 0 29
W MEM 3 4 29
W MEM 0 0 29
W MEM 0 4 29
W MEM 1 0 29
W MEM 1 4 29
W MEM 2 0 29
W MEM 2 4 29
W MEM 3 0 29
W MEM 3 4 29
W MEM 0 0 29
W MEM 0 4 29
W MEM 1 0 29
W MEM 1 4 29
W MEM 2 0 29
W MEM 2 4 29
W MEM 3 0 29
W MEM 3 4 29
W MEM 0 0 29
W MEM 0 4 29
W MEM 1 0 29
W MEM 1 4 29
W MEM 2 0 29
W MEM 2 4 29
W MEM 3 0 29
W MEM 3 4 29
W MEM 0 0 29
W MEM 0 4 29
W MEM 1 0 29
W MEM 1 4 29
W MEM 2 0 29
W MEM 2 4 29
W MEM 3 0 29
W MEM 3 4 29
W MEM 0 0 29
W MEM 0 4 29
W MEM 1 0 29
W MEM 1 4 29
W MEM 2 0 29
W MEM 2 4 29
W MEM 3 0 29
W MEM 3 4 29
W MEM 0 0 29
W MEM 0 4 29
W MEM 1 0 29
W MEM 1 4 29
W MEM 2 0 29
W MEM 2 4 29
W MEM 3 0 29
W MEM 3 4 29
W MEM 0 0 29
W MEM 0 4 29
W MEM 1 0 29
W MEM 1 4 29
W MEM 2 0 29
W MEM 2 4 29
W MEM 3 0 29
W MEM 3 4 29
W MEM 0 0 29
W MEM 0 4 29
W MEM 1 0 29
W MEM 1 4 29
W MEM 2 0 29
W MEM 2 4 29
W MEM 3 0 29
W MEM 3 4 29
W MEM 0 0 29
W MEM 0 4 29
W MEM 1 0 29
W MEM 1 4 29
W MEM 2 0 29
W MEM 2 4 29
W MEM 3 0 29
W MEM 3 4 29
W MEM 0 0 29
W MEM 0 4 29
W MEM 1 0 29
W MEM 1 4 29
W MEM 2 0 29
W MEM 2 4 29
W MEM 3 0 29
W MEM 3 4 29
W MEM 0 0 29
W MEM 0 4 29
W MEM 1 0 29
W MEM 1 4 29
W MEM 2 0 29
W MEM 2 4 29
W MEM 3 0 29
W MEM 3 4 29
W MEM 0 0 29
W MEM 0 4 29
W MEM 1 0 29
W MEM 1 4 29
W MEM 2 0 29
W MEM 2 4 29
W MEM 3 0 29
W MEM 3 4 29
W MEM 0 0 29
W MEM 0 4 29
W MEM 1 0 29
W MEM 1 4 29
W MEM 2 0 29
W MEM 2 4 29
W MEM 3 0 29
W MEM 3 4 29
W MEM 0 0 30
W MEM 0 4 30
W MEM 1 0 30
W MEM 1 4 30
W MEM 2 0 30
W MEM 2 4 30
W MEM 3 0 30
W MEM 3 4 30
W MEM 0 0 30
W MEM 0 4 30
W MEM 1 0 30
W MEM 1 4 30
W MEM 2 0 30
W MEM 2 4 30
W MEM 3 0 30
W MEM 3 4 30
W MEM 0 0 30
W MEM 0 4 30
W MEM 1 0 30
W MEM 1 4 30
W MEM 2 0 30
W MEM 2 4 30
W MEM 3 0 30
W MEM 3 4 30
W MEM 0 0 30
W MEM 0 4 30
W MEM 1 0 30
W MEM 1 4 30
W MEM 2 0 30
W MEM 2 4 30
W MEM 3 0 30
W MEM 3 4 30
W MEM 0 0 30
W MEM 0 4 30
W MEM 1 0 30
W MEM 1 4 30
W MEM 2 0 30
W MEM 2 4 30
W MEM 3 0 30
W MEM 3 4 30
W MEM 0 0 30
W MEM 0 4 30
W MEM 1 0 30
W MEM 1 4 30
W MEM 2 0 30
W MEM 2 4 30
W MEM 3 0 30
W MEM 3 4 30
W MEM 0 0 30
W MEM 0 4 30
W MEM 1 0 30
W MEM 1 4 30
W MEM 2 0 30
W MEM 2 4 30
W MEM 3 0 30
W MEM 3 4 30
W MEM 0 0 30
W MEM 0 4 30
W MEM 1 0 30
W MEM 1 4 30
W MEM 2 0 30
W MEM 2 4 30
W MEM 3 0 30
W MEM 3 4 30
W MEM 0 0 30
W MEM 0 4 30
W MEM 1 0 30
W MEM 1 4 30
W MEM 2 0 30
W MEM 2 4 30
W MEM 3 0 30
W MEM 3 4 30
W MEM 0 0 30
W MEM 0 4 30
W MEM 1 0 30
W MEM 1 4 30
W MEM 2 0 30
W MEM 2 4 30
W MEM 3 0 30
W MEM 3 4 30
W MEM 0 0 30
W MEM 0 4 30
W MEM 1 0 30
W MEM 1 4 30
W MEM 2 0 30
W MEM 2 4 30
W MEM 3 0 30
W MEM 3 4 30
W MEM 0 0 30
W MEM 0 4 30
W MEM 1 0 30
W MEM 1 4 30
W MEM 2 0 30
W MEM 2 4 30
W MEM 3 0 30
W MEM 3 4 30
W MEM 0 0 30
W MEM 0 4 30
W MEM 1 0 30
W MEM 1 4 30
W MEM 2 0 30
W MEM 2 4 30
W MEM 3 0 30
W MEM 3 4 30
W MEM 0 0 30
W MEM 0 4 30
W MEM 1 0 30
W MEM 1 4 30
W MEM 2 0 30
W MEM 2 4 30
W MEM 3 0 30
W MEM 3 4 30
W MEM 0 0 30
W MEM 0 4 30
W MEM 1 0 30
W MEM 1 4 30
W MEM 2 0 30
W MEM 2 4 30
W MEM 3 0 30
W MEM 3 4 30
W MEM 0 0 30
W MEM 0 4 30
W MEM 1 0 30
W MEM 1 4 30
W MEM 2 0 30
W MEM 2 4 30
W MEM 3 0 30
W MEM 3 4 30
AiM EWMUL 16 0xffffffff 29
AiM EWMUL 16 0xffffffff 30
R MEM 0 2 29
R MEM 0 6 29
R MEM 1 2 29
R MEM 1 6 29
R MEM 2 2 29
R MEM 2 6 29
R MEM 3 2 29
R MEM 3 6 29
R MEM 0 2 29
R MEM 0 6 29
R MEM 1 2 29
R MEM 1 6 29
R MEM 2 2 29
R MEM 2 6 29
R MEM 3 2 29
R MEM 3 6 29
R MEM 0 2 29
R MEM 0 6 29
R MEM 1 2 29
R MEM 1 6 29
R MEM 2 2 29
R MEM 2 6 29
R MEM 3 2 29
R MEM 3 6 29
R MEM 0 2 29
R MEM 0 6 29
R MEM 1 2 29
R MEM 1 6 29
R MEM 2 2 29
R MEM 2 6 29
R MEM 3 2 29
R MEM 3 6 29
R MEM 0 2 29
R MEM 0 6 29
R MEM 1 2 29
R MEM 1 6 29
R MEM 2 2 29
R MEM 2 6 29
R MEM 3 2 29
R MEM 3 6 29
R MEM 0 2 29
R MEM 0 6 29
R MEM 1 2 29
R MEM 1 6 29
R MEM 2 2 29
R MEM 2 6 29
R MEM 3 2 29
R MEM 3 6 29
R MEM 0 2 29
R MEM 0 6 29
R MEM 1 2 29
R MEM 1 6 29
R MEM 2 2 29
R MEM 2 6 29
R MEM 3 2 29
R MEM 3 6 29
R MEM 0 2 29
R MEM 0 6 29
R MEM 1 2 29
R MEM 1 6 29
R MEM 2 2 29
R MEM 2 6 29
R MEM 3 2 29
R MEM 3 6 29
R MEM 0 2 29
R MEM 0 6 29
R MEM 1 2 29
R MEM 1 6 29
R MEM 2 2 29
R MEM 2 6 29
R MEM 3 2 29
R MEM 3 6 29
R MEM 0 2 29
R MEM 0 6 29
R MEM 1 2 29
R MEM 1 6 29
R MEM 2 2 29
R MEM 2 6 29
R MEM 3 2 29
R MEM 3 6 29
R MEM 0 2 29
R MEM 0 6 29
R MEM 1 2 29
R MEM 1 6 29
R MEM 2 2 29
R MEM 2 6 29
R MEM 3 2 29
R MEM 3 6 29
R MEM 0 2 29
R MEM 0 6 29
R MEM 1 2 29
R MEM 1 6 29
R MEM 2 2 29
R MEM 2 6 29
R MEM 3 2 29
R MEM 3 6 29
R MEM 0 2 29
R MEM 0 6 29
R MEM 1 2 29
R MEM 1 6 29
R MEM 2 2 29
R MEM 2 6 29
R MEM 3 2 29
R MEM 3 6 29
R MEM 0 2 29
R MEM 0 6 29
R MEM 1 2 29
R MEM 1 6 29
R MEM 2 2 29
R MEM 2 6 29
R MEM 3 2 29
R MEM 3 6 29
R MEM 0 2 29
R MEM 0 6 29
R MEM 1 2 29
R MEM 1 6 29
R MEM 2 2 29
R MEM 2 6 29
R MEM 3 2 29
R MEM 3 6 29
R MEM 0 2 29
R MEM 0 6 29
R MEM 1 2 29
R MEM 1 6 29
R MEM 2 2 29
R MEM 2 6 29
R MEM 3 2 29
R MEM 3 6 29
R MEM 0 2 30
R MEM 0 6 30
R MEM 1 2 30
R MEM 1 6 30
R MEM 2 2 30
R MEM 2 6 30
R MEM 3 2 30
R MEM 3 6 30
R MEM 0 2 30
R MEM 0 6 30
R MEM 1 2 30
R MEM 1 6 30
R MEM 2 2 30
R MEM 2 6 30
R MEM 3 2 30
R MEM 3 6 30
R MEM 0 2 30
R MEM 0 6 30
R MEM 1 2 30
R MEM 1 6 30
R MEM 2 2 30
R MEM 2 6 30
R MEM 3 2 30
R MEM 3 6 30
R MEM 0 2 30
R MEM 0 6 30
R MEM 1 2 30
R MEM 1 6 30
R MEM 2 2 30
R MEM 2 6 30
R MEM 3 2 30
R MEM 3 6 30
R MEM 0 2 30
R MEM 0 6 30
R MEM 1 2 30
R MEM 1 6 30
R MEM 2 2 30
R MEM 2 6 30
R MEM 3 2 30
R MEM 3 6 30
R MEM 0 2 30
R MEM 0 6 30
R MEM 1 2 30
R MEM 1 6 30
R MEM 2 2 30
R MEM 2 6 30
R MEM 3 2 30
R MEM 3 6 30
R MEM 0 2 30
R MEM 0 6 30
R MEM 1 2 30
R MEM 1 6 30
R MEM 2 2 30
R MEM 2 6 30
R MEM 3 2 30
R MEM 3 6 30
R MEM 0 2 30
R MEM 0 6 30
R MEM 1 2 30
R MEM 1 6 30
R MEM 2 2 30
R MEM 2 6 30
R MEM 3 2 30
R MEM 3 6 30
R MEM 0 2 30
R MEM 0 6 30
R MEM 1 2 30
R MEM 1 6 30
R MEM 2 2 30
R MEM 2 6 30
R MEM 3 2 30
R MEM 3 6 30
R MEM 0 2 30
R MEM 0 6 30
R MEM 1 2 30
R MEM 1 6 30
R MEM 2 2 30
R MEM 2 6 30
R MEM 3 2 30
R MEM 3 6 30
R MEM 0 2 30
R MEM 0 6 30
R MEM 1 2 30
R MEM 1 6 30
R MEM 2 2 30
R MEM 2 6 30
R MEM 3 2 30
R MEM 3 6 30
R MEM 0 2 30
R MEM 0 6 30
R MEM 1 2 30
R MEM 1 6 30
R MEM 2 2 30
R MEM 2 6 30
R MEM 3 2 30
R MEM 3 6 30
R MEM 0 2 30
R MEM 0 6 30
R MEM 1 2 30
R MEM 1 6 30
R MEM 2 2 30
R MEM 2 6 30
R MEM 3 2 30
R MEM 3 6 30
R MEM 0 2 30
R MEM 0 6 30
R MEM 1 2 30
R MEM 1 6 30
R MEM 2 2 30
R MEM 2 6 30
R MEM 3 2 30
R MEM 3 6 30
R MEM 0 2 30
R MEM 0 6 30
R MEM 1 2 30
R MEM 1 6 30
R MEM 2 2 30
R MEM 2 6 30
R MEM 3 2 30
R MEM 3 6 30
R MEM 0 2 30
R MEM 0 6 30
R MEM 1 2 30
R MEM 1 6 30
R MEM 2 2 30
R MEM 2 6 30
R MEM 3 2 30
R MEM 3 6 30
AiM EWMUL 16 0xffffffff 29
AiM EWMUL 16 0xffffffff 30
AiM EWMUL 16 0xffffffff 31
AiM EWMUL 16 0xffffffff 32
R MEM 0 2 29
R MEM 0 6 29
R MEM 1 2 29
R MEM 1 6 29
R MEM 2 2 29
R MEM 2 6 29
R MEM 3 2 29
R MEM 3 6 29
R MEM 0 2 29
R MEM 0 6 29
R MEM 1 2 29
R MEM 1 6 29
R MEM 2 2 29
R MEM 2 6 29
R MEM 3 2 29
R MEM 3 6 29
R MEM 0 2 29
R MEM 0 6 29
R MEM 1 2 29
R MEM 1 6 29
R MEM 2 2 29
R MEM 2 6 29
R MEM 3 2 29
R MEM 3 6 29
R MEM 0 2 29
R MEM 0 6 29
R MEM 1 2 29
R MEM 1 6 29
R MEM 2 2 29
R MEM 2 6 29
R MEM 3 2 29
R MEM 3 6 29
R MEM 0 2 29
R MEM 0 6 29
R MEM 1 2 29
R MEM 1 6 29
R MEM 2 2 29
R MEM 2 6 29
R MEM 3 2 29
R MEM 3 6 29
R MEM 0 2 29
R MEM 0 6 29
R MEM 1 2 29
R MEM 1 6 29
R MEM 2 2 29
R MEM 2 6 29
R MEM 3 2 29
R MEM 3 6 29
R MEM 0 2 29
R MEM 0 6 29
R MEM 1 2 29
R MEM 1 6 29
R MEM 2 2 29
R MEM 2 6 29
R MEM 3 2 29
R MEM 3 6 29
R MEM 0 2 29
R MEM 0 6 29
R MEM 1 2 29
R MEM 1 6 29
R MEM 2 2 29
R MEM 2 6 29
R MEM 3 2 29
R MEM 3 6 29
R MEM 0 2 29
R MEM 0 6 29
R MEM 1 2 29
R MEM 1 6 29
R MEM 2 2 29
R MEM 2 6 29
R MEM 3 2 29
R MEM 3 6 29
R MEM 0 2 29
R MEM 0 6 29
R MEM 1 2 29
R MEM 1 6 29
R MEM 2 2 29
R MEM 2 6 29
R MEM 3 2 29
R MEM 3 6 29
R MEM 0 2 29
R MEM 0 6 29
R MEM 1 2 29
R MEM 1 6 29
R MEM 2 2 29
R MEM 2 6 29
R MEM 3 2 29
R MEM 3 6 29
R MEM 0 2 29
R MEM 0 6 29
R MEM 1 2 29
R MEM 1 6 29
R MEM 2 2 29
R MEM 2 6 29
R MEM 3 2 29
R MEM 3 6 29
R MEM 0 2 29
R MEM 0 6 29
R MEM 1 2 29
R MEM 1 6 29
R MEM 2 2 29
R MEM 2 6 29
R MEM 3 2 29
R MEM 3 6 29
R MEM 0 2 29
R MEM 0 6 29
R MEM 1 2 29
R MEM 1 6 29
R MEM 2 2 29
R MEM 2 6 29
R MEM 3 2 29
R MEM 3 6 29
R MEM 0 2 29
R MEM 0 6 29
R MEM 1 2 29
R MEM 1 6 29
R MEM 2 2 29
R MEM 2 6 29
R MEM 3 2 29
R MEM 3 6 29
R MEM 0 2 29
R MEM 0 6 29
R MEM 1 2 29
R MEM 1 6 29
R MEM 2 2 29
R MEM 2 6 29
R MEM 3 2 29
R MEM 3 6 29
R MEM 0 2 30
R MEM 0 6 30
R MEM 1 2 30
R MEM 1 6 30
R MEM 2 2 30
R MEM 2 6 30
R MEM 3 2 30
R MEM 3 6 30
R MEM 0 2 30
R MEM 0 6 30
R MEM 1 2 30
R MEM 1 6 30
R MEM 2 2 30
R MEM 2 6 30
R MEM 3 2 30
R MEM 3 6 30
R MEM 0 2 30
R MEM 0 6 30
R MEM 1 2 30
R MEM 1 6 30
R MEM 2 2 30
R MEM 2 6 30
R MEM 3 2 30
R MEM 3 6 30
R MEM 0 2 30
R MEM 0 6 30
R MEM 1 2 30
R MEM 1 6 30
R MEM 2 2 30
R MEM 2 6 30
R MEM 3 2 30
R MEM 3 6 30
R MEM 0 2 30
R MEM 0 6 30
R MEM 1 2 30
R MEM 1 6 30
R MEM 2 2 30
R MEM 2 6 30
R MEM 3 2 30
R MEM 3 6 30
R MEM 0 2 30
R MEM 0 6 30
R MEM 1 2 30
R MEM 1 6 30
R MEM 2 2 30
R MEM 2 6 30
R MEM 3 2 30
R MEM 3 6 30
R MEM 0 2 30
R MEM 0 6 30
R MEM 1 2 30
R MEM 1 6 30
R MEM 2 2 30
R MEM 2 6 30
R MEM 3 2 30
R MEM 3 6 30
R MEM 0 2 30
R MEM 0 6 30
R MEM 1 2 30
R MEM 1 6 30
R MEM 2 2 30
R MEM 2 6 30
R MEM 3 2 30
R MEM 3 6 30
R MEM 0 2 30
R MEM 0 6 30
R MEM 1 2 30
R MEM 1 6 30
R MEM 2 2 30
R MEM 2 6 30
R MEM 3 2 30
R MEM 3 6 30
R MEM 0 2 30
R MEM 0 6 30
R MEM 1 2 30
R MEM 1 6 30
R MEM 2 2 30
R MEM 2 6 30
R MEM 3 2 30
R MEM 3 6 30
R MEM 0 2 30
R MEM 0 6 30
R MEM 1 2 30
R MEM 1 6 30
R MEM 2 2 30
R MEM 2 6 30
R MEM 3 2 30
R MEM 3 6 30
R MEM 0 2 30
R MEM 0 6 30
R MEM 1 2 30
R MEM 1 6 30
R MEM 2 2 30
R MEM 2 6 30
R MEM 3 2 30
R MEM 3 6 30
R MEM 0 2 30
R MEM 0 6 30
R MEM 1 2 30
R MEM 1 6 30
R MEM 2 2 30
R MEM 2 6 30
R MEM 3 2 30
R MEM 3 6 30
R MEM 0 2 30
R MEM 0 6 30
R MEM 1 2 30
R MEM 1 6 30
R MEM 2 2 30
R MEM 2 6 30
R MEM 3 2 30
R MEM 3 6 30
R MEM 0 2 30
R MEM 0 6 30
R MEM 1 2 30
R MEM 1 6 30
R MEM 2 2 30
R MEM 2 6 30
R MEM 3 2 30
R MEM 3 6 30
R MEM 0 2 30
R MEM 0 6 30
R MEM 1 2 30
R MEM 1 6 30
R MEM 2 2 30
R MEM 2 6 30
R MEM 3 2 30
R MEM 3 6 30
R MEM 0 2 31
R MEM 0 6 31
R MEM 1 2 31
R MEM 1 6 31
R MEM 2 2 31
R MEM 2 6 31
R MEM 3 2 31
R MEM 3 6 31
R MEM 0 2 31
R MEM 0 6 31
R MEM 1 2 31
R MEM 1 6 31
R MEM 2 2 31
R MEM 2 6 31
R MEM 3 2 31
R MEM 3 6 31
R MEM 0 2 31
R MEM 0 6 31
R MEM 1 2 31
R MEM 1 6 31
R MEM 2 2 31
R MEM 2 6 31
R MEM 3 2 31
R MEM 3 6 31
R MEM 0 2 31
R MEM 0 6 31
R MEM 1 2 31
R MEM 1 6 31
R MEM 2 2 31
R MEM 2 6 31
R MEM 3 2 31
R MEM 3 6 31
R MEM 0 2 31
R MEM 0 6 31
R MEM 1 2 31
R MEM 1 6 31
R MEM 2 2 31
R MEM 2 6 31
R MEM 3 2 31
R MEM 3 6 31
R MEM 0 2 31
R MEM 0 6 31
R MEM 1 2 31
R MEM 1 6 31
R MEM 2 2 31
R MEM 2 6 31
R MEM 3 2 31
R MEM 3 6 31
R MEM 0 2 31
R MEM 0 6 31
R MEM 1 2 31
R MEM 1 6 31
R MEM 2 2 31
R MEM 2 6 31
R MEM 3 2 31
R MEM 3 6 31
R MEM 0 2 31
R MEM 0 6 31
R MEM 1 2 31
R MEM 1 6 31
R MEM 2 2 31
R MEM 2 6 31
R MEM 3 2 31
R MEM 3 6 31
R MEM 0 2 31
R MEM 0 6 31
R MEM 1 2 31
R MEM 1 6 31
R MEM 2 2 31
R MEM 2 6 31
R MEM 3 2 31
R MEM 3 6 31
R MEM 0 2 31
R MEM 0 6 31
R MEM 1 2 31
R MEM 1 6 31
R MEM 2 2 31
R MEM 2 6 31
R MEM 3 2 31
R MEM 3 6 31
R MEM 0 2 31
R MEM 0 6 31
R MEM 1 2 31
R MEM 1 6 31
R MEM 2 2 31
R MEM 2 6 31
R MEM 3 2 31
R MEM 3 6 31
R MEM 0 2 31
R MEM 0 6 31
R MEM 1 2 31
R MEM 1 6 31
R MEM 2 2 31
R MEM 2 6 31
R MEM 3 2 31
R MEM 3 6 31
R MEM 0 2 31
R MEM 0 6 31
R MEM 1 2 31
R MEM 1 6 31
R MEM 2 2 31
R MEM 2 6 31
R MEM 3 2 31
R MEM 3 6 31
R MEM 0 2 31
R MEM 0 6 31
R MEM 1 2 31
R MEM 1 6 31
R MEM 2 2 31
R MEM 2 6 31
R MEM 3 2 31
R MEM 3 6 31
R MEM 0 2 31
R MEM 0 6 31
R MEM 1 2 31
R MEM 1 6 31
R MEM 2 2 31
R MEM 2 6 31
R MEM 3 2 31
R MEM 3 6 31
R MEM 0 2 31
R MEM 0 6 31
R MEM 1 2 31
R MEM 1 6 31
R MEM 2 2 31
R MEM 2 6 31
R MEM 3 2 31
R MEM 3 6 31
R MEM 0 2 32
R MEM 0 6 32
R MEM 1 2 32
R MEM 1 6 32
R MEM 2 2 32
R MEM 2 6 32
R MEM 3 2 32
R MEM 3 6 32
R MEM 0 2 32
R MEM 0 6 32
R MEM 1 2 32
R MEM 1 6 32
R MEM 2 2 32
R MEM 2 6 32
R MEM 3 2 32
R MEM 3 6 32
R MEM 0 2 32
R MEM 0 6 32
R MEM 1 2 32
R MEM 1 6 32
R MEM 2 2 32
R MEM 2 6 32
R MEM 3 2 32
R MEM 3 6 32
R MEM 0 2 32
R MEM 0 6 32
R MEM 1 2 32
R MEM 1 6 32
R MEM 2 2 32
R MEM 2 6 32
R MEM 3 2 32
R MEM 3 6 32
R MEM 0 2 32
R MEM 0 6 32
R MEM 1 2 32
R MEM 1 6 32
R MEM 2 2 32
R MEM 2 6 32
R MEM 3 2 32
R MEM 3 6 32
R MEM 0 2 32
R MEM 0 6 32
R MEM 1 2 32
R MEM 1 6 32
R MEM 2 2 32
R MEM 2 6 32
R MEM 3 2 32
R MEM 3 6 32
R MEM 0 2 32
R MEM 0 6 32
R MEM 1 2 32
R MEM 1 6 32
R MEM 2 2 32
R MEM 2 6 32
R MEM 3 2 32
R MEM 3 6 32
R MEM 0 2 32
R MEM 0 6 32
R MEM 1 2 32
R MEM 1 6 32
R MEM 2 2 32
R MEM 2 6 32
R MEM 3 2 32
R MEM 3 6 32
R MEM 0 2 32
R MEM 0 6 32
R MEM 1 2 32
R MEM 1 6 32
R MEM 2 2 32
R MEM 2 6 32
R MEM 3 2 32
R MEM 3 6 32
R MEM 0 2 32
R MEM 0 6 32
R MEM 1 2 32
R MEM 1 6 32
R MEM 2 2 32
R MEM 2 6 32
R MEM 3 2 32
R MEM 3 6 32
R MEM 0 2 32
R MEM 0 6 32
R MEM 1 2 32
R MEM 1 6 32
R MEM 2 2 32
R MEM 2 6 32
R MEM 3 2 32
R MEM 3 6 32
R MEM 0 2 32
R MEM 0 6 32
R MEM 1 2 32
R MEM 1 6 32
R MEM 2 2 32
R MEM 2 6 32
R MEM 3 2 32
R MEM 3 6 32
R MEM 0 2 32
R MEM 0 6 32
R MEM 1 2 32
R MEM 1 6 32
R MEM 2 2 32
R MEM 2 6 32
R MEM 3 2 32
R MEM 3 6 32
R MEM 0 2 32
R MEM 0 6 32
R MEM 1 2 32
R MEM 1 6 32
R MEM 2 2 32
R MEM 2 6 32
R MEM 3 2 32
R MEM 3 6 32
R MEM 0 2 32
R MEM 0 6 32
R MEM 1 2 32
R MEM 1 6 32
R MEM 2 2 32
R MEM 2 6 32
R MEM 3 2 32
R MEM 3 6 32
R MEM 0 2 32
R MEM 0 6 32
R MEM 1 2 32
R MEM 1 6 32
R MEM 2 2 32
R MEM 2 6 32
R MEM 3 2 32
R MEM 3 6 32
W MEM 0 0 29
W MEM 0 4 29
W MEM 1 0 29
W MEM 1 4 29
W MEM 2 0 29
W MEM 2 4 29
W MEM 3 0 29
W MEM 3 4 29
W MEM 0 0 29
W MEM 0 4 29
W MEM 1 0 29
W MEM 1 4 29
W MEM 2 0 29
W MEM 2 4 29
W MEM 3 0 29
W MEM 3 4 29
W MEM 0 0 29
W MEM 0 4 29
W MEM 1 0 29
W MEM 1 4 29
W MEM 2 0 29
W MEM 2 4 29
W MEM 3 0 29
W MEM 3 4 29
W MEM 0 0 29
W MEM 0 4 29
W MEM 1 0 29
W MEM 1 4 29
W MEM 2 0 29
W MEM 2 4 29
W MEM 3 0 29
W MEM 3 4 29
W MEM 0 0 29
W MEM 0 4 29
W MEM 1 0 29
W MEM 1 4 29
W MEM 2 0 29
W MEM 2 4 29
W MEM 3 0 29
W MEM 3 4 29
W MEM 0 0 29
W MEM 0 4 29
W MEM 1 0 29
W MEM 1 4 29
W MEM 2 0 29
W MEM 2 4 29
W MEM 3 0 29
W MEM 3 4 29
W MEM 0 0 29
W MEM 0 4 29
W MEM 1 0 29
W MEM 1 4 29
W MEM 2 0 29
W MEM 2 4 29
W MEM 3 0 29
W MEM 3 4 29
W MEM 0 0 29
W MEM 0 4 29
W MEM 1 0 29
W MEM 1 4 29
W MEM 2 0 29
W MEM 2 4 29
W MEM 3 0 29
W MEM 3 4 29
W MEM 0 0 29
W MEM 0 4 29
W MEM 1 0 29
W MEM 1 4 29
W MEM 2 0 29
W MEM 2 4 29
W MEM 3 0 29
W MEM 3 4 29
W MEM 0 0 29
W MEM 0 4 29
W MEM 1 0 29
W MEM 1 4 29
W MEM 2 0 29
W MEM 2 4 29
W MEM 3 0 29
W MEM 3 4 29
W MEM 0 0 29
W MEM 0 4 29
W MEM 1 0 29
W MEM 1 4 29
W MEM 2 0 29
W MEM 2 4 29
W MEM 3 0 29
W MEM 3 4 29
W MEM 0 0 29
W MEM 0 4 29
W MEM 1 0 29
W MEM 1 4 29
W MEM 2 0 29
W MEM 2 4 29
W MEM 3 0 29
W MEM 3 4 29
W MEM 0 0 29
W MEM 0 4 29
W MEM 1 0 29
W MEM 1 4 29
W MEM 2 0 29
W MEM 2 4 29
W MEM 3 0 29
W MEM 3 4 29
W MEM 0 0 29
W MEM 0 4 29
W MEM 1 0 29
W MEM 1 4 29
W MEM 2 0 29
W MEM 2 4 29
W MEM 3 0 29
W MEM 3 4 29
W MEM 0 0 29
W MEM 0 4 29
W MEM 1 0 29
W MEM 1 4 29
W MEM 2 0 29
W MEM 2 4 29
W MEM 3 0 29
W MEM 3 4 29
W MEM 0 0 29
W MEM 0 4 29
W MEM 1 0 29
W MEM 1 4 29
W MEM 2 0 29
W MEM 2 4 29
W MEM 3 0 29
W MEM 3 4 29
W MEM 0 0 30
W MEM 0 4 30
W MEM 1 0 30
W MEM 1 4 30
W MEM 2 0 30
W MEM 2 4 30
W MEM 3 0 30
W MEM 3 4 30
W MEM 0 0 30
W MEM 0 4 30
W MEM 1 0 30
W MEM 1 4 30
W MEM 2 0 30
W MEM 2 4 30
W MEM 3 0 30
W MEM 3 4 30
W MEM 0 0 30
W MEM 0 4 30
W MEM 1 0 30
W MEM 1 4 30
W MEM 2 0 30
W MEM 2 4 30
W MEM 3 0 30
W MEM 3 4 30
W MEM 0 0 30
W MEM 0 4 30
W MEM 1 0 30
W MEM 1 4 30
W MEM 2 0 30
W MEM 2 4 30
W MEM 3 0 30
W MEM 3 4 30
W MEM 0 0 30
W MEM 0 4 30
W MEM 1 0 30
W MEM 1 4 30
W MEM 2 0 30
W MEM 2 4 30
W MEM 3 0 30
W MEM 3 4 30
W MEM 0 0 30
W MEM 0 4 30
W MEM 1 0 30
W MEM 1 4 30
W MEM 2 0 30
W MEM 2 4 30
W MEM 3 0 30
W MEM 3 4 30
W MEM 0 0 30
W MEM 0 4 30
W MEM 1 0 30
W MEM 1 4 30
W MEM 2 0 30
W MEM 2 4 30
W MEM 3 0 30
W MEM 3 4 30
W MEM 0 0 30
W MEM 0 4 30
W MEM 1 0 30
W MEM 1 4 30
W MEM 2 0 30
W MEM 2 4 30
W MEM 3 0 30
W MEM 3 4 30
W MEM 0 0 30
W MEM 0 4 30
W MEM 1 0 30
W MEM 1 4 30
W MEM 2 0 30
W MEM 2 4 30
W MEM 3 0 30
W MEM 3 4 30
W MEM 0 0 30
W MEM 0 4 30
W MEM 1 0 30
W MEM 1 4 30
W MEM 2 0 30
W MEM 2 4 30
W MEM 3 0 30
W MEM 3 4 30
W MEM 0 0 30
W MEM 0 4 30
W MEM 1 0 30
W MEM 1 4 30
W MEM 2 0 30
W MEM 2 4 30
W MEM 3 0 30
W MEM 3 4 30
W MEM 0 0 30
W MEM 0 4 30
W MEM 1 0 30
W MEM 1 4 30
W MEM 2 0 30
W MEM 2 4 30
W MEM 3 0 30
W MEM 3 4 30
W MEM 0 0 30
W MEM 0 4 30
W MEM 1 0 30
W MEM 1 4 30
W MEM 2 0 30
W MEM 2 4 30
W MEM 3 0 30
W MEM 3 4 30
W MEM 0 0 30
W MEM 0 4 30
W MEM 1 0 30
W MEM 1 4 30
W MEM 2 0 30
W MEM 2 4 30
W MEM 3 0 30
W MEM 3 4 30
W MEM 0 0 30
W MEM 0 4 30
W MEM 1 0 30
W MEM 1 4 30
W MEM 2 0 30
W MEM 2 4 30
W MEM 3 0 30
W MEM 3 4 30
W MEM 0 0 30
W MEM 0 4 30
W MEM 1 0 30
W MEM 1 4 30
W MEM 2 0 30
W MEM 2 4 30
W MEM 3 0 30
W MEM 3 4 30
W MEM 0 0 31
W MEM 0 4 31
W MEM 1 0 31
W MEM 1 4 31
W MEM 2 0 31
W MEM 2 4 31
W MEM 3 0 31
W MEM 3 4 31
W MEM 0 0 31
W MEM 0 4 31
W MEM 1 0 31
W MEM 1 4 31
W MEM 2 0 31
W MEM 2 4 31
W MEM 3 0 31
W MEM 3 4 31
W MEM 0 0 31
W MEM 0 4 31
W MEM 1 0 31
W MEM 1 4 31
W MEM 2 0 31
W MEM 2 4 31
W MEM 3 0 31
W MEM 3 4 31
W MEM 0 0 31
W MEM 0 4 31
W MEM 1 0 31
W MEM 1 4 31
W MEM 2 0 31
W MEM 2 4 31
W MEM 3 0 31
W MEM 3 4 31
W MEM 0 0 31
W MEM 0 4 31
W MEM 1 0 31
W MEM 1 4 31
W MEM 2 0 31
W MEM 2 4 31
W MEM 3 0 31
W MEM 3 4 31
W MEM 0 0 31
W MEM 0 4 31
W MEM 1 0 31
W MEM 1 4 31
W MEM 2 0 31
W MEM 2 4 31
W MEM 3 0 31
W MEM 3 4 31
W MEM 0 0 31
W MEM 0 4 31
W MEM 1 0 31
W MEM 1 4 31
W MEM 2 0 31
W MEM 2 4 31
W MEM 3 0 31
W MEM 3 4 31
W MEM 0 0 31
W MEM 0 4 31
W MEM 1 0 31
W MEM 1 4 31
W MEM 2 0 31
W MEM 2 4 31
W MEM 3 0 31
W MEM 3 4 31
W MEM 0 0 31
W MEM 0 4 31
W MEM 1 0 31
W MEM 1 4 31
W MEM 2 0 31
W MEM 2 4 31
W MEM 3 0 31
W MEM 3 4 31
W MEM 0 0 31
W MEM 0 4 31
W MEM 1 0 31
W MEM 1 4 31
W MEM 2 0 31
W MEM 2 4 31
W MEM 3 0 31
W MEM 3 4 31
W MEM 0 0 31
W MEM 0 4 31
W MEM 1 0 31
W MEM 1 4 31
W MEM 2 0 31
W MEM 2 4 31
W MEM 3 0 31
W MEM 3 4 31
W MEM 0 0 31
W MEM 0 4 31
W MEM 1 0 31
W MEM 1 4 31
W MEM 2 0 31
W MEM 2 4 31
W MEM 3 0 31
W MEM 3 4 31
W MEM 0 0 31
W MEM 0 4 31
W MEM 1 0 31
W MEM 1 4 31
W MEM 2 0 31
W MEM 2 4 31
W MEM 3 0 31
W MEM 3 4 31
W MEM 0 0 31
W MEM 0 4 31
W MEM 1 0 31
W MEM 1 4 31
W MEM 2 0 31
W MEM 2 4 31
W MEM 3 0 31
W MEM 3 4 31
W MEM 0 0 31
W MEM 0 4 31
W MEM 1 0 31
W MEM 1 4 31
W MEM 2 0 31
W MEM 2 4 31
W MEM 3 0 31
W MEM 3 4 31
W MEM 0 0 31
W MEM 0 4 31
W MEM 1 0 31
W MEM 1 4 31
W MEM 2 0 31
W MEM 2 4 31
W MEM 3 0 31
W MEM 3 4 31
W MEM 0 0 32
W MEM 0 4 32
W MEM 1 0 32
W MEM 1 4 32
W MEM 2 0 32
W MEM 2 4 32
W MEM 3 0 32
W MEM 3 4 32
W MEM 0 0 32
W MEM 0 4 32
W MEM 1 0 32
W MEM 1 4 32
W MEM 2 0 32
W MEM 2 4 32
W MEM 3 0 32
W MEM 3 4 32
W MEM 0 0 32
W MEM 0 4 32
W MEM 1 0 32
W MEM 1 4 32
W MEM 2 0 32
W MEM 2 4 32
W MEM 3 0 32
W MEM 3 4 32
W MEM 0 0 32
W MEM 0 4 32
W MEM 1 0 32
W MEM 1 4 32
W MEM 2 0 32
W MEM 2 4 32
W MEM 3 0 32
W MEM 3 4 32
W MEM 0 0 32
W MEM 0 4 32
W MEM 1 0 32
W MEM 1 4 32
W MEM 2 0 32
W MEM 2 4 32
W MEM 3 0 32
W MEM 3 4 32
W MEM 0 0 32
W MEM 0 4 32
W MEM 1 0 32
W MEM 1 4 32
W MEM 2 0 32
W MEM 2 4 32
W MEM 3 0 32
W MEM 3 4 32
W MEM 0 0 32
W MEM 0 4 32
W MEM 1 0 32
W MEM 1 4 32
W MEM 2 0 32
W MEM 2 4 32
W MEM 3 0 32
W MEM 3 4 32
W MEM 0 0 32
W MEM 0 4 32
W MEM 1 0 32
W MEM 1 4 32
W MEM 2 0 32
W MEM 2 4 32
W MEM 3 0 32
W MEM 3 4 32
W MEM 0 0 32
W MEM 0 4 32
W MEM 1 0 32
W MEM 1 4 32
W MEM 2 0 32
W MEM 2 4 32
W MEM 3 0 32
W MEM 3 4 32
W MEM 0 0 32
W MEM 0 4 32
W MEM 1 0 32
W MEM 1 4 32
W MEM 2 0 32
W MEM 2 4 32
W MEM 3 0 32
W MEM 3 4 32
W MEM 0 0 32
W MEM 0 4 32
W MEM 1 0 32
W MEM 1 4 32
W MEM 2 0 32
W MEM 2 4 32
W MEM 3 0 32
W MEM 3 4 32
W MEM 0 0 32
W MEM 0 4 32
W MEM 1 0 32
W MEM 1 4 32
W MEM 2 0 32
W MEM 2 4 32
W MEM 3 0 32
W MEM 3 4 32
W MEM 0 0 32
W MEM 0 4 32
W MEM 1 0 32
W MEM 1 4 32
W MEM 2 0 32
W MEM 2 4 32
W MEM 3 0 32
W MEM 3 4 32
W MEM 0 0 32
W MEM 0 4 32
W MEM 1 0 32
W MEM 1 4 32
W MEM 2 0 32
W MEM 2 4 32
W MEM 3 0 32
W MEM 3 4 32
W MEM 0 0 32
W MEM 0 4 32
W MEM 1 0 32
W MEM 1 4 32
W MEM 2 0 32
W MEM 2 4 32
W MEM 3 0 32
W MEM 3 4 32
W MEM 0 0 32
W MEM 0 4 32
W MEM 1 0 32
W MEM 1 4 32
W MEM 2 0 32
W MEM 2 4 32
W MEM 3 0 32
W MEM 3 4 32
AiM EWMUL 16 0xffffffff 29
AiM EWMUL 16 0xffffffff 30
AiM EWMUL 16 0xffffffff 31
AiM EWMUL 16 0xffffffff 32
R MEM 0 2 29
R MEM 0 6 29
R MEM 1 2 29
R MEM 1 6 29
R MEM 2 2 29
R MEM 2 6 29
R MEM 3 2 29
R MEM 3 6 29
R MEM 0 2 29
R MEM 0 6 29
R MEM 1 2 29
R MEM 1 6 29
R MEM 2 2 29
R MEM 2 6 29
R MEM 3 2 29
R MEM 3 6 29
R MEM 0 2 29
R MEM 0 6 29
R MEM 1 2 29
R MEM 1 6 29
R MEM 2 2 29
R MEM 2 6 29
R MEM 3 2 29
R MEM 3 6 29
R MEM 0 2 29
R MEM 0 6 29
R MEM 1 2 29
R MEM 1 6 29
R MEM 2 2 29
R MEM 2 6 29
R MEM 3 2 29
R MEM 3 6 29
R MEM 0 2 29
R MEM 0 6 29
R MEM 1 2 29
R MEM 1 6 29
R MEM 2 2 29
R MEM 2 6 29
R MEM 3 2 29
R MEM 3 6 29
R MEM 0 2 29
R MEM 0 6 29
R MEM 1 2 29
R MEM 1 6 29
R MEM 2 2 29
R MEM 2 6 29
R MEM 3 2 29
R MEM 3 6 29
R MEM 0 2 29
R MEM 0 6 29
R MEM 1 2 29
R MEM 1 6 29
R MEM 2 2 29
R MEM 2 6 29
R MEM 3 2 29
R MEM 3 6 29
R MEM 0 2 29
R MEM 0 6 29
R MEM 1 2 29
R MEM 1 6 29
R MEM 2 2 29
R MEM 2 6 29
R MEM 3 2 29
R MEM 3 6 29
R MEM 0 2 29
R MEM 0 6 29
R MEM 1 2 29
R MEM 1 6 29
R MEM 2 2 29
R MEM 2 6 29
R MEM 3 2 29
R MEM 3 6 29
R MEM 0 2 29
R MEM 0 6 29
R MEM 1 2 29
R MEM 1 6 29
R MEM 2 2 29
R MEM 2 6 29
R MEM 3 2 29
R MEM 3 6 29
R MEM 0 2 29
R MEM 0 6 29
R MEM 1 2 29
R MEM 1 6 29
R MEM 2 2 29
R MEM 2 6 29
R MEM 3 2 29
R MEM 3 6 29
R MEM 0 2 29
R MEM 0 6 29
R MEM 1 2 29
R MEM 1 6 29
R MEM 2 2 29
R MEM 2 6 29
R MEM 3 2 29
R MEM 3 6 29
R MEM 0 2 29
R MEM 0 6 29
R MEM 1 2 29
R MEM 1 6 29
R MEM 2 2 29
R MEM 2 6 29
R MEM 3 2 29
R MEM 3 6 29
R MEM 0 2 29
R MEM 0 6 29
R MEM 1 2 29
R MEM 1 6 29
R MEM 2 2 29
R MEM 2 6 29
R MEM 3 2 29
R MEM 3 6 29
R MEM 0 2 29
R MEM 0 6 29
R MEM 1 2 29
R MEM 1 6 29
R MEM 2 2 29
R MEM 2 6 29
R MEM 3 2 29
R MEM 3 6 29
R MEM 0 2 29
R MEM 0 6 29
R MEM 1 2 29
R MEM 1 6 29
R MEM 2 2 29
R MEM 2 6 29
R MEM 3 2 29
R MEM 3 6 29
R MEM 0 2 30
R MEM 0 6 30
R MEM 1 2 30
R MEM 1 6 30
R MEM 2 2 30
R MEM 2 6 30
R MEM 3 2 30
R MEM 3 6 30
R MEM 0 2 30
R MEM 0 6 30
R MEM 1 2 30
R MEM 1 6 30
R MEM 2 2 30
R MEM 2 6 30
R MEM 3 2 30
R MEM 3 6 30
R MEM 0 2 30
R MEM 0 6 30
R MEM 1 2 30
R MEM 1 6 30
R MEM 2 2 30
R MEM 2 6 30
R MEM 3 2 30
R MEM 3 6 30
R MEM 0 2 30
R MEM 0 6 30
R MEM 1 2 30
R MEM 1 6 30
R MEM 2 2 30
R MEM 2 6 30
R MEM 3 2 30
R MEM 3 6 30
R MEM 0 2 30
R MEM 0 6 30
R MEM 1 2 30
R MEM 1 6 30
R MEM 2 2 30
R MEM 2 6 30
R MEM 3 2 30
R MEM 3 6 30
R MEM 0 2 30
R MEM 0 6 30
R MEM 1 2 30
R MEM 1 6 30
R MEM 2 2 30
R MEM 2 6 30
R MEM 3 2 30
R MEM 3 6 30
R MEM 0 2 30
R MEM 0 6 30
R MEM 1 2 30
R MEM 1 6 30
R MEM 2 2 30
R MEM 2 6 30
R MEM 3 2 30
R MEM 3 6 30
R MEM 0 2 30
R MEM 0 6 30
R MEM 1 2 30
R MEM 1 6 30
R MEM 2 2 30
R MEM 2 6 30
R MEM 3 2 30
R MEM 3 6 30
R MEM 0 2 30
R MEM 0 6 30
R MEM 1 2 30
R MEM 1 6 30
R MEM 2 2 30
R MEM 2 6 30
R MEM 3 2 30
R MEM 3 6 30
R MEM 0 2 30
R MEM 0 6 30
R MEM 1 2 30
R MEM 1 6 30
R MEM 2 2 30
R MEM 2 6 30
R MEM 3 2 30
R MEM 3 6 30
R MEM 0 2 30
R MEM 0 6 30
R MEM 1 2 30
R MEM 1 6 30
R MEM 2 2 30
R MEM 2 6 30
R MEM 3 2 30
R MEM 3 6 30
R MEM 0 2 30
R MEM 0 6 30
R MEM 1 2 30
R MEM 1 6 30
R MEM 2 2 30
R MEM 2 6 30
R MEM 3 2 30
R MEM 3 6 30
R MEM 0 2 30
R MEM 0 6 30
R MEM 1 2 30
R MEM 1 6 30
R MEM 2 2 30
R MEM 2 6 30
R MEM 3 2 30
R MEM 3 6 30
R MEM 0 2 30
R MEM 0 6 30
R MEM 1 2 30
R MEM 1 6 30
R MEM 2 2 30
R MEM 2 6 30
R MEM 3 2 30
R MEM 3 6 30
R MEM 0 2 30
R MEM 0 6 30
R MEM 1 2 30
R MEM 1 6 30
R MEM 2 2 30
R MEM 2 6 30
R MEM 3 2 30
R MEM 3 6 30
R MEM 0 2 30
R MEM 0 6 30
R MEM 1 2 30
R MEM 1 6 30
R MEM 2 2 30
R MEM 2 6 30
R MEM 3 2 30
R MEM 3 6 30
R MEM 0 2 31
R MEM 0 6 31
R MEM 1 2 31
R MEM 1 6 31
R MEM 2 2 31
R MEM 2 6 31
R MEM 3 2 31
R MEM 3 6 31
R MEM 0 2 31
R MEM 0 6 31
R MEM 1 2 31
R MEM 1 6 31
R MEM 2 2 31
R MEM 2 6 31
R MEM 3 2 31
R MEM 3 6 31
R MEM 0 2 31
R MEM 0 6 31
R MEM 1 2 31
R MEM 1 6 31
R MEM 2 2 31
R MEM 2 6 31
R MEM 3 2 31
R MEM 3 6 31
R MEM 0 2 31
R MEM 0 6 31
R MEM 1 2 31
R MEM 1 6 31
R MEM 2 2 31
R MEM 2 6 31
R MEM 3 2 31
R MEM 3 6 31
R MEM 0 2 31
R MEM 0 6 31
R MEM 1 2 31
R MEM 1 6 31
R MEM 2 2 31
R MEM 2 6 31
R MEM 3 2 31
R MEM 3 6 31
R MEM 0 2 31
R MEM 0 6 31
R MEM 1 2 31
R MEM 1 6 31
R MEM 2 2 31
R MEM 2 6 31
R MEM 3 2 31
R MEM 3 6 31
R MEM 0 2 31
R MEM 0 6 31
R MEM 1 2 31
R MEM 1 6 31
R MEM 2 2 31
R MEM 2 6 31
R MEM 3 2 31
R MEM 3 6 31
R MEM 0 2 31
R MEM 0 6 31
R MEM 1 2 31
R MEM 1 6 31
R MEM 2 2 31
R MEM 2 6 31
R MEM 3 2 31
R MEM 3 6 31
R MEM 0 2 31
R MEM 0 6 31
R MEM 1 2 31
R MEM 1 6 31
R MEM 2 2 31
R MEM 2 6 31
R MEM 3 2 31
R MEM 3 6 31
R MEM 0 2 31
R MEM 0 6 31
R MEM 1 2 31
R MEM 1 6 31
R MEM 2 2 31
R MEM 2 6 31
R MEM 3 2 31
R MEM 3 6 31
R MEM 0 2 31
R MEM 0 6 31
R MEM 1 2 31
R MEM 1 6 31
R MEM 2 2 31
R MEM 2 6 31
R MEM 3 2 31
R MEM 3 6 31
R MEM 0 2 31
R MEM 0 6 31
R MEM 1 2 31
R MEM 1 6 31
R MEM 2 2 31
R MEM 2 6 31
R MEM 3 2 31
R MEM 3 6 31
R MEM 0 2 31
R MEM 0 6 31
R MEM 1 2 31
R MEM 1 6 31
R MEM 2 2 31
R MEM 2 6 31
R MEM 3 2 31
R MEM 3 6 31
R MEM 0 2 31
R MEM 0 6 31
R MEM 1 2 31
R MEM 1 6 31
R MEM 2 2 31
R MEM 2 6 31
R MEM 3 2 31
R MEM 3 6 31
R MEM 0 2 31
R MEM 0 6 31
R MEM 1 2 31
R MEM 1 6 31
R MEM 2 2 31
R MEM 2 6 31
R MEM 3 2 31
R MEM 3 6 31
R MEM 0 2 31
R MEM 0 6 31
R MEM 1 2 31
R MEM 1 6 31
R MEM 2 2 31
R MEM 2 6 31
R MEM 3 2 31
R MEM 3 6 31
R MEM 0 2 32
R MEM 0 6 32
R MEM 1 2 32
R MEM 1 6 32
R MEM 2 2 32
R MEM 2 6 32
R MEM 3 2 32
R MEM 3 6 32
R MEM 0 2 32
R MEM 0 6 32
R MEM 1 2 32
R MEM 1 6 32
R MEM 2 2 32
R MEM 2 6 32
R MEM 3 2 32
R MEM 3 6 32
R MEM 0 2 32
R MEM 0 6 32
R MEM 1 2 32
R MEM 1 6 32
R MEM 2 2 32
R MEM 2 6 32
R MEM 3 2 32
R MEM 3 6 32
R MEM 0 2 32
R MEM 0 6 32
R MEM 1 2 32
R MEM 1 6 32
R MEM 2 2 32
R MEM 2 6 32
R MEM 3 2 32
R MEM 3 6 32
R MEM 0 2 32
R MEM 0 6 32
R MEM 1 2 32
R MEM 1 6 32
R MEM 2 2 32
R MEM 2 6 32
R MEM 3 2 32
R MEM 3 6 32
R MEM 0 2 32
R MEM 0 6 32
R MEM 1 2 32
R MEM 1 6 32
R MEM 2 2 32
R MEM 2 6 32
R MEM 3 2 32
R MEM 3 6 32
R MEM 0 2 32
R MEM 0 6 32
R MEM 1 2 32
R MEM 1 6 32
R MEM 2 2 32
R MEM 2 6 32
R MEM 3 2 32
R MEM 3 6 32
R MEM 0 2 32
R MEM 0 6 32
R MEM 1 2 32
R MEM 1 6 32
R MEM 2 2 32
R MEM 2 6 32
R MEM 3 2 32
R MEM 3 6 32
R MEM 0 2 32
R MEM 0 6 32
R MEM 1 2 32
R MEM 1 6 32
R MEM 2 2 32
R MEM 2 6 32
R MEM 3 2 32
R MEM 3 6 32
R MEM 0 2 32
R MEM 0 6 32
R MEM 1 2 32
R MEM 1 6 32
R MEM 2 2 32
R MEM 2 6 32
R MEM 3 2 32
R MEM 3 6 32
R MEM 0 2 32
R MEM 0 6 32
R MEM 1 2 32
R MEM 1 6 32
R MEM 2 2 32
R MEM 2 6 32
R MEM 3 2 32
R MEM 3 6 32
R MEM 0 2 32
R MEM 0 6 32
R MEM 1 2 32
R MEM 1 6 32
R MEM 2 2 32
R MEM 2 6 32
R MEM 3 2 32
R MEM 3 6 32
R MEM 0 2 32
R MEM 0 6 32
R MEM 1 2 32
R MEM 1 6 32
R MEM 2 2 32
R MEM 2 6 32
R MEM 3 2 32
R MEM 3 6 32
R MEM 0 2 32
R MEM 0 6 32
R MEM 1 2 32
R MEM 1 6 32
R MEM 2 2 32
R MEM 2 6 32
R MEM 3 2 32
R MEM 3 6 32
R MEM 0 2 32
R MEM 0 6 32
R MEM 1 2 32
R MEM 1 6 32
R MEM 2 2 32
R MEM 2 6 32
R MEM 3 2 32
R MEM 3 6 32
R MEM 0 2 32
R MEM 0 6 32
R MEM 1 2 32
R MEM 1 6 32
R MEM 2 2 32
R MEM 2 6 32
R MEM 3 2 32
R MEM 3 6 32
AiM EWMUL 16 0xffffffff 29
AiM EWMUL 16 0xffffffff 30
AiM EWMUL 16 0xffffffff 31
AiM EWMUL 16 0xffffffff 32
AiM EWMUL 16 0xffffffff 33
AiM EWMUL 16 0xffffffff 34
AiM EWMUL 16 0xffffffff 35
AiM EWMUL 16 0xffffffff 36
R MEM 0 2 29
R MEM 0 6 29
R MEM 1 2 29
R MEM 1 6 29
R MEM 2 2 29
R MEM 2 6 29
R MEM 3 2 29
R MEM 3 6 29
R MEM 0 2 29
R MEM 0 6 29
R MEM 1 2 29
R MEM 1 6 29
R MEM 2 2 29
R MEM 2 6 29
R MEM 3 2 29
R MEM 3 6 29
R MEM 0 2 29
R MEM 0 6 29
R MEM 1 2 29
R MEM 1 6 29
R MEM 2 2 29
R MEM 2 6 29
R MEM 3 2 29
R MEM 3 6 29
R MEM 0 2 29
R MEM 0 6 29
R MEM 1 2 29
R MEM 1 6 29
R MEM 2 2 29
R MEM 2 6 29
R MEM 3 2 29
R MEM 3 6 29
R MEM 0 2 29
R MEM 0 6 29
R MEM 1 2 29
R MEM 1 6 29
R MEM 2 2 29
R MEM 2 6 29
R MEM 3 2 29
R MEM 3 6 29
R MEM 0 2 29
R MEM 0 6 29
R MEM 1 2 29
R MEM 1 6 29
R MEM 2 2 29
R MEM 2 6 29
R MEM 3 2 29
R MEM 3 6 29
R MEM 0 2 29
R MEM 0 6 29
R MEM 1 2 29
R MEM 1 6 29
R MEM 2 2 29
R MEM 2 6 29
R MEM 3 2 29
R MEM 3 6 29
R MEM 0 2 29
R MEM 0 6 29
R MEM 1 2 29
R MEM 1 6 29
R MEM 2 2 29
R MEM 2 6 29
R MEM 3 2 29
R MEM 3 6 29
R MEM 0 2 29
R MEM 0 6 29
R MEM 1 2 29
R MEM 1 6 29
R MEM 2 2 29
R MEM 2 6 29
R MEM 3 2 29
R MEM 3 6 29
R MEM 0 2 29
R MEM 0 6 29
R MEM 1 2 29
R MEM 1 6 29
R MEM 2 2 29
R MEM 2 6 29
R MEM 3 2 29
R MEM 3 6 29
R MEM 0 2 29
R MEM 0 6 29
R MEM 1 2 29
R MEM 1 6 29
R MEM 2 2 29
R MEM 2 6 29
R MEM 3 2 29
R MEM 3 6 29
R MEM 0 2 29
R MEM 0 6 29
R MEM 1 2 29
R MEM 1 6 29
R MEM 2 2 29
R MEM 2 6 29
R MEM 3 2 29
R MEM 3 6 29
R MEM 0 2 29
R MEM 0 6 29
R MEM 1 2 29
R MEM 1 6 29
R MEM 2 2 29
R MEM 2 6 29
R MEM 3 2 29
R MEM 3 6 29
R MEM 0 2 29
R MEM 0 6 29
R MEM 1 2 29
R MEM 1 6 29
R MEM 2 2 29
R MEM 2 6 29
R MEM 3 2 29
R MEM 3 6 29
R MEM 0 2 29
R MEM 0 6 29
R MEM 1 2 29
R MEM 1 6 29
R MEM 2 2 29
R MEM 2 6 29
R MEM 3 2 29
R MEM 3 6 29
R MEM 0 2 29
R MEM 0 6 29
R MEM 1 2 29
R MEM 1 6 29
R MEM 2 2 29
R MEM 2 6 29
R MEM 3 2 29
R MEM 3 6 29
R MEM 0 2 30
R MEM 0 6 30
R MEM 1 2 30
R MEM 1 6 30
R MEM 2 2 30
R MEM 2 6 30
R MEM 3 2 30
R MEM 3 6 30
R MEM 0 2 30
R MEM 0 6 30
R MEM 1 2 30
R MEM 1 6 30
R MEM 2 2 30
R MEM 2 6 30
R MEM 3 2 30
R MEM 3 6 30
R MEM 0 2 30
R MEM 0 6 30
R MEM 1 2 30
R MEM 1 6 30
R MEM 2 2 30
R MEM 2 6 30
R MEM 3 2 30
R MEM 3 6 30
R MEM 0 2 30
R MEM 0 6 30
R MEM 1 2 30
R MEM 1 6 30
R MEM 2 2 30
R MEM 2 6 30
R MEM 3 2 30
R MEM 3 6 30
R MEM 0 2 30
R MEM 0 6 30
R MEM 1 2 30
R MEM 1 6 30
R MEM 2 2 30
R MEM 2 6 30
R MEM 3 2 30
R MEM 3 6 30
R MEM 0 2 30
R MEM 0 6 30
R MEM 1 2 30
R MEM 1 6 30
R MEM 2 2 30
R MEM 2 6 30
R MEM 3 2 30
R MEM 3 6 30
R MEM 0 2 30
R MEM 0 6 30
R MEM 1 2 30
R MEM 1 6 30
R MEM 2 2 30
R MEM 2 6 30
R MEM 3 2 30
R MEM 3 6 30
R MEM 0 2 30
R MEM 0 6 30
R MEM 1 2 30
R MEM 1 6 30
R MEM 2 2 30
R MEM 2 6 30
R MEM 3 2 30
R MEM 3 6 30
R MEM 0 2 30
R MEM 0 6 30
R MEM 1 2 30
R MEM 1 6 30
R MEM 2 2 30
R MEM 2 6 30
R MEM 3 2 30
R MEM 3 6 30
R MEM 0 2 30
R MEM 0 6 30
R MEM 1 2 30
R MEM 1 6 30
R MEM 2 2 30
R MEM 2 6 30
R MEM 3 2 30
R MEM 3 6 30
R MEM 0 2 30
R MEM 0 6 30
R MEM 1 2 30
R MEM 1 6 30
R MEM 2 2 30
R MEM 2 6 30
R MEM 3 2 30
R MEM 3 6 30
R MEM 0 2 30
R MEM 0 6 30
R MEM 1 2 30
R MEM 1 6 30
R MEM 2 2 30
R MEM 2 6 30
R MEM 3 2 30
R MEM 3 6 30
R MEM 0 2 30
R MEM 0 6 30
R MEM 1 2 30
R MEM 1 6 30
R MEM 2 2 30
R MEM 2 6 30
R MEM 3 2 30
R MEM 3 6 30
R MEM 0 2 30
R MEM 0 6 30
R MEM 1 2 30
R MEM 1 6 30
R MEM 2 2 30
R MEM 2 6 30
R MEM 3 2 30
R MEM 3 6 30
R MEM 0 2 30
R MEM 0 6 30
R MEM 1 2 30
R MEM 1 6 30
R MEM 2 2 30
R MEM 2 6 30
R MEM 3 2 30
R MEM 3 6 30
R MEM 0 2 30
R MEM 0 6 30
R MEM 1 2 30
R MEM 1 6 30
R MEM 2 2 30
R MEM 2 6 30
R MEM 3 2 30
R MEM 3 6 30
R MEM 0 2 31
R MEM 0 6 31
R MEM 1 2 31
R MEM 1 6 31
R MEM 2 2 31
R MEM 2 6 31
R MEM 3 2 31
R MEM 3 6 31
R MEM 0 2 31
R MEM 0 6 31
R MEM 1 2 31
R MEM 1 6 31
R MEM 2 2 31
R MEM 2 6 31
R MEM 3 2 31
R MEM 3 6 31
R MEM 0 2 31
R MEM 0 6 31
R MEM 1 2 31
R MEM 1 6 31
R MEM 2 2 31
R MEM 2 6 31
R MEM 3 2 31
R MEM 3 6 31
R MEM 0 2 31
R MEM 0 6 31
R MEM 1 2 31
R MEM 1 6 31
R MEM 2 2 31
R MEM 2 6 31
R MEM 3 2 31
R MEM 3 6 31
R MEM 0 2 31
R MEM 0 6 31
R MEM 1 2 31
R MEM 1 6 31
R MEM 2 2 31
R MEM 2 6 31
R MEM 3 2 31
R MEM 3 6 31
R MEM 0 2 31
R MEM 0 6 31
R MEM 1 2 31
R MEM 1 6 31
R MEM 2 2 31
R MEM 2 6 31
R MEM 3 2 31
R MEM 3 6 31
R MEM 0 2 31
R MEM 0 6 31
R MEM 1 2 31
R MEM 1 6 31
R MEM 2 2 31
R MEM 2 6 31
R MEM 3 2 31
R MEM 3 6 31
R MEM 0 2 31
R MEM 0 6 31
R MEM 1 2 31
R MEM 1 6 31
R MEM 2 2 31
R MEM 2 6 31
R MEM 3 2 31
R MEM 3 6 31
R MEM 0 2 31
R MEM 0 6 31
R MEM 1 2 31
R MEM 1 6 31
R MEM 2 2 31
R MEM 2 6 31
R MEM 3 2 31
R MEM 3 6 31
R MEM 0 2 31
R MEM 0 6 31
R MEM 1 2 31
R MEM 1 6 31
R MEM 2 2 31
R MEM 2 6 31
R MEM 3 2 31
R MEM 3 6 31
R MEM 0 2 31
R MEM 0 6 31
R MEM 1 2 31
R MEM 1 6 31
R MEM 2 2 31
R MEM 2 6 31
R MEM 3 2 31
R MEM 3 6 31
R MEM 0 2 31
R MEM 0 6 31
R MEM 1 2 31
R MEM 1 6 31
R MEM 2 2 31
R MEM 2 6 31
R MEM 3 2 31
R MEM 3 6 31
R MEM 0 2 31
R MEM 0 6 31
R MEM 1 2 31
R MEM 1 6 31
R MEM 2 2 31
R MEM 2 6 31
R MEM 3 2 31
R MEM 3 6 31
R MEM 0 2 31
R MEM 0 6 31
R MEM 1 2 31
R MEM 1 6 31
R MEM 2 2 31
R MEM 2 6 31
R MEM 3 2 31
R MEM 3 6 31
R MEM 0 2 31
R MEM 0 6 31
R MEM 1 2 31
R MEM 1 6 31
R MEM 2 2 31
R MEM 2 6 31
R MEM 3 2 31
R MEM 3 6 31
R MEM 0 2 31
R MEM 0 6 31
R MEM 1 2 31
R MEM 1 6 31
R MEM 2 2 31
R MEM 2 6 31
R MEM 3 2 31
R MEM 3 6 31
R MEM 0 2 32
R MEM 0 6 32
R MEM 1 2 32
R MEM 1 6 32
R MEM 2 2 32
R MEM 2 6 32
R MEM 3 2 32
R MEM 3 6 32
R MEM 0 2 32
R MEM 0 6 32
R MEM 1 2 32
R MEM 1 6 32
R MEM 2 2 32
R MEM 2 6 32
R MEM 3 2 32
R MEM 3 6 32
R MEM 0 2 32
R MEM 0 6 32
R MEM 1 2 32
R MEM 1 6 32
R MEM 2 2 32
R MEM 2 6 32
R MEM 3 2 32
R MEM 3 6 32
R MEM 0 2 32
R MEM 0 6 32
R MEM 1 2 32
R MEM 1 6 32
R MEM 2 2 32
R MEM 2 6 32
R MEM 3 2 32
R MEM 3 6 32
R MEM 0 2 32
R MEM 0 6 32
R MEM 1 2 32
R MEM 1 6 32
R MEM 2 2 32
R MEM 2 6 32
R MEM 3 2 32
R MEM 3 6 32
R MEM 0 2 32
R MEM 0 6 32
R MEM 1 2 32
R MEM 1 6 32
R MEM 2 2 32
R MEM 2 6 32
R MEM 3 2 32
R MEM 3 6 32
R MEM 0 2 32
R MEM 0 6 32
R MEM 1 2 32
R MEM 1 6 32
R MEM 2 2 32
R MEM 2 6 32
R MEM 3 2 32
R MEM 3 6 32
R MEM 0 2 32
R MEM 0 6 32
R MEM 1 2 32
R MEM 1 6 32
R MEM 2 2 32
R MEM 2 6 32
R MEM 3 2 32
R MEM 3 6 32
R MEM 0 2 32
R MEM 0 6 32
R MEM 1 2 32
R MEM 1 6 32
R MEM 2 2 32
R MEM 2 6 32
R MEM 3 2 32
R MEM 3 6 32
R MEM 0 2 32
R MEM 0 6 32
R MEM 1 2 32
R MEM 1 6 32
R MEM 2 2 32
R MEM 2 6 32
R MEM 3 2 32
R MEM 3 6 32
R MEM 0 2 32
R MEM 0 6 32
R MEM 1 2 32
R MEM 1 6 32
R MEM 2 2 32
R MEM 2 6 32
R MEM 3 2 32
R MEM 3 6 32
R MEM 0 2 32
R MEM 0 6 32
R MEM 1 2 32
R MEM 1 6 32
R MEM 2 2 32
R MEM 2 6 32
R MEM 3 2 32
R MEM 3 6 32
R MEM 0 2 32
R MEM 0 6 32
R MEM 1 2 32
R MEM 1 6 32
R MEM 2 2 32
R MEM 2 6 32
R MEM 3 2 32
R MEM 3 6 32
R MEM 0 2 32
R MEM 0 6 32
R MEM 1 2 32
R MEM 1 6 32
R MEM 2 2 32
R MEM 2 6 32
R MEM 3 2 32
R MEM 3 6 32
R MEM 0 2 32
R MEM 0 6 32
R MEM 1 2 32
R MEM 1 6 32
R MEM 2 2 32
R MEM 2 6 32
R MEM 3 2 32
R MEM 3 6 32
R MEM 0 2 32
R MEM 0 6 32
R MEM 1 2 32
R MEM 1 6 32
R MEM 2 2 32
R MEM 2 6 32
R MEM 3 2 32
R MEM 3 6 32
R MEM 0 2 33
R MEM 0 6 33
R MEM 1 2 33
R MEM 1 6 33
R MEM 2 2 33
R MEM 2 6 33
R MEM 3 2 33
R MEM 3 6 33
R MEM 0 2 33
R MEM 0 6 33
R MEM 1 2 33
R MEM 1 6 33
R MEM 2 2 33
R MEM 2 6 33
R MEM 3 2 33
R MEM 3 6 33
R MEM 0 2 33
R MEM 0 6 33
R MEM 1 2 33
R MEM 1 6 33
R MEM 2 2 33
R MEM 2 6 33
R MEM 3 2 33
R MEM 3 6 33
R MEM 0 2 33
R MEM 0 6 33
R MEM 1 2 33
R MEM 1 6 33
R MEM 2 2 33
R MEM 2 6 33
R MEM 3 2 33
R MEM 3 6 33
R MEM 0 2 33
R MEM 0 6 33
R MEM 1 2 33
R MEM 1 6 33
R MEM 2 2 33
R MEM 2 6 33
R MEM 3 2 33
R MEM 3 6 33
R MEM 0 2 33
R MEM 0 6 33
R MEM 1 2 33
R MEM 1 6 33
R MEM 2 2 33
R MEM 2 6 33
R MEM 3 2 33
R MEM 3 6 33
R MEM 0 2 33
R MEM 0 6 33
R MEM 1 2 33
R MEM 1 6 33
R MEM 2 2 33
R MEM 2 6 33
R MEM 3 2 33
R MEM 3 6 33
R MEM 0 2 33
R MEM 0 6 33
R MEM 1 2 33
R MEM 1 6 33
R MEM 2 2 33
R MEM 2 6 33
R MEM 3 2 33
R MEM 3 6 33
R MEM 0 2 33
R MEM 0 6 33
R MEM 1 2 33
R MEM 1 6 33
R MEM 2 2 33
R MEM 2 6 33
R MEM 3 2 33
R MEM 3 6 33
R MEM 0 2 33
R MEM 0 6 33
R MEM 1 2 33
R MEM 1 6 33
R MEM 2 2 33
R MEM 2 6 33
R MEM 3 2 33
R MEM 3 6 33
R MEM 0 2 33
R MEM 0 6 33
R MEM 1 2 33
R MEM 1 6 33
R MEM 2 2 33
R MEM 2 6 33
R MEM 3 2 33
R MEM 3 6 33
R MEM 0 2 33
R MEM 0 6 33
R MEM 1 2 33
R MEM 1 6 33
R MEM 2 2 33
R MEM 2 6 33
R MEM 3 2 33
R MEM 3 6 33
R MEM 0 2 33
R MEM 0 6 33
R MEM 1 2 33
R MEM 1 6 33
R MEM 2 2 33
R MEM 2 6 33
R MEM 3 2 33
R MEM 3 6 33
R MEM 0 2 33
R MEM 0 6 33
R MEM 1 2 33
R MEM 1 6 33
R MEM 2 2 33
R MEM 2 6 33
R MEM 3 2 33
R MEM 3 6 33
R MEM 0 2 33
R MEM 0 6 33
R MEM 1 2 33
R MEM 1 6 33
R MEM 2 2 33
R MEM 2 6 33
R MEM 3 2 33
R MEM 3 6 33
R MEM 0 2 33
R MEM 0 6 33
R MEM 1 2 33
R MEM 1 6 33
R MEM 2 2 33
R MEM 2 6 33
R MEM 3 2 33
R MEM 3 6 33
R MEM 0 2 34
R MEM 0 6 34
R MEM 1 2 34
R MEM 1 6 34
R MEM 2 2 34
R MEM 2 6 34
R MEM 3 2 34
R MEM 3 6 34
R MEM 0 2 34
R MEM 0 6 34
R MEM 1 2 34
R MEM 1 6 34
R MEM 2 2 34
R MEM 2 6 34
R MEM 3 2 34
R MEM 3 6 34
R MEM 0 2 34
R MEM 0 6 34
R MEM 1 2 34
R MEM 1 6 34
R MEM 2 2 34
R MEM 2 6 34
R MEM 3 2 34
R MEM 3 6 34
R MEM 0 2 34
R MEM 0 6 34
R MEM 1 2 34
R MEM 1 6 34
R MEM 2 2 34
R MEM 2 6 34
R MEM 3 2 34
R MEM 3 6 34
R MEM 0 2 34
R MEM 0 6 34
R MEM 1 2 34
R MEM 1 6 34
R MEM 2 2 34
R MEM 2 6 34
R MEM 3 2 34
R MEM 3 6 34
R MEM 0 2 34
R MEM 0 6 34
R MEM 1 2 34
R MEM 1 6 34
R MEM 2 2 34
R MEM 2 6 34
R MEM 3 2 34
R MEM 3 6 34
R MEM 0 2 34
R MEM 0 6 34
R MEM 1 2 34
R MEM 1 6 34
R MEM 2 2 34
R MEM 2 6 34
R MEM 3 2 34
R MEM 3 6 34
R MEM 0 2 34
R MEM 0 6 34
R MEM 1 2 34
R MEM 1 6 34
R MEM 2 2 34
R MEM 2 6 34
R MEM 3 2 34
R MEM 3 6 34
R MEM 0 2 34
R MEM 0 6 34
R MEM 1 2 34
R MEM 1 6 34
R MEM 2 2 34
R MEM 2 6 34
R MEM 3 2 34
R MEM 3 6 34
R MEM 0 2 34
R MEM 0 6 34
R MEM 1 2 34
R MEM 1 6 34
R MEM 2 2 34
R MEM 2 6 34
R MEM 3 2 34
R MEM 3 6 34
R MEM 0 2 34
R MEM 0 6 34
R MEM 1 2 34
R MEM 1 6 34
R MEM 2 2 34
R MEM 2 6 34
R MEM 3 2 34
R MEM 3 6 34
R MEM 0 2 34
R MEM 0 6 34
R MEM 1 2 34
R MEM 1 6 34
R MEM 2 2 34
R MEM 2 6 34
R MEM 3 2 34
R MEM 3 6 34
R MEM 0 2 34
R MEM 0 6 34
R MEM 1 2 34
R MEM 1 6 34
R MEM 2 2 34
R MEM 2 6 34
R MEM 3 2 34
R MEM 3 6 34
R MEM 0 2 34
R MEM 0 6 34
R MEM 1 2 34
R MEM 1 6 34
R MEM 2 2 34
R MEM 2 6 34
R MEM 3 2 34
R MEM 3 6 34
R MEM 0 2 34
R MEM 0 6 34
R MEM 1 2 34
R MEM 1 6 34
R MEM 2 2 34
R MEM 2 6 34
R MEM 3 2 34
R MEM 3 6 34
R MEM 0 2 34
R MEM 0 6 34
R MEM 1 2 34
R MEM 1 6 34
R MEM 2 2 34
R MEM 2 6 34
R MEM 3 2 34
R MEM 3 6 34
R MEM 0 2 35
R MEM 0 6 35
R MEM 1 2 35
R MEM 1 6 35
R MEM 2 2 35
R MEM 2 6 35
R MEM 3 2 35
R MEM 3 6 35
R MEM 0 2 35
R MEM 0 6 35
R MEM 1 2 35
R MEM 1 6 35
R MEM 2 2 35
R MEM 2 6 35
R MEM 3 2 35
R MEM 3 6 35
R MEM 0 2 35
R MEM 0 6 35
R MEM 1 2 35
R MEM 1 6 35
R MEM 2 2 35
R MEM 2 6 35
R MEM 3 2 35
R MEM 3 6 35
R MEM 0 2 35
R MEM 0 6 35
R MEM 1 2 35
R MEM 1 6 35
R MEM 2 2 35
R MEM 2 6 35
R MEM 3 2 35
R MEM 3 6 35
R MEM 0 2 35
R MEM 0 6 35
R MEM 1 2 35
R MEM 1 6 35
R MEM 2 2 35
R MEM 2 6 35
R MEM 3 2 35
R MEM 3 6 35
R MEM 0 2 35
R MEM 0 6 35
R MEM 1 2 35
R MEM 1 6 35
R MEM 2 2 35
R MEM 2 6 35
R MEM 3 2 35
R MEM 3 6 35
R MEM 0 2 35
R MEM 0 6 35
R MEM 1 2 35
R MEM 1 6 35
R MEM 2 2 35
R MEM 2 6 35
R MEM 3 2 35
R MEM 3 6 35
R MEM 0 2 35
R MEM 0 6 35
R MEM 1 2 35
R MEM 1 6 35
R MEM 2 2 35
R MEM 2 6 35
R MEM 3 2 35
R MEM 3 6 35
R MEM 0 2 35
R MEM 0 6 35
R MEM 1 2 35
R MEM 1 6 35
R MEM 2 2 35
R MEM 2 6 35
R MEM 3 2 35
R MEM 3 6 35
R MEM 0 2 35
R MEM 0 6 35
R MEM 1 2 35
R MEM 1 6 35
R MEM 2 2 35
R MEM 2 6 35
R MEM 3 2 35
R MEM 3 6 35
R MEM 0 2 35
R MEM 0 6 35
R MEM 1 2 35
R MEM 1 6 35
R MEM 2 2 35
R MEM 2 6 35
R MEM 3 2 35
R MEM 3 6 35
R MEM 0 2 35
R MEM 0 6 35
R MEM 1 2 35
R MEM 1 6 35
R MEM 2 2 35
R MEM 2 6 35
R MEM 3 2 35
R MEM 3 6 35
R MEM 0 2 35
R MEM 0 6 35
R MEM 1 2 35
R MEM 1 6 35
R MEM 2 2 35
R MEM 2 6 35
R MEM 3 2 35
R MEM 3 6 35
R MEM 0 2 35
R MEM 0 6 35
R MEM 1 2 35
R MEM 1 6 35
R MEM 2 2 35
R MEM 2 6 35
R MEM 3 2 35
R MEM 3 6 35
R MEM 0 2 35
R MEM 0 6 35
R MEM 1 2 35
R MEM 1 6 35
R MEM 2 2 35
R MEM 2 6 35
R MEM 3 2 35
R MEM 3 6 35
R MEM 0 2 35
R MEM 0 6 35
R MEM 1 2 35
R MEM 1 6 35
R MEM 2 2 35
R MEM 2 6 35
R MEM 3 2 35
R MEM 3 6 35
R MEM 0 2 36
R MEM 0 6 36
R MEM 1 2 36
R MEM 1 6 36
R MEM 2 2 36
R MEM 2 6 36
R MEM 3 2 36
R MEM 3 6 36
R MEM 0 2 36
R MEM 0 6 36
R MEM 1 2 36
R MEM 1 6 36
R MEM 2 2 36
R MEM 2 6 36
R MEM 3 2 36
R MEM 3 6 36
R MEM 0 2 36
R MEM 0 6 36
R MEM 1 2 36
R MEM 1 6 36
R MEM 2 2 36
R MEM 2 6 36
R MEM 3 2 36
R MEM 3 6 36
R MEM 0 2 36
R MEM 0 6 36
R MEM 1 2 36
R MEM 1 6 36
R MEM 2 2 36
R MEM 2 6 36
R MEM 3 2 36
R MEM 3 6 36
R MEM 0 2 36
R MEM 0 6 36
R MEM 1 2 36
R MEM 1 6 36
R MEM 2 2 36
R MEM 2 6 36
R MEM 3 2 36
R MEM 3 6 36
R MEM 0 2 36
R MEM 0 6 36
R MEM 1 2 36
R MEM 1 6 36
R MEM 2 2 36
R MEM 2 6 36
R MEM 3 2 36
R MEM 3 6 36
R MEM 0 2 36
R MEM 0 6 36
R MEM 1 2 36
R MEM 1 6 36
R MEM 2 2 36
R MEM 2 6 36
R MEM 3 2 36
R MEM 3 6 36
R MEM 0 2 36
R MEM 0 6 36
R MEM 1 2 36
R MEM 1 6 36
R MEM 2 2 36
R MEM 2 6 36
R MEM 3 2 36
R MEM 3 6 36
R MEM 0 2 36
R MEM 0 6 36
R MEM 1 2 36
R MEM 1 6 36
R MEM 2 2 36
R MEM 2 6 36
R MEM 3 2 36
R MEM 3 6 36
R MEM 0 2 36
R MEM 0 6 36
R MEM 1 2 36
R MEM 1 6 36
R MEM 2 2 36
R MEM 2 6 36
R MEM 3 2 36
R MEM 3 6 36
R MEM 0 2 36
R MEM 0 6 36
R MEM 1 2 36
R MEM 1 6 36
R MEM 2 2 36
R MEM 2 6 36
R MEM 3 2 36
R MEM 3 6 36
R MEM 0 2 36
R MEM 0 6 36
R MEM 1 2 36
R MEM 1 6 36
R MEM 2 2 36
R MEM 2 6 36
R MEM 3 2 36
R MEM 3 6 36
R MEM 0 2 36
R MEM 0 6 36
R MEM 1 2 36
R MEM 1 6 36
R MEM 2 2 36
R MEM 2 6 36
R MEM 3 2 36
R MEM 3 6 36
R MEM 0 2 36
R MEM 0 6 36
R MEM 1 2 36
R MEM 1 6 36
R MEM 2 2 36
R MEM 2 6 36
R MEM 3 2 36
R MEM 3 6 36
R MEM 0 2 36
R MEM 0 6 36
R MEM 1 2 36
R MEM 1 6 36
R MEM 2 2 36
R MEM 2 6 36
R MEM 3 2 36
R MEM 3 6 36
R MEM 0 2 36
R MEM 0 6 36
R MEM 1 2 36
R MEM 1 6 36
R MEM 2 2 36
R MEM 2 6 36
R MEM 3 2 36
R MEM 3 6 36
W MEM 0 0 29
W MEM 0 4 29
W MEM 1 0 29
W MEM 1 4 29
W MEM 2 0 29
W MEM 2 4 29
W MEM 3 0 29
W MEM 3 4 29
W MEM 0 0 29
W MEM 0 4 29
W MEM 1 0 29
W MEM 1 4 29
W MEM 2 0 29
W MEM 2 4 29
W MEM 3 0 29
W MEM 3 4 29
W MEM 0 0 29
W MEM 0 4 29
W MEM 1 0 29
W MEM 1 4 29
W MEM 2 0 29
W MEM 2 4 29
W MEM 3 0 29
W MEM 3 4 29
W MEM 0 0 29
W MEM 0 4 29
W MEM 1 0 29
W MEM 1 4 29
W MEM 2 0 29
W MEM 2 4 29
W MEM 3 0 29
W MEM 3 4 29
W MEM 0 0 29
W MEM 0 4 29
W MEM 1 0 29
W MEM 1 4 29
W MEM 2 0 29
W MEM 2 4 29
W MEM 3 0 29
W MEM 3 4 29
W MEM 0 0 29
W MEM 0 4 29
W MEM 1 0 29
W MEM 1 4 29
W MEM 2 0 29
W MEM 2 4 29
W MEM 3 0 29
W MEM 3 4 29
W MEM 0 0 29
W MEM 0 4 29
W MEM 1 0 29
W MEM 1 4 29
W MEM 2 0 29
W MEM 2 4 29
W MEM 3 0 29
W MEM 3 4 29
W MEM 0 0 29
W MEM 0 4 29
W MEM 1 0 29
W MEM 1 4 29
W MEM 2 0 29
W MEM 2 4 29
W MEM 3 0 29
W MEM 3 4 29
W MEM 0 0 29
W MEM 0 4 29
W MEM 1 0 29
W MEM 1 4 29
W MEM 2 0 29
W MEM 2 4 29
W MEM 3 0 29
W MEM 3 4 29
W MEM 0 0 29
W MEM 0 4 29
W MEM 1 0 29
W MEM 1 4 29
W MEM 2 0 29
W MEM 2 4 29
W MEM 3 0 29
W MEM 3 4 29
W MEM 0 0 29
W MEM 0 4 29
W MEM 1 0 29
W MEM 1 4 29
W MEM 2 0 29
W MEM 2 4 29
W MEM 3 0 29
W MEM 3 4 29
W MEM 0 0 29
W MEM 0 4 29
W MEM 1 0 29
W MEM 1 4 29
W MEM 2 0 29
W MEM 2 4 29
W MEM 3 0 29
W MEM 3 4 29
W MEM 0 0 29
W MEM 0 4 29
W MEM 1 0 29
W MEM 1 4 29
W MEM 2 0 29
W MEM 2 4 29
W MEM 3 0 29
W MEM 3 4 29
W MEM 0 0 29
W MEM 0 4 29
W MEM 1 0 29
W MEM 1 4 29
W MEM 2 0 29
W MEM 2 4 29
W MEM 3 0 29
W MEM 3 4 29
W MEM 0 0 29
W MEM 0 4 29
W MEM 1 0 29
W MEM 1 4 29
W MEM 2 0 29
W MEM 2 4 29
W MEM 3 0 29
W MEM 3 4 29
W MEM 0 0 29
W MEM 0 4 29
W MEM 1 0 29
W MEM 1 4 29
W MEM 2 0 29
W MEM 2 4 29
W MEM 3 0 29
W MEM 3 4 29
W MEM 0 0 30
W MEM 0 4 30
W MEM 1 0 30
W MEM 1 4 30
W MEM 2 0 30
W MEM 2 4 30
W MEM 3 0 30
W MEM 3 4 30
W MEM 0 0 30
W MEM 0 4 30
W MEM 1 0 30
W MEM 1 4 30
W MEM 2 0 30
W MEM 2 4 30
W MEM 3 0 30
W MEM 3 4 30
W MEM 0 0 30
W MEM 0 4 30
W MEM 1 0 30
W MEM 1 4 30
W MEM 2 0 30
W MEM 2 4 30
W MEM 3 0 30
W MEM 3 4 30
W MEM 0 0 30
W MEM 0 4 30
W MEM 1 0 30
W MEM 1 4 30
W MEM 2 0 30
W MEM 2 4 30
W MEM 3 0 30
W MEM 3 4 30
W MEM 0 0 30
W MEM 0 4 30
W MEM 1 0 30
W MEM 1 4 30
W MEM 2 0 30
W MEM 2 4 30
W MEM 3 0 30
W MEM 3 4 30
W MEM 0 0 30
W MEM 0 4 30
W MEM 1 0 30
W MEM 1 4 30
W MEM 2 0 30
W MEM 2 4 30
W MEM 3 0 30
W MEM 3 4 30
W MEM 0 0 30
W MEM 0 4 30
W MEM 1 0 30
W MEM 1 4 30
W MEM 2 0 30
W MEM 2 4 30
W MEM 3 0 30
W MEM 3 4 30
W MEM 0 0 30
W MEM 0 4 30
W MEM 1 0 30
W MEM 1 4 30
W MEM 2 0 30
W MEM 2 4 30
W MEM 3 0 30
W MEM 3 4 30
W MEM 0 0 30
W MEM 0 4 30
W MEM 1 0 30
W MEM 1 4 30
W MEM 2 0 30
W MEM 2 4 30
W MEM 3 0 30
W MEM 3 4 30
W MEM 0 0 30
W MEM 0 4 30
W MEM 1 0 30
W MEM 1 4 30
W MEM 2 0 30
W MEM 2 4 30
W MEM 3 0 30
W MEM 3 4 30
W MEM 0 0 30
W MEM 0 4 30
W MEM 1 0 30
W MEM 1 4 30
W MEM 2 0 30
W MEM 2 4 30
W MEM 3 0 30
W MEM 3 4 30
W MEM 0 0 30
W MEM 0 4 30
W MEM 1 0 30
W MEM 1 4 30
W MEM 2 0 30
W MEM 2 4 30
W MEM 3 0 30
W MEM 3 4 30
W MEM 0 0 30
W MEM 0 4 30
W MEM 1 0 30
W MEM 1 4 30
W MEM 2 0 30
W MEM 2 4 30
W MEM 3 0 30
W MEM 3 4 30
W MEM 0 0 30
W MEM 0 4 30
W MEM 1 0 30
W MEM 1 4 30
W MEM 2 0 30
W MEM 2 4 30
W MEM 3 0 30
W MEM 3 4 30
W MEM 0 0 30
W MEM 0 4 30
W MEM 1 0 30
W MEM 1 4 30
W MEM 2 0 30
W MEM 2 4 30
W MEM 3 0 30
W MEM 3 4 30
W MEM 0 0 30
W MEM 0 4 30
W MEM 1 0 30
W MEM 1 4 30
W MEM 2 0 30
W MEM 2 4 30
W MEM 3 0 30
W MEM 3 4 30
W MEM 0 0 31
W MEM 0 4 31
W MEM 1 0 31
W MEM 1 4 31
W MEM 2 0 31
W MEM 2 4 31
W MEM 3 0 31
W MEM 3 4 31
W MEM 0 0 31
W MEM 0 4 31
W MEM 1 0 31
W MEM 1 4 31
W MEM 2 0 31
W MEM 2 4 31
W MEM 3 0 31
W MEM 3 4 31
W MEM 0 0 31
W MEM 0 4 31
W MEM 1 0 31
W MEM 1 4 31
W MEM 2 0 31
W MEM 2 4 31
W MEM 3 0 31
W MEM 3 4 31
W MEM 0 0 31
W MEM 0 4 31
W MEM 1 0 31
W MEM 1 4 31
W MEM 2 0 31
W MEM 2 4 31
W MEM 3 0 31
W MEM 3 4 31
W MEM 0 0 31
W MEM 0 4 31
W MEM 1 0 31
W MEM 1 4 31
W MEM 2 0 31
W MEM 2 4 31
W MEM 3 0 31
W MEM 3 4 31
W MEM 0 0 31
W MEM 0 4 31
W MEM 1 0 31
W MEM 1 4 31
W MEM 2 0 31
W MEM 2 4 31
W MEM 3 0 31
W MEM 3 4 31
W MEM 0 0 31
W MEM 0 4 31
W MEM 1 0 31
W MEM 1 4 31
W MEM 2 0 31
W MEM 2 4 31
W MEM 3 0 31
W MEM 3 4 31
W MEM 0 0 31
W MEM 0 4 31
W MEM 1 0 31
W MEM 1 4 31
W MEM 2 0 31
W MEM 2 4 31
W MEM 3 0 31
W MEM 3 4 31
W MEM 0 0 31
W MEM 0 4 31
W MEM 1 0 31
W MEM 1 4 31
W MEM 2 0 31
W MEM 2 4 31
W MEM 3 0 31
W MEM 3 4 31
W MEM 0 0 31
W MEM 0 4 31
W MEM 1 0 31
W MEM 1 4 31
W MEM 2 0 31
W MEM 2 4 31
W MEM 3 0 31
W MEM 3 4 31
W MEM 0 0 31
W MEM 0 4 31
W MEM 1 0 31
W MEM 1 4 31
W MEM 2 0 31
W MEM 2 4 31
W MEM 3 0 31
W MEM 3 4 31
W MEM 0 0 31
W MEM 0 4 31
W MEM 1 0 31
W MEM 1 4 31
W MEM 2 0 31
W MEM 2 4 31
W MEM 3 0 31
W MEM 3 4 31
W MEM 0 0 31
W MEM 0 4 31
W MEM 1 0 31
W MEM 1 4 31
W MEM 2 0 31
W MEM 2 4 31
W MEM 3 0 31
W MEM 3 4 31
W MEM 0 0 31
W MEM 0 4 31
W MEM 1 0 31
W MEM 1 4 31
W MEM 2 0 31
W MEM 2 4 31
W MEM 3 0 31
W MEM 3 4 31
W MEM 0 0 31
W MEM 0 4 31
W MEM 1 0 31
W MEM 1 4 31
W MEM 2 0 31
W MEM 2 4 31
W MEM 3 0 31
W MEM 3 4 31
W MEM 0 0 31
W MEM 0 4 31
W MEM 1 0 31
W MEM 1 4 31
W MEM 2 0 31
W MEM 2 4 31
W MEM 3 0 31
W MEM 3 4 31
W MEM 0 0 32
W MEM 0 4 32
W MEM 1 0 32
W MEM 1 4 32
W MEM 2 0 32
W MEM 2 4 32
W MEM 3 0 32
W MEM 3 4 32
W MEM 0 0 32
W MEM 0 4 32
W MEM 1 0 32
W MEM 1 4 32
W MEM 2 0 32
W MEM 2 4 32
W MEM 3 0 32
W MEM 3 4 32
W MEM 0 0 32
W MEM 0 4 32
W MEM 1 0 32
W MEM 1 4 32
W MEM 2 0 32
W MEM 2 4 32
W MEM 3 0 32
W MEM 3 4 32
W MEM 0 0 32
W MEM 0 4 32
W MEM 1 0 32
W MEM 1 4 32
W MEM 2 0 32
W MEM 2 4 32
W MEM 3 0 32
W MEM 3 4 32
W MEM 0 0 32
W MEM 0 4 32
W MEM 1 0 32
W MEM 1 4 32
W MEM 2 0 32
W MEM 2 4 32
W MEM 3 0 32
W MEM 3 4 32
W MEM 0 0 32
W MEM 0 4 32
W MEM 1 0 32
W MEM 1 4 32
W MEM 2 0 32
W MEM 2 4 32
W MEM 3 0 32
W MEM 3 4 32
W MEM 0 0 32
W MEM 0 4 32
W MEM 1 0 32
W MEM 1 4 32
W MEM 2 0 32
W MEM 2 4 32
W MEM 3 0 32
W MEM 3 4 32
W MEM 0 0 32
W MEM 0 4 32
W MEM 1 0 32
W MEM 1 4 32
W MEM 2 0 32
W MEM 2 4 32
W MEM 3 0 32
W MEM 3 4 32
W MEM 0 0 32
W MEM 0 4 32
W MEM 1 0 32
W MEM 1 4 32
W MEM 2 0 32
W MEM 2 4 32
W MEM 3 0 32
W MEM 3 4 32
W MEM 0 0 32
W MEM 0 4 32
W MEM 1 0 32
W MEM 1 4 32
W MEM 2 0 32
W MEM 2 4 32
W MEM 3 0 32
W MEM 3 4 32
W MEM 0 0 32
W MEM 0 4 32
W MEM 1 0 32
W MEM 1 4 32
W MEM 2 0 32
W MEM 2 4 32
W MEM 3 0 32
W MEM 3 4 32
W MEM 0 0 32
W MEM 0 4 32
W MEM 1 0 32
W MEM 1 4 32
W MEM 2 0 32
W MEM 2 4 32
W MEM 3 0 32
W MEM 3 4 32
W MEM 0 0 32
W MEM 0 4 32
W MEM 1 0 32
W MEM 1 4 32
W MEM 2 0 32
W MEM 2 4 32
W MEM 3 0 32
W MEM 3 4 32
W MEM 0 0 32
W MEM 0 4 32
W MEM 1 0 32
W MEM 1 4 32
W MEM 2 0 32
W MEM 2 4 32
W MEM 3 0 32
W MEM 3 4 32
W MEM 0 0 32
W MEM 0 4 32
W MEM 1 0 32
W MEM 1 4 32
W MEM 2 0 32
W MEM 2 4 32
W MEM 3 0 32
W MEM 3 4 32
W MEM 0 0 32
W MEM 0 4 32
W MEM 1 0 32
W MEM 1 4 32
W MEM 2 0 32
W MEM 2 4 32
W MEM 3 0 32
W MEM 3 4 32
W MEM 0 0 33
W MEM 0 4 33
W MEM 1 0 33
W MEM 1 4 33
W MEM 2 0 33
W MEM 2 4 33
W MEM 3 0 33
W MEM 3 4 33
W MEM 0 0 33
W MEM 0 4 33
W MEM 1 0 33
W MEM 1 4 33
W MEM 2 0 33
W MEM 2 4 33
W MEM 3 0 33
W MEM 3 4 33
W MEM 0 0 33
W MEM 0 4 33
W MEM 1 0 33
W MEM 1 4 33
W MEM 2 0 33
W MEM 2 4 33
W MEM 3 0 33
W MEM 3 4 33
W MEM 0 0 33
W MEM 0 4 33
W MEM 1 0 33
W MEM 1 4 33
W MEM 2 0 33
W MEM 2 4 33
W MEM 3 0 33
W MEM 3 4 33
W MEM 0 0 33
W MEM 0 4 33
W MEM 1 0 33
W MEM 1 4 33
W MEM 2 0 33
W MEM 2 4 33
W MEM 3 0 33
W MEM 3 4 33
W MEM 0 0 33
W MEM 0 4 33
W MEM 1 0 33
W MEM 1 4 33
W MEM 2 0 33
W MEM 2 4 33
W MEM 3 0 33
W MEM 3 4 33
W MEM 0 0 33
W MEM 0 4 33
W MEM 1 0 33
W MEM 1 4 33
W MEM 2 0 33
W MEM 2 4 33
W MEM 3 0 33
W MEM 3 4 33
W MEM 0 0 33
W MEM 0 4 33
W MEM 1 0 33
W MEM 1 4 33
W MEM 2 0 33
W MEM 2 4 33
W MEM 3 0 33
W MEM 3 4 33
W MEM 0 0 33
W MEM 0 4 33
W MEM 1 0 33
W MEM 1 4 33
W MEM 2 0 33
W MEM 2 4 33
W MEM 3 0 33
W MEM 3 4 33
W MEM 0 0 33
W MEM 0 4 33
W MEM 1 0 33
W MEM 1 4 33
W MEM 2 0 33
W MEM 2 4 33
W MEM 3 0 33
W MEM 3 4 33
W MEM 0 0 33
W MEM 0 4 33
W MEM 1 0 33
W MEM 1 4 33
W MEM 2 0 33
W MEM 2 4 33
W MEM 3 0 33
W MEM 3 4 33
W MEM 0 0 33
W MEM 0 4 33
W MEM 1 0 33
W MEM 1 4 33
W MEM 2 0 33
W MEM 2 4 33
W MEM 3 0 33
W MEM 3 4 33
W MEM 0 0 33
W MEM 0 4 33
W MEM 1 0 33
W MEM 1 4 33
W MEM 2 0 33
W MEM 2 4 33
W MEM 3 0 33
W MEM 3 4 33
W MEM 0 0 33
W MEM 0 4 33
W MEM 1 0 33
W MEM 1 4 33
W MEM 2 0 33
W MEM 2 4 33
W MEM 3 0 33
W MEM 3 4 33
W MEM 0 0 33
W MEM 0 4 33
W MEM 1 0 33
W MEM 1 4 33
W MEM 2 0 33
W MEM 2 4 33
W MEM 3 0 33
W MEM 3 4 33
W MEM 0 0 33
W MEM 0 4 33
W MEM 1 0 33
W MEM 1 4 33
W MEM 2 0 33
W MEM 2 4 33
W MEM 3 0 33
W MEM 3 4 33
W MEM 0 0 34
W MEM 0 4 34
W MEM 1 0 34
W MEM 1 4 34
W MEM 2 0 34
W MEM 2 4 34
W MEM 3 0 34
W MEM 3 4 34
W MEM 0 0 34
W MEM 0 4 34
W MEM 1 0 34
W MEM 1 4 34
W MEM 2 0 34
W MEM 2 4 34
W MEM 3 0 34
W MEM 3 4 34
W MEM 0 0 34
W MEM 0 4 34
W MEM 1 0 34
W MEM 1 4 34
W MEM 2 0 34
W MEM 2 4 34
W MEM 3 0 34
W MEM 3 4 34
W MEM 0 0 34
W MEM 0 4 34
W MEM 1 0 34
W MEM 1 4 34
W MEM 2 0 34
W MEM 2 4 34
W MEM 3 0 34
W MEM 3 4 34
W MEM 0 0 34
W MEM 0 4 34
W MEM 1 0 34
W MEM 1 4 34
W MEM 2 0 34
W MEM 2 4 34
W MEM 3 0 34
W MEM 3 4 34
W MEM 0 0 34
W MEM 0 4 34
W MEM 1 0 34
W MEM 1 4 34
W MEM 2 0 34
W MEM 2 4 34
W MEM 3 0 34
W MEM 3 4 34
W MEM 0 0 34
W MEM 0 4 34
W MEM 1 0 34
W MEM 1 4 34
W MEM 2 0 34
W MEM 2 4 34
W MEM 3 0 34
W MEM 3 4 34
W MEM 0 0 34
W MEM 0 4 34
W MEM 1 0 34
W MEM 1 4 34
W MEM 2 0 34
W MEM 2 4 34
W MEM 3 0 34
W MEM 3 4 34
W MEM 0 0 34
W MEM 0 4 34
W MEM 1 0 34
W MEM 1 4 34
W MEM 2 0 34
W MEM 2 4 34
W MEM 3 0 34
W MEM 3 4 34
W MEM 0 0 34
W MEM 0 4 34
W MEM 1 0 34
W MEM 1 4 34
W MEM 2 0 34
W MEM 2 4 34
W MEM 3 0 34
W MEM 3 4 34
W MEM 0 0 34
W MEM 0 4 34
W MEM 1 0 34
W MEM 1 4 34
W MEM 2 0 34
W MEM 2 4 34
W MEM 3 0 34
W MEM 3 4 34
W MEM 0 0 34
W MEM 0 4 34
W MEM 1 0 34
W MEM 1 4 34
W MEM 2 0 34
W MEM 2 4 34
W MEM 3 0 34
W MEM 3 4 34
W MEM 0 0 34
W MEM 0 4 34
W MEM 1 0 34
W MEM 1 4 34
W MEM 2 0 34
W MEM 2 4 34
W MEM 3 0 34
W MEM 3 4 34
W MEM 0 0 34
W MEM 0 4 34
W MEM 1 0 34
W MEM 1 4 34
W MEM 2 0 34
W MEM 2 4 34
W MEM 3 0 34
W MEM 3 4 34
W MEM 0 0 34
W MEM 0 4 34
W MEM 1 0 34
W MEM 1 4 34
W MEM 2 0 34
W MEM 2 4 34
W MEM 3 0 34
W MEM 3 4 34
W MEM 0 0 34
W MEM 0 4 34
W MEM 1 0 34
W MEM 1 4 34
W MEM 2 0 34
W MEM 2 4 34
W MEM 3 0 34
W MEM 3 4 34
W MEM 0 0 35
W MEM 0 4 35
W MEM 1 0 35
W MEM 1 4 35
W MEM 2 0 35
W MEM 2 4 35
W MEM 3 0 35
W MEM 3 4 35
W MEM 0 0 35
W MEM 0 4 35
W MEM 1 0 35
W MEM 1 4 35
W MEM 2 0 35
W MEM 2 4 35
W MEM 3 0 35
W MEM 3 4 35
W MEM 0 0 35
W MEM 0 4 35
W MEM 1 0 35
W MEM 1 4 35
W MEM 2 0 35
W MEM 2 4 35
W MEM 3 0 35
W MEM 3 4 35
W MEM 0 0 35
W MEM 0 4 35
W MEM 1 0 35
W MEM 1 4 35
W MEM 2 0 35
W MEM 2 4 35
W MEM 3 0 35
W MEM 3 4 35
W MEM 0 0 35
W MEM 0 4 35
W MEM 1 0 35
W MEM 1 4 35
W MEM 2 0 35
W MEM 2 4 35
W MEM 3 0 35
W MEM 3 4 35
W MEM 0 0 35
W MEM 0 4 35
W MEM 1 0 35
W MEM 1 4 35
W MEM 2 0 35
W MEM 2 4 35
W MEM 3 0 35
W MEM 3 4 35
W MEM 0 0 35
W MEM 0 4 35
W MEM 1 0 35
W MEM 1 4 35
W MEM 2 0 35
W MEM 2 4 35
W MEM 3 0 35
W MEM 3 4 35
W MEM 0 0 35
W MEM 0 4 35
W MEM 1 0 35
W MEM 1 4 35
W MEM 2 0 35
W MEM 2 4 35
W MEM 3 0 35
W MEM 3 4 35
W MEM 0 0 35
W MEM 0 4 35
W MEM 1 0 35
W MEM 1 4 35
W MEM 2 0 35
W MEM 2 4 35
W MEM 3 0 35
W MEM 3 4 35
W MEM 0 0 35
W MEM 0 4 35
W MEM 1 0 35
W MEM 1 4 35
W MEM 2 0 35
W MEM 2 4 35
W MEM 3 0 35
W MEM 3 4 35
W MEM 0 0 35
W MEM 0 4 35
W MEM 1 0 35
W MEM 1 4 35
W MEM 2 0 35
W MEM 2 4 35
W MEM 3 0 35
W MEM 3 4 35
W MEM 0 0 35
W MEM 0 4 35
W MEM 1 0 35
W MEM 1 4 35
W MEM 2 0 35
W MEM 2 4 35
W MEM 3 0 35
W MEM 3 4 35
W MEM 0 0 35
W MEM 0 4 35
W MEM 1 0 35
W MEM 1 4 35
W MEM 2 0 35
W MEM 2 4 35
W MEM 3 0 35
W MEM 3 4 35
W MEM 0 0 35
W MEM 0 4 35
W MEM 1 0 35
W MEM 1 4 35
W MEM 2 0 35
W MEM 2 4 35
W MEM 3 0 35
W MEM 3 4 35
W MEM 0 0 35
W MEM 0 4 35
W MEM 1 0 35
W MEM 1 4 35
W MEM 2 0 35
W MEM 2 4 35
W MEM 3 0 35
W MEM 3 4 35
W MEM 0 0 35
W MEM 0 4 35
W MEM 1 0 35
W MEM 1 4 35
W MEM 2 0 35
W MEM 2 4 35
W MEM 3 0 35
W MEM 3 4 35
W MEM 0 0 36
W MEM 0 4 36
W MEM 1 0 36
W MEM 1 4 36
W MEM 2 0 36
W MEM 2 4 36
W MEM 3 0 36
W MEM 3 4 36
W MEM 0 0 36
W MEM 0 4 36
W MEM 1 0 36
W MEM 1 4 36
W MEM 2 0 36
W MEM 2 4 36
W MEM 3 0 36
W MEM 3 4 36
W MEM 0 0 36
W MEM 0 4 36
W MEM 1 0 36
W MEM 1 4 36
W MEM 2 0 36
W MEM 2 4 36
W MEM 3 0 36
W MEM 3 4 36
W MEM 0 0 36
W MEM 0 4 36
W MEM 1 0 36
W MEM 1 4 36
W MEM 2 0 36
W MEM 2 4 36
W MEM 3 0 36
W MEM 3 4 36
W MEM 0 0 36
W MEM 0 4 36
W MEM 1 0 36
W MEM 1 4 36
W MEM 2 0 36
W MEM 2 4 36
W MEM 3 0 36
W MEM 3 4 36
W MEM 0 0 36
W MEM 0 4 36
W MEM 1 0 36
W MEM 1 4 36
W MEM 2 0 36
W MEM 2 4 36
W MEM 3 0 36
W MEM 3 4 36
W MEM 0 0 36
W MEM 0 4 36
W MEM 1 0 36
W MEM 1 4 36
W MEM 2 0 36
W MEM 2 4 36
W MEM 3 0 36
W MEM 3 4 36
W MEM 0 0 36
W MEM 0 4 36
W MEM 1 0 36
W MEM 1 4 36
W MEM 2 0 36
W MEM 2 4 36
W MEM 3 0 36
W MEM 3 4 36
W MEM 0 0 36
W MEM 0 4 36
W MEM 1 0 36
W MEM 1 4 36
W MEM 2 0 36
W MEM 2 4 36
W MEM 3 0 36
W MEM 3 4 36
W MEM 0 0 36
W MEM 0 4 36
W MEM 1 0 36
W MEM 1 4 36
W MEM 2 0 36
W MEM 2 4 36
W MEM 3 0 36
W MEM 3 4 36
W MEM 0 0 36
W MEM 0 4 36
W MEM 1 0 36
W MEM 1 4 36
W MEM 2 0 36
W MEM 2 4 36
W MEM 3 0 36
W MEM 3 4 36
W MEM 0 0 36
W MEM 0 4 36
W MEM 1 0 36
W MEM 1 4 36
W MEM 2 0 36
W MEM 2 4 36
W MEM 3 0 36
W MEM 3 4 36
W MEM 0 0 36
W MEM 0 4 36
W MEM 1 0 36
W MEM 1 4 36
W MEM 2 0 36
W MEM 2 4 36
W MEM 3 0 36
W MEM 3 4 36
W MEM 0 0 36
W MEM 0 4 36
W MEM 1 0 36
W MEM 1 4 36
W MEM 2 0 36
W MEM 2 4 36
W MEM 3 0 36
W MEM 3 4 36
W MEM 0 0 36
W MEM 0 4 36
W MEM 1 0 36
W MEM 1 4 36
W MEM 2 0 36
W MEM 2 4 36
W MEM 3 0 36
W MEM 3 4 36
W MEM 0 0 36
W MEM 0 4 36
W MEM 1 0 36
W MEM 1 4 36
W MEM 2 0 36
W MEM 2 4 36
W MEM 3 0 36
W MEM 3 4 36
AiM EWMUL 16 0xffffffff 29
AiM EWMUL 16 0xffffffff 30
AiM EWMUL 16 0xffffffff 31
AiM EWMUL 16 0xffffffff 32
AiM EWMUL 16 0xffffffff 33
AiM EWMUL 16 0xffffffff 34
AiM EWMUL 16 0xffffffff 35
AiM EWMUL 16 0xffffffff 36
R MEM 0 2 29
R MEM 0 6 29
R MEM 1 2 29
R MEM 1 6 29
R MEM 2 2 29
R MEM 2 6 29
R MEM 3 2 29
R MEM 3 6 29
R MEM 0 2 29
R MEM 0 6 29
R MEM 1 2 29
R MEM 1 6 29
R MEM 2 2 29
R MEM 2 6 29
R MEM 3 2 29
R MEM 3 6 29
R MEM 0 2 29
R MEM 0 6 29
R MEM 1 2 29
R MEM 1 6 29
R MEM 2 2 29
R MEM 2 6 29
R MEM 3 2 29
R MEM 3 6 29
R MEM 0 2 29
R MEM 0 6 29
R MEM 1 2 29
R MEM 1 6 29
R MEM 2 2 29
R MEM 2 6 29
R MEM 3 2 29
R MEM 3 6 29
R MEM 0 2 29
R MEM 0 6 29
R MEM 1 2 29
R MEM 1 6 29
R MEM 2 2 29
R MEM 2 6 29
R MEM 3 2 29
R MEM 3 6 29
R MEM 0 2 29
R MEM 0 6 29
R MEM 1 2 29
R MEM 1 6 29
R MEM 2 2 29
R MEM 2 6 29
R MEM 3 2 29
R MEM 3 6 29
R MEM 0 2 29
R MEM 0 6 29
R MEM 1 2 29
R MEM 1 6 29
R MEM 2 2 29
R MEM 2 6 29
R MEM 3 2 29
R MEM 3 6 29
R MEM 0 2 29
R MEM 0 6 29
R MEM 1 2 29
R MEM 1 6 29
R MEM 2 2 29
R MEM 2 6 29
R MEM 3 2 29
R MEM 3 6 29
R MEM 0 2 29
R MEM 0 6 29
R MEM 1 2 29
R MEM 1 6 29
R MEM 2 2 29
R MEM 2 6 29
R MEM 3 2 29
R MEM 3 6 29
R MEM 0 2 29
R MEM 0 6 29
R MEM 1 2 29
R MEM 1 6 29
R MEM 2 2 29
R MEM 2 6 29
R MEM 3 2 29
R MEM 3 6 29
R MEM 0 2 29
R MEM 0 6 29
R MEM 1 2 29
R MEM 1 6 29
R MEM 2 2 29
R MEM 2 6 29
R MEM 3 2 29
R MEM 3 6 29
R MEM 0 2 29
R MEM 0 6 29
R MEM 1 2 29
R MEM 1 6 29
R MEM 2 2 29
R MEM 2 6 29
R MEM 3 2 29
R MEM 3 6 29
R MEM 0 2 29
R MEM 0 6 29
R MEM 1 2 29
R MEM 1 6 29
R MEM 2 2 29
R MEM 2 6 29
R MEM 3 2 29
R MEM 3 6 29
R MEM 0 2 29
R MEM 0 6 29
R MEM 1 2 29
R MEM 1 6 29
R MEM 2 2 29
R MEM 2 6 29
R MEM 3 2 29
R MEM 3 6 29
R MEM 0 2 29
R MEM 0 6 29
R MEM 1 2 29
R MEM 1 6 29
R MEM 2 2 29
R MEM 2 6 29
R MEM 3 2 29
R MEM 3 6 29
R MEM 0 2 29
R MEM 0 6 29
R MEM 1 2 29
R MEM 1 6 29
R MEM 2 2 29
R MEM 2 6 29
R MEM 3 2 29
R MEM 3 6 29
R MEM 0 2 30
R MEM 0 6 30
R MEM 1 2 30
R MEM 1 6 30
R MEM 2 2 30
R MEM 2 6 30
R MEM 3 2 30
R MEM 3 6 30
R MEM 0 2 30
R MEM 0 6 30
R MEM 1 2 30
R MEM 1 6 30
R MEM 2 2 30
R MEM 2 6 30
R MEM 3 2 30
R MEM 3 6 30
R MEM 0 2 30
R MEM 0 6 30
R MEM 1 2 30
R MEM 1 6 30
R MEM 2 2 30
R MEM 2 6 30
R MEM 3 2 30
R MEM 3 6 30
R MEM 0 2 30
R MEM 0 6 30
R MEM 1 2 30
R MEM 1 6 30
R MEM 2 2 30
R MEM 2 6 30
R MEM 3 2 30
R MEM 3 6 30
R MEM 0 2 30
R MEM 0 6 30
R MEM 1 2 30
R MEM 1 6 30
R MEM 2 2 30
R MEM 2 6 30
R MEM 3 2 30
R MEM 3 6 30
R MEM 0 2 30
R MEM 0 6 30
R MEM 1 2 30
R MEM 1 6 30
R MEM 2 2 30
R MEM 2 6 30
R MEM 3 2 30
R MEM 3 6 30
R MEM 0 2 30
R MEM 0 6 30
R MEM 1 2 30
R MEM 1 6 30
R MEM 2 2 30
R MEM 2 6 30
R MEM 3 2 30
R MEM 3 6 30
R MEM 0 2 30
R MEM 0 6 30
R MEM 1 2 30
R MEM 1 6 30
R MEM 2 2 30
R MEM 2 6 30
R MEM 3 2 30
R MEM 3 6 30
R MEM 0 2 30
R MEM 0 6 30
R MEM 1 2 30
R MEM 1 6 30
R MEM 2 2 30
R MEM 2 6 30
R MEM 3 2 30
R MEM 3 6 30
R MEM 0 2 30
R MEM 0 6 30
R MEM 1 2 30
R MEM 1 6 30
R MEM 2 2 30
R MEM 2 6 30
R MEM 3 2 30
R MEM 3 6 30
R MEM 0 2 30
R MEM 0 6 30
R MEM 1 2 30
R MEM 1 6 30
R MEM 2 2 30
R MEM 2 6 30
R MEM 3 2 30
R MEM 3 6 30
R MEM 0 2 30
R MEM 0 6 30
R MEM 1 2 30
R MEM 1 6 30
R MEM 2 2 30
R MEM 2 6 30
R MEM 3 2 30
R MEM 3 6 30
R MEM 0 2 30
R MEM 0 6 30
R MEM 1 2 30
R MEM 1 6 30
R MEM 2 2 30
R MEM 2 6 30
R MEM 3 2 30
R MEM 3 6 30
R MEM 0 2 30
R MEM 0 6 30
R MEM 1 2 30
R MEM 1 6 30
R MEM 2 2 30
R MEM 2 6 30
R MEM 3 2 30
R MEM 3 6 30
R MEM 0 2 30
R MEM 0 6 30
R MEM 1 2 30
R MEM 1 6 30
R MEM 2 2 30
R MEM 2 6 30
R MEM 3 2 30
R MEM 3 6 30
R MEM 0 2 30
R MEM 0 6 30
R MEM 1 2 30
R MEM 1 6 30
R MEM 2 2 30
R MEM 2 6 30
R MEM 3 2 30
R MEM 3 6 30
R MEM 0 2 31
R MEM 0 6 31
R MEM 1 2 31
R MEM 1 6 31
R MEM 2 2 31
R MEM 2 6 31
R MEM 3 2 31
R MEM 3 6 31
R MEM 0 2 31
R MEM 0 6 31
R MEM 1 2 31
R MEM 1 6 31
R MEM 2 2 31
R MEM 2 6 31
R MEM 3 2 31
R MEM 3 6 31
R MEM 0 2 31
R MEM 0 6 31
R MEM 1 2 31
R MEM 1 6 31
R MEM 2 2 31
R MEM 2 6 31
R MEM 3 2 31
R MEM 3 6 31
R MEM 0 2 31
R MEM 0 6 31
R MEM 1 2 31
R MEM 1 6 31
R MEM 2 2 31
R MEM 2 6 31
R MEM 3 2 31
R MEM 3 6 31
R MEM 0 2 31
R MEM 0 6 31
R MEM 1 2 31
R MEM 1 6 31
R MEM 2 2 31
R MEM 2 6 31
R MEM 3 2 31
R MEM 3 6 31
R MEM 0 2 31
R MEM 0 6 31
R MEM 1 2 31
R MEM 1 6 31
R MEM 2 2 31
R MEM 2 6 31
R MEM 3 2 31
R MEM 3 6 31
R MEM 0 2 31
R MEM 0 6 31
R MEM 1 2 31
R MEM 1 6 31
R MEM 2 2 31
R MEM 2 6 31
R MEM 3 2 31
R MEM 3 6 31
R MEM 0 2 31
R MEM 0 6 31
R MEM 1 2 31
R MEM 1 6 31
R MEM 2 2 31
R MEM 2 6 31
R MEM 3 2 31
R MEM 3 6 31
R MEM 0 2 31
R MEM 0 6 31
R MEM 1 2 31
R MEM 1 6 31
R MEM 2 2 31
R MEM 2 6 31
R MEM 3 2 31
R MEM 3 6 31
R MEM 0 2 31
R MEM 0 6 31
R MEM 1 2 31
R MEM 1 6 31
R MEM 2 2 31
R MEM 2 6 31
R MEM 3 2 31
R MEM 3 6 31
R MEM 0 2 31
R MEM 0 6 31
R MEM 1 2 31
R MEM 1 6 31
R MEM 2 2 31
R MEM 2 6 31
R MEM 3 2 31
R MEM 3 6 31
R MEM 0 2 31
R MEM 0 6 31
R MEM 1 2 31
R MEM 1 6 31
R MEM 2 2 31
R MEM 2 6 31
R MEM 3 2 31
R MEM 3 6 31
R MEM 0 2 31
R MEM 0 6 31
R MEM 1 2 31
R MEM 1 6 31
R MEM 2 2 31
R MEM 2 6 31
R MEM 3 2 31
R MEM 3 6 31
R MEM 0 2 31
R MEM 0 6 31
R MEM 1 2 31
R MEM 1 6 31
R MEM 2 2 31
R MEM 2 6 31
R MEM 3 2 31
R MEM 3 6 31
R MEM 0 2 31
R MEM 0 6 31
R MEM 1 2 31
R MEM 1 6 31
R MEM 2 2 31
R MEM 2 6 31
R MEM 3 2 31
R MEM 3 6 31
R MEM 0 2 31
R MEM 0 6 31
R MEM 1 2 31
R MEM 1 6 31
R MEM 2 2 31
R MEM 2 6 31
R MEM 3 2 31
R MEM 3 6 31
R MEM 0 2 32
R MEM 0 6 32
R MEM 1 2 32
R MEM 1 6 32
R MEM 2 2 32
R MEM 2 6 32
R MEM 3 2 32
R MEM 3 6 32
R MEM 0 2 32
R MEM 0 6 32
R MEM 1 2 32
R MEM 1 6 32
R MEM 2 2 32
R MEM 2 6 32
R MEM 3 2 32
R MEM 3 6 32
R MEM 0 2 32
R MEM 0 6 32
R MEM 1 2 32
R MEM 1 6 32
R MEM 2 2 32
R MEM 2 6 32
R MEM 3 2 32
R MEM 3 6 32
R MEM 0 2 32
R MEM 0 6 32
R MEM 1 2 32
R MEM 1 6 32
R MEM 2 2 32
R MEM 2 6 32
R MEM 3 2 32
R MEM 3 6 32
R MEM 0 2 32
R MEM 0 6 32
R MEM 1 2 32
R MEM 1 6 32
R MEM 2 2 32
R MEM 2 6 32
R MEM 3 2 32
R MEM 3 6 32
R MEM 0 2 32
R MEM 0 6 32
R MEM 1 2 32
R MEM 1 6 32
R MEM 2 2 32
R MEM 2 6 32
R MEM 3 2 32
R MEM 3 6 32
R MEM 0 2 32
R MEM 0 6 32
R MEM 1 2 32
R MEM 1 6 32
R MEM 2 2 32
R MEM 2 6 32
R MEM 3 2 32
R MEM 3 6 32
R MEM 0 2 32
R MEM 0 6 32
R MEM 1 2 32
R MEM 1 6 32
R MEM 2 2 32
R MEM 2 6 32
R MEM 3 2 32
R MEM 3 6 32
R MEM 0 2 32
R MEM 0 6 32
R MEM 1 2 32
R MEM 1 6 32
R MEM 2 2 32
R MEM 2 6 32
R MEM 3 2 32
R MEM 3 6 32
R MEM 0 2 32
R MEM 0 6 32
R MEM 1 2 32
R MEM 1 6 32
R MEM 2 2 32
R MEM 2 6 32
R MEM 3 2 32
R MEM 3 6 32
R MEM 0 2 32
R MEM 0 6 32
R MEM 1 2 32
R MEM 1 6 32
R MEM 2 2 32
R MEM 2 6 32
R MEM 3 2 32
R MEM 3 6 32
R MEM 0 2 32
R MEM 0 6 32
R MEM 1 2 32
R MEM 1 6 32
R MEM 2 2 32
R MEM 2 6 32
R MEM 3 2 32
R MEM 3 6 32
R MEM 0 2 32
R MEM 0 6 32
R MEM 1 2 32
R MEM 1 6 32
R MEM 2 2 32
R MEM 2 6 32
R MEM 3 2 32
R MEM 3 6 32
R MEM 0 2 32
R MEM 0 6 32
R MEM 1 2 32
R MEM 1 6 32
R MEM 2 2 32
R MEM 2 6 32
R MEM 3 2 32
R MEM 3 6 32
R MEM 0 2 32
R MEM 0 6 32
R MEM 1 2 32
R MEM 1 6 32
R MEM 2 2 32
R MEM 2 6 32
R MEM 3 2 32
R MEM 3 6 32
R MEM 0 2 32
R MEM 0 6 32
R MEM 1 2 32
R MEM 1 6 32
R MEM 2 2 32
R MEM 2 6 32
R MEM 3 2 32
R MEM 3 6 32
R MEM 0 2 33
R MEM 0 6 33
R MEM 1 2 33
R MEM 1 6 33
R MEM 2 2 33
R MEM 2 6 33
R MEM 3 2 33
R MEM 3 6 33
R MEM 0 2 33
R MEM 0 6 33
R MEM 1 2 33
R MEM 1 6 33
R MEM 2 2 33
R MEM 2 6 33
R MEM 3 2 33
R MEM 3 6 33
R MEM 0 2 33
R MEM 0 6 33
R MEM 1 2 33
R MEM 1 6 33
R MEM 2 2 33
R MEM 2 6 33
R MEM 3 2 33
R MEM 3 6 33
R MEM 0 2 33
R MEM 0 6 33
R MEM 1 2 33
R MEM 1 6 33
R MEM 2 2 33
R MEM 2 6 33
R MEM 3 2 33
R MEM 3 6 33
R MEM 0 2 33
R MEM 0 6 33
R MEM 1 2 33
R MEM 1 6 33
R MEM 2 2 33
R MEM 2 6 33
R MEM 3 2 33
R MEM 3 6 33
R MEM 0 2 33
R MEM 0 6 33
R MEM 1 2 33
R MEM 1 6 33
R MEM 2 2 33
R MEM 2 6 33
R MEM 3 2 33
R MEM 3 6 33
R MEM 0 2 33
R MEM 0 6 33
R MEM 1 2 33
R MEM 1 6 33
R MEM 2 2 33
R MEM 2 6 33
R MEM 3 2 33
R MEM 3 6 33
R MEM 0 2 33
R MEM 0 6 33
R MEM 1 2 33
R MEM 1 6 33
R MEM 2 2 33
R MEM 2 6 33
R MEM 3 2 33
R MEM 3 6 33
R MEM 0 2 33
R MEM 0 6 33
R MEM 1 2 33
R MEM 1 6 33
R MEM 2 2 33
R MEM 2 6 33
R MEM 3 2 33
R MEM 3 6 33
R MEM 0 2 33
R MEM 0 6 33
R MEM 1 2 33
R MEM 1 6 33
R MEM 2 2 33
R MEM 2 6 33
R MEM 3 2 33
R MEM 3 6 33
R MEM 0 2 33
R MEM 0 6 33
R MEM 1 2 33
R MEM 1 6 33
R MEM 2 2 33
R MEM 2 6 33
R MEM 3 2 33
R MEM 3 6 33
R MEM 0 2 33
R MEM 0 6 33
R MEM 1 2 33
R MEM 1 6 33
R MEM 2 2 33
R MEM 2 6 33
R MEM 3 2 33
R MEM 3 6 33
R MEM 0 2 33
R MEM 0 6 33
R MEM 1 2 33
R MEM 1 6 33
R MEM 2 2 33
R MEM 2 6 33
R MEM 3 2 33
R MEM 3 6 33
R MEM 0 2 33
R MEM 0 6 33
R MEM 1 2 33
R MEM 1 6 33
R MEM 2 2 33
R MEM 2 6 33
R MEM 3 2 33
R MEM 3 6 33
R MEM 0 2 33
R MEM 0 6 33
R MEM 1 2 33
R MEM 1 6 33
R MEM 2 2 33
R MEM 2 6 33
R MEM 3 2 33
R MEM 3 6 33
R MEM 0 2 33
R MEM 0 6 33
R MEM 1 2 33
R MEM 1 6 33
R MEM 2 2 33
R MEM 2 6 33
R MEM 3 2 33
R MEM 3 6 33
R MEM 0 2 34
R MEM 0 6 34
R MEM 1 2 34
R MEM 1 6 34
R MEM 2 2 34
R MEM 2 6 34
R MEM 3 2 34
R MEM 3 6 34
R MEM 0 2 34
R MEM 0 6 34
R MEM 1 2 34
R MEM 1 6 34
R MEM 2 2 34
R MEM 2 6 34
R MEM 3 2 34
R MEM 3 6 34
R MEM 0 2 34
R MEM 0 6 34
R MEM 1 2 34
R MEM 1 6 34
R MEM 2 2 34
R MEM 2 6 34
R MEM 3 2 34
R MEM 3 6 34
R MEM 0 2 34
R MEM 0 6 34
R MEM 1 2 34
R MEM 1 6 34
R MEM 2 2 34
R MEM 2 6 34
R MEM 3 2 34
R MEM 3 6 34
R MEM 0 2 34
R MEM 0 6 34
R MEM 1 2 34
R MEM 1 6 34
R MEM 2 2 34
R MEM 2 6 34
R MEM 3 2 34
R MEM 3 6 34
R MEM 0 2 34
R MEM 0 6 34
R MEM 1 2 34
R MEM 1 6 34
R MEM 2 2 34
R MEM 2 6 34
R MEM 3 2 34
R MEM 3 6 34
R MEM 0 2 34
R MEM 0 6 34
R MEM 1 2 34
R MEM 1 6 34
R MEM 2 2 34
R MEM 2 6 34
R MEM 3 2 34
R MEM 3 6 34
R MEM 0 2 34
R MEM 0 6 34
R MEM 1 2 34
R MEM 1 6 34
R MEM 2 2 34
R MEM 2 6 34
R MEM 3 2 34
R MEM 3 6 34
R MEM 0 2 34
R MEM 0 6 34
R MEM 1 2 34
R MEM 1 6 34
R MEM 2 2 34
R MEM 2 6 34
R MEM 3 2 34
R MEM 3 6 34
R MEM 0 2 34
R MEM 0 6 34
R MEM 1 2 34
R MEM 1 6 34
R MEM 2 2 34
R MEM 2 6 34
R MEM 3 2 34
R MEM 3 6 34
R MEM 0 2 34
R MEM 0 6 34
R MEM 1 2 34
R MEM 1 6 34
R MEM 2 2 34
R MEM 2 6 34
R MEM 3 2 34
R MEM 3 6 34
R MEM 0 2 34
R MEM 0 6 34
R MEM 1 2 34
R MEM 1 6 34
R MEM 2 2 34
R MEM 2 6 34
R MEM 3 2 34
R MEM 3 6 34
R MEM 0 2 34
R MEM 0 6 34
R MEM 1 2 34
R MEM 1 6 34
R MEM 2 2 34
R MEM 2 6 34
R MEM 3 2 34
R MEM 3 6 34
R MEM 0 2 34
R MEM 0 6 34
R MEM 1 2 34
R MEM 1 6 34
R MEM 2 2 34
R MEM 2 6 34
R MEM 3 2 34
R MEM 3 6 34
R MEM 0 2 34
R MEM 0 6 34
R MEM 1 2 34
R MEM 1 6 34
R MEM 2 2 34
R MEM 2 6 34
R MEM 3 2 34
R MEM 3 6 34
R MEM 0 2 34
R MEM 0 6 34
R MEM 1 2 34
R MEM 1 6 34
R MEM 2 2 34
R MEM 2 6 34
R MEM 3 2 34
R MEM 3 6 34
R MEM 0 2 35
R MEM 0 6 35
R MEM 1 2 35
R MEM 1 6 35
R MEM 2 2 35
R MEM 2 6 35
R MEM 3 2 35
R MEM 3 6 35
R MEM 0 2 35
R MEM 0 6 35
R MEM 1 2 35
R MEM 1 6 35
R MEM 2 2 35
R MEM 2 6 35
R MEM 3 2 35
R MEM 3 6 35
R MEM 0 2 35
R MEM 0 6 35
R MEM 1 2 35
R MEM 1 6 35
R MEM 2 2 35
R MEM 2 6 35
R MEM 3 2 35
R MEM 3 6 35
R MEM 0 2 35
R MEM 0 6 35
R MEM 1 2 35
R MEM 1 6 35
R MEM 2 2 35
R MEM 2 6 35
R MEM 3 2 35
R MEM 3 6 35
R MEM 0 2 35
R MEM 0 6 35
R MEM 1 2 35
R MEM 1 6 35
R MEM 2 2 35
R MEM 2 6 35
R MEM 3 2 35
R MEM 3 6 35
R MEM 0 2 35
R MEM 0 6 35
R MEM 1 2 35
R MEM 1 6 35
R MEM 2 2 35
R MEM 2 6 35
R MEM 3 2 35
R MEM 3 6 35
R MEM 0 2 35
R MEM 0 6 35
R MEM 1 2 35
R MEM 1 6 35
R MEM 2 2 35
R MEM 2 6 35
R MEM 3 2 35
R MEM 3 6 35
R MEM 0 2 35
R MEM 0 6 35
R MEM 1 2 35
R MEM 1 6 35
R MEM 2 2 35
R MEM 2 6 35
R MEM 3 2 35
R MEM 3 6 35
R MEM 0 2 35
R MEM 0 6 35
R MEM 1 2 35
R MEM 1 6 35
R MEM 2 2 35
R MEM 2 6 35
R MEM 3 2 35
R MEM 3 6 35
R MEM 0 2 35
R MEM 0 6 35
R MEM 1 2 35
R MEM 1 6 35
R MEM 2 2 35
R MEM 2 6 35
R MEM 3 2 35
R MEM 3 6 35
R MEM 0 2 35
R MEM 0 6 35
R MEM 1 2 35
R MEM 1 6 35
R MEM 2 2 35
R MEM 2 6 35
R MEM 3 2 35
R MEM 3 6 35
R MEM 0 2 35
R MEM 0 6 35
R MEM 1 2 35
R MEM 1 6 35
R MEM 2 2 35
R MEM 2 6 35
R MEM 3 2 35
R MEM 3 6 35
R MEM 0 2 35
R MEM 0 6 35
R MEM 1 2 35
R MEM 1 6 35
R MEM 2 2 35
R MEM 2 6 35
R MEM 3 2 35
R MEM 3 6 35
R MEM 0 2 35
R MEM 0 6 35
R MEM 1 2 35
R MEM 1 6 35
R MEM 2 2 35
R MEM 2 6 35
R MEM 3 2 35
R MEM 3 6 35
R MEM 0 2 35
R MEM 0 6 35
R MEM 1 2 35
R MEM 1 6 35
R MEM 2 2 35
R MEM 2 6 35
R MEM 3 2 35
R MEM 3 6 35
R MEM 0 2 35
R MEM 0 6 35
R MEM 1 2 35
R MEM 1 6 35
R MEM 2 2 35
R MEM 2 6 35
R MEM 3 2 35
R MEM 3 6 35
R MEM 0 2 36
R MEM 0 6 36
R MEM 1 2 36
R MEM 1 6 36
R MEM 2 2 36
R MEM 2 6 36
R MEM 3 2 36
R MEM 3 6 36
R MEM 0 2 36
R MEM 0 6 36
R MEM 1 2 36
R MEM 1 6 36
R MEM 2 2 36
R MEM 2 6 36
R MEM 3 2 36
R MEM 3 6 36
R MEM 0 2 36
R MEM 0 6 36
R MEM 1 2 36
R MEM 1 6 36
R MEM 2 2 36
R MEM 2 6 36
R MEM 3 2 36
R MEM 3 6 36
R MEM 0 2 36
R MEM 0 6 36
R MEM 1 2 36
R MEM 1 6 36
R MEM 2 2 36
R MEM 2 6 36
R MEM 3 2 36
R MEM 3 6 36
R MEM 0 2 36
R MEM 0 6 36
R MEM 1 2 36
R MEM 1 6 36
R MEM 2 2 36
R MEM 2 6 36
R MEM 3 2 36
R MEM 3 6 36
R MEM 0 2 36
R MEM 0 6 36
R MEM 1 2 36
R MEM 1 6 36
R MEM 2 2 36
R MEM 2 6 36
R MEM 3 2 36
R MEM 3 6 36
R MEM 0 2 36
R MEM 0 6 36
R MEM 1 2 36
R MEM 1 6 36
R MEM 2 2 36
R MEM 2 6 36
R MEM 3 2 36
R MEM 3 6 36
R MEM 0 2 36
R MEM 0 6 36
R MEM 1 2 36
R MEM 1 6 36
R MEM 2 2 36
R MEM 2 6 36
R MEM 3 2 36
R MEM 3 6 36
R MEM 0 2 36
R MEM 0 6 36
R MEM 1 2 36
R MEM 1 6 36
R MEM 2 2 36
R MEM 2 6 36
R MEM 3 2 36
R MEM 3 6 36
R MEM 0 2 36
R MEM 0 6 36
R MEM 1 2 36
R MEM 1 6 36
R MEM 2 2 36
R MEM 2 6 36
R MEM 3 2 36
R MEM 3 6 36
R MEM 0 2 36
R MEM 0 6 36
R MEM 1 2 36
R MEM 1 6 36
R MEM 2 2 36
R MEM 2 6 36
R MEM 3 2 36
R MEM 3 6 36
R MEM 0 2 36
R MEM 0 6 36
R MEM 1 2 36
R MEM 1 6 36
R MEM 2 2 36
R MEM 2 6 36
R MEM 3 2 36
R MEM 3 6 36
R MEM 0 2 36
R MEM 0 6 36
R MEM 1 2 36
R MEM 1 6 36
R MEM 2 2 36
R MEM 2 6 36
R MEM 3 2 36
R MEM 3 6 36
R MEM 0 2 36
R MEM 0 6 36
R MEM 1 2 36
R MEM 1 6 36
R MEM 2 2 36
R MEM 2 6 36
R MEM 3 2 36
R MEM 3 6 36
R MEM 0 2 36
R MEM 0 6 36
R MEM 1 2 36
R MEM 1 6 36
R MEM 2 2 36
R MEM 2 6 36
R MEM 3 2 36
R MEM 3 6 36
R MEM 0 2 36
R MEM 0 6 36
R MEM 1 2 36
R MEM 1 6 36
R MEM 2 2 36
R MEM 2 6 36
R MEM 3 2 36
R MEM 3 6 36
AiM EOC
