[run-gpu] tasks=4 warmup=3 iters=10 device=cuda dtype=bf16 batch=1 segment_scope=layer
[run-gpu] extra weight_load_s=0.267700s (will be added in merge)
[run-gpu] GPU[0] NVIDIA A100-PCIE-40GB; SM=108, CC=8.0
[run-gpu] nvidia-smi -L: GPU 0: NVIDIA A100-PCIE-40GB (UUID: GPU-d9e583db-d970-f6cd-7563-aefa55d156db)
[run-gpu] nvidia-smi query: NVIDIA A100-PCIE-40GB, GPU-d9e583db-d970-f6cd-7563-aefa55d156db, 560.35.03, 40960
[run-gpu][debug] torch_default_dtype=torch.float32
[run-gpu][debug] torch.backends.cuda.matmul.allow_tf32=False
[run-gpu][debug] cudnn.enabled=True benchmark=False deterministic=False allow_tf32=True
[run-gpu][debug] nvidia-smi snapshot: 0, 0, 0, 4, 40960, 32, 34.65, 250.00
========================================================================================
[gpu-debug] segment_key=npu|decode|0|2ef4409498d14c672a4fbbfe6786cce6
[gpu-debug] sig: device_type=npu phase=decode step=0 (count_hint=32)
[gpu-debug] ops_repr: LN:-1,Add:-1,LN:-1,FFN_W1:0,FFN_W3:0,FFN_W1:1,FFN_W3:1,SwiGLU:0,SwiGLU:1,FFN_W2:0,FFN_W2:1,Add:-1
[gpu-debug] cfg: device=cuda dtype=torch.bfloat16 batch=1 dim=4096 ffn_dim=11008 n_heads=32 shards=2
[gpu-debug] op plan (with inferred tensor shapes):
  - op#00  op=LN       shard=-1  x=[1x1x4096] + w=[4096]  ->  y=[1x1x4096]  (T=1, K=1025)
  - op#01  op=Add      shard=-1  a=[1x1x4096] + b=[1x1x4096]  ->  y=[1x1x4096]  (T=1, K=1025)
  - op#02  op=LN       shard=-1  x=[1x1x4096] + w=[4096]  ->  y=[1x1x4096]  (T=1, K=1025)
  - op#03  op=FFN_W1   shard=0   x=[1x1x4096] + w=[5504x4096]  ->  y=[1x1x5504]  (T=1, K=1025)
  - op#04  op=FFN_W3   shard=0   x=[1x1x4096] + w=[5504x4096]  ->  y=[1x1x5504]  (T=1, K=1025)
  - op#05  op=FFN_W1   shard=1   x=[1x1x4096] + w=[5504x4096]  ->  y=[1x1x5504]  (T=1, K=1025)
  - op#06  op=FFN_W3   shard=1   x=[1x1x4096] + w=[5504x4096]  ->  y=[1x1x5504]  (T=1, K=1025)
  - op#07  op=SwiGLU   shard=0   a=[1x1x5504] + b=[1x1x5504]  ->  y=[1x1x5504]  (T=1, K=1025)
  - op#08  op=SwiGLU   shard=1   a=[1x1x5504] + b=[1x1x5504]  ->  y=[1x1x5504]  (T=1, K=1025)
  - op#09  op=FFN_W2   shard=0   x=[1x1x5504] + w=[4096x5504]  ->  y=[1x1x4096]  (T=1, K=1025)
  - op#10  op=FFN_W2   shard=1   x=[1x1x5504] + w=[4096x5504]  ->  y=[1x1x4096]  (T=1, K=1025)
  - op#11  op=Add      shard=-1  a=[1x1x4096] + b=[1x1x4096]  ->  y=[1x1x4096]  (T=1, K=1025)
[gpu-debug] per-op timing breakdown (avg over iters):
  idx  op       sh  io                                                    time   est_flops    TFLOPs       bytes      GB/s
  ------------------------------------------------------------------------------------------------------------------------
    0  LN       -1  x[1x1x4096]+w[4096]->y[1x1x4096]                    0.071ms    20.480 K      0.00   24.00 KiB      0.35
    1  Add      -1  a[1x1x4096]+b[1x1x4096]->y[1x1x4096]                0.017ms     4.096 K      0.00   24.00 KiB      1.45
    2  LN       -1  x[1x1x4096]+w[4096]->y[1x1x4096]                    0.058ms    20.480 K      0.00   24.00 KiB      0.42
    3  FFN_W1    0  x[1x1x4096]+w[5504x4096]->y[1x1x5504]               0.066ms    45.089 M      0.68   43.02 MiB    685.08
    4  FFN_W3    0  x[1x1x4096]+w[5504x4096]->y[1x1x5504]               0.045ms    45.089 M      1.01   43.02 MiB   1012.66
    5  FFN_W1    1  x[1x1x4096]+w[5504x4096]->y[1x1x5504]               0.045ms    45.089 M      1.00   43.02 MiB   1001.15
    6  FFN_W3    1  x[1x1x4096]+w[5504x4096]->y[1x1x5504]               0.044ms    45.089 M      1.02   43.02 MiB   1022.06
    7  SwiGLU    0  a[1x1x5504]+b[1x1x5504]->y[1x1x5504]                0.013ms    33.024 K      0.00   32.25 KiB      2.54
    8  SwiGLU    1  a[1x1x5504]+b[1x1x5504]->y[1x1x5504]                0.012ms    33.024 K      0.00   32.25 KiB      2.67
    9  FFN_W2    0  x[1x1x5504]+w[4096x5504]->y[1x1x4096]               0.048ms    45.089 M      0.94   43.02 MiB    939.25
   10  FFN_W2    1  x[1x1x5504]+w[4096x5504]->y[1x1x4096]               0.046ms    45.089 M      0.98   43.02 MiB    976.74
   11  Add      -1  a[1x1x4096]+b[1x1x4096]->y[1x1x4096]                0.009ms     4.096 K      0.00   24.00 KiB      2.82
[gpu-debug] segment avg latency (cuda_events): 0.351 ms
[gpu-debug] sum(per-op)               : 0.474 ms (ratio=1.348)
[gpu-debug] NOTE: sum(per-op) may differ from segment latency due to Python overhead, event/launch overhead, and allocator/cache effects.
[gpu-debug] cuda mem before warmup: alloc=0 B reserved=0 B
[gpu-debug] cuda mem after warmup : alloc=272.15 MiB reserved=286.00 MiB
[gpu-debug] cuda mem peak (this segment): max_alloc=272.17 MiB max_reserved=286.00 MiB
========================================================================================
[gpu-debug] segment_key=npu|decode|1|2ef4409498d14c672a4fbbfe6786cce6
[gpu-debug] sig: device_type=npu phase=decode step=1 (count_hint=32)
[gpu-debug] ops_repr: LN:-1,Add:-1,LN:-1,FFN_W1:0,FFN_W3:0,FFN_W1:1,FFN_W3:1,SwiGLU:0,SwiGLU:1,FFN_W2:0,FFN_W2:1,Add:-1
[gpu-debug] cfg: device=cuda dtype=torch.bfloat16 batch=1 dim=4096 ffn_dim=11008 n_heads=32 shards=2
[gpu-debug] op plan (with inferred tensor shapes):
  - op#00  op=LN       shard=-1  x=[1x1x4096] + w=[4096]  ->  y=[1x1x4096]  (T=1, K=1026)
  - op#01  op=Add      shard=-1  a=[1x1x4096] + b=[1x1x4096]  ->  y=[1x1x4096]  (T=1, K=1026)
  - op#02  op=LN       shard=-1  x=[1x1x4096] + w=[4096]  ->  y=[1x1x4096]  (T=1, K=1026)
  - op#03  op=FFN_W1   shard=0   x=[1x1x4096] + w=[5504x4096]  ->  y=[1x1x5504]  (T=1, K=1026)
  - op#04  op=FFN_W3   shard=0   x=[1x1x4096] + w=[5504x4096]  ->  y=[1x1x5504]  (T=1, K=1026)
  - op#05  op=FFN_W1   shard=1   x=[1x1x4096] + w=[5504x4096]  ->  y=[1x1x5504]  (T=1, K=1026)
  - op#06  op=FFN_W3   shard=1   x=[1x1x4096] + w=[5504x4096]  ->  y=[1x1x5504]  (T=1, K=1026)
  - op#07  op=SwiGLU   shard=0   a=[1x1x5504] + b=[1x1x5504]  ->  y=[1x1x5504]  (T=1, K=1026)
  - op#08  op=SwiGLU   shard=1   a=[1x1x5504] + b=[1x1x5504]  ->  y=[1x1x5504]  (T=1, K=1026)
  - op#09  op=FFN_W2   shard=0   x=[1x1x5504] + w=[4096x5504]  ->  y=[1x1x4096]  (T=1, K=1026)
  - op#10  op=FFN_W2   shard=1   x=[1x1x5504] + w=[4096x5504]  ->  y=[1x1x4096]  (T=1, K=1026)
  - op#11  op=Add      shard=-1  a=[1x1x4096] + b=[1x1x4096]  ->  y=[1x1x4096]  (T=1, K=1026)
[gpu-debug] per-op timing breakdown (avg over iters):
  idx  op       sh  io                                                    time   est_flops    TFLOPs       bytes      GB/s
  ------------------------------------------------------------------------------------------------------------------------
    0  LN       -1  x[1x1x4096]+w[4096]->y[1x1x4096]                    0.069ms    20.480 K      0.00   24.00 KiB      0.36
    1  Add      -1  a[1x1x4096]+b[1x1x4096]->y[1x1x4096]                0.018ms     4.096 K      0.00   24.00 KiB      1.40
    2  LN       -1  x[1x1x4096]+w[4096]->y[1x1x4096]                    0.058ms    20.480 K      0.00   24.00 KiB      0.42
    3  FFN_W1    0  x[1x1x4096]+w[5504x4096]->y[1x1x5504]               0.065ms    45.089 M      0.69   43.02 MiB    689.37
    4  FFN_W3    0  x[1x1x4096]+w[5504x4096]->y[1x1x5504]               0.045ms    45.089 M      1.01   43.02 MiB   1008.03
    5  FFN_W1    1  x[1x1x4096]+w[5504x4096]->y[1x1x5504]               0.045ms    45.089 M      1.01   43.02 MiB   1005.72
    6  FFN_W3    1  x[1x1x4096]+w[5504x4096]->y[1x1x5504]               0.044ms    45.089 M      1.02   43.02 MiB   1017.34
    7  SwiGLU    0  a[1x1x5504]+b[1x1x5504]->y[1x1x5504]                0.013ms    33.024 K      0.00   32.25 KiB      2.54
    8  SwiGLU    1  a[1x1x5504]+b[1x1x5504]->y[1x1x5504]                0.013ms    33.024 K      0.00   32.25 KiB      2.62
    9  FFN_W2    0  x[1x1x5504]+w[4096x5504]->y[1x1x4096]               0.047ms    45.089 M      0.96   43.02 MiB    955.55
   10  FFN_W2    1  x[1x1x5504]+w[4096x5504]->y[1x1x4096]               0.046ms    45.089 M      0.97   43.02 MiB    974.57
   11  Add      -1  a[1x1x4096]+b[1x1x4096]->y[1x1x4096]                0.008ms     4.096 K      0.00   24.00 KiB      2.93
[gpu-debug] segment avg latency (cuda_events): 0.349 ms
[gpu-debug] sum(per-op)               : 0.471 ms (ratio=1.351)
[gpu-debug] NOTE: sum(per-op) may differ from segment latency due to Python overhead, event/launch overhead, and allocator/cache effects.
[gpu-debug] cuda mem before warmup: alloc=272.15 MiB reserved=286.00 MiB
[gpu-debug] cuda mem after warmup : alloc=272.15 MiB reserved=286.00 MiB
[gpu-debug] cuda mem peak (this segment): max_alloc=272.17 MiB max_reserved=286.00 MiB
========================================================================================
[gpu-debug] segment_key=npu|decode|2|2ef4409498d14c672a4fbbfe6786cce6
[gpu-debug] sig: device_type=npu phase=decode step=2 (count_hint=32)
[gpu-debug] ops_repr: LN:-1,Add:-1,LN:-1,FFN_W1:0,FFN_W3:0,FFN_W1:1,FFN_W3:1,SwiGLU:0,SwiGLU:1,FFN_W2:0,FFN_W2:1,Add:-1
[gpu-debug] cfg: device=cuda dtype=torch.bfloat16 batch=1 dim=4096 ffn_dim=11008 n_heads=32 shards=2
[gpu-debug] op plan (with inferred tensor shapes):
  - op#00  op=LN       shard=-1  x=[1x1x4096] + w=[4096]  ->  y=[1x1x4096]  (T=1, K=1088)
  - op#01  op=Add      shard=-1  a=[1x1x4096] + b=[1x1x4096]  ->  y=[1x1x4096]  (T=1, K=1088)
  - op#02  op=LN       shard=-1  x=[1x1x4096] + w=[4096]  ->  y=[1x1x4096]  (T=1, K=1088)
  - op#03  op=FFN_W1   shard=0   x=[1x1x4096] + w=[5504x4096]  ->  y=[1x1x5504]  (T=1, K=1088)
  - op#04  op=FFN_W3   shard=0   x=[1x1x4096] + w=[5504x4096]  ->  y=[1x1x5504]  (T=1, K=1088)
  - op#05  op=FFN_W1   shard=1   x=[1x1x4096] + w=[5504x4096]  ->  y=[1x1x5504]  (T=1, K=1088)
  - op#06  op=FFN_W3   shard=1   x=[1x1x4096] + w=[5504x4096]  ->  y=[1x1x5504]  (T=1, K=1088)
  - op#07  op=SwiGLU   shard=0   a=[1x1x5504] + b=[1x1x5504]  ->  y=[1x1x5504]  (T=1, K=1088)
  - op#08  op=SwiGLU   shard=1   a=[1x1x5504] + b=[1x1x5504]  ->  y=[1x1x5504]  (T=1, K=1088)
  - op#09  op=FFN_W2   shard=0   x=[1x1x5504] + w=[4096x5504]  ->  y=[1x1x4096]  (T=1, K=1088)
  - op#10  op=FFN_W2   shard=1   x=[1x1x5504] + w=[4096x5504]  ->  y=[1x1x4096]  (T=1, K=1088)
  - op#11  op=Add      shard=-1  a=[1x1x4096] + b=[1x1x4096]  ->  y=[1x1x4096]  (T=1, K=1088)
[gpu-debug] per-op timing breakdown (avg over iters):
  idx  op       sh  io                                                    time   est_flops    TFLOPs       bytes      GB/s
  ------------------------------------------------------------------------------------------------------------------------
    0  LN       -1  x[1x1x4096]+w[4096]->y[1x1x4096]                    0.070ms    20.480 K      0.00   24.00 KiB      0.35
    1  Add      -1  a[1x1x4096]+b[1x1x4096]->y[1x1x4096]                0.017ms     4.096 K      0.00   24.00 KiB      1.47
    2  LN       -1  x[1x1x4096]+w[4096]->y[1x1x4096]                    0.058ms    20.480 K      0.00   24.00 KiB      0.43
    3  FFN_W1    0  x[1x1x4096]+w[5504x4096]->y[1x1x5504]               0.065ms    45.089 M      0.69   43.02 MiB    693.71
    4  FFN_W3    0  x[1x1x4096]+w[5504x4096]->y[1x1x5504]               0.045ms    45.089 M      1.01   43.02 MiB   1010.34
    5  FFN_W1    1  x[1x1x4096]+w[5504x4096]->y[1x1x5504]               0.044ms    45.089 M      1.01   43.02 MiB   1014.99
    6  FFN_W3    1  x[1x1x4096]+w[5504x4096]->y[1x1x5504]               0.044ms    45.089 M      1.02   43.02 MiB   1019.69
    7  SwiGLU    0  a[1x1x5504]+b[1x1x5504]->y[1x1x5504]                0.013ms    33.024 K      0.00   32.25 KiB      2.56
    8  SwiGLU    1  a[1x1x5504]+b[1x1x5504]->y[1x1x5504]                0.013ms    33.024 K      0.00   32.25 KiB      2.62
    9  FFN_W2    0  x[1x1x5504]+w[4096x5504]->y[1x1x4096]               0.046ms    45.089 M      0.97   43.02 MiB    972.42
   10  FFN_W2    1  x[1x1x5504]+w[4096x5504]->y[1x1x4096]               0.047ms    45.089 M      0.97   43.02 MiB    968.15
   11  Add      -1  a[1x1x4096]+b[1x1x4096]->y[1x1x4096]                0.009ms     4.096 K      0.00   24.00 KiB      2.82
[gpu-debug] segment avg latency (cuda_events): 0.346 ms
[gpu-debug] sum(per-op)               : 0.469 ms (ratio=1.357)
[gpu-debug] NOTE: sum(per-op) may differ from segment latency due to Python overhead, event/launch overhead, and allocator/cache effects.
[gpu-debug] cuda mem before warmup: alloc=272.15 MiB reserved=286.00 MiB
[gpu-debug] cuda mem after warmup : alloc=272.15 MiB reserved=286.00 MiB
[gpu-debug] cuda mem peak (this segment): max_alloc=272.17 MiB max_reserved=286.00 MiB
========================================================================================
[gpu-debug] segment_key=npu|prefill|-1|2ef4409498d14c672a4fbbfe6786cce6
[gpu-debug] sig: device_type=npu phase=prefill step=-1 (count_hint=32)
[gpu-debug] ops_repr: LN:-1,Add:-1,LN:-1,FFN_W1:0,FFN_W3:0,FFN_W1:1,FFN_W3:1,SwiGLU:0,SwiGLU:1,FFN_W2:0,FFN_W2:1,Add:-1
[gpu-debug] cfg: device=cuda dtype=torch.bfloat16 batch=1 dim=4096 ffn_dim=11008 n_heads=32 shards=2
[gpu-debug] op plan (with inferred tensor shapes):
  - op#00  op=LN       shard=-1  x=[1x1024x4096] + w=[4096]  ->  y=[1x1024x4096]  (T=1024, K=1024)
  - op#01  op=Add      shard=-1  a=[1x1024x4096] + b=[1x1024x4096]  ->  y=[1x1024x4096]  (T=1024, K=1024)
  - op#02  op=LN       shard=-1  x=[1x1024x4096] + w=[4096]  ->  y=[1x1024x4096]  (T=1024, K=1024)
  - op#03  op=FFN_W1   shard=0   x=[1x1024x4096] + w=[5504x4096]  ->  y=[1x1024x5504]  (T=1024, K=1024)
  - op#04  op=FFN_W3   shard=0   x=[1x1024x4096] + w=[5504x4096]  ->  y=[1x1024x5504]  (T=1024, K=1024)
  - op#05  op=FFN_W1   shard=1   x=[1x1024x4096] + w=[5504x4096]  ->  y=[1x1024x5504]  (T=1024, K=1024)
  - op#06  op=FFN_W3   shard=1   x=[1x1024x4096] + w=[5504x4096]  ->  y=[1x1024x5504]  (T=1024, K=1024)
  - op#07  op=SwiGLU   shard=0   a=[1x1024x5504] + b=[1x1024x5504]  ->  y=[1x1024x5504]  (T=1024, K=1024)
  - op#08  op=SwiGLU   shard=1   a=[1x1024x5504] + b=[1x1024x5504]  ->  y=[1x1024x5504]  (T=1024, K=1024)
  - op#09  op=FFN_W2   shard=0   x=[1x1024x5504] + w=[4096x5504]  ->  y=[1x1024x4096]  (T=1024, K=1024)
  - op#10  op=FFN_W2   shard=1   x=[1x1024x5504] + w=[4096x5504]  ->  y=[1x1024x4096]  (T=1024, K=1024)
  - op#11  op=Add      shard=-1  a=[1x1024x4096] + b=[1x1024x4096]  ->  y=[1x1024x4096]  (T=1024, K=1024)
[gpu-debug] per-op timing breakdown (avg over iters):
  idx  op       sh  io                                                    time   est_flops    TFLOPs       bytes      GB/s
  ------------------------------------------------------------------------------------------------------------------------
    0  LN       -1  x[1x1024x4096]+w[4096]->y[1x1024x4096]              0.103ms    20.972 M      0.20   16.01 MiB    162.62
    1  Add      -1  a[1x1024x4096]+b[1x1024x4096]->y[1x1024x4096]       0.014ms     4.194 M      0.29   24.00 MiB   1742.98
    2  LN       -1  x[1x1024x4096]+w[4096]->y[1x1024x4096]              0.092ms    20.972 M      0.23   16.01 MiB    181.93
    3  FFN_W1    0  x[1x1024x4096]+w[5504x4096]->y[1x1024x5504]         0.310ms    46.171 G    148.71   61.75 MiB    208.55
    4  FFN_W3    0  x[1x1024x4096]+w[5504x4096]->y[1x1024x5504]         0.310ms    46.171 G    149.15   61.75 MiB    209.17
    5  FFN_W1    1  x[1x1024x4096]+w[5504x4096]->y[1x1024x5504]         0.310ms    46.171 G    149.05   61.75 MiB    209.03
    6  FFN_W3    1  x[1x1024x4096]+w[5504x4096]->y[1x1024x5504]         0.310ms    46.171 G    148.91   61.75 MiB    208.82
    7  SwiGLU    0  a[1x1024x5504]+b[1x1024x5504]->y[1x1024x5504]       0.040ms    33.817 M      0.84   32.25 MiB    840.31
    8  SwiGLU    1  a[1x1024x5504]+b[1x1024x5504]->y[1x1024x5504]       0.041ms    33.817 M      0.83   32.25 MiB    827.67
    9  FFN_W2    0  x[1x1024x5504]+w[4096x5504]->y[1x1024x4096]         0.409ms    46.171 G    113.00   61.75 MiB    158.48
   10  FFN_W2    1  x[1x1024x5504]+w[4096x5504]->y[1x1024x4096]         0.407ms    46.171 G    113.32   61.75 MiB    158.91
   11  Add      -1  a[1x1024x4096]+b[1x1024x4096]->y[1x1024x4096]       0.017ms     4.194 M      0.25   24.00 MiB   1480.48
[gpu-debug] segment avg latency (cuda_events): 2.315 ms
[gpu-debug] sum(per-op)               : 2.364 ms (ratio=1.021)
[gpu-debug] NOTE: sum(per-op) may differ from segment latency due to Python overhead, event/launch overhead, and allocator/cache effects.
[gpu-debug] cuda mem before warmup: alloc=272.15 MiB reserved=286.00 MiB
[gpu-debug] cuda mem after warmup : alloc=290.90 MiB reserved=330.00 MiB
[gpu-debug] cuda mem peak (this segment): max_alloc=312.40 MiB max_reserved=330.00 MiB
  progress 4/4
