[run-gpu] tasks=11 warmup=3 iters=10 device=cuda dtype=bf16 batch=1 segment_scope=layer
[run-gpu] extra weight_load_s=0.400513s (will be added in merge)
[run-gpu] GPU[0] NVIDIA A100-PCIE-40GB; SM=108, CC=8.0
[run-gpu] nvidia-smi -L: GPU 0: NVIDIA A100-PCIE-40GB (UUID: GPU-3a25190b-6d42-bf4d-0f10-086a078d065c)
[run-gpu] nvidia-smi query: NVIDIA A100-PCIE-40GB, GPU-3a25190b-6d42-bf4d-0f10-086a078d065c, 560.35.03, 40960
[run-gpu][debug] torch_default_dtype=torch.float32
[run-gpu][debug] torch.backends.cuda.matmul.allow_tf32=False
[run-gpu][debug] cudnn.enabled=True benchmark=False deterministic=False allow_tf32=True
[run-gpu][debug] nvidia-smi snapshot: 0, 0, 0, 4, 40960, 28, 34.96, 250.00
========================================================================================
[gpu-debug] segment_key=npu|decode|0|2a5538c8f9df4db4add3d84eaac8c78a
[gpu-debug] sig: device_type=npu phase=decode step=0 (count_hint=1)
[gpu-debug] ops_repr: LN:-1,Q:0,K:0,Q:1,K:1,QK:0,QK:1,Softmax:0,Softmax:1,O:0,Add:-1,FFN_W3:0,FFN_W3:1,SwiGLU:0,Add:-1
[gpu-debug] cfg: device=cuda dtype=torch.bfloat16 batch=1 dim=4096 ffn_dim=11008 n_heads=32 shards=2
[gpu-debug] op plan (with inferred tensor shapes):
  - op#00  op=LN       shard=-1  x=[1x1x4096] + w=[4096]  ->  y=[1x1x4096]  (T=1, K=1025)
  - op#01  op=Q        shard=0   x=[1x1x4096] + w=[2048x4096]  ->  y=[1x1x2048]  (T=1, K=1025)
  - op#02  op=K        shard=0   x=[1x1x4096] + w=[2048x4096]  ->  y=[1x1x2048]  (T=1, K=1025)
  - op#03  op=Q        shard=1   x=[1x1x4096] + w=[2048x4096]  ->  y=[1x1x2048]  (T=1, K=1025)
  - op#04  op=K        shard=1   x=[1x1x4096] + w=[2048x4096]  ->  y=[1x1x2048]  (T=1, K=1025)
  - op#05  op=QK       shard=0   q=[1x16x1x128] + k=[1x16x128x1025]  ->  y=[1x16x1x1025]  (T=1, K=1025)
  - op#06  op=QK       shard=1   q=[1x16x1x128] + k=[1x16x128x1025]  ->  y=[1x16x1x1025]  (T=1, K=1025)
  - op#07  op=Softmax  shard=0   scores=[1x16x1x1025]  ->  y=[1x16x1x1025]  (T=1, K=1025)
  - op#08  op=Softmax  shard=1   scores=[1x16x1x1025]  ->  y=[1x16x1x1025]  (T=1, K=1025)
  - op#09  op=O        shard=0   x=[1x1x2048] + w=[4096x2048]  ->  y=[1x1x4096]  (T=1, K=1025)
  - op#10  op=Add      shard=-1  a=[1x1x4096] + b=[1x1x4096]  ->  y=[1x1x4096]  (T=1, K=1025)
  - op#11  op=FFN_W3   shard=0   x=[1x1x4096] + w=[5504x4096]  ->  y=[1x1x5504]  (T=1, K=1025)
  - op#12  op=FFN_W3   shard=1   x=[1x1x4096] + w=[5504x4096]  ->  y=[1x1x5504]  (T=1, K=1025)
  - op#13  op=SwiGLU   shard=0   a=[1x1x5504] + b=[1x1x5504]  ->  y=[1x1x5504]  (T=1, K=1025)
  - op#14  op=Add      shard=-1  a=[1x1x4096] + b=[1x1x4096]  ->  y=[1x1x4096]  (T=1, K=1025)
[gpu-debug] per-op timing breakdown (avg over iters):
  idx  op       sh  io                                                    time   est_flops    TFLOPs       bytes      GB/s
  ------------------------------------------------------------------------------------------------------------------------
    0  LN       -1  x[1x1x4096]+w[4096]->y[1x1x4096]                    0.072ms    20.480 K      0.00   24.00 KiB      0.34
    1  Q         0  x[1x1x4096]+w[2048x4096]->y[1x1x2048]               0.049ms    16.777 M      0.34   16.01 MiB    343.01
    2  K         0  x[1x1x4096]+w[2048x4096]->y[1x1x2048]               0.032ms    16.777 M      0.52   16.01 MiB    518.86
    3  Q         1  x[1x1x4096]+w[2048x4096]->y[1x1x2048]               0.029ms    16.777 M      0.57   16.01 MiB    569.31
    4  K         1  x[1x1x4096]+w[2048x4096]->y[1x1x2048]               0.030ms    16.777 M      0.56   16.01 MiB    565.38
    5  QK        0  q[1x16x1x128]+k[1x16x128x1025]->y[1x16x1x1025]      0.034ms     4.198 M      0.12    4.04 MiB    123.46
    6  QK        1  q[1x16x1x128]+k[1x16x128x1025]->y[1x16x1x1025]      0.041ms     4.198 M      0.10    4.04 MiB    104.45
    7  Softmax   0  scores[1x16x1x1025]->y[1x16x1x1025]                 0.025ms    82.000 K      0.00   64.06 KiB      2.64
    8  Softmax   1  scores[1x16x1x1025]->y[1x16x1x1025]                 0.016ms    82.000 K      0.01   64.06 KiB      4.00
    9  O         0  x[1x1x2048]+w[4096x2048]->y[1x1x4096]               0.039ms    16.777 M      0.44   16.01 MiB    436.06
   10  Add      -1  a[1x1x4096]+b[1x1x4096]->y[1x1x4096]                0.014ms     4.096 K      0.00   24.00 KiB      1.75
   11  FFN_W3    0  x[1x1x4096]+w[5504x4096]->y[1x1x5504]               0.058ms    45.089 M      0.78   43.02 MiB    775.54
   12  FFN_W3    1  x[1x1x4096]+w[5504x4096]->y[1x1x5504]               0.046ms    45.089 M      0.99   43.02 MiB    987.68
   13  SwiGLU    0  a[1x1x5504]+b[1x1x5504]->y[1x1x5504]                0.013ms    33.024 K      0.00   32.25 KiB      2.52
   14  Add      -1  a[1x1x4096]+b[1x1x4096]->y[1x1x4096]                0.008ms     4.096 K      0.00   24.00 KiB      3.16
[gpu-debug] segment avg latency (cuda_events): 0.323 ms
[gpu-debug] sum(per-op)               : 0.506 ms (ratio=1.566)
[gpu-debug] NOTE: sum(per-op) may differ from segment latency due to Python overhead, event/launch overhead, and allocator/cache effects.
[gpu-debug] cuda mem before warmup: alloc=0 B reserved=0 B
[gpu-debug] cuda mem after warmup : alloc=180.19 MiB reserved=190.00 MiB
[gpu-debug] cuda mem peak (this segment): max_alloc=180.26 MiB max_reserved=190.00 MiB
========================================================================================
[gpu-debug] segment_key=npu|decode|0|671eabfb3c980b3de830460630434eeb
[gpu-debug] sig: device_type=npu phase=decode step=0 (count_hint=31)
[gpu-debug] ops_repr: Q:0,K:0,Q:1,K:1,QK:0,QK:1,Softmax:0,Softmax:1,O:0,Add:-1,FFN_W3:0,FFN_W3:1,SwiGLU:0,Add:-1
[gpu-debug] cfg: device=cuda dtype=torch.bfloat16 batch=1 dim=4096 ffn_dim=11008 n_heads=32 shards=2
[gpu-debug] op plan (with inferred tensor shapes):
  - op#00  op=Q        shard=0   x=[1x1x4096] + w=[2048x4096]  ->  y=[1x1x2048]  (T=1, K=1025)
  - op#01  op=K        shard=0   x=[1x1x4096] + w=[2048x4096]  ->  y=[1x1x2048]  (T=1, K=1025)
  - op#02  op=Q        shard=1   x=[1x1x4096] + w=[2048x4096]  ->  y=[1x1x2048]  (T=1, K=1025)
  - op#03  op=K        shard=1   x=[1x1x4096] + w=[2048x4096]  ->  y=[1x1x2048]  (T=1, K=1025)
  - op#04  op=QK       shard=0   q=[1x16x1x128] + k=[1x16x128x1025]  ->  y=[1x16x1x1025]  (T=1, K=1025)
  - op#05  op=QK       shard=1   q=[1x16x1x128] + k=[1x16x128x1025]  ->  y=[1x16x1x1025]  (T=1, K=1025)
  - op#06  op=Softmax  shard=0   scores=[1x16x1x1025]  ->  y=[1x16x1x1025]  (T=1, K=1025)
  - op#07  op=Softmax  shard=1   scores=[1x16x1x1025]  ->  y=[1x16x1x1025]  (T=1, K=1025)
  - op#08  op=O        shard=0   x=[1x1x2048] + w=[4096x2048]  ->  y=[1x1x4096]  (T=1, K=1025)
  - op#09  op=Add      shard=-1  a=[1x1x4096] + b=[1x1x4096]  ->  y=[1x1x4096]  (T=1, K=1025)
  - op#10  op=FFN_W3   shard=0   x=[1x1x4096] + w=[5504x4096]  ->  y=[1x1x5504]  (T=1, K=1025)
  - op#11  op=FFN_W3   shard=1   x=[1x1x4096] + w=[5504x4096]  ->  y=[1x1x5504]  (T=1, K=1025)
  - op#12  op=SwiGLU   shard=0   a=[1x1x5504] + b=[1x1x5504]  ->  y=[1x1x5504]  (T=1, K=1025)
  - op#13  op=Add      shard=-1  a=[1x1x4096] + b=[1x1x4096]  ->  y=[1x1x4096]  (T=1, K=1025)
[gpu-debug] per-op timing breakdown (avg over iters):
  idx  op       sh  io                                                    time   est_flops    TFLOPs       bytes      GB/s
  ------------------------------------------------------------------------------------------------------------------------
    0  Q         0  x[1x1x4096]+w[2048x4096]->y[1x1x2048]               0.044ms    16.777 M      0.38   16.01 MiB    384.88
    1  K         0  x[1x1x4096]+w[2048x4096]->y[1x1x2048]               0.031ms    16.777 M      0.54   16.01 MiB    535.82
    2  Q         1  x[1x1x4096]+w[2048x4096]->y[1x1x2048]               0.029ms    16.777 M      0.58   16.01 MiB    579.36
    3  K         1  x[1x1x4096]+w[2048x4096]->y[1x1x2048]               0.029ms    16.777 M      0.58   16.01 MiB    583.49
    4  QK        0  q[1x16x1x128]+k[1x16x128x1025]->y[1x16x1x1025]      0.036ms     4.198 M      0.12    4.04 MiB    117.50
    5  QK        1  q[1x16x1x128]+k[1x16x128x1025]->y[1x16x1x1025]      0.041ms     4.198 M      0.10    4.04 MiB    103.40
    6  Softmax   0  scores[1x16x1x1025]->y[1x16x1x1025]                 0.024ms    82.000 K      0.00   64.06 KiB      2.77
    7  Softmax   1  scores[1x16x1x1025]->y[1x16x1x1025]                 0.016ms    82.000 K      0.01   64.06 KiB      4.11
    8  O         0  x[1x1x2048]+w[4096x2048]->y[1x1x4096]               0.037ms    16.777 M      0.45   16.01 MiB    450.44
    9  Add      -1  a[1x1x4096]+b[1x1x4096]->y[1x1x4096]                0.013ms     4.096 K      0.00   24.00 KiB      1.92
   10  FFN_W3    0  x[1x1x4096]+w[5504x4096]->y[1x1x5504]               0.058ms    45.089 M      0.78   43.02 MiB    783.82
   11  FFN_W3    1  x[1x1x4096]+w[5504x4096]->y[1x1x5504]               0.046ms    45.089 M      0.99   43.02 MiB    987.68
   12  SwiGLU    0  a[1x1x5504]+b[1x1x5504]->y[1x1x5504]                0.013ms    33.024 K      0.00   32.25 KiB      2.46
   13  Add      -1  a[1x1x4096]+b[1x1x4096]->y[1x1x4096]                0.008ms     4.096 K      0.00   24.00 KiB      3.04
[gpu-debug] segment avg latency (cuda_events): 0.283 ms
[gpu-debug] sum(per-op)               : 0.424 ms (ratio=1.501)
[gpu-debug] NOTE: sum(per-op) may differ from segment latency due to Python overhead, event/launch overhead, and allocator/cache effects.
[gpu-debug] cuda mem before warmup: alloc=180.19 MiB reserved=190.00 MiB
[gpu-debug] cuda mem after warmup : alloc=180.19 MiB reserved=190.00 MiB
[gpu-debug] cuda mem peak (this segment): max_alloc=180.26 MiB max_reserved=190.00 MiB
========================================================================================
[gpu-debug] segment_key=npu|decode|1|2a5538c8f9df4db4add3d84eaac8c78a
[gpu-debug] sig: device_type=npu phase=decode step=1 (count_hint=1)
[gpu-debug] ops_repr: LN:-1,Q:0,K:0,Q:1,K:1,QK:0,QK:1,Softmax:0,Softmax:1,O:0,Add:-1,FFN_W3:0,FFN_W3:1,SwiGLU:0,Add:-1
[gpu-debug] cfg: device=cuda dtype=torch.bfloat16 batch=1 dim=4096 ffn_dim=11008 n_heads=32 shards=2
[gpu-debug] op plan (with inferred tensor shapes):
  - op#00  op=LN       shard=-1  x=[1x1x4096] + w=[4096]  ->  y=[1x1x4096]  (T=1, K=1026)
  - op#01  op=Q        shard=0   x=[1x1x4096] + w=[2048x4096]  ->  y=[1x1x2048]  (T=1, K=1026)
  - op#02  op=K        shard=0   x=[1x1x4096] + w=[2048x4096]  ->  y=[1x1x2048]  (T=1, K=1026)
  - op#03  op=Q        shard=1   x=[1x1x4096] + w=[2048x4096]  ->  y=[1x1x2048]  (T=1, K=1026)
  - op#04  op=K        shard=1   x=[1x1x4096] + w=[2048x4096]  ->  y=[1x1x2048]  (T=1, K=1026)
  - op#05  op=QK       shard=0   q=[1x16x1x128] + k=[1x16x128x1026]  ->  y=[1x16x1x1026]  (T=1, K=1026)
  - op#06  op=QK       shard=1   q=[1x16x1x128] + k=[1x16x128x1026]  ->  y=[1x16x1x1026]  (T=1, K=1026)
  - op#07  op=Softmax  shard=0   scores=[1x16x1x1026]  ->  y=[1x16x1x1026]  (T=1, K=1026)
  - op#08  op=Softmax  shard=1   scores=[1x16x1x1026]  ->  y=[1x16x1x1026]  (T=1, K=1026)
  - op#09  op=O        shard=0   x=[1x1x2048] + w=[4096x2048]  ->  y=[1x1x4096]  (T=1, K=1026)
  - op#10  op=Add      shard=-1  a=[1x1x4096] + b=[1x1x4096]  ->  y=[1x1x4096]  (T=1, K=1026)
  - op#11  op=FFN_W3   shard=0   x=[1x1x4096] + w=[5504x4096]  ->  y=[1x1x5504]  (T=1, K=1026)
  - op#12  op=FFN_W3   shard=1   x=[1x1x4096] + w=[5504x4096]  ->  y=[1x1x5504]  (T=1, K=1026)
  - op#13  op=SwiGLU   shard=0   a=[1x1x5504] + b=[1x1x5504]  ->  y=[1x1x5504]  (T=1, K=1026)
  - op#14  op=Add      shard=-1  a=[1x1x4096] + b=[1x1x4096]  ->  y=[1x1x4096]  (T=1, K=1026)
[gpu-debug] per-op timing breakdown (avg over iters):
  idx  op       sh  io                                                    time   est_flops    TFLOPs       bytes      GB/s
  ------------------------------------------------------------------------------------------------------------------------
    0  LN       -1  x[1x1x4096]+w[4096]->y[1x1x4096]                    0.070ms    20.480 K      0.00   24.00 KiB      0.35
    1  Q         0  x[1x1x4096]+w[2048x4096]->y[1x1x2048]               0.048ms    16.777 M      0.35   16.01 MiB    346.64
    2  K         0  x[1x1x4096]+w[2048x4096]->y[1x1x2048]               0.032ms    16.777 M      0.52   16.01 MiB    518.86
    3  Q         1  x[1x1x4096]+w[2048x4096]->y[1x1x2048]               0.029ms    16.777 M      0.58   16.01 MiB    577.32
    4  K         1  x[1x1x4096]+w[2048x4096]->y[1x1x2048]               0.029ms    16.777 M      0.57   16.01 MiB    569.31
    5  QK        0  q[1x16x1x128]+k[1x16x128x1026]->y[1x16x1x1026]      0.034ms     4.202 M      0.12    4.04 MiB    124.33
    6  QK        1  q[1x16x1x128]+k[1x16x128x1026]->y[1x16x1x1026]      0.040ms     4.202 M      0.10    4.04 MiB    104.81
    7  Softmax   0  scores[1x16x1x1026]->y[1x16x1x1026]                 0.025ms    82.080 K      0.00   64.12 KiB      2.64
    8  Softmax   1  scores[1x16x1x1026]->y[1x16x1x1026]                 0.016ms    82.080 K      0.01   64.12 KiB      4.03
    9  O         0  x[1x1x2048]+w[4096x2048]->y[1x1x4096]               0.038ms    16.777 M      0.44   16.01 MiB    439.57
   10  Add      -1  a[1x1x4096]+b[1x1x4096]->y[1x1x4096]                0.013ms     4.096 K      0.00   24.00 KiB      1.85
   11  FFN_W3    0  x[1x1x4096]+w[5504x4096]->y[1x1x5504]               0.057ms    45.089 M      0.78   43.02 MiB    785.22
   12  FFN_W3    1  x[1x1x4096]+w[5504x4096]->y[1x1x5504]               0.045ms    45.089 M      0.99   43.02 MiB    994.37
   13  SwiGLU    0  a[1x1x5504]+b[1x1x5504]->y[1x1x5504]                0.013ms    33.024 K      0.00   32.25 KiB      2.46
   14  Add      -1  a[1x1x4096]+b[1x1x4096]->y[1x1x4096]                0.008ms     4.096 K      0.00   24.00 KiB      2.96
[gpu-debug] segment avg latency (cuda_events): 0.317 ms
[gpu-debug] sum(per-op)               : 0.501 ms (ratio=1.582)
[gpu-debug] NOTE: sum(per-op) may differ from segment latency due to Python overhead, event/launch overhead, and allocator/cache effects.
[gpu-debug] cuda mem before warmup: alloc=180.19 MiB reserved=190.00 MiB
[gpu-debug] cuda mem after warmup : alloc=184.23 MiB reserved=190.00 MiB
[gpu-debug] cuda mem peak (this segment): max_alloc=184.30 MiB max_reserved=190.00 MiB
========================================================================================
[gpu-debug] segment_key=npu|decode|1|671eabfb3c980b3de830460630434eeb
[gpu-debug] sig: device_type=npu phase=decode step=1 (count_hint=31)
[gpu-debug] ops_repr: Q:0,K:0,Q:1,K:1,QK:0,QK:1,Softmax:0,Softmax:1,O:0,Add:-1,FFN_W3:0,FFN_W3:1,SwiGLU:0,Add:-1
[gpu-debug] cfg: device=cuda dtype=torch.bfloat16 batch=1 dim=4096 ffn_dim=11008 n_heads=32 shards=2
[gpu-debug] op plan (with inferred tensor shapes):
  - op#00  op=Q        shard=0   x=[1x1x4096] + w=[2048x4096]  ->  y=[1x1x2048]  (T=1, K=1026)
  - op#01  op=K        shard=0   x=[1x1x4096] + w=[2048x4096]  ->  y=[1x1x2048]  (T=1, K=1026)
  - op#02  op=Q        shard=1   x=[1x1x4096] + w=[2048x4096]  ->  y=[1x1x2048]  (T=1, K=1026)
  - op#03  op=K        shard=1   x=[1x1x4096] + w=[2048x4096]  ->  y=[1x1x2048]  (T=1, K=1026)
  - op#04  op=QK       shard=0   q=[1x16x1x128] + k=[1x16x128x1026]  ->  y=[1x16x1x1026]  (T=1, K=1026)
  - op#05  op=QK       shard=1   q=[1x16x1x128] + k=[1x16x128x1026]  ->  y=[1x16x1x1026]  (T=1, K=1026)
  - op#06  op=Softmax  shard=0   scores=[1x16x1x1026]  ->  y=[1x16x1x1026]  (T=1, K=1026)
  - op#07  op=Softmax  shard=1   scores=[1x16x1x1026]  ->  y=[1x16x1x1026]  (T=1, K=1026)
  - op#08  op=O        shard=0   x=[1x1x2048] + w=[4096x2048]  ->  y=[1x1x4096]  (T=1, K=1026)
  - op#09  op=Add      shard=-1  a=[1x1x4096] + b=[1x1x4096]  ->  y=[1x1x4096]  (T=1, K=1026)
  - op#10  op=FFN_W3   shard=0   x=[1x1x4096] + w=[5504x4096]  ->  y=[1x1x5504]  (T=1, K=1026)
  - op#11  op=FFN_W3   shard=1   x=[1x1x4096] + w=[5504x4096]  ->  y=[1x1x5504]  (T=1, K=1026)
  - op#12  op=SwiGLU   shard=0   a=[1x1x5504] + b=[1x1x5504]  ->  y=[1x1x5504]  (T=1, K=1026)
  - op#13  op=Add      shard=-1  a=[1x1x4096] + b=[1x1x4096]  ->  y=[1x1x4096]  (T=1, K=1026)
[gpu-debug] per-op timing breakdown (avg over iters):
  idx  op       sh  io                                                    time   est_flops    TFLOPs       bytes      GB/s
  ------------------------------------------------------------------------------------------------------------------------
    0  Q         0  x[1x1x4096]+w[2048x4096]->y[1x1x2048]               0.044ms    16.777 M      0.38   16.01 MiB    379.54
    1  K         0  x[1x1x4096]+w[2048x4096]->y[1x1x2048]               0.031ms    16.777 M      0.55   16.01 MiB    546.53
    2  Q         1  x[1x1x4096]+w[2048x4096]->y[1x1x2048]               0.030ms    16.777 M      0.56   16.01 MiB    565.38
    3  K         1  x[1x1x4096]+w[2048x4096]->y[1x1x2048]               0.028ms    16.777 M      0.59   16.01 MiB    589.78
    4  QK        0  q[1x16x1x128]+k[1x16x128x1026]->y[1x16x1x1026]      0.035ms     4.202 M      0.12    4.04 MiB    119.65
    5  QK        1  q[1x16x1x128]+k[1x16x128x1026]->y[1x16x1x1026]      0.041ms     4.202 M      0.10    4.04 MiB    104.28
    6  Softmax   0  scores[1x16x1x1026]->y[1x16x1x1026]                 0.024ms    82.080 K      0.00   64.12 KiB      2.78
    7  Softmax   1  scores[1x16x1x1026]->y[1x16x1x1026]                 0.016ms    82.080 K      0.01   64.12 KiB      4.06
    8  O         0  x[1x1x2048]+w[4096x2048]->y[1x1x4096]               0.037ms    16.777 M      0.46   16.01 MiB    455.44
    9  Add      -1  a[1x1x4096]+b[1x1x4096]->y[1x1x4096]                0.013ms     4.096 K      0.00   24.00 KiB      1.95
   10  FFN_W3    0  x[1x1x4096]+w[5504x4096]->y[1x1x5504]               0.057ms    45.089 M      0.79   43.02 MiB    790.86
   11  FFN_W3    1  x[1x1x4096]+w[5504x4096]->y[1x1x5504]               0.045ms    45.089 M      1.00   43.02 MiB   1001.15
   12  SwiGLU    0  a[1x1x5504]+b[1x1x5504]->y[1x1x5504]                0.013ms    33.024 K      0.00   32.25 KiB      2.46
   13  Add      -1  a[1x1x4096]+b[1x1x4096]->y[1x1x4096]                0.008ms     4.096 K      0.00   24.00 KiB      3.04
[gpu-debug] segment avg latency (cuda_events): 0.281 ms
[gpu-debug] sum(per-op)               : 0.422 ms (ratio=1.503)
[gpu-debug] NOTE: sum(per-op) may differ from segment latency due to Python overhead, event/launch overhead, and allocator/cache effects.
[gpu-debug] cuda mem before warmup: alloc=184.23 MiB reserved=190.00 MiB
[gpu-debug] cuda mem after warmup : alloc=184.23 MiB reserved=190.00 MiB
[gpu-debug] cuda mem peak (this segment): max_alloc=184.30 MiB max_reserved=190.00 MiB
========================================================================================
[gpu-debug] segment_key=npu|decode|2|2a5538c8f9df4db4add3d84eaac8c78a
[gpu-debug] sig: device_type=npu phase=decode step=2 (count_hint=1)
[gpu-debug] ops_repr: LN:-1,Q:0,K:0,Q:1,K:1,QK:0,QK:1,Softmax:0,Softmax:1,O:0,Add:-1,FFN_W3:0,FFN_W3:1,SwiGLU:0,Add:-1
[gpu-debug] cfg: device=cuda dtype=torch.bfloat16 batch=1 dim=4096 ffn_dim=11008 n_heads=32 shards=2
[gpu-debug] op plan (with inferred tensor shapes):
  - op#00  op=LN       shard=-1  x=[1x1x4096] + w=[4096]  ->  y=[1x1x4096]  (T=1, K=1088)
  - op#01  op=Q        shard=0   x=[1x1x4096] + w=[2048x4096]  ->  y=[1x1x2048]  (T=1, K=1088)
  - op#02  op=K        shard=0   x=[1x1x4096] + w=[2048x4096]  ->  y=[1x1x2048]  (T=1, K=1088)
  - op#03  op=Q        shard=1   x=[1x1x4096] + w=[2048x4096]  ->  y=[1x1x2048]  (T=1, K=1088)
  - op#04  op=K        shard=1   x=[1x1x4096] + w=[2048x4096]  ->  y=[1x1x2048]  (T=1, K=1088)
  - op#05  op=QK       shard=0   q=[1x16x1x128] + k=[1x16x128x1088]  ->  y=[1x16x1x1088]  (T=1, K=1088)
  - op#06  op=QK       shard=1   q=[1x16x1x128] + k=[1x16x128x1088]  ->  y=[1x16x1x1088]  (T=1, K=1088)
  - op#07  op=Softmax  shard=0   scores=[1x16x1x1088]  ->  y=[1x16x1x1088]  (T=1, K=1088)
  - op#08  op=Softmax  shard=1   scores=[1x16x1x1088]  ->  y=[1x16x1x1088]  (T=1, K=1088)
  - op#09  op=O        shard=0   x=[1x1x2048] + w=[4096x2048]  ->  y=[1x1x4096]  (T=1, K=1088)
  - op#10  op=Add      shard=-1  a=[1x1x4096] + b=[1x1x4096]  ->  y=[1x1x4096]  (T=1, K=1088)
  - op#11  op=FFN_W3   shard=0   x=[1x1x4096] + w=[5504x4096]  ->  y=[1x1x5504]  (T=1, K=1088)
  - op#12  op=FFN_W3   shard=1   x=[1x1x4096] + w=[5504x4096]  ->  y=[1x1x5504]  (T=1, K=1088)
  - op#13  op=SwiGLU   shard=0   a=[1x1x5504] + b=[1x1x5504]  ->  y=[1x1x5504]  (T=1, K=1088)
  - op#14  op=Add      shard=-1  a=[1x1x4096] + b=[1x1x4096]  ->  y=[1x1x4096]  (T=1, K=1088)
[gpu-debug] per-op timing breakdown (avg over iters):
  idx  op       sh  io                                                    time   est_flops    TFLOPs       bytes      GB/s
  ------------------------------------------------------------------------------------------------------------------------
    0  LN       -1  x[1x1x4096]+w[4096]->y[1x1x4096]                    0.071ms    20.480 K      0.00   24.00 KiB      0.34
    1  Q         0  x[1x1x4096]+w[2048x4096]->y[1x1x2048]               0.049ms    16.777 M      0.34   16.01 MiB    343.01
    2  K         0  x[1x1x4096]+w[2048x4096]->y[1x1x2048]               0.032ms    16.777 M      0.53   16.01 MiB    527.20
    3  Q         1  x[1x1x4096]+w[2048x4096]->y[1x1x2048]               0.030ms    16.777 M      0.56   16.01 MiB    563.44
    4  K         1  x[1x1x4096]+w[2048x4096]->y[1x1x2048]               0.029ms    16.777 M      0.57   16.01 MiB    575.30
    5  QK        0  q[1x16x1x128]+k[1x16x128x1088]->y[1x16x1x1088]      0.038ms     4.456 M      0.12    4.29 MiB    117.38
    6  QK        1  q[1x16x1x128]+k[1x16x128x1088]->y[1x16x1x1088]      0.043ms     4.456 M      0.10    4.29 MiB    104.28
    7  Softmax   0  scores[1x16x1x1088]->y[1x16x1x1088]                 0.026ms    87.040 K      0.00   68.00 KiB      2.70
    8  Softmax   1  scores[1x16x1x1088]->y[1x16x1x1088]                 0.017ms    87.040 K      0.01   68.00 KiB      4.17
    9  O         0  x[1x1x2048]+w[4096x2048]->y[1x1x4096]               0.037ms    16.777 M      0.45   16.01 MiB    447.98
   10  Add      -1  a[1x1x4096]+b[1x1x4096]->y[1x1x4096]                0.014ms     4.096 K      0.00   24.00 KiB      1.78
   11  FFN_W3    0  x[1x1x4096]+w[5504x4096]->y[1x1x5504]               0.057ms    45.089 M      0.79   43.02 MiB    788.03
   12  FFN_W3    1  x[1x1x4096]+w[5504x4096]->y[1x1x5504]               0.045ms    45.089 M      0.99   43.02 MiB    992.13
   13  SwiGLU    0  a[1x1x5504]+b[1x1x5504]->y[1x1x5504]                0.013ms    33.024 K      0.00   32.25 KiB      2.46
   14  Add      -1  a[1x1x4096]+b[1x1x4096]->y[1x1x4096]                0.008ms     4.096 K      0.00   24.00 KiB      3.12
[gpu-debug] segment avg latency (cuda_events): 0.321 ms
[gpu-debug] sum(per-op)               : 0.510 ms (ratio=1.590)
[gpu-debug] NOTE: sum(per-op) may differ from segment latency due to Python overhead, event/launch overhead, and allocator/cache effects.
[gpu-debug] cuda mem before warmup: alloc=184.23 MiB reserved=190.00 MiB
[gpu-debug] cuda mem after warmup : alloc=188.52 MiB reserved=210.00 MiB
[gpu-debug] cuda mem peak (this segment): max_alloc=188.58 MiB max_reserved=210.00 MiB
========================================================================================
[gpu-debug] segment_key=npu|decode|2|671eabfb3c980b3de830460630434eeb
[gpu-debug] sig: device_type=npu phase=decode step=2 (count_hint=31)
[gpu-debug] ops_repr: Q:0,K:0,Q:1,K:1,QK:0,QK:1,Softmax:0,Softmax:1,O:0,Add:-1,FFN_W3:0,FFN_W3:1,SwiGLU:0,Add:-1
[gpu-debug] cfg: device=cuda dtype=torch.bfloat16 batch=1 dim=4096 ffn_dim=11008 n_heads=32 shards=2
[gpu-debug] op plan (with inferred tensor shapes):
  - op#00  op=Q        shard=0   x=[1x1x4096] + w=[2048x4096]  ->  y=[1x1x2048]  (T=1, K=1088)
  - op#01  op=K        shard=0   x=[1x1x4096] + w=[2048x4096]  ->  y=[1x1x2048]  (T=1, K=1088)
  - op#02  op=Q        shard=1   x=[1x1x4096] + w=[2048x4096]  ->  y=[1x1x2048]  (T=1, K=1088)
  - op#03  op=K        shard=1   x=[1x1x4096] + w=[2048x4096]  ->  y=[1x1x2048]  (T=1, K=1088)
  - op#04  op=QK       shard=0   q=[1x16x1x128] + k=[1x16x128x1088]  ->  y=[1x16x1x1088]  (T=1, K=1088)
  - op#05  op=QK       shard=1   q=[1x16x1x128] + k=[1x16x128x1088]  ->  y=[1x16x1x1088]  (T=1, K=1088)
  - op#06  op=Softmax  shard=0   scores=[1x16x1x1088]  ->  y=[1x16x1x1088]  (T=1, K=1088)
  - op#07  op=Softmax  shard=1   scores=[1x16x1x1088]  ->  y=[1x16x1x1088]  (T=1, K=1088)
  - op#08  op=O        shard=0   x=[1x1x2048] + w=[4096x2048]  ->  y=[1x1x4096]  (T=1, K=1088)
  - op#09  op=Add      shard=-1  a=[1x1x4096] + b=[1x1x4096]  ->  y=[1x1x4096]  (T=1, K=1088)
  - op#10  op=FFN_W3   shard=0   x=[1x1x4096] + w=[5504x4096]  ->  y=[1x1x5504]  (T=1, K=1088)
  - op#11  op=FFN_W3   shard=1   x=[1x1x4096] + w=[5504x4096]  ->  y=[1x1x5504]  (T=1, K=1088)
  - op#12  op=SwiGLU   shard=0   a=[1x1x5504] + b=[1x1x5504]  ->  y=[1x1x5504]  (T=1, K=1088)
  - op#13  op=Add      shard=-1  a=[1x1x4096] + b=[1x1x4096]  ->  y=[1x1x4096]  (T=1, K=1088)
[gpu-debug] per-op timing breakdown (avg over iters):
  idx  op       sh  io                                                    time   est_flops    TFLOPs       bytes      GB/s
  ------------------------------------------------------------------------------------------------------------------------
    0  Q         0  x[1x1x4096]+w[2048x4096]->y[1x1x2048]               0.044ms    16.777 M      0.38   16.01 MiB    378.66
    1  K         0  x[1x1x4096]+w[2048x4096]->y[1x1x2048]               0.032ms    16.777 M      0.52   16.01 MiB    522.17
    2  Q         1  x[1x1x4096]+w[2048x4096]->y[1x1x2048]               0.030ms    16.777 M      0.56   16.01 MiB    559.59
    3  K         1  x[1x1x4096]+w[2048x4096]->y[1x1x2048]               0.028ms    16.777 M      0.59   16.01 MiB    589.78
    4  QK        0  q[1x16x1x128]+k[1x16x128x1088]->y[1x16x1x1088]      0.038ms     4.456 M      0.12    4.29 MiB    119.29
    5  QK        1  q[1x16x1x128]+k[1x16x128x1088]->y[1x16x1x1088]      0.043ms     4.456 M      0.10    4.29 MiB    103.54
    6  Softmax   0  scores[1x16x1x1088]->y[1x16x1x1088]                 0.025ms    87.040 K      0.00   68.00 KiB      2.82
    7  Softmax   1  scores[1x16x1x1088]->y[1x16x1x1088]                 0.016ms    87.040 K      0.01   68.00 KiB      4.22
    8  O         0  x[1x1x2048]+w[4096x2048]->y[1x1x4096]               0.037ms    16.777 M      0.45   16.01 MiB    450.44
    9  Add      -1  a[1x1x4096]+b[1x1x4096]->y[1x1x4096]                0.013ms     4.096 K      0.00   24.00 KiB      1.86
   10  FFN_W3    0  x[1x1x4096]+w[5504x4096]->y[1x1x5504]               0.057ms    45.089 M      0.79   43.02 MiB    790.86
   11  FFN_W3    1  x[1x1x4096]+w[5504x4096]->y[1x1x5504]               0.045ms    45.089 M      1.00   43.02 MiB   1001.15
   12  SwiGLU    0  a[1x1x5504]+b[1x1x5504]->y[1x1x5504]                0.013ms    33.024 K      0.00   32.25 KiB      2.54
   13  Add      -1  a[1x1x4096]+b[1x1x4096]->y[1x1x4096]                0.008ms     4.096 K      0.00   24.00 KiB      3.16
[gpu-debug] segment avg latency (cuda_events): 0.287 ms
[gpu-debug] sum(per-op)               : 0.431 ms (ratio=1.502)
[gpu-debug] NOTE: sum(per-op) may differ from segment latency due to Python overhead, event/launch overhead, and allocator/cache effects.
[gpu-debug] cuda mem before warmup: alloc=188.52 MiB reserved=210.00 MiB
[gpu-debug] cuda mem after warmup : alloc=188.52 MiB reserved=210.00 MiB
[gpu-debug] cuda mem peak (this segment): max_alloc=188.58 MiB max_reserved=210.00 MiB
========================================================================================
[gpu-debug] segment_key=npu|decode|3|2a5538c8f9df4db4add3d84eaac8c78a
[gpu-debug] sig: device_type=npu phase=decode step=3 (count_hint=1)
[gpu-debug] ops_repr: LN:-1,Q:0,K:0,Q:1,K:1,QK:0,QK:1,Softmax:0,Softmax:1,O:0,Add:-1,FFN_W3:0,FFN_W3:1,SwiGLU:0,Add:-1
[gpu-debug] cfg: device=cuda dtype=torch.bfloat16 batch=1 dim=4096 ffn_dim=11008 n_heads=32 shards=2
[gpu-debug] op plan (with inferred tensor shapes):
  - op#00  op=LN       shard=-1  x=[1x1x4096] + w=[4096]  ->  y=[1x1x4096]  (T=1, K=1152)
  - op#01  op=Q        shard=0   x=[1x1x4096] + w=[2048x4096]  ->  y=[1x1x2048]  (T=1, K=1152)
  - op#02  op=K        shard=0   x=[1x1x4096] + w=[2048x4096]  ->  y=[1x1x2048]  (T=1, K=1152)
  - op#03  op=Q        shard=1   x=[1x1x4096] + w=[2048x4096]  ->  y=[1x1x2048]  (T=1, K=1152)
  - op#04  op=K        shard=1   x=[1x1x4096] + w=[2048x4096]  ->  y=[1x1x2048]  (T=1, K=1152)
  - op#05  op=QK       shard=0   q=[1x16x1x128] + k=[1x16x128x1152]  ->  y=[1x16x1x1152]  (T=1, K=1152)
  - op#06  op=QK       shard=1   q=[1x16x1x128] + k=[1x16x128x1152]  ->  y=[1x16x1x1152]  (T=1, K=1152)
  - op#07  op=Softmax  shard=0   scores=[1x16x1x1152]  ->  y=[1x16x1x1152]  (T=1, K=1152)
  - op#08  op=Softmax  shard=1   scores=[1x16x1x1152]  ->  y=[1x16x1x1152]  (T=1, K=1152)
  - op#09  op=O        shard=0   x=[1x1x2048] + w=[4096x2048]  ->  y=[1x1x4096]  (T=1, K=1152)
  - op#10  op=Add      shard=-1  a=[1x1x4096] + b=[1x1x4096]  ->  y=[1x1x4096]  (T=1, K=1152)
  - op#11  op=FFN_W3   shard=0   x=[1x1x4096] + w=[5504x4096]  ->  y=[1x1x5504]  (T=1, K=1152)
  - op#12  op=FFN_W3   shard=1   x=[1x1x4096] + w=[5504x4096]  ->  y=[1x1x5504]  (T=1, K=1152)
  - op#13  op=SwiGLU   shard=0   a=[1x1x5504] + b=[1x1x5504]  ->  y=[1x1x5504]  (T=1, K=1152)
  - op#14  op=Add      shard=-1  a=[1x1x4096] + b=[1x1x4096]  ->  y=[1x1x4096]  (T=1, K=1152)
[gpu-debug] per-op timing breakdown (avg over iters):
  idx  op       sh  io                                                    time   est_flops    TFLOPs       bytes      GB/s
  ------------------------------------------------------------------------------------------------------------------------
    0  LN       -1  x[1x1x4096]+w[4096]->y[1x1x4096]                    0.071ms    20.480 K      0.00   24.00 KiB      0.34
    1  Q         0  x[1x1x4096]+w[2048x4096]->y[1x1x2048]               0.049ms    16.777 M      0.34   16.01 MiB    344.45
    2  K         0  x[1x1x4096]+w[2048x4096]->y[1x1x2048]               0.032ms    16.777 M      0.53   16.01 MiB    532.34
    3  Q         1  x[1x1x4096]+w[2048x4096]->y[1x1x2048]               0.029ms    16.777 M      0.58   16.01 MiB    577.32
    4  K         1  x[1x1x4096]+w[2048x4096]->y[1x1x2048]               0.029ms    16.777 M      0.58   16.01 MiB    583.49
    5  QK        0  q[1x16x1x128]+k[1x16x128x1152]->y[1x16x1x1152]      0.039ms     4.719 M      0.12    4.54 MiB    121.04
    6  QK        1  q[1x16x1x128]+k[1x16x128x1152]->y[1x16x1x1152]      0.044ms     4.719 M      0.11    4.54 MiB    107.84
    7  Softmax   0  scores[1x16x1x1152]->y[1x16x1x1152]                 0.026ms    92.160 K      0.00   72.00 KiB      2.87
    8  Softmax   1  scores[1x16x1x1152]->y[1x16x1x1152]                 0.017ms    92.160 K      0.01   72.00 KiB      4.42
    9  O         0  x[1x1x2048]+w[4096x2048]->y[1x1x4096]               0.036ms    16.777 M      0.46   16.01 MiB    464.48
   10  Add      -1  a[1x1x4096]+b[1x1x4096]->y[1x1x4096]                0.013ms     4.096 K      0.00   24.00 KiB      1.87
   11  FFN_W3    0  x[1x1x4096]+w[5504x4096]->y[1x1x5504]               0.057ms    45.089 M      0.79   43.02 MiB    788.03
   12  FFN_W3    1  x[1x1x4096]+w[5504x4096]->y[1x1x5504]               0.045ms    45.089 M      1.00   43.02 MiB    996.62
   13  SwiGLU    0  a[1x1x5504]+b[1x1x5504]->y[1x1x5504]                0.013ms    33.024 K      0.00   32.25 KiB      2.46
   14  Add      -1  a[1x1x4096]+b[1x1x4096]->y[1x1x4096]                0.008ms     4.096 K      0.00   24.00 KiB      3.08
[gpu-debug] segment avg latency (cuda_events): 0.322 ms
[gpu-debug] sum(per-op)               : 0.509 ms (ratio=1.580)
[gpu-debug] NOTE: sum(per-op) may differ from segment latency due to Python overhead, event/launch overhead, and allocator/cache effects.
[gpu-debug] cuda mem before warmup: alloc=188.52 MiB reserved=210.00 MiB
[gpu-debug] cuda mem after warmup : alloc=193.05 MiB reserved=210.00 MiB
[gpu-debug] cuda mem peak (this segment): max_alloc=193.12 MiB max_reserved=210.00 MiB
========================================================================================
[gpu-debug] segment_key=npu|decode|3|671eabfb3c980b3de830460630434eeb
[gpu-debug] sig: device_type=npu phase=decode step=3 (count_hint=31)
[gpu-debug] ops_repr: Q:0,K:0,Q:1,K:1,QK:0,QK:1,Softmax:0,Softmax:1,O:0,Add:-1,FFN_W3:0,FFN_W3:1,SwiGLU:0,Add:-1
[gpu-debug] cfg: device=cuda dtype=torch.bfloat16 batch=1 dim=4096 ffn_dim=11008 n_heads=32 shards=2
[gpu-debug] op plan (with inferred tensor shapes):
  - op#00  op=Q        shard=0   x=[1x1x4096] + w=[2048x4096]  ->  y=[1x1x2048]  (T=1, K=1152)
  - op#01  op=K        shard=0   x=[1x1x4096] + w=[2048x4096]  ->  y=[1x1x2048]  (T=1, K=1152)
  - op#02  op=Q        shard=1   x=[1x1x4096] + w=[2048x4096]  ->  y=[1x1x2048]  (T=1, K=1152)
  - op#03  op=K        shard=1   x=[1x1x4096] + w=[2048x4096]  ->  y=[1x1x2048]  (T=1, K=1152)
  - op#04  op=QK       shard=0   q=[1x16x1x128] + k=[1x16x128x1152]  ->  y=[1x16x1x1152]  (T=1, K=1152)
  - op#05  op=QK       shard=1   q=[1x16x1x128] + k=[1x16x128x1152]  ->  y=[1x16x1x1152]  (T=1, K=1152)
  - op#06  op=Softmax  shard=0   scores=[1x16x1x1152]  ->  y=[1x16x1x1152]  (T=1, K=1152)
  - op#07  op=Softmax  shard=1   scores=[1x16x1x1152]  ->  y=[1x16x1x1152]  (T=1, K=1152)
  - op#08  op=O        shard=0   x=[1x1x2048] + w=[4096x2048]  ->  y=[1x1x4096]  (T=1, K=1152)
  - op#09  op=Add      shard=-1  a=[1x1x4096] + b=[1x1x4096]  ->  y=[1x1x4096]  (T=1, K=1152)
  - op#10  op=FFN_W3   shard=0   x=[1x1x4096] + w=[5504x4096]  ->  y=[1x1x5504]  (T=1, K=1152)
  - op#11  op=FFN_W3   shard=1   x=[1x1x4096] + w=[5504x4096]  ->  y=[1x1x5504]  (T=1, K=1152)
  - op#12  op=SwiGLU   shard=0   a=[1x1x5504] + b=[1x1x5504]  ->  y=[1x1x5504]  (T=1, K=1152)
  - op#13  op=Add      shard=-1  a=[1x1x4096] + b=[1x1x4096]  ->  y=[1x1x4096]  (T=1, K=1152)
[gpu-debug] per-op timing breakdown (avg over iters):
  idx  op       sh  io                                                    time   est_flops    TFLOPs       bytes      GB/s
  ------------------------------------------------------------------------------------------------------------------------
    0  Q         0  x[1x1x4096]+w[2048x4096]->y[1x1x2048]               0.044ms    16.777 M      0.38   16.01 MiB    378.66
    1  K         0  x[1x1x4096]+w[2048x4096]->y[1x1x2048]               0.031ms    16.777 M      0.54   16.01 MiB    539.34
    2  Q         1  x[1x1x4096]+w[2048x4096]->y[1x1x2048]               0.030ms    16.777 M      0.56   16.01 MiB    563.44
    3  K         1  x[1x1x4096]+w[2048x4096]->y[1x1x2048]               0.028ms    16.777 M      0.60   16.01 MiB    598.39
    4  QK        0  q[1x16x1x128]+k[1x16x128x1152]->y[1x16x1x1152]      0.038ms     4.719 M      0.12    4.54 MiB    124.95
    5  QK        1  q[1x16x1x128]+k[1x16x128x1152]->y[1x16x1x1152]      0.044ms     4.719 M      0.11    4.54 MiB    109.36
    6  Softmax   0  scores[1x16x1x1152]->y[1x16x1x1152]                 0.025ms    92.160 K      0.00   72.00 KiB      2.96
    7  Softmax   1  scores[1x16x1x1152]->y[1x16x1x1152]                 0.017ms    92.160 K      0.01   72.00 KiB      4.39
    8  O         0  x[1x1x2048]+w[4096x2048]->y[1x1x4096]               0.037ms    16.777 M      0.45   16.01 MiB    452.93
    9  Add      -1  a[1x1x4096]+b[1x1x4096]->y[1x1x4096]                0.013ms     4.096 K      0.00   24.00 KiB      1.89
   10  FFN_W3    0  x[1x1x4096]+w[5504x4096]->y[1x1x5504]               0.057ms    45.089 M      0.79   43.02 MiB    788.03
   11  FFN_W3    1  x[1x1x4096]+w[5504x4096]->y[1x1x5504]               0.045ms    45.089 M      1.00   43.02 MiB    998.88
   12  SwiGLU    0  a[1x1x5504]+b[1x1x5504]->y[1x1x5504]                0.013ms    33.024 K      0.00   32.25 KiB      2.50
   13  Add      -1  a[1x1x4096]+b[1x1x4096]->y[1x1x4096]                0.008ms     4.096 K      0.00   24.00 KiB      3.04
[gpu-debug] segment avg latency (cuda_events): 0.288 ms
[gpu-debug] sum(per-op)               : 0.430 ms (ratio=1.494)
[gpu-debug] NOTE: sum(per-op) may differ from segment latency due to Python overhead, event/launch overhead, and allocator/cache effects.
[gpu-debug] cuda mem before warmup: alloc=193.05 MiB reserved=210.00 MiB
[gpu-debug] cuda mem after warmup : alloc=193.05 MiB reserved=210.00 MiB
[gpu-debug] cuda mem peak (this segment): max_alloc=193.12 MiB max_reserved=210.00 MiB
========================================================================================
[gpu-debug] segment_key=npu|decode|4|2a5538c8f9df4db4add3d84eaac8c78a
[gpu-debug] sig: device_type=npu phase=decode step=4 (count_hint=1)
[gpu-debug] ops_repr: LN:-1,Q:0,K:0,Q:1,K:1,QK:0,QK:1,Softmax:0,Softmax:1,O:0,Add:-1,FFN_W3:0,FFN_W3:1,SwiGLU:0,Add:-1
[gpu-debug] cfg: device=cuda dtype=torch.bfloat16 batch=1 dim=4096 ffn_dim=11008 n_heads=32 shards=2
[gpu-debug] op plan (with inferred tensor shapes):
  - op#00  op=LN       shard=-1  x=[1x1x4096] + w=[4096]  ->  y=[1x1x4096]  (T=1, K=1216)
  - op#01  op=Q        shard=0   x=[1x1x4096] + w=[2048x4096]  ->  y=[1x1x2048]  (T=1, K=1216)
  - op#02  op=K        shard=0   x=[1x1x4096] + w=[2048x4096]  ->  y=[1x1x2048]  (T=1, K=1216)
  - op#03  op=Q        shard=1   x=[1x1x4096] + w=[2048x4096]  ->  y=[1x1x2048]  (T=1, K=1216)
  - op#04  op=K        shard=1   x=[1x1x4096] + w=[2048x4096]  ->  y=[1x1x2048]  (T=1, K=1216)
  - op#05  op=QK       shard=0   q=[1x16x1x128] + k=[1x16x128x1216]  ->  y=[1x16x1x1216]  (T=1, K=1216)
  - op#06  op=QK       shard=1   q=[1x16x1x128] + k=[1x16x128x1216]  ->  y=[1x16x1x1216]  (T=1, K=1216)
  - op#07  op=Softmax  shard=0   scores=[1x16x1x1216]  ->  y=[1x16x1x1216]  (T=1, K=1216)
  - op#08  op=Softmax  shard=1   scores=[1x16x1x1216]  ->  y=[1x16x1x1216]  (T=1, K=1216)
  - op#09  op=O        shard=0   x=[1x1x2048] + w=[4096x2048]  ->  y=[1x1x4096]  (T=1, K=1216)
  - op#10  op=Add      shard=-1  a=[1x1x4096] + b=[1x1x4096]  ->  y=[1x1x4096]  (T=1, K=1216)
  - op#11  op=FFN_W3   shard=0   x=[1x1x4096] + w=[5504x4096]  ->  y=[1x1x5504]  (T=1, K=1216)
  - op#12  op=FFN_W3   shard=1   x=[1x1x4096] + w=[5504x4096]  ->  y=[1x1x5504]  (T=1, K=1216)
  - op#13  op=SwiGLU   shard=0   a=[1x1x5504] + b=[1x1x5504]  ->  y=[1x1x5504]  (T=1, K=1216)
  - op#14  op=Add      shard=-1  a=[1x1x4096] + b=[1x1x4096]  ->  y=[1x1x4096]  (T=1, K=1216)
[gpu-debug] per-op timing breakdown (avg over iters):
  idx  op       sh  io                                                    time   est_flops    TFLOPs       bytes      GB/s
  ------------------------------------------------------------------------------------------------------------------------
    0  LN       -1  x[1x1x4096]+w[4096]->y[1x1x4096]                    0.072ms    20.480 K      0.00   24.00 KiB      0.34
    1  Q         0  x[1x1x4096]+w[2048x4096]->y[1x1x2048]               0.048ms    16.777 M      0.35   16.01 MiB    348.11
    2  K         0  x[1x1x4096]+w[2048x4096]->y[1x1x2048]               0.032ms    16.777 M      0.52   16.01 MiB    517.22
    3  Q         1  x[1x1x4096]+w[2048x4096]->y[1x1x2048]               0.029ms    16.777 M      0.57   16.01 MiB    569.31
    4  K         1  x[1x1x4096]+w[2048x4096]->y[1x1x2048]               0.029ms    16.777 M      0.59   16.01 MiB    587.67
    5  QK        0  q[1x16x1x128]+k[1x16x128x1216]->y[1x16x1x1216]      0.039ms     4.981 M      0.13    4.79 MiB    127.43
    6  QK        1  q[1x16x1x128]+k[1x16x128x1216]->y[1x16x1x1216]      0.044ms     4.981 M      0.11    4.79 MiB    113.56
    7  Softmax   0  scores[1x16x1x1216]->y[1x16x1x1216]                 0.026ms    97.280 K      0.00   76.00 KiB      2.97
    8  Softmax   1  scores[1x16x1x1216]->y[1x16x1x1216]                 0.017ms    97.280 K      0.01   76.00 KiB      4.58
    9  O         0  x[1x1x2048]+w[4096x2048]->y[1x1x4096]               0.036ms    16.777 M      0.47   16.01 MiB    469.80
   10  Add      -1  a[1x1x4096]+b[1x1x4096]->y[1x1x4096]                0.014ms     4.096 K      0.00   24.00 KiB      1.78
   11  FFN_W3    0  x[1x1x4096]+w[5504x4096]->y[1x1x5504]               0.058ms    45.089 M      0.77   43.02 MiB    771.47
   12  FFN_W3    1  x[1x1x4096]+w[5504x4096]->y[1x1x5504]               0.045ms    45.089 M      1.00   43.02 MiB   1001.15
   13  SwiGLU    0  a[1x1x5504]+b[1x1x5504]->y[1x1x5504]                0.013ms    33.024 K      0.00   32.25 KiB      2.50
   14  Add      -1  a[1x1x4096]+b[1x1x4096]->y[1x1x4096]                0.008ms     4.096 K      0.00   24.00 KiB      3.00
[gpu-debug] segment avg latency (cuda_events): 0.325 ms
[gpu-debug] sum(per-op)               : 0.513 ms (ratio=1.579)
[gpu-debug] NOTE: sum(per-op) may differ from segment latency due to Python overhead, event/launch overhead, and allocator/cache effects.
[gpu-debug] cuda mem before warmup: alloc=193.05 MiB reserved=210.00 MiB
[gpu-debug] cuda mem after warmup : alloc=197.84 MiB reserved=210.00 MiB
[gpu-debug] cuda mem peak (this segment): max_alloc=197.91 MiB max_reserved=210.00 MiB
========================================================================================
[gpu-debug] segment_key=npu|decode|4|671eabfb3c980b3de830460630434eeb
[gpu-debug] sig: device_type=npu phase=decode step=4 (count_hint=31)
[gpu-debug] ops_repr: Q:0,K:0,Q:1,K:1,QK:0,QK:1,Softmax:0,Softmax:1,O:0,Add:-1,FFN_W3:0,FFN_W3:1,SwiGLU:0,Add:-1
[gpu-debug] cfg: device=cuda dtype=torch.bfloat16 batch=1 dim=4096 ffn_dim=11008 n_heads=32 shards=2
[gpu-debug] op plan (with inferred tensor shapes):
  - op#00  op=Q        shard=0   x=[1x1x4096] + w=[2048x4096]  ->  y=[1x1x2048]  (T=1, K=1216)
  - op#01  op=K        shard=0   x=[1x1x4096] + w=[2048x4096]  ->  y=[1x1x2048]  (T=1, K=1216)
  - op#02  op=Q        shard=1   x=[1x1x4096] + w=[2048x4096]  ->  y=[1x1x2048]  (T=1, K=1216)
  - op#03  op=K        shard=1   x=[1x1x4096] + w=[2048x4096]  ->  y=[1x1x2048]  (T=1, K=1216)
  - op#04  op=QK       shard=0   q=[1x16x1x128] + k=[1x16x128x1216]  ->  y=[1x16x1x1216]  (T=1, K=1216)
  - op#05  op=QK       shard=1   q=[1x16x1x128] + k=[1x16x128x1216]  ->  y=[1x16x1x1216]  (T=1, K=1216)
  - op#06  op=Softmax  shard=0   scores=[1x16x1x1216]  ->  y=[1x16x1x1216]  (T=1, K=1216)
  - op#07  op=Softmax  shard=1   scores=[1x16x1x1216]  ->  y=[1x16x1x1216]  (T=1, K=1216)
  - op#08  op=O        shard=0   x=[1x1x2048] + w=[4096x2048]  ->  y=[1x1x4096]  (T=1, K=1216)
  - op#09  op=Add      shard=-1  a=[1x1x4096] + b=[1x1x4096]  ->  y=[1x1x4096]  (T=1, K=1216)
  - op#10  op=FFN_W3   shard=0   x=[1x1x4096] + w=[5504x4096]  ->  y=[1x1x5504]  (T=1, K=1216)
  - op#11  op=FFN_W3   shard=1   x=[1x1x4096] + w=[5504x4096]  ->  y=[1x1x5504]  (T=1, K=1216)
  - op#12  op=SwiGLU   shard=0   a=[1x1x5504] + b=[1x1x5504]  ->  y=[1x1x5504]  (T=1, K=1216)
  - op#13  op=Add      shard=-1  a=[1x1x4096] + b=[1x1x4096]  ->  y=[1x1x4096]  (T=1, K=1216)
[gpu-debug] per-op timing breakdown (avg over iters):
  idx  op       sh  io                                                    time   est_flops    TFLOPs       bytes      GB/s
  ------------------------------------------------------------------------------------------------------------------------
    0  Q         0  x[1x1x4096]+w[2048x4096]->y[1x1x2048]               0.045ms    16.777 M      0.38   16.01 MiB    376.06
    1  K         0  x[1x1x4096]+w[2048x4096]->y[1x1x2048]               0.032ms    16.777 M      0.52   16.01 MiB    518.86
    2  Q         1  x[1x1x4096]+w[2048x4096]->y[1x1x2048]               0.029ms    16.777 M      0.57   16.01 MiB    571.29
    3  K         1  x[1x1x4096]+w[2048x4096]->y[1x1x2048]               0.029ms    16.777 M      0.57   16.01 MiB    575.30
    4  QK        0  q[1x16x1x128]+k[1x16x128x1216]->y[1x16x1x1216]      0.037ms     4.981 M      0.13    4.79 MiB    135.52
    5  QK        1  q[1x16x1x128]+k[1x16x128x1216]->y[1x16x1x1216]      0.043ms     4.981 M      0.12    4.79 MiB    116.81
    6  Softmax   0  scores[1x16x1x1216]->y[1x16x1x1216]                 0.026ms    97.280 K      0.00   76.00 KiB      3.03
    7  Softmax   1  scores[1x16x1x1216]->y[1x16x1x1216]                 0.017ms    97.280 K      0.01   76.00 KiB      4.55
    8  O         0  x[1x1x2048]+w[4096x2048]->y[1x1x4096]               0.036ms    16.777 M      0.46   16.01 MiB    464.48
    9  Add      -1  a[1x1x4096]+b[1x1x4096]->y[1x1x4096]                0.014ms     4.096 K      0.00   24.00 KiB      1.82
   10  FFN_W3    0  x[1x1x4096]+w[5504x4096]->y[1x1x5504]               0.057ms    45.089 M      0.79   43.02 MiB    786.62
   11  FFN_W3    1  x[1x1x4096]+w[5504x4096]->y[1x1x5504]               0.045ms    45.089 M      0.99   43.02 MiB    994.37
   12  SwiGLU    0  a[1x1x5504]+b[1x1x5504]->y[1x1x5504]                0.013ms    33.024 K      0.00   32.25 KiB      2.52
   13  Add      -1  a[1x1x4096]+b[1x1x4096]->y[1x1x4096]                0.008ms     4.096 K      0.00   24.00 KiB      3.16
[gpu-debug] segment avg latency (cuda_events): 0.289 ms
[gpu-debug] sum(per-op)               : 0.432 ms (ratio=1.492)
[gpu-debug] NOTE: sum(per-op) may differ from segment latency due to Python overhead, event/launch overhead, and allocator/cache effects.
[gpu-debug] cuda mem before warmup: alloc=197.84 MiB reserved=210.00 MiB
[gpu-debug] cuda mem after warmup : alloc=197.84 MiB reserved=210.00 MiB
[gpu-debug] cuda mem peak (this segment): max_alloc=197.91 MiB max_reserved=210.00 MiB
========================================================================================
[gpu-debug] segment_key=npu|prefill|-1|7f370cc7d97df3530a56c775d62964d4
[gpu-debug] sig: device_type=npu phase=prefill step=-1 (count_hint=32)
[gpu-debug] ops_repr: LN:-1,Q:0,K:0,V:0,Q:1,K:1,V:1,QK:0,QK:1,Softmax:0,Softmax:1,SV:0,SV:1,O:0,O:1,Add:-1,LN:-1,FFN_W1:0,FFN_W3:0,FFN_W1:1,FFN_W3:1,SwiGLU:0,SwiGLU:1,FFN_W2:0,FFN_W2:1,Add:-1
[gpu-debug] cfg: device=cuda dtype=torch.bfloat16 batch=1 dim=4096 ffn_dim=11008 n_heads=32 shards=2
[gpu-debug] op plan (with inferred tensor shapes):
  - op#00  op=LN       shard=-1  x=[1x1024x4096] + w=[4096]  ->  y=[1x1024x4096]  (T=1024, K=1024)
  - op#01  op=Q        shard=0   x=[1x1024x4096] + w=[2048x4096]  ->  y=[1x1024x2048]  (T=1024, K=1024)
  - op#02  op=K        shard=0   x=[1x1024x4096] + w=[2048x4096]  ->  y=[1x1024x2048]  (T=1024, K=1024)
  - op#03  op=V        shard=0   x=[1x1024x4096] + w=[2048x4096]  ->  y=[1x1024x2048]  (T=1024, K=1024)
  - op#04  op=Q        shard=1   x=[1x1024x4096] + w=[2048x4096]  ->  y=[1x1024x2048]  (T=1024, K=1024)
  - op#05  op=K        shard=1   x=[1x1024x4096] + w=[2048x4096]  ->  y=[1x1024x2048]  (T=1024, K=1024)
  - op#06  op=V        shard=1   x=[1x1024x4096] + w=[2048x4096]  ->  y=[1x1024x2048]  (T=1024, K=1024)
  - op#07  op=QK       shard=0   q=[1x16x1024x128] + k=[1x16x128x1024]  ->  y=[1x16x1024x1024]  (T=1024, K=1024)
  - op#08  op=QK       shard=1   q=[1x16x1024x128] + k=[1x16x128x1024]  ->  y=[1x16x1024x1024]  (T=1024, K=1024)
  - op#09  op=Softmax  shard=0   scores=[1x16x1024x1024]  ->  y=[1x16x1024x1024]  (T=1024, K=1024)
  - op#10  op=Softmax  shard=1   scores=[1x16x1024x1024]  ->  y=[1x16x1024x1024]  (T=1024, K=1024)
  - op#11  op=SV       shard=0   p=[1x16x1024x1024] + v=[1x16x1024x128]  ->  y=[1x16x1024x128]  (T=1024, K=1024)
  - op#12  op=SV       shard=1   p=[1x16x1024x1024] + v=[1x16x1024x128]  ->  y=[1x16x1024x128]  (T=1024, K=1024)
  - op#13  op=O        shard=0   x=[1x1024x2048] + w=[4096x2048]  ->  y=[1x1024x4096]  (T=1024, K=1024)
  - op#14  op=O        shard=1   x=[1x1024x2048] + w=[4096x2048]  ->  y=[1x1024x4096]  (T=1024, K=1024)
  - op#15  op=Add      shard=-1  a=[1x1024x4096] + b=[1x1024x4096]  ->  y=[1x1024x4096]  (T=1024, K=1024)
  - op#16  op=LN       shard=-1  x=[1x1024x4096] + w=[4096]  ->  y=[1x1024x4096]  (T=1024, K=1024)
  - op#17  op=FFN_W1   shard=0   x=[1x1024x4096] + w=[5504x4096]  ->  y=[1x1024x5504]  (T=1024, K=1024)
  - op#18  op=FFN_W3   shard=0   x=[1x1024x4096] + w=[5504x4096]  ->  y=[1x1024x5504]  (T=1024, K=1024)
  - op#19  op=FFN_W1   shard=1   x=[1x1024x4096] + w=[5504x4096]  ->  y=[1x1024x5504]  (T=1024, K=1024)
  - op#20  op=FFN_W3   shard=1   x=[1x1024x4096] + w=[5504x4096]  ->  y=[1x1024x5504]  (T=1024, K=1024)
  - op#21  op=SwiGLU   shard=0   a=[1x1024x5504] + b=[1x1024x5504]  ->  y=[1x1024x5504]  (T=1024, K=1024)
  - op#22  op=SwiGLU   shard=1   a=[1x1024x5504] + b=[1x1024x5504]  ->  y=[1x1024x5504]  (T=1024, K=1024)
  - op#23  op=FFN_W2   shard=0   x=[1x1024x5504] + w=[4096x5504]  ->  y=[1x1024x4096]  (T=1024, K=1024)
  - op#24  op=FFN_W2   shard=1   x=[1x1024x5504] + w=[4096x5504]  ->  y=[1x1024x4096]  (T=1024, K=1024)
  - op#25  op=Add      shard=-1  a=[1x1024x4096] + b=[1x1024x4096]  ->  y=[1x1024x4096]  (T=1024, K=1024)
[gpu-debug] per-op timing breakdown (avg over iters):
  idx  op       sh  io                                                    time   est_flops    TFLOPs       bytes      GB/s
  ------------------------------------------------------------------------------------------------------------------------
    0  LN       -1  x[1x1024x4096]+w[4096]->y[1x1024x4096]              0.104ms    20.972 M      0.20   16.01 MiB    162.14
    1  Q         0  x[1x1024x4096]+w[2048x4096]->y[1x1024x2048]         0.140ms    17.180 G    122.91   28.00 MiB    210.05
    2  K         0  x[1x1024x4096]+w[2048x4096]->y[1x1024x2048]         0.139ms    17.180 G    123.82   28.00 MiB    211.60
    3  V         0  x[1x1024x4096]+w[2048x4096]->y[1x1024x2048]         0.138ms    17.180 G    124.37   28.00 MiB    212.54
    4  Q         1  x[1x1024x4096]+w[2048x4096]->y[1x1024x2048]         0.139ms    17.180 G    123.63   28.00 MiB    211.29
    5  K         1  x[1x1024x4096]+w[2048x4096]->y[1x1024x2048]         0.138ms    17.180 G    124.09   28.00 MiB    212.07
    6  V         1  x[1x1024x4096]+w[2048x4096]->y[1x1024x2048]         0.138ms    17.180 G    124.18   28.00 MiB    212.23
    7  QK        0  q[1x16x1024x128]+k[1x16x128x1024]->y[1x16x1...      0.129ms     4.295 G     33.26   40.00 MiB    324.82
    8  QK        1  q[1x16x1024x128]+k[1x16x128x1024]->y[1x16x1...      0.129ms     4.295 G     33.24   40.00 MiB    324.56
    9  Softmax   0  scores[1x16x1024x1024]->y[1x16x1024x1024]           0.086ms    83.886 M      0.98   64.00 MiB    784.86
   10  Softmax   1  scores[1x16x1024x1024]->y[1x16x1024x1024]           0.083ms    83.886 M      1.01   64.00 MiB    806.10
   11  SV        0  p[1x16x1024x1024]+v[1x16x1024x128]->y[1x16x...      0.067ms     4.295 G     64.23   40.00 MiB    627.26
   12  SV        1  p[1x16x1024x1024]+v[1x16x1024x128]->y[1x16x...      0.061ms     4.295 G     69.91   40.00 MiB    682.67
   13  O         0  x[1x1024x2048]+w[4096x2048]->y[1x1024x4096]         0.169ms    17.180 G    101.43   28.00 MiB    173.35
   14  O         1  x[1x1024x2048]+w[4096x2048]->y[1x1024x4096]         0.169ms    17.180 G    101.50   28.00 MiB    173.45
   15  Add      -1  a[1x1024x4096]+b[1x1024x4096]->y[1x1024x4096]       0.017ms     4.194 M      0.25   24.00 MiB   1517.04
   16  LN       -1  x[1x1024x4096]+w[4096]->y[1x1024x4096]              0.093ms    20.972 M      0.22   16.01 MiB    179.93
   17  FFN_W1    0  x[1x1024x4096]+w[5504x4096]->y[1x1024x5504]         0.315ms    46.171 G    146.39   61.75 MiB    205.30
   18  FFN_W3    0  x[1x1024x4096]+w[5504x4096]->y[1x1024x5504]         0.315ms    46.171 G    146.68   61.75 MiB    205.70
   19  FFN_W1    1  x[1x1024x4096]+w[5504x4096]->y[1x1024x5504]         0.314ms    46.171 G    146.82   61.75 MiB    205.90
   20  FFN_W3    1  x[1x1024x4096]+w[5504x4096]->y[1x1024x5504]         0.314ms    46.171 G    146.87   61.75 MiB    205.97
   21  SwiGLU    0  a[1x1024x5504]+b[1x1024x5504]->y[1x1024x5504]       0.041ms    33.817 M      0.83   32.25 MiB    827.67
   22  SwiGLU    1  a[1x1024x5504]+b[1x1024x5504]->y[1x1024x5504]       0.042ms    33.817 M      0.81   32.25 MiB    809.41
   23  FFN_W2    0  x[1x1024x5504]+w[4096x5504]->y[1x1024x4096]         0.414ms    46.171 G    111.41   61.75 MiB    156.24
   24  FFN_W2    1  x[1x1024x5504]+w[4096x5504]->y[1x1024x4096]         0.414ms    46.171 G    111.63   61.75 MiB    156.55
   25  Add      -1  a[1x1024x4096]+b[1x1024x4096]->y[1x1024x4096]       0.018ms     4.194 M      0.24   24.00 MiB   1420.58
[gpu-debug] segment avg latency (cuda_events): 4.027 ms
[gpu-debug] sum(per-op)               : 4.127 ms (ratio=1.025)
[gpu-debug] NOTE: sum(per-op) may differ from segment latency due to Python overhead, event/launch overhead, and allocator/cache effects.
[gpu-debug] cuda mem before warmup: alloc=197.84 MiB reserved=210.00 MiB
[gpu-debug] cuda mem after warmup : alloc=484.59 MiB reserved=594.00 MiB
[gpu-debug] cuda mem peak (this segment): max_alloc=548.59 MiB max_reserved=594.00 MiB
  progress 11/11
