[run-gpu] tasks=6 warmup=3 iters=10 device=cuda dtype=bf16 batch=1 segment_scope=layer
[run-gpu] GPU[0] NVIDIA A100-PCIE-40GB; SM=108, CC=8.0
[run-gpu] nvidia-smi -L: GPU 0: NVIDIA A100-PCIE-40GB (UUID: GPU-d9e583db-d970-f6cd-7563-aefa55d156db)
[run-gpu] nvidia-smi query: NVIDIA A100-PCIE-40GB, GPU-d9e583db-d970-f6cd-7563-aefa55d156db, 560.35.03, 40960
[run-gpu][debug] torch_default_dtype=torch.float32
[run-gpu][debug] torch.backends.cuda.matmul.allow_tf32=False
[run-gpu][debug] cudnn.enabled=True benchmark=False deterministic=False allow_tf32=True
[run-gpu][debug] nvidia-smi snapshot: 0, 0, 0, 4, 40960, 28, 33.78, 250.00
========================================================================================
[gpu-debug] segment_key=npu|decode|0|48322b0ab0207f84448cb08e6eac5594
[gpu-debug] sig: device_type=npu phase=decode step=0 (count_hint=32)
[gpu-debug] ops_repr: LN:-1,QK:0,QK:1,Softmax:0,Softmax:1,SV:0,SV:1,Add:-1,LN:-1,SwiGLU:0,SwiGLU:1,Add:-1
[gpu-debug] cfg: device=cuda dtype=torch.bfloat16 batch=1 dim=4096 ffn_dim=11008 n_heads=32 shards=2
[gpu-debug] op plan (with inferred tensor shapes):
  - op#00  op=LN       shard=-1  x=[1x1x4096] + w=[4096]  ->  y=[1x1x4096]  (T=1, K=1025)
  - op#01  op=QK       shard=0   q=[1x16x1x128] + k=[1x16x128x1025]  ->  y=[1x16x1x1025]  (T=1, K=1025)
  - op#02  op=QK       shard=1   q=[1x16x1x128] + k=[1x16x128x1025]  ->  y=[1x16x1x1025]  (T=1, K=1025)
  - op#03  op=Softmax  shard=0   scores=[1x16x1x1025]  ->  y=[1x16x1x1025]  (T=1, K=1025)
  - op#04  op=Softmax  shard=1   scores=[1x16x1x1025]  ->  y=[1x16x1x1025]  (T=1, K=1025)
  - op#05  op=SV       shard=0   p=[1x16x1x1025] + v=[1x16x1025x128]  ->  y=[1x16x1x128]  (T=1, K=1025)
  - op#06  op=SV       shard=1   p=[1x16x1x1025] + v=[1x16x1025x128]  ->  y=[1x16x1x128]  (T=1, K=1025)
  - op#07  op=Add      shard=-1  a=[1x1x4096] + b=[1x1x4096]  ->  y=[1x1x4096]  (T=1, K=1025)
  - op#08  op=LN       shard=-1  x=[1x1x4096] + w=[4096]  ->  y=[1x1x4096]  (T=1, K=1025)
  - op#09  op=SwiGLU   shard=0   a=[1x1x5504] + b=[1x1x5504]  ->  y=[1x1x5504]  (T=1, K=1025)
  - op#10  op=SwiGLU   shard=1   a=[1x1x5504] + b=[1x1x5504]  ->  y=[1x1x5504]  (T=1, K=1025)
  - op#11  op=Add      shard=-1  a=[1x1x4096] + b=[1x1x4096]  ->  y=[1x1x4096]  (T=1, K=1025)
[gpu-debug] per-op timing breakdown (avg over iters):
  idx  op       sh  io                                                    time   est_flops    TFLOPs       bytes      GB/s
  ------------------------------------------------------------------------------------------------------------------------
    0  LN       -1  x[1x1x4096]+w[4096]->y[1x1x4096]                    0.062ms    20.480 K      0.00   24.00 KiB      0.39
    1  QK        0  q[1x16x1x128]+k[1x16x128x1025]->y[1x16x1x1025]      0.052ms     4.198 M      0.08    4.04 MiB     82.06
    2  QK        1  q[1x16x1x128]+k[1x16x128x1025]->y[1x16x1x1025]      0.042ms     4.198 M      0.10    4.04 MiB     99.66
    3  Softmax   0  scores[1x16x1x1025]->y[1x16x1x1025]                 0.025ms    82.000 K      0.00   64.06 KiB      2.58
    4  Softmax   1  scores[1x16x1x1025]->y[1x16x1x1025]                 0.020ms    82.000 K      0.00   64.06 KiB      3.32
    5  SV        0  p[1x16x1x1025]+v[1x16x1025x128]->y[1x16x1x128]      0.028ms     4.198 M      0.15    4.04 MiB    151.50
    6  SV        1  p[1x16x1x1025]+v[1x16x1025x128]->y[1x16x1x128]      0.031ms     4.198 M      0.14    4.04 MiB    138.33
    7  Add      -1  a[1x1x4096]+b[1x1x4096]->y[1x1x4096]                0.016ms     4.096 K      0.00   24.00 KiB      1.51
    8  LN       -1  x[1x1x4096]+w[4096]->y[1x1x4096]                    0.064ms    20.480 K      0.00   24.00 KiB      0.38
    9  SwiGLU    0  a[1x1x5504]+b[1x1x5504]->y[1x1x5504]                0.024ms    33.024 K      0.00   32.25 KiB      1.36
   10  SwiGLU    1  a[1x1x5504]+b[1x1x5504]->y[1x1x5504]                0.022ms    33.024 K      0.00   32.25 KiB      1.52
   11  Add      -1  a[1x1x4096]+b[1x1x4096]->y[1x1x4096]                0.016ms     4.096 K      0.00   24.00 KiB      1.58
[gpu-debug] segment avg latency (cuda_events): 0.265 ms
[gpu-debug] sum(per-op)               : 0.402 ms (ratio=1.519)
[gpu-debug] NOTE: sum(per-op) may differ from segment latency due to Python overhead, event/launch overhead, and allocator/cache effects.
[gpu-debug] cuda mem before warmup: alloc=0 B reserved=0 B
[gpu-debug] cuda mem after warmup : alloc=16.19 MiB reserved=22.00 MiB
[gpu-debug] cuda mem peak (this segment): max_alloc=16.26 MiB max_reserved=22.00 MiB
========================================================================================
[gpu-debug] segment_key=npu|decode|1|48322b0ab0207f84448cb08e6eac5594
[gpu-debug] sig: device_type=npu phase=decode step=1 (count_hint=32)
[gpu-debug] ops_repr: LN:-1,QK:0,QK:1,Softmax:0,Softmax:1,SV:0,SV:1,Add:-1,LN:-1,SwiGLU:0,SwiGLU:1,Add:-1
[gpu-debug] cfg: device=cuda dtype=torch.bfloat16 batch=1 dim=4096 ffn_dim=11008 n_heads=32 shards=2
[gpu-debug] op plan (with inferred tensor shapes):
  - op#00  op=LN       shard=-1  x=[1x1x4096] + w=[4096]  ->  y=[1x1x4096]  (T=1, K=1026)
  - op#01  op=QK       shard=0   q=[1x16x1x128] + k=[1x16x128x1026]  ->  y=[1x16x1x1026]  (T=1, K=1026)
  - op#02  op=QK       shard=1   q=[1x16x1x128] + k=[1x16x128x1026]  ->  y=[1x16x1x1026]  (T=1, K=1026)
  - op#03  op=Softmax  shard=0   scores=[1x16x1x1026]  ->  y=[1x16x1x1026]  (T=1, K=1026)
  - op#04  op=Softmax  shard=1   scores=[1x16x1x1026]  ->  y=[1x16x1x1026]  (T=1, K=1026)
  - op#05  op=SV       shard=0   p=[1x16x1x1026] + v=[1x16x1026x128]  ->  y=[1x16x1x128]  (T=1, K=1026)
  - op#06  op=SV       shard=1   p=[1x16x1x1026] + v=[1x16x1026x128]  ->  y=[1x16x1x128]  (T=1, K=1026)
  - op#07  op=Add      shard=-1  a=[1x1x4096] + b=[1x1x4096]  ->  y=[1x1x4096]  (T=1, K=1026)
  - op#08  op=LN       shard=-1  x=[1x1x4096] + w=[4096]  ->  y=[1x1x4096]  (T=1, K=1026)
  - op#09  op=SwiGLU   shard=0   a=[1x1x5504] + b=[1x1x5504]  ->  y=[1x1x5504]  (T=1, K=1026)
  - op#10  op=SwiGLU   shard=1   a=[1x1x5504] + b=[1x1x5504]  ->  y=[1x1x5504]  (T=1, K=1026)
  - op#11  op=Add      shard=-1  a=[1x1x4096] + b=[1x1x4096]  ->  y=[1x1x4096]  (T=1, K=1026)
[gpu-debug] per-op timing breakdown (avg over iters):
  idx  op       sh  io                                                    time   est_flops    TFLOPs       bytes      GB/s
  ------------------------------------------------------------------------------------------------------------------------
    0  LN       -1  x[1x1x4096]+w[4096]->y[1x1x4096]                    0.061ms    20.480 K      0.00   24.00 KiB      0.40
    1  QK        0  q[1x16x1x128]+k[1x16x128x1026]->y[1x16x1x1026]      0.051ms     4.202 M      0.08    4.04 MiB     83.81
    2  QK        1  q[1x16x1x128]+k[1x16x128x1026]->y[1x16x1x1026]      0.042ms     4.202 M      0.10    4.04 MiB     99.76
    3  Softmax   0  scores[1x16x1x1026]->y[1x16x1x1026]                 0.025ms    82.080 K      0.00   64.12 KiB      2.60
    4  Softmax   1  scores[1x16x1x1026]->y[1x16x1x1026]                 0.019ms    82.080 K      0.00   64.12 KiB      3.45
    5  SV        0  p[1x16x1x1026]+v[1x16x1026x128]->y[1x16x1x128]      0.031ms     4.202 M      0.14    4.04 MiB    138.46
    6  SV        1  p[1x16x1x1026]+v[1x16x1026x128]->y[1x16x1x128]      0.030ms     4.202 M      0.14    4.04 MiB    141.30
    7  Add      -1  a[1x1x4096]+b[1x1x4096]->y[1x1x4096]                0.012ms     4.096 K      0.00   24.00 KiB      1.97
    8  LN       -1  x[1x1x4096]+w[4096]->y[1x1x4096]                    0.063ms    20.480 K      0.00   24.00 KiB      0.39
    9  SwiGLU    0  a[1x1x5504]+b[1x1x5504]->y[1x1x5504]                0.024ms    33.024 K      0.00   32.25 KiB      1.37
   10  SwiGLU    1  a[1x1x5504]+b[1x1x5504]->y[1x1x5504]                0.021ms    33.024 K      0.00   32.25 KiB      1.57
   11  Add      -1  a[1x1x4096]+b[1x1x4096]->y[1x1x4096]                0.016ms     4.096 K      0.00   24.00 KiB      1.58
[gpu-debug] segment avg latency (cuda_events): 0.257 ms
[gpu-debug] sum(per-op)               : 0.395 ms (ratio=1.537)
[gpu-debug] NOTE: sum(per-op) may differ from segment latency due to Python overhead, event/launch overhead, and allocator/cache effects.
[gpu-debug] cuda mem before warmup: alloc=16.19 MiB reserved=22.00 MiB
[gpu-debug] cuda mem after warmup : alloc=24.24 MiB reserved=42.00 MiB
[gpu-debug] cuda mem peak (this segment): max_alloc=24.31 MiB max_reserved=42.00 MiB
========================================================================================
[gpu-debug] segment_key=npu|decode|2|48322b0ab0207f84448cb08e6eac5594
[gpu-debug] sig: device_type=npu phase=decode step=2 (count_hint=32)
[gpu-debug] ops_repr: LN:-1,QK:0,QK:1,Softmax:0,Softmax:1,SV:0,SV:1,Add:-1,LN:-1,SwiGLU:0,SwiGLU:1,Add:-1
[gpu-debug] cfg: device=cuda dtype=torch.bfloat16 batch=1 dim=4096 ffn_dim=11008 n_heads=32 shards=2
[gpu-debug] op plan (with inferred tensor shapes):
  - op#00  op=LN       shard=-1  x=[1x1x4096] + w=[4096]  ->  y=[1x1x4096]  (T=1, K=1088)
  - op#01  op=QK       shard=0   q=[1x16x1x128] + k=[1x16x128x1088]  ->  y=[1x16x1x1088]  (T=1, K=1088)
  - op#02  op=QK       shard=1   q=[1x16x1x128] + k=[1x16x128x1088]  ->  y=[1x16x1x1088]  (T=1, K=1088)
  - op#03  op=Softmax  shard=0   scores=[1x16x1x1088]  ->  y=[1x16x1x1088]  (T=1, K=1088)
  - op#04  op=Softmax  shard=1   scores=[1x16x1x1088]  ->  y=[1x16x1x1088]  (T=1, K=1088)
  - op#05  op=SV       shard=0   p=[1x16x1x1088] + v=[1x16x1088x128]  ->  y=[1x16x1x128]  (T=1, K=1088)
  - op#06  op=SV       shard=1   p=[1x16x1x1088] + v=[1x16x1088x128]  ->  y=[1x16x1x128]  (T=1, K=1088)
  - op#07  op=Add      shard=-1  a=[1x1x4096] + b=[1x1x4096]  ->  y=[1x1x4096]  (T=1, K=1088)
  - op#08  op=LN       shard=-1  x=[1x1x4096] + w=[4096]  ->  y=[1x1x4096]  (T=1, K=1088)
  - op#09  op=SwiGLU   shard=0   a=[1x1x5504] + b=[1x1x5504]  ->  y=[1x1x5504]  (T=1, K=1088)
  - op#10  op=SwiGLU   shard=1   a=[1x1x5504] + b=[1x1x5504]  ->  y=[1x1x5504]  (T=1, K=1088)
  - op#11  op=Add      shard=-1  a=[1x1x4096] + b=[1x1x4096]  ->  y=[1x1x4096]  (T=1, K=1088)
[gpu-debug] per-op timing breakdown (avg over iters):
  idx  op       sh  io                                                    time   est_flops    TFLOPs       bytes      GB/s
  ------------------------------------------------------------------------------------------------------------------------
    0  LN       -1  x[1x1x4096]+w[4096]->y[1x1x4096]                    0.062ms    20.480 K      0.00   24.00 KiB      0.40
    1  QK        0  q[1x16x1x128]+k[1x16x128x1088]->y[1x16x1x1088]      0.053ms     4.456 M      0.08    4.29 MiB     84.10
    2  QK        1  q[1x16x1x128]+k[1x16x128x1088]->y[1x16x1x1088]      0.044ms     4.456 M      0.10    4.29 MiB    102.81
    3  Softmax   0  scores[1x16x1x1088]->y[1x16x1x1088]                 0.026ms    87.040 K      0.00   68.00 KiB      2.71
    4  Softmax   1  scores[1x16x1x1088]->y[1x16x1x1088]                 0.019ms    87.040 K      0.00   68.00 KiB      3.60
    5  SV        0  p[1x16x1x1088]+v[1x16x1088x128]->y[1x16x1x128]      0.029ms     4.456 M      0.15    4.29 MiB    156.23
    6  SV        1  p[1x16x1x1088]+v[1x16x1088x128]->y[1x16x1x128]      0.031ms     4.456 M      0.15    4.29 MiB    146.33
    7  Add      -1  a[1x1x4096]+b[1x1x4096]->y[1x1x4096]                0.015ms     4.096 K      0.00   24.00 KiB      1.67
    8  LN       -1  x[1x1x4096]+w[4096]->y[1x1x4096]                    0.063ms    20.480 K      0.00   24.00 KiB      0.39
    9  SwiGLU    0  a[1x1x5504]+b[1x1x5504]->y[1x1x5504]                0.024ms    33.024 K      0.00   32.25 KiB      1.38
   10  SwiGLU    1  a[1x1x5504]+b[1x1x5504]->y[1x1x5504]                0.022ms    33.024 K      0.00   32.25 KiB      1.50
   11  Add      -1  a[1x1x4096]+b[1x1x4096]->y[1x1x4096]                0.017ms     4.096 K      0.00   24.00 KiB      1.45
[gpu-debug] segment avg latency (cuda_events): 0.259 ms
[gpu-debug] sum(per-op)               : 0.404 ms (ratio=1.560)
[gpu-debug] NOTE: sum(per-op) may differ from segment latency due to Python overhead, event/launch overhead, and allocator/cache effects.
[gpu-debug] cuda mem before warmup: alloc=24.24 MiB reserved=42.00 MiB
[gpu-debug] cuda mem after warmup : alloc=32.78 MiB reserved=42.00 MiB
[gpu-debug] cuda mem peak (this segment): max_alloc=32.84 MiB max_reserved=42.00 MiB
========================================================================================
[gpu-debug] segment_key=npu|decode|3|48322b0ab0207f84448cb08e6eac5594
[gpu-debug] sig: device_type=npu phase=decode step=3 (count_hint=32)
[gpu-debug] ops_repr: LN:-1,QK:0,QK:1,Softmax:0,Softmax:1,SV:0,SV:1,Add:-1,LN:-1,SwiGLU:0,SwiGLU:1,Add:-1
[gpu-debug] cfg: device=cuda dtype=torch.bfloat16 batch=1 dim=4096 ffn_dim=11008 n_heads=32 shards=2
[gpu-debug] op plan (with inferred tensor shapes):
  - op#00  op=LN       shard=-1  x=[1x1x4096] + w=[4096]  ->  y=[1x1x4096]  (T=1, K=1152)
  - op#01  op=QK       shard=0   q=[1x16x1x128] + k=[1x16x128x1152]  ->  y=[1x16x1x1152]  (T=1, K=1152)
  - op#02  op=QK       shard=1   q=[1x16x1x128] + k=[1x16x128x1152]  ->  y=[1x16x1x1152]  (T=1, K=1152)
  - op#03  op=Softmax  shard=0   scores=[1x16x1x1152]  ->  y=[1x16x1x1152]  (T=1, K=1152)
  - op#04  op=Softmax  shard=1   scores=[1x16x1x1152]  ->  y=[1x16x1x1152]  (T=1, K=1152)
  - op#05  op=SV       shard=0   p=[1x16x1x1152] + v=[1x16x1152x128]  ->  y=[1x16x1x128]  (T=1, K=1152)
  - op#06  op=SV       shard=1   p=[1x16x1x1152] + v=[1x16x1152x128]  ->  y=[1x16x1x128]  (T=1, K=1152)
  - op#07  op=Add      shard=-1  a=[1x1x4096] + b=[1x1x4096]  ->  y=[1x1x4096]  (T=1, K=1152)
  - op#08  op=LN       shard=-1  x=[1x1x4096] + w=[4096]  ->  y=[1x1x4096]  (T=1, K=1152)
  - op#09  op=SwiGLU   shard=0   a=[1x1x5504] + b=[1x1x5504]  ->  y=[1x1x5504]  (T=1, K=1152)
  - op#10  op=SwiGLU   shard=1   a=[1x1x5504] + b=[1x1x5504]  ->  y=[1x1x5504]  (T=1, K=1152)
  - op#11  op=Add      shard=-1  a=[1x1x4096] + b=[1x1x4096]  ->  y=[1x1x4096]  (T=1, K=1152)
[gpu-debug] per-op timing breakdown (avg over iters):
  idx  op       sh  io                                                    time   est_flops    TFLOPs       bytes      GB/s
  ------------------------------------------------------------------------------------------------------------------------
    0  LN       -1  x[1x1x4096]+w[4096]->y[1x1x4096]                    0.062ms    20.480 K      0.00   24.00 KiB      0.40
    1  QK        0  q[1x16x1x128]+k[1x16x128x1152]->y[1x16x1x1152]      0.054ms     4.719 M      0.09    4.54 MiB     88.37
    2  QK        1  q[1x16x1x128]+k[1x16x128x1152]->y[1x16x1x1152]      0.046ms     4.719 M      0.10    4.54 MiB    103.06
    3  Softmax   0  scores[1x16x1x1152]->y[1x16x1x1152]                 0.026ms    92.160 K      0.00   72.00 KiB      2.82
    4  Softmax   1  scores[1x16x1x1152]->y[1x16x1x1152]                 0.020ms    92.160 K      0.00   72.00 KiB      3.71
    5  SV        0  p[1x16x1x1152]+v[1x16x1152x128]->y[1x16x1x128]      0.028ms     4.719 M      0.17    4.54 MiB    169.64
    6  SV        1  p[1x16x1x1152]+v[1x16x1152x128]->y[1x16x1x128]      0.031ms     4.719 M      0.15    4.54 MiB    155.45
    7  Add      -1  a[1x1x4096]+b[1x1x4096]->y[1x1x4096]                0.015ms     4.096 K      0.00   24.00 KiB      1.63
    8  LN       -1  x[1x1x4096]+w[4096]->y[1x1x4096]                    0.063ms    20.480 K      0.00   24.00 KiB      0.39
    9  SwiGLU    0  a[1x1x5504]+b[1x1x5504]->y[1x1x5504]                0.024ms    33.024 K      0.00   32.25 KiB      1.35
   10  SwiGLU    1  a[1x1x5504]+b[1x1x5504]->y[1x1x5504]                0.022ms    33.024 K      0.00   32.25 KiB      1.53
   11  Add      -1  a[1x1x4096]+b[1x1x4096]->y[1x1x4096]                0.016ms     4.096 K      0.00   24.00 KiB      1.55
[gpu-debug] segment avg latency (cuda_events): 0.258 ms
[gpu-debug] sum(per-op)               : 0.407 ms (ratio=1.580)
[gpu-debug] NOTE: sum(per-op) may differ from segment latency due to Python overhead, event/launch overhead, and allocator/cache effects.
[gpu-debug] cuda mem before warmup: alloc=32.78 MiB reserved=42.00 MiB
[gpu-debug] cuda mem after warmup : alloc=41.81 MiB reserved=62.00 MiB
[gpu-debug] cuda mem peak (this segment): max_alloc=41.88 MiB max_reserved=62.00 MiB
========================================================================================
[gpu-debug] segment_key=npu|decode|4|48322b0ab0207f84448cb08e6eac5594
[gpu-debug] sig: device_type=npu phase=decode step=4 (count_hint=32)
[gpu-debug] ops_repr: LN:-1,QK:0,QK:1,Softmax:0,Softmax:1,SV:0,SV:1,Add:-1,LN:-1,SwiGLU:0,SwiGLU:1,Add:-1
[gpu-debug] cfg: device=cuda dtype=torch.bfloat16 batch=1 dim=4096 ffn_dim=11008 n_heads=32 shards=2
[gpu-debug] op plan (with inferred tensor shapes):
  - op#00  op=LN       shard=-1  x=[1x1x4096] + w=[4096]  ->  y=[1x1x4096]  (T=1, K=1216)
  - op#01  op=QK       shard=0   q=[1x16x1x128] + k=[1x16x128x1216]  ->  y=[1x16x1x1216]  (T=1, K=1216)
  - op#02  op=QK       shard=1   q=[1x16x1x128] + k=[1x16x128x1216]  ->  y=[1x16x1x1216]  (T=1, K=1216)
  - op#03  op=Softmax  shard=0   scores=[1x16x1x1216]  ->  y=[1x16x1x1216]  (T=1, K=1216)
  - op#04  op=Softmax  shard=1   scores=[1x16x1x1216]  ->  y=[1x16x1x1216]  (T=1, K=1216)
  - op#05  op=SV       shard=0   p=[1x16x1x1216] + v=[1x16x1216x128]  ->  y=[1x16x1x128]  (T=1, K=1216)
  - op#06  op=SV       shard=1   p=[1x16x1x1216] + v=[1x16x1216x128]  ->  y=[1x16x1x128]  (T=1, K=1216)
  - op#07  op=Add      shard=-1  a=[1x1x4096] + b=[1x1x4096]  ->  y=[1x1x4096]  (T=1, K=1216)
  - op#08  op=LN       shard=-1  x=[1x1x4096] + w=[4096]  ->  y=[1x1x4096]  (T=1, K=1216)
  - op#09  op=SwiGLU   shard=0   a=[1x1x5504] + b=[1x1x5504]  ->  y=[1x1x5504]  (T=1, K=1216)
  - op#10  op=SwiGLU   shard=1   a=[1x1x5504] + b=[1x1x5504]  ->  y=[1x1x5504]  (T=1, K=1216)
  - op#11  op=Add      shard=-1  a=[1x1x4096] + b=[1x1x4096]  ->  y=[1x1x4096]  (T=1, K=1216)
[gpu-debug] per-op timing breakdown (avg over iters):
  idx  op       sh  io                                                    time   est_flops    TFLOPs       bytes      GB/s
  ------------------------------------------------------------------------------------------------------------------------
    0  LN       -1  x[1x1x4096]+w[4096]->y[1x1x4096]                    0.063ms    20.480 K      0.00   24.00 KiB      0.39
    1  QK        0  q[1x16x1x128]+k[1x16x128x1216]->y[1x16x1x1216]      0.053ms     4.981 M      0.09    4.79 MiB     94.71
    2  QK        1  q[1x16x1x128]+k[1x16x128x1216]->y[1x16x1x1216]      0.044ms     4.981 M      0.11    4.79 MiB    114.89
    3  Softmax   0  scores[1x16x1x1216]->y[1x16x1x1216]                 0.027ms    97.280 K      0.00   76.00 KiB      2.92
    4  Softmax   1  scores[1x16x1x1216]->y[1x16x1x1216]                 0.020ms    97.280 K      0.00   76.00 KiB      3.90
    5  SV        0  p[1x16x1x1216]+v[1x16x1216x128]->y[1x16x1x128]      0.030ms     4.981 M      0.17    4.79 MiB    169.76
    6  SV        1  p[1x16x1x1216]+v[1x16x1216x128]->y[1x16x1x128]      0.030ms     4.981 M      0.16    4.79 MiB    165.19
    7  Add      -1  a[1x1x4096]+b[1x1x4096]->y[1x1x4096]                0.013ms     4.096 K      0.00   24.00 KiB      1.89
    8  LN       -1  x[1x1x4096]+w[4096]->y[1x1x4096]                    0.063ms    20.480 K      0.00   24.00 KiB      0.39
    9  SwiGLU    0  a[1x1x5504]+b[1x1x5504]->y[1x1x5504]                0.024ms    33.024 K      0.00   32.25 KiB      1.38
   10  SwiGLU    1  a[1x1x5504]+b[1x1x5504]->y[1x1x5504]                0.021ms    33.024 K      0.00   32.25 KiB      1.57
   11  Add      -1  a[1x1x4096]+b[1x1x4096]->y[1x1x4096]                0.017ms     4.096 K      0.00   24.00 KiB      1.43
[gpu-debug] segment avg latency (cuda_events): 0.257 ms
[gpu-debug] sum(per-op)               : 0.405 ms (ratio=1.572)
[gpu-debug] NOTE: sum(per-op) may differ from segment latency due to Python overhead, event/launch overhead, and allocator/cache effects.
[gpu-debug] cuda mem before warmup: alloc=41.81 MiB reserved=62.00 MiB
[gpu-debug] cuda mem after warmup : alloc=51.35 MiB reserved=62.00 MiB
[gpu-debug] cuda mem peak (this segment): max_alloc=51.42 MiB max_reserved=62.00 MiB
========================================================================================
[gpu-debug] segment_key=npu|prefill|-1|48322b0ab0207f84448cb08e6eac5594
[gpu-debug] sig: device_type=npu phase=prefill step=-1 (count_hint=32)
[gpu-debug] ops_repr: LN:-1,QK:0,QK:1,Softmax:0,Softmax:1,SV:0,SV:1,Add:-1,LN:-1,SwiGLU:0,SwiGLU:1,Add:-1
[gpu-debug] cfg: device=cuda dtype=torch.bfloat16 batch=1 dim=4096 ffn_dim=11008 n_heads=32 shards=2
[gpu-debug] op plan (with inferred tensor shapes):
  - op#00  op=LN       shard=-1  x=[1x1024x4096] + w=[4096]  ->  y=[1x1024x4096]  (T=1024, K=1024)
  - op#01  op=QK       shard=0   q=[1x16x1024x128] + k=[1x16x128x1024]  ->  y=[1x16x1024x1024]  (T=1024, K=1024)
  - op#02  op=QK       shard=1   q=[1x16x1024x128] + k=[1x16x128x1024]  ->  y=[1x16x1024x1024]  (T=1024, K=1024)
  - op#03  op=Softmax  shard=0   scores=[1x16x1024x1024]  ->  y=[1x16x1024x1024]  (T=1024, K=1024)
  - op#04  op=Softmax  shard=1   scores=[1x16x1024x1024]  ->  y=[1x16x1024x1024]  (T=1024, K=1024)
  - op#05  op=SV       shard=0   p=[1x16x1024x1024] + v=[1x16x1024x128]  ->  y=[1x16x1024x128]  (T=1024, K=1024)
  - op#06  op=SV       shard=1   p=[1x16x1024x1024] + v=[1x16x1024x128]  ->  y=[1x16x1024x128]  (T=1024, K=1024)
  - op#07  op=Add      shard=-1  a=[1x1024x4096] + b=[1x1024x4096]  ->  y=[1x1024x4096]  (T=1024, K=1024)
  - op#08  op=LN       shard=-1  x=[1x1024x4096] + w=[4096]  ->  y=[1x1024x4096]  (T=1024, K=1024)
  - op#09  op=SwiGLU   shard=0   a=[1x1024x5504] + b=[1x1024x5504]  ->  y=[1x1024x5504]  (T=1024, K=1024)
  - op#10  op=SwiGLU   shard=1   a=[1x1024x5504] + b=[1x1024x5504]  ->  y=[1x1024x5504]  (T=1024, K=1024)
  - op#11  op=Add      shard=-1  a=[1x1024x4096] + b=[1x1024x4096]  ->  y=[1x1024x4096]  (T=1024, K=1024)
[gpu-debug] per-op timing breakdown (avg over iters):
  idx  op       sh  io                                                    time   est_flops    TFLOPs       bytes      GB/s
  ------------------------------------------------------------------------------------------------------------------------
    0  LN       -1  x[1x1024x4096]+w[4096]->y[1x1024x4096]              0.119ms    20.972 M      0.18   16.01 MiB    140.82
    1  QK        0  q[1x16x1024x128]+k[1x16x128x1024]->y[1x16x1...      0.145ms     4.295 G     29.56   40.00 MiB    288.65
    2  QK        1  q[1x16x1024x128]+k[1x16x128x1024]->y[1x16x1...      0.146ms     4.295 G     29.33   40.00 MiB    286.43
    3  Softmax   0  scores[1x16x1024x1024]->y[1x16x1024x1024]           0.099ms    83.886 M      0.85   64.00 MiB    681.25
    4  Softmax   1  scores[1x16x1024x1024]->y[1x16x1024x1024]           0.095ms    83.886 M      0.88   64.00 MiB    703.93
    5  SV        0  p[1x16x1024x1024]+v[1x16x1024x128]->y[1x16x...      0.073ms     4.295 G     58.58   40.00 MiB    572.07
    6  SV        1  p[1x16x1024x1024]+v[1x16x1024x128]->y[1x16x...      0.068ms     4.295 G     63.36   40.00 MiB    618.73
    7  Add      -1  a[1x1024x4096]+b[1x1024x4096]->y[1x1024x4096]       0.020ms     4.194 M      0.21   24.00 MiB   1260.31
    8  LN       -1  x[1x1024x4096]+w[4096]->y[1x1024x4096]              0.114ms    20.972 M      0.18   16.01 MiB    147.81
    9  SwiGLU    0  a[1x1024x5504]+b[1x1024x5504]->y[1x1024x5504]       0.049ms    33.817 M      0.69   32.25 MiB    685.15
   10  SwiGLU    1  a[1x1024x5504]+b[1x1024x5504]->y[1x1024x5504]       0.049ms    33.817 M      0.69   32.25 MiB    686.57
   11  Add      -1  a[1x1024x4096]+b[1x1024x4096]->y[1x1024x4096]       0.021ms     4.194 M      0.20   24.00 MiB   1193.01
[gpu-debug] segment avg latency (cuda_events): 0.948 ms
[gpu-debug] sum(per-op)               : 0.999 ms (ratio=1.054)
[gpu-debug] NOTE: sum(per-op) may differ from segment latency due to Python overhead, event/launch overhead, and allocator/cache effects.
[gpu-debug] cuda mem before warmup: alloc=51.35 MiB reserved=62.00 MiB
[gpu-debug] cuda mem after warmup : alloc=110.10 MiB reserved=198.00 MiB
[gpu-debug] cuda mem peak (this segment): max_alloc=174.10 MiB max_reserved=198.00 MiB
  progress 6/6
