[slurm] jobid=9740372 nodelist=l12gpu02
[slurm] CUDA_VISIBLE_DEVICES=0
Sat Feb 28 09:07:16 2026       
+-----------------------------------------------------------------------------------------+
| NVIDIA-SMI 560.35.03              Driver Version: 560.35.03      CUDA Version: 12.6     |
|-----------------------------------------+------------------------+----------------------+
| GPU  Name                 Persistence-M | Bus-Id          Disp.A | Volatile Uncorr. ECC |
| Fan  Temp   Perf          Pwr:Usage/Cap |           Memory-Usage | GPU-Util  Compute M. |
|                                         |                        |               MIG M. |
|=========================================+========================+======================|
|   0  NVIDIA A100-PCIE-40GB          On  |   00000000:31:00.0 Off |                    0 |
| N/A   28C    P0             33W /  250W |       1MiB /  40960MiB |      0%      Default |
|                                         |                        |             Disabled |
+-----------------------------------------+------------------------+----------------------+
                                                                                         
+-----------------------------------------------------------------------------------------+
| Processes:                                                                              |
|  GPU   GI   CI        PID   Type   Process name                              GPU Memory |
|        ID   ID                                                               Usage      |
|=========================================================================================|
|  No running processes found                                                             |
+-----------------------------------------------------------------------------------------+
torch: 2.8.0+cu126
cuda available: True
device: NVIDIA A100-PCIE-40GB
[slurm] PY_SCRIPT=/lustre/home/2501111916/workspace/XPUPIM_0226_gpupim_parameter/TriForm/verify/schedule_deploy_verify.py
[slurm] TASKS_JSON=/lustre/home/2501111916/workspace/XPUPIM_0226_gpupim_parameter/TriForm/verify/hw_hardware_1gpu_2aim/st64/llama_7b_bf16_b32_s64/weights_on_pim_1024x1024.gpu_tasks.json
[slurm] OUT_JSON=/lustre/home/2501111916/workspace/XPUPIM_0226_gpupim_parameter/TriForm/verify/hw_hardware_1gpu_2aim/st64/llama_7b_bf16_b32_s64/weights_on_pim_1024x1024.gpu_results.json
[slurm] WARMUP=3 ITERS=10 DEVICE=cuda GPU_DTYPE=bf16 BATCH=1
[slurm] OK_FILE=/lustre/home/2501111916/workspace/XPUPIM_0226_gpupim_parameter/TriForm/verify/hw_hardware_1gpu_2aim/st64/llama_7b_bf16_b32_s64/weights_on_pim_1024x1024.gpu.ok
[slurm] Running: python /lustre/home/2501111916/workspace/XPUPIM_0226_gpupim_parameter/TriForm/verify/schedule_deploy_verify.py run-gpu --tasks /lustre/home/2501111916/workspace/XPUPIM_0226_gpupim_parameter/TriForm/verify/hw_hardware_1gpu_2aim/st64/llama_7b_bf16_b32_s64/weights_on_pim_1024x1024.gpu_tasks.json --out /lustre/home/2501111916/workspace/XPUPIM_0226_gpupim_parameter/TriForm/verify/hw_hardware_1gpu_2aim/st64/llama_7b_bf16_b32_s64/weights_on_pim_1024x1024.gpu_results.json --warmup 3 --iters 10 --debug --debug-txt /lustre/home/2501111916/workspace/XPUPIM_0226_gpupim_parameter/TriForm/verify/hw_hardware_1gpu_2aim/st64/llama_7b_bf16_b32_s64/weights_on_pim_1024x1024.gpu_debug.log --device cuda --gpu-dtype bf16 --batch 1
[run-gpu] tasks=18 warmup=3 iters=10 device=cuda dtype=bf16 batch=1 segment_scope=layer
[run-gpu] GPU[0] NVIDIA A100-PCIE-40GB; SM=108, CC=8.0
[run-gpu] nvidia-smi -L: GPU 0: NVIDIA A100-PCIE-40GB (UUID: GPU-d9e583db-d970-f6cd-7563-aefa55d156db)
[run-gpu] nvidia-smi query: NVIDIA A100-PCIE-40GB, GPU-d9e583db-d970-f6cd-7563-aefa55d156db, 560.35.03, 40960
[run-gpu][debug] torch_default_dtype=torch.float32
[run-gpu][debug] torch.backends.cuda.matmul.allow_tf32=False
[run-gpu][debug] cudnn.enabled=True benchmark=False deterministic=False allow_tf32=True
[run-gpu][debug] nvidia-smi snapshot: 0, 0, 0, 4, 40960, 28, 33.77, 250.00
========================================================================================
[gpu-debug] segment_key=npu|decode|0|48322b0ab0207f84448cb08e6eac5594
[gpu-debug] sig: device_type=npu phase=decode step=0 (count_hint=32)
[gpu-debug] ops_repr: LN:-1,QK:0,QK:1,Softmax:0,Softmax:1,SV:0,SV:1,Add:-1,LN:-1,SwiGLU:0,SwiGLU:1,Add:-1
[gpu-debug] cfg: device=cuda dtype=torch.bfloat16 batch=1 dim=4096 ffn_dim=11008 n_heads=32 shards=2
[gpu-debug] op plan (with inferred tensor shapes):
  - op#00  op=LN       shard=-1  x=[1x1x4096] + w=[4096]  ->  y=[1x1x4096]  (T=1, K=1025)
  - op#01  op=QK       shard=0   q=[1x16x1x128] + k=[1x16x128x1025]  ->  y=[1x16x1x1025]  (T=1, K=1025)
  - op#02  op=QK       shard=1   q=[1x16x1x128] + k=[1x16x128x1025]  ->  y=[1x16x1x1025]  (T=1, K=1025)
  - op#03  op=Softmax  shard=0   scores=[1x16x1x1025]  ->  y=[1x16x1x1025]  (T=1, K=1025)
  - op#04  op=Softmax  shard=1   scores=[1x16x1x1025]  ->  y=[1x16x1x1025]  (T=1, K=1025)
  - op#05  op=SV       shard=0   p=[1x16x1x1025] + v=[1x16x1025x128]  ->  y=[1x16x1x128]  (T=1, K=1025)
  - op#06  op=SV       shard=1   p=[1x16x1x1025] + v=[1x16x1025x128]  ->  y=[1x16x1x128]  (T=1, K=1025)
  - op#07  op=Add      shard=-1  a=[1x1x4096] + b=[1x1x4096]  ->  y=[1x1x4096]  (T=1, K=1025)
  - op#08  op=LN       shard=-1  x=[1x1x4096] + w=[4096]  ->  y=[1x1x4096]  (T=1, K=1025)
  - op#09  op=SwiGLU   shard=0   a=[1x1x5504] + b=[1x1x5504]  ->  y=[1x1x5504]  (T=1, K=1025)
  - op#10  op=SwiGLU   shard=1   a=[1x1x5504] + b=[1x1x5504]  ->  y=[1x1x5504]  (T=1, K=1025)
  - op#11  op=Add      shard=-1  a=[1x1x4096] + b=[1x1x4096]  ->  y=[1x1x4096]  (T=1, K=1025)
[gpu-debug] per-op timing breakdown (avg over iters):
  idx  op       sh  io                                                    time   est_flops    TFLOPs       bytes      GB/s
  ------------------------------------------------------------------------------------------------------------------------
    0  LN       -1  x[1x1x4096]+w[4096]->y[1x1x4096]                    0.061ms    20.480 K      0.00   24.00 KiB      0.40
    1  QK        0  q[1x16x1x128]+k[1x16x128x1025]->y[1x16x1x1025]      0.050ms     4.198 M      0.08    4.04 MiB     84.75
    2  QK        1  q[1x16x1x128]+k[1x16x128x1025]->y[1x16x1x1025]      0.042ms     4.198 M      0.10    4.04 MiB    101.37
    3  Softmax   0  scores[1x16x1x1025]->y[1x16x1x1025]                 0.024ms    82.000 K      0.00   64.06 KiB      2.77
    4  Softmax   1  scores[1x16x1x1025]->y[1x16x1x1025]                 0.018ms    82.000 K      0.00   64.06 KiB      3.75
    5  SV        0  p[1x16x1x1025]+v[1x16x1025x128]->y[1x16x1x128]      0.030ms     4.198 M      0.14    4.04 MiB    139.73
    6  SV        1  p[1x16x1x1025]+v[1x16x1025x128]->y[1x16x1x128]      0.029ms     4.198 M      0.14    4.04 MiB    143.61
    7  Add      -1  a[1x1x4096]+b[1x1x4096]->y[1x1x4096]                0.018ms     4.096 K      0.00   24.00 KiB      1.35
    8  LN       -1  x[1x1x4096]+w[4096]->y[1x1x4096]                    0.062ms    20.480 K      0.00   24.00 KiB      0.39
    9  SwiGLU    0  a[1x1x5504]+b[1x1x5504]->y[1x1x5504]                0.024ms    33.024 K      0.00   32.25 KiB      1.38
   10  SwiGLU    1  a[1x1x5504]+b[1x1x5504]->y[1x1x5504]                0.022ms    33.024 K      0.00   32.25 KiB      1.52
   11  Add      -1  a[1x1x4096]+b[1x1x4096]->y[1x1x4096]                0.015ms     4.096 K      0.00   24.00 KiB      1.62
[gpu-debug] segment avg latency (cuda_events): 0.265 ms
[gpu-debug] sum(per-op)               : 0.395 ms (ratio=1.492)
[gpu-debug] NOTE: sum(per-op) may differ from segment latency due to Python overhead, event/launch overhead, and allocator/cache effects.
[gpu-debug] cuda mem before warmup: alloc=0 B reserved=0 B
[gpu-debug] cuda mem after warmup : alloc=16.19 MiB reserved=22.00 MiB
[gpu-debug] cuda mem peak (this segment): max_alloc=16.26 MiB max_reserved=22.00 MiB
========================================================================================
[gpu-debug] segment_key=npu|decode|10|48322b0ab0207f84448cb08e6eac5594
[gpu-debug] sig: device_type=npu phase=decode step=10 (count_hint=32)
[gpu-debug] ops_repr: LN:-1,QK:0,QK:1,Softmax:0,Softmax:1,SV:0,SV:1,Add:-1,LN:-1,SwiGLU:0,SwiGLU:1,Add:-1
[gpu-debug] cfg: device=cuda dtype=torch.bfloat16 batch=1 dim=4096 ffn_dim=11008 n_heads=32 shards=2
[gpu-debug] op plan (with inferred tensor shapes):
  - op#00  op=LN       shard=-1  x=[1x1x4096] + w=[4096]  ->  y=[1x1x4096]  (T=1, K=1600)
  - op#01  op=QK       shard=0   q=[1x16x1x128] + k=[1x16x128x1600]  ->  y=[1x16x1x1600]  (T=1, K=1600)
  - op#02  op=QK       shard=1   q=[1x16x1x128] + k=[1x16x128x1600]  ->  y=[1x16x1x1600]  (T=1, K=1600)
  - op#03  op=Softmax  shard=0   scores=[1x16x1x1600]  ->  y=[1x16x1x1600]  (T=1, K=1600)
  - op#04  op=Softmax  shard=1   scores=[1x16x1x1600]  ->  y=[1x16x1x1600]  (T=1, K=1600)
  - op#05  op=SV       shard=0   p=[1x16x1x1600] + v=[1x16x1600x128]  ->  y=[1x16x1x128]  (T=1, K=1600)
  - op#06  op=SV       shard=1   p=[1x16x1x1600] + v=[1x16x1600x128]  ->  y=[1x16x1x128]  (T=1, K=1600)
  - op#07  op=Add      shard=-1  a=[1x1x4096] + b=[1x1x4096]  ->  y=[1x1x4096]  (T=1, K=1600)
  - op#08  op=LN       shard=-1  x=[1x1x4096] + w=[4096]  ->  y=[1x1x4096]  (T=1, K=1600)
  - op#09  op=SwiGLU   shard=0   a=[1x1x5504] + b=[1x1x5504]  ->  y=[1x1x5504]  (T=1, K=1600)
  - op#10  op=SwiGLU   shard=1   a=[1x1x5504] + b=[1x1x5504]  ->  y=[1x1x5504]  (T=1, K=1600)
  - op#11  op=Add      shard=-1  a=[1x1x4096] + b=[1x1x4096]  ->  y=[1x1x4096]  (T=1, K=1600)
[gpu-debug] per-op timing breakdown (avg over iters):
  idx  op       sh  io                                                    time   est_flops    TFLOPs       bytes      GB/s
  ------------------------------------------------------------------------------------------------------------------------
    0  LN       -1  x[1x1x4096]+w[4096]->y[1x1x4096]                    0.061ms    20.480 K      0.00   24.00 KiB      0.41
    1  QK        0  q[1x16x1x128]+k[1x16x128x1600]->y[1x16x1x1600]      0.053ms     6.554 M      0.12    6.30 MiB    123.88
    2  QK        1  q[1x16x1x128]+k[1x16x128x1600]->y[1x16x1x1600]      0.043ms     6.554 M      0.15    6.30 MiB    153.30
    3  Softmax   0  scores[1x16x1x1600]->y[1x16x1x1600]                 0.026ms   128.000 K      0.00  100.00 KiB      3.88
    4  Softmax   1  scores[1x16x1x1600]->y[1x16x1x1600]                 0.020ms   128.000 K      0.01  100.00 KiB      5.03
    5  SV        0  p[1x16x1x1600]+v[1x16x1600x128]->y[1x16x1x128]      0.031ms     6.554 M      0.21    6.30 MiB    212.30
    6  SV        1  p[1x16x1x1600]+v[1x16x1600x128]->y[1x16x1x128]      0.030ms     6.554 M      0.22    6.30 MiB    219.52
    7  Add      -1  a[1x1x4096]+b[1x1x4096]->y[1x1x4096]                0.014ms     4.096 K      0.00   24.00 KiB      1.70
    8  LN       -1  x[1x1x4096]+w[4096]->y[1x1x4096]                    0.063ms    20.480 K      0.00   24.00 KiB      0.39
    9  SwiGLU    0  a[1x1x5504]+b[1x1x5504]->y[1x1x5504]                0.024ms    33.024 K      0.00   32.25 KiB      1.36
   10  SwiGLU    1  a[1x1x5504]+b[1x1x5504]->y[1x1x5504]                0.021ms    33.024 K      0.00   32.25 KiB      1.57
   11  Add      -1  a[1x1x4096]+b[1x1x4096]->y[1x1x4096]                0.015ms     4.096 K      0.00   24.00 KiB      1.61
[gpu-debug] segment avg latency (cuda_events): 0.262 ms
[gpu-debug] sum(per-op)               : 0.403 ms (ratio=1.539)
[gpu-debug] NOTE: sum(per-op) may differ from segment latency due to Python overhead, event/launch overhead, and allocator/cache effects.
[gpu-debug] cuda mem before warmup: alloc=16.19 MiB reserved=22.00 MiB
[gpu-debug] cuda mem after warmup : alloc=28.74 MiB reserved=42.00 MiB
[gpu-debug] cuda mem peak (this segment): max_alloc=28.84 MiB max_reserved=42.00 MiB
========================================================================================
[gpu-debug] segment_key=npu|decode|11|48322b0ab0207f84448cb08e6eac5594
[gpu-debug] sig: device_type=npu phase=decode step=11 (count_hint=32)
[gpu-debug] ops_repr: LN:-1,QK:0,QK:1,Softmax:0,Softmax:1,SV:0,SV:1,Add:-1,LN:-1,SwiGLU:0,SwiGLU:1,Add:-1
[gpu-debug] cfg: device=cuda dtype=torch.bfloat16 batch=1 dim=4096 ffn_dim=11008 n_heads=32 shards=2
[gpu-debug] op plan (with inferred tensor shapes):
  - op#00  op=LN       shard=-1  x=[1x1x4096] + w=[4096]  ->  y=[1x1x4096]  (T=1, K=1664)
  - op#01  op=QK       shard=0   q=[1x16x1x128] + k=[1x16x128x1664]  ->  y=[1x16x1x1664]  (T=1, K=1664)
  - op#02  op=QK       shard=1   q=[1x16x1x128] + k=[1x16x128x1664]  ->  y=[1x16x1x1664]  (T=1, K=1664)
  - op#03  op=Softmax  shard=0   scores=[1x16x1x1664]  ->  y=[1x16x1x1664]  (T=1, K=1664)
  - op#04  op=Softmax  shard=1   scores=[1x16x1x1664]  ->  y=[1x16x1x1664]  (T=1, K=1664)
  - op#05  op=SV       shard=0   p=[1x16x1x1664] + v=[1x16x1664x128]  ->  y=[1x16x1x128]  (T=1, K=1664)
  - op#06  op=SV       shard=1   p=[1x16x1x1664] + v=[1x16x1664x128]  ->  y=[1x16x1x128]  (T=1, K=1664)
  - op#07  op=Add      shard=-1  a=[1x1x4096] + b=[1x1x4096]  ->  y=[1x1x4096]  (T=1, K=1664)
  - op#08  op=LN       shard=-1  x=[1x1x4096] + w=[4096]  ->  y=[1x1x4096]  (T=1, K=1664)
  - op#09  op=SwiGLU   shard=0   a=[1x1x5504] + b=[1x1x5504]  ->  y=[1x1x5504]  (T=1, K=1664)
  - op#10  op=SwiGLU   shard=1   a=[1x1x5504] + b=[1x1x5504]  ->  y=[1x1x5504]  (T=1, K=1664)
  - op#11  op=Add      shard=-1  a=[1x1x4096] + b=[1x1x4096]  ->  y=[1x1x4096]  (T=1, K=1664)
[gpu-debug] per-op timing breakdown (avg over iters):
  idx  op       sh  io                                                    time   est_flops    TFLOPs       bytes      GB/s
  ------------------------------------------------------------------------------------------------------------------------
    0  LN       -1  x[1x1x4096]+w[4096]->y[1x1x4096]                    0.060ms    20.480 K      0.00   24.00 KiB      0.41
    1  QK        0  q[1x16x1x128]+k[1x16x128x1664]->y[1x16x1x1664]      0.053ms     6.816 M      0.13    6.55 MiB    129.08
    2  QK        1  q[1x16x1x128]+k[1x16x128x1664]->y[1x16x1x1664]      0.043ms     6.816 M      0.16    6.55 MiB    161.35
    3  Softmax   0  scores[1x16x1x1664]->y[1x16x1x1664]                 0.027ms   133.120 K      0.01  104.00 KiB      4.00
    4  Softmax   1  scores[1x16x1x1664]->y[1x16x1x1664]                 0.020ms   133.120 K      0.01  104.00 KiB      5.31
    5  SV        0  p[1x16x1x1664]+v[1x16x1664x128]->y[1x16x1x128]      0.028ms     6.816 M      0.24    6.55 MiB    244.96
    6  SV        1  p[1x16x1x1664]+v[1x16x1664x128]->y[1x16x1x128]      0.030ms     6.816 M      0.22    6.55 MiB    225.99
    7  Add      -1  a[1x1x4096]+b[1x1x4096]->y[1x1x4096]                0.014ms     4.096 K      0.00   24.00 KiB      1.70
    8  LN       -1  x[1x1x4096]+w[4096]->y[1x1x4096]                    0.065ms    20.480 K      0.00   24.00 KiB      0.38
    9  SwiGLU    0  a[1x1x5504]+b[1x1x5504]->y[1x1x5504]                0.024ms    33.024 K      0.00   32.25 KiB      1.36
   10  SwiGLU    1  a[1x1x5504]+b[1x1x5504]->y[1x1x5504]                0.022ms    33.024 K      0.00   32.25 KiB      1.54
   11  Add      -1  a[1x1x4096]+b[1x1x4096]->y[1x1x4096]                0.016ms     4.096 K      0.00   24.00 KiB      1.56
[gpu-debug] segment avg latency (cuda_events): 0.259 ms
[gpu-debug] sum(per-op)               : 0.402 ms (ratio=1.553)
[gpu-debug] NOTE: sum(per-op) may differ from segment latency due to Python overhead, event/launch overhead, and allocator/cache effects.
[gpu-debug] cuda mem before warmup: alloc=28.74 MiB reserved=42.00 MiB
[gpu-debug] cuda mem after warmup : alloc=42.79 MiB reserved=62.00 MiB
[gpu-debug] cuda mem peak (this segment): max_alloc=42.90 MiB max_reserved=62.00 MiB
========================================================================================
[gpu-debug] segment_key=npu|decode|12|48322b0ab0207f84448cb08e6eac5594
[gpu-debug] sig: device_type=npu phase=decode step=12 (count_hint=32)
[gpu-debug] ops_repr: LN:-1,QK:0,QK:1,Softmax:0,Softmax:1,SV:0,SV:1,Add:-1,LN:-1,SwiGLU:0,SwiGLU:1,Add:-1
[gpu-debug] cfg: device=cuda dtype=torch.bfloat16 batch=1 dim=4096 ffn_dim=11008 n_heads=32 shards=2
[gpu-debug] op plan (with inferred tensor shapes):
  - op#00  op=LN       shard=-1  x=[1x1x4096] + w=[4096]  ->  y=[1x1x4096]  (T=1, K=1728)
  - op#01  op=QK       shard=0   q=[1x16x1x128] + k=[1x16x128x1728]  ->  y=[1x16x1x1728]  (T=1, K=1728)
  - op#02  op=QK       shard=1   q=[1x16x1x128] + k=[1x16x128x1728]  ->  y=[1x16x1x1728]  (T=1, K=1728)
  - op#03  op=Softmax  shard=0   scores=[1x16x1x1728]  ->  y=[1x16x1x1728]  (T=1, K=1728)
  - op#04  op=Softmax  shard=1   scores=[1x16x1x1728]  ->  y=[1x16x1x1728]  (T=1, K=1728)
  - op#05  op=SV       shard=0   p=[1x16x1x1728] + v=[1x16x1728x128]  ->  y=[1x16x1x128]  (T=1, K=1728)
  - op#06  op=SV       shard=1   p=[1x16x1x1728] + v=[1x16x1728x128]  ->  y=[1x16x1x128]  (T=1, K=1728)
  - op#07  op=Add      shard=-1  a=[1x1x4096] + b=[1x1x4096]  ->  y=[1x1x4096]  (T=1, K=1728)
  - op#08  op=LN       shard=-1  x=[1x1x4096] + w=[4096]  ->  y=[1x1x4096]  (T=1, K=1728)
  - op#09  op=SwiGLU   shard=0   a=[1x1x5504] + b=[1x1x5504]  ->  y=[1x1x5504]  (T=1, K=1728)
  - op#10  op=SwiGLU   shard=1   a=[1x1x5504] + b=[1x1x5504]  ->  y=[1x1x5504]  (T=1, K=1728)
  - op#11  op=Add      shard=-1  a=[1x1x4096] + b=[1x1x4096]  ->  y=[1x1x4096]  (T=1, K=1728)
[gpu-debug] per-op timing breakdown (avg over iters):
  idx  op       sh  io                                                    time   est_flops    TFLOPs       bytes      GB/s
  ------------------------------------------------------------------------------------------------------------------------
    0  LN       -1  x[1x1x4096]+w[4096]->y[1x1x4096]                    0.060ms    20.480 K      0.00   24.00 KiB      0.41
    1  QK        0  q[1x16x1x128]+k[1x16x128x1728]->y[1x16x1x1728]      0.053ms     7.078 M      0.13    6.81 MiB    133.78
    2  QK        1  q[1x16x1x128]+k[1x16x128x1728]->y[1x16x1x1728]      0.043ms     7.078 M      0.16    6.81 MiB    164.39
    3  Softmax   0  scores[1x16x1x1728]->y[1x16x1x1728]                 0.028ms   138.240 K      0.01  108.00 KiB      4.00
    4  Softmax   1  scores[1x16x1x1728]->y[1x16x1x1728]                 0.022ms   138.240 K      0.01  108.00 KiB      4.98
    5  SV        0  p[1x16x1x1728]+v[1x16x1728x128]->y[1x16x1x128]      0.031ms     7.078 M      0.23    6.81 MiB    230.79
    6  SV        1  p[1x16x1x1728]+v[1x16x1728x128]->y[1x16x1x128]      0.030ms     7.078 M      0.23    6.81 MiB    235.47
    7  Add      -1  a[1x1x4096]+b[1x1x4096]->y[1x1x4096]                0.012ms     4.096 K      0.00   24.00 KiB      2.00
    8  LN       -1  x[1x1x4096]+w[4096]->y[1x1x4096]                    0.063ms    20.480 K      0.00   24.00 KiB      0.39
    9  SwiGLU    0  a[1x1x5504]+b[1x1x5504]->y[1x1x5504]                0.025ms    33.024 K      0.00   32.25 KiB      1.34
   10  SwiGLU    1  a[1x1x5504]+b[1x1x5504]->y[1x1x5504]                0.021ms    33.024 K      0.00   32.25 KiB      1.58
   11  Add      -1  a[1x1x4096]+b[1x1x4096]->y[1x1x4096]                0.015ms     4.096 K      0.00   24.00 KiB      1.61
[gpu-debug] segment avg latency (cuda_events): 0.260 ms
[gpu-debug] sum(per-op)               : 0.404 ms (ratio=1.555)
[gpu-debug] NOTE: sum(per-op) may differ from segment latency due to Python overhead, event/launch overhead, and allocator/cache effects.
[gpu-debug] cuda mem before warmup: alloc=42.79 MiB reserved=62.00 MiB
[gpu-debug] cuda mem after warmup : alloc=56.35 MiB reserved=62.00 MiB
[gpu-debug] cuda mem peak (this segment): max_alloc=56.45 MiB max_reserved=62.00 MiB
========================================================================================
[gpu-debug] segment_key=npu|decode|13|48322b0ab0207f84448cb08e6eac5594
[gpu-debug] sig: device_type=npu phase=decode step=13 (count_hint=32)
[gpu-debug] ops_repr: LN:-1,QK:0,QK:1,Softmax:0,Softmax:1,SV:0,SV:1,Add:-1,LN:-1,SwiGLU:0,SwiGLU:1,Add:-1
[gpu-debug] cfg: device=cuda dtype=torch.bfloat16 batch=1 dim=4096 ffn_dim=11008 n_heads=32 shards=2
[gpu-debug] op plan (with inferred tensor shapes):
  - op#00  op=LN       shard=-1  x=[1x1x4096] + w=[4096]  ->  y=[1x1x4096]  (T=1, K=1792)
  - op#01  op=QK       shard=0   q=[1x16x1x128] + k=[1x16x128x1792]  ->  y=[1x16x1x1792]  (T=1, K=1792)
  - op#02  op=QK       shard=1   q=[1x16x1x128] + k=[1x16x128x1792]  ->  y=[1x16x1x1792]  (T=1, K=1792)
  - op#03  op=Softmax  shard=0   scores=[1x16x1x1792]  ->  y=[1x16x1x1792]  (T=1, K=1792)
  - op#04  op=Softmax  shard=1   scores=[1x16x1x1792]  ->  y=[1x16x1x1792]  (T=1, K=1792)
  - op#05  op=SV       shard=0   p=[1x16x1x1792] + v=[1x16x1792x128]  ->  y=[1x16x1x128]  (T=1, K=1792)
  - op#06  op=SV       shard=1   p=[1x16x1x1792] + v=[1x16x1792x128]  ->  y=[1x16x1x128]  (T=1, K=1792)
  - op#07  op=Add      shard=-1  a=[1x1x4096] + b=[1x1x4096]  ->  y=[1x1x4096]  (T=1, K=1792)
  - op#08  op=LN       shard=-1  x=[1x1x4096] + w=[4096]  ->  y=[1x1x4096]  (T=1, K=1792)
  - op#09  op=SwiGLU   shard=0   a=[1x1x5504] + b=[1x1x5504]  ->  y=[1x1x5504]  (T=1, K=1792)
  - op#10  op=SwiGLU   shard=1   a=[1x1x5504] + b=[1x1x5504]  ->  y=[1x1x5504]  (T=1, K=1792)
  - op#11  op=Add      shard=-1  a=[1x1x4096] + b=[1x1x4096]  ->  y=[1x1x4096]  (T=1, K=1792)
[gpu-debug] per-op timing breakdown (avg over iters):
  idx  op       sh  io                                                    time   est_flops    TFLOPs       bytes      GB/s
  ------------------------------------------------------------------------------------------------------------------------
    0  LN       -1  x[1x1x4096]+w[4096]->y[1x1x4096]                    0.061ms    20.480 K      0.00   24.00 KiB      0.40
    1  QK        0  q[1x16x1x128]+k[1x16x128x1792]->y[1x16x1x1792]      0.054ms     7.340 M      0.14    7.06 MiB    138.20
    2  QK        1  q[1x16x1x128]+k[1x16x128x1792]->y[1x16x1x1792]      0.043ms     7.340 M      0.17    7.06 MiB    172.10
    3  Softmax   0  scores[1x16x1x1792]->y[1x16x1x1792]                 0.027ms   143.360 K      0.01  112.00 KiB      4.21
    4  Softmax   1  scores[1x16x1x1792]->y[1x16x1x1792]                 0.021ms   143.360 K      0.01  112.00 KiB      5.44
    5  SV        0  p[1x16x1x1792]+v[1x16x1792x128]->y[1x16x1x128]      0.028ms     7.340 M      0.26    7.06 MiB    261.88
    6  SV        1  p[1x16x1x1792]+v[1x16x1792x128]->y[1x16x1x128]      0.031ms     7.340 M      0.24    7.06 MiB    242.55
    7  Add      -1  a[1x1x4096]+b[1x1x4096]->y[1x1x4096]                0.012ms     4.096 K      0.00   24.00 KiB      1.98
    8  LN       -1  x[1x1x4096]+w[4096]->y[1x1x4096]                    0.066ms    20.480 K      0.00   24.00 KiB      0.37
    9  SwiGLU    0  a[1x1x5504]+b[1x1x5504]->y[1x1x5504]                0.025ms    33.024 K      0.00   32.25 KiB      1.33
   10  SwiGLU    1  a[1x1x5504]+b[1x1x5504]->y[1x1x5504]                0.021ms    33.024 K      0.00   32.25 KiB      1.57
   11  Add      -1  a[1x1x4096]+b[1x1x4096]->y[1x1x4096]                0.016ms     4.096 K      0.00   24.00 KiB      1.58
[gpu-debug] segment avg latency (cuda_events): 0.260 ms
[gpu-debug] sum(per-op)               : 0.404 ms (ratio=1.554)
[gpu-debug] NOTE: sum(per-op) may differ from segment latency due to Python overhead, event/launch overhead, and allocator/cache effects.
[gpu-debug] cuda mem before warmup: alloc=56.35 MiB reserved=62.00 MiB
[gpu-debug] cuda mem after warmup : alloc=70.40 MiB reserved=82.00 MiB
[gpu-debug] cuda mem peak (this segment): max_alloc=70.51 MiB max_reserved=82.00 MiB
========================================================================================
[gpu-debug] segment_key=npu|decode|14|48322b0ab0207f84448cb08e6eac5594
[gpu-debug] sig: device_type=npu phase=decode step=14 (count_hint=32)
[gpu-debug] ops_repr: LN:-1,QK:0,QK:1,Softmax:0,Softmax:1,SV:0,SV:1,Add:-1,LN:-1,SwiGLU:0,SwiGLU:1,Add:-1
[gpu-debug] cfg: device=cuda dtype=torch.bfloat16 batch=1 dim=4096 ffn_dim=11008 n_heads=32 shards=2
[gpu-debug] op plan (with inferred tensor shapes):
  - op#00  op=LN       shard=-1  x=[1x1x4096] + w=[4096]  ->  y=[1x1x4096]  (T=1, K=1856)
  - op#01  op=QK       shard=0   q=[1x16x1x128] + k=[1x16x128x1856]  ->  y=[1x16x1x1856]  (T=1, K=1856)
  - op#02  op=QK       shard=1   q=[1x16x1x128] + k=[1x16x128x1856]  ->  y=[1x16x1x1856]  (T=1, K=1856)
  - op#03  op=Softmax  shard=0   scores=[1x16x1x1856]  ->  y=[1x16x1x1856]  (T=1, K=1856)
  - op#04  op=Softmax  shard=1   scores=[1x16x1x1856]  ->  y=[1x16x1x1856]  (T=1, K=1856)
  - op#05  op=SV       shard=0   p=[1x16x1x1856] + v=[1x16x1856x128]  ->  y=[1x16x1x128]  (T=1, K=1856)
  - op#06  op=SV       shard=1   p=[1x16x1x1856] + v=[1x16x1856x128]  ->  y=[1x16x1x128]  (T=1, K=1856)
  - op#07  op=Add      shard=-1  a=[1x1x4096] + b=[1x1x4096]  ->  y=[1x1x4096]  (T=1, K=1856)
  - op#08  op=LN       shard=-1  x=[1x1x4096] + w=[4096]  ->  y=[1x1x4096]  (T=1, K=1856)
  - op#09  op=SwiGLU   shard=0   a=[1x1x5504] + b=[1x1x5504]  ->  y=[1x1x5504]  (T=1, K=1856)
  - op#10  op=SwiGLU   shard=1   a=[1x1x5504] + b=[1x1x5504]  ->  y=[1x1x5504]  (T=1, K=1856)
  - op#11  op=Add      shard=-1  a=[1x1x4096] + b=[1x1x4096]  ->  y=[1x1x4096]  (T=1, K=1856)
[gpu-debug] per-op timing breakdown (avg over iters):
  idx  op       sh  io                                                    time   est_flops    TFLOPs       bytes      GB/s
  ------------------------------------------------------------------------------------------------------------------------
    0  LN       -1  x[1x1x4096]+w[4096]->y[1x1x4096]                    0.061ms    20.480 K      0.00   24.00 KiB      0.41
    1  QK        0  q[1x16x1x128]+k[1x16x128x1856]->y[1x16x1x1856]      0.053ms     7.602 M      0.14    7.31 MiB    143.69
    2  QK        1  q[1x16x1x128]+k[1x16x128x1856]->y[1x16x1x1856]      0.043ms     7.602 M      0.18    7.31 MiB    176.56
    3  Softmax   0  scores[1x16x1x1856]->y[1x16x1x1856]                 0.028ms   148.480 K      0.01  116.00 KiB      4.26
    4  Softmax   1  scores[1x16x1x1856]->y[1x16x1x1856]                 0.022ms   148.480 K      0.01  116.00 KiB      5.52
    5  SV        0  p[1x16x1x1856]+v[1x16x1856x128]->y[1x16x1x128]      0.030ms     7.602 M      0.26    7.31 MiB    259.03
    6  SV        1  p[1x16x1x1856]+v[1x16x1856x128]->y[1x16x1x128]      0.030ms     7.602 M      0.25    7.31 MiB    255.49
    7  Add      -1  a[1x1x4096]+b[1x1x4096]->y[1x1x4096]                0.011ms     4.096 K      0.00   24.00 KiB      2.24
    8  LN       -1  x[1x1x4096]+w[4096]->y[1x1x4096]                    0.066ms    20.480 K      0.00   24.00 KiB      0.37
    9  SwiGLU    0  a[1x1x5504]+b[1x1x5504]->y[1x1x5504]                0.024ms    33.024 K      0.00   32.25 KiB      1.37
   10  SwiGLU    1  a[1x1x5504]+b[1x1x5504]->y[1x1x5504]                0.021ms    33.024 K      0.00   32.25 KiB      1.60
   11  Add      -1  a[1x1x4096]+b[1x1x4096]->y[1x1x4096]                0.015ms     4.096 K      0.00   24.00 KiB      1.59
[gpu-debug] segment avg latency (cuda_events): 0.261 ms
[gpu-debug] sum(per-op)               : 0.403 ms (ratio=1.547)
[gpu-debug] NOTE: sum(per-op) may differ from segment latency due to Python overhead, event/launch overhead, and allocator/cache effects.
[gpu-debug] cuda mem before warmup: alloc=70.40 MiB reserved=82.00 MiB
[gpu-debug] cuda mem after warmup : alloc=84.96 MiB reserved=102.00 MiB
[gpu-debug] cuda mem peak (this segment): max_alloc=85.07 MiB max_reserved=102.00 MiB
========================================================================================
[gpu-debug] segment_key=npu|decode|15|48322b0ab0207f84448cb08e6eac5594
[gpu-debug] sig: device_type=npu phase=decode step=15 (count_hint=32)
[gpu-debug] ops_repr: LN:-1,QK:0,QK:1,Softmax:0,Softmax:1,SV:0,SV:1,Add:-1,LN:-1,SwiGLU:0,SwiGLU:1,Add:-1
[gpu-debug] cfg: device=cuda dtype=torch.bfloat16 batch=1 dim=4096 ffn_dim=11008 n_heads=32 shards=2
[gpu-debug] op plan (with inferred tensor shapes):
  - op#00  op=LN       shard=-1  x=[1x1x4096] + w=[4096]  ->  y=[1x1x4096]  (T=1, K=1920)
  - op#01  op=QK       shard=0   q=[1x16x1x128] + k=[1x16x128x1920]  ->  y=[1x16x1x1920]  (T=1, K=1920)
  - op#02  op=QK       shard=1   q=[1x16x1x128] + k=[1x16x128x1920]  ->  y=[1x16x1x1920]  (T=1, K=1920)
  - op#03  op=Softmax  shard=0   scores=[1x16x1x1920]  ->  y=[1x16x1x1920]  (T=1, K=1920)
  - op#04  op=Softmax  shard=1   scores=[1x16x1x1920]  ->  y=[1x16x1x1920]  (T=1, K=1920)
  - op#05  op=SV       shard=0   p=[1x16x1x1920] + v=[1x16x1920x128]  ->  y=[1x16x1x128]  (T=1, K=1920)
  - op#06  op=SV       shard=1   p=[1x16x1x1920] + v=[1x16x1920x128]  ->  y=[1x16x1x128]  (T=1, K=1920)
  - op#07  op=Add      shard=-1  a=[1x1x4096] + b=[1x1x4096]  ->  y=[1x1x4096]  (T=1, K=1920)
  - op#08  op=LN       shard=-1  x=[1x1x4096] + w=[4096]  ->  y=[1x1x4096]  (T=1, K=1920)
  - op#09  op=SwiGLU   shard=0   a=[1x1x5504] + b=[1x1x5504]  ->  y=[1x1x5504]  (T=1, K=1920)
  - op#10  op=SwiGLU   shard=1   a=[1x1x5504] + b=[1x1x5504]  ->  y=[1x1x5504]  (T=1, K=1920)
  - op#11  op=Add      shard=-1  a=[1x1x4096] + b=[1x1x4096]  ->  y=[1x1x4096]  (T=1, K=1920)
[gpu-debug] per-op timing breakdown (avg over iters):
  idx  op       sh  io                                                    time   est_flops    TFLOPs       bytes      GB/s
  ------------------------------------------------------------------------------------------------------------------------
    0  LN       -1  x[1x1x4096]+w[4096]->y[1x1x4096]                    0.060ms    20.480 K      0.00   24.00 KiB      0.41
    1  QK        0  q[1x16x1x128]+k[1x16x128x1920]->y[1x16x1x1920]      0.052ms     7.864 M      0.15    7.56 MiB    152.14
    2  QK        1  q[1x16x1x128]+k[1x16x128x1920]->y[1x16x1x1920]      0.044ms     7.864 M      0.18    7.56 MiB    178.85
    3  Softmax   0  scores[1x16x1x1920]->y[1x16x1x1920]                 0.028ms   153.600 K      0.01  120.00 KiB      4.40
    4  Softmax   1  scores[1x16x1x1920]->y[1x16x1x1920]                 0.022ms   153.600 K      0.01  120.00 KiB      5.61
    5  SV        0  p[1x16x1x1920]+v[1x16x1920x128]->y[1x16x1x128]      0.028ms     7.864 M      0.28    7.56 MiB    282.63
    6  SV        1  p[1x16x1x1920]+v[1x16x1920x128]->y[1x16x1x128]      0.030ms     7.864 M      0.26    7.56 MiB    262.51
    7  Add      -1  a[1x1x4096]+b[1x1x4096]->y[1x1x4096]                0.012ms     4.096 K      0.00   24.00 KiB      2.11
    8  LN       -1  x[1x1x4096]+w[4096]->y[1x1x4096]                    0.062ms    20.480 K      0.00   24.00 KiB      0.39
    9  SwiGLU    0  a[1x1x5504]+b[1x1x5504]->y[1x1x5504]                0.024ms    33.024 K      0.00   32.25 KiB      1.35
   10  SwiGLU    1  a[1x1x5504]+b[1x1x5504]->y[1x1x5504]                0.021ms    33.024 K      0.00   32.25 KiB      1.58
   11  Add      -1  a[1x1x4096]+b[1x1x4096]->y[1x1x4096]                0.015ms     4.096 K      0.00   24.00 KiB      1.63
[gpu-debug] segment avg latency (cuda_events): 0.259 ms
[gpu-debug] sum(per-op)               : 0.399 ms (ratio=1.539)
[gpu-debug] NOTE: sum(per-op) may differ from segment latency due to Python overhead, event/launch overhead, and allocator/cache effects.
[gpu-debug] cuda mem before warmup: alloc=84.96 MiB reserved=102.00 MiB
[gpu-debug] cuda mem after warmup : alloc=100.02 MiB reserved=122.00 MiB
[gpu-debug] cuda mem peak (this segment): max_alloc=100.13 MiB max_reserved=122.00 MiB
========================================================================================
[gpu-debug] segment_key=npu|decode|16|48322b0ab0207f84448cb08e6eac5594
[gpu-debug] sig: device_type=npu phase=decode step=16 (count_hint=32)
[gpu-debug] ops_repr: LN:-1,QK:0,QK:1,Softmax:0,Softmax:1,SV:0,SV:1,Add:-1,LN:-1,SwiGLU:0,SwiGLU:1,Add:-1
[gpu-debug] cfg: device=cuda dtype=torch.bfloat16 batch=1 dim=4096 ffn_dim=11008 n_heads=32 shards=2
[gpu-debug] op plan (with inferred tensor shapes):
  - op#00  op=LN       shard=-1  x=[1x1x4096] + w=[4096]  ->  y=[1x1x4096]  (T=1, K=1984)
  - op#01  op=QK       shard=0   q=[1x16x1x128] + k=[1x16x128x1984]  ->  y=[1x16x1x1984]  (T=1, K=1984)
  - op#02  op=QK       shard=1   q=[1x16x1x128] + k=[1x16x128x1984]  ->  y=[1x16x1x1984]  (T=1, K=1984)
  - op#03  op=Softmax  shard=0   scores=[1x16x1x1984]  ->  y=[1x16x1x1984]  (T=1, K=1984)
  - op#04  op=Softmax  shard=1   scores=[1x16x1x1984]  ->  y=[1x16x1x1984]  (T=1, K=1984)
  - op#05  op=SV       shard=0   p=[1x16x1x1984] + v=[1x16x1984x128]  ->  y=[1x16x1x128]  (T=1, K=1984)
  - op#06  op=SV       shard=1   p=[1x16x1x1984] + v=[1x16x1984x128]  ->  y=[1x16x1x128]  (T=1, K=1984)
  - op#07  op=Add      shard=-1  a=[1x1x4096] + b=[1x1x4096]  ->  y=[1x1x4096]  (T=1, K=1984)
  - op#08  op=LN       shard=-1  x=[1x1x4096] + w=[4096]  ->  y=[1x1x4096]  (T=1, K=1984)
  - op#09  op=SwiGLU   shard=0   a=[1x1x5504] + b=[1x1x5504]  ->  y=[1x1x5504]  (T=1, K=1984)
  - op#10  op=SwiGLU   shard=1   a=[1x1x5504] + b=[1x1x5504]  ->  y=[1x1x5504]  (T=1, K=1984)
  - op#11  op=Add      shard=-1  a=[1x1x4096] + b=[1x1x4096]  ->  y=[1x1x4096]  (T=1, K=1984)
[gpu-debug] per-op timing breakdown (avg over iters):
  idx  op       sh  io                                                    time   est_flops    TFLOPs       bytes      GB/s
  ------------------------------------------------------------------------------------------------------------------------
    0  LN       -1  x[1x1x4096]+w[4096]->y[1x1x4096]                    0.062ms    20.480 K      0.00   24.00 KiB      0.40
    1  QK        0  q[1x16x1x128]+k[1x16x128x1984]->y[1x16x1x1984]      0.054ms     8.126 M      0.15    7.81 MiB    152.42
    2  QK        1  q[1x16x1x128]+k[1x16x128x1984]->y[1x16x1x1984]      0.043ms     8.126 M      0.19    7.81 MiB    189.62
    3  Softmax   0  scores[1x16x1x1984]->y[1x16x1x1984]                 0.029ms   158.720 K      0.01  124.00 KiB      4.44
    4  Softmax   1  scores[1x16x1x1984]->y[1x16x1x1984]                 0.022ms   158.720 K      0.01  124.00 KiB      5.79
    5  SV        0  p[1x16x1x1984]+v[1x16x1984x128]->y[1x16x1x128]      0.030ms     8.126 M      0.27    7.81 MiB    275.93
    6  SV        1  p[1x16x1x1984]+v[1x16x1984x128]->y[1x16x1x128]      0.030ms     8.126 M      0.27    7.81 MiB    275.93
    7  Add      -1  a[1x1x4096]+b[1x1x4096]->y[1x1x4096]                0.010ms     4.096 K      0.00   24.00 KiB      2.50
    8  LN       -1  x[1x1x4096]+w[4096]->y[1x1x4096]                    0.062ms    20.480 K      0.00   24.00 KiB      0.40
    9  SwiGLU    0  a[1x1x5504]+b[1x1x5504]->y[1x1x5504]                0.025ms    33.024 K      0.00   32.25 KiB      1.34
   10  SwiGLU    1  a[1x1x5504]+b[1x1x5504]->y[1x1x5504]                0.022ms    33.024 K      0.00   32.25 KiB      1.51
   11  Add      -1  a[1x1x4096]+b[1x1x4096]->y[1x1x4096]                0.016ms     4.096 K      0.00   24.00 KiB      1.53
[gpu-debug] segment avg latency (cuda_events): 0.259 ms
[gpu-debug] sum(per-op)               : 0.403 ms (ratio=1.556)
[gpu-debug] NOTE: sum(per-op) may differ from segment latency due to Python overhead, event/launch overhead, and allocator/cache effects.
[gpu-debug] cuda mem before warmup: alloc=100.02 MiB reserved=122.00 MiB
[gpu-debug] cuda mem after warmup : alloc=115.58 MiB reserved=142.00 MiB
[gpu-debug] cuda mem peak (this segment): max_alloc=115.70 MiB max_reserved=142.00 MiB
========================================================================================
[gpu-debug] segment_key=npu|decode|1|48322b0ab0207f84448cb08e6eac5594
[gpu-debug] sig: device_type=npu phase=decode step=1 (count_hint=32)
[gpu-debug] ops_repr: LN:-1,QK:0,QK:1,Softmax:0,Softmax:1,SV:0,SV:1,Add:-1,LN:-1,SwiGLU:0,SwiGLU:1,Add:-1
[gpu-debug] cfg: device=cuda dtype=torch.bfloat16 batch=1 dim=4096 ffn_dim=11008 n_heads=32 shards=2
[gpu-debug] op plan (with inferred tensor shapes):
  - op#00  op=LN       shard=-1  x=[1x1x4096] + w=[4096]  ->  y=[1x1x4096]  (T=1, K=1026)
  - op#01  op=QK       shard=0   q=[1x16x1x128] + k=[1x16x128x1026]  ->  y=[1x16x1x1026]  (T=1, K=1026)
  - op#02  op=QK       shard=1   q=[1x16x1x128] + k=[1x16x128x1026]  ->  y=[1x16x1x1026]  (T=1, K=1026)
  - op#03  op=Softmax  shard=0   scores=[1x16x1x1026]  ->  y=[1x16x1x1026]  (T=1, K=1026)
  - op#04  op=Softmax  shard=1   scores=[1x16x1x1026]  ->  y=[1x16x1x1026]  (T=1, K=1026)
  - op#05  op=SV       shard=0   p=[1x16x1x1026] + v=[1x16x1026x128]  ->  y=[1x16x1x128]  (T=1, K=1026)
  - op#06  op=SV       shard=1   p=[1x16x1x1026] + v=[1x16x1026x128]  ->  y=[1x16x1x128]  (T=1, K=1026)
  - op#07  op=Add      shard=-1  a=[1x1x4096] + b=[1x1x4096]  ->  y=[1x1x4096]  (T=1, K=1026)
  - op#08  op=LN       shard=-1  x=[1x1x4096] + w=[4096]  ->  y=[1x1x4096]  (T=1, K=1026)
  - op#09  op=SwiGLU   shard=0   a=[1x1x5504] + b=[1x1x5504]  ->  y=[1x1x5504]  (T=1, K=1026)
  - op#10  op=SwiGLU   shard=1   a=[1x1x5504] + b=[1x1x5504]  ->  y=[1x1x5504]  (T=1, K=1026)
  - op#11  op=Add      shard=-1  a=[1x1x4096] + b=[1x1x4096]  ->  y=[1x1x4096]  (T=1, K=1026)
[gpu-debug] per-op timing breakdown (avg over iters):
  idx  op       sh  io                                                    time   est_flops    TFLOPs       bytes      GB/s
  ------------------------------------------------------------------------------------------------------------------------
    0  LN       -1  x[1x1x4096]+w[4096]->y[1x1x4096]                    0.061ms    20.480 K      0.00   24.00 KiB      0.41
    1  QK        0  q[1x16x1x128]+k[1x16x128x1026]->y[1x16x1x1026]      0.050ms     4.202 M      0.08    4.04 MiB     84.15
    2  QK        1  q[1x16x1x128]+k[1x16x128x1026]->y[1x16x1x1026]      0.041ms     4.202 M      0.10    4.04 MiB    104.55
    3  Softmax   0  scores[1x16x1x1026]->y[1x16x1x1026]                 0.023ms    82.080 K      0.00   64.12 KiB      2.81
    4  Softmax   1  scores[1x16x1x1026]->y[1x16x1x1026]                 0.018ms    82.080 K      0.00   64.12 KiB      3.75
    5  SV        0  p[1x16x1x1026]+v[1x16x1026x128]->y[1x16x1x128]      0.032ms     4.202 M      0.13    4.04 MiB    132.27
    6  SV        1  p[1x16x1x1026]+v[1x16x1026x128]->y[1x16x1x128]      0.030ms     4.202 M      0.14    4.04 MiB    142.27
    7  Add      -1  a[1x1x4096]+b[1x1x4096]->y[1x1x4096]                0.015ms     4.096 K      0.00   24.00 KiB      1.59
    8  LN       -1  x[1x1x4096]+w[4096]->y[1x1x4096]                    0.063ms    20.480 K      0.00   24.00 KiB      0.39
    9  SwiGLU    0  a[1x1x5504]+b[1x1x5504]->y[1x1x5504]                0.024ms    33.024 K      0.00   32.25 KiB      1.36
   10  SwiGLU    1  a[1x1x5504]+b[1x1x5504]->y[1x1x5504]                0.021ms    33.024 K      0.00   32.25 KiB      1.57
   11  Add      -1  a[1x1x4096]+b[1x1x4096]->y[1x1x4096]                0.015ms     4.096 K      0.00   24.00 KiB      1.60
[gpu-debug] segment avg latency (cuda_events): 0.254 ms
[gpu-debug] sum(per-op)               : 0.394 ms (ratio=1.553)
[gpu-debug] NOTE: sum(per-op) may differ from segment latency due to Python overhead, event/launch overhead, and allocator/cache effects.
[gpu-debug] cuda mem before warmup: alloc=115.58 MiB reserved=142.00 MiB
[gpu-debug] cuda mem after warmup : alloc=125.11 MiB reserved=142.00 MiB
[gpu-debug] cuda mem peak (this segment): max_alloc=125.17 MiB max_reserved=142.00 MiB
========================================================================================
[gpu-debug] segment_key=npu|decode|2|48322b0ab0207f84448cb08e6eac5594
[gpu-debug] sig: device_type=npu phase=decode step=2 (count_hint=32)
[gpu-debug] ops_repr: LN:-1,QK:0,QK:1,Softmax:0,Softmax:1,SV:0,SV:1,Add:-1,LN:-1,SwiGLU:0,SwiGLU:1,Add:-1
[gpu-debug] cfg: device=cuda dtype=torch.bfloat16 batch=1 dim=4096 ffn_dim=11008 n_heads=32 shards=2
[gpu-debug] op plan (with inferred tensor shapes):
  - op#00  op=LN       shard=-1  x=[1x1x4096] + w=[4096]  ->  y=[1x1x4096]  (T=1, K=1088)
  - op#01  op=QK       shard=0   q=[1x16x1x128] + k=[1x16x128x1088]  ->  y=[1x16x1x1088]  (T=1, K=1088)
  - op#02  op=QK       shard=1   q=[1x16x1x128] + k=[1x16x128x1088]  ->  y=[1x16x1x1088]  (T=1, K=1088)
  - op#03  op=Softmax  shard=0   scores=[1x16x1x1088]  ->  y=[1x16x1x1088]  (T=1, K=1088)
  - op#04  op=Softmax  shard=1   scores=[1x16x1x1088]  ->  y=[1x16x1x1088]  (T=1, K=1088)
  - op#05  op=SV       shard=0   p=[1x16x1x1088] + v=[1x16x1088x128]  ->  y=[1x16x1x128]  (T=1, K=1088)
  - op#06  op=SV       shard=1   p=[1x16x1x1088] + v=[1x16x1088x128]  ->  y=[1x16x1x128]  (T=1, K=1088)
  - op#07  op=Add      shard=-1  a=[1x1x4096] + b=[1x1x4096]  ->  y=[1x1x4096]  (T=1, K=1088)
  - op#08  op=LN       shard=-1  x=[1x1x4096] + w=[4096]  ->  y=[1x1x4096]  (T=1, K=1088)
  - op#09  op=SwiGLU   shard=0   a=[1x1x5504] + b=[1x1x5504]  ->  y=[1x1x5504]  (T=1, K=1088)
  - op#10  op=SwiGLU   shard=1   a=[1x1x5504] + b=[1x1x5504]  ->  y=[1x1x5504]  (T=1, K=1088)
  - op#11  op=Add      shard=-1  a=[1x1x4096] + b=[1x1x4096]  ->  y=[1x1x4096]  (T=1, K=1088)
[gpu-debug] per-op timing breakdown (avg over iters):
  idx  op       sh  io                                                    time   est_flops    TFLOPs       bytes      GB/s
  ------------------------------------------------------------------------------------------------------------------------
    0  LN       -1  x[1x1x4096]+w[4096]->y[1x1x4096]                    0.062ms    20.480 K      0.00   24.00 KiB      0.40
    1  QK        0  q[1x16x1x128]+k[1x16x128x1088]->y[1x16x1x1088]      0.054ms     4.456 M      0.08    4.29 MiB     83.94
    2  QK        1  q[1x16x1x128]+k[1x16x128x1088]->y[1x16x1x1088]      0.042ms     4.456 M      0.11    4.29 MiB    107.07
    3  Softmax   0  scores[1x16x1x1088]->y[1x16x1x1088]                 0.024ms    87.040 K      0.00   68.00 KiB      2.96
    4  Softmax   1  scores[1x16x1x1088]->y[1x16x1x1088]                 0.018ms    87.040 K      0.00   68.00 KiB      3.98
    5  SV        0  p[1x16x1x1088]+v[1x16x1088x128]->y[1x16x1x128]      0.031ms     4.456 M      0.14    4.29 MiB    145.36
    6  SV        1  p[1x16x1x1088]+v[1x16x1088x128]->y[1x16x1x128]      0.030ms     4.456 M      0.15    4.29 MiB    148.81
    7  Add      -1  a[1x1x4096]+b[1x1x4096]->y[1x1x4096]                0.017ms     4.096 K      0.00   24.00 KiB      1.47
    8  LN       -1  x[1x1x4096]+w[4096]->y[1x1x4096]                    0.063ms    20.480 K      0.00   24.00 KiB      0.39
    9  SwiGLU    0  a[1x1x5504]+b[1x1x5504]->y[1x1x5504]                0.024ms    33.024 K      0.00   32.25 KiB      1.36
   10  SwiGLU    1  a[1x1x5504]+b[1x1x5504]->y[1x1x5504]                0.021ms    33.024 K      0.00   32.25 KiB      1.56
   11  Add      -1  a[1x1x4096]+b[1x1x4096]->y[1x1x4096]                0.017ms     4.096 K      0.00   24.00 KiB      1.47
[gpu-debug] segment avg latency (cuda_events): 0.259 ms
[gpu-debug] sum(per-op)               : 0.401 ms (ratio=1.547)
[gpu-debug] NOTE: sum(per-op) may differ from segment latency due to Python overhead, event/launch overhead, and allocator/cache effects.
[gpu-debug] cuda mem before warmup: alloc=125.11 MiB reserved=142.00 MiB
[gpu-debug] cuda mem after warmup : alloc=133.64 MiB reserved=142.00 MiB
[gpu-debug] cuda mem peak (this segment): max_alloc=133.71 MiB max_reserved=142.00 MiB
========================================================================================
[gpu-debug] segment_key=npu|decode|3|48322b0ab0207f84448cb08e6eac5594
[gpu-debug] sig: device_type=npu phase=decode step=3 (count_hint=32)
[gpu-debug] ops_repr: LN:-1,QK:0,QK:1,Softmax:0,Softmax:1,SV:0,SV:1,Add:-1,LN:-1,SwiGLU:0,SwiGLU:1,Add:-1
[gpu-debug] cfg: device=cuda dtype=torch.bfloat16 batch=1 dim=4096 ffn_dim=11008 n_heads=32 shards=2
[gpu-debug] op plan (with inferred tensor shapes):
  - op#00  op=LN       shard=-1  x=[1x1x4096] + w=[4096]  ->  y=[1x1x4096]  (T=1, K=1152)
  - op#01  op=QK       shard=0   q=[1x16x1x128] + k=[1x16x128x1152]  ->  y=[1x16x1x1152]  (T=1, K=1152)
  - op#02  op=QK       shard=1   q=[1x16x1x128] + k=[1x16x128x1152]  ->  y=[1x16x1x1152]  (T=1, K=1152)
  - op#03  op=Softmax  shard=0   scores=[1x16x1x1152]  ->  y=[1x16x1x1152]  (T=1, K=1152)
  - op#04  op=Softmax  shard=1   scores=[1x16x1x1152]  ->  y=[1x16x1x1152]  (T=1, K=1152)
  - op#05  op=SV       shard=0   p=[1x16x1x1152] + v=[1x16x1152x128]  ->  y=[1x16x1x128]  (T=1, K=1152)
  - op#06  op=SV       shard=1   p=[1x16x1x1152] + v=[1x16x1152x128]  ->  y=[1x16x1x128]  (T=1, K=1152)
  - op#07  op=Add      shard=-1  a=[1x1x4096] + b=[1x1x4096]  ->  y=[1x1x4096]  (T=1, K=1152)
  - op#08  op=LN       shard=-1  x=[1x1x4096] + w=[4096]  ->  y=[1x1x4096]  (T=1, K=1152)
  - op#09  op=SwiGLU   shard=0   a=[1x1x5504] + b=[1x1x5504]  ->  y=[1x1x5504]  (T=1, K=1152)
  - op#10  op=SwiGLU   shard=1   a=[1x1x5504] + b=[1x1x5504]  ->  y=[1x1x5504]  (T=1, K=1152)
  - op#11  op=Add      shard=-1  a=[1x1x4096] + b=[1x1x4096]  ->  y=[1x1x4096]  (T=1, K=1152)
[gpu-debug] per-op timing breakdown (avg over iters):
  idx  op       sh  io                                                    time   est_flops    TFLOPs       bytes      GB/s
  ------------------------------------------------------------------------------------------------------------------------
    0  LN       -1  x[1x1x4096]+w[4096]->y[1x1x4096]                    0.062ms    20.480 K      0.00   24.00 KiB      0.40
    1  QK        0  q[1x16x1x128]+k[1x16x128x1152]->y[1x16x1x1152]      0.063ms     4.719 M      0.08    4.54 MiB     75.70
    2  QK        1  q[1x16x1x128]+k[1x16x128x1152]->y[1x16x1x1152]      0.043ms     4.719 M      0.11    4.54 MiB    109.88
    3  Softmax   0  scores[1x16x1x1152]->y[1x16x1x1152]                 0.024ms    92.160 K      0.00   72.00 KiB      3.08
    4  Softmax   1  scores[1x16x1x1152]->y[1x16x1x1152]                 0.018ms    92.160 K      0.01   72.00 KiB      4.11
    5  SV        0  p[1x16x1x1152]+v[1x16x1152x128]->y[1x16x1x128]      0.031ms     4.719 M      0.15    4.54 MiB    155.45
    6  SV        1  p[1x16x1x1152]+v[1x16x1152x128]->y[1x16x1x128]      0.030ms     4.719 M      0.16    4.54 MiB    158.63
    7  Add      -1  a[1x1x4096]+b[1x1x4096]->y[1x1x4096]                0.017ms     4.096 K      0.00   24.00 KiB      1.45
    8  LN       -1  x[1x1x4096]+w[4096]->y[1x1x4096]                    0.062ms    20.480 K      0.00   24.00 KiB      0.39
    9  SwiGLU    0  a[1x1x5504]+b[1x1x5504]->y[1x1x5504]                0.024ms    33.024 K      0.00   32.25 KiB      1.37
   10  SwiGLU    1  a[1x1x5504]+b[1x1x5504]->y[1x1x5504]                0.021ms    33.024 K      0.00   32.25 KiB      1.58
   11  Add      -1  a[1x1x4096]+b[1x1x4096]->y[1x1x4096]                0.015ms     4.096 K      0.00   24.00 KiB      1.61
[gpu-debug] segment avg latency (cuda_events): 0.259 ms
[gpu-debug] sum(per-op)               : 0.410 ms (ratio=1.582)
[gpu-debug] NOTE: sum(per-op) may differ from segment latency due to Python overhead, event/launch overhead, and allocator/cache effects.
[gpu-debug] cuda mem before warmup: alloc=133.64 MiB reserved=142.00 MiB
[gpu-debug] cuda mem after warmup : alloc=142.68 MiB reserved=162.00 MiB
[gpu-debug] cuda mem peak (this segment): max_alloc=142.75 MiB max_reserved=162.00 MiB
========================================================================================
[gpu-debug] segment_key=npu|decode|4|48322b0ab0207f84448cb08e6eac5594
[gpu-debug] sig: device_type=npu phase=decode step=4 (count_hint=32)
[gpu-debug] ops_repr: LN:-1,QK:0,QK:1,Softmax:0,Softmax:1,SV:0,SV:1,Add:-1,LN:-1,SwiGLU:0,SwiGLU:1,Add:-1
[gpu-debug] cfg: device=cuda dtype=torch.bfloat16 batch=1 dim=4096 ffn_dim=11008 n_heads=32 shards=2
[gpu-debug] op plan (with inferred tensor shapes):
  - op#00  op=LN       shard=-1  x=[1x1x4096] + w=[4096]  ->  y=[1x1x4096]  (T=1, K=1216)
  - op#01  op=QK       shard=0   q=[1x16x1x128] + k=[1x16x128x1216]  ->  y=[1x16x1x1216]  (T=1, K=1216)
  - op#02  op=QK       shard=1   q=[1x16x1x128] + k=[1x16x128x1216]  ->  y=[1x16x1x1216]  (T=1, K=1216)
  - op#03  op=Softmax  shard=0   scores=[1x16x1x1216]  ->  y=[1x16x1x1216]  (T=1, K=1216)
  - op#04  op=Softmax  shard=1   scores=[1x16x1x1216]  ->  y=[1x16x1x1216]  (T=1, K=1216)
  - op#05  op=SV       shard=0   p=[1x16x1x1216] + v=[1x16x1216x128]  ->  y=[1x16x1x128]  (T=1, K=1216)
  - op#06  op=SV       shard=1   p=[1x16x1x1216] + v=[1x16x1216x128]  ->  y=[1x16x1x128]  (T=1, K=1216)
  - op#07  op=Add      shard=-1  a=[1x1x4096] + b=[1x1x4096]  ->  y=[1x1x4096]  (T=1, K=1216)
  - op#08  op=LN       shard=-1  x=[1x1x4096] + w=[4096]  ->  y=[1x1x4096]  (T=1, K=1216)
  - op#09  op=SwiGLU   shard=0   a=[1x1x5504] + b=[1x1x5504]  ->  y=[1x1x5504]  (T=1, K=1216)
  - op#10  op=SwiGLU   shard=1   a=[1x1x5504] + b=[1x1x5504]  ->  y=[1x1x5504]  (T=1, K=1216)
  - op#11  op=Add      shard=-1  a=[1x1x4096] + b=[1x1x4096]  ->  y=[1x1x4096]  (T=1, K=1216)
[gpu-debug] per-op timing breakdown (avg over iters):
  idx  op       sh  io                                                    time   est_flops    TFLOPs       bytes      GB/s
  ------------------------------------------------------------------------------------------------------------------------
    0  LN       -1  x[1x1x4096]+w[4096]->y[1x1x4096]                    0.061ms    20.480 K      0.00   24.00 KiB      0.40
    1  QK        0  q[1x16x1x128]+k[1x16x128x1216]->y[1x16x1x1216]      0.053ms     4.981 M      0.09    4.79 MiB     94.35
    2  QK        1  q[1x16x1x128]+k[1x16x128x1216]->y[1x16x1x1216]      0.042ms     4.981 M      0.12    4.79 MiB    119.37
    3  Softmax   0  scores[1x16x1x1216]->y[1x16x1x1216]                 0.024ms    97.280 K      0.00   76.00 KiB      3.21
    4  Softmax   1  scores[1x16x1x1216]->y[1x16x1x1216]                 0.018ms    97.280 K      0.01   76.00 KiB      4.37
    5  SV        0  p[1x16x1x1216]+v[1x16x1216x128]->y[1x16x1x128]      0.032ms     4.981 M      0.16    4.79 MiB    157.75
    6  SV        1  p[1x16x1x1216]+v[1x16x1216x128]->y[1x16x1x128]      0.031ms     4.981 M      0.16    4.79 MiB    164.08
    7  Add      -1  a[1x1x4096]+b[1x1x4096]->y[1x1x4096]                0.015ms     4.096 K      0.00   24.00 KiB      1.62
    8  LN       -1  x[1x1x4096]+w[4096]->y[1x1x4096]                    0.062ms    20.480 K      0.00   24.00 KiB      0.40
    9  SwiGLU    0  a[1x1x5504]+b[1x1x5504]->y[1x1x5504]                0.025ms    33.024 K      0.00   32.25 KiB      1.33
   10  SwiGLU    1  a[1x1x5504]+b[1x1x5504]->y[1x1x5504]                0.022ms    33.024 K      0.00   32.25 KiB      1.48
   11  Add      -1  a[1x1x4096]+b[1x1x4096]->y[1x1x4096]                0.016ms     4.096 K      0.00   24.00 KiB      1.49
[gpu-debug] segment avg latency (cuda_events): 0.258 ms
[gpu-debug] sum(per-op)               : 0.401 ms (ratio=1.557)
[gpu-debug] NOTE: sum(per-op) may differ from segment latency due to Python overhead, event/launch overhead, and allocator/cache effects.
[gpu-debug] cuda mem before warmup: alloc=142.68 MiB reserved=162.00 MiB
[gpu-debug] cuda mem after warmup : alloc=152.21 MiB reserved=162.00 MiB
[gpu-debug] cuda mem peak (this segment): max_alloc=152.29 MiB max_reserved=162.00 MiB
========================================================================================
[gpu-debug] segment_key=npu|decode|5|48322b0ab0207f84448cb08e6eac5594
[gpu-debug] sig: device_type=npu phase=decode step=5 (count_hint=32)
[gpu-debug] ops_repr: LN:-1,QK:0,QK:1,Softmax:0,Softmax:1,SV:0,SV:1,Add:-1,LN:-1,SwiGLU:0,SwiGLU:1,Add:-1
[gpu-debug] cfg: device=cuda dtype=torch.bfloat16 batch=1 dim=4096 ffn_dim=11008 n_heads=32 shards=2
[gpu-debug] op plan (with inferred tensor shapes):
  - op#00  op=LN       shard=-1  x=[1x1x4096] + w=[4096]  ->  y=[1x1x4096]  (T=1, K=1280)
  - op#01  op=QK       shard=0   q=[1x16x1x128] + k=[1x16x128x1280]  ->  y=[1x16x1x1280]  (T=1, K=1280)
  - op#02  op=QK       shard=1   q=[1x16x1x128] + k=[1x16x128x1280]  ->  y=[1x16x1x1280]  (T=1, K=1280)
  - op#03  op=Softmax  shard=0   scores=[1x16x1x1280]  ->  y=[1x16x1x1280]  (T=1, K=1280)
  - op#04  op=Softmax  shard=1   scores=[1x16x1x1280]  ->  y=[1x16x1x1280]  (T=1, K=1280)
  - op#05  op=SV       shard=0   p=[1x16x1x1280] + v=[1x16x1280x128]  ->  y=[1x16x1x128]  (T=1, K=1280)
  - op#06  op=SV       shard=1   p=[1x16x1x1280] + v=[1x16x1280x128]  ->  y=[1x16x1x128]  (T=1, K=1280)
  - op#07  op=Add      shard=-1  a=[1x1x4096] + b=[1x1x4096]  ->  y=[1x1x4096]  (T=1, K=1280)
  - op#08  op=LN       shard=-1  x=[1x1x4096] + w=[4096]  ->  y=[1x1x4096]  (T=1, K=1280)
  - op#09  op=SwiGLU   shard=0   a=[1x1x5504] + b=[1x1x5504]  ->  y=[1x1x5504]  (T=1, K=1280)
  - op#10  op=SwiGLU   shard=1   a=[1x1x5504] + b=[1x1x5504]  ->  y=[1x1x5504]  (T=1, K=1280)
  - op#11  op=Add      shard=-1  a=[1x1x4096] + b=[1x1x4096]  ->  y=[1x1x4096]  (T=1, K=1280)
[gpu-debug] per-op timing breakdown (avg over iters):
  idx  op       sh  io                                                    time   est_flops    TFLOPs       bytes      GB/s
  ------------------------------------------------------------------------------------------------------------------------
    0  LN       -1  x[1x1x4096]+w[4096]->y[1x1x4096]                    0.061ms    20.480 K      0.00   24.00 KiB      0.40
    1  QK        0  q[1x16x1x128]+k[1x16x128x1280]->y[1x16x1x1280]      0.054ms     5.243 M      0.10    5.04 MiB     98.55
    2  QK        1  q[1x16x1x128]+k[1x16x128x1280]->y[1x16x1x1280]      0.043ms     5.243 M      0.12    5.04 MiB    124.13
    3  Softmax   0  scores[1x16x1x1280]->y[1x16x1x1280]                 0.025ms   102.400 K      0.00   80.00 KiB      3.33
    4  Softmax   1  scores[1x16x1x1280]->y[1x16x1x1280]                 0.018ms   102.400 K      0.01   80.00 KiB      4.47
    5  SV        0  p[1x16x1x1280]+v[1x16x1280x128]->y[1x16x1x128]      0.033ms     5.243 M      0.16    5.04 MiB    161.88
    6  SV        1  p[1x16x1x1280]+v[1x16x1280x128]->y[1x16x1x128]      0.031ms     5.243 M      0.17    5.04 MiB    168.21
    7  Add      -1  a[1x1x4096]+b[1x1x4096]->y[1x1x4096]                0.015ms     4.096 K      0.00   24.00 KiB      1.62
    8  LN       -1  x[1x1x4096]+w[4096]->y[1x1x4096]                    0.062ms    20.480 K      0.00   24.00 KiB      0.39
    9  SwiGLU    0  a[1x1x5504]+b[1x1x5504]->y[1x1x5504]                0.024ms    33.024 K      0.00   32.25 KiB      1.38
   10  SwiGLU    1  a[1x1x5504]+b[1x1x5504]->y[1x1x5504]                0.021ms    33.024 K      0.00   32.25 KiB      1.60
   11  Add      -1  a[1x1x4096]+b[1x1x4096]->y[1x1x4096]                0.015ms     4.096 K      0.00   24.00 KiB      1.63
[gpu-debug] segment avg latency (cuda_events): 0.259 ms
[gpu-debug] sum(per-op)               : 0.401 ms (ratio=1.547)
[gpu-debug] NOTE: sum(per-op) may differ from segment latency due to Python overhead, event/launch overhead, and allocator/cache effects.
[gpu-debug] cuda mem before warmup: alloc=152.21 MiB reserved=162.00 MiB
[gpu-debug] cuda mem after warmup : alloc=162.25 MiB reserved=182.00 MiB
[gpu-debug] cuda mem peak (this segment): max_alloc=162.33 MiB max_reserved=182.00 MiB
========================================================================================
[gpu-debug] segment_key=npu|decode|6|48322b0ab0207f84448cb08e6eac5594
[gpu-debug] sig: device_type=npu phase=decode step=6 (count_hint=32)
[gpu-debug] ops_repr: LN:-1,QK:0,QK:1,Softmax:0,Softmax:1,SV:0,SV:1,Add:-1,LN:-1,SwiGLU:0,SwiGLU:1,Add:-1
[gpu-debug] cfg: device=cuda dtype=torch.bfloat16 batch=1 dim=4096 ffn_dim=11008 n_heads=32 shards=2
[gpu-debug] op plan (with inferred tensor shapes):
  - op#00  op=LN       shard=-1  x=[1x1x4096] + w=[4096]  ->  y=[1x1x4096]  (T=1, K=1344)
  - op#01  op=QK       shard=0   q=[1x16x1x128] + k=[1x16x128x1344]  ->  y=[1x16x1x1344]  (T=1, K=1344)
  - op#02  op=QK       shard=1   q=[1x16x1x128] + k=[1x16x128x1344]  ->  y=[1x16x1x1344]  (T=1, K=1344)
  - op#03  op=Softmax  shard=0   scores=[1x16x1x1344]  ->  y=[1x16x1x1344]  (T=1, K=1344)
  - op#04  op=Softmax  shard=1   scores=[1x16x1x1344]  ->  y=[1x16x1x1344]  (T=1, K=1344)
  - op#05  op=SV       shard=0   p=[1x16x1x1344] + v=[1x16x1344x128]  ->  y=[1x16x1x128]  (T=1, K=1344)
  - op#06  op=SV       shard=1   p=[1x16x1x1344] + v=[1x16x1344x128]  ->  y=[1x16x1x128]  (T=1, K=1344)
  - op#07  op=Add      shard=-1  a=[1x1x4096] + b=[1x1x4096]  ->  y=[1x1x4096]  (T=1, K=1344)
  - op#08  op=LN       shard=-1  x=[1x1x4096] + w=[4096]  ->  y=[1x1x4096]  (T=1, K=1344)
  - op#09  op=SwiGLU   shard=0   a=[1x1x5504] + b=[1x1x5504]  ->  y=[1x1x5504]  (T=1, K=1344)
  - op#10  op=SwiGLU   shard=1   a=[1x1x5504] + b=[1x1x5504]  ->  y=[1x1x5504]  (T=1, K=1344)
  - op#11  op=Add      shard=-1  a=[1x1x4096] + b=[1x1x4096]  ->  y=[1x1x4096]  (T=1, K=1344)
[gpu-debug] per-op timing breakdown (avg over iters):
  idx  op       sh  io                                                    time   est_flops    TFLOPs       bytes      GB/s
  ------------------------------------------------------------------------------------------------------------------------
    0  LN       -1  x[1x1x4096]+w[4096]->y[1x1x4096]                    0.064ms    20.480 K      0.00   24.00 KiB      0.39
    1  QK        0  q[1x16x1x128]+k[1x16x128x1344]->y[1x16x1x1344]      0.053ms     5.505 M      0.10    5.29 MiB    104.47
    2  QK        1  q[1x16x1x128]+k[1x16x128x1344]->y[1x16x1x1344]      0.042ms     5.505 M      0.13    5.29 MiB    132.57
    3  Softmax   0  scores[1x16x1x1344]->y[1x16x1x1344]                 0.025ms   107.520 K      0.00   84.00 KiB      3.50
    4  Softmax   1  scores[1x16x1x1344]->y[1x16x1x1344]                 0.019ms   107.520 K      0.01   84.00 KiB      4.64
    5  SV        0  p[1x16x1x1344]+v[1x16x1344x128]->y[1x16x1x128]      0.032ms     5.505 M      0.17    5.29 MiB    172.13
    6  SV        1  p[1x16x1x1344]+v[1x16x1344x128]->y[1x16x1x128]      0.030ms     5.505 M      0.18    5.29 MiB    186.32
    7  Add      -1  a[1x1x4096]+b[1x1x4096]->y[1x1x4096]                0.014ms     4.096 K      0.00   24.00 KiB      1.75
    8  LN       -1  x[1x1x4096]+w[4096]->y[1x1x4096]                    0.063ms    20.480 K      0.00   24.00 KiB      0.39
    9  SwiGLU    0  a[1x1x5504]+b[1x1x5504]->y[1x1x5504]                0.024ms    33.024 K      0.00   32.25 KiB      1.37
   10  SwiGLU    1  a[1x1x5504]+b[1x1x5504]->y[1x1x5504]                0.021ms    33.024 K      0.00   32.25 KiB      1.57
   11  Add      -1  a[1x1x4096]+b[1x1x4096]->y[1x1x4096]                0.016ms     4.096 K      0.00   24.00 KiB      1.58
[gpu-debug] segment avg latency (cuda_events): 0.259 ms
[gpu-debug] sum(per-op)               : 0.401 ms (ratio=1.546)
[gpu-debug] NOTE: sum(per-op) may differ from segment latency due to Python overhead, event/launch overhead, and allocator/cache effects.
[gpu-debug] cuda mem before warmup: alloc=162.25 MiB reserved=182.00 MiB
[gpu-debug] cuda mem after warmup : alloc=172.79 MiB reserved=202.00 MiB
[gpu-debug] cuda mem peak (this segment): max_alloc=172.88 MiB max_reserved=202.00 MiB
========================================================================================
[gpu-debug] segment_key=npu|decode|7|48322b0ab0207f84448cb08e6eac5594
[gpu-debug] sig: device_type=npu phase=decode step=7 (count_hint=32)
[gpu-debug] ops_repr: LN:-1,QK:0,QK:1,Softmax:0,Softmax:1,SV:0,SV:1,Add:-1,LN:-1,SwiGLU:0,SwiGLU:1,Add:-1
[gpu-debug] cfg: device=cuda dtype=torch.bfloat16 batch=1 dim=4096 ffn_dim=11008 n_heads=32 shards=2
[gpu-debug] op plan (with inferred tensor shapes):
  - op#00  op=LN       shard=-1  x=[1x1x4096] + w=[4096]  ->  y=[1x1x4096]  (T=1, K=1408)
  - op#01  op=QK       shard=0   q=[1x16x1x128] + k=[1x16x128x1408]  ->  y=[1x16x1x1408]  (T=1, K=1408)
  - op#02  op=QK       shard=1   q=[1x16x1x128] + k=[1x16x128x1408]  ->  y=[1x16x1x1408]  (T=1, K=1408)
  - op#03  op=Softmax  shard=0   scores=[1x16x1x1408]  ->  y=[1x16x1x1408]  (T=1, K=1408)
  - op#04  op=Softmax  shard=1   scores=[1x16x1x1408]  ->  y=[1x16x1x1408]  (T=1, K=1408)
  - op#05  op=SV       shard=0   p=[1x16x1x1408] + v=[1x16x1408x128]  ->  y=[1x16x1x128]  (T=1, K=1408)
  - op#06  op=SV       shard=1   p=[1x16x1x1408] + v=[1x16x1408x128]  ->  y=[1x16x1x128]  (T=1, K=1408)
  - op#07  op=Add      shard=-1  a=[1x1x4096] + b=[1x1x4096]  ->  y=[1x1x4096]  (T=1, K=1408)
  - op#08  op=LN       shard=-1  x=[1x1x4096] + w=[4096]  ->  y=[1x1x4096]  (T=1, K=1408)
  - op#09  op=SwiGLU   shard=0   a=[1x1x5504] + b=[1x1x5504]  ->  y=[1x1x5504]  (T=1, K=1408)
  - op#10  op=SwiGLU   shard=1   a=[1x1x5504] + b=[1x1x5504]  ->  y=[1x1x5504]  (T=1, K=1408)
  - op#11  op=Add      shard=-1  a=[1x1x4096] + b=[1x1x4096]  ->  y=[1x1x4096]  (T=1, K=1408)
[gpu-debug] per-op timing breakdown (avg over iters):
  idx  op       sh  io                                                    time   est_flops    TFLOPs       bytes      GB/s
  ------------------------------------------------------------------------------------------------------------------------
    0  LN       -1  x[1x1x4096]+w[4096]->y[1x1x4096]                    0.062ms    20.480 K      0.00   24.00 KiB      0.40
    1  QK        0  q[1x16x1x128]+k[1x16x128x1408]->y[1x16x1x1408]      0.056ms     5.767 M      0.10    5.55 MiB    103.65
    2  QK        1  q[1x16x1x128]+k[1x16x128x1408]->y[1x16x1x1408]      0.042ms     5.767 M      0.14    5.55 MiB    136.87
    3  Softmax   0  scores[1x16x1x1408]->y[1x16x1x1408]                 0.026ms   112.640 K      0.00   88.00 KiB      3.52
    4  Softmax   1  scores[1x16x1x1408]->y[1x16x1x1408]                 0.019ms   112.640 K      0.01   88.00 KiB      4.84
    5  SV        0  p[1x16x1x1408]+v[1x16x1408x128]->y[1x16x1x128]      0.030ms     5.767 M      0.19    5.55 MiB    191.25
    6  SV        1  p[1x16x1x1408]+v[1x16x1408x128]->y[1x16x1x128]      0.031ms     5.767 M      0.19    5.55 MiB    190.60
    7  Add      -1  a[1x1x4096]+b[1x1x4096]->y[1x1x4096]                0.015ms     4.096 K      0.00   24.00 KiB      1.67
    8  LN       -1  x[1x1x4096]+w[4096]->y[1x1x4096]                    0.062ms    20.480 K      0.00   24.00 KiB      0.40
    9  SwiGLU    0  a[1x1x5504]+b[1x1x5504]->y[1x1x5504]                0.024ms    33.024 K      0.00   32.25 KiB      1.38
   10  SwiGLU    1  a[1x1x5504]+b[1x1x5504]->y[1x1x5504]                0.021ms    33.024 K      0.00   32.25 KiB      1.59
   11  Add      -1  a[1x1x4096]+b[1x1x4096]->y[1x1x4096]                0.015ms     4.096 K      0.00   24.00 KiB      1.60
[gpu-debug] segment avg latency (cuda_events): 0.259 ms
[gpu-debug] sum(per-op)               : 0.403 ms (ratio=1.555)
[gpu-debug] NOTE: sum(per-op) may differ from segment latency due to Python overhead, event/launch overhead, and allocator/cache effects.
[gpu-debug] cuda mem before warmup: alloc=172.79 MiB reserved=202.00 MiB
[gpu-debug] cuda mem after warmup : alloc=183.84 MiB reserved=202.00 MiB
[gpu-debug] cuda mem peak (this segment): max_alloc=183.92 MiB max_reserved=202.00 MiB
========================================================================================
[gpu-debug] segment_key=npu|decode|8|48322b0ab0207f84448cb08e6eac5594
[gpu-debug] sig: device_type=npu phase=decode step=8 (count_hint=32)
[gpu-debug] ops_repr: LN:-1,QK:0,QK:1,Softmax:0,Softmax:1,SV:0,SV:1,Add:-1,LN:-1,SwiGLU:0,SwiGLU:1,Add:-1
[gpu-debug] cfg: device=cuda dtype=torch.bfloat16 batch=1 dim=4096 ffn_dim=11008 n_heads=32 shards=2
[gpu-debug] op plan (with inferred tensor shapes):
  - op#00  op=LN       shard=-1  x=[1x1x4096] + w=[4096]  ->  y=[1x1x4096]  (T=1, K=1472)
  - op#01  op=QK       shard=0   q=[1x16x1x128] + k=[1x16x128x1472]  ->  y=[1x16x1x1472]  (T=1, K=1472)
  - op#02  op=QK       shard=1   q=[1x16x1x128] + k=[1x16x128x1472]  ->  y=[1x16x1x1472]  (T=1, K=1472)
  - op#03  op=Softmax  shard=0   scores=[1x16x1x1472]  ->  y=[1x16x1x1472]  (T=1, K=1472)
  - op#04  op=Softmax  shard=1   scores=[1x16x1x1472]  ->  y=[1x16x1x1472]  (T=1, K=1472)
  - op#05  op=SV       shard=0   p=[1x16x1x1472] + v=[1x16x1472x128]  ->  y=[1x16x1x128]  (T=1, K=1472)
  - op#06  op=SV       shard=1   p=[1x16x1x1472] + v=[1x16x1472x128]  ->  y=[1x16x1x128]  (T=1, K=1472)
  - op#07  op=Add      shard=-1  a=[1x1x4096] + b=[1x1x4096]  ->  y=[1x1x4096]  (T=1, K=1472)
  - op#08  op=LN       shard=-1  x=[1x1x4096] + w=[4096]  ->  y=[1x1x4096]  (T=1, K=1472)
  - op#09  op=SwiGLU   shard=0   a=[1x1x5504] + b=[1x1x5504]  ->  y=[1x1x5504]  (T=1, K=1472)
  - op#10  op=SwiGLU   shard=1   a=[1x1x5504] + b=[1x1x5504]  ->  y=[1x1x5504]  (T=1, K=1472)
  - op#11  op=Add      shard=-1  a=[1x1x4096] + b=[1x1x4096]  ->  y=[1x1x4096]  (T=1, K=1472)
[gpu-debug] per-op timing breakdown (avg over iters):
  idx  op       sh  io                                                    time   est_flops    TFLOPs       bytes      GB/s
  ------------------------------------------------------------------------------------------------------------------------
    0  LN       -1  x[1x1x4096]+w[4096]->y[1x1x4096]                    0.060ms    20.480 K      0.00   24.00 KiB      0.41
    1  QK        0  q[1x16x1x128]+k[1x16x128x1472]->y[1x16x1x1472]      0.053ms     6.029 M      0.11    5.80 MiB    114.19
    2  QK        1  q[1x16x1x128]+k[1x16x128x1472]->y[1x16x1x1472]      0.042ms     6.029 M      0.14    5.80 MiB    144.83
    3  Softmax   0  scores[1x16x1x1472]->y[1x16x1x1472]                 0.025ms   117.760 K      0.00   92.00 KiB      3.69
    4  Softmax   1  scores[1x16x1x1472]->y[1x16x1x1472]                 0.019ms   117.760 K      0.01   92.00 KiB      4.92
    5  SV        0  p[1x16x1x1472]+v[1x16x1472x128]->y[1x16x1x128]      0.032ms     6.029 M      0.19    5.80 MiB    191.55
    6  SV        1  p[1x16x1x1472]+v[1x16x1472x128]->y[1x16x1x128]      0.030ms     6.029 M      0.20    5.80 MiB    200.61
    7  Add      -1  a[1x1x4096]+b[1x1x4096]->y[1x1x4096]                0.013ms     4.096 K      0.00   24.00 KiB      1.95
    8  LN       -1  x[1x1x4096]+w[4096]->y[1x1x4096]                    0.062ms    20.480 K      0.00   24.00 KiB      0.39
    9  SwiGLU    0  a[1x1x5504]+b[1x1x5504]->y[1x1x5504]                0.025ms    33.024 K      0.00   32.25 KiB      1.30
   10  SwiGLU    1  a[1x1x5504]+b[1x1x5504]->y[1x1x5504]                0.022ms    33.024 K      0.00   32.25 KiB      1.47
   11  Add      -1  a[1x1x4096]+b[1x1x4096]->y[1x1x4096]                0.016ms     4.096 K      0.00   24.00 KiB      1.57
[gpu-debug] segment avg latency (cuda_events): 0.258 ms
[gpu-debug] sum(per-op)               : 0.401 ms (ratio=1.553)
[gpu-debug] NOTE: sum(per-op) may differ from segment latency due to Python overhead, event/launch overhead, and allocator/cache effects.
[gpu-debug] cuda mem before warmup: alloc=183.84 MiB reserved=202.00 MiB
[gpu-debug] cuda mem after warmup : alloc=195.38 MiB reserved=222.00 MiB
[gpu-debug] cuda mem peak (this segment): max_alloc=195.47 MiB max_reserved=222.00 MiB
========================================================================================
[gpu-debug] segment_key=npu|decode|9|48322b0ab0207f84448cb08e6eac5594
[gpu-debug] sig: device_type=npu phase=decode step=9 (count_hint=32)
[gpu-debug] ops_repr: LN:-1,QK:0,QK:1,Softmax:0,Softmax:1,SV:0,SV:1,Add:-1,LN:-1,SwiGLU:0,SwiGLU:1,Add:-1
[gpu-debug] cfg: device=cuda dtype=torch.bfloat16 batch=1 dim=4096 ffn_dim=11008 n_heads=32 shards=2
[gpu-debug] op plan (with inferred tensor shapes):
  - op#00  op=LN       shard=-1  x=[1x1x4096] + w=[4096]  ->  y=[1x1x4096]  (T=1, K=1536)
  - op#01  op=QK       shard=0   q=[1x16x1x128] + k=[1x16x128x1536]  ->  y=[1x16x1x1536]  (T=1, K=1536)
  - op#02  op=QK       shard=1   q=[1x16x1x128] + k=[1x16x128x1536]  ->  y=[1x16x1x1536]  (T=1, K=1536)
  - op#03  op=Softmax  shard=0   scores=[1x16x1x1536]  ->  y=[1x16x1x1536]  (T=1, K=1536)
  - op#04  op=Softmax  shard=1   scores=[1x16x1x1536]  ->  y=[1x16x1x1536]  (T=1, K=1536)
  - op#05  op=SV       shard=0   p=[1x16x1x1536] + v=[1x16x1536x128]  ->  y=[1x16x1x128]  (T=1, K=1536)
  - op#06  op=SV       shard=1   p=[1x16x1x1536] + v=[1x16x1536x128]  ->  y=[1x16x1x128]  (T=1, K=1536)
  - op#07  op=Add      shard=-1  a=[1x1x4096] + b=[1x1x4096]  ->  y=[1x1x4096]  (T=1, K=1536)
  - op#08  op=LN       shard=-1  x=[1x1x4096] + w=[4096]  ->  y=[1x1x4096]  (T=1, K=1536)
  - op#09  op=SwiGLU   shard=0   a=[1x1x5504] + b=[1x1x5504]  ->  y=[1x1x5504]  (T=1, K=1536)
  - op#10  op=SwiGLU   shard=1   a=[1x1x5504] + b=[1x1x5504]  ->  y=[1x1x5504]  (T=1, K=1536)
  - op#11  op=Add      shard=-1  a=[1x1x4096] + b=[1x1x4096]  ->  y=[1x1x4096]  (T=1, K=1536)
[gpu-debug] per-op timing breakdown (avg over iters):
  idx  op       sh  io                                                    time   est_flops    TFLOPs       bytes      GB/s
  ------------------------------------------------------------------------------------------------------------------------
    0  LN       -1  x[1x1x4096]+w[4096]->y[1x1x4096]                    0.060ms    20.480 K      0.00   24.00 KiB      0.41
    1  QK        0  q[1x16x1x128]+k[1x16x128x1536]->y[1x16x1x1536]      0.053ms     6.291 M      0.12    6.05 MiB    120.54
    2  QK        1  q[1x16x1x128]+k[1x16x128x1536]->y[1x16x1x1536]      0.042ms     6.291 M      0.15    6.05 MiB    149.66
    3  Softmax   0  scores[1x16x1x1536]->y[1x16x1x1536]                 0.026ms   122.880 K      0.00   96.00 KiB      3.79
    4  Softmax   1  scores[1x16x1x1536]->y[1x16x1x1536]                 0.020ms   122.880 K      0.01   96.00 KiB      4.82
    5  SV        0  p[1x16x1x1536]+v[1x16x1536x128]->y[1x16x1x128]      0.031ms     6.291 M      0.20    6.05 MiB    205.17
    6  SV        1  p[1x16x1x1536]+v[1x16x1536x128]->y[1x16x1x128]      0.031ms     6.291 M      0.20    6.05 MiB    206.53
    7  Add      -1  a[1x1x4096]+b[1x1x4096]->y[1x1x4096]                0.015ms     4.096 K      0.00   24.00 KiB      1.62
    8  LN       -1  x[1x1x4096]+w[4096]->y[1x1x4096]                    0.062ms    20.480 K      0.00   24.00 KiB      0.39
    9  SwiGLU    0  a[1x1x5504]+b[1x1x5504]->y[1x1x5504]                0.024ms    33.024 K      0.00   32.25 KiB      1.37
   10  SwiGLU    1  a[1x1x5504]+b[1x1x5504]->y[1x1x5504]                0.021ms    33.024 K      0.00   32.25 KiB      1.57
   11  Add      -1  a[1x1x4096]+b[1x1x4096]->y[1x1x4096]                0.015ms     4.096 K      0.00   24.00 KiB      1.62
[gpu-debug] segment avg latency (cuda_events): 0.259 ms
[gpu-debug] sum(per-op)               : 0.401 ms (ratio=1.551)
[gpu-debug] NOTE: sum(per-op) may differ from segment latency due to Python overhead, event/launch overhead, and allocator/cache effects.
[gpu-debug] cuda mem before warmup: alloc=195.38 MiB reserved=222.00 MiB
[gpu-debug] cuda mem after warmup : alloc=207.43 MiB reserved=242.00 MiB
[gpu-debug] cuda mem peak (this segment): max_alloc=207.52 MiB max_reserved=242.00 MiB
========================================================================================
[gpu-debug] segment_key=npu|prefill|-1|48322b0ab0207f84448cb08e6eac5594
[gpu-debug] sig: device_type=npu phase=prefill step=-1 (count_hint=32)
[gpu-debug] ops_repr: LN:-1,QK:0,QK:1,Softmax:0,Softmax:1,SV:0,SV:1,Add:-1,LN:-1,SwiGLU:0,SwiGLU:1,Add:-1
[gpu-debug] cfg: device=cuda dtype=torch.bfloat16 batch=1 dim=4096 ffn_dim=11008 n_heads=32 shards=2
[gpu-debug] op plan (with inferred tensor shapes):
  - op#00  op=LN       shard=-1  x=[1x1024x4096] + w=[4096]  ->  y=[1x1024x4096]  (T=1024, K=1024)
  - op#01  op=QK       shard=0   q=[1x16x1024x128] + k=[1x16x128x1024]  ->  y=[1x16x1024x1024]  (T=1024, K=1024)
  - op#02  op=QK       shard=1   q=[1x16x1024x128] + k=[1x16x128x1024]  ->  y=[1x16x1024x1024]  (T=1024, K=1024)
  - op#03  op=Softmax  shard=0   scores=[1x16x1024x1024]  ->  y=[1x16x1024x1024]  (T=1024, K=1024)
  - op#04  op=Softmax  shard=1   scores=[1x16x1024x1024]  ->  y=[1x16x1024x1024]  (T=1024, K=1024)
  - op#05  op=SV       shard=0   p=[1x16x1024x1024] + v=[1x16x1024x128]  ->  y=[1x16x1024x128]  (T=1024, K=1024)
  - op#06  op=SV       shard=1   p=[1x16x1024x1024] + v=[1x16x1024x128]  ->  y=[1x16x1024x128]  (T=1024, K=1024)
  - op#07  op=Add      shard=-1  a=[1x1024x4096] + b=[1x1024x4096]  ->  y=[1x1024x4096]  (T=1024, K=1024)
  - op#08  op=LN       shard=-1  x=[1x1024x4096] + w=[4096]  ->  y=[1x1024x4096]  (T=1024, K=1024)
  - op#09  op=SwiGLU   shard=0   a=[1x1024x5504] + b=[1x1024x5504]  ->  y=[1x1024x5504]  (T=1024, K=1024)
  - op#10  op=SwiGLU   shard=1   a=[1x1024x5504] + b=[1x1024x5504]  ->  y=[1x1024x5504]  (T=1024, K=1024)
  - op#11  op=Add      shard=-1  a=[1x1024x4096] + b=[1x1024x4096]  ->  y=[1x1024x4096]  (T=1024, K=1024)
[gpu-debug] per-op timing breakdown (avg over iters):
  idx  op       sh  io                                                    time   est_flops    TFLOPs       bytes      GB/s
  ------------------------------------------------------------------------------------------------------------------------
    0  LN       -1  x[1x1024x4096]+w[4096]->y[1x1024x4096]              0.104ms    20.972 M      0.20   16.01 MiB    161.02
    1  QK        0  q[1x16x1024x128]+k[1x16x128x1024]->y[1x16x1...      0.132ms     4.295 G     32.59   40.00 MiB    318.26
    2  QK        1  q[1x16x1024x128]+k[1x16x128x1024]->y[1x16x1...      0.132ms     4.295 G     32.44   40.00 MiB    316.78
    3  Softmax   0  scores[1x16x1024x1024]->y[1x16x1024x1024]           0.088ms    83.886 M      0.96   64.00 MiB    766.50
    4  Softmax   1  scores[1x16x1024x1024]->y[1x16x1024x1024]           0.084ms    83.886 M      0.99   64.00 MiB    795.34
    5  SV        0  p[1x16x1024x1024]+v[1x16x1024x128]->y[1x16x...      0.068ms     4.295 G     63.36   40.00 MiB    618.73
    6  SV        1  p[1x16x1024x1024]+v[1x16x1024x128]->y[1x16x...      0.062ms     4.295 G     69.33   40.00 MiB    677.02
    7  Add      -1  a[1x1024x4096]+b[1x1024x4096]->y[1x1024x4096]       0.018ms     4.194 M      0.24   24.00 MiB   1428.84
    8  LN       -1  x[1x1024x4096]+w[4096]->y[1x1024x4096]              0.099ms    20.972 M      0.21   16.01 MiB    170.22
    9  SwiGLU    0  a[1x1024x5504]+b[1x1024x5504]->y[1x1024x5504]       0.044ms    33.817 M      0.78   32.25 MiB    775.21
   10  SwiGLU    1  a[1x1024x5504]+b[1x1024x5504]->y[1x1024x5504]       0.044ms    33.817 M      0.78   32.25 MiB    775.21
   11  Add      -1  a[1x1024x4096]+b[1x1024x4096]->y[1x1024x4096]       0.020ms     4.194 M      0.21   24.00 MiB   1286.70
[gpu-debug] segment avg latency (cuda_events): 0.844 ms
[gpu-debug] sum(per-op)               : 0.893 ms (ratio=1.058)
[gpu-debug] NOTE: sum(per-op) may differ from segment latency due to Python overhead, event/launch overhead, and allocator/cache effects.
[gpu-debug] cuda mem before warmup: alloc=207.43 MiB reserved=242.00 MiB
[gpu-debug] cuda mem after warmup : alloc=266.93 MiB reserved=358.00 MiB
[gpu-debug] cuda mem peak (this segment): max_alloc=330.93 MiB max_reserved=358.00 MiB
  progress 18/18
[run-gpu] wrote /lustre/home/2501111916/workspace/XPUPIM_0226_gpupim_parameter/TriForm/verify/hw_hardware_1gpu_2aim/st64/llama_7b_bf16_b32_s64/weights_on_pim_1024x1024.gpu_results.json
[slurm] wrote OK_FILE=/lustre/home/2501111916/workspace/XPUPIM_0226_gpupim_parameter/TriForm/verify/hw_hardware_1gpu_2aim/st64/llama_7b_bf16_b32_s64/weights_on_pim_1024x1024.gpu.ok
