[slurm] jobid=9572617 nodelist=l12gpu03
[slurm] CUDA_VISIBLE_DEVICES=0
Mon Feb  9 15:37:23 2026       
+-----------------------------------------------------------------------------------------+
| NVIDIA-SMI 560.35.03              Driver Version: 560.35.03      CUDA Version: 12.6     |
|-----------------------------------------+------------------------+----------------------+
| GPU  Name                 Persistence-M | Bus-Id          Disp.A | Volatile Uncorr. ECC |
| Fan  Temp   Perf          Pwr:Usage/Cap |           Memory-Usage | GPU-Util  Compute M. |
|                                         |                        |               MIG M. |
|=========================================+========================+======================|
|   0  NVIDIA A100-PCIE-40GB          On  |   00000000:98:00.0 Off |                    0 |
| N/A   34C    P0             36W /  250W |       1MiB /  40960MiB |      0%      Default |
|                                         |                        |             Disabled |
+-----------------------------------------+------------------------+----------------------+
                                                                                         
+-----------------------------------------------------------------------------------------+
| Processes:                                                                              |
|  GPU   GI   CI        PID   Type   Process name                              GPU Memory |
|        ID   ID                                                               Usage      |
|=========================================================================================|
|  No running processes found                                                             |
+-----------------------------------------------------------------------------------------+
torch: 2.8.0+cu126
cuda available: True
device: NVIDIA A100-PCIE-40GB
[run-gpu] tasks=1 warmup=3 iters=10 device=cuda dtype=fp16 segment_scope=layer
[run-gpu] GPU[0] NVIDIA A100-PCIE-40GB; SM=108, CC=8.0
[run-gpu] nvidia-smi -L: GPU 0: NVIDIA A100-PCIE-40GB (UUID: GPU-f6137758-137c-81a3-d9c2-318c7f11227c)
[run-gpu] nvidia-smi query: NVIDIA A100-PCIE-40GB, GPU-f6137758-137c-81a3-d9c2-318c7f11227c, 560.35.03, 40960
  progress 1/1
[run-gpu] wrote /lustre/home/2501111916/workspace/XPUPIM/TriForm/verify/out/hefthint_seg.gpu_results.json
