AiM WR_GB 16 0 0xffffffff
AiM WR_BIAS 0 0xffffffff
AiM WR_BIAS 0 0xffffffff
AiM WR_BIAS 0 0xffffffff
AiM WR_BIAS 0 0xffffffff
AiM WR_BIAS 0 0xffffffff
AiM WR_BIAS 0 0xffffffff
AiM WR_BIAS 0 0xffffffff
AiM WR_BIAS 0 0xffffffff
AiM MAC_ABK 16 0xffffffff 217
AiM MAC_ABK 16 0xffffffff 219
AiM MAC_ABK 16 0xffffffff 221
AiM MAC_ABK 16 0xffffffff 223
AiM MAC_ABK 16 0xffffffff 225
AiM MAC_ABK 16 0xffffffff 227
AiM MAC_ABK 16 0xffffffff 229
AiM MAC_ABK 16 0xffffffff 231
AiM RD_MAC 0 0xffffffff
AiM RD_MAC 0 0xffffffff
AiM RD_MAC 0 0xffffffff
AiM RD_MAC 0 0xffffffff
AiM RD_MAC 0 0xffffffff
AiM RD_MAC 0 0xffffffff
AiM RD_MAC 0 0xffffffff
AiM RD_MAC 0 0xffffffff
AiM WR_GB 16 0 0xffffffff
AiM WR_BIAS 0 0xffffffff
AiM WR_BIAS 0 0xffffffff
AiM WR_BIAS 0 0xffffffff
AiM WR_BIAS 0 0xffffffff
AiM WR_BIAS 0 0xffffffff
AiM WR_BIAS 0 0xffffffff
AiM WR_BIAS 0 0xffffffff
AiM WR_BIAS 0 0xffffffff
AiM MAC_ABK 16 0xffffffff 218
AiM MAC_ABK 16 0xffffffff 220
AiM MAC_ABK 16 0xffffffff 222
AiM MAC_ABK 16 0xffffffff 224
AiM MAC_ABK 16 0xffffffff 226
AiM MAC_ABK 16 0xffffffff 228
AiM MAC_ABK 16 0xffffffff 230
AiM MAC_ABK 16 0xffffffff 232
AiM AF 0xffffffff
AiM RD_AF 0 0xffffffff
AiM AF 0xffffffff
AiM RD_AF 0 0xffffffff
AiM AF 0xffffffff
AiM RD_AF 0 0xffffffff
AiM AF 0xffffffff
AiM RD_AF 0 0xffffffff
AiM AF 0xffffffff
AiM RD_AF 0 0xffffffff
AiM AF 0xffffffff
AiM RD_AF 0 0xffffffff
AiM AF 0xffffffff
AiM RD_AF 0 0xffffffff
AiM AF 0xffffffff
AiM RD_AF 0 0xffffffff
AiM RD_MAC 0 0xffffffff
AiM RD_MAC 0 0xffffffff
AiM RD_MAC 0 0xffffffff
AiM RD_MAC 0 0xffffffff
AiM RD_MAC 0 0xffffffff
AiM RD_MAC 0 0xffffffff
AiM RD_MAC 0 0xffffffff
AiM RD_MAC 0 0xffffffff
