AiM WR_GB 16 0 0xffffffff
AiM WR_BIAS 0 0xffffffff
AiM WR_BIAS 0 0xffffffff
AiM WR_BIAS 0 0xffffffff
AiM WR_BIAS 0 0xffffffff
AiM WR_BIAS 0 0xffffffff
AiM WR_BIAS 0 0xffffffff
AiM WR_BIAS 0 0xffffffff
AiM WR_BIAS 0 0xffffffff
AiM WR_BIAS 0 0xffffffff
AiM WR_BIAS 0 0xffffffff
AiM WR_BIAS 0 0xffffffff
AiM WR_BIAS 0 0xffffffff
AiM WR_BIAS 0 0xffffffff
AiM WR_BIAS 0 0xffffffff
AiM WR_BIAS 0 0xffffffff
AiM WR_BIAS 0 0xffffffff
AiM MAC_ABK 16 0xffffffff 345
AiM MAC_ABK 16 0xffffffff 349
AiM MAC_ABK 16 0xffffffff 353
AiM MAC_ABK 16 0xffffffff 357
AiM MAC_ABK 16 0xffffffff 361
AiM MAC_ABK 16 0xffffffff 365
AiM MAC_ABK 16 0xffffffff 369
AiM MAC_ABK 16 0xffffffff 373
AiM MAC_ABK 16 0xffffffff 377
AiM MAC_ABK 16 0xffffffff 381
AiM MAC_ABK 16 0xffffffff 385
AiM MAC_ABK 16 0xffffffff 389
AiM MAC_ABK 16 0xffffffff 393
AiM MAC_ABK 16 0xffffffff 397
AiM MAC_ABK 16 0xffffffff 401
AiM MAC_ABK 16 0xffffffff 405
AiM RD_MAC 0 0xffffffff
AiM RD_MAC 0 0xffffffff
AiM RD_MAC 0 0xffffffff
AiM RD_MAC 0 0xffffffff
AiM RD_MAC 0 0xffffffff
AiM RD_MAC 0 0xffffffff
AiM RD_MAC 0 0xffffffff
AiM RD_MAC 0 0xffffffff
AiM RD_MAC 0 0xffffffff
AiM RD_MAC 0 0xffffffff
AiM RD_MAC 0 0xffffffff
AiM RD_MAC 0 0xffffffff
AiM RD_MAC 0 0xffffffff
AiM RD_MAC 0 0xffffffff
AiM RD_MAC 0 0xffffffff
AiM RD_MAC 0 0xffffffff
AiM WR_GB 16 0 0xffffffff
AiM WR_BIAS 0 0xffffffff
AiM WR_BIAS 0 0xffffffff
AiM WR_BIAS 0 0xffffffff
AiM WR_BIAS 0 0xffffffff
AiM WR_BIAS 0 0xffffffff
AiM WR_BIAS 0 0xffffffff
AiM WR_BIAS 0 0xffffffff
AiM WR_BIAS 0 0xffffffff
AiM WR_BIAS 0 0xffffffff
AiM WR_BIAS 0 0xffffffff
AiM WR_BIAS 0 0xffffffff
AiM WR_BIAS 0 0xffffffff
AiM WR_BIAS 0 0xffffffff
AiM WR_BIAS 0 0xffffffff
AiM WR_BIAS 0 0xffffffff
AiM WR_BIAS 0 0xffffffff
AiM MAC_ABK 16 0xffffffff 346
AiM MAC_ABK 16 0xffffffff 350
AiM MAC_ABK 16 0xffffffff 354
AiM MAC_ABK 16 0xffffffff 358
AiM MAC_ABK 16 0xffffffff 362
AiM MAC_ABK 16 0xffffffff 366
AiM MAC_ABK 16 0xffffffff 370
AiM MAC_ABK 16 0xffffffff 374
AiM MAC_ABK 16 0xffffffff 378
AiM MAC_ABK 16 0xffffffff 382
AiM MAC_ABK 16 0xffffffff 386
AiM MAC_ABK 16 0xffffffff 390
AiM MAC_ABK 16 0xffffffff 394
AiM MAC_ABK 16 0xffffffff 398
AiM MAC_ABK 16 0xffffffff 402
AiM MAC_ABK 16 0xffffffff 406
AiM RD_MAC 0 0xffffffff
AiM RD_MAC 0 0xffffffff
AiM RD_MAC 0 0xffffffff
AiM RD_MAC 0 0xffffffff
AiM RD_MAC 0 0xffffffff
AiM RD_MAC 0 0xffffffff
AiM RD_MAC 0 0xffffffff
AiM RD_MAC 0 0xffffffff
AiM RD_MAC 0 0xffffffff
AiM RD_MAC 0 0xffffffff
AiM RD_MAC 0 0xffffffff
AiM RD_MAC 0 0xffffffff
AiM RD_MAC 0 0xffffffff
AiM RD_MAC 0 0xffffffff
AiM RD_MAC 0 0xffffffff
AiM RD_MAC 0 0xffffffff
AiM WR_GB 16 0 0xffffffff
AiM WR_BIAS 0 0xffffffff
AiM WR_BIAS 0 0xffffffff
AiM WR_BIAS 0 0xffffffff
AiM WR_BIAS 0 0xffffffff
AiM WR_BIAS 0 0xffffffff
AiM WR_BIAS 0 0xffffffff
AiM WR_BIAS 0 0xffffffff
AiM WR_BIAS 0 0xffffffff
AiM WR_BIAS 0 0xffffffff
AiM WR_BIAS 0 0xffffffff
AiM WR_BIAS 0 0xffffffff
AiM WR_BIAS 0 0xffffffff
AiM WR_BIAS 0 0xffffffff
AiM WR_BIAS 0 0xffffffff
AiM WR_BIAS 0 0xffffffff
AiM WR_BIAS 0 0xffffffff
AiM MAC_ABK 16 0xffffffff 347
AiM MAC_ABK 16 0xffffffff 351
AiM MAC_ABK 16 0xffffffff 355
AiM MAC_ABK 16 0xffffffff 359
AiM MAC_ABK 16 0xffffffff 363
AiM MAC_ABK 16 0xffffffff 367
AiM MAC_ABK 16 0xffffffff 371
AiM MAC_ABK 16 0xffffffff 375
AiM MAC_ABK 16 0xffffffff 379
AiM MAC_ABK 16 0xffffffff 383
AiM MAC_ABK 16 0xffffffff 387
AiM MAC_ABK 16 0xffffffff 391
AiM MAC_ABK 16 0xffffffff 395
AiM MAC_ABK 16 0xffffffff 399
AiM MAC_ABK 16 0xffffffff 403
AiM MAC_ABK 16 0xffffffff 407
AiM RD_MAC 0 0xffffffff
AiM RD_MAC 0 0xffffffff
AiM RD_MAC 0 0xffffffff
AiM RD_MAC 0 0xffffffff
AiM RD_MAC 0 0xffffffff
AiM RD_MAC 0 0xffffffff
AiM RD_MAC 0 0xffffffff
AiM RD_MAC 0 0xffffffff
AiM RD_MAC 0 0xffffffff
AiM RD_MAC 0 0xffffffff
AiM RD_MAC 0 0xffffffff
AiM RD_MAC 0 0xffffffff
AiM RD_MAC 0 0xffffffff
AiM RD_MAC 0 0xffffffff
AiM RD_MAC 0 0xffffffff
AiM RD_MAC 0 0xffffffff
AiM WR_GB 16 0 0xffffffff
AiM WR_BIAS 0 0xffffffff
AiM WR_BIAS 0 0xffffffff
AiM WR_BIAS 0 0xffffffff
AiM WR_BIAS 0 0xffffffff
AiM WR_BIAS 0 0xffffffff
AiM WR_BIAS 0 0xffffffff
AiM WR_BIAS 0 0xffffffff
AiM WR_BIAS 0 0xffffffff
AiM WR_BIAS 0 0xffffffff
AiM WR_BIAS 0 0xffffffff
AiM WR_BIAS 0 0xffffffff
AiM WR_BIAS 0 0xffffffff
AiM WR_BIAS 0 0xffffffff
AiM WR_BIAS 0 0xffffffff
AiM WR_BIAS 0 0xffffffff
AiM WR_BIAS 0 0xffffffff
AiM MAC_ABK 16 0xffffffff 348
AiM MAC_ABK 16 0xffffffff 352
AiM MAC_ABK 16 0xffffffff 356
AiM MAC_ABK 16 0xffffffff 360
AiM MAC_ABK 16 0xffffffff 364
AiM MAC_ABK 16 0xffffffff 368
AiM MAC_ABK 16 0xffffffff 372
AiM MAC_ABK 16 0xffffffff 376
AiM MAC_ABK 16 0xffffffff 380
AiM MAC_ABK 16 0xffffffff 384
AiM MAC_ABK 16 0xffffffff 388
AiM MAC_ABK 16 0xffffffff 392
AiM MAC_ABK 16 0xffffffff 396
AiM MAC_ABK 16 0xffffffff 400
AiM MAC_ABK 16 0xffffffff 404
AiM MAC_ABK 16 0xffffffff 408
AiM AF 0xffffffff
AiM RD_AF 0 0xffffffff
AiM AF 0xffffffff
AiM RD_AF 0 0xffffffff
AiM AF 0xffffffff
AiM RD_AF 0 0xffffffff
AiM AF 0xffffffff
AiM RD_AF 0 0xffffffff
AiM AF 0xffffffff
AiM RD_AF 0 0xffffffff
AiM AF 0xffffffff
AiM RD_AF 0 0xffffffff
AiM AF 0xffffffff
AiM RD_AF 0 0xffffffff
AiM AF 0xffffffff
AiM RD_AF 0 0xffffffff
AiM AF 0xffffffff
AiM RD_AF 0 0xffffffff
AiM AF 0xffffffff
AiM RD_AF 0 0xffffffff
AiM AF 0xffffffff
AiM RD_AF 0 0xffffffff
AiM AF 0xffffffff
AiM RD_AF 0 0xffffffff
AiM AF 0xffffffff
AiM RD_AF 0 0xffffffff
AiM AF 0xffffffff
AiM RD_AF 0 0xffffffff
AiM AF 0xffffffff
AiM RD_AF 0 0xffffffff
AiM AF 0xffffffff
AiM RD_AF 0 0xffffffff
AiM RD_MAC 0 0xffffffff
AiM RD_MAC 0 0xffffffff
AiM RD_MAC 0 0xffffffff
AiM RD_MAC 0 0xffffffff
AiM RD_MAC 0 0xffffffff
AiM RD_MAC 0 0xffffffff
AiM RD_MAC 0 0xffffffff
AiM RD_MAC 0 0xffffffff
AiM RD_MAC 0 0xffffffff
AiM RD_MAC 0 0xffffffff
AiM RD_MAC 0 0xffffffff
AiM RD_MAC 0 0xffffffff
AiM RD_MAC 0 0xffffffff
AiM RD_MAC 0 0xffffffff
AiM RD_MAC 0 0xffffffff
AiM RD_MAC 0 0xffffffff
