[run-gpu] tasks=4 warmup=3 iters=10 device=cuda dtype=bf16 batch=1 segment_scope=layer
[run-gpu] extra weight_load_s=0.400513s (will be added in merge)
[run-gpu] GPU[0] NVIDIA A100-PCIE-40GB; SM=108, CC=8.0
[run-gpu] nvidia-smi -L: GPU 0: NVIDIA A100-PCIE-40GB (UUID: GPU-4cd2dd8b-d779-5b24-29b5-80b860f437dd)
[run-gpu] nvidia-smi query: NVIDIA A100-PCIE-40GB, GPU-4cd2dd8b-d779-5b24-29b5-80b860f437dd, 560.35.03, 40960
[run-gpu][debug] torch_default_dtype=torch.float32
[run-gpu][debug] torch.backends.cuda.matmul.allow_tf32=False
[run-gpu][debug] cudnn.enabled=True benchmark=False deterministic=False allow_tf32=True
[run-gpu][debug] nvidia-smi snapshot: 0, 0, 0, 4, 40960, 33, 34.28, 250.00
========================================================================================
[gpu-debug] segment_key=npu|decode|0|f47f2b13c8c0ddb8e4ddc9de5ce41aad
[gpu-debug] sig: device_type=npu phase=decode step=0 (count_hint=32)
[gpu-debug] ops_repr: LN:-1,Q:0,K:0,V:0,Q:1,K:1,V:1,O:0,O:1,Add:-1,LN:-1,FFN_W1:0,FFN_W3:0,FFN_W1:1,FFN_W3:1,SwiGLU:0,SwiGLU:1,FFN_W2:0,FFN_W2:1,Add:-1
[gpu-debug] cfg: device=cuda dtype=torch.bfloat16 batch=1 dim=4096 ffn_dim=11008 n_heads=32 shards=2
[gpu-debug] op plan (with inferred tensor shapes):
  - op#00  op=LN       shard=-1  x=[1x1x4096] + w=[4096]  ->  y=[1x1x4096]  (T=1, K=1025)
  - op#01  op=Q        shard=0   x=[1x1x4096] + w=[2048x4096]  ->  y=[1x1x2048]  (T=1, K=1025)
  - op#02  op=K        shard=0   x=[1x1x4096] + w=[2048x4096]  ->  y=[1x1x2048]  (T=1, K=1025)
  - op#03  op=V        shard=0   x=[1x1x4096] + w=[2048x4096]  ->  y=[1x1x2048]  (T=1, K=1025)
  - op#04  op=Q        shard=1   x=[1x1x4096] + w=[2048x4096]  ->  y=[1x1x2048]  (T=1, K=1025)
  - op#05  op=K        shard=1   x=[1x1x4096] + w=[2048x4096]  ->  y=[1x1x2048]  (T=1, K=1025)
  - op#06  op=V        shard=1   x=[1x1x4096] + w=[2048x4096]  ->  y=[1x1x2048]  (T=1, K=1025)
  - op#07  op=O        shard=0   x=[1x1x2048] + w=[4096x2048]  ->  y=[1x1x4096]  (T=1, K=1025)
  - op#08  op=O        shard=1   x=[1x1x2048] + w=[4096x2048]  ->  y=[1x1x4096]  (T=1, K=1025)
  - op#09  op=Add      shard=-1  a=[1x1x4096] + b=[1x1x4096]  ->  y=[1x1x4096]  (T=1, K=1025)
  - op#10  op=LN       shard=-1  x=[1x1x4096] + w=[4096]  ->  y=[1x1x4096]  (T=1, K=1025)
  - op#11  op=FFN_W1   shard=0   x=[1x1x4096] + w=[5504x4096]  ->  y=[1x1x5504]  (T=1, K=1025)
  - op#12  op=FFN_W3   shard=0   x=[1x1x4096] + w=[5504x4096]  ->  y=[1x1x5504]  (T=1, K=1025)
  - op#13  op=FFN_W1   shard=1   x=[1x1x4096] + w=[5504x4096]  ->  y=[1x1x5504]  (T=1, K=1025)
  - op#14  op=FFN_W3   shard=1   x=[1x1x4096] + w=[5504x4096]  ->  y=[1x1x5504]  (T=1, K=1025)
  - op#15  op=SwiGLU   shard=0   a=[1x1x5504] + b=[1x1x5504]  ->  y=[1x1x5504]  (T=1, K=1025)
  - op#16  op=SwiGLU   shard=1   a=[1x1x5504] + b=[1x1x5504]  ->  y=[1x1x5504]  (T=1, K=1025)
  - op#17  op=FFN_W2   shard=0   x=[1x1x5504] + w=[4096x5504]  ->  y=[1x1x4096]  (T=1, K=1025)
  - op#18  op=FFN_W2   shard=1   x=[1x1x5504] + w=[4096x5504]  ->  y=[1x1x4096]  (T=1, K=1025)
  - op#19  op=Add      shard=-1  a=[1x1x4096] + b=[1x1x4096]  ->  y=[1x1x4096]  (T=1, K=1025)
[gpu-debug] per-op timing breakdown (avg over iters):
  idx  op       sh  io                                                    time   est_flops    TFLOPs       bytes      GB/s
  ------------------------------------------------------------------------------------------------------------------------
    0  LN       -1  x[1x1x4096]+w[4096]->y[1x1x4096]                    0.067ms    20.480 K      0.00   24.00 KiB      0.36
    1  Q         0  x[1x1x4096]+w[2048x4096]->y[1x1x2048]               0.049ms    16.777 M      0.34   16.01 MiB    341.58
    2  K         0  x[1x1x4096]+w[2048x4096]->y[1x1x2048]               0.031ms    16.777 M      0.53   16.01 MiB    534.07
    3  V         0  x[1x1x4096]+w[2048x4096]->y[1x1x2048]               0.031ms    16.777 M      0.55   16.01 MiB    550.20
    4  Q         1  x[1x1x4096]+w[2048x4096]->y[1x1x2048]               0.031ms    16.777 M      0.55   16.01 MiB    548.36
    5  K         1  x[1x1x4096]+w[2048x4096]->y[1x1x2048]               0.031ms    16.777 M      0.54   16.01 MiB    537.57
    6  V         1  x[1x1x4096]+w[2048x4096]->y[1x1x2048]               0.031ms    16.777 M      0.54   16.01 MiB    537.57
    7  O         0  x[1x1x2048]+w[4096x2048]->y[1x1x4096]               0.026ms    16.777 M      0.65   16.01 MiB    650.63
    8  O         1  x[1x1x2048]+w[4096x2048]->y[1x1x4096]               0.026ms    16.777 M      0.64   16.01 MiB    640.47
    9  Add      -1  a[1x1x4096]+b[1x1x4096]->y[1x1x4096]                0.010ms     4.096 K      0.00   24.00 KiB      2.45
   10  LN       -1  x[1x1x4096]+w[4096]->y[1x1x4096]                    0.042ms    20.480 K      0.00   24.00 KiB      0.59
   11  FFN_W1    0  x[1x1x4096]+w[5504x4096]->y[1x1x5504]               0.061ms    45.089 M      0.74   43.02 MiB    737.87
   12  FFN_W3    0  x[1x1x4096]+w[5504x4096]->y[1x1x5504]               0.047ms    45.089 M      0.96   43.02 MiB    963.91
   13  FFN_W1    1  x[1x1x4096]+w[5504x4096]->y[1x1x5504]               0.046ms    45.089 M      0.98   43.02 MiB    981.09
   14  FFN_W3    1  x[1x1x4096]+w[5504x4096]->y[1x1x5504]               0.045ms    45.089 M      1.00   43.02 MiB   1003.43
   15  SwiGLU    0  a[1x1x5504]+b[1x1x5504]->y[1x1x5504]                0.015ms    33.024 K      0.00   32.25 KiB      2.24
   16  SwiGLU    1  a[1x1x5504]+b[1x1x5504]->y[1x1x5504]                0.014ms    33.024 K      0.00   32.25 KiB      2.41
   17  FFN_W2    0  x[1x1x5504]+w[4096x5504]->y[1x1x4096]               0.048ms    45.089 M      0.94   43.02 MiB    941.26
   18  FFN_W2    1  x[1x1x5504]+w[4096x5504]->y[1x1x4096]               0.048ms    45.089 M      0.93   43.02 MiB    935.26
   19  Add      -1  a[1x1x4096]+b[1x1x4096]->y[1x1x4096]                0.009ms     4.096 K      0.00   24.00 KiB      2.82
[gpu-debug] segment avg latency (cuda_events): 0.569 ms
[gpu-debug] sum(per-op)               : 0.708 ms (ratio=1.244)
[gpu-debug] NOTE: sum(per-op) may differ from segment latency due to Python overhead, event/launch overhead, and allocator/cache effects.
[gpu-debug] cuda mem before warmup: alloc=0 B reserved=0 B
[gpu-debug] cuda mem after warmup : alloc=400.16 MiB reserved=414.00 MiB
[gpu-debug] cuda mem peak (this segment): max_alloc=400.18 MiB max_reserved=414.00 MiB
========================================================================================
[gpu-debug] segment_key=npu|decode|1|f47f2b13c8c0ddb8e4ddc9de5ce41aad
[gpu-debug] sig: device_type=npu phase=decode step=1 (count_hint=32)
[gpu-debug] ops_repr: LN:-1,Q:0,K:0,V:0,Q:1,K:1,V:1,O:0,O:1,Add:-1,LN:-1,FFN_W1:0,FFN_W3:0,FFN_W1:1,FFN_W3:1,SwiGLU:0,SwiGLU:1,FFN_W2:0,FFN_W2:1,Add:-1
[gpu-debug] cfg: device=cuda dtype=torch.bfloat16 batch=1 dim=4096 ffn_dim=11008 n_heads=32 shards=2
[gpu-debug] op plan (with inferred tensor shapes):
  - op#00  op=LN       shard=-1  x=[1x1x4096] + w=[4096]  ->  y=[1x1x4096]  (T=1, K=1026)
  - op#01  op=Q        shard=0   x=[1x1x4096] + w=[2048x4096]  ->  y=[1x1x2048]  (T=1, K=1026)
  - op#02  op=K        shard=0   x=[1x1x4096] + w=[2048x4096]  ->  y=[1x1x2048]  (T=1, K=1026)
  - op#03  op=V        shard=0   x=[1x1x4096] + w=[2048x4096]  ->  y=[1x1x2048]  (T=1, K=1026)
  - op#04  op=Q        shard=1   x=[1x1x4096] + w=[2048x4096]  ->  y=[1x1x2048]  (T=1, K=1026)
  - op#05  op=K        shard=1   x=[1x1x4096] + w=[2048x4096]  ->  y=[1x1x2048]  (T=1, K=1026)
  - op#06  op=V        shard=1   x=[1x1x4096] + w=[2048x4096]  ->  y=[1x1x2048]  (T=1, K=1026)
  - op#07  op=O        shard=0   x=[1x1x2048] + w=[4096x2048]  ->  y=[1x1x4096]  (T=1, K=1026)
  - op#08  op=O        shard=1   x=[1x1x2048] + w=[4096x2048]  ->  y=[1x1x4096]  (T=1, K=1026)
  - op#09  op=Add      shard=-1  a=[1x1x4096] + b=[1x1x4096]  ->  y=[1x1x4096]  (T=1, K=1026)
  - op#10  op=LN       shard=-1  x=[1x1x4096] + w=[4096]  ->  y=[1x1x4096]  (T=1, K=1026)
  - op#11  op=FFN_W1   shard=0   x=[1x1x4096] + w=[5504x4096]  ->  y=[1x1x5504]  (T=1, K=1026)
  - op#12  op=FFN_W3   shard=0   x=[1x1x4096] + w=[5504x4096]  ->  y=[1x1x5504]  (T=1, K=1026)
  - op#13  op=FFN_W1   shard=1   x=[1x1x4096] + w=[5504x4096]  ->  y=[1x1x5504]  (T=1, K=1026)
  - op#14  op=FFN_W3   shard=1   x=[1x1x4096] + w=[5504x4096]  ->  y=[1x1x5504]  (T=1, K=1026)
  - op#15  op=SwiGLU   shard=0   a=[1x1x5504] + b=[1x1x5504]  ->  y=[1x1x5504]  (T=1, K=1026)
  - op#16  op=SwiGLU   shard=1   a=[1x1x5504] + b=[1x1x5504]  ->  y=[1x1x5504]  (T=1, K=1026)
  - op#17  op=FFN_W2   shard=0   x=[1x1x5504] + w=[4096x5504]  ->  y=[1x1x4096]  (T=1, K=1026)
  - op#18  op=FFN_W2   shard=1   x=[1x1x5504] + w=[4096x5504]  ->  y=[1x1x4096]  (T=1, K=1026)
  - op#19  op=Add      shard=-1  a=[1x1x4096] + b=[1x1x4096]  ->  y=[1x1x4096]  (T=1, K=1026)
[gpu-debug] per-op timing breakdown (avg over iters):
  idx  op       sh  io                                                    time   est_flops    TFLOPs       bytes      GB/s
  ------------------------------------------------------------------------------------------------------------------------
    0  LN       -1  x[1x1x4096]+w[4096]->y[1x1x4096]                    0.066ms    20.480 K      0.00   24.00 KiB      0.37
    1  Q         0  x[1x1x4096]+w[2048x4096]->y[1x1x2048]               0.048ms    16.777 M      0.35   16.01 MiB    346.64
    2  K         0  x[1x1x4096]+w[2048x4096]->y[1x1x2048]               0.032ms    16.777 M      0.53   16.01 MiB    527.20
    3  V         0  x[1x1x4096]+w[2048x4096]->y[1x1x2048]               0.031ms    16.777 M      0.55   16.01 MiB    546.53
    4  Q         1  x[1x1x4096]+w[2048x4096]->y[1x1x2048]               0.031ms    16.777 M      0.54   16.01 MiB    542.91
    5  K         1  x[1x1x4096]+w[2048x4096]->y[1x1x2048]               0.032ms    16.777 M      0.53   16.01 MiB    532.34
    6  V         1  x[1x1x4096]+w[2048x4096]->y[1x1x2048]               0.032ms    16.777 M      0.53   16.01 MiB    528.90
    7  O         0  x[1x1x2048]+w[4096x2048]->y[1x1x4096]               0.026ms    16.777 M      0.65   16.01 MiB    653.23
    8  O         1  x[1x1x2048]+w[4096x2048]->y[1x1x4096]               0.026ms    16.777 M      0.65   16.01 MiB    653.23
    9  Add      -1  a[1x1x4096]+b[1x1x4096]->y[1x1x4096]                0.009ms     4.096 K      0.00   24.00 KiB      2.67
   10  LN       -1  x[1x1x4096]+w[4096]->y[1x1x4096]                    0.040ms    20.480 K      0.00   24.00 KiB      0.61
   11  FFN_W1    0  x[1x1x4096]+w[5504x4096]->y[1x1x5504]               0.061ms    45.089 M      0.74   43.02 MiB    741.60
   12  FFN_W3    0  x[1x1x4096]+w[5504x4096]->y[1x1x5504]               0.046ms    45.089 M      0.97   43.02 MiB    972.42
   13  FFN_W1    1  x[1x1x4096]+w[5504x4096]->y[1x1x5504]               0.046ms    45.089 M      0.98   43.02 MiB    983.28
   14  FFN_W3    1  x[1x1x4096]+w[5504x4096]->y[1x1x5504]               0.045ms    45.089 M      1.01   43.02 MiB   1005.72
   15  SwiGLU    0  a[1x1x5504]+b[1x1x5504]->y[1x1x5504]                0.015ms    33.024 K      0.00   32.25 KiB      2.21
   16  SwiGLU    1  a[1x1x5504]+b[1x1x5504]->y[1x1x5504]                0.014ms    33.024 K      0.00   32.25 KiB      2.42
   17  FFN_W2    0  x[1x1x5504]+w[4096x5504]->y[1x1x4096]               0.048ms    45.089 M      0.93   43.02 MiB    935.26
   18  FFN_W2    1  x[1x1x5504]+w[4096x5504]->y[1x1x4096]               0.048ms    45.089 M      0.93   43.02 MiB    931.31
   19  Add      -1  a[1x1x4096]+b[1x1x4096]->y[1x1x4096]                0.009ms     4.096 K      0.00   24.00 KiB      2.79
[gpu-debug] segment avg latency (cuda_events): 0.564 ms
[gpu-debug] sum(per-op)               : 0.704 ms (ratio=1.248)
[gpu-debug] NOTE: sum(per-op) may differ from segment latency due to Python overhead, event/launch overhead, and allocator/cache effects.
[gpu-debug] cuda mem before warmup: alloc=400.16 MiB reserved=414.00 MiB
[gpu-debug] cuda mem after warmup : alloc=400.16 MiB reserved=414.00 MiB
[gpu-debug] cuda mem peak (this segment): max_alloc=400.18 MiB max_reserved=414.00 MiB
========================================================================================
[gpu-debug] segment_key=npu|decode|2|f47f2b13c8c0ddb8e4ddc9de5ce41aad
[gpu-debug] sig: device_type=npu phase=decode step=2 (count_hint=32)
[gpu-debug] ops_repr: LN:-1,Q:0,K:0,V:0,Q:1,K:1,V:1,O:0,O:1,Add:-1,LN:-1,FFN_W1:0,FFN_W3:0,FFN_W1:1,FFN_W3:1,SwiGLU:0,SwiGLU:1,FFN_W2:0,FFN_W2:1,Add:-1
[gpu-debug] cfg: device=cuda dtype=torch.bfloat16 batch=1 dim=4096 ffn_dim=11008 n_heads=32 shards=2
[gpu-debug] op plan (with inferred tensor shapes):
  - op#00  op=LN       shard=-1  x=[1x1x4096] + w=[4096]  ->  y=[1x1x4096]  (T=1, K=1088)
  - op#01  op=Q        shard=0   x=[1x1x4096] + w=[2048x4096]  ->  y=[1x1x2048]  (T=1, K=1088)
  - op#02  op=K        shard=0   x=[1x1x4096] + w=[2048x4096]  ->  y=[1x1x2048]  (T=1, K=1088)
  - op#03  op=V        shard=0   x=[1x1x4096] + w=[2048x4096]  ->  y=[1x1x2048]  (T=1, K=1088)
  - op#04  op=Q        shard=1   x=[1x1x4096] + w=[2048x4096]  ->  y=[1x1x2048]  (T=1, K=1088)
  - op#05  op=K        shard=1   x=[1x1x4096] + w=[2048x4096]  ->  y=[1x1x2048]  (T=1, K=1088)
  - op#06  op=V        shard=1   x=[1x1x4096] + w=[2048x4096]  ->  y=[1x1x2048]  (T=1, K=1088)
  - op#07  op=O        shard=0   x=[1x1x2048] + w=[4096x2048]  ->  y=[1x1x4096]  (T=1, K=1088)
  - op#08  op=O        shard=1   x=[1x1x2048] + w=[4096x2048]  ->  y=[1x1x4096]  (T=1, K=1088)
  - op#09  op=Add      shard=-1  a=[1x1x4096] + b=[1x1x4096]  ->  y=[1x1x4096]  (T=1, K=1088)
  - op#10  op=LN       shard=-1  x=[1x1x4096] + w=[4096]  ->  y=[1x1x4096]  (T=1, K=1088)
  - op#11  op=FFN_W1   shard=0   x=[1x1x4096] + w=[5504x4096]  ->  y=[1x1x5504]  (T=1, K=1088)
  - op#12  op=FFN_W3   shard=0   x=[1x1x4096] + w=[5504x4096]  ->  y=[1x1x5504]  (T=1, K=1088)
  - op#13  op=FFN_W1   shard=1   x=[1x1x4096] + w=[5504x4096]  ->  y=[1x1x5504]  (T=1, K=1088)
  - op#14  op=FFN_W3   shard=1   x=[1x1x4096] + w=[5504x4096]  ->  y=[1x1x5504]  (T=1, K=1088)
  - op#15  op=SwiGLU   shard=0   a=[1x1x5504] + b=[1x1x5504]  ->  y=[1x1x5504]  (T=1, K=1088)
  - op#16  op=SwiGLU   shard=1   a=[1x1x5504] + b=[1x1x5504]  ->  y=[1x1x5504]  (T=1, K=1088)
  - op#17  op=FFN_W2   shard=0   x=[1x1x5504] + w=[4096x5504]  ->  y=[1x1x4096]  (T=1, K=1088)
  - op#18  op=FFN_W2   shard=1   x=[1x1x5504] + w=[4096x5504]  ->  y=[1x1x4096]  (T=1, K=1088)
  - op#19  op=Add      shard=-1  a=[1x1x4096] + b=[1x1x4096]  ->  y=[1x1x4096]  (T=1, K=1088)
[gpu-debug] per-op timing breakdown (avg over iters):
  idx  op       sh  io                                                    time   est_flops    TFLOPs       bytes      GB/s
  ------------------------------------------------------------------------------------------------------------------------
    0  LN       -1  x[1x1x4096]+w[4096]->y[1x1x4096]                    0.065ms    20.480 K      0.00   24.00 KiB      0.38
    1  Q         0  x[1x1x4096]+w[2048x4096]->y[1x1x2048]               0.049ms    16.777 M      0.34   16.01 MiB    341.58
    2  K         0  x[1x1x4096]+w[2048x4096]->y[1x1x2048]               0.031ms    16.777 M      0.54   16.01 MiB    542.91
    3  V         0  x[1x1x4096]+w[2048x4096]->y[1x1x2048]               0.031ms    16.777 M      0.55   16.01 MiB    546.53
    4  Q         1  x[1x1x4096]+w[2048x4096]->y[1x1x2048]               0.031ms    16.777 M      0.55   16.01 MiB    546.53
    5  K         1  x[1x1x4096]+w[2048x4096]->y[1x1x2048]               0.031ms    16.777 M      0.54   16.01 MiB    537.57
    6  V         1  x[1x1x4096]+w[2048x4096]->y[1x1x2048]               0.031ms    16.777 M      0.54   16.01 MiB    537.57
    7  O         0  x[1x1x2048]+w[4096x2048]->y[1x1x4096]               0.026ms    16.777 M      0.64   16.01 MiB    642.98
    8  O         1  x[1x1x2048]+w[4096x2048]->y[1x1x4096]               0.026ms    16.777 M      0.66   16.01 MiB    655.84
    9  Add      -1  a[1x1x4096]+b[1x1x4096]->y[1x1x4096]                0.010ms     4.096 K      0.00   24.00 KiB      2.58
   10  LN       -1  x[1x1x4096]+w[4096]->y[1x1x4096]                    0.040ms    20.480 K      0.00   24.00 KiB      0.62
   11  FFN_W1    0  x[1x1x4096]+w[5504x4096]->y[1x1x5504]               0.061ms    45.089 M      0.74   43.02 MiB    744.10
   12  FFN_W3    0  x[1x1x4096]+w[5504x4096]->y[1x1x5504]               0.047ms    45.089 M      0.97   43.02 MiB    968.15
   13  FFN_W1    1  x[1x1x4096]+w[5504x4096]->y[1x1x5504]               0.046ms    45.089 M      0.98   43.02 MiB    981.09
   14  FFN_W3    1  x[1x1x4096]+w[5504x4096]->y[1x1x5504]               0.045ms    45.089 M      1.00   43.02 MiB   1001.15
   15  SwiGLU    0  a[1x1x5504]+b[1x1x5504]->y[1x1x5504]                0.015ms    33.024 K      0.00   32.25 KiB      2.19
   16  SwiGLU    1  a[1x1x5504]+b[1x1x5504]->y[1x1x5504]                0.014ms    33.024 K      0.00   32.25 KiB      2.37
   17  FFN_W2    0  x[1x1x5504]+w[4096x5504]->y[1x1x4096]               0.048ms    45.089 M      0.94   43.02 MiB    937.25
   18  FFN_W2    1  x[1x1x5504]+w[4096x5504]->y[1x1x4096]               0.049ms    45.089 M      0.93   43.02 MiB    929.34
   19  Add      -1  a[1x1x4096]+b[1x1x4096]->y[1x1x4096]                0.009ms     4.096 K      0.00   24.00 KiB      2.82
[gpu-debug] segment avg latency (cuda_events): 0.564 ms
[gpu-debug] sum(per-op)               : 0.703 ms (ratio=1.246)
[gpu-debug] NOTE: sum(per-op) may differ from segment latency due to Python overhead, event/launch overhead, and allocator/cache effects.
[gpu-debug] cuda mem before warmup: alloc=400.16 MiB reserved=414.00 MiB
[gpu-debug] cuda mem after warmup : alloc=400.16 MiB reserved=414.00 MiB
[gpu-debug] cuda mem peak (this segment): max_alloc=400.18 MiB max_reserved=414.00 MiB
========================================================================================
[gpu-debug] segment_key=npu|prefill|-1|7f370cc7d97df3530a56c775d62964d4
[gpu-debug] sig: device_type=npu phase=prefill step=-1 (count_hint=32)
[gpu-debug] ops_repr: LN:-1,Q:0,K:0,V:0,Q:1,K:1,V:1,QK:0,QK:1,Softmax:0,Softmax:1,SV:0,SV:1,O:0,O:1,Add:-1,LN:-1,FFN_W1:0,FFN_W3:0,FFN_W1:1,FFN_W3:1,SwiGLU:0,SwiGLU:1,FFN_W2:0,FFN_W2:1,Add:-1
[gpu-debug] cfg: device=cuda dtype=torch.bfloat16 batch=1 dim=4096 ffn_dim=11008 n_heads=32 shards=2
[gpu-debug] op plan (with inferred tensor shapes):
  - op#00  op=LN       shard=-1  x=[1x1024x4096] + w=[4096]  ->  y=[1x1024x4096]  (T=1024, K=1024)
  - op#01  op=Q        shard=0   x=[1x1024x4096] + w=[2048x4096]  ->  y=[1x1024x2048]  (T=1024, K=1024)
  - op#02  op=K        shard=0   x=[1x1024x4096] + w=[2048x4096]  ->  y=[1x1024x2048]  (T=1024, K=1024)
  - op#03  op=V        shard=0   x=[1x1024x4096] + w=[2048x4096]  ->  y=[1x1024x2048]  (T=1024, K=1024)
  - op#04  op=Q        shard=1   x=[1x1024x4096] + w=[2048x4096]  ->  y=[1x1024x2048]  (T=1024, K=1024)
  - op#05  op=K        shard=1   x=[1x1024x4096] + w=[2048x4096]  ->  y=[1x1024x2048]  (T=1024, K=1024)
  - op#06  op=V        shard=1   x=[1x1024x4096] + w=[2048x4096]  ->  y=[1x1024x2048]  (T=1024, K=1024)
  - op#07  op=QK       shard=0   q=[1x16x1024x128] + k=[1x16x128x1024]  ->  y=[1x16x1024x1024]  (T=1024, K=1024)
  - op#08  op=QK       shard=1   q=[1x16x1024x128] + k=[1x16x128x1024]  ->  y=[1x16x1024x1024]  (T=1024, K=1024)
  - op#09  op=Softmax  shard=0   scores=[1x16x1024x1024]  ->  y=[1x16x1024x1024]  (T=1024, K=1024)
  - op#10  op=Softmax  shard=1   scores=[1x16x1024x1024]  ->  y=[1x16x1024x1024]  (T=1024, K=1024)
  - op#11  op=SV       shard=0   p=[1x16x1024x1024] + v=[1x16x1024x128]  ->  y=[1x16x1024x128]  (T=1024, K=1024)
  - op#12  op=SV       shard=1   p=[1x16x1024x1024] + v=[1x16x1024x128]  ->  y=[1x16x1024x128]  (T=1024, K=1024)
  - op#13  op=O        shard=0   x=[1x1024x2048] + w=[4096x2048]  ->  y=[1x1024x4096]  (T=1024, K=1024)
  - op#14  op=O        shard=1   x=[1x1024x2048] + w=[4096x2048]  ->  y=[1x1024x4096]  (T=1024, K=1024)
  - op#15  op=Add      shard=-1  a=[1x1024x4096] + b=[1x1024x4096]  ->  y=[1x1024x4096]  (T=1024, K=1024)
  - op#16  op=LN       shard=-1  x=[1x1024x4096] + w=[4096]  ->  y=[1x1024x4096]  (T=1024, K=1024)
  - op#17  op=FFN_W1   shard=0   x=[1x1024x4096] + w=[5504x4096]  ->  y=[1x1024x5504]  (T=1024, K=1024)
  - op#18  op=FFN_W3   shard=0   x=[1x1024x4096] + w=[5504x4096]  ->  y=[1x1024x5504]  (T=1024, K=1024)
  - op#19  op=FFN_W1   shard=1   x=[1x1024x4096] + w=[5504x4096]  ->  y=[1x1024x5504]  (T=1024, K=1024)
  - op#20  op=FFN_W3   shard=1   x=[1x1024x4096] + w=[5504x4096]  ->  y=[1x1024x5504]  (T=1024, K=1024)
  - op#21  op=SwiGLU   shard=0   a=[1x1024x5504] + b=[1x1024x5504]  ->  y=[1x1024x5504]  (T=1024, K=1024)
  - op#22  op=SwiGLU   shard=1   a=[1x1024x5504] + b=[1x1024x5504]  ->  y=[1x1024x5504]  (T=1024, K=1024)
  - op#23  op=FFN_W2   shard=0   x=[1x1024x5504] + w=[4096x5504]  ->  y=[1x1024x4096]  (T=1024, K=1024)
  - op#24  op=FFN_W2   shard=1   x=[1x1024x5504] + w=[4096x5504]  ->  y=[1x1024x4096]  (T=1024, K=1024)
  - op#25  op=Add      shard=-1  a=[1x1024x4096] + b=[1x1024x4096]  ->  y=[1x1024x4096]  (T=1024, K=1024)
[gpu-debug] per-op timing breakdown (avg over iters):
  idx  op       sh  io                                                    time   est_flops    TFLOPs       bytes      GB/s
  ------------------------------------------------------------------------------------------------------------------------
    0  LN       -1  x[1x1024x4096]+w[4096]->y[1x1024x4096]              0.110ms    20.972 M      0.19   16.01 MiB    152.63
    1  Q         0  x[1x1024x4096]+w[2048x4096]->y[1x1024x2048]         0.148ms    17.180 G    115.78   28.00 MiB    197.87
    2  K         0  x[1x1024x4096]+w[2048x4096]->y[1x1024x2048]         0.148ms    17.180 G    116.03   28.00 MiB    198.28
    3  V         0  x[1x1024x4096]+w[2048x4096]->y[1x1024x2048]         0.149ms    17.180 G    115.55   28.00 MiB    197.47
    4  Q         1  x[1x1024x4096]+w[2048x4096]->y[1x1024x2048]         0.148ms    17.180 G    116.03   28.00 MiB    198.28
    5  K         1  x[1x1024x4096]+w[2048x4096]->y[1x1024x2048]         0.148ms    17.180 G    115.94   28.00 MiB    198.15
    6  V         1  x[1x1024x4096]+w[2048x4096]->y[1x1024x2048]         0.149ms    17.180 G    115.63   28.00 MiB    197.60
    7  QK        0  q[1x16x1024x128]+k[1x16x128x1024]->y[1x16x1...      0.135ms     4.295 G     31.92   40.00 MiB    311.72
    8  QK        1  q[1x16x1024x128]+k[1x16x128x1024]->y[1x16x1...      0.136ms     4.295 G     31.63   40.00 MiB    308.90
    9  Softmax   0  scores[1x16x1024x1024]->y[1x16x1024x1024]           0.090ms    83.886 M      0.93   64.00 MiB    743.88
   10  Softmax   1  scores[1x16x1024x1024]->y[1x16x1024x1024]           0.087ms    83.886 M      0.96   64.00 MiB    771.01
   11  SV        0  p[1x16x1024x1024]+v[1x16x1024x128]->y[1x16x...      0.069ms     4.295 G     62.70   40.00 MiB    612.26
   12  SV        1  p[1x16x1024x1024]+v[1x16x1024x128]->y[1x16x...      0.063ms     4.295 G     67.76   40.00 MiB    661.71
   13  O         0  x[1x1024x2048]+w[4096x2048]->y[1x1024x4096]         0.182ms    17.180 G     94.63   28.00 MiB    161.71
   14  O         1  x[1x1024x2048]+w[4096x2048]->y[1x1024x4096]         0.180ms    17.180 G     95.27   28.00 MiB    162.82
   15  Add      -1  a[1x1024x4096]+b[1x1024x4096]->y[1x1024x4096]       0.018ms     4.194 M      0.24   24.00 MiB   1428.84
   16  LN       -1  x[1x1024x4096]+w[4096]->y[1x1024x4096]              0.102ms    20.972 M      0.21   16.01 MiB    165.08
   17  FFN_W1    0  x[1x1024x4096]+w[5504x4096]->y[1x1024x5504]         0.336ms    46.171 G    137.30   61.75 MiB    192.55
   18  FFN_W3    0  x[1x1024x4096]+w[5504x4096]->y[1x1024x5504]         0.336ms    46.171 G    137.38   61.75 MiB    192.66
   19  FFN_W1    1  x[1x1024x4096]+w[5504x4096]->y[1x1024x5504]         0.336ms    46.171 G    137.47   61.75 MiB    192.78
   20  FFN_W3    1  x[1x1024x4096]+w[5504x4096]->y[1x1024x5504]         0.337ms    46.171 G    137.13   61.75 MiB    192.31
   21  SwiGLU    0  a[1x1024x5504]+b[1x1024x5504]->y[1x1024x5504]       0.044ms    33.817 M      0.77   32.25 MiB    771.59
   22  SwiGLU    1  a[1x1024x5504]+b[1x1024x5504]->y[1x1024x5504]       0.045ms    33.817 M      0.75   32.25 MiB    752.26
   23  FFN_W2    0  x[1x1024x5504]+w[4096x5504]->y[1x1024x4096]         0.442ms    46.171 G    104.37   61.75 MiB    146.37
   24  FFN_W2    1  x[1x1024x5504]+w[4096x5504]->y[1x1024x4096]         0.442ms    46.171 G    104.40   61.75 MiB    146.40
   25  Add      -1  a[1x1024x4096]+b[1x1024x4096]->y[1x1024x4096]       0.018ms     4.194 M      0.23   24.00 MiB   1372.96
[gpu-debug] segment avg latency (cuda_events): 4.296 ms
[gpu-debug] sum(per-op)               : 4.397 ms (ratio=1.024)
[gpu-debug] NOTE: sum(per-op) may differ from segment latency due to Python overhead, event/launch overhead, and allocator/cache effects.
[gpu-debug] cuda mem before warmup: alloc=400.16 MiB reserved=414.00 MiB
[gpu-debug] cuda mem after warmup : alloc=462.91 MiB reserved=574.00 MiB
[gpu-debug] cuda mem peak (this segment): max_alloc=526.91 MiB max_reserved=574.00 MiB
  progress 4/4
