[run-gpu] tasks=6 warmup=3 iters=10 device=cuda dtype=bf16 batch=1 segment_scope=layer
[run-gpu] extra weight_load_s=0.267700s (will be added in merge)
[run-gpu] GPU[0] NVIDIA A100-PCIE-40GB; SM=108, CC=8.0
[run-gpu] nvidia-smi -L: GPU 0: NVIDIA A100-PCIE-40GB (UUID: GPU-d9e583db-d970-f6cd-7563-aefa55d156db)
[run-gpu] nvidia-smi query: NVIDIA A100-PCIE-40GB, GPU-d9e583db-d970-f6cd-7563-aefa55d156db, 560.35.03, 40960
[run-gpu][debug] torch_default_dtype=torch.float32
[run-gpu][debug] torch.backends.cuda.matmul.allow_tf32=False
[run-gpu][debug] cudnn.enabled=True benchmark=False deterministic=False allow_tf32=True
[run-gpu][debug] nvidia-smi snapshot: 0, 0, 0, 4, 40960, 33, 34.85, 250.00
========================================================================================
[gpu-debug] segment_key=npu|decode|0|2ef4409498d14c672a4fbbfe6786cce6
[gpu-debug] sig: device_type=npu phase=decode step=0 (count_hint=32)
[gpu-debug] ops_repr: LN:-1,Add:-1,LN:-1,FFN_W1:0,FFN_W3:0,FFN_W1:1,FFN_W3:1,SwiGLU:0,SwiGLU:1,FFN_W2:0,FFN_W2:1,Add:-1
[gpu-debug] cfg: device=cuda dtype=torch.bfloat16 batch=1 dim=4096 ffn_dim=11008 n_heads=32 shards=2
[gpu-debug] op plan (with inferred tensor shapes):
  - op#00  op=LN       shard=-1  x=[1x1x4096] + w=[4096]  ->  y=[1x1x4096]  (T=1, K=1025)
  - op#01  op=Add      shard=-1  a=[1x1x4096] + b=[1x1x4096]  ->  y=[1x1x4096]  (T=1, K=1025)
  - op#02  op=LN       shard=-1  x=[1x1x4096] + w=[4096]  ->  y=[1x1x4096]  (T=1, K=1025)
  - op#03  op=FFN_W1   shard=0   x=[1x1x4096] + w=[5504x4096]  ->  y=[1x1x5504]  (T=1, K=1025)
  - op#04  op=FFN_W3   shard=0   x=[1x1x4096] + w=[5504x4096]  ->  y=[1x1x5504]  (T=1, K=1025)
  - op#05  op=FFN_W1   shard=1   x=[1x1x4096] + w=[5504x4096]  ->  y=[1x1x5504]  (T=1, K=1025)
  - op#06  op=FFN_W3   shard=1   x=[1x1x4096] + w=[5504x4096]  ->  y=[1x1x5504]  (T=1, K=1025)
  - op#07  op=SwiGLU   shard=0   a=[1x1x5504] + b=[1x1x5504]  ->  y=[1x1x5504]  (T=1, K=1025)
  - op#08  op=SwiGLU   shard=1   a=[1x1x5504] + b=[1x1x5504]  ->  y=[1x1x5504]  (T=1, K=1025)
  - op#09  op=FFN_W2   shard=0   x=[1x1x5504] + w=[4096x5504]  ->  y=[1x1x4096]  (T=1, K=1025)
  - op#10  op=FFN_W2   shard=1   x=[1x1x5504] + w=[4096x5504]  ->  y=[1x1x4096]  (T=1, K=1025)
  - op#11  op=Add      shard=-1  a=[1x1x4096] + b=[1x1x4096]  ->  y=[1x1x4096]  (T=1, K=1025)
[gpu-debug] per-op timing breakdown (avg over iters):
  idx  op       sh  io                                                    time   est_flops    TFLOPs       bytes      GB/s
  ------------------------------------------------------------------------------------------------------------------------
    0  LN       -1  x[1x1x4096]+w[4096]->y[1x1x4096]                    0.071ms    20.480 K      0.00   24.00 KiB      0.35
    1  Add      -1  a[1x1x4096]+b[1x1x4096]->y[1x1x4096]                0.017ms     4.096 K      0.00   24.00 KiB      1.48
    2  LN       -1  x[1x1x4096]+w[4096]->y[1x1x4096]                    0.058ms    20.480 K      0.00   24.00 KiB      0.42
    3  FFN_W1    0  x[1x1x4096]+w[5504x4096]->y[1x1x5504]               0.065ms    45.089 M      0.69   43.02 MiB    693.71
    4  FFN_W3    0  x[1x1x4096]+w[5504x4096]->y[1x1x5504]               0.045ms    45.089 M      1.01   43.02 MiB   1010.34
    5  FFN_W1    1  x[1x1x4096]+w[5504x4096]->y[1x1x5504]               0.045ms    45.089 M      1.01   43.02 MiB   1008.03
    6  FFN_W3    1  x[1x1x4096]+w[5504x4096]->y[1x1x5504]               0.044ms    45.089 M      1.03   43.02 MiB   1031.63
    7  SwiGLU    0  a[1x1x5504]+b[1x1x5504]->y[1x1x5504]                0.013ms    33.024 K      0.00   32.25 KiB      2.52
    8  SwiGLU    1  a[1x1x5504]+b[1x1x5504]->y[1x1x5504]                0.012ms    33.024 K      0.00   32.25 KiB      2.67
    9  FFN_W2    0  x[1x1x5504]+w[4096x5504]->y[1x1x4096]               0.047ms    45.089 M      0.95   43.02 MiB    951.42
   10  FFN_W2    1  x[1x1x5504]+w[4096x5504]->y[1x1x4096]               0.046ms    45.089 M      0.97   43.02 MiB    970.28
   11  Add      -1  a[1x1x4096]+b[1x1x4096]->y[1x1x4096]                0.008ms     4.096 K      0.00   24.00 KiB      2.89
[gpu-debug] segment avg latency (cuda_events): 0.353 ms
[gpu-debug] sum(per-op)               : 0.472 ms (ratio=1.334)
[gpu-debug] NOTE: sum(per-op) may differ from segment latency due to Python overhead, event/launch overhead, and allocator/cache effects.
[gpu-debug] cuda mem before warmup: alloc=0 B reserved=0 B
[gpu-debug] cuda mem after warmup : alloc=272.15 MiB reserved=286.00 MiB
[gpu-debug] cuda mem peak (this segment): max_alloc=272.17 MiB max_reserved=286.00 MiB
========================================================================================
[gpu-debug] segment_key=npu|decode|1|2ef4409498d14c672a4fbbfe6786cce6
[gpu-debug] sig: device_type=npu phase=decode step=1 (count_hint=32)
[gpu-debug] ops_repr: LN:-1,Add:-1,LN:-1,FFN_W1:0,FFN_W3:0,FFN_W1:1,FFN_W3:1,SwiGLU:0,SwiGLU:1,FFN_W2:0,FFN_W2:1,Add:-1
[gpu-debug] cfg: device=cuda dtype=torch.bfloat16 batch=1 dim=4096 ffn_dim=11008 n_heads=32 shards=2
[gpu-debug] op plan (with inferred tensor shapes):
  - op#00  op=LN       shard=-1  x=[1x1x4096] + w=[4096]  ->  y=[1x1x4096]  (T=1, K=1026)
  - op#01  op=Add      shard=-1  a=[1x1x4096] + b=[1x1x4096]  ->  y=[1x1x4096]  (T=1, K=1026)
  - op#02  op=LN       shard=-1  x=[1x1x4096] + w=[4096]  ->  y=[1x1x4096]  (T=1, K=1026)
  - op#03  op=FFN_W1   shard=0   x=[1x1x4096] + w=[5504x4096]  ->  y=[1x1x5504]  (T=1, K=1026)
  - op#04  op=FFN_W3   shard=0   x=[1x1x4096] + w=[5504x4096]  ->  y=[1x1x5504]  (T=1, K=1026)
  - op#05  op=FFN_W1   shard=1   x=[1x1x4096] + w=[5504x4096]  ->  y=[1x1x5504]  (T=1, K=1026)
  - op#06  op=FFN_W3   shard=1   x=[1x1x4096] + w=[5504x4096]  ->  y=[1x1x5504]  (T=1, K=1026)
  - op#07  op=SwiGLU   shard=0   a=[1x1x5504] + b=[1x1x5504]  ->  y=[1x1x5504]  (T=1, K=1026)
  - op#08  op=SwiGLU   shard=1   a=[1x1x5504] + b=[1x1x5504]  ->  y=[1x1x5504]  (T=1, K=1026)
  - op#09  op=FFN_W2   shard=0   x=[1x1x5504] + w=[4096x5504]  ->  y=[1x1x4096]  (T=1, K=1026)
  - op#10  op=FFN_W2   shard=1   x=[1x1x5504] + w=[4096x5504]  ->  y=[1x1x4096]  (T=1, K=1026)
  - op#11  op=Add      shard=-1  a=[1x1x4096] + b=[1x1x4096]  ->  y=[1x1x4096]  (T=1, K=1026)
[gpu-debug] per-op timing breakdown (avg over iters):
  idx  op       sh  io                                                    time   est_flops    TFLOPs       bytes      GB/s
  ------------------------------------------------------------------------------------------------------------------------
    0  LN       -1  x[1x1x4096]+w[4096]->y[1x1x4096]                    0.068ms    20.480 K      0.00   24.00 KiB      0.36
    1  Add      -1  a[1x1x4096]+b[1x1x4096]->y[1x1x4096]                0.017ms     4.096 K      0.00   24.00 KiB      1.48
    2  LN       -1  x[1x1x4096]+w[4096]->y[1x1x4096]                    0.057ms    20.480 K      0.00   24.00 KiB      0.43
    3  FFN_W1    0  x[1x1x4096]+w[5504x4096]->y[1x1x5504]               0.065ms    45.089 M      0.70   43.02 MiB    699.22
    4  FFN_W3    0  x[1x1x4096]+w[5504x4096]->y[1x1x5504]               0.045ms    45.089 M      1.01   43.02 MiB   1010.34
    5  FFN_W1    1  x[1x1x4096]+w[5504x4096]->y[1x1x5504]               0.045ms    45.089 M      1.01   43.02 MiB   1005.72
    6  FFN_W3    1  x[1x1x4096]+w[5504x4096]->y[1x1x5504]               0.044ms    45.089 M      1.02   43.02 MiB   1022.06
    7  SwiGLU    0  a[1x1x5504]+b[1x1x5504]->y[1x1x5504]                0.013ms    33.024 K      0.00   32.25 KiB      2.50
    8  SwiGLU    1  a[1x1x5504]+b[1x1x5504]->y[1x1x5504]                0.013ms    33.024 K      0.00   32.25 KiB      2.58
    9  FFN_W2    0  x[1x1x5504]+w[4096x5504]->y[1x1x4096]               0.047ms    45.089 M      0.96   43.02 MiB    957.62
   10  FFN_W2    1  x[1x1x5504]+w[4096x5504]->y[1x1x4096]               0.046ms    45.089 M      0.97   43.02 MiB    972.42
   11  Add      -1  a[1x1x4096]+b[1x1x4096]->y[1x1x4096]                0.009ms     4.096 K      0.00   24.00 KiB      2.82
[gpu-debug] segment avg latency (cuda_events): 0.351 ms
[gpu-debug] sum(per-op)               : 0.468 ms (ratio=1.333)
[gpu-debug] NOTE: sum(per-op) may differ from segment latency due to Python overhead, event/launch overhead, and allocator/cache effects.
[gpu-debug] cuda mem before warmup: alloc=272.15 MiB reserved=286.00 MiB
[gpu-debug] cuda mem after warmup : alloc=272.15 MiB reserved=286.00 MiB
[gpu-debug] cuda mem peak (this segment): max_alloc=272.17 MiB max_reserved=286.00 MiB
========================================================================================
[gpu-debug] segment_key=npu|decode|2|2ef4409498d14c672a4fbbfe6786cce6
[gpu-debug] sig: device_type=npu phase=decode step=2 (count_hint=32)
[gpu-debug] ops_repr: LN:-1,Add:-1,LN:-1,FFN_W1:0,FFN_W3:0,FFN_W1:1,FFN_W3:1,SwiGLU:0,SwiGLU:1,FFN_W2:0,FFN_W2:1,Add:-1
[gpu-debug] cfg: device=cuda dtype=torch.bfloat16 batch=1 dim=4096 ffn_dim=11008 n_heads=32 shards=2
[gpu-debug] op plan (with inferred tensor shapes):
  - op#00  op=LN       shard=-1  x=[1x1x4096] + w=[4096]  ->  y=[1x1x4096]  (T=1, K=1088)
  - op#01  op=Add      shard=-1  a=[1x1x4096] + b=[1x1x4096]  ->  y=[1x1x4096]  (T=1, K=1088)
  - op#02  op=LN       shard=-1  x=[1x1x4096] + w=[4096]  ->  y=[1x1x4096]  (T=1, K=1088)
  - op#03  op=FFN_W1   shard=0   x=[1x1x4096] + w=[5504x4096]  ->  y=[1x1x5504]  (T=1, K=1088)
  - op#04  op=FFN_W3   shard=0   x=[1x1x4096] + w=[5504x4096]  ->  y=[1x1x5504]  (T=1, K=1088)
  - op#05  op=FFN_W1   shard=1   x=[1x1x4096] + w=[5504x4096]  ->  y=[1x1x5504]  (T=1, K=1088)
  - op#06  op=FFN_W3   shard=1   x=[1x1x4096] + w=[5504x4096]  ->  y=[1x1x5504]  (T=1, K=1088)
  - op#07  op=SwiGLU   shard=0   a=[1x1x5504] + b=[1x1x5504]  ->  y=[1x1x5504]  (T=1, K=1088)
  - op#08  op=SwiGLU   shard=1   a=[1x1x5504] + b=[1x1x5504]  ->  y=[1x1x5504]  (T=1, K=1088)
  - op#09  op=FFN_W2   shard=0   x=[1x1x5504] + w=[4096x5504]  ->  y=[1x1x4096]  (T=1, K=1088)
  - op#10  op=FFN_W2   shard=1   x=[1x1x5504] + w=[4096x5504]  ->  y=[1x1x4096]  (T=1, K=1088)
  - op#11  op=Add      shard=-1  a=[1x1x4096] + b=[1x1x4096]  ->  y=[1x1x4096]  (T=1, K=1088)
[gpu-debug] per-op timing breakdown (avg over iters):
  idx  op       sh  io                                                    time   est_flops    TFLOPs       bytes      GB/s
  ------------------------------------------------------------------------------------------------------------------------
    0  LN       -1  x[1x1x4096]+w[4096]->y[1x1x4096]                    0.069ms    20.480 K      0.00   24.00 KiB      0.35
    1  Add      -1  a[1x1x4096]+b[1x1x4096]->y[1x1x4096]                0.017ms     4.096 K      0.00   24.00 KiB      1.46
    2  LN       -1  x[1x1x4096]+w[4096]->y[1x1x4096]                    0.057ms    20.480 K      0.00   24.00 KiB      0.43
    3  FFN_W1    0  x[1x1x4096]+w[5504x4096]->y[1x1x5504]               0.064ms    45.089 M      0.70   43.02 MiB    701.45
    4  FFN_W3    0  x[1x1x4096]+w[5504x4096]->y[1x1x5504]               0.045ms    45.089 M      1.00   43.02 MiB   1001.15
    5  FFN_W1    1  x[1x1x4096]+w[5504x4096]->y[1x1x5504]               0.045ms    45.089 M      1.01   43.02 MiB   1005.72
    6  FFN_W3    1  x[1x1x4096]+w[5504x4096]->y[1x1x5504]               0.044ms    45.089 M      1.01   43.02 MiB   1014.99
    7  SwiGLU    0  a[1x1x5504]+b[1x1x5504]->y[1x1x5504]                0.013ms    33.024 K      0.00   32.25 KiB      2.52
    8  SwiGLU    1  a[1x1x5504]+b[1x1x5504]->y[1x1x5504]                0.012ms    33.024 K      0.00   32.25 KiB      2.67
    9  FFN_W2    0  x[1x1x5504]+w[4096x5504]->y[1x1x4096]               0.047ms    45.089 M      0.96   43.02 MiB    957.62
   10  FFN_W2    1  x[1x1x5504]+w[4096x5504]->y[1x1x4096]               0.046ms    45.089 M      0.97   43.02 MiB    970.28
   11  Add      -1  a[1x1x4096]+b[1x1x4096]->y[1x1x4096]                0.009ms     4.096 K      0.00   24.00 KiB      2.76
[gpu-debug] segment avg latency (cuda_events): 0.348 ms
[gpu-debug] sum(per-op)               : 0.470 ms (ratio=1.351)
[gpu-debug] NOTE: sum(per-op) may differ from segment latency due to Python overhead, event/launch overhead, and allocator/cache effects.
[gpu-debug] cuda mem before warmup: alloc=272.15 MiB reserved=286.00 MiB
[gpu-debug] cuda mem after warmup : alloc=272.15 MiB reserved=286.00 MiB
[gpu-debug] cuda mem peak (this segment): max_alloc=272.17 MiB max_reserved=286.00 MiB
========================================================================================
[gpu-debug] segment_key=npu|decode|3|2ef4409498d14c672a4fbbfe6786cce6
[gpu-debug] sig: device_type=npu phase=decode step=3 (count_hint=32)
[gpu-debug] ops_repr: LN:-1,Add:-1,LN:-1,FFN_W1:0,FFN_W3:0,FFN_W1:1,FFN_W3:1,SwiGLU:0,SwiGLU:1,FFN_W2:0,FFN_W2:1,Add:-1
[gpu-debug] cfg: device=cuda dtype=torch.bfloat16 batch=1 dim=4096 ffn_dim=11008 n_heads=32 shards=2
[gpu-debug] op plan (with inferred tensor shapes):
  - op#00  op=LN       shard=-1  x=[1x1x4096] + w=[4096]  ->  y=[1x1x4096]  (T=1, K=1152)
  - op#01  op=Add      shard=-1  a=[1x1x4096] + b=[1x1x4096]  ->  y=[1x1x4096]  (T=1, K=1152)
  - op#02  op=LN       shard=-1  x=[1x1x4096] + w=[4096]  ->  y=[1x1x4096]  (T=1, K=1152)
  - op#03  op=FFN_W1   shard=0   x=[1x1x4096] + w=[5504x4096]  ->  y=[1x1x5504]  (T=1, K=1152)
  - op#04  op=FFN_W3   shard=0   x=[1x1x4096] + w=[5504x4096]  ->  y=[1x1x5504]  (T=1, K=1152)
  - op#05  op=FFN_W1   shard=1   x=[1x1x4096] + w=[5504x4096]  ->  y=[1x1x5504]  (T=1, K=1152)
  - op#06  op=FFN_W3   shard=1   x=[1x1x4096] + w=[5504x4096]  ->  y=[1x1x5504]  (T=1, K=1152)
  - op#07  op=SwiGLU   shard=0   a=[1x1x5504] + b=[1x1x5504]  ->  y=[1x1x5504]  (T=1, K=1152)
  - op#08  op=SwiGLU   shard=1   a=[1x1x5504] + b=[1x1x5504]  ->  y=[1x1x5504]  (T=1, K=1152)
  - op#09  op=FFN_W2   shard=0   x=[1x1x5504] + w=[4096x5504]  ->  y=[1x1x4096]  (T=1, K=1152)
  - op#10  op=FFN_W2   shard=1   x=[1x1x5504] + w=[4096x5504]  ->  y=[1x1x4096]  (T=1, K=1152)
  - op#11  op=Add      shard=-1  a=[1x1x4096] + b=[1x1x4096]  ->  y=[1x1x4096]  (T=1, K=1152)
[gpu-debug] per-op timing breakdown (avg over iters):
  idx  op       sh  io                                                    time   est_flops    TFLOPs       bytes      GB/s
  ------------------------------------------------------------------------------------------------------------------------
    0  LN       -1  x[1x1x4096]+w[4096]->y[1x1x4096]                    0.068ms    20.480 K      0.00   24.00 KiB      0.36
    1  Add      -1  a[1x1x4096]+b[1x1x4096]->y[1x1x4096]                0.016ms     4.096 K      0.00   24.00 KiB      1.49
    2  LN       -1  x[1x1x4096]+w[4096]->y[1x1x4096]                    0.058ms    20.480 K      0.00   24.00 KiB      0.42
    3  FFN_W1    0  x[1x1x4096]+w[5504x4096]->y[1x1x5504]               0.065ms    45.089 M      0.70   43.02 MiB    699.22
    4  FFN_W3    0  x[1x1x4096]+w[5504x4096]->y[1x1x5504]               0.045ms    45.089 M      1.00   43.02 MiB   1001.15
    5  FFN_W1    1  x[1x1x4096]+w[5504x4096]->y[1x1x5504]               0.045ms    45.089 M      1.01   43.02 MiB   1005.72
    6  FFN_W3    1  x[1x1x4096]+w[5504x4096]->y[1x1x5504]               0.044ms    45.089 M      1.02   43.02 MiB   1022.06
    7  SwiGLU    0  a[1x1x5504]+b[1x1x5504]->y[1x1x5504]                0.013ms    33.024 K      0.00   32.25 KiB      2.50
    8  SwiGLU    1  a[1x1x5504]+b[1x1x5504]->y[1x1x5504]                0.012ms    33.024 K      0.00   32.25 KiB      2.67
    9  FFN_W2    0  x[1x1x5504]+w[4096x5504]->y[1x1x4096]               0.047ms    45.089 M      0.96   43.02 MiB    959.71
   10  FFN_W2    1  x[1x1x5504]+w[4096x5504]->y[1x1x4096]               0.046ms    45.089 M      0.97   43.02 MiB    972.42
   11  Add      -1  a[1x1x4096]+b[1x1x4096]->y[1x1x4096]                0.009ms     4.096 K      0.00   24.00 KiB      2.82
[gpu-debug] segment avg latency (cuda_events): 0.348 ms
[gpu-debug] sum(per-op)               : 0.468 ms (ratio=1.347)
[gpu-debug] NOTE: sum(per-op) may differ from segment latency due to Python overhead, event/launch overhead, and allocator/cache effects.
[gpu-debug] cuda mem before warmup: alloc=272.15 MiB reserved=286.00 MiB
[gpu-debug] cuda mem after warmup : alloc=272.15 MiB reserved=286.00 MiB
[gpu-debug] cuda mem peak (this segment): max_alloc=272.17 MiB max_reserved=286.00 MiB
========================================================================================
[gpu-debug] segment_key=npu|decode|4|2ef4409498d14c672a4fbbfe6786cce6
[gpu-debug] sig: device_type=npu phase=decode step=4 (count_hint=32)
[gpu-debug] ops_repr: LN:-1,Add:-1,LN:-1,FFN_W1:0,FFN_W3:0,FFN_W1:1,FFN_W3:1,SwiGLU:0,SwiGLU:1,FFN_W2:0,FFN_W2:1,Add:-1
[gpu-debug] cfg: device=cuda dtype=torch.bfloat16 batch=1 dim=4096 ffn_dim=11008 n_heads=32 shards=2
[gpu-debug] op plan (with inferred tensor shapes):
  - op#00  op=LN       shard=-1  x=[1x1x4096] + w=[4096]  ->  y=[1x1x4096]  (T=1, K=1216)
  - op#01  op=Add      shard=-1  a=[1x1x4096] + b=[1x1x4096]  ->  y=[1x1x4096]  (T=1, K=1216)
  - op#02  op=LN       shard=-1  x=[1x1x4096] + w=[4096]  ->  y=[1x1x4096]  (T=1, K=1216)
  - op#03  op=FFN_W1   shard=0   x=[1x1x4096] + w=[5504x4096]  ->  y=[1x1x5504]  (T=1, K=1216)
  - op#04  op=FFN_W3   shard=0   x=[1x1x4096] + w=[5504x4096]  ->  y=[1x1x5504]  (T=1, K=1216)
  - op#05  op=FFN_W1   shard=1   x=[1x1x4096] + w=[5504x4096]  ->  y=[1x1x5504]  (T=1, K=1216)
  - op#06  op=FFN_W3   shard=1   x=[1x1x4096] + w=[5504x4096]  ->  y=[1x1x5504]  (T=1, K=1216)
  - op#07  op=SwiGLU   shard=0   a=[1x1x5504] + b=[1x1x5504]  ->  y=[1x1x5504]  (T=1, K=1216)
  - op#08  op=SwiGLU   shard=1   a=[1x1x5504] + b=[1x1x5504]  ->  y=[1x1x5504]  (T=1, K=1216)
  - op#09  op=FFN_W2   shard=0   x=[1x1x5504] + w=[4096x5504]  ->  y=[1x1x4096]  (T=1, K=1216)
  - op#10  op=FFN_W2   shard=1   x=[1x1x5504] + w=[4096x5504]  ->  y=[1x1x4096]  (T=1, K=1216)
  - op#11  op=Add      shard=-1  a=[1x1x4096] + b=[1x1x4096]  ->  y=[1x1x4096]  (T=1, K=1216)
[gpu-debug] per-op timing breakdown (avg over iters):
  idx  op       sh  io                                                    time   est_flops    TFLOPs       bytes      GB/s
  ------------------------------------------------------------------------------------------------------------------------
    0  LN       -1  x[1x1x4096]+w[4096]->y[1x1x4096]                    0.068ms    20.480 K      0.00   24.00 KiB      0.36
    1  Add      -1  a[1x1x4096]+b[1x1x4096]->y[1x1x4096]                0.017ms     4.096 K      0.00   24.00 KiB      1.44
    2  LN       -1  x[1x1x4096]+w[4096]->y[1x1x4096]                    0.057ms    20.480 K      0.00   24.00 KiB      0.43
    3  FFN_W1    0  x[1x1x4096]+w[5504x4096]->y[1x1x5504]               0.064ms    45.089 M      0.70   43.02 MiB    704.81
    4  FFN_W3    0  x[1x1x4096]+w[5504x4096]->y[1x1x5504]               0.045ms    45.089 M      1.01   43.02 MiB   1008.03
    5  FFN_W1    1  x[1x1x4096]+w[5504x4096]->y[1x1x5504]               0.045ms    45.089 M      1.00   43.02 MiB   1003.43
    6  FFN_W3    1  x[1x1x4096]+w[5504x4096]->y[1x1x5504]               0.044ms    45.089 M      1.01   43.02 MiB   1014.99
    7  SwiGLU    0  a[1x1x5504]+b[1x1x5504]->y[1x1x5504]                0.013ms    33.024 K      0.00   32.25 KiB      2.48
    8  SwiGLU    1  a[1x1x5504]+b[1x1x5504]->y[1x1x5504]                0.012ms    33.024 K      0.00   32.25 KiB      2.67
    9  FFN_W2    0  x[1x1x5504]+w[4096x5504]->y[1x1x4096]               0.047ms    45.089 M      0.96   43.02 MiB    959.71
   10  FFN_W2    1  x[1x1x5504]+w[4096x5504]->y[1x1x4096]               0.047ms    45.089 M      0.97   43.02 MiB    968.15
   11  Add      -1  a[1x1x4096]+b[1x1x4096]->y[1x1x4096]                0.009ms     4.096 K      0.00   24.00 KiB      2.86
[gpu-debug] segment avg latency (cuda_events): 0.349 ms
[gpu-debug] sum(per-op)               : 0.468 ms (ratio=1.339)
[gpu-debug] NOTE: sum(per-op) may differ from segment latency due to Python overhead, event/launch overhead, and allocator/cache effects.
[gpu-debug] cuda mem before warmup: alloc=272.15 MiB reserved=286.00 MiB
[gpu-debug] cuda mem after warmup : alloc=272.15 MiB reserved=286.00 MiB
[gpu-debug] cuda mem peak (this segment): max_alloc=272.17 MiB max_reserved=286.00 MiB
========================================================================================
[gpu-debug] segment_key=npu|prefill|-1|2ef4409498d14c672a4fbbfe6786cce6
[gpu-debug] sig: device_type=npu phase=prefill step=-1 (count_hint=32)
[gpu-debug] ops_repr: LN:-1,Add:-1,LN:-1,FFN_W1:0,FFN_W3:0,FFN_W1:1,FFN_W3:1,SwiGLU:0,SwiGLU:1,FFN_W2:0,FFN_W2:1,Add:-1
[gpu-debug] cfg: device=cuda dtype=torch.bfloat16 batch=1 dim=4096 ffn_dim=11008 n_heads=32 shards=2
[gpu-debug] op plan (with inferred tensor shapes):
  - op#00  op=LN       shard=-1  x=[1x1024x4096] + w=[4096]  ->  y=[1x1024x4096]  (T=1024, K=1024)
  - op#01  op=Add      shard=-1  a=[1x1024x4096] + b=[1x1024x4096]  ->  y=[1x1024x4096]  (T=1024, K=1024)
  - op#02  op=LN       shard=-1  x=[1x1024x4096] + w=[4096]  ->  y=[1x1024x4096]  (T=1024, K=1024)
  - op#03  op=FFN_W1   shard=0   x=[1x1024x4096] + w=[5504x4096]  ->  y=[1x1024x5504]  (T=1024, K=1024)
  - op#04  op=FFN_W3   shard=0   x=[1x1024x4096] + w=[5504x4096]  ->  y=[1x1024x5504]  (T=1024, K=1024)
  - op#05  op=FFN_W1   shard=1   x=[1x1024x4096] + w=[5504x4096]  ->  y=[1x1024x5504]  (T=1024, K=1024)
  - op#06  op=FFN_W3   shard=1   x=[1x1024x4096] + w=[5504x4096]  ->  y=[1x1024x5504]  (T=1024, K=1024)
  - op#07  op=SwiGLU   shard=0   a=[1x1024x5504] + b=[1x1024x5504]  ->  y=[1x1024x5504]  (T=1024, K=1024)
  - op#08  op=SwiGLU   shard=1   a=[1x1024x5504] + b=[1x1024x5504]  ->  y=[1x1024x5504]  (T=1024, K=1024)
  - op#09  op=FFN_W2   shard=0   x=[1x1024x5504] + w=[4096x5504]  ->  y=[1x1024x4096]  (T=1024, K=1024)
  - op#10  op=FFN_W2   shard=1   x=[1x1024x5504] + w=[4096x5504]  ->  y=[1x1024x4096]  (T=1024, K=1024)
  - op#11  op=Add      shard=-1  a=[1x1024x4096] + b=[1x1024x4096]  ->  y=[1x1024x4096]  (T=1024, K=1024)
[gpu-debug] per-op timing breakdown (avg over iters):
  idx  op       sh  io                                                    time   est_flops    TFLOPs       bytes      GB/s
  ------------------------------------------------------------------------------------------------------------------------
    0  LN       -1  x[1x1024x4096]+w[4096]->y[1x1024x4096]              0.104ms    20.972 M      0.20   16.01 MiB    161.34
    1  Add      -1  a[1x1024x4096]+b[1x1024x4096]->y[1x1024x4096]       0.014ms     4.194 M      0.29   24.00 MiB   1755.43
    2  LN       -1  x[1x1024x4096]+w[4096]->y[1x1024x4096]              0.093ms    20.972 M      0.23   16.01 MiB    180.13
    3  FFN_W1    0  x[1x1024x4096]+w[5504x4096]->y[1x1024x5504]         0.315ms    46.171 G    146.34   61.75 MiB    205.23
    4  FFN_W3    0  x[1x1024x4096]+w[5504x4096]->y[1x1024x5504]         0.314ms    46.171 G    146.82   61.75 MiB    205.90
    5  FFN_W1    1  x[1x1024x4096]+w[5504x4096]->y[1x1024x5504]         0.315ms    46.171 G    146.73   61.75 MiB    205.77
    6  FFN_W3    1  x[1x1024x4096]+w[5504x4096]->y[1x1024x5504]         0.315ms    46.171 G    146.77   61.75 MiB    205.83
    7  SwiGLU    0  a[1x1024x5504]+b[1x1024x5504]->y[1x1024x5504]       0.041ms    33.817 M      0.83   32.25 MiB    829.75
    8  SwiGLU    1  a[1x1024x5504]+b[1x1024x5504]->y[1x1024x5504]       0.042ms    33.817 M      0.81   32.25 MiB    811.40
    9  FFN_W2    0  x[1x1024x5504]+w[4096x5504]->y[1x1024x4096]         0.415ms    46.171 G    111.22   61.75 MiB    155.97
   10  FFN_W2    1  x[1x1024x5504]+w[4096x5504]->y[1x1024x4096]         0.415ms    46.171 G    111.39   61.75 MiB    156.21
   11  Add      -1  a[1x1024x4096]+b[1x1024x4096]->y[1x1024x4096]       0.017ms     4.194 M      0.24   24.00 MiB   1445.65
[gpu-debug] segment avg latency (cuda_events): 2.350 ms
[gpu-debug] sum(per-op)               : 2.400 ms (ratio=1.021)
[gpu-debug] NOTE: sum(per-op) may differ from segment latency due to Python overhead, event/launch overhead, and allocator/cache effects.
[gpu-debug] cuda mem before warmup: alloc=272.15 MiB reserved=286.00 MiB
[gpu-debug] cuda mem after warmup : alloc=290.90 MiB reserved=330.00 MiB
[gpu-debug] cuda mem peak (this segment): max_alloc=312.40 MiB max_reserved=330.00 MiB
  progress 6/6
