[run-gpu] tasks=18 warmup=3 iters=10 device=cuda dtype=bf16 batch=1 segment_scope=layer
[run-gpu] extra weight_load_s=0.400513s (will be added in merge)
[run-gpu] GPU[0] NVIDIA A100-PCIE-40GB; SM=108, CC=8.0
[run-gpu] nvidia-smi -L: GPU 0: NVIDIA A100-PCIE-40GB (UUID: GPU-d9e583db-d970-f6cd-7563-aefa55d156db)
[run-gpu] nvidia-smi query: NVIDIA A100-PCIE-40GB, GPU-d9e583db-d970-f6cd-7563-aefa55d156db, 560.35.03, 40960
[run-gpu][debug] torch_default_dtype=torch.float32
[run-gpu][debug] torch.backends.cuda.matmul.allow_tf32=False
[run-gpu][debug] cudnn.enabled=True benchmark=False deterministic=False allow_tf32=True
[run-gpu][debug] nvidia-smi snapshot: 0, 0, 0, 4, 40960, 33, 34.65, 250.00
========================================================================================
[gpu-debug] segment_key=npu|decode|0|c4250bd61c597d473fa8d956945a3249
[gpu-debug] sig: device_type=npu phase=decode step=0 (count_hint=32)
[gpu-debug] ops_repr: Q:0,Q:1,K:0,K:1,V:0,V:1,Softmax:1,O:0,O:1,FFN_W1:0,FFN_W3:0,FFN_W1:1,FFN_W3:1,SwiGLU:1,FFN_W2:0,FFN_W2:1
[gpu-debug] cfg: device=cuda dtype=torch.bfloat16 batch=1 dim=4096 ffn_dim=11008 n_heads=32 shards=2
[gpu-debug] op plan (with inferred tensor shapes):
  - op#00  op=Q        shard=0   x=[1x1x4096] + w=[2048x4096]  ->  y=[1x1x2048]  (T=1, K=1025)
  - op#01  op=Q        shard=1   x=[1x1x4096] + w=[2048x4096]  ->  y=[1x1x2048]  (T=1, K=1025)
  - op#02  op=K        shard=0   x=[1x1x4096] + w=[2048x4096]  ->  y=[1x1x2048]  (T=1, K=1025)
  - op#03  op=K        shard=1   x=[1x1x4096] + w=[2048x4096]  ->  y=[1x1x2048]  (T=1, K=1025)
  - op#04  op=V        shard=0   x=[1x1x4096] + w=[2048x4096]  ->  y=[1x1x2048]  (T=1, K=1025)
  - op#05  op=V        shard=1   x=[1x1x4096] + w=[2048x4096]  ->  y=[1x1x2048]  (T=1, K=1025)
  - op#06  op=Softmax  shard=1   scores=[1x16x1x1025]  ->  y=[1x16x1x1025]  (T=1, K=1025)
  - op#07  op=O        shard=0   x=[1x1x2048] + w=[4096x2048]  ->  y=[1x1x4096]  (T=1, K=1025)
  - op#08  op=O        shard=1   x=[1x1x2048] + w=[4096x2048]  ->  y=[1x1x4096]  (T=1, K=1025)
  - op#09  op=FFN_W1   shard=0   x=[1x1x4096] + w=[5504x4096]  ->  y=[1x1x5504]  (T=1, K=1025)
  - op#10  op=FFN_W3   shard=0   x=[1x1x4096] + w=[5504x4096]  ->  y=[1x1x5504]  (T=1, K=1025)
  - op#11  op=FFN_W1   shard=1   x=[1x1x4096] + w=[5504x4096]  ->  y=[1x1x5504]  (T=1, K=1025)
  - op#12  op=FFN_W3   shard=1   x=[1x1x4096] + w=[5504x4096]  ->  y=[1x1x5504]  (T=1, K=1025)
  - op#13  op=SwiGLU   shard=1   a=[1x1x5504] + b=[1x1x5504]  ->  y=[1x1x5504]  (T=1, K=1025)
  - op#14  op=FFN_W2   shard=0   x=[1x1x5504] + w=[4096x5504]  ->  y=[1x1x4096]  (T=1, K=1025)
  - op#15  op=FFN_W2   shard=1   x=[1x1x5504] + w=[4096x5504]  ->  y=[1x1x4096]  (T=1, K=1025)
[gpu-debug] per-op timing breakdown (avg over iters):
  idx  op       sh  io                                                    time   est_flops    TFLOPs       bytes      GB/s
  ------------------------------------------------------------------------------------------------------------------------
    0  Q         0  x[1x1x4096]+w[2048x4096]->y[1x1x2048]               0.046ms    16.777 M      0.36   16.01 MiB    361.15
    1  Q         1  x[1x1x4096]+w[2048x4096]->y[1x1x2048]               0.033ms    16.777 M      0.51   16.01 MiB    507.62
    2  K         0  x[1x1x4096]+w[2048x4096]->y[1x1x2048]               0.034ms    16.777 M      0.50   16.01 MiB    498.36
    3  K         1  x[1x1x4096]+w[2048x4096]->y[1x1x2048]               0.033ms    16.777 M      0.51   16.01 MiB    506.05
    4  V         0  x[1x1x4096]+w[2048x4096]->y[1x1x2048]               0.033ms    16.777 M      0.51   16.01 MiB    510.78
    5  V         1  x[1x1x4096]+w[2048x4096]->y[1x1x2048]               0.033ms    16.777 M      0.50   16.01 MiB    502.94
    6  Softmax   1  scores[1x16x1x1025]->y[1x16x1x1025]                 0.022ms    82.000 K      0.00   64.06 KiB      3.04
    7  O         0  x[1x1x2048]+w[4096x2048]->y[1x1x4096]               0.027ms    16.777 M      0.61   16.01 MiB    611.79
    8  O         1  x[1x1x2048]+w[4096x2048]->y[1x1x4096]               0.028ms    16.777 M      0.59   16.01 MiB    589.78
    9  FFN_W1    0  x[1x1x4096]+w[5504x4096]->y[1x1x5504]               0.048ms    45.089 M      0.94   43.02 MiB    941.26
   10  FFN_W3    0  x[1x1x4096]+w[5504x4096]->y[1x1x5504]               0.048ms    45.089 M      0.94   43.02 MiB    945.30
   11  FFN_W1    1  x[1x1x4096]+w[5504x4096]->y[1x1x5504]               0.049ms    45.089 M      0.93   43.02 MiB    929.34
   12  FFN_W3    1  x[1x1x4096]+w[5504x4096]->y[1x1x5504]               0.047ms    45.089 M      0.96   43.02 MiB    959.71
   13  SwiGLU    1  a[1x1x5504]+b[1x1x5504]->y[1x1x5504]                0.016ms    33.024 K      0.00   32.25 KiB      2.09
   14  FFN_W2    0  x[1x1x5504]+w[4096x5504]->y[1x1x4096]               0.050ms    45.089 M      0.90   43.02 MiB    900.83
   15  FFN_W2    1  x[1x1x5504]+w[4096x5504]->y[1x1x4096]               0.050ms    45.089 M      0.90   43.02 MiB    902.68
[gpu-debug] segment avg latency (cuda_events): 0.544 ms
[gpu-debug] sum(per-op)               : 0.597 ms (ratio=1.098)
[gpu-debug] NOTE: sum(per-op) may differ from segment latency due to Python overhead, event/launch overhead, and allocator/cache effects.
[gpu-debug] cuda mem before warmup: alloc=0 B reserved=0 B
[gpu-debug] cuda mem after warmup : alloc=400.18 MiB reserved=414.00 MiB
[gpu-debug] cuda mem peak (this segment): max_alloc=400.21 MiB max_reserved=414.00 MiB
========================================================================================
[gpu-debug] segment_key=npu|decode|10|8bf82c38da86ca3f01938775ea2163b3
[gpu-debug] sig: device_type=npu phase=decode step=10 (count_hint=32)
[gpu-debug] ops_repr: Q:0,Q:1,K:0,K:1,V:0,V:1,Softmax:0,Softmax:1,O:0,O:1,FFN_W1:0,FFN_W3:0,FFN_W1:1,FFN_W3:1,SwiGLU:1,FFN_W2:0,FFN_W2:1
[gpu-debug] cfg: device=cuda dtype=torch.bfloat16 batch=1 dim=4096 ffn_dim=11008 n_heads=32 shards=2
[gpu-debug] op plan (with inferred tensor shapes):
  - op#00  op=Q        shard=0   x=[1x1x4096] + w=[2048x4096]  ->  y=[1x1x2048]  (T=1, K=1600)
  - op#01  op=Q        shard=1   x=[1x1x4096] + w=[2048x4096]  ->  y=[1x1x2048]  (T=1, K=1600)
  - op#02  op=K        shard=0   x=[1x1x4096] + w=[2048x4096]  ->  y=[1x1x2048]  (T=1, K=1600)
  - op#03  op=K        shard=1   x=[1x1x4096] + w=[2048x4096]  ->  y=[1x1x2048]  (T=1, K=1600)
  - op#04  op=V        shard=0   x=[1x1x4096] + w=[2048x4096]  ->  y=[1x1x2048]  (T=1, K=1600)
  - op#05  op=V        shard=1   x=[1x1x4096] + w=[2048x4096]  ->  y=[1x1x2048]  (T=1, K=1600)
  - op#06  op=Softmax  shard=0   scores=[1x16x1x1600]  ->  y=[1x16x1x1600]  (T=1, K=1600)
  - op#07  op=Softmax  shard=1   scores=[1x16x1x1600]  ->  y=[1x16x1x1600]  (T=1, K=1600)
  - op#08  op=O        shard=0   x=[1x1x2048] + w=[4096x2048]  ->  y=[1x1x4096]  (T=1, K=1600)
  - op#09  op=O        shard=1   x=[1x1x2048] + w=[4096x2048]  ->  y=[1x1x4096]  (T=1, K=1600)
  - op#10  op=FFN_W1   shard=0   x=[1x1x4096] + w=[5504x4096]  ->  y=[1x1x5504]  (T=1, K=1600)
  - op#11  op=FFN_W3   shard=0   x=[1x1x4096] + w=[5504x4096]  ->  y=[1x1x5504]  (T=1, K=1600)
  - op#12  op=FFN_W1   shard=1   x=[1x1x4096] + w=[5504x4096]  ->  y=[1x1x5504]  (T=1, K=1600)
  - op#13  op=FFN_W3   shard=1   x=[1x1x4096] + w=[5504x4096]  ->  y=[1x1x5504]  (T=1, K=1600)
  - op#14  op=SwiGLU   shard=1   a=[1x1x5504] + b=[1x1x5504]  ->  y=[1x1x5504]  (T=1, K=1600)
  - op#15  op=FFN_W2   shard=0   x=[1x1x5504] + w=[4096x5504]  ->  y=[1x1x4096]  (T=1, K=1600)
  - op#16  op=FFN_W2   shard=1   x=[1x1x5504] + w=[4096x5504]  ->  y=[1x1x4096]  (T=1, K=1600)
[gpu-debug] per-op timing breakdown (avg over iters):
  idx  op       sh  io                                                    time   est_flops    TFLOPs       bytes      GB/s
  ------------------------------------------------------------------------------------------------------------------------
    0  Q         0  x[1x1x4096]+w[2048x4096]->y[1x1x2048]               0.046ms    16.777 M      0.36   16.01 MiB    364.36
    1  Q         1  x[1x1x4096]+w[2048x4096]->y[1x1x2048]               0.033ms    16.777 M      0.51   16.01 MiB    506.05
    2  K         0  x[1x1x4096]+w[2048x4096]->y[1x1x2048]               0.034ms    16.777 M      0.50   16.01 MiB    498.36
    3  K         1  x[1x1x4096]+w[2048x4096]->y[1x1x2048]               0.033ms    16.777 M      0.51   16.01 MiB    506.05
    4  V         0  x[1x1x4096]+w[2048x4096]->y[1x1x2048]               0.033ms    16.777 M      0.51   16.01 MiB    509.19
    5  V         1  x[1x1x4096]+w[2048x4096]->y[1x1x2048]               0.033ms    16.777 M      0.51   16.01 MiB    509.19
    6  Softmax   0  scores[1x16x1x1600]->y[1x16x1x1600]                 0.026ms   128.000 K      0.00  100.00 KiB      3.92
    7  Softmax   1  scores[1x16x1x1600]->y[1x16x1x1600]                 0.022ms   128.000 K      0.01  100.00 KiB      4.59
    8  O         0  x[1x1x2048]+w[4096x2048]->y[1x1x4096]               0.027ms    16.777 M      0.61   16.01 MiB    614.08
    9  O         1  x[1x1x2048]+w[4096x2048]->y[1x1x4096]               0.028ms    16.777 M      0.60   16.01 MiB    602.79
   10  FFN_W1    0  x[1x1x4096]+w[5504x4096]->y[1x1x5504]               0.047ms    45.089 M      0.96   43.02 MiB    959.71
   11  FFN_W3    0  x[1x1x4096]+w[5504x4096]->y[1x1x5504]               0.047ms    45.089 M      0.96   43.02 MiB    959.71
   12  FFN_W1    1  x[1x1x4096]+w[5504x4096]->y[1x1x5504]               0.048ms    45.089 M      0.95   43.02 MiB    949.37
   13  FFN_W3    1  x[1x1x4096]+w[5504x4096]->y[1x1x5504]               0.046ms    45.089 M      0.98   43.02 MiB    978.91
   14  SwiGLU    1  a[1x1x5504]+b[1x1x5504]->y[1x1x5504]                0.015ms    33.024 K      0.00   32.25 KiB      2.14
   15  FFN_W2    0  x[1x1x5504]+w[4096x5504]->y[1x1x4096]               0.049ms    45.089 M      0.91   43.02 MiB    913.92
   16  FFN_W2    1  x[1x1x5504]+w[4096x5504]->y[1x1x4096]               0.049ms    45.089 M      0.91   43.02 MiB    913.92
[gpu-debug] segment avg latency (cuda_events): 0.539 ms
[gpu-debug] sum(per-op)               : 0.617 ms (ratio=1.145)
[gpu-debug] NOTE: sum(per-op) may differ from segment latency due to Python overhead, event/launch overhead, and allocator/cache effects.
[gpu-debug] cuda mem before warmup: alloc=400.18 MiB reserved=414.00 MiB
[gpu-debug] cuda mem after warmup : alloc=400.23 MiB reserved=414.00 MiB
[gpu-debug] cuda mem peak (this segment): max_alloc=400.28 MiB max_reserved=414.00 MiB
========================================================================================
[gpu-debug] segment_key=npu|decode|11|8bf82c38da86ca3f01938775ea2163b3
[gpu-debug] sig: device_type=npu phase=decode step=11 (count_hint=32)
[gpu-debug] ops_repr: Q:0,Q:1,K:0,K:1,V:0,V:1,Softmax:0,Softmax:1,O:0,O:1,FFN_W1:0,FFN_W3:0,FFN_W1:1,FFN_W3:1,SwiGLU:1,FFN_W2:0,FFN_W2:1
[gpu-debug] cfg: device=cuda dtype=torch.bfloat16 batch=1 dim=4096 ffn_dim=11008 n_heads=32 shards=2
[gpu-debug] op plan (with inferred tensor shapes):
  - op#00  op=Q        shard=0   x=[1x1x4096] + w=[2048x4096]  ->  y=[1x1x2048]  (T=1, K=1664)
  - op#01  op=Q        shard=1   x=[1x1x4096] + w=[2048x4096]  ->  y=[1x1x2048]  (T=1, K=1664)
  - op#02  op=K        shard=0   x=[1x1x4096] + w=[2048x4096]  ->  y=[1x1x2048]  (T=1, K=1664)
  - op#03  op=K        shard=1   x=[1x1x4096] + w=[2048x4096]  ->  y=[1x1x2048]  (T=1, K=1664)
  - op#04  op=V        shard=0   x=[1x1x4096] + w=[2048x4096]  ->  y=[1x1x2048]  (T=1, K=1664)
  - op#05  op=V        shard=1   x=[1x1x4096] + w=[2048x4096]  ->  y=[1x1x2048]  (T=1, K=1664)
  - op#06  op=Softmax  shard=0   scores=[1x16x1x1664]  ->  y=[1x16x1x1664]  (T=1, K=1664)
  - op#07  op=Softmax  shard=1   scores=[1x16x1x1664]  ->  y=[1x16x1x1664]  (T=1, K=1664)
  - op#08  op=O        shard=0   x=[1x1x2048] + w=[4096x2048]  ->  y=[1x1x4096]  (T=1, K=1664)
  - op#09  op=O        shard=1   x=[1x1x2048] + w=[4096x2048]  ->  y=[1x1x4096]  (T=1, K=1664)
  - op#10  op=FFN_W1   shard=0   x=[1x1x4096] + w=[5504x4096]  ->  y=[1x1x5504]  (T=1, K=1664)
  - op#11  op=FFN_W3   shard=0   x=[1x1x4096] + w=[5504x4096]  ->  y=[1x1x5504]  (T=1, K=1664)
  - op#12  op=FFN_W1   shard=1   x=[1x1x4096] + w=[5504x4096]  ->  y=[1x1x5504]  (T=1, K=1664)
  - op#13  op=FFN_W3   shard=1   x=[1x1x4096] + w=[5504x4096]  ->  y=[1x1x5504]  (T=1, K=1664)
  - op#14  op=SwiGLU   shard=1   a=[1x1x5504] + b=[1x1x5504]  ->  y=[1x1x5504]  (T=1, K=1664)
  - op#15  op=FFN_W2   shard=0   x=[1x1x5504] + w=[4096x5504]  ->  y=[1x1x4096]  (T=1, K=1664)
  - op#16  op=FFN_W2   shard=1   x=[1x1x5504] + w=[4096x5504]  ->  y=[1x1x4096]  (T=1, K=1664)
[gpu-debug] per-op timing breakdown (avg over iters):
  idx  op       sh  io                                                    time   est_flops    TFLOPs       bytes      GB/s
  ------------------------------------------------------------------------------------------------------------------------
    0  Q         0  x[1x1x4096]+w[2048x4096]->y[1x1x2048]               0.046ms    16.777 M      0.37   16.01 MiB    365.98
    1  Q         1  x[1x1x4096]+w[2048x4096]->y[1x1x2048]               0.033ms    16.777 M      0.51   16.01 MiB    513.98
    2  K         0  x[1x1x4096]+w[2048x4096]->y[1x1x2048]               0.034ms    16.777 M      0.50   16.01 MiB    498.36
    3  K         1  x[1x1x4096]+w[2048x4096]->y[1x1x2048]               0.033ms    16.777 M      0.51   16.01 MiB    507.62
    4  V         0  x[1x1x4096]+w[2048x4096]->y[1x1x2048]               0.032ms    16.777 M      0.52   16.01 MiB    520.51
    5  V         1  x[1x1x4096]+w[2048x4096]->y[1x1x2048]               0.034ms    16.777 M      0.50   16.01 MiB    496.85
    6  Softmax   0  scores[1x16x1x1664]->y[1x16x1x1664]                 0.027ms   133.120 K      0.00  104.00 KiB      3.94
    7  Softmax   1  scores[1x16x1x1664]->y[1x16x1x1664]                 0.023ms   133.120 K      0.01  104.00 KiB      4.60
    8  O         0  x[1x1x2048]+w[4096x2048]->y[1x1x4096]               0.027ms    16.777 M      0.62   16.01 MiB    616.39
    9  O         1  x[1x1x2048]+w[4096x2048]->y[1x1x4096]               0.028ms    16.777 M      0.60   16.01 MiB    598.39
   10  FFN_W1    0  x[1x1x4096]+w[5504x4096]->y[1x1x5504]               0.047ms    45.089 M      0.96   43.02 MiB    963.91
   11  FFN_W3    0  x[1x1x4096]+w[5504x4096]->y[1x1x5504]               0.047ms    45.089 M      0.96   43.02 MiB    957.62
   12  FFN_W1    1  x[1x1x4096]+w[5504x4096]->y[1x1x5504]               0.047ms    45.089 M      0.95   43.02 MiB    951.42
   13  FFN_W3    1  x[1x1x4096]+w[5504x4096]->y[1x1x5504]               0.046ms    45.089 M      0.97   43.02 MiB    970.28
   14  SwiGLU    1  a[1x1x5504]+b[1x1x5504]->y[1x1x5504]                0.016ms    33.024 K      0.00   32.25 KiB      2.08
   15  FFN_W2    0  x[1x1x5504]+w[4096x5504]->y[1x1x4096]               0.049ms    45.089 M      0.92   43.02 MiB    917.72
   16  FFN_W2    1  x[1x1x5504]+w[4096x5504]->y[1x1x4096]               0.050ms    45.089 M      0.91   43.02 MiB    910.14
[gpu-debug] segment avg latency (cuda_events): 0.539 ms
[gpu-debug] sum(per-op)               : 0.619 ms (ratio=1.148)
[gpu-debug] NOTE: sum(per-op) may differ from segment latency due to Python overhead, event/launch overhead, and allocator/cache effects.
[gpu-debug] cuda mem before warmup: alloc=400.23 MiB reserved=414.00 MiB
[gpu-debug] cuda mem after warmup : alloc=400.28 MiB reserved=414.00 MiB
[gpu-debug] cuda mem peak (this segment): max_alloc=400.33 MiB max_reserved=414.00 MiB
========================================================================================
[gpu-debug] segment_key=npu|decode|12|8bf82c38da86ca3f01938775ea2163b3
[gpu-debug] sig: device_type=npu phase=decode step=12 (count_hint=32)
[gpu-debug] ops_repr: Q:0,Q:1,K:0,K:1,V:0,V:1,Softmax:0,Softmax:1,O:0,O:1,FFN_W1:0,FFN_W3:0,FFN_W1:1,FFN_W3:1,SwiGLU:1,FFN_W2:0,FFN_W2:1
[gpu-debug] cfg: device=cuda dtype=torch.bfloat16 batch=1 dim=4096 ffn_dim=11008 n_heads=32 shards=2
[gpu-debug] op plan (with inferred tensor shapes):
  - op#00  op=Q        shard=0   x=[1x1x4096] + w=[2048x4096]  ->  y=[1x1x2048]  (T=1, K=1728)
  - op#01  op=Q        shard=1   x=[1x1x4096] + w=[2048x4096]  ->  y=[1x1x2048]  (T=1, K=1728)
  - op#02  op=K        shard=0   x=[1x1x4096] + w=[2048x4096]  ->  y=[1x1x2048]  (T=1, K=1728)
  - op#03  op=K        shard=1   x=[1x1x4096] + w=[2048x4096]  ->  y=[1x1x2048]  (T=1, K=1728)
  - op#04  op=V        shard=0   x=[1x1x4096] + w=[2048x4096]  ->  y=[1x1x2048]  (T=1, K=1728)
  - op#05  op=V        shard=1   x=[1x1x4096] + w=[2048x4096]  ->  y=[1x1x2048]  (T=1, K=1728)
  - op#06  op=Softmax  shard=0   scores=[1x16x1x1728]  ->  y=[1x16x1x1728]  (T=1, K=1728)
  - op#07  op=Softmax  shard=1   scores=[1x16x1x1728]  ->  y=[1x16x1x1728]  (T=1, K=1728)
  - op#08  op=O        shard=0   x=[1x1x2048] + w=[4096x2048]  ->  y=[1x1x4096]  (T=1, K=1728)
  - op#09  op=O        shard=1   x=[1x1x2048] + w=[4096x2048]  ->  y=[1x1x4096]  (T=1, K=1728)
  - op#10  op=FFN_W1   shard=0   x=[1x1x4096] + w=[5504x4096]  ->  y=[1x1x5504]  (T=1, K=1728)
  - op#11  op=FFN_W3   shard=0   x=[1x1x4096] + w=[5504x4096]  ->  y=[1x1x5504]  (T=1, K=1728)
  - op#12  op=FFN_W1   shard=1   x=[1x1x4096] + w=[5504x4096]  ->  y=[1x1x5504]  (T=1, K=1728)
  - op#13  op=FFN_W3   shard=1   x=[1x1x4096] + w=[5504x4096]  ->  y=[1x1x5504]  (T=1, K=1728)
  - op#14  op=SwiGLU   shard=1   a=[1x1x5504] + b=[1x1x5504]  ->  y=[1x1x5504]  (T=1, K=1728)
  - op#15  op=FFN_W2   shard=0   x=[1x1x5504] + w=[4096x5504]  ->  y=[1x1x4096]  (T=1, K=1728)
  - op#16  op=FFN_W2   shard=1   x=[1x1x5504] + w=[4096x5504]  ->  y=[1x1x4096]  (T=1, K=1728)
[gpu-debug] per-op timing breakdown (avg over iters):
  idx  op       sh  io                                                    time   est_flops    TFLOPs       bytes      GB/s
  ------------------------------------------------------------------------------------------------------------------------
    0  Q         0  x[1x1x4096]+w[2048x4096]->y[1x1x2048]               0.046ms    16.777 M      0.36   16.01 MiB    365.17
    1  Q         1  x[1x1x4096]+w[2048x4096]->y[1x1x2048]               0.033ms    16.777 M      0.51   16.01 MiB    507.62
    2  K         0  x[1x1x4096]+w[2048x4096]->y[1x1x2048]               0.033ms    16.777 M      0.50   16.01 MiB    502.94
    3  K         1  x[1x1x4096]+w[2048x4096]->y[1x1x2048]               0.033ms    16.777 M      0.51   16.01 MiB    509.19
    4  V         0  x[1x1x4096]+w[2048x4096]->y[1x1x2048]               0.033ms    16.777 M      0.51   16.01 MiB    507.62
    5  V         1  x[1x1x4096]+w[2048x4096]->y[1x1x2048]               0.034ms    16.777 M      0.50   16.01 MiB    499.88
    6  Softmax   0  scores[1x16x1x1728]->y[1x16x1x1728]                 0.027ms   138.240 K      0.01  108.00 KiB      4.11
    7  Softmax   1  scores[1x16x1x1728]->y[1x16x1x1728]                 0.023ms   138.240 K      0.01  108.00 KiB      4.78
    8  O         0  x[1x1x2048]+w[4096x2048]->y[1x1x4096]               0.027ms    16.777 M      0.61   16.01 MiB    614.08
    9  O         1  x[1x1x2048]+w[4096x2048]->y[1x1x4096]               0.028ms    16.777 M      0.60   16.01 MiB    605.02
   10  FFN_W1    0  x[1x1x4096]+w[5504x4096]->y[1x1x5504]               0.048ms    45.089 M      0.95   43.02 MiB    949.37
   11  FFN_W3    0  x[1x1x4096]+w[5504x4096]->y[1x1x5504]               0.047ms    45.089 M      0.96   43.02 MiB    963.91
   12  FFN_W1    1  x[1x1x4096]+w[5504x4096]->y[1x1x5504]               0.048ms    45.089 M      0.94   43.02 MiB    939.25
   13  FFN_W3    1  x[1x1x4096]+w[5504x4096]->y[1x1x5504]               0.046ms    45.089 M      0.97   43.02 MiB    974.57
   14  SwiGLU    1  a[1x1x5504]+b[1x1x5504]->y[1x1x5504]                0.015ms    33.024 K      0.00   32.25 KiB      2.14
   15  FFN_W2    0  x[1x1x5504]+w[4096x5504]->y[1x1x4096]               0.050ms    45.089 M      0.91   43.02 MiB    906.39
   16  FFN_W2    1  x[1x1x5504]+w[4096x5504]->y[1x1x4096]               0.050ms    45.089 M      0.91   43.02 MiB    908.26
[gpu-debug] segment avg latency (cuda_events): 0.541 ms
[gpu-debug] sum(per-op)               : 0.621 ms (ratio=1.148)
[gpu-debug] NOTE: sum(per-op) may differ from segment latency due to Python overhead, event/launch overhead, and allocator/cache effects.
[gpu-debug] cuda mem before warmup: alloc=400.28 MiB reserved=414.00 MiB
[gpu-debug] cuda mem after warmup : alloc=400.33 MiB reserved=414.00 MiB
[gpu-debug] cuda mem peak (this segment): max_alloc=400.38 MiB max_reserved=414.00 MiB
========================================================================================
[gpu-debug] segment_key=npu|decode|13|8bf82c38da86ca3f01938775ea2163b3
[gpu-debug] sig: device_type=npu phase=decode step=13 (count_hint=32)
[gpu-debug] ops_repr: Q:0,Q:1,K:0,K:1,V:0,V:1,Softmax:0,Softmax:1,O:0,O:1,FFN_W1:0,FFN_W3:0,FFN_W1:1,FFN_W3:1,SwiGLU:1,FFN_W2:0,FFN_W2:1
[gpu-debug] cfg: device=cuda dtype=torch.bfloat16 batch=1 dim=4096 ffn_dim=11008 n_heads=32 shards=2
[gpu-debug] op plan (with inferred tensor shapes):
  - op#00  op=Q        shard=0   x=[1x1x4096] + w=[2048x4096]  ->  y=[1x1x2048]  (T=1, K=1792)
  - op#01  op=Q        shard=1   x=[1x1x4096] + w=[2048x4096]  ->  y=[1x1x2048]  (T=1, K=1792)
  - op#02  op=K        shard=0   x=[1x1x4096] + w=[2048x4096]  ->  y=[1x1x2048]  (T=1, K=1792)
  - op#03  op=K        shard=1   x=[1x1x4096] + w=[2048x4096]  ->  y=[1x1x2048]  (T=1, K=1792)
  - op#04  op=V        shard=0   x=[1x1x4096] + w=[2048x4096]  ->  y=[1x1x2048]  (T=1, K=1792)
  - op#05  op=V        shard=1   x=[1x1x4096] + w=[2048x4096]  ->  y=[1x1x2048]  (T=1, K=1792)
  - op#06  op=Softmax  shard=0   scores=[1x16x1x1792]  ->  y=[1x16x1x1792]  (T=1, K=1792)
  - op#07  op=Softmax  shard=1   scores=[1x16x1x1792]  ->  y=[1x16x1x1792]  (T=1, K=1792)
  - op#08  op=O        shard=0   x=[1x1x2048] + w=[4096x2048]  ->  y=[1x1x4096]  (T=1, K=1792)
  - op#09  op=O        shard=1   x=[1x1x2048] + w=[4096x2048]  ->  y=[1x1x4096]  (T=1, K=1792)
  - op#10  op=FFN_W1   shard=0   x=[1x1x4096] + w=[5504x4096]  ->  y=[1x1x5504]  (T=1, K=1792)
  - op#11  op=FFN_W3   shard=0   x=[1x1x4096] + w=[5504x4096]  ->  y=[1x1x5504]  (T=1, K=1792)
  - op#12  op=FFN_W1   shard=1   x=[1x1x4096] + w=[5504x4096]  ->  y=[1x1x5504]  (T=1, K=1792)
  - op#13  op=FFN_W3   shard=1   x=[1x1x4096] + w=[5504x4096]  ->  y=[1x1x5504]  (T=1, K=1792)
  - op#14  op=SwiGLU   shard=1   a=[1x1x5504] + b=[1x1x5504]  ->  y=[1x1x5504]  (T=1, K=1792)
  - op#15  op=FFN_W2   shard=0   x=[1x1x5504] + w=[4096x5504]  ->  y=[1x1x4096]  (T=1, K=1792)
  - op#16  op=FFN_W2   shard=1   x=[1x1x5504] + w=[4096x5504]  ->  y=[1x1x4096]  (T=1, K=1792)
[gpu-debug] per-op timing breakdown (avg over iters):
  idx  op       sh  io                                                    time   est_flops    TFLOPs       bytes      GB/s
  ------------------------------------------------------------------------------------------------------------------------
    0  Q         0  x[1x1x4096]+w[2048x4096]->y[1x1x2048]               0.045ms    16.777 M      0.37   16.01 MiB    369.28
    1  Q         1  x[1x1x4096]+w[2048x4096]->y[1x1x2048]               0.033ms    16.777 M      0.52   16.01 MiB    515.60
    2  K         0  x[1x1x4096]+w[2048x4096]->y[1x1x2048]               0.033ms    16.777 M      0.50   16.01 MiB    502.94
    3  K         1  x[1x1x4096]+w[2048x4096]->y[1x1x2048]               0.033ms    16.777 M      0.50   16.01 MiB    504.49
    4  V         0  x[1x1x4096]+w[2048x4096]->y[1x1x2048]               0.033ms    16.777 M      0.51   16.01 MiB    510.78
    5  V         1  x[1x1x4096]+w[2048x4096]->y[1x1x2048]               0.033ms    16.777 M      0.51   16.01 MiB    506.05
    6  Softmax   0  scores[1x16x1x1792]->y[1x16x1x1792]                 0.028ms   143.360 K      0.01  112.00 KiB      4.13
    7  Softmax   1  scores[1x16x1x1792]->y[1x16x1x1792]                 0.024ms   143.360 K      0.01  112.00 KiB      4.85
    8  O         0  x[1x1x2048]+w[4096x2048]->y[1x1x4096]               0.027ms    16.777 M      0.61   16.01 MiB    614.08
    9  O         1  x[1x1x2048]+w[4096x2048]->y[1x1x4096]               0.028ms    16.777 M      0.60   16.01 MiB    600.59
   10  FFN_W1    0  x[1x1x4096]+w[5504x4096]->y[1x1x5504]               0.047ms    45.089 M      0.96   43.02 MiB    961.81
   11  FFN_W3    0  x[1x1x4096]+w[5504x4096]->y[1x1x5504]               0.047ms    45.089 M      0.95   43.02 MiB    953.48
   12  FFN_W1    1  x[1x1x4096]+w[5504x4096]->y[1x1x5504]               0.047ms    45.089 M      0.96   43.02 MiB    957.62
   13  FFN_W3    1  x[1x1x4096]+w[5504x4096]->y[1x1x5504]               0.046ms    45.089 M      0.97   43.02 MiB    970.28
   14  SwiGLU    1  a[1x1x5504]+b[1x1x5504]->y[1x1x5504]                0.016ms    33.024 K      0.00   32.25 KiB      2.12
   15  FFN_W2    0  x[1x1x5504]+w[4096x5504]->y[1x1x4096]               0.050ms    45.089 M      0.91   43.02 MiB    910.14
   16  FFN_W2    1  x[1x1x5504]+w[4096x5504]->y[1x1x4096]               0.050ms    45.089 M      0.91   43.02 MiB    906.39
[gpu-debug] segment avg latency (cuda_events): 0.542 ms
[gpu-debug] sum(per-op)               : 0.620 ms (ratio=1.144)
[gpu-debug] NOTE: sum(per-op) may differ from segment latency due to Python overhead, event/launch overhead, and allocator/cache effects.
[gpu-debug] cuda mem before warmup: alloc=400.33 MiB reserved=414.00 MiB
[gpu-debug] cuda mem after warmup : alloc=400.39 MiB reserved=414.00 MiB
[gpu-debug] cuda mem peak (this segment): max_alloc=400.44 MiB max_reserved=414.00 MiB
========================================================================================
[gpu-debug] segment_key=npu|decode|14|8bf82c38da86ca3f01938775ea2163b3
[gpu-debug] sig: device_type=npu phase=decode step=14 (count_hint=32)
[gpu-debug] ops_repr: Q:0,Q:1,K:0,K:1,V:0,V:1,Softmax:0,Softmax:1,O:0,O:1,FFN_W1:0,FFN_W3:0,FFN_W1:1,FFN_W3:1,SwiGLU:1,FFN_W2:0,FFN_W2:1
[gpu-debug] cfg: device=cuda dtype=torch.bfloat16 batch=1 dim=4096 ffn_dim=11008 n_heads=32 shards=2
[gpu-debug] op plan (with inferred tensor shapes):
  - op#00  op=Q        shard=0   x=[1x1x4096] + w=[2048x4096]  ->  y=[1x1x2048]  (T=1, K=1856)
  - op#01  op=Q        shard=1   x=[1x1x4096] + w=[2048x4096]  ->  y=[1x1x2048]  (T=1, K=1856)
  - op#02  op=K        shard=0   x=[1x1x4096] + w=[2048x4096]  ->  y=[1x1x2048]  (T=1, K=1856)
  - op#03  op=K        shard=1   x=[1x1x4096] + w=[2048x4096]  ->  y=[1x1x2048]  (T=1, K=1856)
  - op#04  op=V        shard=0   x=[1x1x4096] + w=[2048x4096]  ->  y=[1x1x2048]  (T=1, K=1856)
  - op#05  op=V        shard=1   x=[1x1x4096] + w=[2048x4096]  ->  y=[1x1x2048]  (T=1, K=1856)
  - op#06  op=Softmax  shard=0   scores=[1x16x1x1856]  ->  y=[1x16x1x1856]  (T=1, K=1856)
  - op#07  op=Softmax  shard=1   scores=[1x16x1x1856]  ->  y=[1x16x1x1856]  (T=1, K=1856)
  - op#08  op=O        shard=0   x=[1x1x2048] + w=[4096x2048]  ->  y=[1x1x4096]  (T=1, K=1856)
  - op#09  op=O        shard=1   x=[1x1x2048] + w=[4096x2048]  ->  y=[1x1x4096]  (T=1, K=1856)
  - op#10  op=FFN_W1   shard=0   x=[1x1x4096] + w=[5504x4096]  ->  y=[1x1x5504]  (T=1, K=1856)
  - op#11  op=FFN_W3   shard=0   x=[1x1x4096] + w=[5504x4096]  ->  y=[1x1x5504]  (T=1, K=1856)
  - op#12  op=FFN_W1   shard=1   x=[1x1x4096] + w=[5504x4096]  ->  y=[1x1x5504]  (T=1, K=1856)
  - op#13  op=FFN_W3   shard=1   x=[1x1x4096] + w=[5504x4096]  ->  y=[1x1x5504]  (T=1, K=1856)
  - op#14  op=SwiGLU   shard=1   a=[1x1x5504] + b=[1x1x5504]  ->  y=[1x1x5504]  (T=1, K=1856)
  - op#15  op=FFN_W2   shard=0   x=[1x1x5504] + w=[4096x5504]  ->  y=[1x1x4096]  (T=1, K=1856)
  - op#16  op=FFN_W2   shard=1   x=[1x1x5504] + w=[4096x5504]  ->  y=[1x1x4096]  (T=1, K=1856)
[gpu-debug] per-op timing breakdown (avg over iters):
  idx  op       sh  io                                                    time   est_flops    TFLOPs       bytes      GB/s
  ------------------------------------------------------------------------------------------------------------------------
    0  Q         0  x[1x1x4096]+w[2048x4096]->y[1x1x2048]               0.046ms    16.777 M      0.37   16.01 MiB    365.98
    1  Q         1  x[1x1x4096]+w[2048x4096]->y[1x1x2048]               0.033ms    16.777 M      0.51   16.01 MiB    509.19
    2  K         0  x[1x1x4096]+w[2048x4096]->y[1x1x2048]               0.033ms    16.777 M      0.50   16.01 MiB    504.49
    3  K         1  x[1x1x4096]+w[2048x4096]->y[1x1x2048]               0.033ms    16.777 M      0.51   16.01 MiB    507.62
    4  V         0  x[1x1x4096]+w[2048x4096]->y[1x1x2048]               0.033ms    16.777 M      0.51   16.01 MiB    512.38
    5  V         1  x[1x1x4096]+w[2048x4096]->y[1x1x2048]               0.033ms    16.777 M      0.51   16.01 MiB    510.78
    6  Softmax   0  scores[1x16x1x1856]->y[1x16x1x1856]                 0.028ms   148.480 K      0.01  116.00 KiB      4.22
    7  Softmax   1  scores[1x16x1x1856]->y[1x16x1x1856]                 0.024ms   148.480 K      0.01  116.00 KiB      4.89
    8  O         0  x[1x1x2048]+w[4096x2048]->y[1x1x4096]               0.027ms    16.777 M      0.62   16.01 MiB    616.39
    9  O         1  x[1x1x2048]+w[4096x2048]->y[1x1x4096]               0.027ms    16.777 M      0.61   16.01 MiB    611.79
   10  FFN_W1    0  x[1x1x4096]+w[5504x4096]->y[1x1x5504]               0.047ms    45.089 M      0.95   43.02 MiB    951.42
   11  FFN_W3    0  x[1x1x4096]+w[5504x4096]->y[1x1x5504]               0.047ms    45.089 M      0.97   43.02 MiB    966.03
   12  FFN_W1    1  x[1x1x4096]+w[5504x4096]->y[1x1x5504]               0.048ms    45.089 M      0.95   43.02 MiB    947.33
   13  FFN_W3    1  x[1x1x4096]+w[5504x4096]->y[1x1x5504]               0.046ms    45.089 M      0.97   43.02 MiB    970.28
   14  SwiGLU    1  a[1x1x5504]+b[1x1x5504]->y[1x1x5504]                0.015ms    33.024 K      0.00   32.25 KiB      2.14
   15  FFN_W2    0  x[1x1x5504]+w[4096x5504]->y[1x1x4096]               0.049ms    45.089 M      0.91   43.02 MiB    912.02
   16  FFN_W2    1  x[1x1x5504]+w[4096x5504]->y[1x1x4096]               0.049ms    45.089 M      0.92   43.02 MiB    921.56
[gpu-debug] segment avg latency (cuda_events): 0.543 ms
[gpu-debug] sum(per-op)               : 0.620 ms (ratio=1.142)
[gpu-debug] NOTE: sum(per-op) may differ from segment latency due to Python overhead, event/launch overhead, and allocator/cache effects.
[gpu-debug] cuda mem before warmup: alloc=400.39 MiB reserved=414.00 MiB
[gpu-debug] cuda mem after warmup : alloc=400.44 MiB reserved=414.00 MiB
[gpu-debug] cuda mem peak (this segment): max_alloc=400.50 MiB max_reserved=414.00 MiB
========================================================================================
[gpu-debug] segment_key=npu|decode|15|8bf82c38da86ca3f01938775ea2163b3
[gpu-debug] sig: device_type=npu phase=decode step=15 (count_hint=32)
[gpu-debug] ops_repr: Q:0,Q:1,K:0,K:1,V:0,V:1,Softmax:0,Softmax:1,O:0,O:1,FFN_W1:0,FFN_W3:0,FFN_W1:1,FFN_W3:1,SwiGLU:1,FFN_W2:0,FFN_W2:1
[gpu-debug] cfg: device=cuda dtype=torch.bfloat16 batch=1 dim=4096 ffn_dim=11008 n_heads=32 shards=2
[gpu-debug] op plan (with inferred tensor shapes):
  - op#00  op=Q        shard=0   x=[1x1x4096] + w=[2048x4096]  ->  y=[1x1x2048]  (T=1, K=1920)
  - op#01  op=Q        shard=1   x=[1x1x4096] + w=[2048x4096]  ->  y=[1x1x2048]  (T=1, K=1920)
  - op#02  op=K        shard=0   x=[1x1x4096] + w=[2048x4096]  ->  y=[1x1x2048]  (T=1, K=1920)
  - op#03  op=K        shard=1   x=[1x1x4096] + w=[2048x4096]  ->  y=[1x1x2048]  (T=1, K=1920)
  - op#04  op=V        shard=0   x=[1x1x4096] + w=[2048x4096]  ->  y=[1x1x2048]  (T=1, K=1920)
  - op#05  op=V        shard=1   x=[1x1x4096] + w=[2048x4096]  ->  y=[1x1x2048]  (T=1, K=1920)
  - op#06  op=Softmax  shard=0   scores=[1x16x1x1920]  ->  y=[1x16x1x1920]  (T=1, K=1920)
  - op#07  op=Softmax  shard=1   scores=[1x16x1x1920]  ->  y=[1x16x1x1920]  (T=1, K=1920)
  - op#08  op=O        shard=0   x=[1x1x2048] + w=[4096x2048]  ->  y=[1x1x4096]  (T=1, K=1920)
  - op#09  op=O        shard=1   x=[1x1x2048] + w=[4096x2048]  ->  y=[1x1x4096]  (T=1, K=1920)
  - op#10  op=FFN_W1   shard=0   x=[1x1x4096] + w=[5504x4096]  ->  y=[1x1x5504]  (T=1, K=1920)
  - op#11  op=FFN_W3   shard=0   x=[1x1x4096] + w=[5504x4096]  ->  y=[1x1x5504]  (T=1, K=1920)
  - op#12  op=FFN_W1   shard=1   x=[1x1x4096] + w=[5504x4096]  ->  y=[1x1x5504]  (T=1, K=1920)
  - op#13  op=FFN_W3   shard=1   x=[1x1x4096] + w=[5504x4096]  ->  y=[1x1x5504]  (T=1, K=1920)
  - op#14  op=SwiGLU   shard=1   a=[1x1x5504] + b=[1x1x5504]  ->  y=[1x1x5504]  (T=1, K=1920)
  - op#15  op=FFN_W2   shard=0   x=[1x1x5504] + w=[4096x5504]  ->  y=[1x1x4096]  (T=1, K=1920)
  - op#16  op=FFN_W2   shard=1   x=[1x1x5504] + w=[4096x5504]  ->  y=[1x1x4096]  (T=1, K=1920)
[gpu-debug] per-op timing breakdown (avg over iters):
  idx  op       sh  io                                                    time   est_flops    TFLOPs       bytes      GB/s
  ------------------------------------------------------------------------------------------------------------------------
    0  Q         0  x[1x1x4096]+w[2048x4096]->y[1x1x2048]               0.046ms    16.777 M      0.36   16.01 MiB    363.55
    1  Q         1  x[1x1x4096]+w[2048x4096]->y[1x1x2048]               0.033ms    16.777 M      0.51   16.01 MiB    513.98
    2  K         0  x[1x1x4096]+w[2048x4096]->y[1x1x2048]               0.034ms    16.777 M      0.50   16.01 MiB    499.88
    3  K         1  x[1x1x4096]+w[2048x4096]->y[1x1x2048]               0.033ms    16.777 M      0.50   16.01 MiB    504.49
    4  V         0  x[1x1x4096]+w[2048x4096]->y[1x1x2048]               0.033ms    16.777 M      0.51   16.01 MiB    509.19
    5  V         1  x[1x1x4096]+w[2048x4096]->y[1x1x2048]               0.033ms    16.777 M      0.51   16.01 MiB    509.19
    6  Softmax   0  scores[1x16x1x1920]->y[1x16x1x1920]                 0.029ms   153.600 K      0.01  120.00 KiB      4.30
    7  Softmax   1  scores[1x16x1x1920]->y[1x16x1x1920]                 0.024ms   153.600 K      0.01  120.00 KiB      5.06
    8  O         0  x[1x1x2048]+w[4096x2048]->y[1x1x4096]               0.027ms    16.777 M      0.61   16.01 MiB    611.79
    9  O         1  x[1x1x2048]+w[4096x2048]->y[1x1x4096]               0.028ms    16.777 M      0.60   16.01 MiB    600.59
   10  FFN_W1    0  x[1x1x4096]+w[5504x4096]->y[1x1x5504]               0.046ms    45.089 M      0.97   43.02 MiB    970.28
   11  FFN_W3    0  x[1x1x4096]+w[5504x4096]->y[1x1x5504]               0.047ms    45.089 M      0.96   43.02 MiB    957.62
   12  FFN_W1    1  x[1x1x4096]+w[5504x4096]->y[1x1x5504]               0.047ms    45.089 M      0.96   43.02 MiB    955.55
   13  FFN_W3    1  x[1x1x4096]+w[5504x4096]->y[1x1x5504]               0.047ms    45.089 M      0.96   43.02 MiB    961.81
   14  SwiGLU    1  a[1x1x5504]+b[1x1x5504]->y[1x1x5504]                0.016ms    33.024 K      0.00   32.25 KiB      2.07
   15  FFN_W2    0  x[1x1x5504]+w[4096x5504]->y[1x1x4096]               0.049ms    45.089 M      0.92   43.02 MiB    915.82
   16  FFN_W2    1  x[1x1x5504]+w[4096x5504]->y[1x1x4096]               0.050ms    45.089 M      0.90   43.02 MiB    898.99
[gpu-debug] segment avg latency (cuda_events): 0.543 ms
[gpu-debug] sum(per-op)               : 0.623 ms (ratio=1.147)
[gpu-debug] NOTE: sum(per-op) may differ from segment latency due to Python overhead, event/launch overhead, and allocator/cache effects.
[gpu-debug] cuda mem before warmup: alloc=400.44 MiB reserved=414.00 MiB
[gpu-debug] cuda mem after warmup : alloc=400.50 MiB reserved=414.00 MiB
[gpu-debug] cuda mem peak (this segment): max_alloc=400.56 MiB max_reserved=414.00 MiB
========================================================================================
[gpu-debug] segment_key=npu|decode|16|8bf82c38da86ca3f01938775ea2163b3
[gpu-debug] sig: device_type=npu phase=decode step=16 (count_hint=32)
[gpu-debug] ops_repr: Q:0,Q:1,K:0,K:1,V:0,V:1,Softmax:0,Softmax:1,O:0,O:1,FFN_W1:0,FFN_W3:0,FFN_W1:1,FFN_W3:1,SwiGLU:1,FFN_W2:0,FFN_W2:1
[gpu-debug] cfg: device=cuda dtype=torch.bfloat16 batch=1 dim=4096 ffn_dim=11008 n_heads=32 shards=2
[gpu-debug] op plan (with inferred tensor shapes):
  - op#00  op=Q        shard=0   x=[1x1x4096] + w=[2048x4096]  ->  y=[1x1x2048]  (T=1, K=1984)
  - op#01  op=Q        shard=1   x=[1x1x4096] + w=[2048x4096]  ->  y=[1x1x2048]  (T=1, K=1984)
  - op#02  op=K        shard=0   x=[1x1x4096] + w=[2048x4096]  ->  y=[1x1x2048]  (T=1, K=1984)
  - op#03  op=K        shard=1   x=[1x1x4096] + w=[2048x4096]  ->  y=[1x1x2048]  (T=1, K=1984)
  - op#04  op=V        shard=0   x=[1x1x4096] + w=[2048x4096]  ->  y=[1x1x2048]  (T=1, K=1984)
  - op#05  op=V        shard=1   x=[1x1x4096] + w=[2048x4096]  ->  y=[1x1x2048]  (T=1, K=1984)
  - op#06  op=Softmax  shard=0   scores=[1x16x1x1984]  ->  y=[1x16x1x1984]  (T=1, K=1984)
  - op#07  op=Softmax  shard=1   scores=[1x16x1x1984]  ->  y=[1x16x1x1984]  (T=1, K=1984)
  - op#08  op=O        shard=0   x=[1x1x2048] + w=[4096x2048]  ->  y=[1x1x4096]  (T=1, K=1984)
  - op#09  op=O        shard=1   x=[1x1x2048] + w=[4096x2048]  ->  y=[1x1x4096]  (T=1, K=1984)
  - op#10  op=FFN_W1   shard=0   x=[1x1x4096] + w=[5504x4096]  ->  y=[1x1x5504]  (T=1, K=1984)
  - op#11  op=FFN_W3   shard=0   x=[1x1x4096] + w=[5504x4096]  ->  y=[1x1x5504]  (T=1, K=1984)
  - op#12  op=FFN_W1   shard=1   x=[1x1x4096] + w=[5504x4096]  ->  y=[1x1x5504]  (T=1, K=1984)
  - op#13  op=FFN_W3   shard=1   x=[1x1x4096] + w=[5504x4096]  ->  y=[1x1x5504]  (T=1, K=1984)
  - op#14  op=SwiGLU   shard=1   a=[1x1x5504] + b=[1x1x5504]  ->  y=[1x1x5504]  (T=1, K=1984)
  - op#15  op=FFN_W2   shard=0   x=[1x1x5504] + w=[4096x5504]  ->  y=[1x1x4096]  (T=1, K=1984)
  - op#16  op=FFN_W2   shard=1   x=[1x1x5504] + w=[4096x5504]  ->  y=[1x1x4096]  (T=1, K=1984)
[gpu-debug] per-op timing breakdown (avg over iters):
  idx  op       sh  io                                                    time   est_flops    TFLOPs       bytes      GB/s
  ------------------------------------------------------------------------------------------------------------------------
    0  Q         0  x[1x1x4096]+w[2048x4096]->y[1x1x2048]               0.042ms    16.777 M      0.40   16.01 MiB    397.96
    1  Q         1  x[1x1x4096]+w[2048x4096]->y[1x1x2048]               0.031ms    16.777 M      0.55   16.01 MiB    546.53
    2  K         0  x[1x1x4096]+w[2048x4096]->y[1x1x2048]               0.031ms    16.777 M      0.55   16.01 MiB    546.53
    3  K         1  x[1x1x4096]+w[2048x4096]->y[1x1x2048]               0.030ms    16.777 M      0.56   16.01 MiB    561.51
    4  V         0  x[1x1x4096]+w[2048x4096]->y[1x1x2048]               0.030ms    16.777 M      0.56   16.01 MiB    561.51
    5  V         1  x[1x1x4096]+w[2048x4096]->y[1x1x2048]               0.030ms    16.777 M      0.56   16.01 MiB    557.69
    6  Softmax   0  scores[1x16x1x1984]->y[1x16x1x1984]                 0.024ms   158.720 K      0.01  124.00 KiB      5.21
    7  Softmax   1  scores[1x16x1x1984]->y[1x16x1x1984]                 0.021ms   158.720 K      0.01  124.00 KiB      6.14
    8  O         0  x[1x1x2048]+w[4096x2048]->y[1x1x4096]               0.025ms    16.777 M      0.68   16.01 MiB    680.33
    9  O         1  x[1x1x2048]+w[4096x2048]->y[1x1x4096]               0.028ms    16.777 M      0.60   16.01 MiB    598.39
   10  FFN_W1    0  x[1x1x4096]+w[5504x4096]->y[1x1x5504]               0.047ms    45.089 M      0.97   43.02 MiB    968.15
   11  FFN_W3    0  x[1x1x4096]+w[5504x4096]->y[1x1x5504]               0.044ms    45.089 M      1.02   43.02 MiB   1019.69
   12  FFN_W1    1  x[1x1x4096]+w[5504x4096]->y[1x1x5504]               0.045ms    45.089 M      1.01   43.02 MiB   1008.03
   13  FFN_W3    1  x[1x1x4096]+w[5504x4096]->y[1x1x5504]               0.043ms    45.089 M      1.04   43.02 MiB   1038.93
   14  SwiGLU    1  a[1x1x5504]+b[1x1x5504]->y[1x1x5504]                0.013ms    33.024 K      0.00   32.25 KiB      2.56
   15  FFN_W2    0  x[1x1x5504]+w[4096x5504]->y[1x1x4096]               0.047ms    45.089 M      0.97   43.02 MiB    968.15
   16  FFN_W2    1  x[1x1x5504]+w[4096x5504]->y[1x1x4096]               0.046ms    45.089 M      0.98   43.02 MiB    983.28
[gpu-debug] segment avg latency (cuda_events): 0.545 ms
[gpu-debug] sum(per-op)               : 0.576 ms (ratio=1.056)
[gpu-debug] NOTE: sum(per-op) may differ from segment latency due to Python overhead, event/launch overhead, and allocator/cache effects.
[gpu-debug] cuda mem before warmup: alloc=400.50 MiB reserved=414.00 MiB
[gpu-debug] cuda mem after warmup : alloc=400.56 MiB reserved=414.00 MiB
[gpu-debug] cuda mem peak (this segment): max_alloc=400.62 MiB max_reserved=414.00 MiB
========================================================================================
[gpu-debug] segment_key=npu|decode|1|8bf82c38da86ca3f01938775ea2163b3
[gpu-debug] sig: device_type=npu phase=decode step=1 (count_hint=32)
[gpu-debug] ops_repr: Q:0,Q:1,K:0,K:1,V:0,V:1,Softmax:0,Softmax:1,O:0,O:1,FFN_W1:0,FFN_W3:0,FFN_W1:1,FFN_W3:1,SwiGLU:1,FFN_W2:0,FFN_W2:1
[gpu-debug] cfg: device=cuda dtype=torch.bfloat16 batch=1 dim=4096 ffn_dim=11008 n_heads=32 shards=2
[gpu-debug] op plan (with inferred tensor shapes):
  - op#00  op=Q        shard=0   x=[1x1x4096] + w=[2048x4096]  ->  y=[1x1x2048]  (T=1, K=1026)
  - op#01  op=Q        shard=1   x=[1x1x4096] + w=[2048x4096]  ->  y=[1x1x2048]  (T=1, K=1026)
  - op#02  op=K        shard=0   x=[1x1x4096] + w=[2048x4096]  ->  y=[1x1x2048]  (T=1, K=1026)
  - op#03  op=K        shard=1   x=[1x1x4096] + w=[2048x4096]  ->  y=[1x1x2048]  (T=1, K=1026)
  - op#04  op=V        shard=0   x=[1x1x4096] + w=[2048x4096]  ->  y=[1x1x2048]  (T=1, K=1026)
  - op#05  op=V        shard=1   x=[1x1x4096] + w=[2048x4096]  ->  y=[1x1x2048]  (T=1, K=1026)
  - op#06  op=Softmax  shard=0   scores=[1x16x1x1026]  ->  y=[1x16x1x1026]  (T=1, K=1026)
  - op#07  op=Softmax  shard=1   scores=[1x16x1x1026]  ->  y=[1x16x1x1026]  (T=1, K=1026)
  - op#08  op=O        shard=0   x=[1x1x2048] + w=[4096x2048]  ->  y=[1x1x4096]  (T=1, K=1026)
  - op#09  op=O        shard=1   x=[1x1x2048] + w=[4096x2048]  ->  y=[1x1x4096]  (T=1, K=1026)
  - op#10  op=FFN_W1   shard=0   x=[1x1x4096] + w=[5504x4096]  ->  y=[1x1x5504]  (T=1, K=1026)
  - op#11  op=FFN_W3   shard=0   x=[1x1x4096] + w=[5504x4096]  ->  y=[1x1x5504]  (T=1, K=1026)
  - op#12  op=FFN_W1   shard=1   x=[1x1x4096] + w=[5504x4096]  ->  y=[1x1x5504]  (T=1, K=1026)
  - op#13  op=FFN_W3   shard=1   x=[1x1x4096] + w=[5504x4096]  ->  y=[1x1x5504]  (T=1, K=1026)
  - op#14  op=SwiGLU   shard=1   a=[1x1x5504] + b=[1x1x5504]  ->  y=[1x1x5504]  (T=1, K=1026)
  - op#15  op=FFN_W2   shard=0   x=[1x1x5504] + w=[4096x5504]  ->  y=[1x1x4096]  (T=1, K=1026)
  - op#16  op=FFN_W2   shard=1   x=[1x1x5504] + w=[4096x5504]  ->  y=[1x1x4096]  (T=1, K=1026)
[gpu-debug] per-op timing breakdown (avg over iters):
  idx  op       sh  io                                                    time   est_flops    TFLOPs       bytes      GB/s
  ------------------------------------------------------------------------------------------------------------------------
    0  Q         0  x[1x1x4096]+w[2048x4096]->y[1x1x2048]               0.039ms    16.777 M      0.43   16.01 MiB    432.61
    1  Q         1  x[1x1x4096]+w[2048x4096]->y[1x1x2048]               0.029ms    16.777 M      0.58   16.01 MiB    577.32
    2  K         0  x[1x1x4096]+w[2048x4096]->y[1x1x2048]               0.028ms    16.777 M      0.60   16.01 MiB    596.22
    3  K         1  x[1x1x4096]+w[2048x4096]->y[1x1x2048]               0.027ms    16.777 M      0.62   16.01 MiB    618.72
    4  V         0  x[1x1x4096]+w[2048x4096]->y[1x1x2048]               0.028ms    16.777 M      0.60   16.01 MiB    605.02
    5  V         1  x[1x1x4096]+w[2048x4096]->y[1x1x2048]               0.027ms    16.777 M      0.62   16.01 MiB    621.06
    6  Softmax   0  scores[1x16x1x1026]->y[1x16x1x1026]                 0.015ms    82.080 K      0.01   64.12 KiB      4.25
    7  Softmax   1  scores[1x16x1x1026]->y[1x16x1x1026]                 0.014ms    82.080 K      0.01   64.12 KiB      4.65
    8  O         0  x[1x1x2048]+w[4096x2048]->y[1x1x4096]               0.034ms    16.777 M      0.50   16.01 MiB    496.85
    9  O         1  x[1x1x2048]+w[4096x2048]->y[1x1x4096]               0.029ms    16.777 M      0.57   16.01 MiB    573.29
   10  FFN_W1    0  x[1x1x4096]+w[5504x4096]->y[1x1x5504]               0.048ms    45.089 M      0.94   43.02 MiB    943.27
   11  FFN_W3    0  x[1x1x4096]+w[5504x4096]->y[1x1x5504]               0.043ms    45.089 M      1.06   43.02 MiB   1056.37
   12  FFN_W1    1  x[1x1x4096]+w[5504x4096]->y[1x1x5504]               0.043ms    45.089 M      1.06   43.02 MiB   1056.37
   13  FFN_W3    1  x[1x1x4096]+w[5504x4096]->y[1x1x5504]               0.042ms    45.089 M      1.08   43.02 MiB   1082.33
   14  SwiGLU    1  a[1x1x5504]+b[1x1x5504]->y[1x1x5504]                0.011ms    33.024 K      0.00   32.25 KiB      2.88
   15  FFN_W2    0  x[1x1x5504]+w[4096x5504]->y[1x1x4096]               0.044ms    45.089 M      1.03   43.02 MiB   1026.82
   16  FFN_W2    1  x[1x1x5504]+w[4096x5504]->y[1x1x4096]               0.044ms    45.089 M      1.02   43.02 MiB   1019.69
[gpu-debug] segment avg latency (cuda_events): 0.447 ms
[gpu-debug] sum(per-op)               : 0.545 ms (ratio=1.220)
[gpu-debug] NOTE: sum(per-op) may differ from segment latency due to Python overhead, event/launch overhead, and allocator/cache effects.
[gpu-debug] cuda mem before warmup: alloc=400.56 MiB reserved=414.00 MiB
[gpu-debug] cuda mem after warmup : alloc=400.59 MiB reserved=414.00 MiB
[gpu-debug] cuda mem peak (this segment): max_alloc=400.63 MiB max_reserved=414.00 MiB
========================================================================================
[gpu-debug] segment_key=npu|decode|2|8bf82c38da86ca3f01938775ea2163b3
[gpu-debug] sig: device_type=npu phase=decode step=2 (count_hint=32)
[gpu-debug] ops_repr: Q:0,Q:1,K:0,K:1,V:0,V:1,Softmax:0,Softmax:1,O:0,O:1,FFN_W1:0,FFN_W3:0,FFN_W1:1,FFN_W3:1,SwiGLU:1,FFN_W2:0,FFN_W2:1
[gpu-debug] cfg: device=cuda dtype=torch.bfloat16 batch=1 dim=4096 ffn_dim=11008 n_heads=32 shards=2
[gpu-debug] op plan (with inferred tensor shapes):
  - op#00  op=Q        shard=0   x=[1x1x4096] + w=[2048x4096]  ->  y=[1x1x2048]  (T=1, K=1088)
  - op#01  op=Q        shard=1   x=[1x1x4096] + w=[2048x4096]  ->  y=[1x1x2048]  (T=1, K=1088)
  - op#02  op=K        shard=0   x=[1x1x4096] + w=[2048x4096]  ->  y=[1x1x2048]  (T=1, K=1088)
  - op#03  op=K        shard=1   x=[1x1x4096] + w=[2048x4096]  ->  y=[1x1x2048]  (T=1, K=1088)
  - op#04  op=V        shard=0   x=[1x1x4096] + w=[2048x4096]  ->  y=[1x1x2048]  (T=1, K=1088)
  - op#05  op=V        shard=1   x=[1x1x4096] + w=[2048x4096]  ->  y=[1x1x2048]  (T=1, K=1088)
  - op#06  op=Softmax  shard=0   scores=[1x16x1x1088]  ->  y=[1x16x1x1088]  (T=1, K=1088)
  - op#07  op=Softmax  shard=1   scores=[1x16x1x1088]  ->  y=[1x16x1x1088]  (T=1, K=1088)
  - op#08  op=O        shard=0   x=[1x1x2048] + w=[4096x2048]  ->  y=[1x1x4096]  (T=1, K=1088)
  - op#09  op=O        shard=1   x=[1x1x2048] + w=[4096x2048]  ->  y=[1x1x4096]  (T=1, K=1088)
  - op#10  op=FFN_W1   shard=0   x=[1x1x4096] + w=[5504x4096]  ->  y=[1x1x5504]  (T=1, K=1088)
  - op#11  op=FFN_W3   shard=0   x=[1x1x4096] + w=[5504x4096]  ->  y=[1x1x5504]  (T=1, K=1088)
  - op#12  op=FFN_W1   shard=1   x=[1x1x4096] + w=[5504x4096]  ->  y=[1x1x5504]  (T=1, K=1088)
  - op#13  op=FFN_W3   shard=1   x=[1x1x4096] + w=[5504x4096]  ->  y=[1x1x5504]  (T=1, K=1088)
  - op#14  op=SwiGLU   shard=1   a=[1x1x5504] + b=[1x1x5504]  ->  y=[1x1x5504]  (T=1, K=1088)
  - op#15  op=FFN_W2   shard=0   x=[1x1x5504] + w=[4096x5504]  ->  y=[1x1x4096]  (T=1, K=1088)
  - op#16  op=FFN_W2   shard=1   x=[1x1x5504] + w=[4096x5504]  ->  y=[1x1x4096]  (T=1, K=1088)
[gpu-debug] per-op timing breakdown (avg over iters):
  idx  op       sh  io                                                    time   est_flops    TFLOPs       bytes      GB/s
  ------------------------------------------------------------------------------------------------------------------------
    0  Q         0  x[1x1x4096]+w[2048x4096]->y[1x1x2048]               0.039ms    16.777 M      0.43   16.01 MiB    433.76
    1  Q         1  x[1x1x4096]+w[2048x4096]->y[1x1x2048]               0.029ms    16.777 M      0.58   16.01 MiB    579.36
    2  K         0  x[1x1x4096]+w[2048x4096]->y[1x1x2048]               0.028ms    16.777 M      0.59   16.01 MiB    591.91
    3  K         1  x[1x1x4096]+w[2048x4096]->y[1x1x2048]               0.028ms    16.777 M      0.61   16.01 MiB    609.52
    4  V         0  x[1x1x4096]+w[2048x4096]->y[1x1x2048]               0.027ms    16.777 M      0.61   16.01 MiB    611.79
    5  V         1  x[1x1x4096]+w[2048x4096]->y[1x1x2048]               0.027ms    16.777 M      0.61   16.01 MiB    611.79
    6  Softmax   0  scores[1x16x1x1088]->y[1x16x1x1088]                 0.016ms    87.040 K      0.01   68.00 KiB      4.39
    7  Softmax   1  scores[1x16x1x1088]->y[1x16x1x1088]                 0.014ms    87.040 K      0.01   68.00 KiB      4.86
    8  O         0  x[1x1x2048]+w[4096x2048]->y[1x1x4096]               0.033ms    16.777 M      0.50   16.01 MiB    502.94
    9  O         1  x[1x1x2048]+w[4096x2048]->y[1x1x4096]               0.029ms    16.777 M      0.57   16.01 MiB    571.29
   10  FFN_W1    0  x[1x1x4096]+w[5504x4096]->y[1x1x5504]               0.048ms    45.089 M      0.95   43.02 MiB    947.33
   11  FFN_W3    0  x[1x1x4096]+w[5504x4096]->y[1x1x5504]               0.042ms    45.089 M      1.07   43.02 MiB   1074.41
   12  FFN_W1    1  x[1x1x4096]+w[5504x4096]->y[1x1x5504]               0.043ms    45.089 M      1.05   43.02 MiB   1048.83
   13  FFN_W3    1  x[1x1x4096]+w[5504x4096]->y[1x1x5504]               0.041ms    45.089 M      1.09   43.02 MiB   1087.67
   14  SwiGLU    1  a[1x1x5504]+b[1x1x5504]->y[1x1x5504]                0.011ms    33.024 K      0.00   32.25 KiB      2.93
   15  FFN_W2    0  x[1x1x5504]+w[4096x5504]->y[1x1x4096]               0.044ms    45.089 M      1.02   43.02 MiB   1024.44
   16  FFN_W2    1  x[1x1x5504]+w[4096x5504]->y[1x1x4096]               0.044ms    45.089 M      1.03   43.02 MiB   1034.06
[gpu-debug] segment avg latency (cuda_events): 0.448 ms
[gpu-debug] sum(per-op)               : 0.544 ms (ratio=1.216)
[gpu-debug] NOTE: sum(per-op) may differ from segment latency due to Python overhead, event/launch overhead, and allocator/cache effects.
[gpu-debug] cuda mem before warmup: alloc=400.59 MiB reserved=414.00 MiB
[gpu-debug] cuda mem after warmup : alloc=400.63 MiB reserved=414.00 MiB
[gpu-debug] cuda mem peak (this segment): max_alloc=400.66 MiB max_reserved=414.00 MiB
========================================================================================
[gpu-debug] segment_key=npu|decode|3|8bf82c38da86ca3f01938775ea2163b3
[gpu-debug] sig: device_type=npu phase=decode step=3 (count_hint=32)
[gpu-debug] ops_repr: Q:0,Q:1,K:0,K:1,V:0,V:1,Softmax:0,Softmax:1,O:0,O:1,FFN_W1:0,FFN_W3:0,FFN_W1:1,FFN_W3:1,SwiGLU:1,FFN_W2:0,FFN_W2:1
[gpu-debug] cfg: device=cuda dtype=torch.bfloat16 batch=1 dim=4096 ffn_dim=11008 n_heads=32 shards=2
[gpu-debug] op plan (with inferred tensor shapes):
  - op#00  op=Q        shard=0   x=[1x1x4096] + w=[2048x4096]  ->  y=[1x1x2048]  (T=1, K=1152)
  - op#01  op=Q        shard=1   x=[1x1x4096] + w=[2048x4096]  ->  y=[1x1x2048]  (T=1, K=1152)
  - op#02  op=K        shard=0   x=[1x1x4096] + w=[2048x4096]  ->  y=[1x1x2048]  (T=1, K=1152)
  - op#03  op=K        shard=1   x=[1x1x4096] + w=[2048x4096]  ->  y=[1x1x2048]  (T=1, K=1152)
  - op#04  op=V        shard=0   x=[1x1x4096] + w=[2048x4096]  ->  y=[1x1x2048]  (T=1, K=1152)
  - op#05  op=V        shard=1   x=[1x1x4096] + w=[2048x4096]  ->  y=[1x1x2048]  (T=1, K=1152)
  - op#06  op=Softmax  shard=0   scores=[1x16x1x1152]  ->  y=[1x16x1x1152]  (T=1, K=1152)
  - op#07  op=Softmax  shard=1   scores=[1x16x1x1152]  ->  y=[1x16x1x1152]  (T=1, K=1152)
  - op#08  op=O        shard=0   x=[1x1x2048] + w=[4096x2048]  ->  y=[1x1x4096]  (T=1, K=1152)
  - op#09  op=O        shard=1   x=[1x1x2048] + w=[4096x2048]  ->  y=[1x1x4096]  (T=1, K=1152)
  - op#10  op=FFN_W1   shard=0   x=[1x1x4096] + w=[5504x4096]  ->  y=[1x1x5504]  (T=1, K=1152)
  - op#11  op=FFN_W3   shard=0   x=[1x1x4096] + w=[5504x4096]  ->  y=[1x1x5504]  (T=1, K=1152)
  - op#12  op=FFN_W1   shard=1   x=[1x1x4096] + w=[5504x4096]  ->  y=[1x1x5504]  (T=1, K=1152)
  - op#13  op=FFN_W3   shard=1   x=[1x1x4096] + w=[5504x4096]  ->  y=[1x1x5504]  (T=1, K=1152)
  - op#14  op=SwiGLU   shard=1   a=[1x1x5504] + b=[1x1x5504]  ->  y=[1x1x5504]  (T=1, K=1152)
  - op#15  op=FFN_W2   shard=0   x=[1x1x5504] + w=[4096x5504]  ->  y=[1x1x4096]  (T=1, K=1152)
  - op#16  op=FFN_W2   shard=1   x=[1x1x5504] + w=[4096x5504]  ->  y=[1x1x4096]  (T=1, K=1152)
[gpu-debug] per-op timing breakdown (avg over iters):
  idx  op       sh  io                                                    time   est_flops    TFLOPs       bytes      GB/s
  ------------------------------------------------------------------------------------------------------------------------
    0  Q         0  x[1x1x4096]+w[2048x4096]->y[1x1x2048]               0.039ms    16.777 M      0.43   16.01 MiB    434.91
    1  Q         1  x[1x1x4096]+w[2048x4096]->y[1x1x2048]               0.030ms    16.777 M      0.56   16.01 MiB    565.38
    2  K         0  x[1x1x4096]+w[2048x4096]->y[1x1x2048]               0.028ms    16.777 M      0.60   16.01 MiB    605.02
    3  K         1  x[1x1x4096]+w[2048x4096]->y[1x1x2048]               0.026ms    16.777 M      0.64   16.01 MiB    640.47
    4  V         0  x[1x1x4096]+w[2048x4096]->y[1x1x2048]               0.027ms    16.777 M      0.61   16.01 MiB    611.79
    5  V         1  x[1x1x4096]+w[2048x4096]->y[1x1x2048]               0.028ms    16.777 M      0.60   16.01 MiB    602.79
    6  Softmax   0  scores[1x16x1x1152]->y[1x16x1x1152]                 0.016ms    92.160 K      0.01   72.00 KiB      4.50
    7  Softmax   1  scores[1x16x1x1152]->y[1x16x1x1152]                 0.014ms    92.160 K      0.01   72.00 KiB      5.18
    8  O         0  x[1x1x2048]+w[4096x2048]->y[1x1x4096]               0.033ms    16.777 M      0.50   16.01 MiB    504.49
    9  O         1  x[1x1x2048]+w[4096x2048]->y[1x1x4096]               0.029ms    16.777 M      0.58   16.01 MiB    579.36
   10  FFN_W1    0  x[1x1x4096]+w[5504x4096]->y[1x1x5504]               0.048ms    45.089 M      0.94   43.02 MiB    939.25
   11  FFN_W3    0  x[1x1x4096]+w[5504x4096]->y[1x1x5504]               0.042ms    45.089 M      1.06   43.02 MiB   1064.03
   12  FFN_W1    1  x[1x1x4096]+w[5504x4096]->y[1x1x5504]               0.043ms    45.089 M      1.06   43.02 MiB   1058.91
   13  FFN_W3    1  x[1x1x4096]+w[5504x4096]->y[1x1x5504]               0.042ms    45.089 M      1.08   43.02 MiB   1079.68
   14  SwiGLU    1  a[1x1x5504]+b[1x1x5504]->y[1x1x5504]                0.012ms    33.024 K      0.00   32.25 KiB      2.80
   15  FFN_W2    0  x[1x1x5504]+w[4096x5504]->y[1x1x4096]               0.044ms    45.089 M      1.01   43.02 MiB   1014.99
   16  FFN_W2    1  x[1x1x5504]+w[4096x5504]->y[1x1x4096]               0.044ms    45.089 M      1.03   43.02 MiB   1026.82
[gpu-debug] segment avg latency (cuda_events): 0.449 ms
[gpu-debug] sum(per-op)               : 0.545 ms (ratio=1.215)
[gpu-debug] NOTE: sum(per-op) may differ from segment latency due to Python overhead, event/launch overhead, and allocator/cache effects.
[gpu-debug] cuda mem before warmup: alloc=400.63 MiB reserved=414.00 MiB
[gpu-debug] cuda mem after warmup : alloc=400.66 MiB reserved=414.00 MiB
[gpu-debug] cuda mem peak (this segment): max_alloc=400.70 MiB max_reserved=414.00 MiB
========================================================================================
[gpu-debug] segment_key=npu|decode|4|8bf82c38da86ca3f01938775ea2163b3
[gpu-debug] sig: device_type=npu phase=decode step=4 (count_hint=32)
[gpu-debug] ops_repr: Q:0,Q:1,K:0,K:1,V:0,V:1,Softmax:0,Softmax:1,O:0,O:1,FFN_W1:0,FFN_W3:0,FFN_W1:1,FFN_W3:1,SwiGLU:1,FFN_W2:0,FFN_W2:1
[gpu-debug] cfg: device=cuda dtype=torch.bfloat16 batch=1 dim=4096 ffn_dim=11008 n_heads=32 shards=2
[gpu-debug] op plan (with inferred tensor shapes):
  - op#00  op=Q        shard=0   x=[1x1x4096] + w=[2048x4096]  ->  y=[1x1x2048]  (T=1, K=1216)
  - op#01  op=Q        shard=1   x=[1x1x4096] + w=[2048x4096]  ->  y=[1x1x2048]  (T=1, K=1216)
  - op#02  op=K        shard=0   x=[1x1x4096] + w=[2048x4096]  ->  y=[1x1x2048]  (T=1, K=1216)
  - op#03  op=K        shard=1   x=[1x1x4096] + w=[2048x4096]  ->  y=[1x1x2048]  (T=1, K=1216)
  - op#04  op=V        shard=0   x=[1x1x4096] + w=[2048x4096]  ->  y=[1x1x2048]  (T=1, K=1216)
  - op#05  op=V        shard=1   x=[1x1x4096] + w=[2048x4096]  ->  y=[1x1x2048]  (T=1, K=1216)
  - op#06  op=Softmax  shard=0   scores=[1x16x1x1216]  ->  y=[1x16x1x1216]  (T=1, K=1216)
  - op#07  op=Softmax  shard=1   scores=[1x16x1x1216]  ->  y=[1x16x1x1216]  (T=1, K=1216)
  - op#08  op=O        shard=0   x=[1x1x2048] + w=[4096x2048]  ->  y=[1x1x4096]  (T=1, K=1216)
  - op#09  op=O        shard=1   x=[1x1x2048] + w=[4096x2048]  ->  y=[1x1x4096]  (T=1, K=1216)
  - op#10  op=FFN_W1   shard=0   x=[1x1x4096] + w=[5504x4096]  ->  y=[1x1x5504]  (T=1, K=1216)
  - op#11  op=FFN_W3   shard=0   x=[1x1x4096] + w=[5504x4096]  ->  y=[1x1x5504]  (T=1, K=1216)
  - op#12  op=FFN_W1   shard=1   x=[1x1x4096] + w=[5504x4096]  ->  y=[1x1x5504]  (T=1, K=1216)
  - op#13  op=FFN_W3   shard=1   x=[1x1x4096] + w=[5504x4096]  ->  y=[1x1x5504]  (T=1, K=1216)
  - op#14  op=SwiGLU   shard=1   a=[1x1x5504] + b=[1x1x5504]  ->  y=[1x1x5504]  (T=1, K=1216)
  - op#15  op=FFN_W2   shard=0   x=[1x1x5504] + w=[4096x5504]  ->  y=[1x1x4096]  (T=1, K=1216)
  - op#16  op=FFN_W2   shard=1   x=[1x1x5504] + w=[4096x5504]  ->  y=[1x1x4096]  (T=1, K=1216)
[gpu-debug] per-op timing breakdown (avg over iters):
  idx  op       sh  io                                                    time   est_flops    TFLOPs       bytes      GB/s
  ------------------------------------------------------------------------------------------------------------------------
    0  Q         0  x[1x1x4096]+w[2048x4096]->y[1x1x2048]               0.038ms    16.777 M      0.44   16.01 MiB    437.23
    1  Q         1  x[1x1x4096]+w[2048x4096]->y[1x1x2048]               0.029ms    16.777 M      0.58   16.01 MiB    577.32
    2  K         0  x[1x1x4096]+w[2048x4096]->y[1x1x2048]               0.028ms    16.777 M      0.61   16.01 MiB    609.52
    3  K         1  x[1x1x4096]+w[2048x4096]->y[1x1x2048]               0.027ms    16.777 M      0.62   16.01 MiB    618.72
    4  V         0  x[1x1x4096]+w[2048x4096]->y[1x1x2048]               0.027ms    16.777 M      0.61   16.01 MiB    611.79
    5  V         1  x[1x1x4096]+w[2048x4096]->y[1x1x2048]               0.028ms    16.777 M      0.61   16.01 MiB    609.52
    6  Softmax   0  scores[1x16x1x1216]->y[1x16x1x1216]                 0.016ms    97.280 K      0.01   76.00 KiB      4.72
    7  Softmax   1  scores[1x16x1x1216]->y[1x16x1x1216]                 0.015ms    97.280 K      0.01   76.00 KiB      5.35
    8  O         0  x[1x1x2048]+w[4096x2048]->y[1x1x4096]               0.032ms    16.777 M      0.52   16.01 MiB    518.86
    9  O         1  x[1x1x2048]+w[4096x2048]->y[1x1x4096]               0.029ms    16.777 M      0.57   16.01 MiB    575.30
   10  FFN_W1    0  x[1x1x4096]+w[5504x4096]->y[1x1x5504]               0.048ms    45.089 M      0.95   43.02 MiB    947.33
   11  FFN_W3    0  x[1x1x4096]+w[5504x4096]->y[1x1x5504]               0.042ms    45.089 M      1.07   43.02 MiB   1066.60
   12  FFN_W1    1  x[1x1x4096]+w[5504x4096]->y[1x1x5504]               0.043ms    45.089 M      1.06   43.02 MiB   1058.91
   13  FFN_W3    1  x[1x1x4096]+w[5504x4096]->y[1x1x5504]               0.042ms    45.089 M      1.08   43.02 MiB   1077.04
   14  SwiGLU    1  a[1x1x5504]+b[1x1x5504]->y[1x1x5504]                0.011ms    33.024 K      0.00   32.25 KiB      2.96
   15  FFN_W2    0  x[1x1x5504]+w[4096x5504]->y[1x1x4096]               0.045ms    45.089 M      1.01   43.02 MiB   1012.66
   16  FFN_W2    1  x[1x1x5504]+w[4096x5504]->y[1x1x4096]               0.043ms    45.089 M      1.04   43.02 MiB   1038.93
[gpu-debug] segment avg latency (cuda_events): 0.448 ms
[gpu-debug] sum(per-op)               : 0.543 ms (ratio=1.212)
[gpu-debug] NOTE: sum(per-op) may differ from segment latency due to Python overhead, event/launch overhead, and allocator/cache effects.
[gpu-debug] cuda mem before warmup: alloc=400.66 MiB reserved=414.00 MiB
[gpu-debug] cuda mem after warmup : alloc=400.70 MiB reserved=414.00 MiB
[gpu-debug] cuda mem peak (this segment): max_alloc=400.74 MiB max_reserved=414.00 MiB
========================================================================================
[gpu-debug] segment_key=npu|decode|5|8bf82c38da86ca3f01938775ea2163b3
[gpu-debug] sig: device_type=npu phase=decode step=5 (count_hint=32)
[gpu-debug] ops_repr: Q:0,Q:1,K:0,K:1,V:0,V:1,Softmax:0,Softmax:1,O:0,O:1,FFN_W1:0,FFN_W3:0,FFN_W1:1,FFN_W3:1,SwiGLU:1,FFN_W2:0,FFN_W2:1
[gpu-debug] cfg: device=cuda dtype=torch.bfloat16 batch=1 dim=4096 ffn_dim=11008 n_heads=32 shards=2
[gpu-debug] op plan (with inferred tensor shapes):
  - op#00  op=Q        shard=0   x=[1x1x4096] + w=[2048x4096]  ->  y=[1x1x2048]  (T=1, K=1280)
  - op#01  op=Q        shard=1   x=[1x1x4096] + w=[2048x4096]  ->  y=[1x1x2048]  (T=1, K=1280)
  - op#02  op=K        shard=0   x=[1x1x4096] + w=[2048x4096]  ->  y=[1x1x2048]  (T=1, K=1280)
  - op#03  op=K        shard=1   x=[1x1x4096] + w=[2048x4096]  ->  y=[1x1x2048]  (T=1, K=1280)
  - op#04  op=V        shard=0   x=[1x1x4096] + w=[2048x4096]  ->  y=[1x1x2048]  (T=1, K=1280)
  - op#05  op=V        shard=1   x=[1x1x4096] + w=[2048x4096]  ->  y=[1x1x2048]  (T=1, K=1280)
  - op#06  op=Softmax  shard=0   scores=[1x16x1x1280]  ->  y=[1x16x1x1280]  (T=1, K=1280)
  - op#07  op=Softmax  shard=1   scores=[1x16x1x1280]  ->  y=[1x16x1x1280]  (T=1, K=1280)
  - op#08  op=O        shard=0   x=[1x1x2048] + w=[4096x2048]  ->  y=[1x1x4096]  (T=1, K=1280)
  - op#09  op=O        shard=1   x=[1x1x2048] + w=[4096x2048]  ->  y=[1x1x4096]  (T=1, K=1280)
  - op#10  op=FFN_W1   shard=0   x=[1x1x4096] + w=[5504x4096]  ->  y=[1x1x5504]  (T=1, K=1280)
  - op#11  op=FFN_W3   shard=0   x=[1x1x4096] + w=[5504x4096]  ->  y=[1x1x5504]  (T=1, K=1280)
  - op#12  op=FFN_W1   shard=1   x=[1x1x4096] + w=[5504x4096]  ->  y=[1x1x5504]  (T=1, K=1280)
  - op#13  op=FFN_W3   shard=1   x=[1x1x4096] + w=[5504x4096]  ->  y=[1x1x5504]  (T=1, K=1280)
  - op#14  op=SwiGLU   shard=1   a=[1x1x5504] + b=[1x1x5504]  ->  y=[1x1x5504]  (T=1, K=1280)
  - op#15  op=FFN_W2   shard=0   x=[1x1x5504] + w=[4096x5504]  ->  y=[1x1x4096]  (T=1, K=1280)
  - op#16  op=FFN_W2   shard=1   x=[1x1x5504] + w=[4096x5504]  ->  y=[1x1x4096]  (T=1, K=1280)
[gpu-debug] per-op timing breakdown (avg over iters):
  idx  op       sh  io                                                    time   est_flops    TFLOPs       bytes      GB/s
  ------------------------------------------------------------------------------------------------------------------------
    0  Q         0  x[1x1x4096]+w[2048x4096]->y[1x1x2048]               0.039ms    16.777 M      0.43   16.01 MiB    434.91
    1  Q         1  x[1x1x4096]+w[2048x4096]->y[1x1x2048]               0.029ms    16.777 M      0.57   16.01 MiB    573.29
    2  K         0  x[1x1x4096]+w[2048x4096]->y[1x1x2048]               0.028ms    16.777 M      0.60   16.01 MiB    600.59
    3  K         1  x[1x1x4096]+w[2048x4096]->y[1x1x2048]               0.027ms    16.777 M      0.62   16.01 MiB    616.39
    4  V         0  x[1x1x4096]+w[2048x4096]->y[1x1x2048]               0.028ms    16.777 M      0.60   16.01 MiB    598.39
    5  V         1  x[1x1x4096]+w[2048x4096]->y[1x1x2048]               0.028ms    16.777 M      0.61   16.01 MiB    609.52
    6  Softmax   0  scores[1x16x1x1280]->y[1x16x1x1280]                 0.017ms   102.400 K      0.01   80.00 KiB      4.73
    7  Softmax   1  scores[1x16x1x1280]->y[1x16x1x1280]                 0.015ms   102.400 K      0.01   80.00 KiB      5.63
    8  O         0  x[1x1x2048]+w[4096x2048]->y[1x1x4096]               0.032ms    16.777 M      0.53   16.01 MiB    525.51
    9  O         1  x[1x1x2048]+w[4096x2048]->y[1x1x4096]               0.029ms    16.777 M      0.57   16.01 MiB    573.29
   10  FFN_W1    0  x[1x1x4096]+w[5504x4096]->y[1x1x5504]               0.047ms    45.089 M      0.96   43.02 MiB    955.55
   11  FFN_W3    0  x[1x1x4096]+w[5504x4096]->y[1x1x5504]               0.043ms    45.089 M      1.06   43.02 MiB   1058.91
   12  FFN_W1    1  x[1x1x4096]+w[5504x4096]->y[1x1x5504]               0.043ms    45.089 M      1.05   43.02 MiB   1053.85
   13  FFN_W3    1  x[1x1x4096]+w[5504x4096]->y[1x1x5504]               0.042ms    45.089 M      1.08   43.02 MiB   1082.33
   14  SwiGLU    1  a[1x1x5504]+b[1x1x5504]->y[1x1x5504]                0.011ms    33.024 K      0.00   32.25 KiB      2.88
   15  FFN_W2    0  x[1x1x5504]+w[4096x5504]->y[1x1x4096]               0.044ms    45.089 M      1.02   43.02 MiB   1017.34
   16  FFN_W2    1  x[1x1x5504]+w[4096x5504]->y[1x1x4096]               0.044ms    45.089 M      1.03   43.02 MiB   1031.63
[gpu-debug] segment avg latency (cuda_events): 0.450 ms
[gpu-debug] sum(per-op)               : 0.546 ms (ratio=1.213)
[gpu-debug] NOTE: sum(per-op) may differ from segment latency due to Python overhead, event/launch overhead, and allocator/cache effects.
[gpu-debug] cuda mem before warmup: alloc=400.70 MiB reserved=414.00 MiB
[gpu-debug] cuda mem after warmup : alloc=400.74 MiB reserved=414.00 MiB
[gpu-debug] cuda mem peak (this segment): max_alloc=400.78 MiB max_reserved=414.00 MiB
========================================================================================
[gpu-debug] segment_key=npu|decode|6|8bf82c38da86ca3f01938775ea2163b3
[gpu-debug] sig: device_type=npu phase=decode step=6 (count_hint=32)
[gpu-debug] ops_repr: Q:0,Q:1,K:0,K:1,V:0,V:1,Softmax:0,Softmax:1,O:0,O:1,FFN_W1:0,FFN_W3:0,FFN_W1:1,FFN_W3:1,SwiGLU:1,FFN_W2:0,FFN_W2:1
[gpu-debug] cfg: device=cuda dtype=torch.bfloat16 batch=1 dim=4096 ffn_dim=11008 n_heads=32 shards=2
[gpu-debug] op plan (with inferred tensor shapes):
  - op#00  op=Q        shard=0   x=[1x1x4096] + w=[2048x4096]  ->  y=[1x1x2048]  (T=1, K=1344)
  - op#01  op=Q        shard=1   x=[1x1x4096] + w=[2048x4096]  ->  y=[1x1x2048]  (T=1, K=1344)
  - op#02  op=K        shard=0   x=[1x1x4096] + w=[2048x4096]  ->  y=[1x1x2048]  (T=1, K=1344)
  - op#03  op=K        shard=1   x=[1x1x4096] + w=[2048x4096]  ->  y=[1x1x2048]  (T=1, K=1344)
  - op#04  op=V        shard=0   x=[1x1x4096] + w=[2048x4096]  ->  y=[1x1x2048]  (T=1, K=1344)
  - op#05  op=V        shard=1   x=[1x1x4096] + w=[2048x4096]  ->  y=[1x1x2048]  (T=1, K=1344)
  - op#06  op=Softmax  shard=0   scores=[1x16x1x1344]  ->  y=[1x16x1x1344]  (T=1, K=1344)
  - op#07  op=Softmax  shard=1   scores=[1x16x1x1344]  ->  y=[1x16x1x1344]  (T=1, K=1344)
  - op#08  op=O        shard=0   x=[1x1x2048] + w=[4096x2048]  ->  y=[1x1x4096]  (T=1, K=1344)
  - op#09  op=O        shard=1   x=[1x1x2048] + w=[4096x2048]  ->  y=[1x1x4096]  (T=1, K=1344)
  - op#10  op=FFN_W1   shard=0   x=[1x1x4096] + w=[5504x4096]  ->  y=[1x1x5504]  (T=1, K=1344)
  - op#11  op=FFN_W3   shard=0   x=[1x1x4096] + w=[5504x4096]  ->  y=[1x1x5504]  (T=1, K=1344)
  - op#12  op=FFN_W1   shard=1   x=[1x1x4096] + w=[5504x4096]  ->  y=[1x1x5504]  (T=1, K=1344)
  - op#13  op=FFN_W3   shard=1   x=[1x1x4096] + w=[5504x4096]  ->  y=[1x1x5504]  (T=1, K=1344)
  - op#14  op=SwiGLU   shard=1   a=[1x1x5504] + b=[1x1x5504]  ->  y=[1x1x5504]  (T=1, K=1344)
  - op#15  op=FFN_W2   shard=0   x=[1x1x5504] + w=[4096x5504]  ->  y=[1x1x4096]  (T=1, K=1344)
  - op#16  op=FFN_W2   shard=1   x=[1x1x5504] + w=[4096x5504]  ->  y=[1x1x4096]  (T=1, K=1344)
[gpu-debug] per-op timing breakdown (avg over iters):
  idx  op       sh  io                                                    time   est_flops    TFLOPs       bytes      GB/s
  ------------------------------------------------------------------------------------------------------------------------
    0  Q         0  x[1x1x4096]+w[2048x4096]->y[1x1x2048]               0.039ms    16.777 M      0.43   16.01 MiB    432.61
    1  Q         1  x[1x1x4096]+w[2048x4096]->y[1x1x2048]               0.029ms    16.777 M      0.57   16.01 MiB    575.30
    2  K         0  x[1x1x4096]+w[2048x4096]->y[1x1x2048]               0.028ms    16.777 M      0.59   16.01 MiB    589.78
    3  K         1  x[1x1x4096]+w[2048x4096]->y[1x1x2048]               0.027ms    16.777 M      0.62   16.01 MiB    621.06
    4  V         0  x[1x1x4096]+w[2048x4096]->y[1x1x2048]               0.027ms    16.777 M      0.61   16.01 MiB    614.08
    5  V         1  x[1x1x4096]+w[2048x4096]->y[1x1x2048]               0.028ms    16.777 M      0.60   16.01 MiB    598.39
    6  Softmax   0  scores[1x16x1x1344]->y[1x16x1x1344]                 0.018ms   107.520 K      0.01   84.00 KiB      4.88
    7  Softmax   1  scores[1x16x1x1344]->y[1x16x1x1344]                 0.015ms   107.520 K      0.01   84.00 KiB      5.68
    8  O         0  x[1x1x2048]+w[4096x2048]->y[1x1x4096]               0.032ms    16.777 M      0.53   16.01 MiB    528.90
    9  O         1  x[1x1x2048]+w[4096x2048]->y[1x1x4096]               0.030ms    16.777 M      0.57   16.01 MiB    567.34
   10  FFN_W1    0  x[1x1x4096]+w[5504x4096]->y[1x1x5504]               0.047ms    45.089 M      0.96   43.02 MiB    955.55
   11  FFN_W3    0  x[1x1x4096]+w[5504x4096]->y[1x1x5504]               0.042ms    45.089 M      1.07   43.02 MiB   1066.60
   12  FFN_W1    1  x[1x1x4096]+w[5504x4096]->y[1x1x5504]               0.043ms    45.089 M      1.05   43.02 MiB   1046.34
   13  FFN_W3    1  x[1x1x4096]+w[5504x4096]->y[1x1x5504]               0.042ms    45.089 M      1.08   43.02 MiB   1082.33
   14  SwiGLU    1  a[1x1x5504]+b[1x1x5504]->y[1x1x5504]                0.011ms    33.024 K      0.00   32.25 KiB      2.96
   15  FFN_W2    0  x[1x1x5504]+w[4096x5504]->y[1x1x4096]               0.045ms    45.089 M      1.01   43.02 MiB   1008.03
   16  FFN_W2    1  x[1x1x5504]+w[4096x5504]->y[1x1x4096]               0.044ms    45.089 M      1.04   43.02 MiB   1036.49
[gpu-debug] segment avg latency (cuda_events): 0.450 ms
[gpu-debug] sum(per-op)               : 0.547 ms (ratio=1.215)
[gpu-debug] NOTE: sum(per-op) may differ from segment latency due to Python overhead, event/launch overhead, and allocator/cache effects.
[gpu-debug] cuda mem before warmup: alloc=400.74 MiB reserved=414.00 MiB
[gpu-debug] cuda mem after warmup : alloc=400.78 MiB reserved=414.00 MiB
[gpu-debug] cuda mem peak (this segment): max_alloc=400.82 MiB max_reserved=414.00 MiB
========================================================================================
[gpu-debug] segment_key=npu|decode|7|8bf82c38da86ca3f01938775ea2163b3
[gpu-debug] sig: device_type=npu phase=decode step=7 (count_hint=32)
[gpu-debug] ops_repr: Q:0,Q:1,K:0,K:1,V:0,V:1,Softmax:0,Softmax:1,O:0,O:1,FFN_W1:0,FFN_W3:0,FFN_W1:1,FFN_W3:1,SwiGLU:1,FFN_W2:0,FFN_W2:1
[gpu-debug] cfg: device=cuda dtype=torch.bfloat16 batch=1 dim=4096 ffn_dim=11008 n_heads=32 shards=2
[gpu-debug] op plan (with inferred tensor shapes):
  - op#00  op=Q        shard=0   x=[1x1x4096] + w=[2048x4096]  ->  y=[1x1x2048]  (T=1, K=1408)
  - op#01  op=Q        shard=1   x=[1x1x4096] + w=[2048x4096]  ->  y=[1x1x2048]  (T=1, K=1408)
  - op#02  op=K        shard=0   x=[1x1x4096] + w=[2048x4096]  ->  y=[1x1x2048]  (T=1, K=1408)
  - op#03  op=K        shard=1   x=[1x1x4096] + w=[2048x4096]  ->  y=[1x1x2048]  (T=1, K=1408)
  - op#04  op=V        shard=0   x=[1x1x4096] + w=[2048x4096]  ->  y=[1x1x2048]  (T=1, K=1408)
  - op#05  op=V        shard=1   x=[1x1x4096] + w=[2048x4096]  ->  y=[1x1x2048]  (T=1, K=1408)
  - op#06  op=Softmax  shard=0   scores=[1x16x1x1408]  ->  y=[1x16x1x1408]  (T=1, K=1408)
  - op#07  op=Softmax  shard=1   scores=[1x16x1x1408]  ->  y=[1x16x1x1408]  (T=1, K=1408)
  - op#08  op=O        shard=0   x=[1x1x2048] + w=[4096x2048]  ->  y=[1x1x4096]  (T=1, K=1408)
  - op#09  op=O        shard=1   x=[1x1x2048] + w=[4096x2048]  ->  y=[1x1x4096]  (T=1, K=1408)
  - op#10  op=FFN_W1   shard=0   x=[1x1x4096] + w=[5504x4096]  ->  y=[1x1x5504]  (T=1, K=1408)
  - op#11  op=FFN_W3   shard=0   x=[1x1x4096] + w=[5504x4096]  ->  y=[1x1x5504]  (T=1, K=1408)
  - op#12  op=FFN_W1   shard=1   x=[1x1x4096] + w=[5504x4096]  ->  y=[1x1x5504]  (T=1, K=1408)
  - op#13  op=FFN_W3   shard=1   x=[1x1x4096] + w=[5504x4096]  ->  y=[1x1x5504]  (T=1, K=1408)
  - op#14  op=SwiGLU   shard=1   a=[1x1x5504] + b=[1x1x5504]  ->  y=[1x1x5504]  (T=1, K=1408)
  - op#15  op=FFN_W2   shard=0   x=[1x1x5504] + w=[4096x5504]  ->  y=[1x1x4096]  (T=1, K=1408)
  - op#16  op=FFN_W2   shard=1   x=[1x1x5504] + w=[4096x5504]  ->  y=[1x1x4096]  (T=1, K=1408)
[gpu-debug] per-op timing breakdown (avg over iters):
  idx  op       sh  io                                                    time   est_flops    TFLOPs       bytes      GB/s
  ------------------------------------------------------------------------------------------------------------------------
    0  Q         0  x[1x1x4096]+w[2048x4096]->y[1x1x2048]               0.039ms    16.777 M      0.43   16.01 MiB    432.61
    1  Q         1  x[1x1x4096]+w[2048x4096]->y[1x1x2048]               0.029ms    16.777 M      0.58   16.01 MiB    581.42
    2  K         0  x[1x1x4096]+w[2048x4096]->y[1x1x2048]               0.028ms    16.777 M      0.60   16.01 MiB    596.22
    3  K         1  x[1x1x4096]+w[2048x4096]->y[1x1x2048]               0.027ms    16.777 M      0.61   16.01 MiB    614.08
    4  V         0  x[1x1x4096]+w[2048x4096]->y[1x1x2048]               0.028ms    16.777 M      0.60   16.01 MiB    600.59
    5  V         1  x[1x1x4096]+w[2048x4096]->y[1x1x2048]               0.027ms    16.777 M      0.61   16.01 MiB    611.79
    6  Softmax   0  scores[1x16x1x1408]->y[1x16x1x1408]                 0.018ms   112.640 K      0.01   88.00 KiB      5.09
    7  Softmax   1  scores[1x16x1x1408]->y[1x16x1x1408]                 0.015ms   112.640 K      0.01   88.00 KiB      5.95
    8  O         0  x[1x1x2048]+w[4096x2048]->y[1x1x4096]               0.031ms    16.777 M      0.54   16.01 MiB    537.57
    9  O         1  x[1x1x2048]+w[4096x2048]->y[1x1x4096]               0.029ms    16.777 M      0.58   16.01 MiB    581.42
   10  FFN_W1    0  x[1x1x4096]+w[5504x4096]->y[1x1x5504]               0.048ms    45.089 M      0.94   43.02 MiB    943.27
   11  FFN_W3    0  x[1x1x4096]+w[5504x4096]->y[1x1x5504]               0.042ms    45.089 M      1.07   43.02 MiB   1066.60
   12  FFN_W1    1  x[1x1x4096]+w[5504x4096]->y[1x1x5504]               0.042ms    45.089 M      1.06   43.02 MiB   1061.46
   13  FFN_W3    1  x[1x1x4096]+w[5504x4096]->y[1x1x5504]               0.042ms    45.089 M      1.08   43.02 MiB   1082.33
   14  SwiGLU    1  a[1x1x5504]+b[1x1x5504]->y[1x1x5504]                0.012ms    33.024 K      0.00   32.25 KiB      2.80
   15  FFN_W2    0  x[1x1x5504]+w[4096x5504]->y[1x1x4096]               0.044ms    45.089 M      1.02   43.02 MiB   1022.06
   16  FFN_W2    1  x[1x1x5504]+w[4096x5504]->y[1x1x4096]               0.044ms    45.089 M      1.03   43.02 MiB   1029.22
[gpu-debug] segment avg latency (cuda_events): 0.450 ms
[gpu-debug] sum(per-op)               : 0.546 ms (ratio=1.213)
[gpu-debug] NOTE: sum(per-op) may differ from segment latency due to Python overhead, event/launch overhead, and allocator/cache effects.
[gpu-debug] cuda mem before warmup: alloc=400.78 MiB reserved=414.00 MiB
[gpu-debug] cuda mem after warmup : alloc=400.82 MiB reserved=414.00 MiB
[gpu-debug] cuda mem peak (this segment): max_alloc=400.87 MiB max_reserved=414.00 MiB
========================================================================================
[gpu-debug] segment_key=npu|decode|8|8bf82c38da86ca3f01938775ea2163b3
[gpu-debug] sig: device_type=npu phase=decode step=8 (count_hint=32)
[gpu-debug] ops_repr: Q:0,Q:1,K:0,K:1,V:0,V:1,Softmax:0,Softmax:1,O:0,O:1,FFN_W1:0,FFN_W3:0,FFN_W1:1,FFN_W3:1,SwiGLU:1,FFN_W2:0,FFN_W2:1
[gpu-debug] cfg: device=cuda dtype=torch.bfloat16 batch=1 dim=4096 ffn_dim=11008 n_heads=32 shards=2
[gpu-debug] op plan (with inferred tensor shapes):
  - op#00  op=Q        shard=0   x=[1x1x4096] + w=[2048x4096]  ->  y=[1x1x2048]  (T=1, K=1472)
  - op#01  op=Q        shard=1   x=[1x1x4096] + w=[2048x4096]  ->  y=[1x1x2048]  (T=1, K=1472)
  - op#02  op=K        shard=0   x=[1x1x4096] + w=[2048x4096]  ->  y=[1x1x2048]  (T=1, K=1472)
  - op#03  op=K        shard=1   x=[1x1x4096] + w=[2048x4096]  ->  y=[1x1x2048]  (T=1, K=1472)
  - op#04  op=V        shard=0   x=[1x1x4096] + w=[2048x4096]  ->  y=[1x1x2048]  (T=1, K=1472)
  - op#05  op=V        shard=1   x=[1x1x4096] + w=[2048x4096]  ->  y=[1x1x2048]  (T=1, K=1472)
  - op#06  op=Softmax  shard=0   scores=[1x16x1x1472]  ->  y=[1x16x1x1472]  (T=1, K=1472)
  - op#07  op=Softmax  shard=1   scores=[1x16x1x1472]  ->  y=[1x16x1x1472]  (T=1, K=1472)
  - op#08  op=O        shard=0   x=[1x1x2048] + w=[4096x2048]  ->  y=[1x1x4096]  (T=1, K=1472)
  - op#09  op=O        shard=1   x=[1x1x2048] + w=[4096x2048]  ->  y=[1x1x4096]  (T=1, K=1472)
  - op#10  op=FFN_W1   shard=0   x=[1x1x4096] + w=[5504x4096]  ->  y=[1x1x5504]  (T=1, K=1472)
  - op#11  op=FFN_W3   shard=0   x=[1x1x4096] + w=[5504x4096]  ->  y=[1x1x5504]  (T=1, K=1472)
  - op#12  op=FFN_W1   shard=1   x=[1x1x4096] + w=[5504x4096]  ->  y=[1x1x5504]  (T=1, K=1472)
  - op#13  op=FFN_W3   shard=1   x=[1x1x4096] + w=[5504x4096]  ->  y=[1x1x5504]  (T=1, K=1472)
  - op#14  op=SwiGLU   shard=1   a=[1x1x5504] + b=[1x1x5504]  ->  y=[1x1x5504]  (T=1, K=1472)
  - op#15  op=FFN_W2   shard=0   x=[1x1x5504] + w=[4096x5504]  ->  y=[1x1x4096]  (T=1, K=1472)
  - op#16  op=FFN_W2   shard=1   x=[1x1x5504] + w=[4096x5504]  ->  y=[1x1x4096]  (T=1, K=1472)
[gpu-debug] per-op timing breakdown (avg over iters):
  idx  op       sh  io                                                    time   est_flops    TFLOPs       bytes      GB/s
  ------------------------------------------------------------------------------------------------------------------------
    0  Q         0  x[1x1x4096]+w[2048x4096]->y[1x1x2048]               0.039ms    16.777 M      0.43   16.01 MiB    432.61
    1  Q         1  x[1x1x4096]+w[2048x4096]->y[1x1x2048]               0.029ms    16.777 M      0.58   16.01 MiB    579.36
    2  K         0  x[1x1x4096]+w[2048x4096]->y[1x1x2048]               0.027ms    16.777 M      0.61   16.01 MiB    611.79
    3  K         1  x[1x1x4096]+w[2048x4096]->y[1x1x2048]               0.027ms    16.777 M      0.62   16.01 MiB    621.06
    4  V         0  x[1x1x4096]+w[2048x4096]->y[1x1x2048]               0.027ms    16.777 M      0.62   16.01 MiB    618.72
    5  V         1  x[1x1x4096]+w[2048x4096]->y[1x1x2048]               0.028ms    16.777 M      0.61   16.01 MiB    609.52
    6  Softmax   0  scores[1x16x1x1472]->y[1x16x1x1472]                 0.018ms   117.760 K      0.01   92.00 KiB      5.20
    7  Softmax   1  scores[1x16x1x1472]->y[1x16x1x1472]                 0.015ms   117.760 K      0.01   92.00 KiB      6.17
    8  O         0  x[1x1x2048]+w[4096x2048]->y[1x1x4096]               0.030ms    16.777 M      0.55   16.01 MiB    553.92
    9  O         1  x[1x1x2048]+w[4096x2048]->y[1x1x4096]               0.029ms    16.777 M      0.57   16.01 MiB    571.29
   10  FFN_W1    0  x[1x1x4096]+w[5504x4096]->y[1x1x5504]               0.047ms    45.089 M      0.95   43.02 MiB    953.48
   11  FFN_W3    0  x[1x1x4096]+w[5504x4096]->y[1x1x5504]               0.042ms    45.089 M      1.07   43.02 MiB   1069.19
   12  FFN_W1    1  x[1x1x4096]+w[5504x4096]->y[1x1x5504]               0.043ms    45.089 M      1.05   43.02 MiB   1053.85
   13  FFN_W3    1  x[1x1x4096]+w[5504x4096]->y[1x1x5504]               0.043ms    45.089 M      1.06   43.02 MiB   1058.91
   14  SwiGLU    1  a[1x1x5504]+b[1x1x5504]->y[1x1x5504]                0.011ms    33.024 K      0.00   32.25 KiB      2.99
   15  FFN_W2    0  x[1x1x5504]+w[4096x5504]->y[1x1x4096]               0.046ms    45.089 M      0.98   43.02 MiB    981.09
   16  FFN_W2    1  x[1x1x5504]+w[4096x5504]->y[1x1x4096]               0.044ms    45.089 M      1.04   43.02 MiB   1036.49
[gpu-debug] segment avg latency (cuda_events): 0.451 ms
[gpu-debug] sum(per-op)               : 0.545 ms (ratio=1.210)
[gpu-debug] NOTE: sum(per-op) may differ from segment latency due to Python overhead, event/launch overhead, and allocator/cache effects.
[gpu-debug] cuda mem before warmup: alloc=400.82 MiB reserved=414.00 MiB
[gpu-debug] cuda mem after warmup : alloc=400.87 MiB reserved=414.00 MiB
[gpu-debug] cuda mem peak (this segment): max_alloc=400.91 MiB max_reserved=414.00 MiB
========================================================================================
[gpu-debug] segment_key=npu|decode|9|8bf82c38da86ca3f01938775ea2163b3
[gpu-debug] sig: device_type=npu phase=decode step=9 (count_hint=32)
[gpu-debug] ops_repr: Q:0,Q:1,K:0,K:1,V:0,V:1,Softmax:0,Softmax:1,O:0,O:1,FFN_W1:0,FFN_W3:0,FFN_W1:1,FFN_W3:1,SwiGLU:1,FFN_W2:0,FFN_W2:1
[gpu-debug] cfg: device=cuda dtype=torch.bfloat16 batch=1 dim=4096 ffn_dim=11008 n_heads=32 shards=2
[gpu-debug] op plan (with inferred tensor shapes):
  - op#00  op=Q        shard=0   x=[1x1x4096] + w=[2048x4096]  ->  y=[1x1x2048]  (T=1, K=1536)
  - op#01  op=Q        shard=1   x=[1x1x4096] + w=[2048x4096]  ->  y=[1x1x2048]  (T=1, K=1536)
  - op#02  op=K        shard=0   x=[1x1x4096] + w=[2048x4096]  ->  y=[1x1x2048]  (T=1, K=1536)
  - op#03  op=K        shard=1   x=[1x1x4096] + w=[2048x4096]  ->  y=[1x1x2048]  (T=1, K=1536)
  - op#04  op=V        shard=0   x=[1x1x4096] + w=[2048x4096]  ->  y=[1x1x2048]  (T=1, K=1536)
  - op#05  op=V        shard=1   x=[1x1x4096] + w=[2048x4096]  ->  y=[1x1x2048]  (T=1, K=1536)
  - op#06  op=Softmax  shard=0   scores=[1x16x1x1536]  ->  y=[1x16x1x1536]  (T=1, K=1536)
  - op#07  op=Softmax  shard=1   scores=[1x16x1x1536]  ->  y=[1x16x1x1536]  (T=1, K=1536)
  - op#08  op=O        shard=0   x=[1x1x2048] + w=[4096x2048]  ->  y=[1x1x4096]  (T=1, K=1536)
  - op#09  op=O        shard=1   x=[1x1x2048] + w=[4096x2048]  ->  y=[1x1x4096]  (T=1, K=1536)
  - op#10  op=FFN_W1   shard=0   x=[1x1x4096] + w=[5504x4096]  ->  y=[1x1x5504]  (T=1, K=1536)
  - op#11  op=FFN_W3   shard=0   x=[1x1x4096] + w=[5504x4096]  ->  y=[1x1x5504]  (T=1, K=1536)
  - op#12  op=FFN_W1   shard=1   x=[1x1x4096] + w=[5504x4096]  ->  y=[1x1x5504]  (T=1, K=1536)
  - op#13  op=FFN_W3   shard=1   x=[1x1x4096] + w=[5504x4096]  ->  y=[1x1x5504]  (T=1, K=1536)
  - op#14  op=SwiGLU   shard=1   a=[1x1x5504] + b=[1x1x5504]  ->  y=[1x1x5504]  (T=1, K=1536)
  - op#15  op=FFN_W2   shard=0   x=[1x1x5504] + w=[4096x5504]  ->  y=[1x1x4096]  (T=1, K=1536)
  - op#16  op=FFN_W2   shard=1   x=[1x1x5504] + w=[4096x5504]  ->  y=[1x1x4096]  (T=1, K=1536)
[gpu-debug] per-op timing breakdown (avg over iters):
  idx  op       sh  io                                                    time   est_flops    TFLOPs       bytes      GB/s
  ------------------------------------------------------------------------------------------------------------------------
    0  Q         0  x[1x1x4096]+w[2048x4096]->y[1x1x2048]               0.038ms    16.777 M      0.44   16.01 MiB    439.57
    1  Q         1  x[1x1x4096]+w[2048x4096]->y[1x1x2048]               0.030ms    16.777 M      0.56   16.01 MiB    565.38
    2  K         0  x[1x1x4096]+w[2048x4096]->y[1x1x2048]               0.028ms    16.777 M      0.60   16.01 MiB    605.02
    3  K         1  x[1x1x4096]+w[2048x4096]->y[1x1x2048]               0.027ms    16.777 M      0.63   16.01 MiB    630.62
    4  V         0  x[1x1x4096]+w[2048x4096]->y[1x1x2048]               0.028ms    16.777 M      0.60   16.01 MiB    605.02
    5  V         1  x[1x1x4096]+w[2048x4096]->y[1x1x2048]               0.028ms    16.777 M      0.61   16.01 MiB    607.26
    6  Softmax   0  scores[1x16x1x1536]->y[1x16x1x1536]                 0.019ms   122.880 K      0.01   96.00 KiB      5.27
    7  Softmax   1  scores[1x16x1x1536]->y[1x16x1x1536]                 0.015ms   122.880 K      0.01   96.00 KiB      6.40
    8  O         0  x[1x1x2048]+w[4096x2048]->y[1x1x4096]               0.029ms    16.777 M      0.57   16.01 MiB    569.31
    9  O         1  x[1x1x2048]+w[4096x2048]->y[1x1x4096]               0.029ms    16.777 M      0.57   16.01 MiB    569.31
   10  FFN_W1    0  x[1x1x4096]+w[5504x4096]->y[1x1x5504]               0.048ms    45.089 M      0.95   43.02 MiB    949.37
   11  FFN_W3    0  x[1x1x4096]+w[5504x4096]->y[1x1x5504]               0.043ms    45.089 M      1.06   43.02 MiB   1058.91
   12  FFN_W1    1  x[1x1x4096]+w[5504x4096]->y[1x1x5504]               0.043ms    45.089 M      1.05   43.02 MiB   1053.85
   13  FFN_W3    1  x[1x1x4096]+w[5504x4096]->y[1x1x5504]               0.042ms    45.089 M      1.07   43.02 MiB   1069.19
   14  SwiGLU    1  a[1x1x5504]+b[1x1x5504]->y[1x1x5504]                0.012ms    33.024 K      0.00   32.25 KiB      2.83
   15  FFN_W2    0  x[1x1x5504]+w[4096x5504]->y[1x1x4096]               0.044ms    45.089 M      1.03   43.02 MiB   1031.63
   16  FFN_W2    1  x[1x1x5504]+w[4096x5504]->y[1x1x4096]               0.044ms    45.089 M      1.02   43.02 MiB   1024.44
[gpu-debug] segment avg latency (cuda_events): 0.452 ms
[gpu-debug] sum(per-op)               : 0.545 ms (ratio=1.206)
[gpu-debug] NOTE: sum(per-op) may differ from segment latency due to Python overhead, event/launch overhead, and allocator/cache effects.
[gpu-debug] cuda mem before warmup: alloc=400.87 MiB reserved=414.00 MiB
[gpu-debug] cuda mem after warmup : alloc=400.91 MiB reserved=414.00 MiB
[gpu-debug] cuda mem peak (this segment): max_alloc=400.96 MiB max_reserved=414.00 MiB
========================================================================================
[gpu-debug] segment_key=npu|prefill|-1|0dcd1718e40c0ca622f960dfe34b1859
[gpu-debug] sig: device_type=npu phase=prefill step=-1 (count_hint=32)
[gpu-debug] ops_repr: LN:-1,Q:0,Q:1,K:0,K:1,V:0,V:1,QK:0,QK:1,Softmax:0,Softmax:1,SV:0,SV:1,O:0,O:1,Add:-1,LN:-1,FFN_W1:0,FFN_W3:0,FFN_W1:1,FFN_W3:1,SwiGLU:0,SwiGLU:1,FFN_W2:0,FFN_W2:1,Add:-1
[gpu-debug] cfg: device=cuda dtype=torch.bfloat16 batch=1 dim=4096 ffn_dim=11008 n_heads=32 shards=2
[gpu-debug] op plan (with inferred tensor shapes):
  - op#00  op=LN       shard=-1  x=[1x1024x4096] + w=[4096]  ->  y=[1x1024x4096]  (T=1024, K=1024)
  - op#01  op=Q        shard=0   x=[1x1024x4096] + w=[2048x4096]  ->  y=[1x1024x2048]  (T=1024, K=1024)
  - op#02  op=Q        shard=1   x=[1x1024x4096] + w=[2048x4096]  ->  y=[1x1024x2048]  (T=1024, K=1024)
  - op#03  op=K        shard=0   x=[1x1024x4096] + w=[2048x4096]  ->  y=[1x1024x2048]  (T=1024, K=1024)
  - op#04  op=K        shard=1   x=[1x1024x4096] + w=[2048x4096]  ->  y=[1x1024x2048]  (T=1024, K=1024)
  - op#05  op=V        shard=0   x=[1x1024x4096] + w=[2048x4096]  ->  y=[1x1024x2048]  (T=1024, K=1024)
  - op#06  op=V        shard=1   x=[1x1024x4096] + w=[2048x4096]  ->  y=[1x1024x2048]  (T=1024, K=1024)
  - op#07  op=QK       shard=0   q=[1x16x1024x128] + k=[1x16x128x1024]  ->  y=[1x16x1024x1024]  (T=1024, K=1024)
  - op#08  op=QK       shard=1   q=[1x16x1024x128] + k=[1x16x128x1024]  ->  y=[1x16x1024x1024]  (T=1024, K=1024)
  - op#09  op=Softmax  shard=0   scores=[1x16x1024x1024]  ->  y=[1x16x1024x1024]  (T=1024, K=1024)
  - op#10  op=Softmax  shard=1   scores=[1x16x1024x1024]  ->  y=[1x16x1024x1024]  (T=1024, K=1024)
  - op#11  op=SV       shard=0   p=[1x16x1024x1024] + v=[1x16x1024x128]  ->  y=[1x16x1024x128]  (T=1024, K=1024)
  - op#12  op=SV       shard=1   p=[1x16x1024x1024] + v=[1x16x1024x128]  ->  y=[1x16x1024x128]  (T=1024, K=1024)
  - op#13  op=O        shard=0   x=[1x1024x2048] + w=[4096x2048]  ->  y=[1x1024x4096]  (T=1024, K=1024)
  - op#14  op=O        shard=1   x=[1x1024x2048] + w=[4096x2048]  ->  y=[1x1024x4096]  (T=1024, K=1024)
  - op#15  op=Add      shard=-1  a=[1x1024x4096] + b=[1x1024x4096]  ->  y=[1x1024x4096]  (T=1024, K=1024)
  - op#16  op=LN       shard=-1  x=[1x1024x4096] + w=[4096]  ->  y=[1x1024x4096]  (T=1024, K=1024)
  - op#17  op=FFN_W1   shard=0   x=[1x1024x4096] + w=[5504x4096]  ->  y=[1x1024x5504]  (T=1024, K=1024)
  - op#18  op=FFN_W3   shard=0   x=[1x1024x4096] + w=[5504x4096]  ->  y=[1x1024x5504]  (T=1024, K=1024)
  - op#19  op=FFN_W1   shard=1   x=[1x1024x4096] + w=[5504x4096]  ->  y=[1x1024x5504]  (T=1024, K=1024)
  - op#20  op=FFN_W3   shard=1   x=[1x1024x4096] + w=[5504x4096]  ->  y=[1x1024x5504]  (T=1024, K=1024)
  - op#21  op=SwiGLU   shard=0   a=[1x1024x5504] + b=[1x1024x5504]  ->  y=[1x1024x5504]  (T=1024, K=1024)
  - op#22  op=SwiGLU   shard=1   a=[1x1024x5504] + b=[1x1024x5504]  ->  y=[1x1024x5504]  (T=1024, K=1024)
  - op#23  op=FFN_W2   shard=0   x=[1x1024x5504] + w=[4096x5504]  ->  y=[1x1024x4096]  (T=1024, K=1024)
  - op#24  op=FFN_W2   shard=1   x=[1x1024x5504] + w=[4096x5504]  ->  y=[1x1024x4096]  (T=1024, K=1024)
  - op#25  op=Add      shard=-1  a=[1x1024x4096] + b=[1x1024x4096]  ->  y=[1x1024x4096]  (T=1024, K=1024)
[gpu-debug] per-op timing breakdown (avg over iters):
  idx  op       sh  io                                                    time   est_flops    TFLOPs       bytes      GB/s
  ------------------------------------------------------------------------------------------------------------------------
    0  LN       -1  x[1x1024x4096]+w[4096]->y[1x1024x4096]              0.089ms    20.972 M      0.23   16.01 MiB    187.98
    1  Q         0  x[1x1024x4096]+w[2048x4096]->y[1x1024x2048]         0.113ms    17.180 G    152.38   28.00 MiB    260.42
    2  Q         1  x[1x1024x4096]+w[2048x4096]->y[1x1024x2048]         0.104ms    17.180 G    164.81   28.00 MiB    281.65
    3  K         0  x[1x1024x4096]+w[2048x4096]->y[1x1024x2048]         0.105ms    17.180 G    164.32   28.00 MiB    280.82
    4  K         1  x[1x1024x4096]+w[2048x4096]->y[1x1024x2048]         0.104ms    17.180 G    165.29   28.00 MiB    282.48
    5  V         0  x[1x1024x4096]+w[2048x4096]->y[1x1024x2048]         0.104ms    17.180 G    165.62   28.00 MiB    283.04
    6  V         1  x[1x1024x4096]+w[2048x4096]->y[1x1024x2048]         0.104ms    17.180 G    165.13   28.00 MiB    282.20
    7  QK        0  q[1x16x1024x128]+k[1x16x128x1024]->y[1x16x1...      0.110ms     4.295 G     39.20   40.00 MiB    382.80
    8  QK        1  q[1x16x1024x128]+k[1x16x128x1024]->y[1x16x1...      0.112ms     4.295 G     38.41   40.00 MiB    375.09
    9  Softmax   0  scores[1x16x1024x1024]->y[1x16x1024x1024]           0.073ms    83.886 M      1.15   64.00 MiB    920.45
   10  Softmax   1  scores[1x16x1024x1024]->y[1x16x1024x1024]           0.070ms    83.886 M      1.20   64.00 MiB    959.53
   11  SV        0  p[1x16x1024x1024]+v[1x16x1024x128]->y[1x16x...      0.058ms     4.295 G     74.37   40.00 MiB    726.24
   12  SV        1  p[1x16x1024x1024]+v[1x16x1024x128]->y[1x16x...      0.052ms     4.295 G     82.73   40.00 MiB    807.89
   13  O         0  x[1x1024x2048]+w[4096x2048]->y[1x1024x4096]         0.127ms    17.180 G    135.74   28.00 MiB    231.97
   14  O         1  x[1x1024x2048]+w[4096x2048]->y[1x1024x4096]         0.126ms    17.180 G    136.62   28.00 MiB    233.49
   15  Add      -1  a[1x1024x4096]+b[1x1024x4096]->y[1x1024x4096]       0.013ms     4.194 M      0.33   24.00 MiB   1950.48
   16  LN       -1  x[1x1024x4096]+w[4096]->y[1x1024x4096]              0.071ms    20.972 M      0.29   16.01 MiB    235.86
   17  FFN_W1    0  x[1x1024x4096]+w[5504x4096]->y[1x1024x5504]         0.233ms    46.171 G    197.76   61.75 MiB    277.33
   18  FFN_W3    0  x[1x1024x4096]+w[5504x4096]->y[1x1024x5504]         0.233ms    46.171 G    197.93   61.75 MiB    277.58
   19  FFN_W1    1  x[1x1024x4096]+w[5504x4096]->y[1x1024x5504]         0.233ms    46.171 G    197.84   61.75 MiB    277.46
   20  FFN_W3    1  x[1x1024x4096]+w[5504x4096]->y[1x1024x5504]         0.234ms    46.171 G    197.41   61.75 MiB    276.85
   21  SwiGLU    0  a[1x1024x5504]+b[1x1024x5504]->y[1x1024x5504]       0.032ms    33.817 M      1.07   32.25 MiB   1068.74
   22  SwiGLU    1  a[1x1024x5504]+b[1x1024x5504]->y[1x1024x5504]       0.034ms    33.817 M      1.00   32.25 MiB   1003.77
   23  FFN_W2    0  x[1x1024x5504]+w[4096x5504]->y[1x1024x4096]         0.307ms    46.171 G    150.60   61.75 MiB    211.20
   24  FFN_W2    1  x[1x1024x5504]+w[4096x5504]->y[1x1024x4096]         0.307ms    46.171 G    150.60   61.75 MiB    211.20
   25  Add      -1  a[1x1024x4096]+b[1x1024x4096]->y[1x1024x4096]       0.014ms     4.194 M      0.29   24.00 MiB   1768.06
[gpu-debug] segment avg latency (cuda_events): 3.332 ms
[gpu-debug] sum(per-op)               : 3.160 ms (ratio=0.948)
[gpu-debug] NOTE: sum(per-op) may differ from segment latency due to Python overhead, event/launch overhead, and allocator/cache effects.
[gpu-debug] cuda mem before warmup: alloc=400.91 MiB reserved=414.00 MiB
[gpu-debug] cuda mem after warmup : alloc=463.67 MiB reserved=574.00 MiB
[gpu-debug] cuda mem peak (this segment): max_alloc=527.67 MiB max_reserved=574.00 MiB
  progress 18/18
