[run-gpu] tasks=6 warmup=3 iters=10 device=cuda dtype=bf16 batch=1 segment_scope=layer
[run-gpu] GPU[0] NVIDIA A100-PCIE-40GB; SM=108, CC=8.0
[run-gpu] nvidia-smi -L: GPU 0: NVIDIA A100-PCIE-40GB (UUID: GPU-4cd2dd8b-d779-5b24-29b5-80b860f437dd)
[run-gpu] nvidia-smi query: NVIDIA A100-PCIE-40GB, GPU-4cd2dd8b-d779-5b24-29b5-80b860f437dd, 560.35.03, 40960
[run-gpu][debug] torch_default_dtype=torch.float32
[run-gpu][debug] torch.backends.cuda.matmul.allow_tf32=False
[run-gpu][debug] cudnn.enabled=True benchmark=False deterministic=False allow_tf32=True
[run-gpu][debug] nvidia-smi snapshot: 0, 0, 0, 4, 40960, 35, 34.57, 250.00
========================================================================================
[gpu-debug] segment_key=npu|decode|0|48322b0ab0207f84448cb08e6eac5594
[gpu-debug] sig: device_type=npu phase=decode step=0 (count_hint=32)
[gpu-debug] ops_repr: LN:-1,QK:0,QK:1,Softmax:0,Softmax:1,SV:0,SV:1,Add:-1,LN:-1,SwiGLU:0,SwiGLU:1,Add:-1
[gpu-debug] cfg: device=cuda dtype=torch.bfloat16 batch=1 dim=4096 ffn_dim=11008 n_heads=32 shards=2
[gpu-debug] op plan (with inferred tensor shapes):
  - op#00  op=LN       shard=-1  x=[1x1x4096] + w=[4096]  ->  y=[1x1x4096]  (T=1, K=1025)
  - op#01  op=QK       shard=0   q=[1x16x1x128] + k=[1x16x128x1025]  ->  y=[1x16x1x1025]  (T=1, K=1025)
  - op#02  op=QK       shard=1   q=[1x16x1x128] + k=[1x16x128x1025]  ->  y=[1x16x1x1025]  (T=1, K=1025)
  - op#03  op=Softmax  shard=0   scores=[1x16x1x1025]  ->  y=[1x16x1x1025]  (T=1, K=1025)
  - op#04  op=Softmax  shard=1   scores=[1x16x1x1025]  ->  y=[1x16x1x1025]  (T=1, K=1025)
  - op#05  op=SV       shard=0   p=[1x16x1x1025] + v=[1x16x1025x128]  ->  y=[1x16x1x128]  (T=1, K=1025)
  - op#06  op=SV       shard=1   p=[1x16x1x1025] + v=[1x16x1025x128]  ->  y=[1x16x1x128]  (T=1, K=1025)
  - op#07  op=Add      shard=-1  a=[1x1x4096] + b=[1x1x4096]  ->  y=[1x1x4096]  (T=1, K=1025)
  - op#08  op=LN       shard=-1  x=[1x1x4096] + w=[4096]  ->  y=[1x1x4096]  (T=1, K=1025)
  - op#09  op=SwiGLU   shard=0   a=[1x1x5504] + b=[1x1x5504]  ->  y=[1x1x5504]  (T=1, K=1025)
  - op#10  op=SwiGLU   shard=1   a=[1x1x5504] + b=[1x1x5504]  ->  y=[1x1x5504]  (T=1, K=1025)
  - op#11  op=Add      shard=-1  a=[1x1x4096] + b=[1x1x4096]  ->  y=[1x1x4096]  (T=1, K=1025)
[gpu-debug] per-op timing breakdown (avg over iters):
  idx  op       sh  io                                                    time   est_flops    TFLOPs       bytes      GB/s
  ------------------------------------------------------------------------------------------------------------------------
    0  LN       -1  x[1x1x4096]+w[4096]->y[1x1x4096]                    0.062ms    20.480 K      0.00   24.00 KiB      0.39
    1  QK        0  q[1x16x1x128]+k[1x16x128x1025]->y[1x16x1x1025]      0.051ms     4.198 M      0.08    4.04 MiB     83.22
    2  QK        1  q[1x16x1x128]+k[1x16x128x1025]->y[1x16x1x1025]      0.041ms     4.198 M      0.10    4.04 MiB    102.12
    3  Softmax   0  scores[1x16x1x1025]->y[1x16x1x1025]                 0.024ms    82.000 K      0.00   64.06 KiB      2.76
    4  Softmax   1  scores[1x16x1x1025]->y[1x16x1x1025]                 0.017ms    82.000 K      0.00   64.06 KiB      3.77
    5  SV        0  p[1x16x1x1025]+v[1x16x1025x128]->y[1x16x1x128]      0.029ms     4.198 M      0.15    4.04 MiB    147.72
    6  SV        1  p[1x16x1x1025]+v[1x16x1025x128]->y[1x16x1x128]      0.028ms     4.198 M      0.15    4.04 MiB    149.32
    7  Add      -1  a[1x1x4096]+b[1x1x4096]->y[1x1x4096]                0.018ms     4.096 K      0.00   24.00 KiB      1.39
    8  LN       -1  x[1x1x4096]+w[4096]->y[1x1x4096]                    0.063ms    20.480 K      0.00   24.00 KiB      0.39
    9  SwiGLU    0  a[1x1x5504]+b[1x1x5504]->y[1x1x5504]                0.025ms    33.024 K      0.00   32.25 KiB      1.34
   10  SwiGLU    1  a[1x1x5504]+b[1x1x5504]->y[1x1x5504]                0.022ms    33.024 K      0.00   32.25 KiB      1.50
   11  Add      -1  a[1x1x4096]+b[1x1x4096]->y[1x1x4096]                0.015ms     4.096 K      0.00   24.00 KiB      1.59
[gpu-debug] segment avg latency (cuda_events): 0.265 ms
[gpu-debug] sum(per-op)               : 0.395 ms (ratio=1.492)
[gpu-debug] NOTE: sum(per-op) may differ from segment latency due to Python overhead, event/launch overhead, and allocator/cache effects.
[gpu-debug] cuda mem before warmup: alloc=0 B reserved=0 B
[gpu-debug] cuda mem after warmup : alloc=16.19 MiB reserved=22.00 MiB
[gpu-debug] cuda mem peak (this segment): max_alloc=16.26 MiB max_reserved=22.00 MiB
========================================================================================
[gpu-debug] segment_key=npu|decode|1|48322b0ab0207f84448cb08e6eac5594
[gpu-debug] sig: device_type=npu phase=decode step=1 (count_hint=32)
[gpu-debug] ops_repr: LN:-1,QK:0,QK:1,Softmax:0,Softmax:1,SV:0,SV:1,Add:-1,LN:-1,SwiGLU:0,SwiGLU:1,Add:-1
[gpu-debug] cfg: device=cuda dtype=torch.bfloat16 batch=1 dim=4096 ffn_dim=11008 n_heads=32 shards=2
[gpu-debug] op plan (with inferred tensor shapes):
  - op#00  op=LN       shard=-1  x=[1x1x4096] + w=[4096]  ->  y=[1x1x4096]  (T=1, K=1026)
  - op#01  op=QK       shard=0   q=[1x16x1x128] + k=[1x16x128x1026]  ->  y=[1x16x1x1026]  (T=1, K=1026)
  - op#02  op=QK       shard=1   q=[1x16x1x128] + k=[1x16x128x1026]  ->  y=[1x16x1x1026]  (T=1, K=1026)
  - op#03  op=Softmax  shard=0   scores=[1x16x1x1026]  ->  y=[1x16x1x1026]  (T=1, K=1026)
  - op#04  op=Softmax  shard=1   scores=[1x16x1x1026]  ->  y=[1x16x1x1026]  (T=1, K=1026)
  - op#05  op=SV       shard=0   p=[1x16x1x1026] + v=[1x16x1026x128]  ->  y=[1x16x1x128]  (T=1, K=1026)
  - op#06  op=SV       shard=1   p=[1x16x1x1026] + v=[1x16x1026x128]  ->  y=[1x16x1x128]  (T=1, K=1026)
  - op#07  op=Add      shard=-1  a=[1x1x4096] + b=[1x1x4096]  ->  y=[1x1x4096]  (T=1, K=1026)
  - op#08  op=LN       shard=-1  x=[1x1x4096] + w=[4096]  ->  y=[1x1x4096]  (T=1, K=1026)
  - op#09  op=SwiGLU   shard=0   a=[1x1x5504] + b=[1x1x5504]  ->  y=[1x1x5504]  (T=1, K=1026)
  - op#10  op=SwiGLU   shard=1   a=[1x1x5504] + b=[1x1x5504]  ->  y=[1x1x5504]  (T=1, K=1026)
  - op#11  op=Add      shard=-1  a=[1x1x4096] + b=[1x1x4096]  ->  y=[1x1x4096]  (T=1, K=1026)
[gpu-debug] per-op timing breakdown (avg over iters):
  idx  op       sh  io                                                    time   est_flops    TFLOPs       bytes      GB/s
  ------------------------------------------------------------------------------------------------------------------------
    0  LN       -1  x[1x1x4096]+w[4096]->y[1x1x4096]                    0.062ms    20.480 K      0.00   24.00 KiB      0.39
    1  QK        0  q[1x16x1x128]+k[1x16x128x1026]->y[1x16x1x1026]      0.050ms     4.202 M      0.08    4.04 MiB     85.19
    2  QK        1  q[1x16x1x128]+k[1x16x128x1026]->y[1x16x1x1026]      0.040ms     4.202 M      0.11    4.04 MiB    106.70
    3  Softmax   0  scores[1x16x1x1026]->y[1x16x1x1026]                 0.024ms    82.080 K      0.00   64.12 KiB      2.79
    4  Softmax   1  scores[1x16x1x1026]->y[1x16x1x1026]                 0.018ms    82.080 K      0.00   64.12 KiB      3.73
    5  SV        0  p[1x16x1x1026]+v[1x16x1026x128]->y[1x16x1x128]      0.031ms     4.202 M      0.14    4.04 MiB    136.64
    6  SV        1  p[1x16x1x1026]+v[1x16x1026x128]->y[1x16x1x128]      0.029ms     4.202 M      0.14    4.04 MiB    145.78
    7  Add      -1  a[1x1x4096]+b[1x1x4096]->y[1x1x4096]                0.014ms     4.096 K      0.00   24.00 KiB      1.74
    8  LN       -1  x[1x1x4096]+w[4096]->y[1x1x4096]                    0.062ms    20.480 K      0.00   24.00 KiB      0.40
    9  SwiGLU    0  a[1x1x5504]+b[1x1x5504]->y[1x1x5504]                0.024ms    33.024 K      0.00   32.25 KiB      1.36
   10  SwiGLU    1  a[1x1x5504]+b[1x1x5504]->y[1x1x5504]                0.022ms    33.024 K      0.00   32.25 KiB      1.52
   11  Add      -1  a[1x1x4096]+b[1x1x4096]->y[1x1x4096]                0.016ms     4.096 K      0.00   24.00 KiB      1.56
[gpu-debug] segment avg latency (cuda_events): 0.257 ms
[gpu-debug] sum(per-op)               : 0.391 ms (ratio=1.525)
[gpu-debug] NOTE: sum(per-op) may differ from segment latency due to Python overhead, event/launch overhead, and allocator/cache effects.
[gpu-debug] cuda mem before warmup: alloc=16.19 MiB reserved=22.00 MiB
[gpu-debug] cuda mem after warmup : alloc=24.24 MiB reserved=42.00 MiB
[gpu-debug] cuda mem peak (this segment): max_alloc=24.31 MiB max_reserved=42.00 MiB
========================================================================================
[gpu-debug] segment_key=npu|decode|2|48322b0ab0207f84448cb08e6eac5594
[gpu-debug] sig: device_type=npu phase=decode step=2 (count_hint=32)
[gpu-debug] ops_repr: LN:-1,QK:0,QK:1,Softmax:0,Softmax:1,SV:0,SV:1,Add:-1,LN:-1,SwiGLU:0,SwiGLU:1,Add:-1
[gpu-debug] cfg: device=cuda dtype=torch.bfloat16 batch=1 dim=4096 ffn_dim=11008 n_heads=32 shards=2
[gpu-debug] op plan (with inferred tensor shapes):
  - op#00  op=LN       shard=-1  x=[1x1x4096] + w=[4096]  ->  y=[1x1x4096]  (T=1, K=1088)
  - op#01  op=QK       shard=0   q=[1x16x1x128] + k=[1x16x128x1088]  ->  y=[1x16x1x1088]  (T=1, K=1088)
  - op#02  op=QK       shard=1   q=[1x16x1x128] + k=[1x16x128x1088]  ->  y=[1x16x1x1088]  (T=1, K=1088)
  - op#03  op=Softmax  shard=0   scores=[1x16x1x1088]  ->  y=[1x16x1x1088]  (T=1, K=1088)
  - op#04  op=Softmax  shard=1   scores=[1x16x1x1088]  ->  y=[1x16x1x1088]  (T=1, K=1088)
  - op#05  op=SV       shard=0   p=[1x16x1x1088] + v=[1x16x1088x128]  ->  y=[1x16x1x128]  (T=1, K=1088)
  - op#06  op=SV       shard=1   p=[1x16x1x1088] + v=[1x16x1088x128]  ->  y=[1x16x1x128]  (T=1, K=1088)
  - op#07  op=Add      shard=-1  a=[1x1x4096] + b=[1x1x4096]  ->  y=[1x1x4096]  (T=1, K=1088)
  - op#08  op=LN       shard=-1  x=[1x1x4096] + w=[4096]  ->  y=[1x1x4096]  (T=1, K=1088)
  - op#09  op=SwiGLU   shard=0   a=[1x1x5504] + b=[1x1x5504]  ->  y=[1x1x5504]  (T=1, K=1088)
  - op#10  op=SwiGLU   shard=1   a=[1x1x5504] + b=[1x1x5504]  ->  y=[1x1x5504]  (T=1, K=1088)
  - op#11  op=Add      shard=-1  a=[1x1x4096] + b=[1x1x4096]  ->  y=[1x1x4096]  (T=1, K=1088)
[gpu-debug] per-op timing breakdown (avg over iters):
  idx  op       sh  io                                                    time   est_flops    TFLOPs       bytes      GB/s
  ------------------------------------------------------------------------------------------------------------------------
    0  LN       -1  x[1x1x4096]+w[4096]->y[1x1x4096]                    0.061ms    20.480 K      0.00   24.00 KiB      0.40
    1  QK        0  q[1x16x1x128]+k[1x16x128x1088]->y[1x16x1x1088]      0.052ms     4.456 M      0.09    4.29 MiB     85.74
    2  QK        1  q[1x16x1x128]+k[1x16x128x1088]->y[1x16x1x1088]      0.043ms     4.456 M      0.10    4.29 MiB    105.53
    3  Softmax   0  scores[1x16x1x1088]->y[1x16x1x1088]                 0.024ms    87.040 K      0.00   68.00 KiB      2.92
    4  Softmax   1  scores[1x16x1x1088]->y[1x16x1x1088]                 0.018ms    87.040 K      0.00   68.00 KiB      3.93
    5  SV        0  p[1x16x1x1088]+v[1x16x1088x128]->y[1x16x1x128]      0.029ms     4.456 M      0.15    4.29 MiB    152.43
    6  SV        1  p[1x16x1x1088]+v[1x16x1088x128]->y[1x16x1x128]      0.029ms     4.456 M      0.15    4.29 MiB    152.96
    7  Add      -1  a[1x1x4096]+b[1x1x4096]->y[1x1x4096]                0.018ms     4.096 K      0.00   24.00 KiB      1.33
    8  LN       -1  x[1x1x4096]+w[4096]->y[1x1x4096]                    0.065ms    20.480 K      0.00   24.00 KiB      0.38
    9  SwiGLU    0  a[1x1x5504]+b[1x1x5504]->y[1x1x5504]                0.024ms    33.024 K      0.00   32.25 KiB      1.37
   10  SwiGLU    1  a[1x1x5504]+b[1x1x5504]->y[1x1x5504]                0.021ms    33.024 K      0.00   32.25 KiB      1.55
   11  Add      -1  a[1x1x4096]+b[1x1x4096]->y[1x1x4096]                0.016ms     4.096 K      0.00   24.00 KiB      1.56
[gpu-debug] segment avg latency (cuda_events): 0.260 ms
[gpu-debug] sum(per-op)               : 0.401 ms (ratio=1.542)
[gpu-debug] NOTE: sum(per-op) may differ from segment latency due to Python overhead, event/launch overhead, and allocator/cache effects.
[gpu-debug] cuda mem before warmup: alloc=24.24 MiB reserved=42.00 MiB
[gpu-debug] cuda mem after warmup : alloc=32.78 MiB reserved=42.00 MiB
[gpu-debug] cuda mem peak (this segment): max_alloc=32.84 MiB max_reserved=42.00 MiB
========================================================================================
[gpu-debug] segment_key=npu|decode|3|48322b0ab0207f84448cb08e6eac5594
[gpu-debug] sig: device_type=npu phase=decode step=3 (count_hint=32)
[gpu-debug] ops_repr: LN:-1,QK:0,QK:1,Softmax:0,Softmax:1,SV:0,SV:1,Add:-1,LN:-1,SwiGLU:0,SwiGLU:1,Add:-1
[gpu-debug] cfg: device=cuda dtype=torch.bfloat16 batch=1 dim=4096 ffn_dim=11008 n_heads=32 shards=2
[gpu-debug] op plan (with inferred tensor shapes):
  - op#00  op=LN       shard=-1  x=[1x1x4096] + w=[4096]  ->  y=[1x1x4096]  (T=1, K=1152)
  - op#01  op=QK       shard=0   q=[1x16x1x128] + k=[1x16x128x1152]  ->  y=[1x16x1x1152]  (T=1, K=1152)
  - op#02  op=QK       shard=1   q=[1x16x1x128] + k=[1x16x128x1152]  ->  y=[1x16x1x1152]  (T=1, K=1152)
  - op#03  op=Softmax  shard=0   scores=[1x16x1x1152]  ->  y=[1x16x1x1152]  (T=1, K=1152)
  - op#04  op=Softmax  shard=1   scores=[1x16x1x1152]  ->  y=[1x16x1x1152]  (T=1, K=1152)
  - op#05  op=SV       shard=0   p=[1x16x1x1152] + v=[1x16x1152x128]  ->  y=[1x16x1x128]  (T=1, K=1152)
  - op#06  op=SV       shard=1   p=[1x16x1x1152] + v=[1x16x1152x128]  ->  y=[1x16x1x128]  (T=1, K=1152)
  - op#07  op=Add      shard=-1  a=[1x1x4096] + b=[1x1x4096]  ->  y=[1x1x4096]  (T=1, K=1152)
  - op#08  op=LN       shard=-1  x=[1x1x4096] + w=[4096]  ->  y=[1x1x4096]  (T=1, K=1152)
  - op#09  op=SwiGLU   shard=0   a=[1x1x5504] + b=[1x1x5504]  ->  y=[1x1x5504]  (T=1, K=1152)
  - op#10  op=SwiGLU   shard=1   a=[1x1x5504] + b=[1x1x5504]  ->  y=[1x1x5504]  (T=1, K=1152)
  - op#11  op=Add      shard=-1  a=[1x1x4096] + b=[1x1x4096]  ->  y=[1x1x4096]  (T=1, K=1152)
[gpu-debug] per-op timing breakdown (avg over iters):
  idx  op       sh  io                                                    time   est_flops    TFLOPs       bytes      GB/s
  ------------------------------------------------------------------------------------------------------------------------
    0  LN       -1  x[1x1x4096]+w[4096]->y[1x1x4096]                    0.063ms    20.480 K      0.00   24.00 KiB      0.39
    1  QK        0  q[1x16x1x128]+k[1x16x128x1152]->y[1x16x1x1152]      0.054ms     4.719 M      0.09    4.54 MiB     88.20
    2  QK        1  q[1x16x1x128]+k[1x16x128x1152]->y[1x16x1x1152]      0.042ms     4.719 M      0.11    4.54 MiB    112.82
    3  Softmax   0  scores[1x16x1x1152]->y[1x16x1x1152]                 0.024ms    92.160 K      0.00   72.00 KiB      3.08
    4  Softmax   1  scores[1x16x1x1152]->y[1x16x1x1152]                 0.018ms    92.160 K      0.01   72.00 KiB      4.14
    5  SV        0  p[1x16x1x1152]+v[1x16x1152x128]->y[1x16x1x128]      0.029ms     4.719 M      0.16    4.54 MiB    164.82
    6  SV        1  p[1x16x1x1152]+v[1x16x1152x128]->y[1x16x1x128]      0.029ms     4.719 M      0.16    4.54 MiB    161.39
    7  Add      -1  a[1x1x4096]+b[1x1x4096]->y[1x1x4096]                0.017ms     4.096 K      0.00   24.00 KiB      1.45
    8  LN       -1  x[1x1x4096]+w[4096]->y[1x1x4096]                    0.064ms    20.480 K      0.00   24.00 KiB      0.39
    9  SwiGLU    0  a[1x1x5504]+b[1x1x5504]->y[1x1x5504]                0.024ms    33.024 K      0.00   32.25 KiB      1.36
   10  SwiGLU    1  a[1x1x5504]+b[1x1x5504]->y[1x1x5504]                0.022ms    33.024 K      0.00   32.25 KiB      1.52
   11  Add      -1  a[1x1x4096]+b[1x1x4096]->y[1x1x4096]                0.016ms     4.096 K      0.00   24.00 KiB      1.58
[gpu-debug] segment avg latency (cuda_events): 0.260 ms
[gpu-debug] sum(per-op)               : 0.402 ms (ratio=1.547)
[gpu-debug] NOTE: sum(per-op) may differ from segment latency due to Python overhead, event/launch overhead, and allocator/cache effects.
[gpu-debug] cuda mem before warmup: alloc=32.78 MiB reserved=42.00 MiB
[gpu-debug] cuda mem after warmup : alloc=41.81 MiB reserved=62.00 MiB
[gpu-debug] cuda mem peak (this segment): max_alloc=41.88 MiB max_reserved=62.00 MiB
========================================================================================
[gpu-debug] segment_key=npu|decode|4|48322b0ab0207f84448cb08e6eac5594
[gpu-debug] sig: device_type=npu phase=decode step=4 (count_hint=32)
[gpu-debug] ops_repr: LN:-1,QK:0,QK:1,Softmax:0,Softmax:1,SV:0,SV:1,Add:-1,LN:-1,SwiGLU:0,SwiGLU:1,Add:-1
[gpu-debug] cfg: device=cuda dtype=torch.bfloat16 batch=1 dim=4096 ffn_dim=11008 n_heads=32 shards=2
[gpu-debug] op plan (with inferred tensor shapes):
  - op#00  op=LN       shard=-1  x=[1x1x4096] + w=[4096]  ->  y=[1x1x4096]  (T=1, K=1216)
  - op#01  op=QK       shard=0   q=[1x16x1x128] + k=[1x16x128x1216]  ->  y=[1x16x1x1216]  (T=1, K=1216)
  - op#02  op=QK       shard=1   q=[1x16x1x128] + k=[1x16x128x1216]  ->  y=[1x16x1x1216]  (T=1, K=1216)
  - op#03  op=Softmax  shard=0   scores=[1x16x1x1216]  ->  y=[1x16x1x1216]  (T=1, K=1216)
  - op#04  op=Softmax  shard=1   scores=[1x16x1x1216]  ->  y=[1x16x1x1216]  (T=1, K=1216)
  - op#05  op=SV       shard=0   p=[1x16x1x1216] + v=[1x16x1216x128]  ->  y=[1x16x1x128]  (T=1, K=1216)
  - op#06  op=SV       shard=1   p=[1x16x1x1216] + v=[1x16x1216x128]  ->  y=[1x16x1x128]  (T=1, K=1216)
  - op#07  op=Add      shard=-1  a=[1x1x4096] + b=[1x1x4096]  ->  y=[1x1x4096]  (T=1, K=1216)
  - op#08  op=LN       shard=-1  x=[1x1x4096] + w=[4096]  ->  y=[1x1x4096]  (T=1, K=1216)
  - op#09  op=SwiGLU   shard=0   a=[1x1x5504] + b=[1x1x5504]  ->  y=[1x1x5504]  (T=1, K=1216)
  - op#10  op=SwiGLU   shard=1   a=[1x1x5504] + b=[1x1x5504]  ->  y=[1x1x5504]  (T=1, K=1216)
  - op#11  op=Add      shard=-1  a=[1x1x4096] + b=[1x1x4096]  ->  y=[1x1x4096]  (T=1, K=1216)
[gpu-debug] per-op timing breakdown (avg over iters):
  idx  op       sh  io                                                    time   est_flops    TFLOPs       bytes      GB/s
  ------------------------------------------------------------------------------------------------------------------------
    0  LN       -1  x[1x1x4096]+w[4096]->y[1x1x4096]                    0.061ms    20.480 K      0.00   24.00 KiB      0.40
    1  QK        0  q[1x16x1x128]+k[1x16x128x1216]->y[1x16x1x1216]      0.053ms     4.981 M      0.09    4.79 MiB     95.63
    2  QK        1  q[1x16x1x128]+k[1x16x128x1216]->y[1x16x1x1216]      0.042ms     4.981 M      0.12    4.79 MiB    118.22
    3  Softmax   0  scores[1x16x1x1216]->y[1x16x1x1216]                 0.024ms    97.280 K      0.00   76.00 KiB      3.21
    4  Softmax   1  scores[1x16x1x1216]->y[1x16x1x1216]                 0.018ms    97.280 K      0.01   76.00 KiB      4.27
    5  SV        0  p[1x16x1x1216]+v[1x16x1216x128]->y[1x16x1x128]      0.031ms     4.981 M      0.16    4.79 MiB    164.63
    6  SV        1  p[1x16x1x1216]+v[1x16x1216x128]->y[1x16x1x128]      0.029ms     4.981 M      0.17    4.79 MiB    170.35
    7  Add      -1  a[1x1x4096]+b[1x1x4096]->y[1x1x4096]                0.015ms     4.096 K      0.00   24.00 KiB      1.63
    8  LN       -1  x[1x1x4096]+w[4096]->y[1x1x4096]                    0.064ms    20.480 K      0.00   24.00 KiB      0.39
    9  SwiGLU    0  a[1x1x5504]+b[1x1x5504]->y[1x1x5504]                0.024ms    33.024 K      0.00   32.25 KiB      1.39
   10  SwiGLU    1  a[1x1x5504]+b[1x1x5504]->y[1x1x5504]                0.023ms    33.024 K      0.00   32.25 KiB      1.45
   11  Add      -1  a[1x1x4096]+b[1x1x4096]->y[1x1x4096]                0.016ms     4.096 K      0.00   24.00 KiB      1.51
[gpu-debug] segment avg latency (cuda_events): 0.259 ms
[gpu-debug] sum(per-op)               : 0.400 ms (ratio=1.547)
[gpu-debug] NOTE: sum(per-op) may differ from segment latency due to Python overhead, event/launch overhead, and allocator/cache effects.
[gpu-debug] cuda mem before warmup: alloc=41.81 MiB reserved=62.00 MiB
[gpu-debug] cuda mem after warmup : alloc=51.35 MiB reserved=62.00 MiB
[gpu-debug] cuda mem peak (this segment): max_alloc=51.42 MiB max_reserved=62.00 MiB
========================================================================================
[gpu-debug] segment_key=npu|prefill|-1|48322b0ab0207f84448cb08e6eac5594
[gpu-debug] sig: device_type=npu phase=prefill step=-1 (count_hint=32)
[gpu-debug] ops_repr: LN:-1,QK:0,QK:1,Softmax:0,Softmax:1,SV:0,SV:1,Add:-1,LN:-1,SwiGLU:0,SwiGLU:1,Add:-1
[gpu-debug] cfg: device=cuda dtype=torch.bfloat16 batch=1 dim=4096 ffn_dim=11008 n_heads=32 shards=2
[gpu-debug] op plan (with inferred tensor shapes):
  - op#00  op=LN       shard=-1  x=[1x1024x4096] + w=[4096]  ->  y=[1x1024x4096]  (T=1024, K=1024)
  - op#01  op=QK       shard=0   q=[1x16x1024x128] + k=[1x16x128x1024]  ->  y=[1x16x1024x1024]  (T=1024, K=1024)
  - op#02  op=QK       shard=1   q=[1x16x1024x128] + k=[1x16x128x1024]  ->  y=[1x16x1024x1024]  (T=1024, K=1024)
  - op#03  op=Softmax  shard=0   scores=[1x16x1024x1024]  ->  y=[1x16x1024x1024]  (T=1024, K=1024)
  - op#04  op=Softmax  shard=1   scores=[1x16x1024x1024]  ->  y=[1x16x1024x1024]  (T=1024, K=1024)
  - op#05  op=SV       shard=0   p=[1x16x1024x1024] + v=[1x16x1024x128]  ->  y=[1x16x1024x128]  (T=1024, K=1024)
  - op#06  op=SV       shard=1   p=[1x16x1024x1024] + v=[1x16x1024x128]  ->  y=[1x16x1024x128]  (T=1024, K=1024)
  - op#07  op=Add      shard=-1  a=[1x1024x4096] + b=[1x1024x4096]  ->  y=[1x1024x4096]  (T=1024, K=1024)
  - op#08  op=LN       shard=-1  x=[1x1024x4096] + w=[4096]  ->  y=[1x1024x4096]  (T=1024, K=1024)
  - op#09  op=SwiGLU   shard=0   a=[1x1024x5504] + b=[1x1024x5504]  ->  y=[1x1024x5504]  (T=1024, K=1024)
  - op#10  op=SwiGLU   shard=1   a=[1x1024x5504] + b=[1x1024x5504]  ->  y=[1x1024x5504]  (T=1024, K=1024)
  - op#11  op=Add      shard=-1  a=[1x1024x4096] + b=[1x1024x4096]  ->  y=[1x1024x4096]  (T=1024, K=1024)
[gpu-debug] per-op timing breakdown (avg over iters):
  idx  op       sh  io                                                    time   est_flops    TFLOPs       bytes      GB/s
  ------------------------------------------------------------------------------------------------------------------------
    0  LN       -1  x[1x1024x4096]+w[4096]->y[1x1024x4096]              0.106ms    20.972 M      0.20   16.01 MiB    158.84
    1  QK        0  q[1x16x1024x128]+k[1x16x128x1024]->y[1x16x1...      0.133ms     4.295 G     32.21   40.00 MiB    314.59
    2  QK        1  q[1x16x1024x128]+k[1x16x128x1024]->y[1x16x1...      0.134ms     4.295 G     31.94   40.00 MiB    311.96
    3  Softmax   0  scores[1x16x1024x1024]->y[1x16x1024x1024]           0.089ms    83.886 M      0.95   64.00 MiB    757.64
    4  Softmax   1  scores[1x16x1024x1024]->y[1x16x1024x1024]           0.086ms    83.886 M      0.98   64.00 MiB    784.86
    5  SV        0  p[1x16x1024x1024]+v[1x16x1024x128]->y[1x16x...      0.068ms     4.295 G     62.88   40.00 MiB    614.09
    6  SV        1  p[1x16x1024x1024]+v[1x16x1024x128]->y[1x16x...      0.062ms     4.295 G     68.76   40.00 MiB    671.48
    7  Add      -1  a[1x1024x4096]+b[1x1024x4096]->y[1x1024x4096]       0.018ms     4.194 M      0.23   24.00 MiB   1404.34
    8  LN       -1  x[1x1024x4096]+w[4096]->y[1x1024x4096]              0.101ms    20.972 M      0.21   16.01 MiB    166.92
    9  SwiGLU    0  a[1x1024x5504]+b[1x1024x5504]->y[1x1024x5504]       0.044ms    33.817 M      0.77   32.25 MiB    768.00
   10  SwiGLU    1  a[1x1024x5504]+b[1x1024x5504]->y[1x1024x5504]       0.044ms    33.817 M      0.77   32.25 MiB    766.22
   11  Add      -1  a[1x1024x4096]+b[1x1024x4096]->y[1x1024x4096]       0.020ms     4.194 M      0.21   24.00 MiB   1273.37
[gpu-debug] segment avg latency (cuda_events): 0.855 ms
[gpu-debug] sum(per-op)               : 0.905 ms (ratio=1.058)
[gpu-debug] NOTE: sum(per-op) may differ from segment latency due to Python overhead, event/launch overhead, and allocator/cache effects.
[gpu-debug] cuda mem before warmup: alloc=51.35 MiB reserved=62.00 MiB
[gpu-debug] cuda mem after warmup : alloc=110.10 MiB reserved=198.00 MiB
[gpu-debug] cuda mem peak (this segment): max_alloc=174.10 MiB max_reserved=198.00 MiB
  progress 6/6
