AiM WR_GB 16 0 0xffffffff
AiM WR_BIAS 0 0xffffffff
AiM WR_BIAS 0 0xffffffff
AiM WR_BIAS 0 0xffffffff
AiM MAC_ABK 16 0xffffffff 225
AiM MAC_ABK 16 0xffffffff 228
AiM MAC_ABK 16 0xffffffff 231
AiM RD_MAC 0 0xffffffff
AiM RD_MAC 0 0xffffffff
AiM RD_MAC 0 0xffffffff
AiM WR_GB 16 0 0xffffffff
AiM WR_BIAS 0 0xffffffff
AiM WR_BIAS 0 0xffffffff
AiM WR_BIAS 0 0xffffffff
AiM MAC_ABK 16 0xffffffff 226
AiM MAC_ABK 16 0xffffffff 229
AiM MAC_ABK 16 0xffffffff 232
AiM RD_MAC 0 0xffffffff
AiM RD_MAC 0 0xffffffff
AiM RD_MAC 0 0xffffffff
AiM WR_GB 16 0 0xffffffff
AiM WR_BIAS 0 0xffffffff
AiM WR_BIAS 0 0xffffffff
AiM WR_BIAS 0 0xffffffff
AiM MAC_ABK 16 0xffffffff 227
AiM MAC_ABK 16 0xffffffff 230
AiM MAC_ABK 16 0xffffffff 233
AiM RD_MAC 0 0xffffffff
AiM RD_MAC 0 0xffffffff
AiM RD_MAC 0 0xffffffff
AiM EOC
