AiM WR_GB 16 0 0xffffffff
AiM WR_BIAS 0 0xffffffff
AiM WR_BIAS 0 0xffffffff
AiM WR_BIAS 0 0xffffffff
AiM MAC_ABK 16 0xffffffff 289
AiM MAC_ABK 16 0xffffffff 292
AiM MAC_ABK 16 0xffffffff 295
AiM RD_MAC 0 0xffffffff
AiM RD_MAC 0 0xffffffff
AiM RD_MAC 0 0xffffffff
AiM WR_GB 16 0 0xffffffff
AiM WR_BIAS 0 0xffffffff
AiM WR_BIAS 0 0xffffffff
AiM WR_BIAS 0 0xffffffff
AiM MAC_ABK 16 0xffffffff 290
AiM MAC_ABK 16 0xffffffff 293
AiM MAC_ABK 16 0xffffffff 296
AiM RD_MAC 0 0xffffffff
AiM RD_MAC 0 0xffffffff
AiM RD_MAC 0 0xffffffff
AiM WR_GB 16 0 0xffffffff
AiM WR_BIAS 0 0xffffffff
AiM WR_BIAS 0 0xffffffff
AiM WR_BIAS 0 0xffffffff
AiM MAC_ABK 16 0xffffffff 291
AiM MAC_ABK 16 0xffffffff 294
AiM MAC_ABK 16 0xffffffff 297
AiM RD_MAC 0 0xffffffff
AiM RD_MAC 0 0xffffffff
AiM RD_MAC 0 0xffffffff
AiM EOC
