================================================================================
[run-pim][debug] Using cost_model_pim_backend._get_pim_latency_via_trace
[run-pim][debug] shard_policy='fine' shards=2
[run-pim][debug] model: dim=4096 ffn_dim=11008 n_heads=32 n_kv_heads=auto->n_heads
[run-pim][debug] lengths: prefill_len=128 decode_stride=64 decode_context_lens_len=2
[run-pim][debug] pim_config=/lustre/home/2501111916/workspace/XPUPIM_0226_gpupim_parameter/TriForm/algorithms/aim_simulator/PIM_AiM.json (from pim_hw_json_path)
[run-pim][debug] ramulator_config=/lustre/home/2501111916/workspace/XPUPIM_0226_gpupim_parameter/TriForm/algorithms/aim_simulator/example.yaml
[run-pim][debug] ramulator_bin=/lustre/home/2501111916/workspace/XPUPIM_0226_gpupim_parameter/TriForm/algorithms/ramulator2 (exported as env RAMULATOR2_BIN)
[run-pim][debug] ramulator_timeout_s=3000
[run-pim][debug] cache_enabled=False
[run-pim][debug] schedule cfg.pim_freq_ghz=1.0
[run-pim][debug] cost_model config.PIM_FREQ_GHZ=1.0
================================================================================
========================================================================================
[pim-debug] segment_key=pim|decode|0|583a2f400a32ef30361deb25375d6d1d
[pim-debug] sig: device_type=pim phase=decode step=0 (count_hint=32)
[pim-debug] ops_repr: QK:1,Softmax:1,SV:1
[pim-debug] cfg: shard_policy='fine' shards=2 dim=4096 ffn_dim=11008 n_heads=32 n_kv_heads=auto->n_heads
[pim-debug] pim_config=/lustre/home/2501111916/workspace/XPUPIM_0226_gpupim_parameter/TriForm/algorithms/aim_simulator/PIM_AiM.json
[pim-debug] ramulator_config=/lustre/home/2501111916/workspace/XPUPIM_0226_gpupim_parameter/TriForm/algorithms/aim_simulator/example.yaml
[pim-debug] cost_model config.PIM_FREQ_GHZ=1.0
[pim-debug] op plan (logical shapes inferred from schedule cfg):
  - op#00  op=QK       shard=1   q=[16x1x128] + k=[16x128x129]  ->  y=[16x1x129]  (T=1, K=129)
  - op#01  op=Softmax  shard=1   scores=[16x1x129]  ->  y=[16x1x129]  (T=1, K=129)
  - op#02  op=SV       shard=1   p=[16x1x129] + v=[16x129x128]  ->  y=[16x1x128]  (T=1, K=129)
[pim-debug] NOTE: CENT(AiM) trace backend internally uses x shape (1,1,dim) and handles prefill by repeating ops;
           the table below shows the *effective parameters* passed into cost_model_pim_backend for each op.
[pim-debug] op#00 op=QK       norm=score      sh=1  dim=4096  heads=16  hd=128 q_dim=2048  kv_heads=16  kv_dim=2048  o_dim=2048  ffn_dim=5504   seqlen=129    qlen=1   cache=N lat=    0.002ms cycles≈1808
[pim-debug] op#01 op=Softmax  norm=softmax    sh=1  dim=4096  heads=16  hd=128 q_dim=2048  kv_heads=16  kv_dim=2048  o_dim=2048  ffn_dim=5504   seqlen=129    qlen=1   cache=N lat=    0.001ms cycles≈547
[pim-debug] op#02 op=SV       norm=output     sh=1  dim=4096  heads=16  hd=128 q_dim=2048  kv_heads=16  kv_dim=2048  o_dim=2048  ffn_dim=5504   seqlen=129    qlen=1   cache=N lat=    0.001ms cycles≈1426
[pim-debug] segment total latency: 0.004 ms
========================================================================================
[pim-debug] segment_key=pim|decode|0|8d3c4a27f3148da54f43fbe5a8786c55
[pim-debug] sig: device_type=pim phase=decode step=0 (count_hint=32)
[pim-debug] ops_repr: QK:0,Softmax:0,SV:0
[pim-debug] cfg: shard_policy='fine' shards=2 dim=4096 ffn_dim=11008 n_heads=32 n_kv_heads=auto->n_heads
[pim-debug] pim_config=/lustre/home/2501111916/workspace/XPUPIM_0226_gpupim_parameter/TriForm/algorithms/aim_simulator/PIM_AiM.json
[pim-debug] ramulator_config=/lustre/home/2501111916/workspace/XPUPIM_0226_gpupim_parameter/TriForm/algorithms/aim_simulator/example.yaml
[pim-debug] cost_model config.PIM_FREQ_GHZ=1.0
[pim-debug] op plan (logical shapes inferred from schedule cfg):
  - op#00  op=QK       shard=0   q=[16x1x128] + k=[16x128x129]  ->  y=[16x1x129]  (T=1, K=129)
  - op#01  op=Softmax  shard=0   scores=[16x1x129]  ->  y=[16x1x129]  (T=1, K=129)
  - op#02  op=SV       shard=0   p=[16x1x129] + v=[16x129x128]  ->  y=[16x1x128]  (T=1, K=129)
[pim-debug] NOTE: CENT(AiM) trace backend internally uses x shape (1,1,dim) and handles prefill by repeating ops;
           the table below shows the *effective parameters* passed into cost_model_pim_backend for each op.
[pim-debug] op#00 op=QK       norm=score      sh=0  dim=4096  heads=16  hd=128 q_dim=2048  kv_heads=16  kv_dim=2048  o_dim=2048  ffn_dim=5504   seqlen=129    qlen=1   cache=N lat=    0.002ms cycles≈1808
[pim-debug] op#01 op=Softmax  norm=softmax    sh=0  dim=4096  heads=16  hd=128 q_dim=2048  kv_heads=16  kv_dim=2048  o_dim=2048  ffn_dim=5504   seqlen=129    qlen=1   cache=N lat=    0.001ms cycles≈547
[pim-debug] op#02 op=SV       norm=output     sh=0  dim=4096  heads=16  hd=128 q_dim=2048  kv_heads=16  kv_dim=2048  o_dim=2048  ffn_dim=5504   seqlen=129    qlen=1   cache=N lat=    0.001ms cycles≈1426
[pim-debug] segment total latency: 0.004 ms
========================================================================================
[pim-debug] segment_key=pim|decode|1|583a2f400a32ef30361deb25375d6d1d
[pim-debug] sig: device_type=pim phase=decode step=1 (count_hint=32)
[pim-debug] ops_repr: QK:1,Softmax:1,SV:1
[pim-debug] cfg: shard_policy='fine' shards=2 dim=4096 ffn_dim=11008 n_heads=32 n_kv_heads=auto->n_heads
[pim-debug] pim_config=/lustre/home/2501111916/workspace/XPUPIM_0226_gpupim_parameter/TriForm/algorithms/aim_simulator/PIM_AiM.json
[pim-debug] ramulator_config=/lustre/home/2501111916/workspace/XPUPIM_0226_gpupim_parameter/TriForm/algorithms/aim_simulator/example.yaml
[pim-debug] cost_model config.PIM_FREQ_GHZ=1.0
[pim-debug] op plan (logical shapes inferred from schedule cfg):
  - op#00  op=QK       shard=1   q=[16x1x128] + k=[16x128x130]  ->  y=[16x1x130]  (T=1, K=130)
  - op#01  op=Softmax  shard=1   scores=[16x1x130]  ->  y=[16x1x130]  (T=1, K=130)
  - op#02  op=SV       shard=1   p=[16x1x130] + v=[16x130x128]  ->  y=[16x1x128]  (T=1, K=130)
[pim-debug] NOTE: CENT(AiM) trace backend internally uses x shape (1,1,dim) and handles prefill by repeating ops;
           the table below shows the *effective parameters* passed into cost_model_pim_backend for each op.
[pim-debug] op#00 op=QK       norm=score      sh=1  dim=4096  heads=16  hd=128 q_dim=2048  kv_heads=16  kv_dim=2048  o_dim=2048  ffn_dim=5504   seqlen=130    qlen=1   cache=N lat=    0.002ms cycles≈1808
[pim-debug] op#01 op=Softmax  norm=softmax    sh=1  dim=4096  heads=16  hd=128 q_dim=2048  kv_heads=16  kv_dim=2048  o_dim=2048  ffn_dim=5504   seqlen=130    qlen=1   cache=N lat=    0.001ms cycles≈547
[pim-debug] op#02 op=SV       norm=output     sh=1  dim=4096  heads=16  hd=128 q_dim=2048  kv_heads=16  kv_dim=2048  o_dim=2048  ffn_dim=5504   seqlen=130    qlen=1   cache=N lat=    0.001ms cycles≈1426
[pim-debug] segment total latency: 0.004 ms
========================================================================================
[pim-debug] segment_key=pim|decode|1|8d3c4a27f3148da54f43fbe5a8786c55
[pim-debug] sig: device_type=pim phase=decode step=1 (count_hint=32)
[pim-debug] ops_repr: QK:0,Softmax:0,SV:0
[pim-debug] cfg: shard_policy='fine' shards=2 dim=4096 ffn_dim=11008 n_heads=32 n_kv_heads=auto->n_heads
[pim-debug] pim_config=/lustre/home/2501111916/workspace/XPUPIM_0226_gpupim_parameter/TriForm/algorithms/aim_simulator/PIM_AiM.json
[pim-debug] ramulator_config=/lustre/home/2501111916/workspace/XPUPIM_0226_gpupim_parameter/TriForm/algorithms/aim_simulator/example.yaml
[pim-debug] cost_model config.PIM_FREQ_GHZ=1.0
[pim-debug] op plan (logical shapes inferred from schedule cfg):
  - op#00  op=QK       shard=0   q=[16x1x128] + k=[16x128x130]  ->  y=[16x1x130]  (T=1, K=130)
  - op#01  op=Softmax  shard=0   scores=[16x1x130]  ->  y=[16x1x130]  (T=1, K=130)
  - op#02  op=SV       shard=0   p=[16x1x130] + v=[16x130x128]  ->  y=[16x1x128]  (T=1, K=130)
[pim-debug] NOTE: CENT(AiM) trace backend internally uses x shape (1,1,dim) and handles prefill by repeating ops;
           the table below shows the *effective parameters* passed into cost_model_pim_backend for each op.
[pim-debug] op#00 op=QK       norm=score      sh=0  dim=4096  heads=16  hd=128 q_dim=2048  kv_heads=16  kv_dim=2048  o_dim=2048  ffn_dim=5504   seqlen=130    qlen=1   cache=N lat=    0.002ms cycles≈1808
[pim-debug] op#01 op=Softmax  norm=softmax    sh=0  dim=4096  heads=16  hd=128 q_dim=2048  kv_heads=16  kv_dim=2048  o_dim=2048  ffn_dim=5504   seqlen=130    qlen=1   cache=N lat=    0.001ms cycles≈547
[pim-debug] op#02 op=SV       norm=output     sh=0  dim=4096  heads=16  hd=128 q_dim=2048  kv_heads=16  kv_dim=2048  o_dim=2048  ffn_dim=5504   seqlen=130    qlen=1   cache=N lat=    0.001ms cycles≈1426
[pim-debug] segment total latency: 0.004 ms
