AiM WR_GB 8 0 0xffffffff
AiM WR_BIAS 0 0xffffffff
AiM MAC_ABK 8 0xffffffff 45
AiM RD_MAC 0 0xffffffff
AiM WR_BIAS 0 0xffffffff
AiM MAC_ABK 8 0xffffffff 61
AiM RD_MAC 0 0xffffffff
AiM WR_BIAS 0 0xffffffff
AiM MAC_ABK 8 0xffffffff 77
AiM RD_MAC 0 0xffffffff
AiM WR_BIAS 0 0xffffffff
AiM MAC_ABK 8 0xffffffff 93
AiM RD_MAC 0 0xffffffff
AiM WR_BIAS 0 0xffffffff
AiM MAC_ABK 8 0xffffffff 109
AiM RD_MAC 0 0xffffffff
AiM WR_BIAS 0 0xffffffff
AiM MAC_ABK 8 0xffffffff 125
AiM RD_MAC 0 0xffffffff
AiM WR_BIAS 0 0xffffffff
AiM MAC_ABK 8 0xffffffff 141
AiM RD_MAC 0 0xffffffff
AiM WR_BIAS 0 0xffffffff
AiM MAC_ABK 8 0xffffffff 157
AiM RD_MAC 0 0xffffffff
AiM WR_GB 8 0 0xffffffff
AiM WR_BIAS 0 0xffffffff
AiM MAC_ABK 8 0xffffffff 45
AiM RD_MAC 0 0xffffffff
AiM WR_BIAS 0 0xffffffff
AiM MAC_ABK 8 0xffffffff 61
AiM RD_MAC 0 0xffffffff
AiM WR_BIAS 0 0xffffffff
AiM MAC_ABK 8 0xffffffff 77
AiM RD_MAC 0 0xffffffff
AiM WR_BIAS 0 0xffffffff
AiM MAC_ABK 8 0xffffffff 93
AiM RD_MAC 0 0xffffffff
AiM WR_BIAS 0 0xffffffff
AiM MAC_ABK 8 0xffffffff 109
AiM RD_MAC 0 0xffffffff
AiM WR_BIAS 0 0xffffffff
AiM MAC_ABK 8 0xffffffff 125
AiM RD_MAC 0 0xffffffff
AiM WR_BIAS 0 0xffffffff
AiM MAC_ABK 8 0xffffffff 141
AiM RD_MAC 0 0xffffffff
AiM WR_BIAS 0 0xffffffff
AiM MAC_ABK 8 0xffffffff 157
AiM RD_MAC 0 0xffffffff
AiM WR_GB 8 0 0xffffffff
AiM WR_BIAS 0 0xffffffff
AiM MAC_ABK 8 0xffffffff 45
AiM RD_MAC 0 0xffffffff
AiM WR_BIAS 0 0xffffffff
AiM MAC_ABK 8 0xffffffff 61
AiM RD_MAC 0 0xffffffff
AiM WR_BIAS 0 0xffffffff
AiM MAC_ABK 8 0xffffffff 77
AiM RD_MAC 0 0xffffffff
AiM WR_BIAS 0 0xffffffff
AiM MAC_ABK 8 0xffffffff 93
AiM RD_MAC 0 0xffffffff
AiM WR_BIAS 0 0xffffffff
AiM MAC_ABK 8 0xffffffff 109
AiM RD_MAC 0 0xffffffff
AiM WR_BIAS 0 0xffffffff
AiM MAC_ABK 8 0xffffffff 125
AiM RD_MAC 0 0xffffffff
AiM WR_BIAS 0 0xffffffff
AiM MAC_ABK 8 0xffffffff 141
AiM RD_MAC 0 0xffffffff
AiM WR_BIAS 0 0xffffffff
AiM MAC_ABK 8 0xffffffff 157
AiM RD_MAC 0 0xffffffff
AiM WR_GB 8 0 0xffffffff
AiM WR_BIAS 0 0xffffffff
AiM MAC_ABK 8 0xffffffff 45
AiM RD_MAC 0 0xffffffff
AiM WR_BIAS 0 0xffffffff
AiM MAC_ABK 8 0xffffffff 61
AiM RD_MAC 0 0xffffffff
AiM WR_BIAS 0 0xffffffff
AiM MAC_ABK 8 0xffffffff 77
AiM RD_MAC 0 0xffffffff
AiM WR_BIAS 0 0xffffffff
AiM MAC_ABK 8 0xffffffff 93
AiM RD_MAC 0 0xffffffff
AiM WR_BIAS 0 0xffffffff
AiM MAC_ABK 8 0xffffffff 109
AiM RD_MAC 0 0xffffffff
AiM WR_BIAS 0 0xffffffff
AiM MAC_ABK 8 0xffffffff 125
AiM RD_MAC 0 0xffffffff
AiM WR_BIAS 0 0xffffffff
AiM MAC_ABK 8 0xffffffff 141
AiM RD_MAC 0 0xffffffff
AiM WR_BIAS 0 0xffffffff
AiM MAC_ABK 8 0xffffffff 157
AiM RD_MAC 0 0xffffffff
AiM WR_GB 16 0 0xffffffff
AiM WR_BIAS 0 0xffffffff
AiM MAC_ABK 16 0xffffffff 45
AiM RD_MAC 0 0xffffffff
AiM WR_BIAS 0 0xffffffff
AiM MAC_ABK 16 0xffffffff 61
AiM RD_MAC 0 0xffffffff
AiM WR_BIAS 0 0xffffffff
AiM MAC_ABK 16 0xffffffff 77
AiM RD_MAC 0 0xffffffff
AiM WR_BIAS 0 0xffffffff
AiM MAC_ABK 16 0xffffffff 93
AiM RD_MAC 0 0xffffffff
AiM WR_BIAS 0 0xffffffff
AiM MAC_ABK 16 0xffffffff 109
AiM RD_MAC 0 0xffffffff
AiM WR_BIAS 0 0xffffffff
AiM MAC_ABK 16 0xffffffff 125
AiM RD_MAC 0 0xffffffff
AiM WR_BIAS 0 0xffffffff
AiM MAC_ABK 16 0xffffffff 141
AiM RD_MAC 0 0xffffffff
AiM WR_BIAS 0 0xffffffff
AiM MAC_ABK 16 0xffffffff 157
AiM RD_MAC 0 0xffffffff
AiM WR_GB 16 0 0xffffffff
AiM WR_BIAS 0 0xffffffff
AiM MAC_ABK 16 0xffffffff 45
AiM RD_MAC 0 0xffffffff
AiM WR_BIAS 0 0xffffffff
AiM MAC_ABK 16 0xffffffff 61
AiM RD_MAC 0 0xffffffff
AiM WR_BIAS 0 0xffffffff
AiM MAC_ABK 16 0xffffffff 77
AiM RD_MAC 0 0xffffffff
AiM WR_BIAS 0 0xffffffff
AiM MAC_ABK 16 0xffffffff 93
AiM RD_MAC 0 0xffffffff
AiM WR_BIAS 0 0xffffffff
AiM MAC_ABK 16 0xffffffff 109
AiM RD_MAC 0 0xffffffff
AiM WR_BIAS 0 0xffffffff
AiM MAC_ABK 16 0xffffffff 125
AiM RD_MAC 0 0xffffffff
AiM WR_BIAS 0 0xffffffff
AiM MAC_ABK 16 0xffffffff 141
AiM RD_MAC 0 0xffffffff
AiM WR_BIAS 0 0xffffffff
AiM MAC_ABK 16 0xffffffff 157
AiM RD_MAC 0 0xffffffff
AiM WR_GB 16 0 0xffffffff
AiM WR_BIAS 0 0xffffffff
AiM MAC_ABK 16 0xffffffff 45
AiM RD_MAC 0 0xffffffff
AiM WR_BIAS 0 0xffffffff
AiM MAC_ABK 16 0xffffffff 61
AiM RD_MAC 0 0xffffffff
AiM WR_BIAS 0 0xffffffff
AiM MAC_ABK 16 0xffffffff 77
AiM RD_MAC 0 0xffffffff
AiM WR_BIAS 0 0xffffffff
AiM MAC_ABK 16 0xffffffff 93
AiM RD_MAC 0 0xffffffff
AiM WR_BIAS 0 0xffffffff
AiM MAC_ABK 16 0xffffffff 109
AiM RD_MAC 0 0xffffffff
AiM WR_BIAS 0 0xffffffff
AiM MAC_ABK 16 0xffffffff 125
AiM RD_MAC 0 0xffffffff
AiM WR_BIAS 0 0xffffffff
AiM MAC_ABK 16 0xffffffff 141
AiM RD_MAC 0 0xffffffff
AiM WR_BIAS 0 0xffffffff
AiM MAC_ABK 16 0xffffffff 157
AiM RD_MAC 0 0xffffffff
AiM WR_GB 16 0 0xffffffff
AiM WR_BIAS 0 0xffffffff
AiM MAC_ABK 16 0xffffffff 45
AiM RD_MAC 0 0xffffffff
AiM WR_BIAS 0 0xffffffff
AiM MAC_ABK 16 0xffffffff 61
AiM RD_MAC 0 0xffffffff
AiM WR_BIAS 0 0xffffffff
AiM MAC_ABK 16 0xffffffff 77
AiM RD_MAC 0 0xffffffff
AiM WR_BIAS 0 0xffffffff
AiM MAC_ABK 16 0xffffffff 93
AiM RD_MAC 0 0xffffffff
AiM WR_BIAS 0 0xffffffff
AiM MAC_ABK 16 0xffffffff 109
AiM RD_MAC 0 0xffffffff
AiM WR_BIAS 0 0xffffffff
AiM MAC_ABK 16 0xffffffff 125
AiM RD_MAC 0 0xffffffff
AiM WR_BIAS 0 0xffffffff
AiM MAC_ABK 16 0xffffffff 141
AiM RD_MAC 0 0xffffffff
AiM WR_BIAS 0 0xffffffff
AiM MAC_ABK 16 0xffffffff 157
AiM RD_MAC 0 0xffffffff
AiM WR_GB 16 0 0xffffffff
AiM WR_BIAS 0 0xffffffff
AiM MAC_ABK 16 0xffffffff 45
AiM RD_MAC 0 0xffffffff
AiM WR_BIAS 0 0xffffffff
AiM MAC_ABK 16 0xffffffff 61
AiM RD_MAC 0 0xffffffff
AiM WR_BIAS 0 0xffffffff
AiM MAC_ABK 16 0xffffffff 77
AiM RD_MAC 0 0xffffffff
AiM WR_BIAS 0 0xffffffff
AiM MAC_ABK 16 0xffffffff 93
AiM RD_MAC 0 0xffffffff
AiM WR_BIAS 0 0xffffffff
AiM MAC_ABK 16 0xffffffff 109
AiM RD_MAC 0 0xffffffff
AiM WR_BIAS 0 0xffffffff
AiM MAC_ABK 16 0xffffffff 125
AiM RD_MAC 0 0xffffffff
AiM WR_BIAS 0 0xffffffff
AiM MAC_ABK 16 0xffffffff 141
AiM RD_MAC 0 0xffffffff
AiM WR_BIAS 0 0xffffffff
AiM MAC_ABK 16 0xffffffff 157
AiM RD_MAC 0 0xffffffff
AiM WR_GB 16 0 0xffffffff
AiM WR_BIAS 0 0xffffffff
AiM MAC_ABK 16 0xffffffff 46
AiM RD_MAC 0 0xffffffff
AiM WR_BIAS 0 0xffffffff
AiM MAC_ABK 16 0xffffffff 62
AiM RD_MAC 0 0xffffffff
AiM WR_BIAS 0 0xffffffff
AiM MAC_ABK 16 0xffffffff 78
AiM RD_MAC 0 0xffffffff
AiM WR_BIAS 0 0xffffffff
AiM MAC_ABK 16 0xffffffff 94
AiM RD_MAC 0 0xffffffff
AiM WR_BIAS 0 0xffffffff
AiM MAC_ABK 16 0xffffffff 110
AiM RD_MAC 0 0xffffffff
AiM WR_BIAS 0 0xffffffff
AiM MAC_ABK 16 0xffffffff 126
AiM RD_MAC 0 0xffffffff
AiM WR_BIAS 0 0xffffffff
AiM MAC_ABK 16 0xffffffff 142
AiM RD_MAC 0 0xffffffff
AiM WR_BIAS 0 0xffffffff
AiM MAC_ABK 16 0xffffffff 158
AiM RD_MAC 0 0xffffffff
AiM WR_GB 16 0 0xffffffff
AiM WR_BIAS 0 0xffffffff
AiM MAC_ABK 16 0xffffffff 45
AiM RD_MAC 0 0xffffffff
AiM WR_BIAS 0 0xffffffff
AiM MAC_ABK 16 0xffffffff 61
AiM RD_MAC 0 0xffffffff
AiM WR_BIAS 0 0xffffffff
AiM MAC_ABK 16 0xffffffff 77
AiM RD_MAC 0 0xffffffff
AiM WR_BIAS 0 0xffffffff
AiM MAC_ABK 16 0xffffffff 93
AiM RD_MAC 0 0xffffffff
AiM WR_BIAS 0 0xffffffff
AiM MAC_ABK 16 0xffffffff 109
AiM RD_MAC 0 0xffffffff
AiM WR_BIAS 0 0xffffffff
AiM MAC_ABK 16 0xffffffff 125
AiM RD_MAC 0 0xffffffff
AiM WR_BIAS 0 0xffffffff
AiM MAC_ABK 16 0xffffffff 141
AiM RD_MAC 0 0xffffffff
AiM WR_BIAS 0 0xffffffff
AiM MAC_ABK 16 0xffffffff 157
AiM RD_MAC 0 0xffffffff
AiM WR_GB 16 0 0xffffffff
AiM WR_BIAS 0 0xffffffff
AiM MAC_ABK 16 0xffffffff 46
AiM RD_MAC 0 0xffffffff
AiM WR_BIAS 0 0xffffffff
AiM MAC_ABK 16 0xffffffff 62
AiM RD_MAC 0 0xffffffff
AiM WR_BIAS 0 0xffffffff
AiM MAC_ABK 16 0xffffffff 78
AiM RD_MAC 0 0xffffffff
AiM WR_BIAS 0 0xffffffff
AiM MAC_ABK 16 0xffffffff 94
AiM RD_MAC 0 0xffffffff
AiM WR_BIAS 0 0xffffffff
AiM MAC_ABK 16 0xffffffff 110
AiM RD_MAC 0 0xffffffff
AiM WR_BIAS 0 0xffffffff
AiM MAC_ABK 16 0xffffffff 126
AiM RD_MAC 0 0xffffffff
AiM WR_BIAS 0 0xffffffff
AiM MAC_ABK 16 0xffffffff 142
AiM RD_MAC 0 0xffffffff
AiM WR_BIAS 0 0xffffffff
AiM MAC_ABK 16 0xffffffff 158
AiM RD_MAC 0 0xffffffff
AiM WR_GB 16 0 0xffffffff
AiM WR_BIAS 0 0xffffffff
AiM MAC_ABK 16 0xffffffff 45
AiM RD_MAC 0 0xffffffff
AiM WR_BIAS 0 0xffffffff
AiM MAC_ABK 16 0xffffffff 61
AiM RD_MAC 0 0xffffffff
AiM WR_BIAS 0 0xffffffff
AiM MAC_ABK 16 0xffffffff 77
AiM RD_MAC 0 0xffffffff
AiM WR_BIAS 0 0xffffffff
AiM MAC_ABK 16 0xffffffff 93
AiM RD_MAC 0 0xffffffff
AiM WR_BIAS 0 0xffffffff
AiM MAC_ABK 16 0xffffffff 109
AiM RD_MAC 0 0xffffffff
AiM WR_BIAS 0 0xffffffff
AiM MAC_ABK 16 0xffffffff 125
AiM RD_MAC 0 0xffffffff
AiM WR_BIAS 0 0xffffffff
AiM MAC_ABK 16 0xffffffff 141
AiM RD_MAC 0 0xffffffff
AiM WR_BIAS 0 0xffffffff
AiM MAC_ABK 16 0xffffffff 157
AiM RD_MAC 0 0xffffffff
AiM WR_GB 16 0 0xffffffff
AiM WR_BIAS 0 0xffffffff
AiM MAC_ABK 16 0xffffffff 46
AiM RD_MAC 0 0xffffffff
AiM WR_BIAS 0 0xffffffff
AiM MAC_ABK 16 0xffffffff 62
AiM RD_MAC 0 0xffffffff
AiM WR_BIAS 0 0xffffffff
AiM MAC_ABK 16 0xffffffff 78
AiM RD_MAC 0 0xffffffff
AiM WR_BIAS 0 0xffffffff
AiM MAC_ABK 16 0xffffffff 94
AiM RD_MAC 0 0xffffffff
AiM WR_BIAS 0 0xffffffff
AiM MAC_ABK 16 0xffffffff 110
AiM RD_MAC 0 0xffffffff
AiM WR_BIAS 0 0xffffffff
AiM MAC_ABK 16 0xffffffff 126
AiM RD_MAC 0 0xffffffff
AiM WR_BIAS 0 0xffffffff
AiM MAC_ABK 16 0xffffffff 142
AiM RD_MAC 0 0xffffffff
AiM WR_BIAS 0 0xffffffff
AiM MAC_ABK 16 0xffffffff 158
AiM RD_MAC 0 0xffffffff
AiM WR_GB 16 0 0xffffffff
AiM WR_BIAS 0 0xffffffff
AiM MAC_ABK 16 0xffffffff 45
AiM RD_MAC 0 0xffffffff
AiM WR_BIAS 0 0xffffffff
AiM MAC_ABK 16 0xffffffff 61
AiM RD_MAC 0 0xffffffff
AiM WR_BIAS 0 0xffffffff
AiM MAC_ABK 16 0xffffffff 77
AiM RD_MAC 0 0xffffffff
AiM WR_BIAS 0 0xffffffff
AiM MAC_ABK 16 0xffffffff 93
AiM RD_MAC 0 0xffffffff
AiM WR_BIAS 0 0xffffffff
AiM MAC_ABK 16 0xffffffff 109
AiM RD_MAC 0 0xffffffff
AiM WR_BIAS 0 0xffffffff
AiM MAC_ABK 16 0xffffffff 125
AiM RD_MAC 0 0xffffffff
AiM WR_BIAS 0 0xffffffff
AiM MAC_ABK 16 0xffffffff 141
AiM RD_MAC 0 0xffffffff
AiM WR_BIAS 0 0xffffffff
AiM MAC_ABK 16 0xffffffff 157
AiM RD_MAC 0 0xffffffff
AiM WR_GB 16 0 0xffffffff
AiM WR_BIAS 0 0xffffffff
AiM MAC_ABK 16 0xffffffff 46
AiM RD_MAC 0 0xffffffff
AiM WR_BIAS 0 0xffffffff
AiM MAC_ABK 16 0xffffffff 62
AiM RD_MAC 0 0xffffffff
AiM WR_BIAS 0 0xffffffff
AiM MAC_ABK 16 0xffffffff 78
AiM RD_MAC 0 0xffffffff
AiM WR_BIAS 0 0xffffffff
AiM MAC_ABK 16 0xffffffff 94
AiM RD_MAC 0 0xffffffff
AiM WR_BIAS 0 0xffffffff
AiM MAC_ABK 16 0xffffffff 110
AiM RD_MAC 0 0xffffffff
AiM WR_BIAS 0 0xffffffff
AiM MAC_ABK 16 0xffffffff 126
AiM RD_MAC 0 0xffffffff
AiM WR_BIAS 0 0xffffffff
AiM MAC_ABK 16 0xffffffff 142
AiM RD_MAC 0 0xffffffff
AiM WR_BIAS 0 0xffffffff
AiM MAC_ABK 16 0xffffffff 158
AiM RD_MAC 0 0xffffffff
AiM WR_GB 16 0 0xffffffff
AiM WR_BIAS 0 0xffffffff
AiM MAC_ABK 16 0xffffffff 45
AiM RD_MAC 0 0xffffffff
AiM WR_BIAS 0 0xffffffff
AiM MAC_ABK 16 0xffffffff 61
AiM RD_MAC 0 0xffffffff
AiM WR_BIAS 0 0xffffffff
AiM MAC_ABK 16 0xffffffff 77
AiM RD_MAC 0 0xffffffff
AiM WR_BIAS 0 0xffffffff
AiM MAC_ABK 16 0xffffffff 93
AiM RD_MAC 0 0xffffffff
AiM WR_BIAS 0 0xffffffff
AiM MAC_ABK 16 0xffffffff 109
AiM RD_MAC 0 0xffffffff
AiM WR_BIAS 0 0xffffffff
AiM MAC_ABK 16 0xffffffff 125
AiM RD_MAC 0 0xffffffff
AiM WR_BIAS 0 0xffffffff
AiM MAC_ABK 16 0xffffffff 141
AiM RD_MAC 0 0xffffffff
AiM WR_BIAS 0 0xffffffff
AiM MAC_ABK 16 0xffffffff 157
AiM RD_MAC 0 0xffffffff
AiM WR_GB 16 0 0xffffffff
AiM WR_BIAS 0 0xffffffff
AiM MAC_ABK 16 0xffffffff 46
AiM RD_MAC 0 0xffffffff
AiM WR_BIAS 0 0xffffffff
AiM MAC_ABK 16 0xffffffff 62
AiM RD_MAC 0 0xffffffff
AiM WR_BIAS 0 0xffffffff
AiM MAC_ABK 16 0xffffffff 78
AiM RD_MAC 0 0xffffffff
AiM WR_BIAS 0 0xffffffff
AiM MAC_ABK 16 0xffffffff 94
AiM RD_MAC 0 0xffffffff
AiM WR_BIAS 0 0xffffffff
AiM MAC_ABK 16 0xffffffff 110
AiM RD_MAC 0 0xffffffff
AiM WR_BIAS 0 0xffffffff
AiM MAC_ABK 16 0xffffffff 126
AiM RD_MAC 0 0xffffffff
AiM WR_BIAS 0 0xffffffff
AiM MAC_ABK 16 0xffffffff 142
AiM RD_MAC 0 0xffffffff
AiM WR_BIAS 0 0xffffffff
AiM MAC_ABK 16 0xffffffff 158
AiM RD_MAC 0 0xffffffff
AiM WR_GB 16 0 0xffffffff
AiM WR_BIAS 0 0xffffffff
AiM MAC_ABK 16 0xffffffff 47
AiM RD_MAC 0 0xffffffff
AiM WR_BIAS 0 0xffffffff
AiM MAC_ABK 16 0xffffffff 63
AiM RD_MAC 0 0xffffffff
AiM WR_BIAS 0 0xffffffff
AiM MAC_ABK 16 0xffffffff 79
AiM RD_MAC 0 0xffffffff
AiM WR_BIAS 0 0xffffffff
AiM MAC_ABK 16 0xffffffff 95
AiM RD_MAC 0 0xffffffff
AiM WR_BIAS 0 0xffffffff
AiM MAC_ABK 16 0xffffffff 111
AiM RD_MAC 0 0xffffffff
AiM WR_BIAS 0 0xffffffff
AiM MAC_ABK 16 0xffffffff 127
AiM RD_MAC 0 0xffffffff
AiM WR_BIAS 0 0xffffffff
AiM MAC_ABK 16 0xffffffff 143
AiM RD_MAC 0 0xffffffff
AiM WR_BIAS 0 0xffffffff
AiM MAC_ABK 16 0xffffffff 159
AiM RD_MAC 0 0xffffffff
AiM WR_GB 16 0 0xffffffff
AiM WR_BIAS 0 0xffffffff
AiM MAC_ABK 16 0xffffffff 48
AiM RD_MAC 0 0xffffffff
AiM WR_BIAS 0 0xffffffff
AiM MAC_ABK 16 0xffffffff 64
AiM RD_MAC 0 0xffffffff
AiM WR_BIAS 0 0xffffffff
AiM MAC_ABK 16 0xffffffff 80
AiM RD_MAC 0 0xffffffff
AiM WR_BIAS 0 0xffffffff
AiM MAC_ABK 16 0xffffffff 96
AiM RD_MAC 0 0xffffffff
AiM WR_BIAS 0 0xffffffff
AiM MAC_ABK 16 0xffffffff 112
AiM RD_MAC 0 0xffffffff
AiM WR_BIAS 0 0xffffffff
AiM MAC_ABK 16 0xffffffff 128
AiM RD_MAC 0 0xffffffff
AiM WR_BIAS 0 0xffffffff
AiM MAC_ABK 16 0xffffffff 144
AiM RD_MAC 0 0xffffffff
AiM WR_BIAS 0 0xffffffff
AiM MAC_ABK 16 0xffffffff 160
AiM RD_MAC 0 0xffffffff
AiM WR_GB 16 0 0xffffffff
AiM WR_BIAS 0 0xffffffff
AiM MAC_ABK 16 0xffffffff 45
AiM RD_MAC 0 0xffffffff
AiM WR_BIAS 0 0xffffffff
AiM MAC_ABK 16 0xffffffff 61
AiM RD_MAC 0 0xffffffff
AiM WR_BIAS 0 0xffffffff
AiM MAC_ABK 16 0xffffffff 77
AiM RD_MAC 0 0xffffffff
AiM WR_BIAS 0 0xffffffff
AiM MAC_ABK 16 0xffffffff 93
AiM RD_MAC 0 0xffffffff
AiM WR_BIAS 0 0xffffffff
AiM MAC_ABK 16 0xffffffff 109
AiM RD_MAC 0 0xffffffff
AiM WR_BIAS 0 0xffffffff
AiM MAC_ABK 16 0xffffffff 125
AiM RD_MAC 0 0xffffffff
AiM WR_BIAS 0 0xffffffff
AiM MAC_ABK 16 0xffffffff 141
AiM RD_MAC 0 0xffffffff
AiM WR_BIAS 0 0xffffffff
AiM MAC_ABK 16 0xffffffff 157
AiM RD_MAC 0 0xffffffff
AiM WR_GB 16 0 0xffffffff
AiM WR_BIAS 0 0xffffffff
AiM MAC_ABK 16 0xffffffff 46
AiM RD_MAC 0 0xffffffff
AiM WR_BIAS 0 0xffffffff
AiM MAC_ABK 16 0xffffffff 62
AiM RD_MAC 0 0xffffffff
AiM WR_BIAS 0 0xffffffff
AiM MAC_ABK 16 0xffffffff 78
AiM RD_MAC 0 0xffffffff
AiM WR_BIAS 0 0xffffffff
AiM MAC_ABK 16 0xffffffff 94
AiM RD_MAC 0 0xffffffff
AiM WR_BIAS 0 0xffffffff
AiM MAC_ABK 16 0xffffffff 110
AiM RD_MAC 0 0xffffffff
AiM WR_BIAS 0 0xffffffff
AiM MAC_ABK 16 0xffffffff 126
AiM RD_MAC 0 0xffffffff
AiM WR_BIAS 0 0xffffffff
AiM MAC_ABK 16 0xffffffff 142
AiM RD_MAC 0 0xffffffff
AiM WR_BIAS 0 0xffffffff
AiM MAC_ABK 16 0xffffffff 158
AiM RD_MAC 0 0xffffffff
AiM WR_GB 16 0 0xffffffff
AiM WR_BIAS 0 0xffffffff
AiM MAC_ABK 16 0xffffffff 47
AiM RD_MAC 0 0xffffffff
AiM WR_BIAS 0 0xffffffff
AiM MAC_ABK 16 0xffffffff 63
AiM RD_MAC 0 0xffffffff
AiM WR_BIAS 0 0xffffffff
AiM MAC_ABK 16 0xffffffff 79
AiM RD_MAC 0 0xffffffff
AiM WR_BIAS 0 0xffffffff
AiM MAC_ABK 16 0xffffffff 95
AiM RD_MAC 0 0xffffffff
AiM WR_BIAS 0 0xffffffff
AiM MAC_ABK 16 0xffffffff 111
AiM RD_MAC 0 0xffffffff
AiM WR_BIAS 0 0xffffffff
AiM MAC_ABK 16 0xffffffff 127
AiM RD_MAC 0 0xffffffff
AiM WR_BIAS 0 0xffffffff
AiM MAC_ABK 16 0xffffffff 143
AiM RD_MAC 0 0xffffffff
AiM WR_BIAS 0 0xffffffff
AiM MAC_ABK 16 0xffffffff 159
AiM RD_MAC 0 0xffffffff
AiM WR_GB 16 0 0xffffffff
AiM WR_BIAS 0 0xffffffff
AiM MAC_ABK 16 0xffffffff 48
AiM RD_MAC 0 0xffffffff
AiM WR_BIAS 0 0xffffffff
AiM MAC_ABK 16 0xffffffff 64
AiM RD_MAC 0 0xffffffff
AiM WR_BIAS 0 0xffffffff
AiM MAC_ABK 16 0xffffffff 80
AiM RD_MAC 0 0xffffffff
AiM WR_BIAS 0 0xffffffff
AiM MAC_ABK 16 0xffffffff 96
AiM RD_MAC 0 0xffffffff
AiM WR_BIAS 0 0xffffffff
AiM MAC_ABK 16 0xffffffff 112
AiM RD_MAC 0 0xffffffff
AiM WR_BIAS 0 0xffffffff
AiM MAC_ABK 16 0xffffffff 128
AiM RD_MAC 0 0xffffffff
AiM WR_BIAS 0 0xffffffff
AiM MAC_ABK 16 0xffffffff 144
AiM RD_MAC 0 0xffffffff
AiM WR_BIAS 0 0xffffffff
AiM MAC_ABK 16 0xffffffff 160
AiM RD_MAC 0 0xffffffff
AiM WR_GB 16 0 0xffffffff
AiM WR_BIAS 0 0xffffffff
AiM MAC_ABK 16 0xffffffff 45
AiM RD_MAC 0 0xffffffff
AiM WR_BIAS 0 0xffffffff
AiM MAC_ABK 16 0xffffffff 61
AiM RD_MAC 0 0xffffffff
AiM WR_BIAS 0 0xffffffff
AiM MAC_ABK 16 0xffffffff 77
AiM RD_MAC 0 0xffffffff
AiM WR_BIAS 0 0xffffffff
AiM MAC_ABK 16 0xffffffff 93
AiM RD_MAC 0 0xffffffff
AiM WR_BIAS 0 0xffffffff
AiM MAC_ABK 16 0xffffffff 109
AiM RD_MAC 0 0xffffffff
AiM WR_BIAS 0 0xffffffff
AiM MAC_ABK 16 0xffffffff 125
AiM RD_MAC 0 0xffffffff
AiM WR_BIAS 0 0xffffffff
AiM MAC_ABK 16 0xffffffff 141
AiM RD_MAC 0 0xffffffff
AiM WR_BIAS 0 0xffffffff
AiM MAC_ABK 16 0xffffffff 157
AiM RD_MAC 0 0xffffffff
AiM WR_GB 16 0 0xffffffff
AiM WR_BIAS 0 0xffffffff
AiM MAC_ABK 16 0xffffffff 46
AiM RD_MAC 0 0xffffffff
AiM WR_BIAS 0 0xffffffff
AiM MAC_ABK 16 0xffffffff 62
AiM RD_MAC 0 0xffffffff
AiM WR_BIAS 0 0xffffffff
AiM MAC_ABK 16 0xffffffff 78
AiM RD_MAC 0 0xffffffff
AiM WR_BIAS 0 0xffffffff
AiM MAC_ABK 16 0xffffffff 94
AiM RD_MAC 0 0xffffffff
AiM WR_BIAS 0 0xffffffff
AiM MAC_ABK 16 0xffffffff 110
AiM RD_MAC 0 0xffffffff
AiM WR_BIAS 0 0xffffffff
AiM MAC_ABK 16 0xffffffff 126
AiM RD_MAC 0 0xffffffff
AiM WR_BIAS 0 0xffffffff
AiM MAC_ABK 16 0xffffffff 142
AiM RD_MAC 0 0xffffffff
AiM WR_BIAS 0 0xffffffff
AiM MAC_ABK 16 0xffffffff 158
AiM RD_MAC 0 0xffffffff
AiM WR_GB 16 0 0xffffffff
AiM WR_BIAS 0 0xffffffff
AiM MAC_ABK 16 0xffffffff 47
AiM RD_MAC 0 0xffffffff
AiM WR_BIAS 0 0xffffffff
AiM MAC_ABK 16 0xffffffff 63
AiM RD_MAC 0 0xffffffff
AiM WR_BIAS 0 0xffffffff
AiM MAC_ABK 16 0xffffffff 79
AiM RD_MAC 0 0xffffffff
AiM WR_BIAS 0 0xffffffff
AiM MAC_ABK 16 0xffffffff 95
AiM RD_MAC 0 0xffffffff
AiM WR_BIAS 0 0xffffffff
AiM MAC_ABK 16 0xffffffff 111
AiM RD_MAC 0 0xffffffff
AiM WR_BIAS 0 0xffffffff
AiM MAC_ABK 16 0xffffffff 127
AiM RD_MAC 0 0xffffffff
AiM WR_BIAS 0 0xffffffff
AiM MAC_ABK 16 0xffffffff 143
AiM RD_MAC 0 0xffffffff
AiM WR_BIAS 0 0xffffffff
AiM MAC_ABK 16 0xffffffff 159
AiM RD_MAC 0 0xffffffff
AiM WR_GB 16 0 0xffffffff
AiM WR_BIAS 0 0xffffffff
AiM MAC_ABK 16 0xffffffff 48
AiM RD_MAC 0 0xffffffff
AiM WR_BIAS 0 0xffffffff
AiM MAC_ABK 16 0xffffffff 64
AiM RD_MAC 0 0xffffffff
AiM WR_BIAS 0 0xffffffff
AiM MAC_ABK 16 0xffffffff 80
AiM RD_MAC 0 0xffffffff
AiM WR_BIAS 0 0xffffffff
AiM MAC_ABK 16 0xffffffff 96
AiM RD_MAC 0 0xffffffff
AiM WR_BIAS 0 0xffffffff
AiM MAC_ABK 16 0xffffffff 112
AiM RD_MAC 0 0xffffffff
AiM WR_BIAS 0 0xffffffff
AiM MAC_ABK 16 0xffffffff 128
AiM RD_MAC 0 0xffffffff
AiM WR_BIAS 0 0xffffffff
AiM MAC_ABK 16 0xffffffff 144
AiM RD_MAC 0 0xffffffff
AiM WR_BIAS 0 0xffffffff
AiM MAC_ABK 16 0xffffffff 160
AiM RD_MAC 0 0xffffffff
AiM WR_GB 16 0 0xffffffff
AiM WR_BIAS 0 0xffffffff
AiM MAC_ABK 16 0xffffffff 45
AiM RD_MAC 0 0xffffffff
AiM WR_BIAS 0 0xffffffff
AiM MAC_ABK 16 0xffffffff 61
AiM RD_MAC 0 0xffffffff
AiM WR_BIAS 0 0xffffffff
AiM MAC_ABK 16 0xffffffff 77
AiM RD_MAC 0 0xffffffff
AiM WR_BIAS 0 0xffffffff
AiM MAC_ABK 16 0xffffffff 93
AiM RD_MAC 0 0xffffffff
AiM WR_BIAS 0 0xffffffff
AiM MAC_ABK 16 0xffffffff 109
AiM RD_MAC 0 0xffffffff
AiM WR_BIAS 0 0xffffffff
AiM MAC_ABK 16 0xffffffff 125
AiM RD_MAC 0 0xffffffff
AiM WR_BIAS 0 0xffffffff
AiM MAC_ABK 16 0xffffffff 141
AiM RD_MAC 0 0xffffffff
AiM WR_BIAS 0 0xffffffff
AiM MAC_ABK 16 0xffffffff 157
AiM RD_MAC 0 0xffffffff
AiM WR_GB 16 0 0xffffffff
AiM WR_BIAS 0 0xffffffff
AiM MAC_ABK 16 0xffffffff 46
AiM RD_MAC 0 0xffffffff
AiM WR_BIAS 0 0xffffffff
AiM MAC_ABK 16 0xffffffff 62
AiM RD_MAC 0 0xffffffff
AiM WR_BIAS 0 0xffffffff
AiM MAC_ABK 16 0xffffffff 78
AiM RD_MAC 0 0xffffffff
AiM WR_BIAS 0 0xffffffff
AiM MAC_ABK 16 0xffffffff 94
AiM RD_MAC 0 0xffffffff
AiM WR_BIAS 0 0xffffffff
AiM MAC_ABK 16 0xffffffff 110
AiM RD_MAC 0 0xffffffff
AiM WR_BIAS 0 0xffffffff
AiM MAC_ABK 16 0xffffffff 126
AiM RD_MAC 0 0xffffffff
AiM WR_BIAS 0 0xffffffff
AiM MAC_ABK 16 0xffffffff 142
AiM RD_MAC 0 0xffffffff
AiM WR_BIAS 0 0xffffffff
AiM MAC_ABK 16 0xffffffff 158
AiM RD_MAC 0 0xffffffff
AiM WR_GB 16 0 0xffffffff
AiM WR_BIAS 0 0xffffffff
AiM MAC_ABK 16 0xffffffff 47
AiM RD_MAC 0 0xffffffff
AiM WR_BIAS 0 0xffffffff
AiM MAC_ABK 16 0xffffffff 63
AiM RD_MAC 0 0xffffffff
AiM WR_BIAS 0 0xffffffff
AiM MAC_ABK 16 0xffffffff 79
AiM RD_MAC 0 0xffffffff
AiM WR_BIAS 0 0xffffffff
AiM MAC_ABK 16 0xffffffff 95
AiM RD_MAC 0 0xffffffff
AiM WR_BIAS 0 0xffffffff
AiM MAC_ABK 16 0xffffffff 111
AiM RD_MAC 0 0xffffffff
AiM WR_BIAS 0 0xffffffff
AiM MAC_ABK 16 0xffffffff 127
AiM RD_MAC 0 0xffffffff
AiM WR_BIAS 0 0xffffffff
AiM MAC_ABK 16 0xffffffff 143
AiM RD_MAC 0 0xffffffff
AiM WR_BIAS 0 0xffffffff
AiM MAC_ABK 16 0xffffffff 159
AiM RD_MAC 0 0xffffffff
AiM WR_GB 16 0 0xffffffff
AiM WR_BIAS 0 0xffffffff
AiM MAC_ABK 16 0xffffffff 48
AiM RD_MAC 0 0xffffffff
AiM WR_BIAS 0 0xffffffff
AiM MAC_ABK 16 0xffffffff 64
AiM RD_MAC 0 0xffffffff
AiM WR_BIAS 0 0xffffffff
AiM MAC_ABK 16 0xffffffff 80
AiM RD_MAC 0 0xffffffff
AiM WR_BIAS 0 0xffffffff
AiM MAC_ABK 16 0xffffffff 96
AiM RD_MAC 0 0xffffffff
AiM WR_BIAS 0 0xffffffff
AiM MAC_ABK 16 0xffffffff 112
AiM RD_MAC 0 0xffffffff
AiM WR_BIAS 0 0xffffffff
AiM MAC_ABK 16 0xffffffff 128
AiM RD_MAC 0 0xffffffff
AiM WR_BIAS 0 0xffffffff
AiM MAC_ABK 16 0xffffffff 144
AiM RD_MAC 0 0xffffffff
AiM WR_BIAS 0 0xffffffff
AiM MAC_ABK 16 0xffffffff 160
AiM RD_MAC 0 0xffffffff
AiM WR_GB 16 0 0xffffffff
AiM WR_BIAS 0 0xffffffff
AiM MAC_ABK 16 0xffffffff 45
AiM RD_MAC 0 0xffffffff
AiM WR_BIAS 0 0xffffffff
AiM MAC_ABK 16 0xffffffff 61
AiM RD_MAC 0 0xffffffff
AiM WR_BIAS 0 0xffffffff
AiM MAC_ABK 16 0xffffffff 77
AiM RD_MAC 0 0xffffffff
AiM WR_BIAS 0 0xffffffff
AiM MAC_ABK 16 0xffffffff 93
AiM RD_MAC 0 0xffffffff
AiM WR_BIAS 0 0xffffffff
AiM MAC_ABK 16 0xffffffff 109
AiM RD_MAC 0 0xffffffff
AiM WR_BIAS 0 0xffffffff
AiM MAC_ABK 16 0xffffffff 125
AiM RD_MAC 0 0xffffffff
AiM WR_BIAS 0 0xffffffff
AiM MAC_ABK 16 0xffffffff 141
AiM RD_MAC 0 0xffffffff
AiM WR_BIAS 0 0xffffffff
AiM MAC_ABK 16 0xffffffff 157
AiM RD_MAC 0 0xffffffff
AiM WR_GB 16 0 0xffffffff
AiM WR_BIAS 0 0xffffffff
AiM MAC_ABK 16 0xffffffff 46
AiM RD_MAC 0 0xffffffff
AiM WR_BIAS 0 0xffffffff
AiM MAC_ABK 16 0xffffffff 62
AiM RD_MAC 0 0xffffffff
AiM WR_BIAS 0 0xffffffff
AiM MAC_ABK 16 0xffffffff 78
AiM RD_MAC 0 0xffffffff
AiM WR_BIAS 0 0xffffffff
AiM MAC_ABK 16 0xffffffff 94
AiM RD_MAC 0 0xffffffff
AiM WR_BIAS 0 0xffffffff
AiM MAC_ABK 16 0xffffffff 110
AiM RD_MAC 0 0xffffffff
AiM WR_BIAS 0 0xffffffff
AiM MAC_ABK 16 0xffffffff 126
AiM RD_MAC 0 0xffffffff
AiM WR_BIAS 0 0xffffffff
AiM MAC_ABK 16 0xffffffff 142
AiM RD_MAC 0 0xffffffff
AiM WR_BIAS 0 0xffffffff
AiM MAC_ABK 16 0xffffffff 158
AiM RD_MAC 0 0xffffffff
AiM WR_GB 16 0 0xffffffff
AiM WR_BIAS 0 0xffffffff
AiM MAC_ABK 16 0xffffffff 47
AiM RD_MAC 0 0xffffffff
AiM WR_BIAS 0 0xffffffff
AiM MAC_ABK 16 0xffffffff 63
AiM RD_MAC 0 0xffffffff
AiM WR_BIAS 0 0xffffffff
AiM MAC_ABK 16 0xffffffff 79
AiM RD_MAC 0 0xffffffff
AiM WR_BIAS 0 0xffffffff
AiM MAC_ABK 16 0xffffffff 95
AiM RD_MAC 0 0xffffffff
AiM WR_BIAS 0 0xffffffff
AiM MAC_ABK 16 0xffffffff 111
AiM RD_MAC 0 0xffffffff
AiM WR_BIAS 0 0xffffffff
AiM MAC_ABK 16 0xffffffff 127
AiM RD_MAC 0 0xffffffff
AiM WR_BIAS 0 0xffffffff
AiM MAC_ABK 16 0xffffffff 143
AiM RD_MAC 0 0xffffffff
AiM WR_BIAS 0 0xffffffff
AiM MAC_ABK 16 0xffffffff 159
AiM RD_MAC 0 0xffffffff
AiM WR_GB 16 0 0xffffffff
AiM WR_BIAS 0 0xffffffff
AiM MAC_ABK 16 0xffffffff 48
AiM RD_MAC 0 0xffffffff
AiM WR_BIAS 0 0xffffffff
AiM MAC_ABK 16 0xffffffff 64
AiM RD_MAC 0 0xffffffff
AiM WR_BIAS 0 0xffffffff
AiM MAC_ABK 16 0xffffffff 80
AiM RD_MAC 0 0xffffffff
AiM WR_BIAS 0 0xffffffff
AiM MAC_ABK 16 0xffffffff 96
AiM RD_MAC 0 0xffffffff
AiM WR_BIAS 0 0xffffffff
AiM MAC_ABK 16 0xffffffff 112
AiM RD_MAC 0 0xffffffff
AiM WR_BIAS 0 0xffffffff
AiM MAC_ABK 16 0xffffffff 128
AiM RD_MAC 0 0xffffffff
AiM WR_BIAS 0 0xffffffff
AiM MAC_ABK 16 0xffffffff 144
AiM RD_MAC 0 0xffffffff
AiM WR_BIAS 0 0xffffffff
AiM MAC_ABK 16 0xffffffff 160
AiM RD_MAC 0 0xffffffff
AiM WR_GB 16 0 0xffffffff
AiM WR_BIAS 0 0xffffffff
AiM MAC_ABK 16 0xffffffff 49
AiM RD_MAC 0 0xffffffff
AiM WR_BIAS 0 0xffffffff
AiM MAC_ABK 16 0xffffffff 65
AiM RD_MAC 0 0xffffffff
AiM WR_BIAS 0 0xffffffff
AiM MAC_ABK 16 0xffffffff 81
AiM RD_MAC 0 0xffffffff
AiM WR_BIAS 0 0xffffffff
AiM MAC_ABK 16 0xffffffff 97
AiM RD_MAC 0 0xffffffff
AiM WR_BIAS 0 0xffffffff
AiM MAC_ABK 16 0xffffffff 113
AiM RD_MAC 0 0xffffffff
AiM WR_BIAS 0 0xffffffff
AiM MAC_ABK 16 0xffffffff 129
AiM RD_MAC 0 0xffffffff
AiM WR_BIAS 0 0xffffffff
AiM MAC_ABK 16 0xffffffff 145
AiM RD_MAC 0 0xffffffff
AiM WR_BIAS 0 0xffffffff
AiM MAC_ABK 16 0xffffffff 161
AiM RD_MAC 0 0xffffffff
AiM WR_GB 16 0 0xffffffff
AiM WR_BIAS 0 0xffffffff
AiM MAC_ABK 16 0xffffffff 50
AiM RD_MAC 0 0xffffffff
AiM WR_BIAS 0 0xffffffff
AiM MAC_ABK 16 0xffffffff 66
AiM RD_MAC 0 0xffffffff
AiM WR_BIAS 0 0xffffffff
AiM MAC_ABK 16 0xffffffff 82
AiM RD_MAC 0 0xffffffff
AiM WR_BIAS 0 0xffffffff
AiM MAC_ABK 16 0xffffffff 98
AiM RD_MAC 0 0xffffffff
AiM WR_BIAS 0 0xffffffff
AiM MAC_ABK 16 0xffffffff 114
AiM RD_MAC 0 0xffffffff
AiM WR_BIAS 0 0xffffffff
AiM MAC_ABK 16 0xffffffff 130
AiM RD_MAC 0 0xffffffff
AiM WR_BIAS 0 0xffffffff
AiM MAC_ABK 16 0xffffffff 146
AiM RD_MAC 0 0xffffffff
AiM WR_BIAS 0 0xffffffff
AiM MAC_ABK 16 0xffffffff 162
AiM RD_MAC 0 0xffffffff
AiM WR_GB 16 0 0xffffffff
AiM WR_BIAS 0 0xffffffff
AiM MAC_ABK 16 0xffffffff 51
AiM RD_MAC 0 0xffffffff
AiM WR_BIAS 0 0xffffffff
AiM MAC_ABK 16 0xffffffff 67
AiM RD_MAC 0 0xffffffff
AiM WR_BIAS 0 0xffffffff
AiM MAC_ABK 16 0xffffffff 83
AiM RD_MAC 0 0xffffffff
AiM WR_BIAS 0 0xffffffff
AiM MAC_ABK 16 0xffffffff 99
AiM RD_MAC 0 0xffffffff
AiM WR_BIAS 0 0xffffffff
AiM MAC_ABK 16 0xffffffff 115
AiM RD_MAC 0 0xffffffff
AiM WR_BIAS 0 0xffffffff
AiM MAC_ABK 16 0xffffffff 131
AiM RD_MAC 0 0xffffffff
AiM WR_BIAS 0 0xffffffff
AiM MAC_ABK 16 0xffffffff 147
AiM RD_MAC 0 0xffffffff
AiM WR_BIAS 0 0xffffffff
AiM MAC_ABK 16 0xffffffff 163
AiM RD_MAC 0 0xffffffff
AiM WR_GB 16 0 0xffffffff
AiM WR_BIAS 0 0xffffffff
AiM MAC_ABK 16 0xffffffff 52
AiM RD_MAC 0 0xffffffff
AiM WR_BIAS 0 0xffffffff
AiM MAC_ABK 16 0xffffffff 68
AiM RD_MAC 0 0xffffffff
AiM WR_BIAS 0 0xffffffff
AiM MAC_ABK 16 0xffffffff 84
AiM RD_MAC 0 0xffffffff
AiM WR_BIAS 0 0xffffffff
AiM MAC_ABK 16 0xffffffff 100
AiM RD_MAC 0 0xffffffff
AiM WR_BIAS 0 0xffffffff
AiM MAC_ABK 16 0xffffffff 116
AiM RD_MAC 0 0xffffffff
AiM WR_BIAS 0 0xffffffff
AiM MAC_ABK 16 0xffffffff 132
AiM RD_MAC 0 0xffffffff
AiM WR_BIAS 0 0xffffffff
AiM MAC_ABK 16 0xffffffff 148
AiM RD_MAC 0 0xffffffff
AiM WR_BIAS 0 0xffffffff
AiM MAC_ABK 16 0xffffffff 164
AiM RD_MAC 0 0xffffffff
AiM WR_GB 16 0 0xffffffff
AiM WR_BIAS 0 0xffffffff
AiM MAC_ABK 16 0xffffffff 45
AiM RD_MAC 0 0xffffffff
AiM WR_BIAS 0 0xffffffff
AiM MAC_ABK 16 0xffffffff 61
AiM RD_MAC 0 0xffffffff
AiM WR_BIAS 0 0xffffffff
AiM MAC_ABK 16 0xffffffff 77
AiM RD_MAC 0 0xffffffff
AiM WR_BIAS 0 0xffffffff
AiM MAC_ABK 16 0xffffffff 93
AiM RD_MAC 0 0xffffffff
AiM WR_BIAS 0 0xffffffff
AiM MAC_ABK 16 0xffffffff 109
AiM RD_MAC 0 0xffffffff
AiM WR_BIAS 0 0xffffffff
AiM MAC_ABK 16 0xffffffff 125
AiM RD_MAC 0 0xffffffff
AiM WR_BIAS 0 0xffffffff
AiM MAC_ABK 16 0xffffffff 141
AiM RD_MAC 0 0xffffffff
AiM WR_BIAS 0 0xffffffff
AiM MAC_ABK 16 0xffffffff 157
AiM RD_MAC 0 0xffffffff
AiM WR_GB 16 0 0xffffffff
AiM WR_BIAS 0 0xffffffff
AiM MAC_ABK 16 0xffffffff 46
AiM RD_MAC 0 0xffffffff
AiM WR_BIAS 0 0xffffffff
AiM MAC_ABK 16 0xffffffff 62
AiM RD_MAC 0 0xffffffff
AiM WR_BIAS 0 0xffffffff
AiM MAC_ABK 16 0xffffffff 78
AiM RD_MAC 0 0xffffffff
AiM WR_BIAS 0 0xffffffff
AiM MAC_ABK 16 0xffffffff 94
AiM RD_MAC 0 0xffffffff
AiM WR_BIAS 0 0xffffffff
AiM MAC_ABK 16 0xffffffff 110
AiM RD_MAC 0 0xffffffff
AiM WR_BIAS 0 0xffffffff
AiM MAC_ABK 16 0xffffffff 126
AiM RD_MAC 0 0xffffffff
AiM WR_BIAS 0 0xffffffff
AiM MAC_ABK 16 0xffffffff 142
AiM RD_MAC 0 0xffffffff
AiM WR_BIAS 0 0xffffffff
AiM MAC_ABK 16 0xffffffff 158
AiM RD_MAC 0 0xffffffff
AiM WR_GB 16 0 0xffffffff
AiM WR_BIAS 0 0xffffffff
AiM MAC_ABK 16 0xffffffff 47
AiM RD_MAC 0 0xffffffff
AiM WR_BIAS 0 0xffffffff
AiM MAC_ABK 16 0xffffffff 63
AiM RD_MAC 0 0xffffffff
AiM WR_BIAS 0 0xffffffff
AiM MAC_ABK 16 0xffffffff 79
AiM RD_MAC 0 0xffffffff
AiM WR_BIAS 0 0xffffffff
AiM MAC_ABK 16 0xffffffff 95
AiM RD_MAC 0 0xffffffff
AiM WR_BIAS 0 0xffffffff
AiM MAC_ABK 16 0xffffffff 111
AiM RD_MAC 0 0xffffffff
AiM WR_BIAS 0 0xffffffff
AiM MAC_ABK 16 0xffffffff 127
AiM RD_MAC 0 0xffffffff
AiM WR_BIAS 0 0xffffffff
AiM MAC_ABK 16 0xffffffff 143
AiM RD_MAC 0 0xffffffff
AiM WR_BIAS 0 0xffffffff
AiM MAC_ABK 16 0xffffffff 159
AiM RD_MAC 0 0xffffffff
AiM WR_GB 16 0 0xffffffff
AiM WR_BIAS 0 0xffffffff
AiM MAC_ABK 16 0xffffffff 48
AiM RD_MAC 0 0xffffffff
AiM WR_BIAS 0 0xffffffff
AiM MAC_ABK 16 0xffffffff 64
AiM RD_MAC 0 0xffffffff
AiM WR_BIAS 0 0xffffffff
AiM MAC_ABK 16 0xffffffff 80
AiM RD_MAC 0 0xffffffff
AiM WR_BIAS 0 0xffffffff
AiM MAC_ABK 16 0xffffffff 96
AiM RD_MAC 0 0xffffffff
AiM WR_BIAS 0 0xffffffff
AiM MAC_ABK 16 0xffffffff 112
AiM RD_MAC 0 0xffffffff
AiM WR_BIAS 0 0xffffffff
AiM MAC_ABK 16 0xffffffff 128
AiM RD_MAC 0 0xffffffff
AiM WR_BIAS 0 0xffffffff
AiM MAC_ABK 16 0xffffffff 144
AiM RD_MAC 0 0xffffffff
AiM WR_BIAS 0 0xffffffff
AiM MAC_ABK 16 0xffffffff 160
AiM RD_MAC 0 0xffffffff
AiM WR_GB 16 0 0xffffffff
AiM WR_BIAS 0 0xffffffff
AiM MAC_ABK 16 0xffffffff 49
AiM RD_MAC 0 0xffffffff
AiM WR_BIAS 0 0xffffffff
AiM MAC_ABK 16 0xffffffff 65
AiM RD_MAC 0 0xffffffff
AiM WR_BIAS 0 0xffffffff
AiM MAC_ABK 16 0xffffffff 81
AiM RD_MAC 0 0xffffffff
AiM WR_BIAS 0 0xffffffff
AiM MAC_ABK 16 0xffffffff 97
AiM RD_MAC 0 0xffffffff
AiM WR_BIAS 0 0xffffffff
AiM MAC_ABK 16 0xffffffff 113
AiM RD_MAC 0 0xffffffff
AiM WR_BIAS 0 0xffffffff
AiM MAC_ABK 16 0xffffffff 129
AiM RD_MAC 0 0xffffffff
AiM WR_BIAS 0 0xffffffff
AiM MAC_ABK 16 0xffffffff 145
AiM RD_MAC 0 0xffffffff
AiM WR_BIAS 0 0xffffffff
AiM MAC_ABK 16 0xffffffff 161
AiM RD_MAC 0 0xffffffff
AiM WR_GB 16 0 0xffffffff
AiM WR_BIAS 0 0xffffffff
AiM MAC_ABK 16 0xffffffff 50
AiM RD_MAC 0 0xffffffff
AiM WR_BIAS 0 0xffffffff
AiM MAC_ABK 16 0xffffffff 66
AiM RD_MAC 0 0xffffffff
AiM WR_BIAS 0 0xffffffff
AiM MAC_ABK 16 0xffffffff 82
AiM RD_MAC 0 0xffffffff
AiM WR_BIAS 0 0xffffffff
AiM MAC_ABK 16 0xffffffff 98
AiM RD_MAC 0 0xffffffff
AiM WR_BIAS 0 0xffffffff
AiM MAC_ABK 16 0xffffffff 114
AiM RD_MAC 0 0xffffffff
AiM WR_BIAS 0 0xffffffff
AiM MAC_ABK 16 0xffffffff 130
AiM RD_MAC 0 0xffffffff
AiM WR_BIAS 0 0xffffffff
AiM MAC_ABK 16 0xffffffff 146
AiM RD_MAC 0 0xffffffff
AiM WR_BIAS 0 0xffffffff
AiM MAC_ABK 16 0xffffffff 162
AiM RD_MAC 0 0xffffffff
AiM WR_GB 16 0 0xffffffff
AiM WR_BIAS 0 0xffffffff
AiM MAC_ABK 16 0xffffffff 51
AiM RD_MAC 0 0xffffffff
AiM WR_BIAS 0 0xffffffff
AiM MAC_ABK 16 0xffffffff 67
AiM RD_MAC 0 0xffffffff
AiM WR_BIAS 0 0xffffffff
AiM MAC_ABK 16 0xffffffff 83
AiM RD_MAC 0 0xffffffff
AiM WR_BIAS 0 0xffffffff
AiM MAC_ABK 16 0xffffffff 99
AiM RD_MAC 0 0xffffffff
AiM WR_BIAS 0 0xffffffff
AiM MAC_ABK 16 0xffffffff 115
AiM RD_MAC 0 0xffffffff
AiM WR_BIAS 0 0xffffffff
AiM MAC_ABK 16 0xffffffff 131
AiM RD_MAC 0 0xffffffff
AiM WR_BIAS 0 0xffffffff
AiM MAC_ABK 16 0xffffffff 147
AiM RD_MAC 0 0xffffffff
AiM WR_BIAS 0 0xffffffff
AiM MAC_ABK 16 0xffffffff 163
AiM RD_MAC 0 0xffffffff
AiM WR_GB 16 0 0xffffffff
AiM WR_BIAS 0 0xffffffff
AiM MAC_ABK 16 0xffffffff 52
AiM RD_MAC 0 0xffffffff
AiM WR_BIAS 0 0xffffffff
AiM MAC_ABK 16 0xffffffff 68
AiM RD_MAC 0 0xffffffff
AiM WR_BIAS 0 0xffffffff
AiM MAC_ABK 16 0xffffffff 84
AiM RD_MAC 0 0xffffffff
AiM WR_BIAS 0 0xffffffff
AiM MAC_ABK 16 0xffffffff 100
AiM RD_MAC 0 0xffffffff
AiM WR_BIAS 0 0xffffffff
AiM MAC_ABK 16 0xffffffff 116
AiM RD_MAC 0 0xffffffff
AiM WR_BIAS 0 0xffffffff
AiM MAC_ABK 16 0xffffffff 132
AiM RD_MAC 0 0xffffffff
AiM WR_BIAS 0 0xffffffff
AiM MAC_ABK 16 0xffffffff 148
AiM RD_MAC 0 0xffffffff
AiM WR_BIAS 0 0xffffffff
AiM MAC_ABK 16 0xffffffff 164
AiM RD_MAC 0 0xffffffff
AiM WR_GB 16 0 0xffffffff
AiM WR_BIAS 0 0xffffffff
AiM MAC_ABK 16 0xffffffff 45
AiM RD_MAC 0 0xffffffff
AiM WR_BIAS 0 0xffffffff
AiM MAC_ABK 16 0xffffffff 61
AiM RD_MAC 0 0xffffffff
AiM WR_BIAS 0 0xffffffff
AiM MAC_ABK 16 0xffffffff 77
AiM RD_MAC 0 0xffffffff
AiM WR_BIAS 0 0xffffffff
AiM MAC_ABK 16 0xffffffff 93
AiM RD_MAC 0 0xffffffff
AiM WR_BIAS 0 0xffffffff
AiM MAC_ABK 16 0xffffffff 109
AiM RD_MAC 0 0xffffffff
AiM WR_BIAS 0 0xffffffff
AiM MAC_ABK 16 0xffffffff 125
AiM RD_MAC 0 0xffffffff
AiM WR_BIAS 0 0xffffffff
AiM MAC_ABK 16 0xffffffff 141
AiM RD_MAC 0 0xffffffff
AiM WR_BIAS 0 0xffffffff
AiM MAC_ABK 16 0xffffffff 157
AiM RD_MAC 0 0xffffffff
AiM WR_GB 16 0 0xffffffff
AiM WR_BIAS 0 0xffffffff
AiM MAC_ABK 16 0xffffffff 46
AiM RD_MAC 0 0xffffffff
AiM WR_BIAS 0 0xffffffff
AiM MAC_ABK 16 0xffffffff 62
AiM RD_MAC 0 0xffffffff
AiM WR_BIAS 0 0xffffffff
AiM MAC_ABK 16 0xffffffff 78
AiM RD_MAC 0 0xffffffff
AiM WR_BIAS 0 0xffffffff
AiM MAC_ABK 16 0xffffffff 94
AiM RD_MAC 0 0xffffffff
AiM WR_BIAS 0 0xffffffff
AiM MAC_ABK 16 0xffffffff 110
AiM RD_MAC 0 0xffffffff
AiM WR_BIAS 0 0xffffffff
AiM MAC_ABK 16 0xffffffff 126
AiM RD_MAC 0 0xffffffff
AiM WR_BIAS 0 0xffffffff
AiM MAC_ABK 16 0xffffffff 142
AiM RD_MAC 0 0xffffffff
AiM WR_BIAS 0 0xffffffff
AiM MAC_ABK 16 0xffffffff 158
AiM RD_MAC 0 0xffffffff
AiM WR_GB 16 0 0xffffffff
AiM WR_BIAS 0 0xffffffff
AiM MAC_ABK 16 0xffffffff 47
AiM RD_MAC 0 0xffffffff
AiM WR_BIAS 0 0xffffffff
AiM MAC_ABK 16 0xffffffff 63
AiM RD_MAC 0 0xffffffff
AiM WR_BIAS 0 0xffffffff
AiM MAC_ABK 16 0xffffffff 79
AiM RD_MAC 0 0xffffffff
AiM WR_BIAS 0 0xffffffff
AiM MAC_ABK 16 0xffffffff 95
AiM RD_MAC 0 0xffffffff
AiM WR_BIAS 0 0xffffffff
AiM MAC_ABK 16 0xffffffff 111
AiM RD_MAC 0 0xffffffff
AiM WR_BIAS 0 0xffffffff
AiM MAC_ABK 16 0xffffffff 127
AiM RD_MAC 0 0xffffffff
AiM WR_BIAS 0 0xffffffff
AiM MAC_ABK 16 0xffffffff 143
AiM RD_MAC 0 0xffffffff
AiM WR_BIAS 0 0xffffffff
AiM MAC_ABK 16 0xffffffff 159
AiM RD_MAC 0 0xffffffff
AiM WR_GB 16 0 0xffffffff
AiM WR_BIAS 0 0xffffffff
AiM MAC_ABK 16 0xffffffff 48
AiM RD_MAC 0 0xffffffff
AiM WR_BIAS 0 0xffffffff
AiM MAC_ABK 16 0xffffffff 64
AiM RD_MAC 0 0xffffffff
AiM WR_BIAS 0 0xffffffff
AiM MAC_ABK 16 0xffffffff 80
AiM RD_MAC 0 0xffffffff
AiM WR_BIAS 0 0xffffffff
AiM MAC_ABK 16 0xffffffff 96
AiM RD_MAC 0 0xffffffff
AiM WR_BIAS 0 0xffffffff
AiM MAC_ABK 16 0xffffffff 112
AiM RD_MAC 0 0xffffffff
AiM WR_BIAS 0 0xffffffff
AiM MAC_ABK 16 0xffffffff 128
AiM RD_MAC 0 0xffffffff
AiM WR_BIAS 0 0xffffffff
AiM MAC_ABK 16 0xffffffff 144
AiM RD_MAC 0 0xffffffff
AiM WR_BIAS 0 0xffffffff
AiM MAC_ABK 16 0xffffffff 160
AiM RD_MAC 0 0xffffffff
AiM WR_GB 16 0 0xffffffff
AiM WR_BIAS 0 0xffffffff
AiM MAC_ABK 16 0xffffffff 49
AiM RD_MAC 0 0xffffffff
AiM WR_BIAS 0 0xffffffff
AiM MAC_ABK 16 0xffffffff 65
AiM RD_MAC 0 0xffffffff
AiM WR_BIAS 0 0xffffffff
AiM MAC_ABK 16 0xffffffff 81
AiM RD_MAC 0 0xffffffff
AiM WR_BIAS 0 0xffffffff
AiM MAC_ABK 16 0xffffffff 97
AiM RD_MAC 0 0xffffffff
AiM WR_BIAS 0 0xffffffff
AiM MAC_ABK 16 0xffffffff 113
AiM RD_MAC 0 0xffffffff
AiM WR_BIAS 0 0xffffffff
AiM MAC_ABK 16 0xffffffff 129
AiM RD_MAC 0 0xffffffff
AiM WR_BIAS 0 0xffffffff
AiM MAC_ABK 16 0xffffffff 145
AiM RD_MAC 0 0xffffffff
AiM WR_BIAS 0 0xffffffff
AiM MAC_ABK 16 0xffffffff 161
AiM RD_MAC 0 0xffffffff
AiM WR_GB 16 0 0xffffffff
AiM WR_BIAS 0 0xffffffff
AiM MAC_ABK 16 0xffffffff 50
AiM RD_MAC 0 0xffffffff
AiM WR_BIAS 0 0xffffffff
AiM MAC_ABK 16 0xffffffff 66
AiM RD_MAC 0 0xffffffff
AiM WR_BIAS 0 0xffffffff
AiM MAC_ABK 16 0xffffffff 82
AiM RD_MAC 0 0xffffffff
AiM WR_BIAS 0 0xffffffff
AiM MAC_ABK 16 0xffffffff 98
AiM RD_MAC 0 0xffffffff
AiM WR_BIAS 0 0xffffffff
AiM MAC_ABK 16 0xffffffff 114
AiM RD_MAC 0 0xffffffff
AiM WR_BIAS 0 0xffffffff
AiM MAC_ABK 16 0xffffffff 130
AiM RD_MAC 0 0xffffffff
AiM WR_BIAS 0 0xffffffff
AiM MAC_ABK 16 0xffffffff 146
AiM RD_MAC 0 0xffffffff
AiM WR_BIAS 0 0xffffffff
AiM MAC_ABK 16 0xffffffff 162
AiM RD_MAC 0 0xffffffff
AiM WR_GB 16 0 0xffffffff
AiM WR_BIAS 0 0xffffffff
AiM MAC_ABK 16 0xffffffff 51
AiM RD_MAC 0 0xffffffff
AiM WR_BIAS 0 0xffffffff
AiM MAC_ABK 16 0xffffffff 67
AiM RD_MAC 0 0xffffffff
AiM WR_BIAS 0 0xffffffff
AiM MAC_ABK 16 0xffffffff 83
AiM RD_MAC 0 0xffffffff
AiM WR_BIAS 0 0xffffffff
AiM MAC_ABK 16 0xffffffff 99
AiM RD_MAC 0 0xffffffff
AiM WR_BIAS 0 0xffffffff
AiM MAC_ABK 16 0xffffffff 115
AiM RD_MAC 0 0xffffffff
AiM WR_BIAS 0 0xffffffff
AiM MAC_ABK 16 0xffffffff 131
AiM RD_MAC 0 0xffffffff
AiM WR_BIAS 0 0xffffffff
AiM MAC_ABK 16 0xffffffff 147
AiM RD_MAC 0 0xffffffff
AiM WR_BIAS 0 0xffffffff
AiM MAC_ABK 16 0xffffffff 163
AiM RD_MAC 0 0xffffffff
AiM WR_GB 16 0 0xffffffff
AiM WR_BIAS 0 0xffffffff
AiM MAC_ABK 16 0xffffffff 52
AiM RD_MAC 0 0xffffffff
AiM WR_BIAS 0 0xffffffff
AiM MAC_ABK 16 0xffffffff 68
AiM RD_MAC 0 0xffffffff
AiM WR_BIAS 0 0xffffffff
AiM MAC_ABK 16 0xffffffff 84
AiM RD_MAC 0 0xffffffff
AiM WR_BIAS 0 0xffffffff
AiM MAC_ABK 16 0xffffffff 100
AiM RD_MAC 0 0xffffffff
AiM WR_BIAS 0 0xffffffff
AiM MAC_ABK 16 0xffffffff 116
AiM RD_MAC 0 0xffffffff
AiM WR_BIAS 0 0xffffffff
AiM MAC_ABK 16 0xffffffff 132
AiM RD_MAC 0 0xffffffff
AiM WR_BIAS 0 0xffffffff
AiM MAC_ABK 16 0xffffffff 148
AiM RD_MAC 0 0xffffffff
AiM WR_BIAS 0 0xffffffff
AiM MAC_ABK 16 0xffffffff 164
AiM RD_MAC 0 0xffffffff
AiM WR_GB 16 0 0xffffffff
AiM WR_BIAS 0 0xffffffff
AiM MAC_ABK 16 0xffffffff 45
AiM RD_MAC 0 0xffffffff
AiM WR_BIAS 0 0xffffffff
AiM MAC_ABK 16 0xffffffff 61
AiM RD_MAC 0 0xffffffff
AiM WR_BIAS 0 0xffffffff
AiM MAC_ABK 16 0xffffffff 77
AiM RD_MAC 0 0xffffffff
AiM WR_BIAS 0 0xffffffff
AiM MAC_ABK 16 0xffffffff 93
AiM RD_MAC 0 0xffffffff
AiM WR_BIAS 0 0xffffffff
AiM MAC_ABK 16 0xffffffff 109
AiM RD_MAC 0 0xffffffff
AiM WR_BIAS 0 0xffffffff
AiM MAC_ABK 16 0xffffffff 125
AiM RD_MAC 0 0xffffffff
AiM WR_BIAS 0 0xffffffff
AiM MAC_ABK 16 0xffffffff 141
AiM RD_MAC 0 0xffffffff
AiM WR_BIAS 0 0xffffffff
AiM MAC_ABK 16 0xffffffff 157
AiM RD_MAC 0 0xffffffff
AiM WR_GB 16 0 0xffffffff
AiM WR_BIAS 0 0xffffffff
AiM MAC_ABK 16 0xffffffff 46
AiM RD_MAC 0 0xffffffff
AiM WR_BIAS 0 0xffffffff
AiM MAC_ABK 16 0xffffffff 62
AiM RD_MAC 0 0xffffffff
AiM WR_BIAS 0 0xffffffff
AiM MAC_ABK 16 0xffffffff 78
AiM RD_MAC 0 0xffffffff
AiM WR_BIAS 0 0xffffffff
AiM MAC_ABK 16 0xffffffff 94
AiM RD_MAC 0 0xffffffff
AiM WR_BIAS 0 0xffffffff
AiM MAC_ABK 16 0xffffffff 110
AiM RD_MAC 0 0xffffffff
AiM WR_BIAS 0 0xffffffff
AiM MAC_ABK 16 0xffffffff 126
AiM RD_MAC 0 0xffffffff
AiM WR_BIAS 0 0xffffffff
AiM MAC_ABK 16 0xffffffff 142
AiM RD_MAC 0 0xffffffff
AiM WR_BIAS 0 0xffffffff
AiM MAC_ABK 16 0xffffffff 158
AiM RD_MAC 0 0xffffffff
AiM WR_GB 16 0 0xffffffff
AiM WR_BIAS 0 0xffffffff
AiM MAC_ABK 16 0xffffffff 47
AiM RD_MAC 0 0xffffffff
AiM WR_BIAS 0 0xffffffff
AiM MAC_ABK 16 0xffffffff 63
AiM RD_MAC 0 0xffffffff
AiM WR_BIAS 0 0xffffffff
AiM MAC_ABK 16 0xffffffff 79
AiM RD_MAC 0 0xffffffff
AiM WR_BIAS 0 0xffffffff
AiM MAC_ABK 16 0xffffffff 95
AiM RD_MAC 0 0xffffffff
AiM WR_BIAS 0 0xffffffff
AiM MAC_ABK 16 0xffffffff 111
AiM RD_MAC 0 0xffffffff
AiM WR_BIAS 0 0xffffffff
AiM MAC_ABK 16 0xffffffff 127
AiM RD_MAC 0 0xffffffff
AiM WR_BIAS 0 0xffffffff
AiM MAC_ABK 16 0xffffffff 143
AiM RD_MAC 0 0xffffffff
AiM WR_BIAS 0 0xffffffff
AiM MAC_ABK 16 0xffffffff 159
AiM RD_MAC 0 0xffffffff
AiM WR_GB 16 0 0xffffffff
AiM WR_BIAS 0 0xffffffff
AiM MAC_ABK 16 0xffffffff 48
AiM RD_MAC 0 0xffffffff
AiM WR_BIAS 0 0xffffffff
AiM MAC_ABK 16 0xffffffff 64
AiM RD_MAC 0 0xffffffff
AiM WR_BIAS 0 0xffffffff
AiM MAC_ABK 16 0xffffffff 80
AiM RD_MAC 0 0xffffffff
AiM WR_BIAS 0 0xffffffff
AiM MAC_ABK 16 0xffffffff 96
AiM RD_MAC 0 0xffffffff
AiM WR_BIAS 0 0xffffffff
AiM MAC_ABK 16 0xffffffff 112
AiM RD_MAC 0 0xffffffff
AiM WR_BIAS 0 0xffffffff
AiM MAC_ABK 16 0xffffffff 128
AiM RD_MAC 0 0xffffffff
AiM WR_BIAS 0 0xffffffff
AiM MAC_ABK 16 0xffffffff 144
AiM RD_MAC 0 0xffffffff
AiM WR_BIAS 0 0xffffffff
AiM MAC_ABK 16 0xffffffff 160
AiM RD_MAC 0 0xffffffff
AiM WR_GB 16 0 0xffffffff
AiM WR_BIAS 0 0xffffffff
AiM MAC_ABK 16 0xffffffff 49
AiM RD_MAC 0 0xffffffff
AiM WR_BIAS 0 0xffffffff
AiM MAC_ABK 16 0xffffffff 65
AiM RD_MAC 0 0xffffffff
AiM WR_BIAS 0 0xffffffff
AiM MAC_ABK 16 0xffffffff 81
AiM RD_MAC 0 0xffffffff
AiM WR_BIAS 0 0xffffffff
AiM MAC_ABK 16 0xffffffff 97
AiM RD_MAC 0 0xffffffff
AiM WR_BIAS 0 0xffffffff
AiM MAC_ABK 16 0xffffffff 113
AiM RD_MAC 0 0xffffffff
AiM WR_BIAS 0 0xffffffff
AiM MAC_ABK 16 0xffffffff 129
AiM RD_MAC 0 0xffffffff
AiM WR_BIAS 0 0xffffffff
AiM MAC_ABK 16 0xffffffff 145
AiM RD_MAC 0 0xffffffff
AiM WR_BIAS 0 0xffffffff
AiM MAC_ABK 16 0xffffffff 161
AiM RD_MAC 0 0xffffffff
AiM WR_GB 16 0 0xffffffff
AiM WR_BIAS 0 0xffffffff
AiM MAC_ABK 16 0xffffffff 50
AiM RD_MAC 0 0xffffffff
AiM WR_BIAS 0 0xffffffff
AiM MAC_ABK 16 0xffffffff 66
AiM RD_MAC 0 0xffffffff
AiM WR_BIAS 0 0xffffffff
AiM MAC_ABK 16 0xffffffff 82
AiM RD_MAC 0 0xffffffff
AiM WR_BIAS 0 0xffffffff
AiM MAC_ABK 16 0xffffffff 98
AiM RD_MAC 0 0xffffffff
AiM WR_BIAS 0 0xffffffff
AiM MAC_ABK 16 0xffffffff 114
AiM RD_MAC 0 0xffffffff
AiM WR_BIAS 0 0xffffffff
AiM MAC_ABK 16 0xffffffff 130
AiM RD_MAC 0 0xffffffff
AiM WR_BIAS 0 0xffffffff
AiM MAC_ABK 16 0xffffffff 146
AiM RD_MAC 0 0xffffffff
AiM WR_BIAS 0 0xffffffff
AiM MAC_ABK 16 0xffffffff 162
AiM RD_MAC 0 0xffffffff
AiM WR_GB 16 0 0xffffffff
AiM WR_BIAS 0 0xffffffff
AiM MAC_ABK 16 0xffffffff 51
AiM RD_MAC 0 0xffffffff
AiM WR_BIAS 0 0xffffffff
AiM MAC_ABK 16 0xffffffff 67
AiM RD_MAC 0 0xffffffff
AiM WR_BIAS 0 0xffffffff
AiM MAC_ABK 16 0xffffffff 83
AiM RD_MAC 0 0xffffffff
AiM WR_BIAS 0 0xffffffff
AiM MAC_ABK 16 0xffffffff 99
AiM RD_MAC 0 0xffffffff
AiM WR_BIAS 0 0xffffffff
AiM MAC_ABK 16 0xffffffff 115
AiM RD_MAC 0 0xffffffff
AiM WR_BIAS 0 0xffffffff
AiM MAC_ABK 16 0xffffffff 131
AiM RD_MAC 0 0xffffffff
AiM WR_BIAS 0 0xffffffff
AiM MAC_ABK 16 0xffffffff 147
AiM RD_MAC 0 0xffffffff
AiM WR_BIAS 0 0xffffffff
AiM MAC_ABK 16 0xffffffff 163
AiM RD_MAC 0 0xffffffff
AiM WR_GB 16 0 0xffffffff
AiM WR_BIAS 0 0xffffffff
AiM MAC_ABK 16 0xffffffff 52
AiM RD_MAC 0 0xffffffff
AiM WR_BIAS 0 0xffffffff
AiM MAC_ABK 16 0xffffffff 68
AiM RD_MAC 0 0xffffffff
AiM WR_BIAS 0 0xffffffff
AiM MAC_ABK 16 0xffffffff 84
AiM RD_MAC 0 0xffffffff
AiM WR_BIAS 0 0xffffffff
AiM MAC_ABK 16 0xffffffff 100
AiM RD_MAC 0 0xffffffff
AiM WR_BIAS 0 0xffffffff
AiM MAC_ABK 16 0xffffffff 116
AiM RD_MAC 0 0xffffffff
AiM WR_BIAS 0 0xffffffff
AiM MAC_ABK 16 0xffffffff 132
AiM RD_MAC 0 0xffffffff
AiM WR_BIAS 0 0xffffffff
AiM MAC_ABK 16 0xffffffff 148
AiM RD_MAC 0 0xffffffff
AiM WR_BIAS 0 0xffffffff
AiM MAC_ABK 16 0xffffffff 164
AiM RD_MAC 0 0xffffffff
AiM EOC
