AiM WR_GB 8 0 0xffffffff
AiM WR_BIAS 0 0xffffffff
AiM MAC_ABK 8 0xffffffff 45
AiM RD_MAC 0 0xffffffff
AiM WR_BIAS 0 0xffffffff
AiM MAC_ABK 8 0xffffffff 61
AiM RD_MAC 0 0xffffffff
AiM WR_GB 8 0 0xffffffff
AiM WR_BIAS 0 0xffffffff
AiM MAC_ABK 8 0xffffffff 45
AiM RD_MAC 0 0xffffffff
AiM WR_BIAS 0 0xffffffff
AiM MAC_ABK 8 0xffffffff 61
AiM RD_MAC 0 0xffffffff
AiM WR_GB 8 0 0xffffffff
AiM WR_BIAS 0 0xffffffff
AiM MAC_ABK 8 0xffffffff 45
AiM RD_MAC 0 0xffffffff
AiM WR_BIAS 0 0xffffffff
AiM MAC_ABK 8 0xffffffff 61
AiM RD_MAC 0 0xffffffff
AiM WR_GB 8 0 0xffffffff
AiM WR_BIAS 0 0xffffffff
AiM MAC_ABK 8 0xffffffff 45
AiM RD_MAC 0 0xffffffff
AiM WR_BIAS 0 0xffffffff
AiM MAC_ABK 8 0xffffffff 61
AiM RD_MAC 0 0xffffffff
AiM WR_GB 16 0 0xffffffff
AiM WR_BIAS 0 0xffffffff
AiM MAC_ABK 16 0xffffffff 45
AiM RD_MAC 0 0xffffffff
AiM WR_BIAS 0 0xffffffff
AiM MAC_ABK 16 0xffffffff 61
AiM RD_MAC 0 0xffffffff
AiM WR_GB 16 0 0xffffffff
AiM WR_BIAS 0 0xffffffff
AiM MAC_ABK 16 0xffffffff 45
AiM RD_MAC 0 0xffffffff
AiM WR_BIAS 0 0xffffffff
AiM MAC_ABK 16 0xffffffff 61
AiM RD_MAC 0 0xffffffff
AiM WR_GB 16 0 0xffffffff
AiM WR_BIAS 0 0xffffffff
AiM MAC_ABK 16 0xffffffff 45
AiM RD_MAC 0 0xffffffff
AiM WR_BIAS 0 0xffffffff
AiM MAC_ABK 16 0xffffffff 61
AiM RD_MAC 0 0xffffffff
AiM WR_GB 16 0 0xffffffff
AiM WR_BIAS 0 0xffffffff
AiM MAC_ABK 16 0xffffffff 45
AiM RD_MAC 0 0xffffffff
AiM WR_BIAS 0 0xffffffff
AiM MAC_ABK 16 0xffffffff 61
AiM RD_MAC 0 0xffffffff
AiM WR_GB 16 0 0xffffffff
AiM WR_BIAS 0 0xffffffff
AiM MAC_ABK 16 0xffffffff 45
AiM RD_MAC 0 0xffffffff
AiM WR_BIAS 0 0xffffffff
AiM MAC_ABK 16 0xffffffff 61
AiM RD_MAC 0 0xffffffff
AiM WR_GB 16 0 0xffffffff
AiM WR_BIAS 0 0xffffffff
AiM MAC_ABK 16 0xffffffff 46
AiM RD_MAC 0 0xffffffff
AiM WR_BIAS 0 0xffffffff
AiM MAC_ABK 16 0xffffffff 62
AiM RD_MAC 0 0xffffffff
AiM WR_GB 16 0 0xffffffff
AiM WR_BIAS 0 0xffffffff
AiM MAC_ABK 16 0xffffffff 45
AiM RD_MAC 0 0xffffffff
AiM WR_BIAS 0 0xffffffff
AiM MAC_ABK 16 0xffffffff 61
AiM RD_MAC 0 0xffffffff
AiM WR_GB 16 0 0xffffffff
AiM WR_BIAS 0 0xffffffff
AiM MAC_ABK 16 0xffffffff 46
AiM RD_MAC 0 0xffffffff
AiM WR_BIAS 0 0xffffffff
AiM MAC_ABK 16 0xffffffff 62
AiM RD_MAC 0 0xffffffff
AiM WR_GB 16 0 0xffffffff
AiM WR_BIAS 0 0xffffffff
AiM MAC_ABK 16 0xffffffff 45
AiM RD_MAC 0 0xffffffff
AiM WR_BIAS 0 0xffffffff
AiM MAC_ABK 16 0xffffffff 61
AiM RD_MAC 0 0xffffffff
AiM WR_GB 16 0 0xffffffff
AiM WR_BIAS 0 0xffffffff
AiM MAC_ABK 16 0xffffffff 46
AiM RD_MAC 0 0xffffffff
AiM WR_BIAS 0 0xffffffff
AiM MAC_ABK 16 0xffffffff 62
AiM RD_MAC 0 0xffffffff
AiM WR_GB 16 0 0xffffffff
AiM WR_BIAS 0 0xffffffff
AiM MAC_ABK 16 0xffffffff 45
AiM RD_MAC 0 0xffffffff
AiM WR_BIAS 0 0xffffffff
AiM MAC_ABK 16 0xffffffff 61
AiM RD_MAC 0 0xffffffff
AiM WR_GB 16 0 0xffffffff
AiM WR_BIAS 0 0xffffffff
AiM MAC_ABK 16 0xffffffff 46
AiM RD_MAC 0 0xffffffff
AiM WR_BIAS 0 0xffffffff
AiM MAC_ABK 16 0xffffffff 62
AiM RD_MAC 0 0xffffffff
AiM WR_GB 16 0 0xffffffff
AiM WR_BIAS 0 0xffffffff
AiM MAC_ABK 16 0xffffffff 45
AiM RD_MAC 0 0xffffffff
AiM WR_BIAS 0 0xffffffff
AiM MAC_ABK 16 0xffffffff 61
AiM RD_MAC 0 0xffffffff
AiM WR_GB 16 0 0xffffffff
AiM WR_BIAS 0 0xffffffff
AiM MAC_ABK 16 0xffffffff 46
AiM RD_MAC 0 0xffffffff
AiM WR_BIAS 0 0xffffffff
AiM MAC_ABK 16 0xffffffff 62
AiM RD_MAC 0 0xffffffff
AiM WR_GB 16 0 0xffffffff
AiM WR_BIAS 0 0xffffffff
AiM MAC_ABK 16 0xffffffff 47
AiM RD_MAC 0 0xffffffff
AiM WR_BIAS 0 0xffffffff
AiM MAC_ABK 16 0xffffffff 63
AiM RD_MAC 0 0xffffffff
AiM WR_GB 16 0 0xffffffff
AiM WR_BIAS 0 0xffffffff
AiM MAC_ABK 16 0xffffffff 48
AiM RD_MAC 0 0xffffffff
AiM WR_BIAS 0 0xffffffff
AiM MAC_ABK 16 0xffffffff 64
AiM RD_MAC 0 0xffffffff
AiM WR_GB 16 0 0xffffffff
AiM WR_BIAS 0 0xffffffff
AiM MAC_ABK 16 0xffffffff 45
AiM RD_MAC 0 0xffffffff
AiM WR_BIAS 0 0xffffffff
AiM MAC_ABK 16 0xffffffff 61
AiM RD_MAC 0 0xffffffff
AiM WR_GB 16 0 0xffffffff
AiM WR_BIAS 0 0xffffffff
AiM MAC_ABK 16 0xffffffff 46
AiM RD_MAC 0 0xffffffff
AiM WR_BIAS 0 0xffffffff
AiM MAC_ABK 16 0xffffffff 62
AiM RD_MAC 0 0xffffffff
AiM WR_GB 16 0 0xffffffff
AiM WR_BIAS 0 0xffffffff
AiM MAC_ABK 16 0xffffffff 47
AiM RD_MAC 0 0xffffffff
AiM WR_BIAS 0 0xffffffff
AiM MAC_ABK 16 0xffffffff 63
AiM RD_MAC 0 0xffffffff
AiM WR_GB 16 0 0xffffffff
AiM WR_BIAS 0 0xffffffff
AiM MAC_ABK 16 0xffffffff 48
AiM RD_MAC 0 0xffffffff
AiM WR_BIAS 0 0xffffffff
AiM MAC_ABK 16 0xffffffff 64
AiM RD_MAC 0 0xffffffff
AiM WR_GB 16 0 0xffffffff
AiM WR_BIAS 0 0xffffffff
AiM MAC_ABK 16 0xffffffff 45
AiM RD_MAC 0 0xffffffff
AiM WR_BIAS 0 0xffffffff
AiM MAC_ABK 16 0xffffffff 61
AiM RD_MAC 0 0xffffffff
AiM WR_GB 16 0 0xffffffff
AiM WR_BIAS 0 0xffffffff
AiM MAC_ABK 16 0xffffffff 46
AiM RD_MAC 0 0xffffffff
AiM WR_BIAS 0 0xffffffff
AiM MAC_ABK 16 0xffffffff 62
AiM RD_MAC 0 0xffffffff
AiM WR_GB 16 0 0xffffffff
AiM WR_BIAS 0 0xffffffff
AiM MAC_ABK 16 0xffffffff 47
AiM RD_MAC 0 0xffffffff
AiM WR_BIAS 0 0xffffffff
AiM MAC_ABK 16 0xffffffff 63
AiM RD_MAC 0 0xffffffff
AiM WR_GB 16 0 0xffffffff
AiM WR_BIAS 0 0xffffffff
AiM MAC_ABK 16 0xffffffff 48
AiM RD_MAC 0 0xffffffff
AiM WR_BIAS 0 0xffffffff
AiM MAC_ABK 16 0xffffffff 64
AiM RD_MAC 0 0xffffffff
AiM WR_GB 16 0 0xffffffff
AiM WR_BIAS 0 0xffffffff
AiM MAC_ABK 16 0xffffffff 45
AiM RD_MAC 0 0xffffffff
AiM WR_BIAS 0 0xffffffff
AiM MAC_ABK 16 0xffffffff 61
AiM RD_MAC 0 0xffffffff
AiM WR_GB 16 0 0xffffffff
AiM WR_BIAS 0 0xffffffff
AiM MAC_ABK 16 0xffffffff 46
AiM RD_MAC 0 0xffffffff
AiM WR_BIAS 0 0xffffffff
AiM MAC_ABK 16 0xffffffff 62
AiM RD_MAC 0 0xffffffff
AiM WR_GB 16 0 0xffffffff
AiM WR_BIAS 0 0xffffffff
AiM MAC_ABK 16 0xffffffff 47
AiM RD_MAC 0 0xffffffff
AiM WR_BIAS 0 0xffffffff
AiM MAC_ABK 16 0xffffffff 63
AiM RD_MAC 0 0xffffffff
AiM WR_GB 16 0 0xffffffff
AiM WR_BIAS 0 0xffffffff
AiM MAC_ABK 16 0xffffffff 48
AiM RD_MAC 0 0xffffffff
AiM WR_BIAS 0 0xffffffff
AiM MAC_ABK 16 0xffffffff 64
AiM RD_MAC 0 0xffffffff
AiM WR_GB 16 0 0xffffffff
AiM WR_BIAS 0 0xffffffff
AiM MAC_ABK 16 0xffffffff 45
AiM RD_MAC 0 0xffffffff
AiM WR_BIAS 0 0xffffffff
AiM MAC_ABK 16 0xffffffff 61
AiM RD_MAC 0 0xffffffff
AiM WR_GB 16 0 0xffffffff
AiM WR_BIAS 0 0xffffffff
AiM MAC_ABK 16 0xffffffff 46
AiM RD_MAC 0 0xffffffff
AiM WR_BIAS 0 0xffffffff
AiM MAC_ABK 16 0xffffffff 62
AiM RD_MAC 0 0xffffffff
AiM WR_GB 16 0 0xffffffff
AiM WR_BIAS 0 0xffffffff
AiM MAC_ABK 16 0xffffffff 47
AiM RD_MAC 0 0xffffffff
AiM WR_BIAS 0 0xffffffff
AiM MAC_ABK 16 0xffffffff 63
AiM RD_MAC 0 0xffffffff
AiM WR_GB 16 0 0xffffffff
AiM WR_BIAS 0 0xffffffff
AiM MAC_ABK 16 0xffffffff 48
AiM RD_MAC 0 0xffffffff
AiM WR_BIAS 0 0xffffffff
AiM MAC_ABK 16 0xffffffff 64
AiM RD_MAC 0 0xffffffff
AiM WR_GB 16 0 0xffffffff
AiM WR_BIAS 0 0xffffffff
AiM MAC_ABK 16 0xffffffff 49
AiM RD_MAC 0 0xffffffff
AiM WR_BIAS 0 0xffffffff
AiM MAC_ABK 16 0xffffffff 65
AiM RD_MAC 0 0xffffffff
AiM WR_GB 16 0 0xffffffff
AiM WR_BIAS 0 0xffffffff
AiM MAC_ABK 16 0xffffffff 50
AiM RD_MAC 0 0xffffffff
AiM WR_BIAS 0 0xffffffff
AiM MAC_ABK 16 0xffffffff 66
AiM RD_MAC 0 0xffffffff
AiM WR_GB 16 0 0xffffffff
AiM WR_BIAS 0 0xffffffff
AiM MAC_ABK 16 0xffffffff 51
AiM RD_MAC 0 0xffffffff
AiM WR_BIAS 0 0xffffffff
AiM MAC_ABK 16 0xffffffff 67
AiM RD_MAC 0 0xffffffff
AiM WR_GB 16 0 0xffffffff
AiM WR_BIAS 0 0xffffffff
AiM MAC_ABK 16 0xffffffff 52
AiM RD_MAC 0 0xffffffff
AiM WR_BIAS 0 0xffffffff
AiM MAC_ABK 16 0xffffffff 68
AiM RD_MAC 0 0xffffffff
AiM WR_GB 16 0 0xffffffff
AiM WR_BIAS 0 0xffffffff
AiM MAC_ABK 16 0xffffffff 45
AiM RD_MAC 0 0xffffffff
AiM WR_BIAS 0 0xffffffff
AiM MAC_ABK 16 0xffffffff 61
AiM RD_MAC 0 0xffffffff
AiM WR_GB 16 0 0xffffffff
AiM WR_BIAS 0 0xffffffff
AiM MAC_ABK 16 0xffffffff 46
AiM RD_MAC 0 0xffffffff
AiM WR_BIAS 0 0xffffffff
AiM MAC_ABK 16 0xffffffff 62
AiM RD_MAC 0 0xffffffff
AiM WR_GB 16 0 0xffffffff
AiM WR_BIAS 0 0xffffffff
AiM MAC_ABK 16 0xffffffff 47
AiM RD_MAC 0 0xffffffff
AiM WR_BIAS 0 0xffffffff
AiM MAC_ABK 16 0xffffffff 63
AiM RD_MAC 0 0xffffffff
AiM WR_GB 16 0 0xffffffff
AiM WR_BIAS 0 0xffffffff
AiM MAC_ABK 16 0xffffffff 48
AiM RD_MAC 0 0xffffffff
AiM WR_BIAS 0 0xffffffff
AiM MAC_ABK 16 0xffffffff 64
AiM RD_MAC 0 0xffffffff
AiM WR_GB 16 0 0xffffffff
AiM WR_BIAS 0 0xffffffff
AiM MAC_ABK 16 0xffffffff 49
AiM RD_MAC 0 0xffffffff
AiM WR_BIAS 0 0xffffffff
AiM MAC_ABK 16 0xffffffff 65
AiM RD_MAC 0 0xffffffff
AiM WR_GB 16 0 0xffffffff
AiM WR_BIAS 0 0xffffffff
AiM MAC_ABK 16 0xffffffff 50
AiM RD_MAC 0 0xffffffff
AiM WR_BIAS 0 0xffffffff
AiM MAC_ABK 16 0xffffffff 66
AiM RD_MAC 0 0xffffffff
AiM WR_GB 16 0 0xffffffff
AiM WR_BIAS 0 0xffffffff
AiM MAC_ABK 16 0xffffffff 51
AiM RD_MAC 0 0xffffffff
AiM WR_BIAS 0 0xffffffff
AiM MAC_ABK 16 0xffffffff 67
AiM RD_MAC 0 0xffffffff
AiM WR_GB 16 0 0xffffffff
AiM WR_BIAS 0 0xffffffff
AiM MAC_ABK 16 0xffffffff 52
AiM RD_MAC 0 0xffffffff
AiM WR_BIAS 0 0xffffffff
AiM MAC_ABK 16 0xffffffff 68
AiM RD_MAC 0 0xffffffff
AiM WR_GB 16 0 0xffffffff
AiM WR_BIAS 0 0xffffffff
AiM MAC_ABK 16 0xffffffff 45
AiM RD_MAC 0 0xffffffff
AiM WR_BIAS 0 0xffffffff
AiM MAC_ABK 16 0xffffffff 61
AiM RD_MAC 0 0xffffffff
AiM WR_GB 16 0 0xffffffff
AiM WR_BIAS 0 0xffffffff
AiM MAC_ABK 16 0xffffffff 46
AiM RD_MAC 0 0xffffffff
AiM WR_BIAS 0 0xffffffff
AiM MAC_ABK 16 0xffffffff 62
AiM RD_MAC 0 0xffffffff
AiM WR_GB 16 0 0xffffffff
AiM WR_BIAS 0 0xffffffff
AiM MAC_ABK 16 0xffffffff 47
AiM RD_MAC 0 0xffffffff
AiM WR_BIAS 0 0xffffffff
AiM MAC_ABK 16 0xffffffff 63
AiM RD_MAC 0 0xffffffff
AiM WR_GB 16 0 0xffffffff
AiM WR_BIAS 0 0xffffffff
AiM MAC_ABK 16 0xffffffff 48
AiM RD_MAC 0 0xffffffff
AiM WR_BIAS 0 0xffffffff
AiM MAC_ABK 16 0xffffffff 64
AiM RD_MAC 0 0xffffffff
AiM WR_GB 16 0 0xffffffff
AiM WR_BIAS 0 0xffffffff
AiM MAC_ABK 16 0xffffffff 49
AiM RD_MAC 0 0xffffffff
AiM WR_BIAS 0 0xffffffff
AiM MAC_ABK 16 0xffffffff 65
AiM RD_MAC 0 0xffffffff
AiM WR_GB 16 0 0xffffffff
AiM WR_BIAS 0 0xffffffff
AiM MAC_ABK 16 0xffffffff 50
AiM RD_MAC 0 0xffffffff
AiM WR_BIAS 0 0xffffffff
AiM MAC_ABK 16 0xffffffff 66
AiM RD_MAC 0 0xffffffff
AiM WR_GB 16 0 0xffffffff
AiM WR_BIAS 0 0xffffffff
AiM MAC_ABK 16 0xffffffff 51
AiM RD_MAC 0 0xffffffff
AiM WR_BIAS 0 0xffffffff
AiM MAC_ABK 16 0xffffffff 67
AiM RD_MAC 0 0xffffffff
AiM WR_GB 16 0 0xffffffff
AiM WR_BIAS 0 0xffffffff
AiM MAC_ABK 16 0xffffffff 52
AiM RD_MAC 0 0xffffffff
AiM WR_BIAS 0 0xffffffff
AiM MAC_ABK 16 0xffffffff 68
AiM RD_MAC 0 0xffffffff
AiM WR_GB 16 0 0xffffffff
AiM WR_BIAS 0 0xffffffff
AiM MAC_ABK 16 0xffffffff 45
AiM RD_MAC 0 0xffffffff
AiM WR_BIAS 0 0xffffffff
AiM MAC_ABK 16 0xffffffff 61
AiM RD_MAC 0 0xffffffff
AiM WR_GB 16 0 0xffffffff
AiM WR_BIAS 0 0xffffffff
AiM MAC_ABK 16 0xffffffff 46
AiM RD_MAC 0 0xffffffff
AiM WR_BIAS 0 0xffffffff
AiM MAC_ABK 16 0xffffffff 62
AiM RD_MAC 0 0xffffffff
AiM WR_GB 16 0 0xffffffff
AiM WR_BIAS 0 0xffffffff
AiM MAC_ABK 16 0xffffffff 47
AiM RD_MAC 0 0xffffffff
AiM WR_BIAS 0 0xffffffff
AiM MAC_ABK 16 0xffffffff 63
AiM RD_MAC 0 0xffffffff
AiM WR_GB 16 0 0xffffffff
AiM WR_BIAS 0 0xffffffff
AiM MAC_ABK 16 0xffffffff 48
AiM RD_MAC 0 0xffffffff
AiM WR_BIAS 0 0xffffffff
AiM MAC_ABK 16 0xffffffff 64
AiM RD_MAC 0 0xffffffff
AiM WR_GB 16 0 0xffffffff
AiM WR_BIAS 0 0xffffffff
AiM MAC_ABK 16 0xffffffff 49
AiM RD_MAC 0 0xffffffff
AiM WR_BIAS 0 0xffffffff
AiM MAC_ABK 16 0xffffffff 65
AiM RD_MAC 0 0xffffffff
AiM WR_GB 16 0 0xffffffff
AiM WR_BIAS 0 0xffffffff
AiM MAC_ABK 16 0xffffffff 50
AiM RD_MAC 0 0xffffffff
AiM WR_BIAS 0 0xffffffff
AiM MAC_ABK 16 0xffffffff 66
AiM RD_MAC 0 0xffffffff
AiM WR_GB 16 0 0xffffffff
AiM WR_BIAS 0 0xffffffff
AiM MAC_ABK 16 0xffffffff 51
AiM RD_MAC 0 0xffffffff
AiM WR_BIAS 0 0xffffffff
AiM MAC_ABK 16 0xffffffff 67
AiM RD_MAC 0 0xffffffff
AiM WR_GB 16 0 0xffffffff
AiM WR_BIAS 0 0xffffffff
AiM MAC_ABK 16 0xffffffff 52
AiM RD_MAC 0 0xffffffff
AiM WR_BIAS 0 0xffffffff
AiM MAC_ABK 16 0xffffffff 68
AiM RD_MAC 0 0xffffffff
AiM EOC
